2026-09-30T10:54:11.8395959Z Current runner version: '2.337.0'
2026-09-30T10:54:11.8415786Z ##[group]Runner Image Provisioner
2026-09-30T10:54:11.8416299Z Hosted Compute Agent
2026-09-30T10:54:11.8416643Z Version: 20260828.587
2026-09-30T10:54:11.8416980Z Commit: abac92662cab4cc7352de4f9f9d2e2419aad9c29
2026-09-30T10:54:11.8417400Z Build Date: 2026-08-28T16:44:25Z
2026-09-30T10:54:11.8417799Z Worker ID: {69e15995-7ebf-4785-9b7d-e853501fa03a}
2026-09-30T10:54:11.8418186Z Azure Region: westus3
2026-09-30T10:54:11.8418503Z ##[endgroup]
2026-09-30T10:54:11.8419332Z ##[group]Operating System
2026-09-30T10:54:11.8419712Z Microsoft Windows Server 2022
2026-09-30T10:54:11.8420060Z 10.0.20348
2026-09-30T10:54:11.8420403Z Datacenter
2026-09-30T10:54:11.8420690Z ##[endgroup]
2026-09-30T10:54:11.8420990Z ##[group]Runner Image
2026-09-30T10:54:11.8421306Z Image: windows-2022
2026-09-30T10:54:11.8421622Z Version: 20260920.314.1
2026-09-30T10:54:11.8422586Z Included Software: https://github.com/actions/runner-images/blob/win22/20260920.314/images/windows/Windows2022-Readme.md
2026-09-30T10:54:11.8423470Z Image Release: https://github.com/actions/runner-images/releases/tag/win22%2F20260920.314
2026-09-30T10:54:11.8424016Z ##[endgroup]
2026-09-30T10:54:11.8425794Z ##[group]GITHUB_TOKEN Permissions
2026-09-30T10:54:11.8427082Z Actions: write
2026-09-30T10:54:11.8427421Z ArtifactMetadata: write
2026-09-30T10:54:11.8427771Z Attestations: write
2026-09-30T10:54:11.8428117Z Checks: write
2026-09-30T10:54:11.8428414Z CodeQuality: write
2026-09-30T10:54:11.8428722Z Contents: write
2026-09-30T10:54:11.8429021Z CopilotRequests: write
2026-09-30T10:54:11.8429421Z Deployments: write
2026-09-30T10:54:11.8429726Z Discussions: write
2026-09-30T10:54:11.8430021Z Drives: write
2026-09-30T10:54:11.8430310Z Issues: write
2026-09-30T10:54:11.8430598Z Metadata: read
2026-09-30T10:54:11.8430926Z Models: read
2026-09-30T10:54:11.8431243Z Packages: write
2026-09-30T10:54:11.8431536Z Pages: write
2026-09-30T10:54:11.8431829Z PullRequests: write
2026-09-30T10:54:11.8432179Z RepositoryProjects: write
2026-09-30T10:54:11.8432497Z SecurityEvents: write
2026-09-30T10:54:11.8432812Z Statuses: write
2026-09-30T10:54:11.8433115Z VulnerabilityAlerts: read
2026-09-30T10:54:11.8433434Z ##[endgroup]
2026-09-30T10:54:11.8434826Z Secret source: Actions
2026-09-30T10:54:11.8435308Z Cache mode: write
2026-09-30T10:54:11.8435704Z Prepare workflow directory
2026-09-30T10:54:11.8783981Z Prepare all required actions
2026-09-30T10:54:11.8817362Z Getting action download info
2026-09-30T10:54:12.2261914Z Download action repository 'actions/checkout@v4' (SHA:11d5960a326750d5838078e36cf38b85af677262)
2026-09-30T10:54:12.3228646Z Download action repository 'actions/setup-dotnet@v4' (SHA:67a3573c9a986a3f9c594539f4ab511d57bb3ce9)
2026-09-30T10:54:12.9946621Z Download action repository 'actions/upload-artifact@v4' (SHA:ea165f8d65b6e75b540449e92b4886f43607fa02)
2026-09-30T10:54:13.2484796Z Uses: JKamsker/LiteDB/.github/workflows/_reusable-ci.yml@refs/pull/133/merge (3f614aa69b15771ed1a63b8b8796172fae8b6648)
2026-09-30T10:54:13.2487845Z ##[group] Inputs
2026-09-30T10:54:13.2488130Z   tier: full
2026-09-30T10:54:13.2489515Z   sdk-matrix: [
  { "display": ".NET 8", "runtimeMajor": 8,  "sdk": "8.0.x",           "framework": "net8.0", "includePrerelease": false, "msbuildProps": "" },
  { "display": ".NET 9", "runtimeMajor": 9,  "sdk": "9.0.x\n8.0.x",    "framework": "net8.0", "includePrerelease": true,  "msbuildProps": "" },
  { "display": ".NET 10", "runtimeMajor": 10, "sdk": "10.0.x",          "framework": "net10.0", "includePrerelease": false, "msbuildProps": "" }
]

2026-09-30T10:54:13.2490916Z ##[endgroup]
2026-09-30T10:54:13.2491235Z Complete job name: build-and-test / Test (Windows net462)
2026-09-30T10:54:13.3897497Z ##[group]Run actions/checkout@v4
2026-09-30T10:54:13.3899494Z with:
2026-09-30T10:54:13.3899816Z   repository: JKamsker/LiteDB
2026-09-30T10:54:13.3902604Z   token: ***
2026-09-30T10:54:13.3902902Z   ssh-strict: true
2026-09-30T10:54:13.3904463Z   ssh-user: git
2026-09-30T10:54:13.3904802Z   persist-credentials: true
2026-09-30T10:54:13.3905135Z   clean: true
2026-09-30T10:54:13.3905455Z   sparse-checkout-cone-mode: true
2026-09-30T10:54:13.3905816Z   fetch-depth: 1
2026-09-30T10:54:13.3906180Z   fetch-tags: false
2026-09-30T10:54:13.3906555Z   show-progress: true
2026-09-30T10:54:13.3906905Z   lfs: false
2026-09-30T10:54:13.3907207Z   submodules: false
2026-09-30T10:54:13.3907552Z   set-safe-directory: true
2026-09-30T10:54:13.3907917Z   allow-unsafe-pr-checkout: false
2026-09-30T10:54:13.3908421Z env:
2026-09-30T10:54:13.3908894Z   LITEDB_RETAINED_FIXTURES: __CI_WORKSPACE__/LiteDB.Tests/TestResults/retained-fixtures
2026-09-30T10:54:13.3909537Z   XUNIT_RUNNER_VERSION: 2.9.2
2026-09-30T10:54:13.3909879Z   LITEDB_EXPECTED_RUNTIME_MAJOR: 4
2026-09-30T10:54:13.3910234Z ##[endgroup]
2026-09-30T10:54:13.4931959Z Syncing repository: JKamsker/LiteDB
2026-09-30T10:54:13.4933862Z ##[group]Getting Git version info
2026-09-30T10:54:13.4934402Z Working directory is '__CI_HOME__/work\LiteDB\LiteDB'
2026-09-30T10:54:13.5473224Z [command]"C:\Program Files\Git\bin\git.exe" version
2026-09-30T10:54:14.0473876Z git version 2.55.0.windows.5
2026-09-30T10:54:14.0507111Z ##[endgroup]
2026-09-30T10:54:14.0521572Z Temporarily overriding HOME='__CI_HOME__/work\_temp\8547d1ca-9dd3-46d8-b59d-0030f5d0552c' before making global git config changes
2026-09-30T10:54:14.0523368Z Adding repository directory to the temporary git global config as a safe directory
2026-09-30T10:54:14.0529450Z [command]"C:\Program Files\Git\bin\git.exe" config --global --add safe.directory __CI_WORKSPACE__
2026-09-30T10:54:14.1053692Z Deleting the contents of '__CI_HOME__/work\LiteDB\LiteDB'
2026-09-30T10:54:14.1057519Z ##[group]Initializing the repository
2026-09-30T10:54:14.1063865Z [command]"C:\Program Files\Git\bin\git.exe" init __CI_WORKSPACE__
2026-09-30T10:54:14.1797135Z Initialized empty Git repository in __CI_WORKSPACE__/.git/
2026-09-30T10:54:14.1830650Z [command]"C:\Program Files\Git\bin\git.exe" remote add origin https://github.com/JKamsker/LiteDB
2026-09-30T10:54:14.2359139Z ##[endgroup]
2026-09-30T10:54:14.2360548Z ##[group]Disabling automatic garbage collection
2026-09-30T10:54:14.2365056Z [command]"C:\Program Files\Git\bin\git.exe" config --local gc.auto 0
2026-09-30T10:54:14.2541043Z ##[endgroup]
2026-09-30T10:54:14.2542302Z ##[group]Setting up auth
2026-09-30T10:54:14.2549155Z [command]"C:\Program Files\Git\bin\git.exe" config --local --name-only --get-regexp core\.sshCommand
2026-09-30T10:54:14.2726160Z [command]"C:\Program Files\Git\bin\git.exe" submodule foreach --recursive "sh -c \"git config --local --name-only --get-regexp 'core\.sshCommand' && git config --local --unset-all 'core.sshCommand' || :\""
2026-09-30T10:54:15.6991297Z [command]"C:\Program Files\Git\bin\git.exe" config --local --name-only --get-regexp http\.https\:\/\/github\.com\/\.extraheader
2026-09-30T10:54:15.7172121Z [command]"C:\Program Files\Git\bin\git.exe" submodule foreach --recursive "sh -c \"git config --local --name-only --get-regexp 'http\.https\:\/\/github\.com\/\.extraheader' && git config --local --unset-all 'http.https://github.com/.extraheader' || :\""
2026-09-30T10:54:16.1251558Z [command]"C:\Program Files\Git\bin\git.exe" config --local --name-only --get-regexp ^includeIf\.gitdir:
2026-09-30T10:54:16.1549670Z [command]"C:\Program Files\Git\bin\git.exe" submodule foreach --recursive "git config --local --show-origin --name-only --get-regexp remote.origin.url"
2026-09-30T10:54:16.5626426Z [command]"C:\Program Files\Git\bin\git.exe" config --local http.https://github.com/.extraheader "AUTHORIZATION: basic ***"
2026-09-30T10:54:16.5817923Z ##[endgroup]
2026-09-30T10:54:16.5818422Z ##[group]Fetching the repository
2026-09-30T10:54:16.5829947Z [command]"C:\Program Files\Git\bin\git.exe" -c protocol.version=2 fetch --no-tags --prune --no-recurse-submodules --depth=1 origin +3f614aa69b15771ed1a63b8b8796172fae8b6648:refs/remotes/pull/133/merge
2026-09-30T10:54:18.5190210Z From https://github.com/JKamsker/LiteDB
2026-09-30T10:54:18.5191902Z  * [new ref]         3f614aa69b15771ed1a63b8b8796172fae8b6648 -> pull/133/merge
2026-09-30T10:54:18.5218304Z ##[endgroup]
2026-09-30T10:54:18.5218703Z ##[group]Determining the checkout info
2026-09-30T10:54:18.5220143Z ##[endgroup]
2026-09-30T10:54:18.5226924Z [command]"C:\Program Files\Git\bin\git.exe" sparse-checkout disable
2026-09-30T10:54:18.5571140Z [command]"C:\Program Files\Git\bin\git.exe" config --local --unset-all extensions.worktreeConfig
2026-09-30T10:54:18.5749686Z ##[group]Checking out the ref
2026-09-30T10:54:18.5756995Z [command]"C:\Program Files\Git\bin\git.exe" checkout --progress --force refs/remotes/pull/133/merge
2026-09-30T10:54:18.8263180Z Note: switching to 'refs/remotes/pull/133/merge'.
2026-09-30T10:54:18.8263526Z 
2026-09-30T10:54:18.8263718Z You are in 'detached HEAD' state. You can look around, make experimental
2026-09-30T10:54:18.8264222Z changes and commit them, and you can discard any commits you make in this
2026-09-30T10:54:18.8264776Z state without impacting any branches by switching back to a branch.
2026-09-30T10:54:18.8264985Z 
2026-09-30T10:54:18.8265103Z If you want to create a new branch to retain commits you create, you may
2026-09-30T10:54:18.8265520Z do so (now or later) by using -c with the switch command. Example:
2026-09-30T10:54:18.8265684Z 
2026-09-30T10:54:18.8265759Z   git switch -c <new-branch-name>
2026-09-30T10:54:18.8265870Z 
2026-09-30T10:54:18.8265945Z Or undo this operation with:
2026-09-30T10:54:18.8266093Z 
2026-09-30T10:54:18.8266184Z   git switch -
2026-09-30T10:54:18.8266269Z 
2026-09-30T10:54:18.8266408Z Turn off this advice by setting config variable advice.detachedHead to false
2026-09-30T10:54:18.8266616Z 
2026-09-30T10:54:18.8267581Z HEAD is now at 3f614aa Merge e821ae7479dcb83570031180b0c0e3f4fd167793 into 5dd942a7367c361fadd600be4ce10aace2768b27
2026-09-30T10:54:18.8374081Z ##[endgroup]
2026-09-30T10:54:18.8653110Z [command]"C:\Program Files\Git\bin\git.exe" log -1 --format=%H
2026-09-30T10:54:18.8812941Z 3f614aa69b15771ed1a63b8b8796172fae8b6648
2026-09-30T10:54:18.9235525Z ##[group]Run actions/setup-dotnet@v4
2026-09-30T10:54:18.9235796Z with:
2026-09-30T10:54:18.9235956Z   dotnet-version: 10.0.x
8.0.x

2026-09-30T10:54:18.9236129Z   cache: false
2026-09-30T10:54:18.9236244Z env:
2026-09-30T10:54:18.9236453Z   LITEDB_RETAINED_FIXTURES: __CI_WORKSPACE__/LiteDB.Tests/TestResults/retained-fixtures
2026-09-30T10:54:18.9236708Z   XUNIT_RUNNER_VERSION: 2.9.2
2026-09-30T10:54:18.9236859Z   LITEDB_EXPECTED_RUNTIME_MAJOR: 4
2026-09-30T10:54:18.9237003Z ##[endgroup]
2026-09-30T10:54:19.0405598Z (node:3972) [DEP0040] DeprecationWarning: The `punycode` module is deprecated. Please use a userland alternative instead.
2026-09-30T10:54:19.0406053Z (Use `node --trace-deprecation ...` to show where the warning was created)
2026-09-30T10:54:19.0846913Z [command]"C:\Program Files\PowerShell\7\pwsh.exe" -NoLogo -Sta -NoProfile -NonInteractive -ExecutionPolicy Unrestricted -Command & '__CI_HOME__/work\_actions\actions\setup-dotnet\v4\externals\install-dotnet.ps1' -SkipNonVersionedFiles -Runtime dotnet -Channel LTS
2026-09-30T10:54:20.1917044Z dotnet-install: .NET Core Runtime with version '10.0.12' is already installed.
2026-09-30T10:54:20.2843865Z [command]"C:\Program Files\PowerShell\7\pwsh.exe" -NoLogo -Sta -NoProfile -NonInteractive -ExecutionPolicy Unrestricted -Command & '__CI_HOME__/work\_actions\actions\setup-dotnet\v4\externals\install-dotnet.ps1' -SkipNonVersionedFiles -Channel 10.0
2026-09-30T10:54:20.8653732Z dotnet-install: .NET Core SDK with version '10.0.401' is already installed.
2026-09-30T10:54:20.9527982Z [command]"C:\Program Files\PowerShell\7\pwsh.exe" -NoLogo -Sta -NoProfile -NonInteractive -ExecutionPolicy Unrestricted -Command & '__CI_HOME__/work\_actions\actions\setup-dotnet\v4\externals\install-dotnet.ps1' -SkipNonVersionedFiles -Runtime dotnet -Channel LTS
2026-09-30T10:54:21.5224424Z dotnet-install: .NET Core Runtime with version '10.0.12' is already installed.
2026-09-30T10:54:21.6071865Z [command]"C:\Program Files\PowerShell\7\pwsh.exe" -NoLogo -Sta -NoProfile -NonInteractive -ExecutionPolicy Unrestricted -Command & '__CI_HOME__/work\_actions\actions\setup-dotnet\v4\externals\install-dotnet.ps1' -SkipNonVersionedFiles -Channel 8.0
2026-09-30T10:54:22.1714753Z dotnet-install: .NET Core SDK with version '8.0.425' is already installed.
2026-09-30T10:54:22.2460176Z ##[group]Run dotnet restore LiteDB.Tests/LiteDB.Tests.csproj /p:TestingEnabled=true
2026-09-30T10:54:22.2460664Z [36;1mdotnet restore LiteDB.Tests/LiteDB.Tests.csproj /p:TestingEnabled=true[0m
2026-09-30T10:54:22.2546364Z shell: C:\Program Files\PowerShell\7\pwsh.EXE -command ". '{0}'"
2026-09-30T10:54:22.2546603Z env:
2026-09-30T10:54:22.2546834Z   LITEDB_RETAINED_FIXTURES: __CI_WORKSPACE__/LiteDB.Tests/TestResults/retained-fixtures
2026-09-30T10:54:22.2547094Z   XUNIT_RUNNER_VERSION: 2.9.2
2026-09-30T10:54:22.2547244Z   LITEDB_EXPECTED_RUNTIME_MAJOR: 4
2026-09-30T10:54:22.2547398Z   DOTNET_ROOT: C:\Program Files\dotnet
2026-09-30T10:54:22.2547570Z ##[endgroup]
2026-09-30T10:54:30.0384319Z   Determining projects to restore...
2026-09-30T10:54:33.3419139Z __CI_WORKSPACE__\LiteDB\LiteDB.csproj : warning NU1510: PackageReference System.ComponentModel.TypeConverter will not be pruned. This package is automatically available and does not need to be referenced explicitly. Remove the PackageReference item. [__CI_WORKSPACE__\LiteDB.Tests\LiteDB.Tests.csproj]
2026-09-30T10:54:33.7692017Z   Restored __CI_WORKSPACE__\LiteDB.Tests.SharedMutexHarness\SharedMutexHarness.csproj (in 132 ms).
2026-09-30T10:54:53.4730597Z   Restored __CI_WORKSPACE__\LiteDB\LiteDB.csproj (in 20.12 sec).
2026-09-30T10:54:55.9278636Z   Restored __CI_WORKSPACE__\LiteDB.Tests\LiteDB.Tests.csproj (in 22.63 sec).
2026-09-30T10:54:56.0482349Z ##[group]Run dotnet build LiteDB.Tests/LiteDB.Tests.csproj --configuration Release --framework net462 --no-restore /p:TestingEnabled=true
2026-09-30T10:54:56.0482936Z [36;1mdotnet build LiteDB.Tests/LiteDB.Tests.csproj --configuration Release --framework net462 --no-restore /p:TestingEnabled=true[0m
2026-09-30T10:54:56.0507807Z shell: C:\Program Files\PowerShell\7\pwsh.EXE -command ". '{0}'"
2026-09-30T10:54:56.0508004Z env:
2026-09-30T10:54:56.0508206Z   LITEDB_RETAINED_FIXTURES: __CI_WORKSPACE__/LiteDB.Tests/TestResults/retained-fixtures
2026-09-30T10:54:56.0508448Z   XUNIT_RUNNER_VERSION: 2.9.2
2026-09-30T10:54:56.0508593Z   LITEDB_EXPECTED_RUNTIME_MAJOR: 4
2026-09-30T10:54:56.0508751Z   DOTNET_ROOT: C:\Program Files\dotnet
2026-09-30T10:54:56.0508897Z ##[endgroup]
2026-09-30T10:54:57.7263916Z __CI_WORKSPACE__\LiteDB\LiteDB.csproj : warning NU1510: PackageReference System.ComponentModel.TypeConverter will not be pruned. This package is automatically available and does not need to be referenced explicitly. Remove the PackageReference item. [TargetFramework=netstandard2.0]
2026-09-30T10:55:03.7118880Z ##[warning]__CI_WORKSPACE__\LiteDB\Client\Mapper\BsonMapper.Deserialize.cs(27,39): warning CS8632: The annotation for nullable reference types should only be used in code within a '#nullable' annotations context. [__CI_WORKSPACE__\LiteDB\LiteDB.csproj::TargetFramework=netstandard2.0]
2026-09-30T10:55:03.7125406Z ##[warning]__CI_WORKSPACE__\LiteDB\Engine\FileReader\FileReaderV8.cs(23,29): warning CS0649: Field 'FileReaderV8.PageInfo.PageType' is never assigned to, and will always have its default value [__CI_WORKSPACE__\LiteDB\LiteDB.csproj::TargetFramework=netstandard2.0]
2026-09-30T10:55:03.7127216Z ##[warning]__CI_WORKSPACE__\LiteDB\Engine\LiteEngine.cs(229,37): warning CS1734: XML comment on 'LiteEngine.InvalidDatafileState' has a paramref tag for 'checkpoint', but there is no parameter by that name [__CI_WORKSPACE__\LiteDB\LiteDB.csproj::TargetFramework=netstandard2.0]
2026-09-30T10:55:03.7129043Z ##[warning]__CI_WORKSPACE__\LiteDB\Engine\LiteEngine.cs(232,42): warning CS1734: XML comment on 'LiteEngine.InvalidDatafileState' has a paramref tag for 'final', but there is no parameter by that name [__CI_WORKSPACE__\LiteDB\LiteDB.csproj::TargetFramework=netstandard2.0]
2026-09-30T10:55:03.7708459Z   LiteDB -> __CI_WORKSPACE__\LiteDB\bin\Release\netstandard2.0\LiteDB.dll
2026-09-30T10:55:11.7121496Z ##[warning]__CI_WORKSPACE__\LiteDB.Tests\Issues\Issue1829Invocation_Tests.cs(91,58): warning CS1718: Comparison made to same variable; did you mean to compare something else? [__CI_WORKSPACE__\LiteDB.Tests\LiteDB.Tests.csproj::TargetFramework=net462]
2026-09-30T10:55:11.7124044Z ##[warning]__CI_WORKSPACE__\LiteDB.Tests\Issues\Issue1829Invocation_Tests.cs(105,57): warning CS1718: Comparison made to same variable; did you mean to compare something else? [__CI_WORKSPACE__\LiteDB.Tests\LiteDB.Tests.csproj::TargetFramework=net462]
2026-09-30T10:55:11.7125672Z ##[warning]__CI_WORKSPACE__\LiteDB.Tests\Issues\Issue2265_Tests.cs(38,20): warning CS8632: The annotation for nullable reference types should only be used in code within a '#nullable' annotations context. [__CI_WORKSPACE__\LiteDB.Tests\LiteDB.Tests.csproj::TargetFramework=net462]
2026-09-30T10:55:11.7128033Z ##[warning]__CI_WORKSPACE__\LiteDB.Tests\Engine\TransactionHandle_Tests.cs(146,32): warning xUnit1031: Test methods should not use blocking task operations, as they can cause deadlocks. Use an async test method and await instead. (https://xunit.net/xunit.analyzers/rules/xUnit1031) [__CI_WORKSPACE__\LiteDB.Tests\LiteDB.Tests.csproj::TargetFramework=net462]
2026-09-30T10:55:11.7134784Z ##[warning]__CI_WORKSPACE__\LiteDB.Tests\Engine\TransactionHandleSharedPinCancellation_Tests.cs(56,38): warning xUnit1031: Test methods should not use blocking task operations, as they can cause deadlocks. Use an async test method and await instead. (https://xunit.net/xunit.analyzers/rules/xUnit1031) [__CI_WORKSPACE__\LiteDB.Tests\LiteDB.Tests.csproj::TargetFramework=net462]
2026-09-30T10:55:11.7138971Z ##[warning]__CI_WORKSPACE__\LiteDB.Tests\Engine\TransactionHandleSharedPinCancellation_Tests.cs(57,68): warning xUnit1031: Test methods should not use blocking task operations, as they can cause deadlocks. Use an async test method and await instead. (https://xunit.net/xunit.analyzers/rules/xUnit1031) [__CI_WORKSPACE__\LiteDB.Tests\LiteDB.Tests.csproj::TargetFramework=net462]
2026-09-30T10:55:11.7142482Z ##[warning]__CI_WORKSPACE__\LiteDB.Tests\Engine\TransactionHandleSharedPinCancellation_Tests.cs(66,38): warning xUnit1031: Test methods should not use blocking task operations, as they can cause deadlocks. Use an async test method and await instead. (https://xunit.net/xunit.analyzers/rules/xUnit1031) [__CI_WORKSPACE__\LiteDB.Tests\LiteDB.Tests.csproj::TargetFramework=net462]
2026-09-30T10:55:11.7146212Z ##[warning]__CI_WORKSPACE__\LiteDB.Tests\Engine\TransactionHandleSharedAdmission_Tests.cs(48,34): warning xUnit1031: Test methods should not use blocking task operations, as they can cause deadlocks. Use an async test method and await instead. (https://xunit.net/xunit.analyzers/rules/xUnit1031) [__CI_WORKSPACE__\LiteDB.Tests\LiteDB.Tests.csproj::TargetFramework=net462]
2026-09-30T10:55:11.7149737Z ##[warning]__CI_WORKSPACE__\LiteDB.Tests\Engine\TransactionHandleSharedAdmission_Tests.cs(49,64): warning xUnit1031: Test methods should not use blocking task operations, as they can cause deadlocks. Use an async test method and await instead. (https://xunit.net/xunit.analyzers/rules/xUnit1031) [__CI_WORKSPACE__\LiteDB.Tests\LiteDB.Tests.csproj::TargetFramework=net462]
2026-09-30T10:55:11.7153388Z ##[warning]__CI_WORKSPACE__\LiteDB.Tests\Engine\TransactionHandleSharedAdmission_Tests.cs(54,22): warning xUnit1031: Test methods should not use blocking task operations, as they can cause deadlocks. Use an async test method and await instead. (https://xunit.net/xunit.analyzers/rules/xUnit1031) [__CI_WORKSPACE__\LiteDB.Tests\LiteDB.Tests.csproj::TargetFramework=net462]
2026-09-30T10:55:11.7156856Z ##[warning]__CI_WORKSPACE__\LiteDB.Tests\Engine\TransactionHandleSharedAdmission_Tests.cs(91,34): warning xUnit1031: Test methods should not use blocking task operations, as they can cause deadlocks. Use an async test method and await instead. (https://xunit.net/xunit.analyzers/rules/xUnit1031) [__CI_WORKSPACE__\LiteDB.Tests\LiteDB.Tests.csproj::TargetFramework=net462]
2026-09-30T10:55:11.7161441Z ##[warning]__CI_WORKSPACE__\LiteDB.Tests\Engine\TransactionHandleSharedAdmission_Tests.cs(92,64): warning xUnit1031: Test methods should not use blocking task operations, as they can cause deadlocks. Use an async test method and await instead. (https://xunit.net/xunit.analyzers/rules/xUnit1031) [__CI_WORKSPACE__\LiteDB.Tests\LiteDB.Tests.csproj::TargetFramework=net462]
2026-09-30T10:55:11.7164997Z ##[warning]__CI_WORKSPACE__\LiteDB.Tests\Engine\TransactionHandleRawCloseDependency_Tests.cs(33,35): warning xUnit1031: Test methods should not use blocking task operations, as they can cause deadlocks. Use an async test method and await instead. (https://xunit.net/xunit.analyzers/rules/xUnit1031) [__CI_WORKSPACE__\LiteDB.Tests\LiteDB.Tests.csproj::TargetFramework=net462]
2026-09-30T10:55:11.7168344Z ##[warning]__CI_WORKSPACE__\LiteDB.Tests\Engine\TransactionHandleDisposeSafety_Tests.cs(250,55): warning xUnit1031: Test methods should not use blocking task operations, as they can cause deadlocks. Use an async test method and await instead. (https://xunit.net/xunit.analyzers/rules/xUnit1031) [__CI_WORKSPACE__\LiteDB.Tests\LiteDB.Tests.csproj::TargetFramework=net462]
2026-09-30T10:55:11.7172526Z ##[warning]__CI_WORKSPACE__\LiteDB.Tests\Engine\TransactionHandleAdmission_Tests.cs(83,37): warning xUnit1031: Test methods should not use blocking task operations, as they can cause deadlocks. Use an async test method and await instead. (https://xunit.net/xunit.analyzers/rules/xUnit1031) [__CI_WORKSPACE__\LiteDB.Tests\LiteDB.Tests.csproj::TargetFramework=net462]
2026-09-30T10:55:11.7176052Z ##[warning]__CI_WORKSPACE__\LiteDB.Tests\Engine\TransactionHandleAdmission_Tests.cs(84,112): warning xUnit1031: Test methods should not use blocking task operations, as they can cause deadlocks. Use an async test method and await instead. (https://xunit.net/xunit.analyzers/rules/xUnit1031) [__CI_WORKSPACE__\LiteDB.Tests\LiteDB.Tests.csproj::TargetFramework=net462]
2026-09-30T10:55:11.7179632Z ##[warning]__CI_WORKSPACE__\LiteDB.Tests\Engine\TransactionHandleAdmission_Tests.cs(85,62): warning xUnit1031: Test methods should not use blocking task operations, as they can cause deadlocks. Use an async test method and await instead. (https://xunit.net/xunit.analyzers/rules/xUnit1031) [__CI_WORKSPACE__\LiteDB.Tests\LiteDB.Tests.csproj::TargetFramework=net462]
2026-09-30T10:55:11.7183234Z ##[warning]__CI_WORKSPACE__\LiteDB.Tests\Engine\TransactionHandleAdmission_Tests.cs(130,37): warning xUnit1031: Test methods should not use blocking task operations, as they can cause deadlocks. Use an async test method and await instead. (https://xunit.net/xunit.analyzers/rules/xUnit1031) [__CI_WORKSPACE__\LiteDB.Tests\LiteDB.Tests.csproj::TargetFramework=net462]
2026-09-30T10:55:11.7186703Z ##[warning]__CI_WORKSPACE__\LiteDB.Tests\Engine\TransactionHandleAdmission_Tests.cs(131,57): warning xUnit1031: Test methods should not use blocking task operations, as they can cause deadlocks. Use an async test method and await instead. (https://xunit.net/xunit.analyzers/rules/xUnit1031) [__CI_WORKSPACE__\LiteDB.Tests\LiteDB.Tests.csproj::TargetFramework=net462]
2026-09-30T10:55:11.7190292Z ##[warning]__CI_WORKSPACE__\LiteDB.Tests\Engine\TransactionHandleMaintenanceProgress_Tests.cs(81,32): warning xUnit1031: Test methods should not use blocking task operations, as they can cause deadlocks. Use an async test method and await instead. (https://xunit.net/xunit.analyzers/rules/xUnit1031) [__CI_WORKSPACE__\LiteDB.Tests\LiteDB.Tests.csproj::TargetFramework=net462]
2026-09-30T10:55:11.7193854Z ##[warning]__CI_WORKSPACE__\LiteDB.Tests\Engine\TransactionHandleMaintenanceProgress_Tests.cs(111,41): warning xUnit1031: Test methods should not use blocking task operations, as they can cause deadlocks. Use an async test method and await instead. (https://xunit.net/xunit.analyzers/rules/xUnit1031) [__CI_WORKSPACE__\LiteDB.Tests\LiteDB.Tests.csproj::TargetFramework=net462]
2026-09-30T10:55:11.7197716Z ##[warning]__CI_WORKSPACE__\LiteDB.Tests\Engine\TransactionHandleMaintenanceProgress_Tests.cs(157,41): warning xUnit1031: Test methods should not use blocking task operations, as they can cause deadlocks. Use an async test method and await instead. (https://xunit.net/xunit.analyzers/rules/xUnit1031) [__CI_WORKSPACE__\LiteDB.Tests\LiteDB.Tests.csproj::TargetFramework=net462]
2026-09-30T10:55:11.7201304Z ##[warning]__CI_WORKSPACE__\LiteDB.Tests\Engine\TransactionHandleMaintenanceProgress_Tests.cs(190,31): warning xUnit1031: Test methods should not use blocking task operations, as they can cause deadlocks. Use an async test method and await instead. (https://xunit.net/xunit.analyzers/rules/xUnit1031) [__CI_WORKSPACE__\LiteDB.Tests\LiteDB.Tests.csproj::TargetFramework=net462]
2026-09-30T10:55:11.7204654Z ##[warning]__CI_WORKSPACE__\LiteDB.Tests\Engine\SharedDisposalFailure_Tests.cs(71,35): warning xUnit1031: Test methods should not use blocking task operations, as they can cause deadlocks. Use an async test method and await instead. (https://xunit.net/xunit.analyzers/rules/xUnit1031) [__CI_WORKSPACE__\LiteDB.Tests\LiteDB.Tests.csproj::TargetFramework=net462]
2026-09-30T10:55:11.7206822Z ##[warning]__CI_WORKSPACE__\LiteDB.Tests\Engine\SharedDisposalFailure_Tests.cs(72,54): warning xUnit1031: Test methods should not use blocking task operations, as they can cause deadlocks. Use an async test method and await instead. (https://xunit.net/xunit.analyzers/rules/xUnit1031) [__CI_WORKSPACE__\LiteDB.Tests\LiteDB.Tests.csproj::TargetFramework=net462]
2026-09-30T10:55:11.7208964Z ##[warning]__CI_WORKSPACE__\LiteDB.Tests\Engine\SharedDisposalFailure_Tests.cs(73,49): warning xUnit1031: Test methods should not use blocking task operations, as they can cause deadlocks. Use an async test method and await instead. (https://xunit.net/xunit.analyzers/rules/xUnit1031) [__CI_WORKSPACE__\LiteDB.Tests\LiteDB.Tests.csproj::TargetFramework=net462]
2026-09-30T10:55:11.7210891Z ##[warning]__CI_WORKSPACE__\LiteDB.Tests\Engine\SharedDisposalFailure_Tests.cs(93,37): warning xUnit1031: Test methods should not use blocking task operations, as they can cause deadlocks. Use an async test method and await instead. (https://xunit.net/xunit.analyzers/rules/xUnit1031) [__CI_WORKSPACE__\LiteDB.Tests\LiteDB.Tests.csproj::TargetFramework=net462]
2026-09-30T10:55:11.7212840Z ##[warning]__CI_WORKSPACE__\LiteDB.Tests\Engine\SharedDisposalFailure_Tests.cs(117,23): warning xUnit1031: Test methods should not use blocking task operations, as they can cause deadlocks. Use an async test method and await instead. (https://xunit.net/xunit.analyzers/rules/xUnit1031) [__CI_WORKSPACE__\LiteDB.Tests\LiteDB.Tests.csproj::TargetFramework=net462]
2026-09-30T10:55:11.7214789Z ##[warning]__CI_WORKSPACE__\LiteDB.Tests\Engine\NativeAdmissionIsolation_Tests.cs(56,25): warning xUnit1031: Test methods should not use blocking task operations, as they can cause deadlocks. Use an async test method and await instead. (https://xunit.net/xunit.analyzers/rules/xUnit1031) [__CI_WORKSPACE__\LiteDB.Tests\LiteDB.Tests.csproj::TargetFramework=net462]
2026-09-30T10:55:11.7216815Z ##[warning]__CI_WORKSPACE__\LiteDB.Tests\Engine\NativeAdmissionIsolation_Tests.cs(65,22): warning xUnit1031: Test methods should not use blocking task operations, as they can cause deadlocks. Use an async test method and await instead. (https://xunit.net/xunit.analyzers/rules/xUnit1031) [__CI_WORKSPACE__\LiteDB.Tests\LiteDB.Tests.csproj::TargetFramework=net462]
2026-09-30T10:55:11.7220064Z ##[warning]__CI_WORKSPACE__\LiteDB.Tests\Engine\NativeAdmissionDirectContext_Tests.cs(140,38): warning xUnit1031: Test methods should not use blocking task operations, as they can cause deadlocks. Use an async test method and await instead. (https://xunit.net/xunit.analyzers/rules/xUnit1031) [__CI_WORKSPACE__\LiteDB.Tests\LiteDB.Tests.csproj::TargetFramework=net462]
2026-09-30T10:55:11.7223127Z ##[warning]__CI_WORKSPACE__\LiteDB.Tests\Engine\NativeAdmissionDirectPoolFinalizer_Tests.cs(74,13): warning xUnit2013: Do not use Assert.Equal() to check for collection size. Use Assert.Single instead. (https://xunit.net/xunit.analyzers/rules/xUnit2013) [__CI_WORKSPACE__\LiteDB.Tests\LiteDB.Tests.csproj::TargetFramework=net462]
2026-09-30T10:55:11.7225170Z ##[warning]__CI_WORKSPACE__\LiteDB.Tests\Engine\CompactSchemaCacheConcurrency_Tests.cs(96,18): warning xUnit1031: Test methods should not use blocking task operations, as they can cause deadlocks. Use an async test method and await instead. (https://xunit.net/xunit.analyzers/rules/xUnit1031) [__CI_WORKSPACE__\LiteDB.Tests\LiteDB.Tests.csproj::TargetFramework=net462]
2026-09-30T10:55:11.7227276Z ##[warning]__CI_WORKSPACE__\LiteDB.Tests\Engine\NativeAdmissionDirectContextLifetime_Tests.cs(151,37): warning xUnit1031: Test methods should not use blocking task operations, as they can cause deadlocks. Use an async test method and await instead. (https://xunit.net/xunit.analyzers/rules/xUnit1031) [__CI_WORKSPACE__\LiteDB.Tests\LiteDB.Tests.csproj::TargetFramework=net462]
2026-09-30T10:55:11.7229619Z ##[warning]__CI_WORKSPACE__\LiteDB.Tests\Internals\CacheAsync_Tests.cs(86,18): warning xUnit1031: Test methods should not use blocking task operations, as they can cause deadlocks. Use an async test method and await instead. (https://xunit.net/xunit.analyzers/rules/xUnit1031) [__CI_WORKSPACE__\LiteDB.Tests\LiteDB.Tests.csproj::TargetFramework=net462]
2026-09-30T10:55:11.7231608Z ##[warning]__CI_WORKSPACE__\LiteDB.Tests\Issues\Issue1192DirectDictionary_Tests.cs(186,13): warning xUnit2013: Do not use Assert.Equal() to check for collection size. Use Assert.Empty instead. (https://xunit.net/xunit.analyzers/rules/xUnit2013) [__CI_WORKSPACE__\LiteDB.Tests\LiteDB.Tests.csproj::TargetFramework=net462]
2026-09-30T10:55:11.7233347Z ##[warning]__CI_WORKSPACE__\LiteDB.Tests\Issues\Issue2112_Tests.cs(32,13): warning xUnit2013: Do not use Assert.Equal() to check for collection size. Use Assert.Single instead. (https://xunit.net/xunit.analyzers/rules/xUnit2013) [__CI_WORKSPACE__\LiteDB.Tests\LiteDB.Tests.csproj::TargetFramework=net462]
2026-09-30T10:55:11.7235128Z ##[warning]__CI_WORKSPACE__\LiteDB.Tests\Issues\Issue2243ReferenceSchema_Tests.cs(21,13): warning xUnit2013: Do not use Assert.Equal() to check for collection size. Use Assert.Empty instead. (https://xunit.net/xunit.analyzers/rules/xUnit2013) [__CI_WORKSPACE__\LiteDB.Tests\LiteDB.Tests.csproj::TargetFramework=net462]
2026-09-30T10:55:11.7236895Z ##[warning]__CI_WORKSPACE__\LiteDB.Tests\Issues\Issue2243ReferenceSchema_Tests.cs(22,13): warning xUnit2013: Do not use Assert.Equal() to check for collection size. Use Assert.Empty instead. (https://xunit.net/xunit.analyzers/rules/xUnit2013) [__CI_WORKSPACE__\LiteDB.Tests\LiteDB.Tests.csproj::TargetFramework=net462]
2026-09-30T10:55:11.7238726Z ##[warning]__CI_WORKSPACE__\LiteDB.Tests\Issues\Issue2848_Tests.cs(87,89): warning xUnit1031: Test methods should not use blocking task operations, as they can cause deadlocks. Use an async test method and await instead. (https://xunit.net/xunit.analyzers/rules/xUnit1031) [__CI_WORKSPACE__\LiteDB.Tests\LiteDB.Tests.csproj::TargetFramework=net462]
2026-09-30T10:55:11.7240679Z ##[warning]__CI_WORKSPACE__\LiteDB.Tests\Issues\Issue2814_Tests.cs(57,26): warning xUnit1031: Test methods should not use blocking task operations, as they can cause deadlocks. Use an async test method and await instead. (https://xunit.net/xunit.analyzers/rules/xUnit1031) [__CI_WORKSPACE__\LiteDB.Tests\LiteDB.Tests.csproj::TargetFramework=net462]
2026-09-30T10:55:11.7242593Z ##[warning]__CI_WORKSPACE__\LiteDB.Tests\Issues\Issue2814Admission_Tests.cs(56,78): warning xUnit1031: Test methods should not use blocking task operations, as they can cause deadlocks. Use an async test method and await instead. (https://xunit.net/xunit.analyzers/rules/xUnit1031) [__CI_WORKSPACE__\LiteDB.Tests\LiteDB.Tests.csproj::TargetFramework=net462]
2026-09-30T10:55:11.7244660Z ##[warning]__CI_WORKSPACE__\LiteDB.Tests\Issues\Issue2792SnapshotPublication_Tests.cs(65,57): warning xUnit1031: Test methods should not use blocking task operations, as they can cause deadlocks. Use an async test method and await instead. (https://xunit.net/xunit.analyzers/rules/xUnit1031) [__CI_WORKSPACE__\LiteDB.Tests\LiteDB.Tests.csproj::TargetFramework=net462]
2026-09-30T10:55:11.7246633Z ##[warning]__CI_WORKSPACE__\LiteDB.Tests\Issues\Issue2792SnapshotPublication_Tests.cs(66,37): warning xUnit1031: Test methods should not use blocking task operations, as they can cause deadlocks. Use an async test method and await instead. (https://xunit.net/xunit.analyzers/rules/xUnit1031) [__CI_WORKSPACE__\LiteDB.Tests\LiteDB.Tests.csproj::TargetFramework=net462]
2026-09-30T10:55:11.7248650Z ##[warning]__CI_WORKSPACE__\LiteDB.Tests\Issues\Issue2792_Tests.cs(48,24): warning xUnit1031: Test methods should not use blocking task operations, as they can cause deadlocks. Use an async test method and await instead. (https://xunit.net/xunit.analyzers/rules/xUnit1031) [__CI_WORKSPACE__\LiteDB.Tests\LiteDB.Tests.csproj::TargetFramework=net462]
2026-09-30T10:55:11.7250540Z ##[warning]__CI_WORKSPACE__\LiteDB.Tests\Issues\Issue2792_Tests.cs(53,24): warning xUnit1031: Test methods should not use blocking task operations, as they can cause deadlocks. Use an async test method and await instead. (https://xunit.net/xunit.analyzers/rules/xUnit1031) [__CI_WORKSPACE__\LiteDB.Tests\LiteDB.Tests.csproj::TargetFramework=net462]
2026-09-30T10:55:11.7254837Z ##[warning]__CI_WORKSPACE__\LiteDB.Tests\Issues\Issue2792_Tests.cs(54,44): warning xUnit1031: Test methods should not use blocking task operations, as they can cause deadlocks. Use an async test method and await instead. (https://xunit.net/xunit.analyzers/rules/xUnit1031) [__CI_WORKSPACE__\LiteDB.Tests\LiteDB.Tests.csproj::TargetFramework=net462]
2026-09-30T10:55:11.7258688Z ##[warning]__CI_WORKSPACE__\LiteDB.Tests\Issues\Issue2790ReaderLease_Tests.cs(43,37): warning xUnit1030: Test methods should not call ConfigureAwait(false), as it may bypass parallelization limits. Omit ConfigureAwait, or use ConfigureAwait(true) to avoid CA2007. (https://xunit.net/xunit.analyzers/rules/xUnit1030) [__CI_WORKSPACE__\LiteDB.Tests\LiteDB.Tests.csproj::TargetFramework=net462]
2026-09-30T10:55:11.7262260Z ##[warning]__CI_WORKSPACE__\LiteDB.Tests\Issues\Issue2792_Tests.cs(59,24): warning xUnit1031: Test methods should not use blocking task operations, as they can cause deadlocks. Use an async test method and await instead. (https://xunit.net/xunit.analyzers/rules/xUnit1031) [__CI_WORKSPACE__\LiteDB.Tests\LiteDB.Tests.csproj::TargetFramework=net462]
2026-09-30T10:55:11.7265676Z ##[warning]__CI_WORKSPACE__\LiteDB.Tests\Issues\Issue2792_Tests.cs(60,24): warning xUnit1031: Test methods should not use blocking task operations, as they can cause deadlocks. Use an async test method and await instead. (https://xunit.net/xunit.analyzers/rules/xUnit1031) [__CI_WORKSPACE__\LiteDB.Tests\LiteDB.Tests.csproj::TargetFramework=net462]
2026-09-30T10:55:11.7269006Z ##[warning]__CI_WORKSPACE__\LiteDB.Tests\Issues\Issue2324_Tests.cs(64,33): warning xUnit1031: Test methods should not use blocking task operations, as they can cause deadlocks. Use an async test method and await instead. (https://xunit.net/xunit.analyzers/rules/xUnit1031) [__CI_WORKSPACE__\LiteDB.Tests\LiteDB.Tests.csproj::TargetFramework=net462]
2026-09-30T10:55:11.8824667Z   LiteDB.Tests -> __CI_WORKSPACE__\LiteDB.Tests\bin\Release\net462\LiteDB.Tests.dll
2026-09-30T10:55:11.9297142Z 
2026-09-30T10:55:11.9301827Z Build succeeded.
2026-09-30T10:55:11.9303336Z 
2026-09-30T10:55:11.9336655Z __CI_WORKSPACE__\LiteDB\LiteDB.csproj : warning NU1510: PackageReference System.ComponentModel.TypeConverter will not be pruned. This package is automatically available and does not need to be referenced explicitly. Remove the PackageReference item. [TargetFramework=netstandard2.0]
2026-09-30T10:55:11.9340941Z ##[warning]__CI_WORKSPACE__\LiteDB\Client\Mapper\BsonMapper.Deserialize.cs(27,39): warning CS8632: The annotation for nullable reference types should only be used in code within a '#nullable' annotations context. [__CI_WORKSPACE__\LiteDB\LiteDB.csproj::TargetFramework=netstandard2.0]
2026-09-30T10:55:11.9343844Z ##[warning]__CI_WORKSPACE__\LiteDB\Engine\FileReader\FileReaderV8.cs(23,29): warning CS0649: Field 'FileReaderV8.PageInfo.PageType' is never assigned to, and will always have its default value [__CI_WORKSPACE__\LiteDB\LiteDB.csproj::TargetFramework=netstandard2.0]
2026-09-30T10:55:11.9346540Z ##[warning]__CI_WORKSPACE__\LiteDB\Engine\LiteEngine.cs(229,37): warning CS1734: XML comment on 'LiteEngine.InvalidDatafileState' has a paramref tag for 'checkpoint', but there is no parameter by that name [__CI_WORKSPACE__\LiteDB\LiteDB.csproj::TargetFramework=netstandard2.0]
2026-09-30T10:55:11.9349158Z ##[warning]__CI_WORKSPACE__\LiteDB\Engine\LiteEngine.cs(232,42): warning CS1734: XML comment on 'LiteEngine.InvalidDatafileState' has a paramref tag for 'final', but there is no parameter by that name [__CI_WORKSPACE__\LiteDB\LiteDB.csproj::TargetFramework=netstandard2.0]
2026-09-30T10:55:11.9351502Z ##[warning]__CI_WORKSPACE__\LiteDB.Tests\Issues\Issue1829Invocation_Tests.cs(91,58): warning CS1718: Comparison made to same variable; did you mean to compare something else? [__CI_WORKSPACE__\LiteDB.Tests\LiteDB.Tests.csproj::TargetFramework=net462]
2026-09-30T10:55:11.9353957Z ##[warning]__CI_WORKSPACE__\LiteDB.Tests\Issues\Issue1829Invocation_Tests.cs(105,57): warning CS1718: Comparison made to same variable; did you mean to compare something else? [__CI_WORKSPACE__\LiteDB.Tests\LiteDB.Tests.csproj::TargetFramework=net462]
2026-09-30T10:55:11.9356546Z ##[warning]__CI_WORKSPACE__\LiteDB.Tests\Issues\Issue2265_Tests.cs(38,20): warning CS8632: The annotation for nullable reference types should only be used in code within a '#nullable' annotations context. [__CI_WORKSPACE__\LiteDB.Tests\LiteDB.Tests.csproj::TargetFramework=net462]
2026-09-30T10:55:11.9359744Z ##[warning]__CI_WORKSPACE__\LiteDB.Tests\Engine\TransactionHandle_Tests.cs(146,32): warning xUnit1031: Test methods should not use blocking task operations, as they can cause deadlocks. Use an async test method and await instead. (https://xunit.net/xunit.analyzers/rules/xUnit1031) [__CI_WORKSPACE__\LiteDB.Tests\LiteDB.Tests.csproj::TargetFramework=net462]
2026-09-30T10:55:11.9363035Z ##[warning]__CI_WORKSPACE__\LiteDB.Tests\Engine\TransactionHandleSharedPinCancellation_Tests.cs(56,38): warning xUnit1031: Test methods should not use blocking task operations, as they can cause deadlocks. Use an async test method and await instead. (https://xunit.net/xunit.analyzers/rules/xUnit1031) [__CI_WORKSPACE__\LiteDB.Tests\LiteDB.Tests.csproj::TargetFramework=net462]
2026-09-30T10:55:11.9366348Z ##[warning]__CI_WORKSPACE__\LiteDB.Tests\Engine\TransactionHandleSharedPinCancellation_Tests.cs(57,68): warning xUnit1031: Test methods should not use blocking task operations, as they can cause deadlocks. Use an async test method and await instead. (https://xunit.net/xunit.analyzers/rules/xUnit1031) [__CI_WORKSPACE__\LiteDB.Tests\LiteDB.Tests.csproj::TargetFramework=net462]
2026-09-30T10:55:11.9369650Z ##[warning]__CI_WORKSPACE__\LiteDB.Tests\Engine\TransactionHandleSharedPinCancellation_Tests.cs(66,38): warning xUnit1031: Test methods should not use blocking task operations, as they can cause deadlocks. Use an async test method and await instead. (https://xunit.net/xunit.analyzers/rules/xUnit1031) [__CI_WORKSPACE__\LiteDB.Tests\LiteDB.Tests.csproj::TargetFramework=net462]
2026-09-30T10:55:11.9373061Z ##[warning]__CI_WORKSPACE__\LiteDB.Tests\Engine\TransactionHandleSharedAdmission_Tests.cs(48,34): warning xUnit1031: Test methods should not use blocking task operations, as they can cause deadlocks. Use an async test method and await instead. (https://xunit.net/xunit.analyzers/rules/xUnit1031) [__CI_WORKSPACE__\LiteDB.Tests\LiteDB.Tests.csproj::TargetFramework=net462]
2026-09-30T10:55:11.9376614Z ##[warning]__CI_WORKSPACE__\LiteDB.Tests\Engine\TransactionHandleSharedAdmission_Tests.cs(49,64): warning xUnit1031: Test methods should not use blocking task operations, as they can cause deadlocks. Use an async test method and await instead. (https://xunit.net/xunit.analyzers/rules/xUnit1031) [__CI_WORKSPACE__\LiteDB.Tests\LiteDB.Tests.csproj::TargetFramework=net462]
2026-09-30T10:55:11.9379799Z ##[warning]__CI_WORKSPACE__\LiteDB.Tests\Engine\TransactionHandleSharedAdmission_Tests.cs(54,22): warning xUnit1031: Test methods should not use blocking task operations, as they can cause deadlocks. Use an async test method and await instead. (https://xunit.net/xunit.analyzers/rules/xUnit1031) [__CI_WORKSPACE__\LiteDB.Tests\LiteDB.Tests.csproj::TargetFramework=net462]
2026-09-30T10:55:11.9383136Z ##[warning]__CI_WORKSPACE__\LiteDB.Tests\Engine\TransactionHandleSharedAdmission_Tests.cs(91,34): warning xUnit1031: Test methods should not use blocking task operations, as they can cause deadlocks. Use an async test method and await instead. (https://xunit.net/xunit.analyzers/rules/xUnit1031) [__CI_WORKSPACE__\LiteDB.Tests\LiteDB.Tests.csproj::TargetFramework=net462]
2026-09-30T10:55:11.9386445Z ##[warning]__CI_WORKSPACE__\LiteDB.Tests\Engine\TransactionHandleSharedAdmission_Tests.cs(92,64): warning xUnit1031: Test methods should not use blocking task operations, as they can cause deadlocks. Use an async test method and await instead. (https://xunit.net/xunit.analyzers/rules/xUnit1031) [__CI_WORKSPACE__\LiteDB.Tests\LiteDB.Tests.csproj::TargetFramework=net462]
2026-09-30T10:55:11.9389817Z ##[warning]__CI_WORKSPACE__\LiteDB.Tests\Engine\TransactionHandleRawCloseDependency_Tests.cs(33,35): warning xUnit1031: Test methods should not use blocking task operations, as they can cause deadlocks. Use an async test method and await instead. (https://xunit.net/xunit.analyzers/rules/xUnit1031) [__CI_WORKSPACE__\LiteDB.Tests\LiteDB.Tests.csproj::TargetFramework=net462]
2026-09-30T10:55:11.9393071Z ##[warning]__CI_WORKSPACE__\LiteDB.Tests\Engine\TransactionHandleDisposeSafety_Tests.cs(250,55): warning xUnit1031: Test methods should not use blocking task operations, as they can cause deadlocks. Use an async test method and await instead. (https://xunit.net/xunit.analyzers/rules/xUnit1031) [__CI_WORKSPACE__\LiteDB.Tests\LiteDB.Tests.csproj::TargetFramework=net462]
2026-09-30T10:55:11.9396350Z ##[warning]__CI_WORKSPACE__\LiteDB.Tests\Engine\TransactionHandleAdmission_Tests.cs(83,37): warning xUnit1031: Test methods should not use blocking task operations, as they can cause deadlocks. Use an async test method and await instead. (https://xunit.net/xunit.analyzers/rules/xUnit1031) [__CI_WORKSPACE__\LiteDB.Tests\LiteDB.Tests.csproj::TargetFramework=net462]
2026-09-30T10:55:11.9399674Z ##[warning]__CI_WORKSPACE__\LiteDB.Tests\Engine\TransactionHandleAdmission_Tests.cs(84,112): warning xUnit1031: Test methods should not use blocking task operations, as they can cause deadlocks. Use an async test method and await instead. (https://xunit.net/xunit.analyzers/rules/xUnit1031) [__CI_WORKSPACE__\LiteDB.Tests\LiteDB.Tests.csproj::TargetFramework=net462]
2026-09-30T10:55:11.9402977Z ##[warning]__CI_WORKSPACE__\LiteDB.Tests\Engine\TransactionHandleAdmission_Tests.cs(85,62): warning xUnit1031: Test methods should not use blocking task operations, as they can cause deadlocks. Use an async test method and await instead. (https://xunit.net/xunit.analyzers/rules/xUnit1031) [__CI_WORKSPACE__\LiteDB.Tests\LiteDB.Tests.csproj::TargetFramework=net462]
2026-09-30T10:55:11.9406331Z ##[warning]__CI_WORKSPACE__\LiteDB.Tests\Engine\TransactionHandleAdmission_Tests.cs(130,37): warning xUnit1031: Test methods should not use blocking task operations, as they can cause deadlocks. Use an async test method and await instead. (https://xunit.net/xunit.analyzers/rules/xUnit1031) [__CI_WORKSPACE__\LiteDB.Tests\LiteDB.Tests.csproj::TargetFramework=net462]
2026-09-30T10:55:11.9409862Z ##[warning]__CI_WORKSPACE__\LiteDB.Tests\Engine\TransactionHandleAdmission_Tests.cs(131,57): warning xUnit1031: Test methods should not use blocking task operations, as they can cause deadlocks. Use an async test method and await instead. (https://xunit.net/xunit.analyzers/rules/xUnit1031) [__CI_WORKSPACE__\LiteDB.Tests\LiteDB.Tests.csproj::TargetFramework=net462]
2026-09-30T10:55:11.9413326Z ##[warning]__CI_WORKSPACE__\LiteDB.Tests\Engine\TransactionHandleMaintenanceProgress_Tests.cs(81,32): warning xUnit1031: Test methods should not use blocking task operations, as they can cause deadlocks. Use an async test method and await instead. (https://xunit.net/xunit.analyzers/rules/xUnit1031) [__CI_WORKSPACE__\LiteDB.Tests\LiteDB.Tests.csproj::TargetFramework=net462]
2026-09-30T10:55:11.9416632Z ##[warning]__CI_WORKSPACE__\LiteDB.Tests\Engine\TransactionHandleMaintenanceProgress_Tests.cs(111,41): warning xUnit1031: Test methods should not use blocking task operations, as they can cause deadlocks. Use an async test method and await instead. (https://xunit.net/xunit.analyzers/rules/xUnit1031) [__CI_WORKSPACE__\LiteDB.Tests\LiteDB.Tests.csproj::TargetFramework=net462]
2026-09-30T10:55:11.9420150Z ##[warning]__CI_WORKSPACE__\LiteDB.Tests\Engine\TransactionHandleMaintenanceProgress_Tests.cs(157,41): warning xUnit1031: Test methods should not use blocking task operations, as they can cause deadlocks. Use an async test method and await instead. (https://xunit.net/xunit.analyzers/rules/xUnit1031) [__CI_WORKSPACE__\LiteDB.Tests\LiteDB.Tests.csproj::TargetFramework=net462]
2026-09-30T10:55:11.9423424Z ##[warning]__CI_WORKSPACE__\LiteDB.Tests\Engine\TransactionHandleMaintenanceProgress_Tests.cs(190,31): warning xUnit1031: Test methods should not use blocking task operations, as they can cause deadlocks. Use an async test method and await instead. (https://xunit.net/xunit.analyzers/rules/xUnit1031) [__CI_WORKSPACE__\LiteDB.Tests\LiteDB.Tests.csproj::TargetFramework=net462]
2026-09-30T10:55:11.9425674Z ##[warning]__CI_WORKSPACE__\LiteDB.Tests\Engine\SharedDisposalFailure_Tests.cs(71,35): warning xUnit1031: Test methods should not use blocking task operations, as they can cause deadlocks. Use an async test method and await instead. (https://xunit.net/xunit.analyzers/rules/xUnit1031) [__CI_WORKSPACE__\LiteDB.Tests\LiteDB.Tests.csproj::TargetFramework=net462]
2026-09-30T10:55:11.9427886Z ##[warning]__CI_WORKSPACE__\LiteDB.Tests\Engine\SharedDisposalFailure_Tests.cs(72,54): warning xUnit1031: Test methods should not use blocking task operations, as they can cause deadlocks. Use an async test method and await instead. (https://xunit.net/xunit.analyzers/rules/xUnit1031) [__CI_WORKSPACE__\LiteDB.Tests\LiteDB.Tests.csproj::TargetFramework=net462]
2026-09-30T10:55:11.9430649Z ##[warning]__CI_WORKSPACE__\LiteDB.Tests\Engine\SharedDisposalFailure_Tests.cs(73,49): warning xUnit1031: Test methods should not use blocking task operations, as they can cause deadlocks. Use an async test method and await instead. (https://xunit.net/xunit.analyzers/rules/xUnit1031) [__CI_WORKSPACE__\LiteDB.Tests\LiteDB.Tests.csproj::TargetFramework=net462]
2026-09-30T10:55:11.9434011Z ##[warning]__CI_WORKSPACE__\LiteDB.Tests\Engine\SharedDisposalFailure_Tests.cs(93,37): warning xUnit1031: Test methods should not use blocking task operations, as they can cause deadlocks. Use an async test method and await instead. (https://xunit.net/xunit.analyzers/rules/xUnit1031) [__CI_WORKSPACE__\LiteDB.Tests\LiteDB.Tests.csproj::TargetFramework=net462]
2026-09-30T10:55:11.9437027Z ##[warning]__CI_WORKSPACE__\LiteDB.Tests\Engine\SharedDisposalFailure_Tests.cs(117,23): warning xUnit1031: Test methods should not use blocking task operations, as they can cause deadlocks. Use an async test method and await instead. (https://xunit.net/xunit.analyzers/rules/xUnit1031) [__CI_WORKSPACE__\LiteDB.Tests\LiteDB.Tests.csproj::TargetFramework=net462]
2026-09-30T10:55:11.9440106Z ##[warning]__CI_WORKSPACE__\LiteDB.Tests\Engine\NativeAdmissionIsolation_Tests.cs(56,25): warning xUnit1031: Test methods should not use blocking task operations, as they can cause deadlocks. Use an async test method and await instead. (https://xunit.net/xunit.analyzers/rules/xUnit1031) [__CI_WORKSPACE__\LiteDB.Tests\LiteDB.Tests.csproj::TargetFramework=net462]
2026-09-30T10:55:11.9443386Z ##[warning]__CI_WORKSPACE__\LiteDB.Tests\Engine\NativeAdmissionIsolation_Tests.cs(65,22): warning xUnit1031: Test methods should not use blocking task operations, as they can cause deadlocks. Use an async test method and await instead. (https://xunit.net/xunit.analyzers/rules/xUnit1031) [__CI_WORKSPACE__\LiteDB.Tests\LiteDB.Tests.csproj::TargetFramework=net462]
2026-09-30T10:55:11.9446729Z ##[warning]__CI_WORKSPACE__\LiteDB.Tests\Engine\NativeAdmissionDirectContext_Tests.cs(140,38): warning xUnit1031: Test methods should not use blocking task operations, as they can cause deadlocks. Use an async test method and await instead. (https://xunit.net/xunit.analyzers/rules/xUnit1031) [__CI_WORKSPACE__\LiteDB.Tests\LiteDB.Tests.csproj::TargetFramework=net462]
2026-09-30T10:55:11.9449805Z ##[warning]__CI_WORKSPACE__\LiteDB.Tests\Engine\NativeAdmissionDirectPoolFinalizer_Tests.cs(74,13): warning xUnit2013: Do not use Assert.Equal() to check for collection size. Use Assert.Single instead. (https://xunit.net/xunit.analyzers/rules/xUnit2013) [__CI_WORKSPACE__\LiteDB.Tests\LiteDB.Tests.csproj::TargetFramework=net462]
2026-09-30T10:55:11.9453615Z ##[warning]__CI_WORKSPACE__\LiteDB.Tests\Engine\CompactSchemaCacheConcurrency_Tests.cs(96,18): warning xUnit1031: Test methods should not use blocking task operations, as they can cause deadlocks. Use an async test method and await instead. (https://xunit.net/xunit.analyzers/rules/xUnit1031) [__CI_WORKSPACE__\LiteDB.Tests\LiteDB.Tests.csproj::TargetFramework=net462]
2026-09-30T10:55:11.9456828Z ##[warning]__CI_WORKSPACE__\LiteDB.Tests\Engine\NativeAdmissionDirectContextLifetime_Tests.cs(151,37): warning xUnit1031: Test methods should not use blocking task operations, as they can cause deadlocks. Use an async test method and await instead. (https://xunit.net/xunit.analyzers/rules/xUnit1031) [__CI_WORKSPACE__\LiteDB.Tests\LiteDB.Tests.csproj::TargetFramework=net462]
2026-09-30T10:55:11.9458833Z ##[warning]__CI_WORKSPACE__\LiteDB.Tests\Internals\CacheAsync_Tests.cs(86,18): warning xUnit1031: Test methods should not use blocking task operations, as they can cause deadlocks. Use an async test method and await instead. (https://xunit.net/xunit.analyzers/rules/xUnit1031) [__CI_WORKSPACE__\LiteDB.Tests\LiteDB.Tests.csproj::TargetFramework=net462]
2026-09-30T10:55:11.9460635Z ##[warning]__CI_WORKSPACE__\LiteDB.Tests\Issues\Issue1192DirectDictionary_Tests.cs(186,13): warning xUnit2013: Do not use Assert.Equal() to check for collection size. Use Assert.Empty instead. (https://xunit.net/xunit.analyzers/rules/xUnit2013) [__CI_WORKSPACE__\LiteDB.Tests\LiteDB.Tests.csproj::TargetFramework=net462]
2026-09-30T10:55:11.9462294Z ##[warning]__CI_WORKSPACE__\LiteDB.Tests\Issues\Issue2112_Tests.cs(32,13): warning xUnit2013: Do not use Assert.Equal() to check for collection size. Use Assert.Single instead. (https://xunit.net/xunit.analyzers/rules/xUnit2013) [__CI_WORKSPACE__\LiteDB.Tests\LiteDB.Tests.csproj::TargetFramework=net462]
2026-09-30T10:55:11.9463946Z ##[warning]__CI_WORKSPACE__\LiteDB.Tests\Issues\Issue2243ReferenceSchema_Tests.cs(21,13): warning xUnit2013: Do not use Assert.Equal() to check for collection size. Use Assert.Empty instead. (https://xunit.net/xunit.analyzers/rules/xUnit2013) [__CI_WORKSPACE__\LiteDB.Tests\LiteDB.Tests.csproj::TargetFramework=net462]
2026-09-30T10:55:11.9465611Z ##[warning]__CI_WORKSPACE__\LiteDB.Tests\Issues\Issue2243ReferenceSchema_Tests.cs(22,13): warning xUnit2013: Do not use Assert.Equal() to check for collection size. Use Assert.Empty instead. (https://xunit.net/xunit.analyzers/rules/xUnit2013) [__CI_WORKSPACE__\LiteDB.Tests\LiteDB.Tests.csproj::TargetFramework=net462]
2026-09-30T10:55:11.9467568Z ##[warning]__CI_WORKSPACE__\LiteDB.Tests\Issues\Issue2848_Tests.cs(87,89): warning xUnit1031: Test methods should not use blocking task operations, as they can cause deadlocks. Use an async test method and await instead. (https://xunit.net/xunit.analyzers/rules/xUnit1031) [__CI_WORKSPACE__\LiteDB.Tests\LiteDB.Tests.csproj::TargetFramework=net462]
2026-09-30T10:55:11.9469442Z ##[warning]__CI_WORKSPACE__\LiteDB.Tests\Issues\Issue2814_Tests.cs(57,26): warning xUnit1031: Test methods should not use blocking task operations, as they can cause deadlocks. Use an async test method and await instead. (https://xunit.net/xunit.analyzers/rules/xUnit1031) [__CI_WORKSPACE__\LiteDB.Tests\LiteDB.Tests.csproj::TargetFramework=net462]
2026-09-30T10:55:11.9471338Z ##[warning]__CI_WORKSPACE__\LiteDB.Tests\Issues\Issue2814Admission_Tests.cs(56,78): warning xUnit1031: Test methods should not use blocking task operations, as they can cause deadlocks. Use an async test method and await instead. (https://xunit.net/xunit.analyzers/rules/xUnit1031) [__CI_WORKSPACE__\LiteDB.Tests\LiteDB.Tests.csproj::TargetFramework=net462]
2026-09-30T10:55:11.9473360Z ##[warning]__CI_WORKSPACE__\LiteDB.Tests\Issues\Issue2792SnapshotPublication_Tests.cs(65,57): warning xUnit1031: Test methods should not use blocking task operations, as they can cause deadlocks. Use an async test method and await instead. (https://xunit.net/xunit.analyzers/rules/xUnit1031) [__CI_WORKSPACE__\LiteDB.Tests\LiteDB.Tests.csproj::TargetFramework=net462]
2026-09-30T10:55:11.9475424Z ##[warning]__CI_WORKSPACE__\LiteDB.Tests\Issues\Issue2792SnapshotPublication_Tests.cs(66,37): warning xUnit1031: Test methods should not use blocking task operations, as they can cause deadlocks. Use an async test method and await instead. (https://xunit.net/xunit.analyzers/rules/xUnit1031) [__CI_WORKSPACE__\LiteDB.Tests\LiteDB.Tests.csproj::TargetFramework=net462]
2026-09-30T10:55:11.9477357Z ##[warning]__CI_WORKSPACE__\LiteDB.Tests\Issues\Issue2792_Tests.cs(48,24): warning xUnit1031: Test methods should not use blocking task operations, as they can cause deadlocks. Use an async test method and await instead. (https://xunit.net/xunit.analyzers/rules/xUnit1031) [__CI_WORKSPACE__\LiteDB.Tests\LiteDB.Tests.csproj::TargetFramework=net462]
2026-09-30T10:55:11.9479201Z ##[warning]__CI_WORKSPACE__\LiteDB.Tests\Issues\Issue2792_Tests.cs(53,24): warning xUnit1031: Test methods should not use blocking task operations, as they can cause deadlocks. Use an async test method and await instead. (https://xunit.net/xunit.analyzers/rules/xUnit1031) [__CI_WORKSPACE__\LiteDB.Tests\LiteDB.Tests.csproj::TargetFramework=net462]
2026-09-30T10:55:11.9481047Z ##[warning]__CI_WORKSPACE__\LiteDB.Tests\Issues\Issue2792_Tests.cs(54,44): warning xUnit1031: Test methods should not use blocking task operations, as they can cause deadlocks. Use an async test method and await instead. (https://xunit.net/xunit.analyzers/rules/xUnit1031) [__CI_WORKSPACE__\LiteDB.Tests\LiteDB.Tests.csproj::TargetFramework=net462]
2026-09-30T10:55:11.9483067Z ##[warning]__CI_WORKSPACE__\LiteDB.Tests\Issues\Issue2790ReaderLease_Tests.cs(43,37): warning xUnit1030: Test methods should not call ConfigureAwait(false), as it may bypass parallelization limits. Omit ConfigureAwait, or use ConfigureAwait(true) to avoid CA2007. (https://xunit.net/xunit.analyzers/rules/xUnit1030) [__CI_WORKSPACE__\LiteDB.Tests\LiteDB.Tests.csproj::TargetFramework=net462]
2026-09-30T10:55:11.9484987Z ##[warning]__CI_WORKSPACE__\LiteDB.Tests\Issues\Issue2792_Tests.cs(59,24): warning xUnit1031: Test methods should not use blocking task operations, as they can cause deadlocks. Use an async test method and await instead. (https://xunit.net/xunit.analyzers/rules/xUnit1031) [__CI_WORKSPACE__\LiteDB.Tests\LiteDB.Tests.csproj::TargetFramework=net462]
2026-09-30T10:55:11.9486834Z ##[warning]__CI_WORKSPACE__\LiteDB.Tests\Issues\Issue2792_Tests.cs(60,24): warning xUnit1031: Test methods should not use blocking task operations, as they can cause deadlocks. Use an async test method and await instead. (https://xunit.net/xunit.analyzers/rules/xUnit1031) [__CI_WORKSPACE__\LiteDB.Tests\LiteDB.Tests.csproj::TargetFramework=net462]
2026-09-30T10:55:11.9488767Z ##[warning]__CI_WORKSPACE__\LiteDB.Tests\Issues\Issue2324_Tests.cs(64,33): warning xUnit1031: Test methods should not use blocking task operations, as they can cause deadlocks. Use an async test method and await instead. (https://xunit.net/xunit.analyzers/rules/xUnit1031) [__CI_WORKSPACE__\LiteDB.Tests\LiteDB.Tests.csproj::TargetFramework=net462]
2026-09-30T10:55:11.9489653Z     56 Warning(s)
2026-09-30T10:55:11.9489779Z     0 Error(s)
2026-09-30T10:55:11.9489871Z 
2026-09-30T10:55:11.9489948Z Time Elapsed 00:00:15.36
2026-09-30T10:55:12.0560558Z ##[group]Run $framework = 'net462'
2026-09-30T10:55:12.0560830Z [36;1m$framework = 'net462'[0m
2026-09-30T10:55:12.0561193Z [36;1m$runner = Join-Path $env:USERPROFILE ".nuget\packages\xunit.runner.console\$env:XUNIT_RUNNER_VERSION\tools\$framework\xunit.console.exe"[0m
2026-09-30T10:55:12.0561623Z [36;1m$assembly = "LiteDB.Tests\bin\Release\$framework\LiteDB.Tests.dll"[0m
2026-09-30T10:55:12.0561972Z [36;1m$results = "LiteDB.Tests\TestResults\TestResults-$framework.xml"[0m
2026-09-30T10:55:12.0562283Z [36;1mNew-Item -ItemType Directory -Force (Split-Path $results) | Out-Null[0m
2026-09-30T10:55:12.0562555Z [36;1m# Record what this leg tested for the Safety evidence job.[0m
2026-09-30T10:55:12.0562754Z [36;1m[ordered]@{[0m
2026-09-30T10:55:12.0562997Z [36;1m  schemaVersion = 1; job = $env:GITHUB_JOB; matrix = ($env:LITEDB_EVIDENCE_MATRIX | ConvertFrom-Json)[0m
2026-09-30T10:55:12.0563406Z [36;1m  sha = (git rev-parse HEAD); tree = (git rev-parse 'HEAD^{tree}'); buildSha = (git rev-parse HEAD)[0m
2026-09-30T10:55:12.0563713Z [36;1m  framework = $framework; format = 'xunit'; discovery = $null[0m
2026-09-30T10:55:12.0563964Z [36;1m  partitions = [ordered]@{ all = "TestResults-$framework.xml" }[0m
2026-09-30T10:55:12.0564297Z [36;1m} | ConvertTo-Json -Depth 8 | Set-Content 'LiteDB.Tests\TestResults\evidence-leg.json' -Encoding utf8[0m
2026-09-30T10:55:12.0564572Z [36;1m[0m
2026-09-30T10:55:12.0564713Z [36;1m& $runner $assembly -nologo -xml $results[0m
2026-09-30T10:55:12.0564922Z [36;1mif ($LASTEXITCODE -ne 0) { exit $LASTEXITCODE }[0m
2026-09-30T10:55:12.0565093Z [36;1m[0m
2026-09-30T10:55:12.0565219Z [36;1m[xml]$report = Get-Content $results[0m
2026-09-30T10:55:12.0565413Z [36;1m$total = [int]$report.assemblies.assembly.total[0m
2026-09-30T10:55:12.0565670Z [36;1mif ($total -eq 0) { throw "The $framework runner discovered zero tests." }[0m
2026-09-30T10:55:12.0594614Z shell: C:\Program Files\PowerShell\7\pwsh.EXE -command ". '{0}'"
2026-09-30T10:55:12.0594829Z env:
2026-09-30T10:55:12.0595042Z   LITEDB_RETAINED_FIXTURES: __CI_WORKSPACE__/LiteDB.Tests/TestResults/retained-fixtures
2026-09-30T10:55:12.0595292Z   XUNIT_RUNNER_VERSION: 2.9.2
2026-09-30T10:55:12.0595456Z   LITEDB_EXPECTED_RUNTIME_MAJOR: 4
2026-09-30T10:55:12.0595616Z   DOTNET_ROOT: C:\Program Files\dotnet
2026-09-30T10:55:12.0595791Z   LITEDB_EVIDENCE_MATRIX: {
  "framework": "net462"
}
2026-09-30T10:55:12.0595962Z ##[endgroup]
2026-09-30T10:55:13.5697448Z   Discovering: LiteDB.Tests
2026-09-30T10:55:13.8746674Z   Discovered:  LiteDB.Tests
2026-09-30T10:55:13.8808348Z   Starting:    LiteDB.Tests
2026-09-30T10:56:40.6118864Z     LiteDB.Tests.Issues.Issue2909_Tests.ObjectId_uses_the_current_process_and_machine_on_NETCoreApp [SKIP]
2026-09-30T10:56:40.6119545Z       The report targets net8.0 and net10.0; .NET Framework retains the netstandard fallback contract.
2026-09-30T10:56:43.6829838Z     LiteDB.Tests.Engine.Rebuild_Tests.Rebuild_Change_Culture_Error [SKIP]
2026-09-30T10:56:43.6830884Z       Not supported yet: rebuilding 'ana'/'ANA' from en-US/None to en-US/IgnoreCase throws LiteException 'Cannot insert duplicate key in unique index '_id'' from RebuildContent instead of recording the collision in _rebuild_errors and keeping en-US/None.
2026-09-30T10:57:13.9089410Z     LiteDB.Tests.Engine.Collation_Tests.Create_Database_Using_Current_Culture [SKIP]
2026-09-30T10:57:13.9090550Z       Passes only as the first LiteDB use in the process (e.g. run alone locally): Collation.Default snapshots the culture once per process, so after another test created a database this gets 'de-DE/IgnoreCase' (the culture at first use) instead of 'fi/IgnoreCase'.
2026-09-30T10:59:52.7144165Z     LiteDB.Tests.Engine.SharedAdmissionLifetime_Tests.Open_retains_admission_when_a_callback_disposes_the_connection [FAIL]
2026-09-30T10:59:52.7144895Z       Expected a <System.IO.IOException> to be thrown, but found <System.InvalidOperationException>:
2026-09-30T10:59:52.7147861Z       System.InvalidOperationException: Cannot close a shared connection from inside its executing operation.
2026-09-30T10:59:52.7148422Z          at LiteDB.SharedEngine.Dispose(Boolean disposing)
2026-09-30T10:59:52.7149276Z          at LiteDB.Tests.Engine.SharedAdmissionLifetime_Tests.<>c__DisplayClass1_0.<Open_retains_admission_when_a_callback_disposes_the_connection>b__1() in __CI_WORKSPACE__\LiteDB.Tests\Engine\SharedAdmissionLifetime_Tests.cs:line 78
2026-09-30T10:59:52.7150386Z          at LiteDB.SharedEngine.CreateEngine(Boolean recoveredAbandonedOwner, EngineSettings settings) in __CI_WORKSPACE__\LiteDB\Client\Shared\SharedEngine.cs:line 153
2026-09-30T10:59:52.7151347Z          at LiteDB.SharedEngine.OpenEngine(Boolean recoveredAbandonedOwner, Boolean final, Boolean writing) in __CI_WORKSPACE__\LiteDB\Client\Shared\SharedEngine.Coordination.cs:line 60
2026-09-30T10:59:52.7152479Z          at LiteDB.SharedEngine.OpenDatabase(Boolean scoped, Boolean writing, CancellationToken closing, TransactionAdmission admission) in __CI_WORKSPACE__\LiteDB\Client\Shared\SharedEngine.cs:line 139
2026-09-30T10:59:52.7153435Z          at LiteDB.SharedEngine.<>c__DisplayClass7_0`1.<QueryDatabase>b__0() in __CI_WORKSPACE__\LiteDB\Client\Shared\SharedEngine.Calls.cs:line 44
2026-09-30T10:59:52.7154150Z          at LiteDB.SharedEngine.Call[T](Func`1 call) in __CI_WORKSPACE__\LiteDB\Client\Shared\SharedEngine.Calls.cs:line 61
2026-09-30T10:59:52.7154798Z          at FluentAssertions.Specialized.DelegateAssertions`2.InvokeSubjectWithInterception().
2026-09-30T10:59:52.7155204Z       Stack Trace:
2026-09-30T10:59:52.7159168Z            at FluentAssertions.Execution.XUnit2TestFramework.Throw(String message)
2026-09-30T10:59:52.7159540Z            at FluentAssertions.Execution.AssertionScope.FailWith(Func`1 failReasonFunc)
2026-09-30T10:59:52.7160032Z            at FluentAssertions.Specialized.DelegateAssertionsBase`2.ThrowInternal[TException](Exception exception, String because, Object[] becauseArgs)
2026-09-30T10:59:52.7160547Z            at FluentAssertions.Specialized.DelegateAssertions`2.Throw[TException](String because, Object[] becauseArgs)
2026-09-30T10:59:52.7161159Z         LiteDB.Tests\Engine\SharedAdmissionLifetime_Tests.cs(83,0): at LiteDB.Tests.Engine.SharedAdmissionLifetime_Tests.Open_retains_admission_when_a_callback_disposes_the_connection()
2026-09-30T11:01:16.0028354Z     LiteDB.Tests.Issues.Issue2127_Tests+ReproTests.InsertItemBackToBack_Test [SKIP]
2026-09-30T11:01:16.0029549Z       Too slow for a unit test in a build process: 100 iterations with a 1 s sleep take ~102 s (passed 5/5 locally on net10.0). The DiskWriterQueue race of #2127 no longer exists; the queue was removed in 198f0a672.
2026-09-30T11:01:36.8795249Z     LiteDB.Tests.Issues.Issue2298_Tests.We_Dont_Need_Ctor [SKIP]
2026-09-30T11:01:36.8795966Z       System.Text.Json is not supported on this target framework for this scenario.
2026-09-30T11:07:16.3194820Z   Finished:    LiteDB.Tests
2026-09-30T11:07:16.3655637Z === TEST EXECUTION SUMMARY ===
2026-09-30T11:07:16.4517242Z    LiteDB.Tests  Total: 4931, Errors: 0, Failed: 1, Skipped: 5, Time: 722.330s
2026-09-30T11:07:16.5170979Z ##[error]Process completed with exit code 1.
2026-09-30T11:07:16.5343138Z Prepare all required actions
2026-09-30T11:07:16.5343719Z Getting action download info
2026-09-30T11:07:16.8811369Z ##[group]Run ./.github/actions/retained-fixtures
2026-09-30T11:07:16.8811682Z env:
2026-09-30T11:07:16.8812018Z   LITEDB_RETAINED_FIXTURES: __CI_WORKSPACE__/LiteDB.Tests/TestResults/retained-fixtures
2026-09-30T11:07:16.8812444Z   XUNIT_RUNNER_VERSION: 2.9.2
2026-09-30T11:07:16.8812708Z   LITEDB_EXPECTED_RUNTIME_MAJOR: 4
2026-09-30T11:07:16.8812982Z   DOTNET_ROOT: C:\Program Files\dotnet
2026-09-30T11:07:16.8813244Z ##[endgroup]
2026-09-30T11:07:16.8855442Z ##[start-action display=Collect retained fixtures;id=__self.__run]
2026-09-30T11:07:16.8937124Z ##[group]Run if [ "$RUNNER_OS" = "Windows" ]; then retained_python=python; else retained_python=python3; fi
2026-09-30T11:07:16.8937531Z [36;1mif [ "$RUNNER_OS" = "Windows" ]; then retained_python=python; else retained_python=python3; fi[0m
2026-09-30T11:07:16.8937973Z [36;1m"$retained_python" scripts/collect-retained-fixtures.py "$LITEDB_RETAINED_FIXTURES"[0m
2026-09-30T11:07:16.8945143Z shell: C:\Program Files\Git\bin\bash.EXE --noprofile --norc -e -o pipefail {0}
2026-09-30T11:07:16.8945394Z env:
2026-09-30T11:07:16.8945628Z   LITEDB_RETAINED_FIXTURES: __CI_WORKSPACE__/LiteDB.Tests/TestResults/retained-fixtures
2026-09-30T11:07:16.8945903Z   XUNIT_RUNNER_VERSION: 2.9.2
2026-09-30T11:07:16.8946088Z   LITEDB_EXPECTED_RUNTIME_MAJOR: 4
2026-09-30T11:07:16.8946279Z   DOTNET_ROOT: C:\Program Files\dotnet
2026-09-30T11:07:16.8946463Z ##[endgroup]
2026-09-30T11:07:18.5095132Z ##[end-action id=__self.__run;outcome=success;conclusion=success;duration_ms=1623]
2026-09-30T11:07:18.5097343Z ##[start-action display=Upload fixture manifests and copies;id=__self.__actions_upload-artifact]
2026-09-30T11:07:18.5179916Z ##[group]Run actions/upload-artifact@v4
2026-09-30T11:07:18.5180117Z with:
2026-09-30T11:07:18.5180297Z   name: retained-fixtures-test-windows-framework-0
2026-09-30T11:07:18.5180593Z   path: __CI_WORKSPACE__/LiteDB.Tests/TestResults/retained-fixtures/
2026-09-30T11:07:18.5180831Z   if-no-files-found: ignore
2026-09-30T11:07:18.5181008Z   retention-days: 14
2026-09-30T11:07:18.5181185Z   compression-level: 6
2026-09-30T11:07:18.5181347Z   overwrite: false
2026-09-30T11:07:18.5181517Z   include-hidden-files: false
2026-09-30T11:07:18.5181689Z env:
2026-09-30T11:07:18.5181941Z   LITEDB_RETAINED_FIXTURES: __CI_WORKSPACE__/LiteDB.Tests/TestResults/retained-fixtures
2026-09-30T11:07:18.5182213Z   XUNIT_RUNNER_VERSION: 2.9.2
2026-09-30T11:07:18.5182399Z   LITEDB_EXPECTED_RUNTIME_MAJOR: 4
2026-09-30T11:07:18.5182576Z   DOTNET_ROOT: C:\Program Files\dotnet
2026-09-30T11:07:18.5182764Z ##[endgroup]
2026-09-30T11:07:18.6331046Z (node:5504) [DEP0040] DeprecationWarning: The `punycode` module is deprecated. Please use a userland alternative instead.
2026-09-30T11:07:18.6331509Z (Use `node --trace-deprecation ...` to show where the warning was created)
2026-09-30T11:07:18.6345209Z No files were found with the provided path: __CI_WORKSPACE__/LiteDB.Tests/TestResults/retained-fixtures/. No artifacts will be uploaded.
2026-09-30T11:07:18.6439022Z ##[end-action id=__self.__actions_upload-artifact;outcome=success;conclusion=success;duration_ms=134]
2026-09-30T11:07:18.6536058Z ##[group]Run actions/upload-artifact@v4
2026-09-30T11:07:18.6536253Z with:
2026-09-30T11:07:18.6536383Z   name: test-results-test-windows-framework-0
2026-09-30T11:07:18.6536540Z   overwrite: true
2026-09-30T11:07:18.6536732Z   path: LiteDB.Tests/TestResults/*.xml
LiteDB.Tests/TestResults/evidence-leg.json

2026-09-30T11:07:18.6536960Z   if-no-files-found: warn
2026-09-30T11:07:18.6537085Z   compression-level: 6
2026-09-30T11:07:18.6537212Z   include-hidden-files: false
2026-09-30T11:07:18.6537337Z env:
2026-09-30T11:07:18.6537523Z   LITEDB_RETAINED_FIXTURES: __CI_WORKSPACE__/LiteDB.Tests/TestResults/retained-fixtures
2026-09-30T11:07:18.6537747Z   XUNIT_RUNNER_VERSION: 2.9.2
2026-09-30T11:07:18.6538439Z   LITEDB_EXPECTED_RUNTIME_MAJOR: 4
2026-09-30T11:07:18.6538583Z   DOTNET_ROOT: C:\Program Files\dotnet
2026-09-30T11:07:18.6538718Z ##[endgroup]
2026-09-30T11:07:18.7695932Z (node:772) [DEP0040] DeprecationWarning: The `punycode` module is deprecated. Please use a userland alternative instead.
2026-09-30T11:07:18.7696344Z (Use `node --trace-deprecation ...` to show where the warning was created)
2026-09-30T11:07:18.7725729Z With the provided path, there will be 2 files uploaded
2026-09-30T11:07:19.0185466Z Artifact name is valid!
2026-09-30T11:07:19.0187379Z Root directory input is valid!
2026-09-30T11:07:19.2210903Z Beginning upload of artifact content to blob storage
2026-09-30T11:07:19.2478269Z (node:772) [DEP0169] DeprecationWarning: `url.parse()` behavior is not standardized and prone to errors that have security implications. Use the WHATWG URL API instead. CVEs are not issued for `url.parse()` vulnerabilities.
2026-09-30T11:07:19.6036246Z Uploaded bytes 162589
2026-09-30T11:07:19.6592060Z Finished uploading artifact content to blob storage!
2026-09-30T11:07:19.6592715Z SHA256 digest of uploaded artifact zip is 7086633570b6d975d302775aeb1b3bf9bbd0f5a630219573b0b4a73842f04348
2026-09-30T11:07:19.6593490Z Finalizing artifact upload
2026-09-30T11:07:19.9247458Z Artifact test-results-test-windows-framework-0.zip successfully finalized. Artifact ID 11092690342
2026-09-30T11:07:19.9248207Z Artifact test-results-test-windows-framework-0 has been successfully uploaded! Final size is 162589 bytes. Artifact ID is 11092690342
2026-09-30T11:07:19.9254870Z Artifact download URL: https://github.com/JKamsker/LiteDB/actions/runs/36705044676/artifacts/11092690342
2026-09-30T11:07:19.9496822Z Post job cleanup.
2026-09-30T11:07:20.0522428Z [command]"C:\Program Files\Git\bin\git.exe" version
2026-09-30T11:07:20.0666803Z git version 2.55.0.windows.5
2026-09-30T11:07:20.0708533Z Temporarily overriding HOME='__CI_HOME__/work\_temp\c23f4e0d-f103-4002-ae86-4f6c1f86b45e' before making global git config changes
2026-09-30T11:07:20.0709186Z Adding repository directory to the temporary git global config as a safe directory
2026-09-30T11:07:20.0717816Z [command]"C:\Program Files\Git\bin\git.exe" config --global --add safe.directory __CI_WORKSPACE__
2026-09-30T11:07:20.0891960Z [command]"C:\Program Files\Git\bin\git.exe" config --local --name-only --get-regexp core\.sshCommand
2026-09-30T11:07:20.1052456Z [command]"C:\Program Files\Git\bin\git.exe" submodule foreach --recursive "sh -c \"git config --local --name-only --get-regexp 'core\.sshCommand' && git config --local --unset-all 'core.sshCommand' || :\""
2026-09-30T11:07:20.4788493Z [command]"C:\Program Files\Git\bin\git.exe" config --local --name-only --get-regexp http\.https\:\/\/github\.com\/\.extraheader
2026-09-30T11:07:20.4932861Z http.https://github.com/.extraheader
2026-09-30T11:07:20.4960739Z [command]"C:\Program Files\Git\bin\git.exe" config --local --unset-all http.https://github.com/.extraheader
2026-09-30T11:07:20.5128353Z [command]"C:\Program Files\Git\bin\git.exe" submodule foreach --recursive "sh -c \"git config --local --name-only --get-regexp 'http\.https\:\/\/github\.com\/\.extraheader' && git config --local --unset-all 'http.https://github.com/.extraheader' || :\""
2026-09-30T11:07:20.8691437Z [command]"C:\Program Files\Git\bin\git.exe" config --local --name-only --get-regexp ^includeIf\.gitdir:
2026-09-30T11:07:20.8852917Z [command]"C:\Program Files\Git\bin\git.exe" submodule foreach --recursive "git config --local --show-origin --name-only --get-regexp remote.origin.url"
2026-09-30T11:07:21.2574697Z Cleaning up orphan processes
2026-09-30T11:07:21.2651239Z Terminate orphan process: pid (1208) (dotnet)
2026-09-30T11:07:21.2789297Z Terminate orphan process: pid (764) (conhost)
2026-09-30T11:07:21.2834196Z Terminate orphan process: pid (1224) (dotnet)
2026-09-30T11:07:21.2947658Z Terminate orphan process: pid (6876) (conhost)
2026-09-30T11:07:21.2953345Z ##[warning]Node.js 20 is deprecated. The following actions target Node.js 20 but are being forced to run on Node.js 24: actions/checkout@v4, actions/setup-dotnet@v4, actions/upload-artifact@v4. For more information see: https://github.blog/changelog/2025-09-19-deprecation-of-node-20-on-github-actions-runners/
