2026-09-30T11:32:49.1282226Z Current runner version: '2.337.0'
2026-09-30T11:32:49.1308895Z ##[group]Runner Image Provisioner
2026-09-30T11:32:49.1309804Z Hosted Compute Agent
2026-09-30T11:32:49.1310437Z Version: 20260828.587
2026-09-30T11:32:49.1311183Z Commit: abac92662cab4cc7352de4f9f9d2e2419aad9c29
2026-09-30T11:32:49.1311920Z Build Date: 2026-08-28T16:44:25Z
2026-09-30T11:32:49.1312644Z Worker ID: {39e69519-cec6-45bb-b9fc-ad4f00480e40}
2026-09-30T11:32:49.1313394Z Azure Region: westus2
2026-09-30T11:32:49.1313998Z ##[endgroup]
2026-09-30T11:32:49.1315818Z ##[group]Operating System
2026-09-30T11:32:49.1316467Z Ubuntu
2026-09-30T11:32:49.1317176Z 24.04.5
2026-09-30T11:32:49.1317799Z LTS
2026-09-30T11:32:49.1318351Z ##[endgroup]
2026-09-30T11:32:49.1318987Z ##[group]Runner Image
2026-09-30T11:32:49.1319592Z Image: ubuntu-24.04
2026-09-30T11:32:49.1320146Z Version: 20260920.314.1
2026-09-30T11:32:49.1321529Z Included Software: https://github.com/actions/runner-images/blob/ubuntu24/20260920.314/images/ubuntu/Ubuntu2404-Readme.md
2026-09-30T11:32:49.1323168Z Image Release: https://github.com/actions/runner-images/releases/tag/ubuntu24%2F20260920.314
2026-09-30T11:32:49.1324176Z ##[endgroup]
2026-09-30T11:32:49.1325288Z ##[group]GITHUB_TOKEN Permissions
2026-09-30T11:32:49.1327894Z Contents: read
2026-09-30T11:32:49.1328496Z Metadata: read
2026-09-30T11:32:49.1329160Z ##[endgroup]
2026-09-30T11:32:49.1331338Z Secret source: Actions
2026-09-30T11:32:49.1332416Z Cache mode: write
2026-09-30T11:32:49.1333127Z Prepare workflow directory
2026-09-30T11:32:49.1953682Z Prepare all required actions
2026-09-30T11:32:49.2005298Z Getting action download info
2026-09-30T11:32:49.6624779Z Download action repository 'actions/checkout@v4' (SHA:11d5960a326750d5838078e36cf38b85af677262)
2026-09-30T11:32:49.7618198Z Download action repository 'actions/download-artifact@v4' (SHA:d3f86a106a0bac45b974a628896c90dbdf5c8093)
2026-09-30T11:32:49.9924867Z Download action repository 'actions/upload-artifact@v4' (SHA:ea165f8d65b6e75b540449e92b4886f43607fa02)
2026-09-30T11:32:50.1877901Z Uses: JKamsker/LiteDB/.github/workflows/_reusable-ci.yml@refs/pull/133/merge (3f614aa69b15771ed1a63b8b8796172fae8b6648)
2026-09-30T11:32:50.1882601Z ##[group] Inputs
2026-09-30T11:32:50.1883138Z   tier: full
2026-09-30T11:32:50.1885401Z   sdk-matrix: [
  { "display": ".NET 8", "runtimeMajor": 8,  "sdk": "8.0.x",           "framework": "net8.0", "includePrerelease": false, "msbuildProps": "" },
  { "display": ".NET 9", "runtimeMajor": 9,  "sdk": "9.0.x\n8.0.x",    "framework": "net8.0", "includePrerelease": true,  "msbuildProps": "" },
  { "display": ".NET 10", "runtimeMajor": 10, "sdk": "10.0.x",          "framework": "net10.0", "includePrerelease": false, "msbuildProps": "" }
]

2026-09-30T11:32:50.1887992Z ##[endgroup]
2026-09-30T11:32:50.1888524Z Complete job name: build-and-test / Safety evidence
2026-09-30T11:32:50.2618790Z ##[group]Run actions/checkout@v4
2026-09-30T11:32:50.2619725Z with:
2026-09-30T11:32:50.2620189Z   repository: JKamsker/LiteDB
2026-09-30T11:32:50.2624355Z   token: ***
2026-09-30T11:32:50.2624825Z   ssh-strict: true
2026-09-30T11:32:50.2625275Z   ssh-user: git
2026-09-30T11:32:50.2625732Z   persist-credentials: true
2026-09-30T11:32:50.2626215Z   clean: true
2026-09-30T11:32:50.2626678Z   sparse-checkout-cone-mode: true
2026-09-30T11:32:50.2627661Z   fetch-depth: 1
2026-09-30T11:32:50.2628117Z   fetch-tags: false
2026-09-30T11:32:50.2628564Z   show-progress: true
2026-09-30T11:32:50.2629100Z   lfs: false
2026-09-30T11:32:50.2629527Z   submodules: false
2026-09-30T11:32:50.2629974Z   set-safe-directory: true
2026-09-30T11:32:50.2630490Z   allow-unsafe-pr-checkout: false
2026-09-30T11:32:50.2631374Z env:
2026-09-30T11:32:50.2632166Z   LITEDB_RETAINED_FIXTURES: __CI_WORKSPACE__/LiteDB.Tests/TestResults/retained-fixtures
2026-09-30T11:32:50.2633072Z ##[endgroup]
2026-09-30T11:32:50.3727525Z Syncing repository: JKamsker/LiteDB
2026-09-30T11:32:50.3730397Z ##[group]Getting Git version info
2026-09-30T11:32:50.3731237Z Working directory is '__CI_HOME__/work/LiteDB/LiteDB'
2026-09-30T11:32:50.3732668Z [command]/usr/bin/git version
2026-09-30T11:32:50.3853388Z git version 2.55.0
2026-09-30T11:32:50.3882326Z ##[endgroup]
2026-09-30T11:32:50.3894660Z Temporarily overriding HOME='__CI_HOME__/work/_temp/9f82c7c0-725c-44f6-aaed-dbf642413568' before making global git config changes
2026-09-30T11:32:50.3897214Z Adding repository directory to the temporary git global config as a safe directory
2026-09-30T11:32:50.3901862Z [command]/usr/bin/git config --global --add safe.directory __CI_WORKSPACE__
2026-09-30T11:32:50.3966416Z Deleting the contents of '__CI_HOME__/work/LiteDB/LiteDB'
2026-09-30T11:32:50.3971757Z ##[group]Initializing the repository
2026-09-30T11:32:50.3976128Z [command]/usr/bin/git init __CI_WORKSPACE__
2026-09-30T11:32:50.4123356Z hint: Using 'master' as the name for the initial branch. This default branch name
2026-09-30T11:32:50.4125163Z hint: will change to "main" in Git 3.0. To configure the initial branch name
2026-09-30T11:32:50.4128503Z hint: to use in all of your new repositories, which will suppress this warning,
2026-09-30T11:32:50.4129892Z hint: call:
2026-09-30T11:32:50.4130670Z hint:
2026-09-30T11:32:50.4131609Z hint: 	git config --global init.defaultBranch <name>
2026-09-30T11:32:50.4132598Z hint:
2026-09-30T11:32:50.4133530Z hint: Names commonly chosen instead of 'master' are 'main', 'trunk' and
2026-09-30T11:32:50.4135090Z hint: 'development'. The just-created branch can be renamed via this command:
2026-09-30T11:32:50.4136267Z hint:
2026-09-30T11:32:50.4137263Z hint: 	git branch -m <name>
2026-09-30T11:32:50.4138086Z hint:
2026-09-30T11:32:50.4139098Z hint: Disable this message with "git config set advice.defaultBranchName false"
2026-09-30T11:32:50.4140768Z Initialized empty Git repository in __CI_WORKSPACE__/.git/
2026-09-30T11:32:50.4153826Z [command]/usr/bin/git remote add origin https://github.com/JKamsker/LiteDB
2026-09-30T11:32:50.4220331Z ##[endgroup]
2026-09-30T11:32:50.4221747Z ##[group]Disabling automatic garbage collection
2026-09-30T11:32:50.4225817Z [command]/usr/bin/git config --local gc.auto 0
2026-09-30T11:32:50.4282620Z ##[endgroup]
2026-09-30T11:32:50.4284148Z ##[group]Setting up auth
2026-09-30T11:32:50.4285804Z [command]/usr/bin/git config --local --name-only --get-regexp core\.sshCommand
2026-09-30T11:32:50.4327177Z [command]/usr/bin/git submodule foreach --recursive sh -c "git config --local --name-only --get-regexp 'core\.sshCommand' && git config --local --unset-all 'core.sshCommand' || :"
2026-09-30T11:32:50.4777635Z [command]/usr/bin/git config --local --name-only --get-regexp http\.https\:\/\/github\.com\/\.extraheader
2026-09-30T11:32:50.4815678Z [command]/usr/bin/git submodule foreach --recursive sh -c "git config --local --name-only --get-regexp 'http\.https\:\/\/github\.com\/\.extraheader' && git config --local --unset-all 'http.https://github.com/.extraheader' || :"
2026-09-30T11:32:50.5046147Z [command]/usr/bin/git config --local --name-only --get-regexp ^includeIf\.gitdir:
2026-09-30T11:32:50.5084977Z [command]/usr/bin/git submodule foreach --recursive git config --local --show-origin --name-only --get-regexp remote.origin.url
2026-09-30T11:32:50.5318127Z [command]/usr/bin/git config --local http.https://github.com/.extraheader AUTHORIZATION: basic ***
2026-09-30T11:32:50.5366757Z ##[endgroup]
2026-09-30T11:32:50.5368318Z ##[group]Fetching the repository
2026-09-30T11:32:50.5376053Z [command]/usr/bin/git -c protocol.version=2 fetch --no-tags --prune --no-recurse-submodules --depth=1 origin +3f614aa69b15771ed1a63b8b8796172fae8b6648:refs/remotes/pull/133/merge
2026-09-30T11:32:51.4103884Z From https://github.com/JKamsker/LiteDB
2026-09-30T11:32:51.4107336Z  * [new ref]         3f614aa69b15771ed1a63b8b8796172fae8b6648 -> pull/133/merge
2026-09-30T11:32:51.4113771Z ##[endgroup]
2026-09-30T11:32:51.4116211Z ##[group]Determining the checkout info
2026-09-30T11:32:51.4119271Z ##[endgroup]
2026-09-30T11:32:51.4122004Z [command]/usr/bin/git sparse-checkout disable
2026-09-30T11:32:51.4194702Z [command]/usr/bin/git config --local --unset-all extensions.worktreeConfig
2026-09-30T11:32:51.4235739Z ##[group]Checking out the ref
2026-09-30T11:32:51.4241840Z [command]/usr/bin/git checkout --progress --force refs/remotes/pull/133/merge
2026-09-30T11:32:51.5575588Z Note: switching to 'refs/remotes/pull/133/merge'.
2026-09-30T11:32:51.5576314Z 
2026-09-30T11:32:51.5576769Z You are in 'detached HEAD' state. You can look around, make experimental
2026-09-30T11:32:51.5578115Z changes and commit them, and you can discard any commits you make in this
2026-09-30T11:32:51.5578943Z state without impacting any branches by switching back to a branch.
2026-09-30T11:32:51.5579453Z 
2026-09-30T11:32:51.5579813Z If you want to create a new branch to retain commits you create, you may
2026-09-30T11:32:51.5580632Z do so (now or later) by using -c with the switch command. Example:
2026-09-30T11:32:51.5581049Z 
2026-09-30T11:32:51.5581265Z   git switch -c <new-branch-name>
2026-09-30T11:32:51.5581591Z 
2026-09-30T11:32:51.5581895Z Or undo this operation with:
2026-09-30T11:32:51.5582185Z 
2026-09-30T11:32:51.5582363Z   git switch -
2026-09-30T11:32:51.5582641Z 
2026-09-30T11:32:51.5583005Z Turn off this advice by setting config variable advice.detachedHead to false
2026-09-30T11:32:51.5583527Z 
2026-09-30T11:32:51.5584072Z HEAD is now at 3f614aa Merge e821ae7479dcb83570031180b0c0e3f4fd167793 into 5dd942a7367c361fadd600be4ce10aace2768b27
2026-09-30T11:32:51.5589155Z ##[endgroup]
2026-09-30T11:32:51.5642251Z [command]/usr/bin/git log -1 --format=%H
2026-09-30T11:32:51.5672347Z 3f614aa69b15771ed1a63b8b8796172fae8b6648
2026-09-30T11:32:51.5943195Z ##[group]Run actions/download-artifact@v4
2026-09-30T11:32:51.5943805Z with:
2026-09-30T11:32:51.5944242Z   pattern: test-results-*
2026-09-30T11:32:51.5944721Z   path: evidence
2026-09-30T11:32:51.5945180Z   merge-multiple: false
2026-09-30T11:32:51.5945658Z   repository: JKamsker/LiteDB
2026-09-30T11:32:51.5946133Z   run-id: 36705044676
2026-09-30T11:32:51.5946579Z env:
2026-09-30T11:32:51.5947486Z   LITEDB_RETAINED_FIXTURES: __CI_WORKSPACE__/LiteDB.Tests/TestResults/retained-fixtures
2026-09-30T11:32:51.5948237Z ##[endgroup]
2026-09-30T11:32:51.7813793Z (node:2306) [DEP0040] DeprecationWarning: The `punycode` module is deprecated. Please use a userland alternative instead.
2026-09-30T11:32:51.7815535Z (Use `node --trace-deprecation ...` to show where the warning was created)
2026-09-30T11:32:52.0852318Z Found 37 artifact(s)
2026-09-30T11:32:52.0853840Z Filtering artifacts by pattern 'test-results-*'
2026-09-30T11:32:52.0877271Z Preparing to download the following artifacts:
2026-09-30T11:32:52.0879210Z - test-results-test-windows-2 (ID: 11093615815, Size: 1348333, Expected Digest: sha256:df13f53fc800d7cff51b2596c9304f8df10864f205c9ca23216372c58d506b04)
2026-09-30T11:32:52.0881829Z - test-results-test-linux-0 (ID: 11093485982, Size: 1348197, Expected Digest: sha256:dcd13d1846f6565f18e6860ea2885c4fe5fa1db66dc9c7d1b52e44f7b2a471ea)
2026-09-30T11:32:52.0883679Z - test-results-test-linux-1 (ID: 11093465109, Size: 1347716, Expected Digest: sha256:073b4e46c154212b5542116c0366150cae82990bd6e8e978cad8e1ca246654dd)
2026-09-30T11:32:52.0885306Z - test-results-test-windows-1 (ID: 11093315059, Size: 1349503, Expected Digest: sha256:57c3d8cb0b2e5c0211a2e0a9120975fe778be157db3d0eeddbbc88fc4ae65ffe)
2026-09-30T11:32:52.0887265Z - test-results-test-windows-0 (ID: 11093153344, Size: 1348859, Expected Digest: sha256:0851f2116c76aee987521edc06f490a7cf3e29ce024348629fc1d230737082e7)
2026-09-30T11:32:52.0889395Z - test-results-test-windows-11 (ID: 11093147163, Size: 1349645, Expected Digest: sha256:ea45af5b70c69608297e8a11d6418cce30a2354d3aec495d702b4c93385f1988)
2026-09-30T11:32:52.0890800Z - test-results-test-windows-10 (ID: 11093051787, Size: 1347349, Expected Digest: sha256:e797c1de952d26e2cc0971da48408de7c5c0705f36fcdeb59739a89b2884911c)
2026-09-30T11:32:52.0892073Z - test-results-test-windows-4 (ID: 11093038629, Size: 1349863, Expected Digest: sha256:7565640eaa11e349b39d1a3470a12cb4aa1f9d07a5d78afb5a896854bf803e1f)
2026-09-30T11:32:52.0893787Z - test-results-test-linux-arm64-0 (ID: 11092987662, Size: 1346733, Expected Digest: sha256:dfd68c73d96f4f08c28ef4aac0fdcd76b6259e34fe74c3e883e59cb463b50d07)
2026-09-30T11:32:52.0895255Z - test-results-test-native-windows-arm64-1 (ID: 11092955217, Size: 168298, Expected Digest: sha256:a8bb92b625853c58183975245ed0a97cdeeed84cff59cab70270f8db8831759c)
2026-09-30T11:32:52.0897203Z - test-results-test-windows-3 (ID: 11092843754, Size: 1349333, Expected Digest: sha256:8307be659dcb8ae44e7748ae9b787a3c6adc2f100fc2ed744f027e7062118280)
2026-09-30T11:32:52.0899452Z - test-results-test-windows-7 (ID: 11092802732, Size: 1347092, Expected Digest: sha256:1f9f3a720b8b6a061ab2e278d8b6ce06e5c8c24d7dcfa932bd13029d116c20e9)
2026-09-30T11:32:52.0901419Z - test-results-test-macos-2 (ID: 11092720107, Size: 1351912, Expected Digest: sha256:da073611b6fe322993f0214571ff2e4e713151646cfc7abd1527596717faf906)
2026-09-30T11:32:52.0903361Z - test-results-test-windows-framework-0 (ID: 11092690342, Size: 162589, Expected Digest: sha256:7086633570b6d975d302775aeb1b3bf9bbd0f5a630219573b0b4a73842f04348)
2026-09-30T11:32:52.0905248Z - test-results-test-linux-2 (ID: 11092659827, Size: 1347680, Expected Digest: sha256:4426db592fa59cf0ac3b89d204f42bd254fce6f7b305b4959c9bbbc5651939ae)
2026-09-30T11:32:52.0906653Z - test-results-test-windows-6 (ID: 11092629152, Size: 1349917, Expected Digest: sha256:73dfeac3b04c66780aa7f9cc457a4cbfeb3f4dd9a2f3f22977049b8426217dc1)
2026-09-30T11:32:52.0909034Z - test-results-test-linux-arm64-1 (ID: 11092578443, Size: 1348420, Expected Digest: sha256:9c5228ea9418d37d25b4fe79d7fab4bedfadb44c6abe4cf5aba558ca815b5208)
2026-09-30T11:32:52.0910872Z - test-results-test-windows-9 (ID: 11092359664, Size: 1346633, Expected Digest: sha256:1a0fbf231c9a9ec2b5cabdd4ef932c8a0c833cde860736f3ce6392a40f4f1082)
2026-09-30T11:32:52.0912571Z - test-results-test-windows-8 (ID: 11092359096, Size: 1348807, Expected Digest: sha256:9eff364779a17fd8d680fa812020e47e5ac8f0eb120e454074effdc758052962)
2026-09-30T11:32:52.0913975Z - test-results-test-windows-framework-1 (ID: 11092223196, Size: 162967, Expected Digest: sha256:d5543f3c0122c26fcbb15264f6273767a24dbf3af2be26b25d030c688f0e06e1)
2026-09-30T11:32:52.0915753Z - test-results-test-native-macos-intel-1 (ID: 11092138015, Size: 169114, Expected Digest: sha256:63d68f8be2ea48f571a44850a9b60f71e152cc5ddce275f047111ff53f136aa2)
2026-09-30T11:32:52.0917223Z - test-results-test-native-glibc231-0 (ID: 11092118178, Size: 161454, Expected Digest: sha256:8a895b370955a687f6496328601785ff46aaa7d3884874d8b4471128107ae12b)
2026-09-30T11:32:52.0918537Z - test-results-test-linux-arm64-2 (ID: 11092044918, Size: 1348550, Expected Digest: sha256:16d4eabe8c68fb194a19f5474753f62a254542f8c5eda17db3cea9d902276647)
2026-09-30T11:32:52.0919794Z - test-results-test-windows-5 (ID: 11092014757, Size: 1349432, Expected Digest: sha256:94f4dc8fc18b7ce911d144dd87ed7f37b7a847d730f6f97e797d72ecb16c9946)
2026-09-30T11:32:52.0921564Z - test-results-test-native-macos-intel-0 (ID: 11091982735, Size: 168219, Expected Digest: sha256:58f50e16647e3dcc99d3e58208ec87b75617178bb5c1d154fe8fdea0cf1a3003)
2026-09-30T11:32:52.0924001Z - test-results-test-native-windows-arm64-0 (ID: 11091874917, Size: 168769, Expected Digest: sha256:ce6d97fa95dd209c8b61e2081ad5eaba319723d85319025b8891eef5528f2a78)
2026-09-30T11:32:52.0926269Z - test-results-test-macos-1 (ID: 11091832888, Size: 1352965, Expected Digest: sha256:8cb49158383a8839393497adba66737c61fe5063230025a5e72f980545be2a15)
2026-09-30T11:32:52.0928796Z - test-results-test-native-glibc231-1 (ID: 11091749870, Size: 161517, Expected Digest: sha256:8fcb949b65ade442aa8095eeca97fbdf69024d13dd4d46f77b189db90039b20a)
2026-09-30T11:32:52.0930738Z - test-results-test-macos-0 (ID: 11091708358, Size: 1353435, Expected Digest: sha256:f8f33a46bf4faf196250975715520aacb3cae8a49d1b9a1d7ffad38f98979503)
2026-09-30T11:32:52.3586043Z Redirecting to blob download url: https://productionresultssa18.blob.core.windows.net/actions-results/b2c9bfe9-81f6-86f6-816b-fddb3bc6c705/workflow-job-run-07bc7743-019c-5a89-89c9-1b4678871588/artifacts/8c60a1963ba64ef586be7ead9eee1089ca05694544691f09c3f3ea7cadf7def3.zip
2026-09-30T11:32:52.3588772Z Starting download of artifact to: __CI_WORKSPACE__/evidence/test-results-test-windows-2
2026-09-30T11:32:52.5176232Z Redirecting to blob download url: https://productionresultssa18.blob.core.windows.net/actions-results/b2c9bfe9-81f6-86f6-816b-fddb3bc6c705/workflow-job-run-01a3a705-39e7-5e28-b545-370f9ba78eed/artifacts/a443e8e13365f98b4473cf99bd15bf6a65cfc595bc4e3061785b10108739d655.zip
2026-09-30T11:32:52.5179446Z Starting download of artifact to: __CI_WORKSPACE__/evidence/test-results-test-linux-1
2026-09-30T11:32:52.5264487Z Redirecting to blob download url: https://productionresultssa18.blob.core.windows.net/actions-results/b2c9bfe9-81f6-86f6-816b-fddb3bc6c705/workflow-job-run-472be962-c8da-5165-ac65-ee5a457a0eb6/artifacts/1a3c38becc09f6dfbd4a2426ac5a599c2fce8c61dc05b2308ccfe774476c7402.zip
2026-09-30T11:32:52.5266541Z Starting download of artifact to: __CI_WORKSPACE__/evidence/test-results-test-windows-3
2026-09-30T11:32:52.5343920Z Redirecting to blob download url: https://productionresultssa18.blob.core.windows.net/actions-results/b2c9bfe9-81f6-86f6-816b-fddb3bc6c705/workflow-job-run-58108e32-c372-58dd-b4be-85009c3c97ff/artifacts/6e420511ba5d1d3f49dd209f4feac432368111504e39b42997ec27853072f41d.zip
2026-09-30T11:32:52.5346496Z Starting download of artifact to: __CI_WORKSPACE__/evidence/test-results-test-native-macos-intel-1
2026-09-30T11:32:52.5354003Z Redirecting to blob download url: https://productionresultssa18.blob.core.windows.net/actions-results/b2c9bfe9-81f6-86f6-816b-fddb3bc6c705/workflow-job-run-ee129fed-6cc7-5929-a9a7-687ce716408a/artifacts/f60281c5314e490c8046e74aa06efd313269dcde0c664ca46cf904e170dd9889.zip
2026-09-30T11:32:52.5357653Z Starting download of artifact to: __CI_WORKSPACE__/evidence/test-results-test-native-macos-intel-0
2026-09-30T11:32:52.5363416Z Redirecting to blob download url: https://productionresultssa18.blob.core.windows.net/actions-results/b2c9bfe9-81f6-86f6-816b-fddb3bc6c705/workflow-job-run-f28cef53-9b6b-5223-b9a5-c1af030255e9/artifacts/57eeb67cb64471886cf397300f58bbd4da6cb27742d65a9a78177ce464ac8477.zip
2026-09-30T11:32:52.5365818Z Starting download of artifact to: __CI_WORKSPACE__/evidence/test-results-test-windows-9
2026-09-30T11:32:52.5373683Z Redirecting to blob download url: https://productionresultssa18.blob.core.windows.net/actions-results/b2c9bfe9-81f6-86f6-816b-fddb3bc6c705/workflow-job-run-0901652f-505a-5c69-adbb-7026c12d5436/artifacts/bbd7b7816ce2b92bea8bfc96776e1cfdcab7c5e410e2452927306b70f5b2969d.zip
2026-09-30T11:32:52.5382999Z Starting download of artifact to: __CI_WORKSPACE__/evidence/test-results-test-native-glibc231-0
2026-09-30T11:32:52.5390495Z Redirecting to blob download url: https://productionresultssa18.blob.core.windows.net/actions-results/b2c9bfe9-81f6-86f6-816b-fddb3bc6c705/workflow-job-run-0042afef-cb06-54ac-b8bc-b1fb6cc89bfa/artifacts/fed42968f031016014b77b02874775183f90f7c09011d55c8ed8f0b920aa5aa3.zip
2026-09-30T11:32:52.5393868Z Starting download of artifact to: __CI_WORKSPACE__/evidence/test-results-test-native-windows-arm64-1
2026-09-30T11:32:52.5401938Z Redirecting to blob download url: https://productionresultssa18.blob.core.windows.net/actions-results/b2c9bfe9-81f6-86f6-816b-fddb3bc6c705/workflow-job-run-2594dc16-afc7-5779-88b5-b97f830c73b8/artifacts/5abccb7f4d10aba84ca05b093a79aec9cef3e4c48213f514c133defff322b0cf.zip
2026-09-30T11:32:52.5404990Z Starting download of artifact to: __CI_WORKSPACE__/evidence/test-results-test-windows-1
2026-09-30T11:32:52.5432511Z Redirecting to blob download url: https://productionresultssa18.blob.core.windows.net/actions-results/b2c9bfe9-81f6-86f6-816b-fddb3bc6c705/workflow-job-run-3fdd8232-cd8a-5635-ae13-85e4fed94491/artifacts/8280dfef85170eb29c979ec366568225464c2196bb456b8c7dfb1a3dfba7e797.zip
2026-09-30T11:32:52.5435794Z Starting download of artifact to: __CI_WORKSPACE__/evidence/test-results-test-macos-2
2026-09-30T11:32:52.5452040Z Redirecting to blob download url: https://productionresultssa18.blob.core.windows.net/actions-results/b2c9bfe9-81f6-86f6-816b-fddb3bc6c705/workflow-job-run-e6ee6a94-e370-52ff-965a-5efea9b2d619/artifacts/5a8145b895bb7508f22e2b9588f2bcba044f890f94d487fd1de155ba12438bb0.zip
2026-09-30T11:32:52.5454750Z Starting download of artifact to: __CI_WORKSPACE__/evidence/test-results-test-windows-11
2026-09-30T11:32:52.5461306Z Redirecting to blob download url: https://productionresultssa18.blob.core.windows.net/actions-results/b2c9bfe9-81f6-86f6-816b-fddb3bc6c705/workflow-job-run-96a3cb68-1a0c-57c0-87d8-1397ef52c098/artifacts/d6d96038ee8e5689788cf04ee757e50bd80b049da4996b3f099043fa4add7d4e.zip
2026-09-30T11:32:52.5463229Z Starting download of artifact to: __CI_WORKSPACE__/evidence/test-results-test-windows-8
2026-09-30T11:32:52.5472962Z Redirecting to blob download url: https://productionresultssa18.blob.core.windows.net/actions-results/b2c9bfe9-81f6-86f6-816b-fddb3bc6c705/workflow-job-run-aef71151-acda-513e-a972-536668ddf898/artifacts/eeaf41db41d817a7b2458f0fe339d70e114309dd3a25fa09ab04338c1320e112.zip
2026-09-30T11:32:52.5477292Z Starting download of artifact to: __CI_WORKSPACE__/evidence/test-results-test-native-glibc231-1
2026-09-30T11:32:52.5485321Z Redirecting to blob download url: https://productionresultssa18.blob.core.windows.net/actions-results/b2c9bfe9-81f6-86f6-816b-fddb3bc6c705/workflow-job-run-71d985a8-82cb-5698-9c16-09687a5ffff3/artifacts/aa8a3274c36af4b9d3d2189750fead45b945ab01d7b669abd4164da336df71dd.zip
2026-09-30T11:32:52.5487587Z Starting download of artifact to: __CI_WORKSPACE__/evidence/test-results-test-windows-framework-0
2026-09-30T11:32:52.5493346Z Redirecting to blob download url: https://productionresultssa18.blob.core.windows.net/actions-results/b2c9bfe9-81f6-86f6-816b-fddb3bc6c705/workflow-job-run-c867b94a-d77c-5932-8718-4ca1beb68618/artifacts/73faf194e1c7c3af62c0a4b818189ac34ebad8492a8f44c819b9d7541e1be6de.zip
2026-09-30T11:32:52.5495409Z Starting download of artifact to: __CI_WORKSPACE__/evidence/test-results-test-macos-1
2026-09-30T11:32:52.5507663Z Redirecting to blob download url: https://productionresultssa18.blob.core.windows.net/actions-results/b2c9bfe9-81f6-86f6-816b-fddb3bc6c705/workflow-job-run-176d89ec-1b90-5673-b662-13760dd85b68/artifacts/a0b96dd1a4a02fd3aec21bde139cf5cce90f78f2c45c35a8b7d43e2240c9647c.zip
2026-09-30T11:32:52.5518007Z Starting download of artifact to: __CI_WORKSPACE__/evidence/test-results-test-windows-6
2026-09-30T11:32:52.5523718Z Redirecting to blob download url: https://productionresultssa18.blob.core.windows.net/actions-results/b2c9bfe9-81f6-86f6-816b-fddb3bc6c705/workflow-job-run-7e3c7a2a-599b-596a-aa43-6a48bc1ebe23/artifacts/ee156dd7bbef5db097833a8da7cd81ac55b0598cf2c2dba4a808010b874b43a9.zip
2026-09-30T11:32:52.5526701Z Starting download of artifact to: __CI_WORKSPACE__/evidence/test-results-test-windows-framework-1
2026-09-30T11:32:52.5534782Z Redirecting to blob download url: https://productionresultssa18.blob.core.windows.net/actions-results/b2c9bfe9-81f6-86f6-816b-fddb3bc6c705/workflow-job-run-fb24546c-d7f3-5633-aafe-0143cf884132/artifacts/ac1731d889fca846082a7afdb2ef75629fd43b533870476a68d73f402825cd33.zip
2026-09-30T11:32:52.5538288Z Starting download of artifact to: __CI_WORKSPACE__/evidence/test-results-test-macos-0
2026-09-30T11:32:52.5545768Z Redirecting to blob download url: https://productionresultssa18.blob.core.windows.net/actions-results/b2c9bfe9-81f6-86f6-816b-fddb3bc6c705/workflow-job-run-0c155b9d-d949-58ed-92c0-126b0acd5e22/artifacts/dce40dc7a93493e0c954aa8af70310239b21113b291c17b23b957aa2a3e23017.zip
2026-09-30T11:32:52.5549345Z Starting download of artifact to: __CI_WORKSPACE__/evidence/test-results-test-windows-4
2026-09-30T11:32:52.5557657Z Redirecting to blob download url: https://productionresultssa18.blob.core.windows.net/actions-results/b2c9bfe9-81f6-86f6-816b-fddb3bc6c705/workflow-job-run-c10f71a7-df99-5476-8b8c-59a8f7dfb59d/artifacts/24a163c9412c9ccc841d2b9b9e386706cc332070b4f94607680635296748966c.zip
2026-09-30T11:32:52.5561202Z Starting download of artifact to: __CI_WORKSPACE__/evidence/test-results-test-linux-0
2026-09-30T11:32:52.5626087Z Redirecting to blob download url: https://productionresultssa18.blob.core.windows.net/actions-results/b2c9bfe9-81f6-86f6-816b-fddb3bc6c705/workflow-job-run-74085429-f3ec-5512-b03a-682338294ffa/artifacts/e7a0563a069ffe7306c9e63dbc1a16c755508375f9f11388aa564e0a6449f183.zip
2026-09-30T11:32:52.5629598Z Starting download of artifact to: __CI_WORKSPACE__/evidence/test-results-test-linux-arm64-1
2026-09-30T11:32:52.5651877Z Redirecting to blob download url: https://productionresultssa18.blob.core.windows.net/actions-results/b2c9bfe9-81f6-86f6-816b-fddb3bc6c705/workflow-job-run-cd35ce71-3683-5a35-ba69-7c8e57848083/artifacts/2687293aeb6715e0b1c9d862ffbeac753183f9d141fb9490da7f043225fd077f.zip
2026-09-30T11:32:52.5655107Z Starting download of artifact to: __CI_WORKSPACE__/evidence/test-results-test-windows-7
2026-09-30T11:32:52.5663403Z Redirecting to blob download url: https://productionresultssa18.blob.core.windows.net/actions-results/b2c9bfe9-81f6-86f6-816b-fddb3bc6c705/workflow-job-run-8962a840-a33c-5845-b6f4-39e35a5768d8/artifacts/2031e0c407380ab7bb6228a3862c1debed936ba541ac862e2701f87155401f3e.zip
2026-09-30T11:32:52.5679258Z Starting download of artifact to: __CI_WORKSPACE__/evidence/test-results-test-native-windows-arm64-0
2026-09-30T11:32:52.5685062Z Redirecting to blob download url: https://productionresultssa18.blob.core.windows.net/actions-results/b2c9bfe9-81f6-86f6-816b-fddb3bc6c705/workflow-job-run-2cf4adb0-db25-51e4-b724-e4043602aab6/artifacts/09299e0403bf51949556b8c3d6beb5d952d8d0b53bbba38217585ee129c3cb24.zip
2026-09-30T11:32:52.5688503Z Starting download of artifact to: __CI_WORKSPACE__/evidence/test-results-test-windows-0
2026-09-30T11:32:52.5696604Z Redirecting to blob download url: https://productionresultssa18.blob.core.windows.net/actions-results/b2c9bfe9-81f6-86f6-816b-fddb3bc6c705/workflow-job-run-0e21f500-4f54-5eba-aab6-884e27d96c33/artifacts/98499f07096f57cfc44444f0d12d84cf9e6031ee19ef4fdde15b2d830cc5390b.zip
2026-09-30T11:32:52.5700158Z Starting download of artifact to: __CI_WORKSPACE__/evidence/test-results-test-windows-10
2026-09-30T11:32:52.5739275Z Redirecting to blob download url: https://productionresultssa18.blob.core.windows.net/actions-results/b2c9bfe9-81f6-86f6-816b-fddb3bc6c705/workflow-job-run-59bad83a-061e-5f97-b624-9fb423c74c72/artifacts/29568597f9665da30a2860442d80ecaffceb6740dfb09cba1bfc53e6dc037829.zip
2026-09-30T11:32:52.5742677Z Starting download of artifact to: __CI_WORKSPACE__/evidence/test-results-test-linux-arm64-2
2026-09-30T11:32:52.5770334Z Redirecting to blob download url: https://productionresultssa18.blob.core.windows.net/actions-results/b2c9bfe9-81f6-86f6-816b-fddb3bc6c705/workflow-job-run-389bdd33-ff0f-5e7a-a4ab-29224f30104d/artifacts/de31e9623545f340439c7e4157f6a89538dbefa77cc22e20a3a7296b20134c54.zip
2026-09-30T11:32:52.5773715Z Starting download of artifact to: __CI_WORKSPACE__/evidence/test-results-test-linux-arm64-0
2026-09-30T11:32:52.5788203Z Redirecting to blob download url: https://productionresultssa18.blob.core.windows.net/actions-results/b2c9bfe9-81f6-86f6-816b-fddb3bc6c705/workflow-job-run-54514790-6dd7-5664-adb0-2cc2ef32ecb5/artifacts/d0aba0f0445e460e2a9a87370bbd7c0b251f38d82908d785b3913005355dc55c.zip
2026-09-30T11:32:52.5791505Z Starting download of artifact to: __CI_WORKSPACE__/evidence/test-results-test-linux-2
2026-09-30T11:32:52.5799827Z Redirecting to blob download url: https://productionresultssa18.blob.core.windows.net/actions-results/b2c9bfe9-81f6-86f6-816b-fddb3bc6c705/workflow-job-run-68658dec-c849-5fa0-9bdc-8feb571529bd/artifacts/bea6c625ee0d29971325b17f173dbfedf09d28424d65a7172b8b3d7133659d8b.zip
2026-09-30T11:32:52.5802024Z Starting download of artifact to: __CI_WORKSPACE__/evidence/test-results-test-windows-5
2026-09-30T11:32:52.6764533Z (node:2306) [DEP0005] DeprecationWarning: Buffer() is deprecated due to security and usability issues. Please use the Buffer.alloc(), Buffer.allocUnsafe(), or Buffer.from() methods instead.
2026-09-30T11:32:53.0840913Z SHA256 digest of downloaded artifact is 8a895b370955a687f6496328601785ff46aaa7d3884874d8b4471128107ae12b
2026-09-30T11:32:53.0843052Z Artifact download completed successfully.
2026-09-30T11:32:53.0844690Z SHA256 digest of downloaded artifact is a8bb92b625853c58183975245ed0a97cdeeed84cff59cab70270f8db8831759c
2026-09-30T11:32:53.0846353Z Artifact download completed successfully.
2026-09-30T11:32:53.0868807Z SHA256 digest of downloaded artifact is 8fcb949b65ade442aa8095eeca97fbdf69024d13dd4d46f77b189db90039b20a
2026-09-30T11:32:53.0873103Z Artifact download completed successfully.
2026-09-30T11:32:53.0874671Z SHA256 digest of downloaded artifact is 63d68f8be2ea48f571a44850a9b60f71e152cc5ddce275f047111ff53f136aa2
2026-09-30T11:32:53.0875981Z Artifact download completed successfully.
2026-09-30T11:32:53.0889526Z SHA256 digest of downloaded artifact is ce6d97fa95dd209c8b61e2081ad5eaba319723d85319025b8891eef5528f2a78
2026-09-30T11:32:53.0891033Z Artifact download completed successfully.
2026-09-30T11:32:53.0990662Z SHA256 digest of downloaded artifact is 58f50e16647e3dcc99d3e58208ec87b75617178bb5c1d154fe8fdea0cf1a3003
2026-09-30T11:32:53.0992813Z Artifact download completed successfully.
2026-09-30T11:32:53.1051090Z SHA256 digest of downloaded artifact is d5543f3c0122c26fcbb15264f6273767a24dbf3af2be26b25d030c688f0e06e1
2026-09-30T11:32:53.1070258Z Artifact download completed successfully.
2026-09-30T11:32:53.1084254Z SHA256 digest of downloaded artifact is 7086633570b6d975d302775aeb1b3bf9bbd0f5a630219573b0b4a73842f04348
2026-09-30T11:32:53.1085157Z Artifact download completed successfully.
2026-09-30T11:32:53.5611329Z SHA256 digest of downloaded artifact is 8307be659dcb8ae44e7748ae9b787a3c6adc2f100fc2ed744f027e7062118280
2026-09-30T11:32:53.5621749Z Artifact download completed successfully.
2026-09-30T11:32:53.5630916Z SHA256 digest of downloaded artifact is 9eff364779a17fd8d680fa812020e47e5ac8f0eb120e454074effdc758052962
2026-09-30T11:32:53.5632651Z Artifact download completed successfully.
2026-09-30T11:32:53.5634722Z SHA256 digest of downloaded artifact is df13f53fc800d7cff51b2596c9304f8df10864f205c9ca23216372c58d506b04
2026-09-30T11:32:53.5636453Z Artifact download completed successfully.
2026-09-30T11:32:53.5640540Z SHA256 digest of downloaded artifact is 7565640eaa11e349b39d1a3470a12cb4aa1f9d07a5d78afb5a896854bf803e1f
2026-09-30T11:32:53.5646327Z Artifact download completed successfully.
2026-09-30T11:32:53.5648335Z SHA256 digest of downloaded artifact is da073611b6fe322993f0214571ff2e4e713151646cfc7abd1527596717faf906
2026-09-30T11:32:53.5653874Z Artifact download completed successfully.
2026-09-30T11:32:53.5753574Z SHA256 digest of downloaded artifact is 94f4dc8fc18b7ce911d144dd87ed7f37b7a847d730f6f97e797d72ecb16c9946
2026-09-30T11:32:53.5755012Z Artifact download completed successfully.
2026-09-30T11:32:53.5908903Z SHA256 digest of downloaded artifact is ea45af5b70c69608297e8a11d6418cce30a2354d3aec495d702b4c93385f1988
2026-09-30T11:32:53.5924994Z Artifact download completed successfully.
2026-09-30T11:32:53.6111890Z SHA256 digest of downloaded artifact is 4426db592fa59cf0ac3b89d204f42bd254fce6f7b305b4959c9bbbc5651939ae
2026-09-30T11:32:53.6114028Z Artifact download completed successfully.
2026-09-30T11:32:53.6158162Z SHA256 digest of downloaded artifact is 073b4e46c154212b5542116c0366150cae82990bd6e8e978cad8e1ca246654dd
2026-09-30T11:32:53.6175519Z Artifact download completed successfully.
2026-09-30T11:32:53.6177593Z SHA256 digest of downloaded artifact is e797c1de952d26e2cc0971da48408de7c5c0705f36fcdeb59739a89b2884911c
2026-09-30T11:32:53.6188472Z Artifact download completed successfully.
2026-09-30T11:32:53.6191975Z SHA256 digest of downloaded artifact is dfd68c73d96f4f08c28ef4aac0fdcd76b6259e34fe74c3e883e59cb463b50d07
2026-09-30T11:32:53.6194508Z Artifact download completed successfully.
2026-09-30T11:32:53.6319360Z SHA256 digest of downloaded artifact is 1f9f3a720b8b6a061ab2e278d8b6ce06e5c8c24d7dcfa932bd13029d116c20e9
2026-09-30T11:32:53.6321315Z Artifact download completed successfully.
2026-09-30T11:32:53.6722988Z SHA256 digest of downloaded artifact is 57c3d8cb0b2e5c0211a2e0a9120975fe778be157db3d0eeddbbc88fc4ae65ffe
2026-09-30T11:32:53.6724528Z Artifact download completed successfully.
2026-09-30T11:32:53.6736538Z SHA256 digest of downloaded artifact is 8cb49158383a8839393497adba66737c61fe5063230025a5e72f980545be2a15
2026-09-30T11:32:53.6738049Z Artifact download completed successfully.
2026-09-30T11:32:53.6781012Z SHA256 digest of downloaded artifact is dcd13d1846f6565f18e6860ea2885c4fe5fa1db66dc9c7d1b52e44f7b2a471ea
2026-09-30T11:32:53.6781995Z Artifact download completed successfully.
2026-09-30T11:32:53.6878200Z SHA256 digest of downloaded artifact is 16d4eabe8c68fb194a19f5474753f62a254542f8c5eda17db3cea9d902276647
2026-09-30T11:32:53.6879124Z Artifact download completed successfully.
2026-09-30T11:32:53.6879917Z SHA256 digest of downloaded artifact is 0851f2116c76aee987521edc06f490a7cf3e29ce024348629fc1d230737082e7
2026-09-30T11:32:53.6880665Z Artifact download completed successfully.
2026-09-30T11:32:53.7002748Z SHA256 digest of downloaded artifact is 9c5228ea9418d37d25b4fe79d7fab4bedfadb44c6abe4cf5aba558ca815b5208
2026-09-30T11:32:53.7004647Z Artifact download completed successfully.
2026-09-30T11:32:53.7442728Z SHA256 digest of downloaded artifact is 73dfeac3b04c66780aa7f9cc457a4cbfeb3f4dd9a2f3f22977049b8426217dc1
2026-09-30T11:32:53.7443645Z Artifact download completed successfully.
2026-09-30T11:32:53.7695396Z SHA256 digest of downloaded artifact is f8f33a46bf4faf196250975715520aacb3cae8a49d1b9a1d7ffad38f98979503
2026-09-30T11:32:53.7696286Z Artifact download completed successfully.
2026-09-30T11:32:53.8057911Z SHA256 digest of downloaded artifact is 1a0fbf231c9a9ec2b5cabdd4ef932c8a0c833cde860736f3ce6392a40f4f1082
2026-09-30T11:32:53.8058816Z Artifact download completed successfully.
2026-09-30T11:32:53.8059379Z Total of 29 artifact(s) downloaded
2026-09-30T11:32:53.8066981Z Download artifact has finished successfully
2026-09-30T11:32:53.8344507Z ##[group]Run python .github/scripts/check_test_evidence.py --artifacts evidence --tier "$CI_TIER" --sha "$VALIDATED_SHA" --output evidence-report
2026-09-30T11:32:53.8345892Z [36;1mpython .github/scripts/check_test_evidence.py --artifacts evidence --tier "$CI_TIER" --sha "$VALIDATED_SHA" --output evidence-report[0m
2026-09-30T11:32:53.8649092Z shell: /usr/bin/bash -e {0}
2026-09-30T11:32:53.8649757Z env:
2026-09-30T11:32:53.8650660Z   LITEDB_RETAINED_FIXTURES: __CI_WORKSPACE__/LiteDB.Tests/TestResults/retained-fixtures
2026-09-30T11:32:53.8655604Z   NEEDS_JSON: {
  "safety-policy": {
    "result": "success",
    "outputs": {}
  },
  "build-linux": {
    "result": "success",
    "outputs": {}
  },
  "test-linux": {
    "result": "failure",
    "outputs": {}
  },
  "build-macos": {
    "result": "success",
    "outputs": {}
  },
  "test-macos": {
    "result": "failure",
    "outputs": {}
  },
  "build-windows": {
    "result": "success",
    "outputs": {}
  },
  "test-windows": {
    "result": "failure",
    "outputs": {}
  },
  "test-windows-framework": {
    "result": "failure",
    "outputs": {}
  },
  "test-linux-arm64": {
    "result": "failure",
    "outputs": {}
  },
  "test-native-glibc231": {
    "result": "failure",
    "outputs": {}
  },
  "test-native-macos-intel": {
    "result": "failure",
    "outputs": {}
  },
  "test-native-windows-arm64": {
    "result": "failure",
    "outputs": {}
  },
  "test-host-local-filesystem": {
    "result": "success",
    "outputs": {}
  }
}
2026-09-30T11:32:53.8660014Z   CI_TIER: full
2026-09-30T11:32:53.8660569Z   VALIDATED_SHA: 3f614aa69b15771ed1a63b8b8796172fae8b6648
2026-09-30T11:32:53.8661427Z ##[endgroup]
2026-09-30T11:32:58.4715556Z ##[error]Job test-linux finished as 'failure', but the full tier requires 'success'
2026-09-30T11:32:58.4726002Z ##[error]Job test-linux-arm64 finished as 'failure', but the full tier requires 'success'
2026-09-30T11:32:58.4728853Z ##[error]Job test-macos finished as 'failure', but the full tier requires 'success'
2026-09-30T11:32:58.4731112Z ##[error]Job test-native-glibc231 finished as 'failure', but the full tier requires 'success'
2026-09-30T11:32:58.4733348Z ##[error]Job test-native-macos-intel finished as 'failure', but the full tier requires 'success'
2026-09-30T11:32:58.4735662Z ##[error]Job test-native-windows-arm64 finished as 'failure', but the full tier requires 'success'
2026-09-30T11:32:58.4738048Z ##[error]Job test-windows finished as 'failure', but the full tier requires 'success'
2026-09-30T11:32:58.4740279Z ##[error]Job test-windows-framework finished as 'failure', but the full tier requires 'success'
2026-09-30T11:32:58.4743391Z ##[error]test-linux {"item": {"display": ".NET 8", "framework": "net8.0", "includePrerelease": false, "msbuildProps": "", "runtimeMajor": 8, "sdk": "8.0.x"}}: partition engine-shared did not pass cleanly (Failed, {'failed': 1})
2026-09-30T11:32:58.4747057Z ##[error]test-linux {"item": {"display": ".NET 9", "framework": "net8.0", "includePrerelease": true, "msbuildProps": "", "runtimeMajor": 9, "sdk": "9.0.x\n8.0.x"}}: partition engine-shared did not pass cleanly (Failed, {'failed': 1})
2026-09-30T11:32:58.4750592Z ##[error]test-linux {"item": {"display": ".NET 10", "framework": "net10.0", "includePrerelease": false, "msbuildProps": "", "runtimeMajor": 10, "sdk": "10.0.x"}}: partition engine-shared did not pass cleanly (Failed, {'failed': 1})
2026-09-30T11:32:58.4754187Z ##[error]test-linux-arm64 {"item": {"display": ".NET 8", "framework": "net8.0", "includePrerelease": false, "msbuildProps": "", "runtimeMajor": 8, "sdk": "8.0.x"}}: partition engine-shared did not pass cleanly (Failed, {'failed': 1})
2026-09-30T11:32:58.4757947Z ##[error]test-linux-arm64 {"item": {"display": ".NET 9", "framework": "net8.0", "includePrerelease": true, "msbuildProps": "", "runtimeMajor": 9, "sdk": "9.0.x\n8.0.x"}}: partition engine-shared did not pass cleanly (Failed, {'failed': 1})
2026-09-30T11:32:58.4761958Z ##[error]test-linux-arm64 {"item": {"display": ".NET 10", "framework": "net10.0", "includePrerelease": false, "msbuildProps": "", "runtimeMajor": 10, "sdk": "10.0.x"}}: partition engine-shared did not pass cleanly (Failed, {'failed': 2})
2026-09-30T11:32:58.4765471Z ##[error]test-macos {"item": {"display": ".NET 8", "framework": "net8.0", "includePrerelease": false, "msbuildProps": "", "runtimeMajor": 8, "sdk": "8.0.x"}}: partition engine-shared did not pass cleanly (Failed, {'failed': 1})
2026-09-30T11:32:58.4769436Z ##[error]test-macos {"item": {"display": ".NET 9", "framework": "net8.0", "includePrerelease": true, "msbuildProps": "", "runtimeMajor": 9, "sdk": "9.0.x\n8.0.x"}}: partition engine-shared did not pass cleanly (Failed, {'failed': 1})
2026-09-30T11:32:58.4773169Z ##[error]test-macos {"item": {"display": ".NET 10", "framework": "net10.0", "includePrerelease": false, "msbuildProps": "", "runtimeMajor": 10, "sdk": "10.0.x"}}: partition engine-shared did not pass cleanly (Failed, {'failed': 1})
2026-09-30T11:32:58.4776049Z ##[error]test-native-glibc231 {"os": "ubuntu-latest"}: partition remaining did not pass cleanly (Failed, {'failed': 1})
2026-09-30T11:32:58.4778743Z ##[error]test-native-glibc231 {"os": "ubuntu-24.04-arm"}: partition remaining did not pass cleanly (Failed, {'failed': 1})
2026-09-30T11:32:58.4781363Z ##[error]test-native-macos-intel {"framework": "net8.0", "runtimeMajor": 8}: partition remaining did not pass cleanly (Failed, {'failed': 1})
2026-09-30T11:32:58.4784141Z ##[error]test-native-macos-intel {"framework": "net10.0", "runtimeMajor": 10}: partition remaining did not pass cleanly (Failed, {'failed': 1})
2026-09-30T11:32:58.4787003Z ##[error]test-native-windows-arm64 {"framework": "net8.0", "runtimeMajor": 8}: partition remaining did not pass cleanly (Failed, {'failed': 1})
2026-09-30T11:32:58.4790012Z ##[error]test-native-windows-arm64 {"framework": "net10.0", "runtimeMajor": 10}: partition remaining did not pass cleanly (Failed, {'failed': 1})
2026-09-30T11:32:58.4793717Z ##[error]test-windows {"arch": "x64", "item": {"display": ".NET 8", "framework": "net8.0", "includePrerelease": false, "msbuildProps": "", "runtimeMajor": 8, "sdk": "8.0.x"}, "os": "windows-latest"}: partition engine-shared did not pass cleanly (Failed, {'failed': 1})
2026-09-30T11:32:58.4799935Z ##[error]test-windows {"arch": "x64", "item": {"display": ".NET 9", "framework": "net8.0", "includePrerelease": true, "msbuildProps": "", "runtimeMajor": 9, "sdk": "9.0.x\n8.0.x"}, "os": "windows-latest"}: partition engine-shared did not pass cleanly (Failed, {'failed': 1})
2026-09-30T11:32:58.4803947Z ##[error]test-windows {"arch": "x86", "item": {"display": ".NET 9", "framework": "net8.0", "includePrerelease": true, "msbuildProps": "", "runtimeMajor": 9, "sdk": "9.0.x\n8.0.x"}, "os": "windows-2022"}: partition engine-shared did not pass cleanly (Failed, {'failed': 1})
2026-09-30T11:32:58.4808375Z ##[error]test-windows {"arch": "x86", "item": {"display": ".NET 10", "framework": "net10.0", "includePrerelease": false, "msbuildProps": "", "runtimeMajor": 10, "sdk": "10.0.x"}, "os": "windows-2022"}: partition engine-shared did not pass cleanly (Failed, {'failed': 1})
2026-09-30T11:32:58.4812286Z ##[error]test-windows {"arch": "x64", "item": {"display": ".NET 10", "framework": "net10.0", "includePrerelease": false, "msbuildProps": "", "runtimeMajor": 10, "sdk": "10.0.x"}, "os": "windows-latest"}: partition engine-shared did not pass cleanly (Failed, {'failed': 1})
2026-09-30T11:32:58.4816081Z ##[error]test-windows {"arch": "x86", "item": {"display": ".NET 8", "framework": "net8.0", "includePrerelease": false, "msbuildProps": "", "runtimeMajor": 8, "sdk": "8.0.x"}, "os": "windows-latest"}: partition engine-shared did not pass cleanly (Failed, {'failed': 1})
2026-09-30T11:32:58.4820249Z ##[error]test-windows {"arch": "x86", "item": {"display": ".NET 9", "framework": "net8.0", "includePrerelease": true, "msbuildProps": "", "runtimeMajor": 9, "sdk": "9.0.x\n8.0.x"}, "os": "windows-latest"}: partition engine-shared did not pass cleanly (Failed, {'failed': 1})
2026-09-30T11:32:58.4824344Z ##[error]test-windows {"arch": "x86", "item": {"display": ".NET 10", "framework": "net10.0", "includePrerelease": false, "msbuildProps": "", "runtimeMajor": 10, "sdk": "10.0.x"}, "os": "windows-latest"}: partition engine-shared did not pass cleanly (Failed, {'failed': 1})
2026-09-30T11:32:58.4828423Z ##[error]test-windows {"arch": "x64", "item": {"display": ".NET 8", "framework": "net8.0", "includePrerelease": false, "msbuildProps": "", "runtimeMajor": 8, "sdk": "8.0.x"}, "os": "windows-2022"}: partition engine-shared did not pass cleanly (Failed, {'failed': 1})
2026-09-30T11:32:58.4832213Z ##[error]test-windows {"arch": "x64", "item": {"display": ".NET 9", "framework": "net8.0", "includePrerelease": true, "msbuildProps": "", "runtimeMajor": 9, "sdk": "9.0.x\n8.0.x"}, "os": "windows-2022"}: partition engine-shared did not pass cleanly (Failed, {'failed': 1})
2026-09-30T11:32:58.4835981Z ##[error]test-windows {"arch": "x64", "item": {"display": ".NET 10", "framework": "net10.0", "includePrerelease": false, "msbuildProps": "", "runtimeMajor": 10, "sdk": "10.0.x"}, "os": "windows-2022"}: partition engine-shared did not pass cleanly (Failed, {'failed': 1})
2026-09-30T11:32:58.4840066Z ##[error]test-windows {"arch": "x86", "item": {"display": ".NET 8", "framework": "net8.0", "includePrerelease": false, "msbuildProps": "", "runtimeMajor": 8, "sdk": "8.0.x"}, "os": "windows-2022"}: partition engine-shared did not pass cleanly (Failed, {'failed': 1})
2026-09-30T11:32:58.4842983Z ##[error]test-windows-framework {"framework": "net462"}: partition all did not pass cleanly (Completed, {'failed': 1})
2026-09-30T11:32:58.4845456Z ##[error]test-windows-framework {"framework": "net481"}: partition all did not pass cleanly (Completed, {'failed': 1})
2026-09-30T11:32:58.4853191Z ##[error]Process completed with exit code 1.
2026-09-30T11:32:58.5031687Z ##[group]Run actions/upload-artifact@v4
2026-09-30T11:32:58.5032216Z with:
2026-09-30T11:32:58.5032616Z   name: safety-evidence
2026-09-30T11:32:58.5033051Z   overwrite: true
2026-09-30T11:32:58.5033498Z   path: evidence-report/safety-evidence.json
2026-09-30T11:32:58.5034029Z   if-no-files-found: warn
2026-09-30T11:32:58.5034469Z   compression-level: 6
2026-09-30T11:32:58.5034917Z   include-hidden-files: false
2026-09-30T11:32:58.5035365Z env:
2026-09-30T11:32:58.5035996Z   LITEDB_RETAINED_FIXTURES: __CI_WORKSPACE__/LiteDB.Tests/TestResults/retained-fixtures
2026-09-30T11:32:58.5036699Z ##[endgroup]
2026-09-30T11:32:58.6852488Z (node:2327) [DEP0040] DeprecationWarning: The `punycode` module is deprecated. Please use a userland alternative instead.
2026-09-30T11:32:58.6854104Z (Use `node --trace-deprecation ...` to show where the warning was created)
2026-09-30T11:32:58.6880488Z With the provided path, there will be 1 file uploaded
2026-09-30T11:32:58.9879260Z Artifact name is valid!
2026-09-30T11:32:58.9881403Z Root directory input is valid!
2026-09-30T11:32:59.2293970Z Beginning upload of artifact content to blob storage
2026-09-30T11:32:59.2524953Z (node:2327) [DEP0169] DeprecationWarning: `url.parse()` behavior is not standardized and prone to errors that have security implications. Use the WHATWG URL API instead. CVEs are not issued for `url.parse()` vulnerabilities.
2026-09-30T11:32:59.5407789Z Uploaded bytes 3574
2026-09-30T11:32:59.6201718Z Finished uploading artifact content to blob storage!
2026-09-30T11:32:59.6203241Z SHA256 digest of uploaded artifact zip is a3359b3fe2ef305621705ea59eff3c4f78955408947c88eacfebdd036bfe978b
2026-09-30T11:32:59.6204609Z Finalizing artifact upload
2026-09-30T11:32:59.9165024Z Artifact safety-evidence.zip successfully finalized. Artifact ID 11093178326
2026-09-30T11:32:59.9167303Z Artifact safety-evidence has been successfully uploaded! Final size is 3574 bytes. Artifact ID is 11093178326
2026-09-30T11:32:59.9174888Z Artifact download URL: https://github.com/JKamsker/LiteDB/actions/runs/36705044676/artifacts/11093178326
2026-09-30T11:32:59.9392543Z Post job cleanup.
2026-09-30T11:33:00.0326415Z [command]/usr/bin/git version
2026-09-30T11:33:00.0373971Z git version 2.55.0
2026-09-30T11:33:00.0450050Z Temporarily overriding HOME='__CI_HOME__/work/_temp/9e7d555e-3d8b-4334-a1e1-c1b8f52f7085' before making global git config changes
2026-09-30T11:33:00.0451849Z Adding repository directory to the temporary git global config as a safe directory
2026-09-30T11:33:00.0457495Z [command]/usr/bin/git config --global --add safe.directory __CI_WORKSPACE__
2026-09-30T11:33:00.0505966Z [command]/usr/bin/git config --local --name-only --get-regexp core\.sshCommand
2026-09-30T11:33:00.0549240Z [command]/usr/bin/git submodule foreach --recursive sh -c "git config --local --name-only --get-regexp 'core\.sshCommand' && git config --local --unset-all 'core.sshCommand' || :"
2026-09-30T11:33:00.0864064Z [command]/usr/bin/git config --local --name-only --get-regexp http\.https\:\/\/github\.com\/\.extraheader
2026-09-30T11:33:00.0948280Z http.https://github.com/.extraheader
2026-09-30T11:33:00.0950709Z [command]/usr/bin/git config --local --unset-all http.https://github.com/.extraheader
2026-09-30T11:33:00.1009627Z [command]/usr/bin/git submodule foreach --recursive sh -c "git config --local --name-only --get-regexp 'http\.https\:\/\/github\.com\/\.extraheader' && git config --local --unset-all 'http.https://github.com/.extraheader' || :"
2026-09-30T11:33:00.1384348Z [command]/usr/bin/git config --local --name-only --get-regexp ^includeIf\.gitdir:
2026-09-30T11:33:00.1443650Z [command]/usr/bin/git submodule foreach --recursive git config --local --show-origin --name-only --get-regexp remote.origin.url
2026-09-30T11:33:00.1967922Z Cleaning up orphan processes
2026-09-30T11:33:00.2258846Z ##[warning]Node.js 20 is deprecated. The following actions target Node.js 20 but are being forced to run on Node.js 24: actions/checkout@v4, actions/download-artifact@v4, actions/upload-artifact@v4. For more information see: https://github.blog/changelog/2025-09-19-deprecation-of-node-20-on-github-actions-runners/
