2026-09-30T10:56:47.6822990Z Current runner version: '2.337.0'
2026-09-30T10:56:47.6841380Z ##[group]Runner Image Provisioner
2026-09-30T10:56:47.6842040Z Hosted Compute Agent
2026-09-30T10:56:47.6842430Z Version: 20260828.587
2026-09-30T10:56:47.6842850Z Commit: abac92662cab4cc7352de4f9f9d2e2419aad9c29
2026-09-30T10:56:47.6843400Z Build Date: 2026-08-28T16:44:25Z
2026-09-30T10:56:47.6843840Z Worker ID: {b71bd1f1-99e9-4866-804f-59ad54f0728f}
2026-09-30T10:56:47.6844470Z Azure Region: westus
2026-09-30T10:56:47.6844930Z ##[endgroup]
2026-09-30T10:56:47.6845870Z ##[group]Operating System
2026-09-30T10:56:47.6846280Z macOS
2026-09-30T10:56:47.6846760Z 26.6.2
2026-09-30T10:56:47.6847100Z 25G83
2026-09-30T10:56:47.6847440Z ##[endgroup]
2026-09-30T10:56:47.6847810Z ##[group]Runner Image
2026-09-30T10:56:47.6848210Z Image: macos-26-arm64
2026-09-30T10:56:47.6848590Z Version: 20260907.0351.1
2026-09-30T10:56:47.6849460Z Included Software: https://github.com/actions/runner-images/blob/macos-26-arm64/20260907.0351/images/macos/macos-26-arm64-Readme.md
2026-09-30T10:56:47.6850620Z Image Release: https://github.com/actions/runner-images/releases/tag/macos-26-arm64%2F20260907.0351
2026-09-30T10:56:47.6851370Z ##[endgroup]
2026-09-30T10:56:47.6853580Z ##[group]GITHUB_TOKEN Permissions
2026-09-30T10:56:47.6854960Z Actions: write
2026-09-30T10:56:47.6855480Z ArtifactMetadata: write
2026-09-30T10:56:47.6855900Z Attestations: write
2026-09-30T10:56:47.6856280Z Checks: write
2026-09-30T10:56:47.6856650Z CodeQuality: write
2026-09-30T10:56:47.6857160Z Contents: write
2026-09-30T10:56:47.6857770Z CopilotRequests: write
2026-09-30T10:56:47.6858240Z Deployments: write
2026-09-30T10:56:47.6858750Z Discussions: write
2026-09-30T10:56:47.6859140Z Drives: write
2026-09-30T10:56:47.6859620Z Issues: write
2026-09-30T10:56:47.6860050Z Metadata: read
2026-09-30T10:56:47.6860550Z Models: read
2026-09-30T10:56:47.6861060Z Packages: write
2026-09-30T10:56:47.6861570Z Pages: write
2026-09-30T10:56:47.6862100Z PullRequests: write
2026-09-30T10:56:47.6862620Z RepositoryProjects: write
2026-09-30T10:56:47.6863080Z SecurityEvents: write
2026-09-30T10:56:47.6863610Z Statuses: write
2026-09-30T10:56:47.6864050Z VulnerabilityAlerts: read
2026-09-30T10:56:47.6864540Z ##[endgroup]
2026-09-30T10:56:47.6866490Z Secret source: Actions
2026-09-30T10:56:47.6867680Z Cache mode: write
2026-09-30T10:56:47.6868240Z Prepare workflow directory
2026-09-30T10:56:47.7300300Z Prepare all required actions
2026-09-30T10:56:47.7347790Z Getting action download info
2026-09-30T10:56:47.9274280Z Download action repository 'actions/checkout@v4' (SHA:11d5960a326750d5838078e36cf38b85af677262)
2026-09-30T10:56:48.2504350Z Download action repository 'actions/setup-dotnet@v4' (SHA:67a3573c9a986a3f9c594539f4ab511d57bb3ce9)
2026-09-30T10:56:49.1210580Z Download action repository 'actions/download-artifact@v4' (SHA:d3f86a106a0bac45b974a628896c90dbdf5c8093)
2026-09-30T10:56:49.8772920Z Download action repository 'actions/upload-artifact@v4' (SHA:ea165f8d65b6e75b540449e92b4886f43607fa02)
2026-09-30T10:56:50.1235150Z Uses: JKamsker/LiteDB/.github/workflows/_reusable-ci.yml@refs/pull/133/merge (3f614aa69b15771ed1a63b8b8796172fae8b6648)
2026-09-30T10:56:50.1239310Z ##[group] Inputs
2026-09-30T10:56:50.1239960Z   tier: full
2026-09-30T10:56:50.1243460Z   sdk-matrix: [
  { "display": ".NET 8", "runtimeMajor": 8,  "sdk": "8.0.x",           "framework": "net8.0", "includePrerelease": false, "msbuildProps": "" },
  { "display": ".NET 9", "runtimeMajor": 9,  "sdk": "9.0.x\n8.0.x",    "framework": "net8.0", "includePrerelease": true,  "msbuildProps": "" },
  { "display": ".NET 10", "runtimeMajor": 10, "sdk": "10.0.x",          "framework": "net10.0", "includePrerelease": false, "msbuildProps": "" }
]

2026-09-30T10:56:50.1247180Z ##[endgroup]
2026-09-30T10:56:50.1247960Z Complete job name: build-and-test / Test (macOS .NET 9)
2026-09-30T10:56:50.1964490Z ##[group]Run actions/checkout@v4
2026-09-30T10:56:50.1965690Z with:
2026-09-30T10:56:50.1966340Z   repository: JKamsker/LiteDB
2026-09-30T10:56:50.1972900Z   token: ***
2026-09-30T10:56:50.1974270Z   ssh-strict: true
2026-09-30T10:56:50.1974940Z   ssh-user: git
2026-09-30T10:56:50.1975700Z   persist-credentials: true
2026-09-30T10:56:50.1976740Z   clean: true
2026-09-30T10:56:50.1977430Z   sparse-checkout-cone-mode: true
2026-09-30T10:56:50.1978170Z   fetch-depth: 1
2026-09-30T10:56:50.1978870Z   fetch-tags: false
2026-09-30T10:56:50.1979560Z   show-progress: true
2026-09-30T10:56:50.1980280Z   lfs: false
2026-09-30T10:56:50.1981350Z   submodules: false
2026-09-30T10:56:50.1982120Z   set-safe-directory: true
2026-09-30T10:56:50.1983000Z   allow-unsafe-pr-checkout: false
2026-09-30T10:56:50.1984750Z env:
2026-09-30T10:56:50.1986030Z   LITEDB_RETAINED_FIXTURES: __CI_WORKSPACE__/LiteDB.Tests/TestResults/retained-fixtures
2026-09-30T10:56:50.1987460Z ##[endgroup]
2026-09-30T10:56:50.7542030Z Syncing repository: JKamsker/LiteDB
2026-09-30T10:56:50.7543280Z ##[group]Getting Git version info
2026-09-30T10:56:50.7543620Z Working directory is '__CI_HOME__/work/LiteDB/LiteDB'
2026-09-30T10:56:50.7544170Z [command]/opt/homebrew/bin/git version
2026-09-30T10:56:50.8154420Z git version 2.55.0
2026-09-30T10:56:50.8167340Z ##[endgroup]
2026-09-30T10:56:50.8182890Z Copying '__CI_HOME__/.gitconfig' to '__CI_HOME__/work/_temp/6742b091-eb31-4c4b-a1bb-7c2d253161f2/.gitconfig'
2026-09-30T10:56:50.8190950Z Temporarily overriding HOME='__CI_HOME__/work/_temp/6742b091-eb31-4c4b-a1bb-7c2d253161f2' before making global git config changes
2026-09-30T10:56:50.8192220Z Adding repository directory to the temporary git global config as a safe directory
2026-09-30T10:56:50.8195070Z [command]/opt/homebrew/bin/git config --global --add safe.directory __CI_WORKSPACE__
2026-09-30T10:56:50.8327830Z Deleting the contents of '__CI_HOME__/work/LiteDB/LiteDB'
2026-09-30T10:56:50.8335560Z ##[group]Initializing the repository
2026-09-30T10:56:50.8345240Z [command]/opt/homebrew/bin/git init __CI_WORKSPACE__
2026-09-30T10:56:50.8710330Z hint: Using 'master' as the name for the initial branch. This default branch name
2026-09-30T10:56:50.8712710Z hint: will change to "main" in Git 3.0. To configure the initial branch name
2026-09-30T10:56:50.8713520Z hint: to use in all of your new repositories, which will suppress this warning,
2026-09-30T10:56:50.8714000Z hint: call:
2026-09-30T10:56:50.8714390Z hint:
2026-09-30T10:56:50.8714800Z hint: 	git config --global init.defaultBranch <name>
2026-09-30T10:56:50.8715360Z hint:
2026-09-30T10:56:50.8715770Z hint: Names commonly chosen instead of 'master' are 'main', 'trunk' and
2026-09-30T10:56:50.8716430Z hint: 'development'. The just-created branch can be renamed via this command:
2026-09-30T10:56:50.8716910Z hint:
2026-09-30T10:56:50.8717320Z hint: 	git branch -m <name>
2026-09-30T10:56:50.8717700Z hint:
2026-09-30T10:56:50.8718300Z hint: Disable this message with "git config set advice.defaultBranchName false"
2026-09-30T10:56:50.8719050Z Initialized empty Git repository in __CI_WORKSPACE__/.git/
2026-09-30T10:56:50.8723160Z [command]/opt/homebrew/bin/git remote add origin https://github.com/JKamsker/LiteDB
2026-09-30T10:56:50.8879190Z ##[endgroup]
2026-09-30T10:56:50.8879820Z ##[group]Disabling automatic garbage collection
2026-09-30T10:56:50.8880590Z [command]/opt/homebrew/bin/git config --local gc.auto 0
2026-09-30T10:56:50.8958460Z ##[endgroup]
2026-09-30T10:56:50.8959740Z ##[group]Setting up auth
2026-09-30T10:56:50.8965510Z [command]/opt/homebrew/bin/git config --local --name-only --get-regexp core\.sshCommand
2026-09-30T10:56:50.9041450Z [command]/opt/homebrew/bin/git submodule foreach --recursive sh -c "git config --local --name-only --get-regexp 'core\.sshCommand' && git config --local --unset-all 'core.sshCommand' || :"
2026-09-30T10:56:51.0242770Z [command]/opt/homebrew/bin/git config --local --name-only --get-regexp http\.https\:\/\/github\.com\/\.extraheader
2026-09-30T10:56:51.0297550Z [command]/opt/homebrew/bin/git submodule foreach --recursive sh -c "git config --local --name-only --get-regexp 'http\.https\:\/\/github\.com\/\.extraheader' && git config --local --unset-all 'http.https://github.com/.extraheader' || :"
2026-09-30T10:56:51.0974970Z [command]/opt/homebrew/bin/git config --local --name-only --get-regexp ^includeIf\.gitdir:
2026-09-30T10:56:51.1027990Z [command]/opt/homebrew/bin/git submodule foreach --recursive git config --local --show-origin --name-only --get-regexp remote.origin.url
2026-09-30T10:56:51.2161770Z [command]/opt/homebrew/bin/git config --local http.https://github.com/.extraheader AUTHORIZATION: basic ***
2026-09-30T10:56:51.2232100Z ##[endgroup]
2026-09-30T10:56:51.2232660Z ##[group]Fetching the repository
2026-09-30T10:56:51.2237450Z [command]/opt/homebrew/bin/git -c protocol.version=2 fetch --no-tags --prune --no-recurse-submodules --depth=1 origin +3f614aa69b15771ed1a63b8b8796172fae8b6648:refs/remotes/pull/133/merge
2026-09-30T10:56:52.7918760Z From https://github.com/JKamsker/LiteDB
2026-09-30T10:56:52.7920480Z  * [new ref]         3f614aa69b15771ed1a63b8b8796172fae8b6648 -> pull/133/merge
2026-09-30T10:56:52.7941130Z ##[endgroup]
2026-09-30T10:56:52.7942620Z ##[group]Determining the checkout info
2026-09-30T10:56:52.7946420Z ##[endgroup]
2026-09-30T10:56:52.7947350Z [command]/opt/homebrew/bin/git sparse-checkout disable
2026-09-30T10:56:52.8041360Z [command]/opt/homebrew/bin/git config --local --unset-all extensions.worktreeConfig
2026-09-30T10:56:52.8128690Z ##[group]Checking out the ref
2026-09-30T10:56:52.8130500Z [command]/opt/homebrew/bin/git checkout --progress --force refs/remotes/pull/133/merge
2026-09-30T10:56:53.1568090Z HEAD is now at 3f614aa Merge e821ae7479dcb83570031180b0c0e3f4fd167793 into 5dd942a7367c361fadd600be4ce10aace2768b27
2026-09-30T10:56:53.1581350Z ##[endgroup]
2026-09-30T10:56:53.1702180Z [command]/opt/homebrew/bin/git log -1 --format=%H
2026-09-30T10:56:53.1800990Z 3f614aa69b15771ed1a63b8b8796172fae8b6648
2026-09-30T10:56:53.2402350Z ##[group]Run actions/setup-dotnet@v4
2026-09-30T10:56:53.2402610Z with:
2026-09-30T10:56:53.2402790Z   dotnet-version: 9.0.x
8.0.x
2026-09-30T10:56:53.2403030Z   cache: false
2026-09-30T10:56:53.2403250Z env:
2026-09-30T10:56:53.2403580Z   LITEDB_RETAINED_FIXTURES: __CI_WORKSPACE__/LiteDB.Tests/TestResults/retained-fixtures
2026-09-30T10:56:53.2404050Z ##[endgroup]
2026-09-30T10:56:53.4606150Z (node:1165) [DEP0040] DeprecationWarning: The `punycode` module is deprecated. Please use a userland alternative instead.
2026-09-30T10:56:53.4607020Z (Use `node --trace-deprecation ...` to show where the warning was created)
2026-09-30T10:56:53.4647730Z [command]__CI_HOME__/work/_actions/actions/setup-dotnet/v4/externals/install-dotnet.sh --skip-non-versioned-files --runtime dotnet --channel LTS
2026-09-30T10:56:54.2101960Z dotnet-install: Attempting to download using aka.ms link https://builds.dotnet.microsoft.com/dotnet/Runtime/10.0.12/dotnet-runtime-10.0.12-osx-arm64.tar.gz
2026-09-30T10:56:55.1304780Z dotnet-install: Remote file https://builds.dotnet.microsoft.com/dotnet/Runtime/10.0.12/dotnet-runtime-10.0.12-osx-arm64.tar.gz size is 33249724 bytes.
2026-09-30T10:56:55.1308150Z dotnet-install: Extracting archive from https://builds.dotnet.microsoft.com/dotnet/Runtime/10.0.12/dotnet-runtime-10.0.12-osx-arm64.tar.gz
2026-09-30T10:56:55.6359950Z dotnet-install: Downloaded file size is 33249724 bytes.
2026-09-30T10:56:55.6360840Z dotnet-install: The remote and local file sizes are equal.
2026-09-30T10:56:55.6571850Z dotnet-install: Installed version is 10.0.12
2026-09-30T10:56:55.6651820Z dotnet-install: Adding to current process PATH: `__CI_HOME__/.dotnet`. Note: This change will be visible only when sourcing script.
2026-09-30T10:56:55.6652960Z dotnet-install: Note that the script does not resolve dependencies during installation.
2026-09-30T10:56:55.6655790Z dotnet-install: To check the list of dependencies, go to https://learn.microsoft.com/dotnet/core/install, select your operating system and check the "Dependencies" section.
2026-09-30T10:56:55.6657060Z dotnet-install: Installation finished successfully.
2026-09-30T10:56:55.6677690Z [command]__CI_HOME__/work/_actions/actions/setup-dotnet/v4/externals/install-dotnet.sh --skip-non-versioned-files --channel 9.0
2026-09-30T10:56:56.2873140Z dotnet-install: Attempting to download using aka.ms link https://builds.dotnet.microsoft.com/dotnet/Sdk/9.0.318/dotnet-sdk-9.0.318-osx-arm64.tar.gz
2026-09-30T10:56:59.4954800Z dotnet-install: Remote file https://builds.dotnet.microsoft.com/dotnet/Sdk/9.0.318/dotnet-sdk-9.0.318-osx-arm64.tar.gz size is 210486069 bytes.
2026-09-30T10:56:59.4957420Z dotnet-install: Extracting archive from https://builds.dotnet.microsoft.com/dotnet/Sdk/9.0.318/dotnet-sdk-9.0.318-osx-arm64.tar.gz
2026-09-30T10:57:05.9563420Z dotnet-install: Downloaded file size is 210486069 bytes.
2026-09-30T10:57:05.9597380Z dotnet-install: The remote and local file sizes are equal.
2026-09-30T10:57:06.2812030Z dotnet-install: Installed version is 9.0.318
2026-09-30T10:57:06.2895020Z dotnet-install: Adding to current process PATH: `__CI_HOME__/.dotnet`. Note: This change will be visible only when sourcing script.
2026-09-30T10:57:06.2896660Z dotnet-install: Note that the script does not resolve dependencies during installation.
2026-09-30T10:57:06.2897740Z dotnet-install: To check the list of dependencies, go to https://learn.microsoft.com/dotnet/core/install, select your operating system and check the "Dependencies" section.
2026-09-30T10:57:06.2898970Z dotnet-install: Installation finished successfully.
2026-09-30T10:57:06.2934080Z [command]__CI_HOME__/work/_actions/actions/setup-dotnet/v4/externals/install-dotnet.sh --skip-non-versioned-files --runtime dotnet --channel LTS
2026-09-30T10:57:06.8732210Z dotnet-install: .NET Core Runtime with version '10.0.12' is already installed.
2026-09-30T10:57:06.8834960Z [command]__CI_HOME__/work/_actions/actions/setup-dotnet/v4/externals/install-dotnet.sh --skip-non-versioned-files --channel 8.0
2026-09-30T10:57:07.6673780Z dotnet-install: Attempting to download using aka.ms link https://builds.dotnet.microsoft.com/dotnet/Sdk/8.0.425/dotnet-sdk-8.0.425-osx-arm64.tar.gz
2026-09-30T10:57:10.7333360Z dotnet-install: Remote file https://builds.dotnet.microsoft.com/dotnet/Sdk/8.0.425/dotnet-sdk-8.0.425-osx-arm64.tar.gz size is 209896438 bytes.
2026-09-30T10:57:10.7334710Z dotnet-install: Extracting archive from https://builds.dotnet.microsoft.com/dotnet/Sdk/8.0.425/dotnet-sdk-8.0.425-osx-arm64.tar.gz
2026-09-30T10:57:15.4084180Z dotnet-install: Downloaded file size is 209896438 bytes.
2026-09-30T10:57:15.4085560Z dotnet-install: The remote and local file sizes are equal.
2026-09-30T10:57:15.9091940Z dotnet-install: Installed version is 8.0.425
2026-09-30T10:57:15.9371680Z dotnet-install: Adding to current process PATH: `__CI_HOME__/.dotnet`. Note: This change will be visible only when sourcing script.
2026-09-30T10:57:15.9379070Z dotnet-install: Note that the script does not resolve dependencies during installation.
2026-09-30T10:57:15.9436600Z dotnet-install: To check the list of dependencies, go to https://learn.microsoft.com/dotnet/core/install, select your operating system and check the "Dependencies" section.
2026-09-30T10:57:15.9442860Z dotnet-install: Installation finished successfully.
2026-09-30T10:57:15.9876190Z ##[group]Run actions/download-artifact@v4
2026-09-30T10:57:15.9876630Z with:
2026-09-30T10:57:15.9876900Z   name: tests-build-macos
2026-09-30T10:57:15.9877220Z   merge-multiple: false
2026-09-30T10:57:15.9877550Z   repository: JKamsker/LiteDB
2026-09-30T10:57:15.9877870Z   run-id: 36705044676
2026-09-30T10:57:15.9878190Z env:
2026-09-30T10:57:15.9878630Z   LITEDB_RETAINED_FIXTURES: __CI_WORKSPACE__/LiteDB.Tests/TestResults/retained-fixtures
2026-09-30T10:57:15.9879250Z   DOTNET_ROOT: __CI_HOME__/.dotnet
2026-09-30T10:57:15.9879570Z ##[endgroup]
2026-09-30T10:57:16.4044090Z Downloading single artifact
2026-09-30T10:57:16.4432450Z (node:2141) [DEP0040] DeprecationWarning: The `punycode` module is deprecated. Please use a userland alternative instead.
2026-09-30T10:57:16.4433770Z (Use `node --trace-deprecation ...` to show where the warning was created)
2026-09-30T10:57:16.5972050Z Preparing to download the following artifacts:
2026-09-30T10:57:16.5982910Z - tests-build-macos (ID: 11092085743, Size: 39955602, Expected Digest: sha256:4a7d1ae447e21ed7c2bad2b8f3e61d105cb4eadf8c87d15c849a96bb69c826ca)
2026-09-30T10:57:16.7490180Z Redirecting to blob download url: https://productionresultssa18.blob.core.windows.net/actions-results/b2c9bfe9-81f6-86f6-816b-fddb3bc6c705/workflow-job-run-1ae2f629-7a93-56c7-b48b-9818695335e8/artifacts/f68b60ee3eee88148c2c3f9e4be4f9d5f88c82dec9e8d90448f02dff55e0715f.zip
2026-09-30T10:57:16.7495130Z Starting download of artifact to: __CI_WORKSPACE__
2026-09-30T10:57:16.8350290Z (node:2141) [DEP0005] DeprecationWarning: Buffer() is deprecated due to security and usability issues. Please use the Buffer.alloc(), Buffer.allocUnsafe(), or Buffer.from() methods instead.
2026-09-30T10:57:17.5296480Z SHA256 digest of downloaded artifact is 4a7d1ae447e21ed7c2bad2b8f3e61d105cb4eadf8c87d15c849a96bb69c826ca
2026-09-30T10:57:17.5301320Z Artifact download completed successfully.
2026-09-30T10:57:17.5301770Z Total of 1 artifact(s) downloaded
2026-09-30T10:57:17.5318160Z Download artifact has finished successfully
2026-09-30T10:57:17.5431290Z ##[group]Run tar -xzf tests-build-macos.tar.gz
2026-09-30T10:57:17.5431740Z [36;1mtar -xzf tests-build-macos.tar.gz[0m
2026-09-30T10:57:17.5491230Z shell: /bin/bash -e {0}
2026-09-30T10:57:17.5491570Z env:
2026-09-30T10:57:17.5492040Z   LITEDB_RETAINED_FIXTURES: __CI_WORKSPACE__/LiteDB.Tests/TestResults/retained-fixtures
2026-09-30T10:57:17.5492570Z   DOTNET_ROOT: __CI_HOME__/.dotnet
2026-09-30T10:57:17.5492830Z ##[endgroup]
2026-09-30T10:57:18.0203490Z ##[group]Run ./scripts/run-ci-tests.ps1 -RuntimeMajor 9 -Framework "net8.0" -PartitionSuite
2026-09-30T10:57:18.0204170Z [36;1m./scripts/run-ci-tests.ps1 -RuntimeMajor 9 -Framework "net8.0" -PartitionSuite[0m
2026-09-30T10:57:18.0224980Z shell: /usr/local/bin/pwsh -command ". '{0}'"
2026-09-30T10:57:18.0225310Z env:
2026-09-30T10:57:18.0225740Z   LITEDB_RETAINED_FIXTURES: __CI_WORKSPACE__/LiteDB.Tests/TestResults/retained-fixtures
2026-09-30T10:57:18.0226160Z   DOTNET_ROOT: __CI_HOME__/.dotnet
2026-09-30T10:57:18.0226730Z   LITEDB_EVIDENCE_MATRIX: {
  "item": {
    "display": ".NET 9",
    "runtimeMajor": 9,
    "sdk": "9.0.x\n8.0.x",
    "framework": "net8.0",
    "includePrerelease": true,
    "msbuildProps": ""
  }
}
2026-09-30T10:57:18.0227280Z ##[endgroup]
2026-09-30T10:57:19.9243400Z dotnet-install: Attempting to download using aka.ms link https://builds.dotnet.microsoft.com/dotnet/Runtime/9.0.20/dotnet-runtime-9.0.20-osx-arm64.tar.gz
2026-09-30T10:57:20.8006000Z dotnet-install: Remote file https://builds.dotnet.microsoft.com/dotnet/Runtime/9.0.20/dotnet-runtime-9.0.20-osx-arm64.tar.gz size is 30809560 bytes.
2026-09-30T10:57:20.8007630Z dotnet-install: Extracting archive from https://builds.dotnet.microsoft.com/dotnet/Runtime/9.0.20/dotnet-runtime-9.0.20-osx-arm64.tar.gz
2026-09-30T10:57:21.1872610Z dotnet-install: Downloaded file size is 30809560 bytes.
2026-09-30T10:57:21.1873090Z dotnet-install: The remote and local file sizes are equal.
2026-09-30T10:57:21.2062680Z dotnet-install: Installed version is 9.0.20
2026-09-30T10:57:21.2141790Z dotnet-install: Binaries of dotnet can be found in __CI_HOME__/work/_temp/litedb-runtime-9-arm64
2026-09-30T10:57:21.2142470Z dotnet-install: Note that the script does not resolve dependencies during installation.
2026-09-30T10:57:21.2143630Z dotnet-install: To check the list of dependencies, go to https://learn.microsoft.com/dotnet/core/install, select your operating system and check the "Dependencies" section.
2026-09-30T10:57:21.2144610Z dotnet-install: Installation finished successfully.
2026-09-30T10:57:21.2476330Z 
2026-09-30T10:57:21.2476620Z Host:
2026-09-30T10:57:21.2477050Z   Version:      9.0.20
2026-09-30T10:57:21.2477220Z   Architecture: arm64
2026-09-30T10:57:21.2477440Z   Commit:       3879076d9a
2026-09-30T10:57:21.2478160Z   RID:          osx-arm64
2026-09-30T10:57:21.2478280Z 
2026-09-30T10:57:21.2478370Z .NET SDKs installed:
2026-09-30T10:57:21.2478550Z   No SDKs were found.
2026-09-30T10:57:21.2478650Z 
2026-09-30T10:57:21.2478730Z .NET runtimes installed:
2026-09-30T10:57:21.2479120Z   Microsoft.NETCore.App 9.0.20 [__CI_HOME__/work/_temp/litedb-runtime-9-arm64/shared/Microsoft.NETCore.App]
2026-09-30T10:57:21.2479460Z 
2026-09-30T10:57:21.2479560Z Other architectures found:
2026-09-30T10:57:21.2479760Z   None
2026-09-30T10:57:21.2479840Z 
2026-09-30T10:57:21.2479920Z Environment variables:
2026-09-30T10:57:21.2480110Z   DOTNET_ROOT       [__CI_HOME__/.dotnet]
2026-09-30T10:57:21.2480260Z 
2026-09-30T10:57:21.2480340Z global.json file:
2026-09-30T10:57:21.2480510Z   Not found
2026-09-30T10:57:21.2480590Z 
2026-09-30T10:57:21.2480660Z Learn more:
2026-09-30T10:57:21.2480840Z   https://aka.ms/dotnet/info
2026-09-30T10:57:21.2480970Z 
2026-09-30T10:57:21.2481020Z Download .NET:
2026-09-30T10:57:21.2481190Z   https://aka.ms/dotnet/download
2026-09-30T10:57:21.2800680Z 
2026-09-30T10:57:21.2800920Z Host:
2026-09-30T10:57:21.2801620Z   Version:      9.0.20
2026-09-30T10:57:21.2801870Z   Architecture: arm64
2026-09-30T10:57:21.2802080Z   Commit:       3879076d9a
2026-09-30T10:57:21.2802280Z   RID:          osx-arm64
2026-09-30T10:57:21.2802410Z 
2026-09-30T10:57:21.2802500Z .NET SDKs installed:
2026-09-30T10:57:21.2802740Z   No SDKs were found.
2026-09-30T10:57:21.2802840Z 
2026-09-30T10:57:21.2802930Z .NET runtimes installed:
2026-09-30T10:57:21.2803320Z   Microsoft.NETCore.App 9.0.20 [__CI_HOME__/work/_temp/litedb-runtime-9-arm64/shared/Microsoft.NETCore.App]
2026-09-30T10:57:21.2803660Z 
2026-09-30T10:57:21.2804640Z Other architectures found:
2026-09-30T10:57:21.2804870Z   None
2026-09-30T10:57:21.2804950Z 
2026-09-30T10:57:21.2805030Z Environment variables:
2026-09-30T10:57:21.2805210Z   DOTNET_ROOT       [__CI_HOME__/.dotnet]
2026-09-30T10:57:21.2805360Z 
2026-09-30T10:57:21.2805450Z global.json file:
2026-09-30T10:57:21.2805610Z   Not found
2026-09-30T10:57:21.2805690Z 
2026-09-30T10:57:21.2805750Z Learn more:
2026-09-30T10:57:21.2805930Z   https://aka.ms/dotnet/info
2026-09-30T10:57:21.2806070Z 
2026-09-30T10:57:21.2806140Z Download .NET:
2026-09-30T10:57:21.2806310Z   https://aka.ms/dotnet/download
2026-09-30T10:57:27.0606590Z Partition coverage: 2531 test methods, 0 not in exactly one partition.
2026-09-30T10:57:27.1587850Z Running complete-suite partition: issues
2026-09-30T10:57:27.1789110Z 
2026-09-30T10:57:27.1789710Z Host:
2026-09-30T10:57:27.1790020Z   Version:      9.0.20
2026-09-30T10:57:27.1790370Z   Architecture: arm64
2026-09-30T10:57:27.1790690Z   Commit:       3879076d9a
2026-09-30T10:57:27.1791000Z   RID:          osx-arm64
2026-09-30T10:57:27.1791210Z 
2026-09-30T10:57:27.1791350Z .NET SDKs installed:
2026-09-30T10:57:27.1791640Z   No SDKs were found.
2026-09-30T10:57:27.1791760Z 
2026-09-30T10:57:27.1791900Z .NET runtimes installed:
2026-09-30T10:57:27.1792440Z   Microsoft.NETCore.App 9.0.20 [__CI_HOME__/work/_temp/litedb-runtime-9-arm64/shared/Microsoft.NETCore.App]
2026-09-30T10:57:27.1792860Z 
2026-09-30T10:57:27.1792940Z Other architectures found:
2026-09-30T10:57:27.1793190Z   None
2026-09-30T10:57:27.1793330Z 
2026-09-30T10:57:27.1793460Z Environment variables:
2026-09-30T10:57:27.1793720Z   DOTNET_ROOT       [__CI_HOME__/.dotnet]
2026-09-30T10:57:27.1793940Z 
2026-09-30T10:57:27.1794050Z global.json file:
2026-09-30T10:57:27.1794320Z   Not found
2026-09-30T10:57:27.1794400Z 
2026-09-30T10:57:27.1794560Z Learn more:
2026-09-30T10:57:27.1794820Z   https://aka.ms/dotnet/info
2026-09-30T10:57:27.1795010Z 
2026-09-30T10:57:27.1795060Z Download .NET:
2026-09-30T10:57:27.1795370Z   https://aka.ms/dotnet/download
2026-09-30T10:57:27.3425380Z VSTest version 18.7.0 (arm64)
2026-09-30T10:57:27.3429180Z 
2026-09-30T10:57:27.4148080Z Starting test execution, please wait...
2026-09-30T10:57:27.4228350Z Test run detected DLL(s) which would use different framework and platform versions. Following DLL(s) do not match current settings, which are .NETCoreApp,Version=v9.0 framework and ARM64 platform.
2026-09-30T10:57:27.4230590Z LiteDB.Tests.dll would use Framework .NETCoreApp,Version=v8.0 and Platform ARM64.
2026-09-30T10:57:27.4232350Z Go to https://aka.ms/tp/vstest/multitargetingdoc?view=vs-2019 for more details on managing these settings.
2026-09-30T10:57:27.4451640Z A total of 1 test files matched the specified pattern.
2026-09-30T10:57:42.8668510Z [xUnit.net 00:00:15.13]     LiteDB.Tests.Issues.Issue2127_Tests+ReproTests.InsertItemBackToBack_Test [SKIP]
2026-09-30T10:57:42.8822270Z   Skipped LiteDB.Tests.Issues.Issue2127_Tests+ReproTests.InsertItemBackToBack_Test [1 ms]
2026-09-30T10:58:11.2090680Z Results File: __CI_WORKSPACE__/LiteDB.Tests/TestResults/TestResults-issues.trx
2026-09-30T10:58:11.2193190Z 
2026-09-30T10:58:11.2295440Z Passed!  - Failed:     0, Passed:  1571, Skipped:     1, Total:  1572, Duration: 42 s - LiteDB.Tests.dll (net9.0)
2026-09-30T10:58:11.3932640Z Running complete-suite partition: rebuild
2026-09-30T10:58:11.4698490Z 
2026-09-30T10:58:11.4699980Z Host:
2026-09-30T10:58:11.4701230Z   Version:      9.0.20
2026-09-30T10:58:11.4702680Z   Architecture: arm64
2026-09-30T10:58:11.4703180Z   Commit:       3879076d9a
2026-09-30T10:58:11.4703500Z   RID:          osx-arm64
2026-09-30T10:58:11.4703860Z 
2026-09-30T10:58:11.4705020Z .NET SDKs installed:
2026-09-30T10:58:11.4705460Z   No SDKs were found.
2026-09-30T10:58:11.4705620Z 
2026-09-30T10:58:11.4705810Z .NET runtimes installed:
2026-09-30T10:58:11.4706440Z   Microsoft.NETCore.App 9.0.20 [__CI_HOME__/work/_temp/litedb-runtime-9-arm64/shared/Microsoft.NETCore.App]
2026-09-30T10:58:11.4706950Z 
2026-09-30T10:58:11.4718950Z Other architectures found:
2026-09-30T10:58:11.4719590Z   None
2026-09-30T10:58:11.4719770Z 
2026-09-30T10:58:11.4719890Z Environment variables:
2026-09-30T10:58:11.4720240Z   DOTNET_ROOT       [__CI_HOME__/.dotnet]
2026-09-30T10:58:11.4720480Z 
2026-09-30T10:58:11.4720610Z global.json file:
2026-09-30T10:58:11.4720830Z   Not found
2026-09-30T10:58:11.4721300Z 
2026-09-30T10:58:11.4721450Z Learn more:
2026-09-30T10:58:11.4722870Z   https://aka.ms/dotnet/info
2026-09-30T10:58:11.4723030Z 
2026-09-30T10:58:11.4723160Z Download .NET:
2026-09-30T10:58:11.4723650Z   https://aka.ms/dotnet/download
2026-09-30T10:58:11.6908300Z VSTest version 18.7.0 (arm64)
2026-09-30T10:58:11.6914500Z 
2026-09-30T10:58:11.7513640Z Starting test execution, please wait...
2026-09-30T10:58:11.7566330Z Test run detected DLL(s) which would use different framework and platform versions. Following DLL(s) do not match current settings, which are .NETCoreApp,Version=v9.0 framework and ARM64 platform.
2026-09-30T10:58:11.7567430Z LiteDB.Tests.dll would use Framework .NETCoreApp,Version=v8.0 and Platform ARM64.
2026-09-30T10:58:11.7568270Z Go to https://aka.ms/tp/vstest/multitargetingdoc?view=vs-2019 for more details on managing these settings.
2026-09-30T10:58:11.7741310Z A total of 1 test files matched the specified pattern.
2026-09-30T10:58:12.9929670Z [xUnit.net 00:00:00.93]     LiteDB.Tests.Engine.Rebuild_Tests.Rebuild_Change_Culture_Error [SKIP]
2026-09-30T10:58:13.1722960Z   Skipped LiteDB.Tests.Engine.Rebuild_Tests.Rebuild_Change_Culture_Error [1 ms]
2026-09-30T10:58:18.7753800Z Results File: __CI_WORKSPACE__/LiteDB.Tests/TestResults/TestResults-rebuild.trx
2026-09-30T10:58:18.7755090Z 
2026-09-30T10:58:18.7773780Z Passed!  - Failed:     0, Passed:    87, Skipped:     1, Total:    88, Duration: 6 s - LiteDB.Tests.dll (net9.0)
2026-09-30T10:58:18.7953040Z Running complete-suite partition: engine-compact
2026-09-30T10:58:18.8143790Z 
2026-09-30T10:58:18.8144250Z Host:
2026-09-30T10:58:18.8146050Z   Version:      9.0.20
2026-09-30T10:58:18.8146460Z   Architecture: arm64
2026-09-30T10:58:18.8146780Z   Commit:       3879076d9a
2026-09-30T10:58:18.8147140Z   RID:          osx-arm64
2026-09-30T10:58:18.8147340Z 
2026-09-30T10:58:18.8147430Z .NET SDKs installed:
2026-09-30T10:58:18.8147720Z   No SDKs were found.
2026-09-30T10:58:18.8153470Z 
2026-09-30T10:58:18.8153610Z .NET runtimes installed:
2026-09-30T10:58:18.8154110Z   Microsoft.NETCore.App 9.0.20 [__CI_HOME__/work/_temp/litedb-runtime-9-arm64/shared/Microsoft.NETCore.App]
2026-09-30T10:58:18.8154550Z 
2026-09-30T10:58:18.8154690Z Other architectures found:
2026-09-30T10:58:18.8154930Z   None
2026-09-30T10:58:18.8155010Z 
2026-09-30T10:58:18.8155120Z Environment variables:
2026-09-30T10:58:18.8155410Z   DOTNET_ROOT       [__CI_HOME__/.dotnet]
2026-09-30T10:58:18.8155610Z 
2026-09-30T10:58:18.8155720Z global.json file:
2026-09-30T10:58:18.8155920Z   Not found
2026-09-30T10:58:18.8156050Z 
2026-09-30T10:58:18.8156140Z Learn more:
2026-09-30T10:58:18.8156330Z   https://aka.ms/dotnet/info
2026-09-30T10:58:18.8156510Z 
2026-09-30T10:58:18.8156640Z Download .NET:
2026-09-30T10:58:18.8156900Z   https://aka.ms/dotnet/download
2026-09-30T10:58:18.9610090Z VSTest version 18.7.0 (arm64)
2026-09-30T10:58:18.9613770Z 
2026-09-30T10:58:19.0103400Z Starting test execution, please wait...
2026-09-30T10:58:19.0149490Z Test run detected DLL(s) which would use different framework and platform versions. Following DLL(s) do not match current settings, which are .NETCoreApp,Version=v9.0 framework and ARM64 platform.
2026-09-30T10:58:19.0150420Z LiteDB.Tests.dll would use Framework .NETCoreApp,Version=v8.0 and Platform ARM64.
2026-09-30T10:58:19.0151230Z Go to https://aka.ms/tp/vstest/multitargetingdoc?view=vs-2019 for more details on managing these settings.
2026-09-30T10:58:19.0269200Z A total of 1 test files matched the specified pattern.
2026-09-30T10:58:50.0550060Z Results File: __CI_WORKSPACE__/LiteDB.Tests/TestResults/TestResults-engine-compact.trx
2026-09-30T10:58:50.0557440Z 
2026-09-30T10:58:50.0578530Z Passed!  - Failed:     0, Passed:   296, Skipped:     0, Total:   296, Duration: 30 s - LiteDB.Tests.dll (net9.0)
2026-09-30T10:58:50.1066660Z Running complete-suite partition: engine-index
2026-09-30T10:58:50.1561510Z 
2026-09-30T10:58:50.1562600Z Host:
2026-09-30T10:58:50.1562980Z   Version:      9.0.20
2026-09-30T10:58:50.1563590Z   Architecture: arm64
2026-09-30T10:58:50.1564070Z   Commit:       3879076d9a
2026-09-30T10:58:50.1564600Z   RID:          osx-arm64
2026-09-30T10:58:50.1564820Z 
2026-09-30T10:58:50.1565160Z .NET SDKs installed:
2026-09-30T10:58:50.1565670Z   No SDKs were found.
2026-09-30T10:58:50.1565990Z 
2026-09-30T10:58:50.1566240Z .NET runtimes installed:
2026-09-30T10:58:50.1566790Z   Microsoft.NETCore.App 9.0.20 [__CI_HOME__/work/_temp/litedb-runtime-9-arm64/shared/Microsoft.NETCore.App]
2026-09-30T10:58:50.1567350Z 
2026-09-30T10:58:50.1567610Z Other architectures found:
2026-09-30T10:58:50.1568020Z   None
2026-09-30T10:58:50.1568180Z 
2026-09-30T10:58:50.1568430Z Environment variables:
2026-09-30T10:58:50.1568910Z   DOTNET_ROOT       [__CI_HOME__/.dotnet]
2026-09-30T10:58:50.1569200Z 
2026-09-30T10:58:50.1569340Z global.json file:
2026-09-30T10:58:50.1569740Z   Not found
2026-09-30T10:58:50.1570000Z 
2026-09-30T10:58:50.1570270Z Learn more:
2026-09-30T10:58:50.1570610Z   https://aka.ms/dotnet/info
2026-09-30T10:58:50.1570920Z 
2026-09-30T10:58:50.1571210Z Download .NET:
2026-09-30T10:58:50.1571620Z   https://aka.ms/dotnet/download
2026-09-30T10:58:50.3784190Z VSTest version 18.7.0 (arm64)
2026-09-30T10:58:50.3788950Z 
2026-09-30T10:58:50.4420770Z Starting test execution, please wait...
2026-09-30T10:58:50.4484000Z Test run detected DLL(s) which would use different framework and platform versions. Following DLL(s) do not match current settings, which are .NETCoreApp,Version=v9.0 framework and ARM64 platform.
2026-09-30T10:58:50.4485010Z LiteDB.Tests.dll would use Framework .NETCoreApp,Version=v8.0 and Platform ARM64.
2026-09-30T10:58:50.4485920Z Go to https://aka.ms/tp/vstest/multitargetingdoc?view=vs-2019 for more details on managing these settings.
2026-09-30T10:58:50.4652020Z A total of 1 test files matched the specified pattern.
2026-09-30T10:59:14.9523470Z Results File: __CI_WORKSPACE__/LiteDB.Tests/TestResults/TestResults-engine-index.trx
2026-09-30T10:59:14.9530230Z 
2026-09-30T10:59:14.9546180Z Passed!  - Failed:     0, Passed:    63, Skipped:     0, Total:    63, Duration: 23 s - LiteDB.Tests.dll (net9.0)
2026-09-30T10:59:14.9807330Z Running complete-suite partition: engine-admission
2026-09-30T10:59:15.0215200Z 
2026-09-30T10:59:15.0216110Z Host:
2026-09-30T10:59:15.0216450Z   Version:      9.0.20
2026-09-30T10:59:15.0216820Z   Architecture: arm64
2026-09-30T10:59:15.0217140Z   Commit:       3879076d9a
2026-09-30T10:59:15.0217500Z   RID:          osx-arm64
2026-09-30T10:59:15.0217730Z 
2026-09-30T10:59:15.0217950Z .NET SDKs installed:
2026-09-30T10:59:15.0218260Z   No SDKs were found.
2026-09-30T10:59:15.0218460Z 
2026-09-30T10:59:15.0218720Z .NET runtimes installed:
2026-09-30T10:59:15.0219430Z   Microsoft.NETCore.App 9.0.20 [__CI_HOME__/work/_temp/litedb-runtime-9-arm64/shared/Microsoft.NETCore.App]
2026-09-30T10:59:15.0219840Z 
2026-09-30T10:59:15.0220020Z Other architectures found:
2026-09-30T10:59:15.0220310Z   None
2026-09-30T10:59:15.0220450Z 
2026-09-30T10:59:15.0220530Z Environment variables:
2026-09-30T10:59:15.0220840Z   DOTNET_ROOT       [__CI_HOME__/.dotnet]
2026-09-30T10:59:15.0221050Z 
2026-09-30T10:59:15.0221170Z global.json file:
2026-09-30T10:59:15.0221350Z   Not found
2026-09-30T10:59:15.0221480Z 
2026-09-30T10:59:15.0221540Z Learn more:
2026-09-30T10:59:15.0221900Z   https://aka.ms/dotnet/info
2026-09-30T10:59:15.0222080Z 
2026-09-30T10:59:15.0222180Z Download .NET:
2026-09-30T10:59:15.0222680Z   https://aka.ms/dotnet/download
2026-09-30T10:59:15.2061430Z VSTest version 18.7.0 (arm64)
2026-09-30T10:59:15.2161260Z 
2026-09-30T10:59:15.2733840Z Starting test execution, please wait...
2026-09-30T10:59:15.2792580Z Test run detected DLL(s) which would use different framework and platform versions. Following DLL(s) do not match current settings, which are .NETCoreApp,Version=v9.0 framework and ARM64 platform.
2026-09-30T10:59:15.2794060Z LiteDB.Tests.dll would use Framework .NETCoreApp,Version=v8.0 and Platform ARM64.
2026-09-30T10:59:15.2794920Z Go to https://aka.ms/tp/vstest/multitargetingdoc?view=vs-2019 for more details on managing these settings.
2026-09-30T10:59:15.2933160Z A total of 1 test files matched the specified pattern.
2026-09-30T10:59:34.4829670Z Results File: __CI_WORKSPACE__/LiteDB.Tests/TestResults/TestResults-engine-admission.trx
2026-09-30T10:59:34.4931220Z 
2026-09-30T10:59:34.4967390Z Passed!  - Failed:     0, Passed:   126, Skipped:     0, Total:   126, Duration: 18 s - LiteDB.Tests.dll (net9.0)
2026-09-30T10:59:34.5431270Z Running complete-suite partition: engine-shared
2026-09-30T10:59:34.5937750Z 
2026-09-30T10:59:34.5938320Z Host:
2026-09-30T10:59:34.5938850Z   Version:      9.0.20
2026-09-30T10:59:34.5939270Z   Architecture: arm64
2026-09-30T10:59:34.5939650Z   Commit:       3879076d9a
2026-09-30T10:59:34.5940050Z   RID:          osx-arm64
2026-09-30T10:59:34.5940310Z 
2026-09-30T10:59:34.5940480Z .NET SDKs installed:
2026-09-30T10:59:34.5942140Z   No SDKs were found.
2026-09-30T10:59:34.5942480Z 
2026-09-30T10:59:34.5942710Z .NET runtimes installed:
2026-09-30T10:59:34.5949870Z   Microsoft.NETCore.App 9.0.20 [__CI_HOME__/work/_temp/litedb-runtime-9-arm64/shared/Microsoft.NETCore.App]
2026-09-30T10:59:34.5951730Z 
2026-09-30T10:59:34.5952350Z Other architectures found:
2026-09-30T10:59:34.5953400Z   None
2026-09-30T10:59:34.5953910Z 
2026-09-30T10:59:34.5954650Z Environment variables:
2026-09-30T10:59:34.5955750Z   DOTNET_ROOT       [__CI_HOME__/.dotnet]
2026-09-30T10:59:34.5956510Z 
2026-09-30T10:59:34.5956980Z global.json file:
2026-09-30T10:59:34.5957780Z   Not found
2026-09-30T10:59:34.5958330Z 
2026-09-30T10:59:34.5958790Z Learn more:
2026-09-30T10:59:34.5959820Z   https://aka.ms/dotnet/info
2026-09-30T10:59:34.5960560Z 
2026-09-30T10:59:34.5961030Z Download .NET:
2026-09-30T10:59:34.5964890Z   https://aka.ms/dotnet/download
2026-09-30T10:59:34.8831730Z VSTest version 18.7.0 (arm64)
2026-09-30T10:59:34.8852560Z 
2026-09-30T10:59:34.9758710Z Starting test execution, please wait...
2026-09-30T10:59:34.9854590Z Test run detected DLL(s) which would use different framework and platform versions. Following DLL(s) do not match current settings, which are .NETCoreApp,Version=v9.0 framework and ARM64 platform.
2026-09-30T10:59:34.9857590Z LiteDB.Tests.dll would use Framework .NETCoreApp,Version=v8.0 and Platform ARM64.
2026-09-30T10:59:34.9859550Z Go to https://aka.ms/tp/vstest/multitargetingdoc?view=vs-2019 for more details on managing these settings.
2026-09-30T10:59:35.0135320Z A total of 1 test files matched the specified pattern.
2026-09-30T11:00:01.1544010Z [xUnit.net 00:00:25.78]     LiteDB.Tests.Engine.SharedAdmissionLifetime_Tests.Open_retains_admission_when_a_callback_disposes_the_connection [FAIL]
2026-09-30T11:00:01.1557410Z   Failed LiteDB.Tests.Engine.SharedAdmissionLifetime_Tests.Open_retains_admission_when_a_callback_disposes_the_connection [47 ms]
2026-09-30T11:00:01.1558180Z   Error Message:
2026-09-30T11:00:01.1558760Z    Expected a <System.IO.IOException> to be thrown, but found <System.InvalidOperationException>:
2026-09-30T11:00:01.1560090Z System.InvalidOperationException: Cannot close a shared connection from inside its executing operation.
2026-09-30T11:00:01.1561060Z    at LiteDB.SharedEngine.Dispose(Boolean disposing) in __CI_WORKSPACE__/LiteDB/Client/Shared/SharedEngine.Disposal.cs:line 20
2026-09-30T11:00:01.1562090Z    at LiteDB.SharedEngine.Dispose() in __CI_WORKSPACE__/LiteDB/Client/Shared/SharedEngine.cs:line 440
2026-09-30T11:00:01.1572160Z    at LiteDB.Tests.Engine.SharedAdmissionLifetime_Tests.<>c__DisplayClass1_0.<Open_retains_admission_when_a_callback_disposes_the_connection>b__1() in __CI_WORKSPACE__/LiteDB.Tests/Engine/SharedAdmissionLifetime_Tests.cs:line 78
2026-09-30T11:00:01.1574260Z    at LiteDB.SharedEngine.CreateEngine(Boolean recoveredAbandonedOwner, EngineSettings settings) in __CI_WORKSPACE__/LiteDB/Client/Shared/SharedEngine.cs:line 158
2026-09-30T11:00:01.1575500Z    at LiteDB.SharedEngine.OpenEngine(Boolean recoveredAbandonedOwner, Boolean final, Boolean writing) in __CI_WORKSPACE__/LiteDB/Client/Shared/SharedEngine.Coordination.cs:line 41
2026-09-30T11:00:01.1576780Z    at LiteDB.SharedEngine.OpenDatabase(Boolean scoped, Boolean writing, CancellationToken closing, TransactionAdmission admission) in __CI_WORKSPACE__/LiteDB/Client/Shared/SharedEngine.cs:line 134
2026-09-30T11:00:01.1577940Z    at LiteDB.SharedEngine.<>c__DisplayClass7_0`1.<QueryDatabase>b__0() in __CI_WORKSPACE__/LiteDB/Client/Shared/SharedEngine.Calls.cs:line 44
2026-09-30T11:00:01.1578860Z    at LiteDB.SharedEngine.Call[T](Func`1 call) in __CI_WORKSPACE__/LiteDB/Client/Shared/SharedEngine.Calls.cs:line 61
2026-09-30T11:00:01.1579660Z    at LiteDB.SharedEngine.QueryDatabase[T](Func`1 Query) in __CI_WORKSPACE__/LiteDB/Client/Shared/SharedEngine.Calls.cs:line 42
2026-09-30T11:00:01.1580630Z    at LiteDB.SharedEngine.Pragma(String name) in __CI_WORKSPACE__/LiteDB/Client/Shared/SharedEngine.cs:line 345
2026-09-30T11:00:01.1581780Z    at LiteDB.Tests.Engine.SharedAdmissionLifetime_Tests.<>c__DisplayClass1_0.<Open_retains_admission_when_a_callback_disposes_the_connection>b__2() in __CI_WORKSPACE__/LiteDB.Tests/Engine/SharedAdmissionLifetime_Tests.cs:line 82
2026-09-30T11:00:01.1582820Z    at FluentAssertions.Specialized.DelegateAssertions`2.InvokeSubjectWithInterception().
2026-09-30T11:00:01.1583430Z   Stack Trace:
2026-09-30T11:00:01.1583860Z      at FluentAssertions.Execution.XUnit2TestFramework.Throw(String message)
2026-09-30T11:00:01.1584360Z    at FluentAssertions.Execution.TestFrameworkProvider.Throw(String message)
2026-09-30T11:00:01.1584970Z    at FluentAssertions.Execution.DefaultAssertionStrategy.HandleFailure(String message)
2026-09-30T11:00:01.1585640Z    at FluentAssertions.Execution.AssertionScope.FailWith(Func`1 failReasonFunc)
2026-09-30T11:00:01.1586370Z    at FluentAssertions.Specialized.DelegateAssertionsBase`2.ThrowInternal[TException](Exception exception, String because, Object[] becauseArgs)
2026-09-30T11:00:01.1597260Z    at FluentAssertions.Specialized.DelegateAssertions`2.Throw[TException](String because, Object[] becauseArgs)
2026-09-30T11:00:01.1598460Z    at LiteDB.Tests.Engine.SharedAdmissionLifetime_Tests.Open_retains_admission_when_a_callback_disposes_the_connection() in __CI_WORKSPACE__/LiteDB.Tests/Engine/SharedAdmissionLifetime_Tests.cs:line 83
2026-09-30T11:00:01.1599630Z    at System.RuntimeMethodHandle.InvokeMethod(Object target, Void** arguments, Signature sig, Boolean isConstructor)
2026-09-30T11:00:01.1600530Z    at System.Reflection.MethodBaseInvoker.InvokeWithNoArgs(Object obj, BindingFlags invokeAttr)
2026-09-30T11:00:22.8018320Z Results File: __CI_WORKSPACE__/LiteDB.Tests/TestResults/TestResults-engine-shared.trx
2026-09-30T11:00:22.8019860Z 
2026-09-30T11:00:22.8047530Z Failed!  - Failed:     1, Passed:   373, Skipped:     0, Total:   374, Duration: 46 s - LiteDB.Tests.dll (net9.0)
2026-09-30T11:00:22.8427980Z Running complete-suite partition: engine
2026-09-30T11:00:22.9059090Z 
2026-09-30T11:00:22.9060480Z Host:
2026-09-30T11:00:22.9065320Z   Version:      9.0.20
2026-09-30T11:00:22.9068170Z   Architecture: arm64
2026-09-30T11:00:22.9068960Z   Commit:       3879076d9a
2026-09-30T11:00:22.9069600Z   RID:          osx-arm64
2026-09-30T11:00:22.9069980Z 
2026-09-30T11:00:22.9070390Z .NET SDKs installed:
2026-09-30T11:00:22.9070970Z   No SDKs were found.
2026-09-30T11:00:22.9071380Z 
2026-09-30T11:00:22.9071770Z .NET runtimes installed:
2026-09-30T11:00:22.9076520Z   Microsoft.NETCore.App 9.0.20 [__CI_HOME__/work/_temp/litedb-runtime-9-arm64/shared/Microsoft.NETCore.App]
2026-09-30T11:00:22.9077020Z 
2026-09-30T11:00:22.9077130Z Other architectures found:
2026-09-30T11:00:22.9077400Z   None
2026-09-30T11:00:22.9077530Z 
2026-09-30T11:00:22.9077660Z Environment variables:
2026-09-30T11:00:22.9077890Z   DOTNET_ROOT       [__CI_HOME__/.dotnet]
2026-09-30T11:00:22.9078110Z 
2026-09-30T11:00:22.9078210Z global.json file:
2026-09-30T11:00:22.9078440Z   Not found
2026-09-30T11:00:22.9078580Z 
2026-09-30T11:00:22.9078680Z Learn more:
2026-09-30T11:00:22.9079150Z   https://aka.ms/dotnet/info
2026-09-30T11:00:22.9079340Z 
2026-09-30T11:00:22.9079410Z Download .NET:
2026-09-30T11:00:22.9079710Z   https://aka.ms/dotnet/download
2026-09-30T11:00:23.2038050Z VSTest version 18.7.0 (arm64)
2026-09-30T11:00:23.2044040Z 
2026-09-30T11:00:23.2712540Z Starting test execution, please wait...
2026-09-30T11:00:23.2786320Z Test run detected DLL(s) which would use different framework and platform versions. Following DLL(s) do not match current settings, which are .NETCoreApp,Version=v9.0 framework and ARM64 platform.
2026-09-30T11:00:23.2787500Z LiteDB.Tests.dll would use Framework .NETCoreApp,Version=v8.0 and Platform ARM64.
2026-09-30T11:00:23.2788380Z Go to https://aka.ms/tp/vstest/multitargetingdoc?view=vs-2019 for more details on managing these settings.
2026-09-30T11:00:23.2967950Z A total of 1 test files matched the specified pattern.
2026-09-30T11:01:45.9170040Z [xUnit.net 00:01:22.20]     LiteDB.Tests.Engine.Collation_Tests.Create_Database_Using_Current_Culture [SKIP]
2026-09-30T11:01:46.0001180Z   Skipped LiteDB.Tests.Engine.Collation_Tests.Create_Database_Using_Current_Culture [1 ms]
2026-09-30T11:01:47.5173930Z Results File: __CI_WORKSPACE__/LiteDB.Tests/TestResults/TestResults-engine.trx
2026-09-30T11:01:47.5176790Z 
2026-09-30T11:01:47.5206330Z Passed!  - Failed:     0, Passed:   457, Skipped:     1, Total:   458, Duration: 1 m 22 s - LiteDB.Tests.dll (net9.0)
2026-09-30T11:01:47.6596600Z Running complete-suite partition: query-not-equal
2026-09-30T11:01:47.7680010Z 
2026-09-30T11:01:47.7681220Z Host:
2026-09-30T11:01:47.7681590Z   Version:      9.0.20
2026-09-30T11:01:47.7681940Z   Architecture: arm64
2026-09-30T11:01:47.7682420Z   Commit:       3879076d9a
2026-09-30T11:01:47.7682650Z   RID:          osx-arm64
2026-09-30T11:01:47.7682810Z 
2026-09-30T11:01:47.7709590Z .NET SDKs installed:
2026-09-30T11:01:47.7710210Z   No SDKs were found.
2026-09-30T11:01:47.7710430Z 
2026-09-30T11:01:47.7710580Z .NET runtimes installed:
2026-09-30T11:01:47.7711130Z   Microsoft.NETCore.App 9.0.20 [__CI_HOME__/work/_temp/litedb-runtime-9-arm64/shared/Microsoft.NETCore.App]
2026-09-30T11:01:47.7711520Z 
2026-09-30T11:01:47.7711610Z Other architectures found:
2026-09-30T11:01:47.7711930Z   None
2026-09-30T11:01:47.7712070Z 
2026-09-30T11:01:47.7712230Z Environment variables:
2026-09-30T11:01:47.7712500Z   DOTNET_ROOT       [__CI_HOME__/.dotnet]
2026-09-30T11:01:47.7713390Z 
2026-09-30T11:01:47.7713540Z global.json file:
2026-09-30T11:01:47.7713800Z   Not found
2026-09-30T11:01:47.7713940Z 
2026-09-30T11:01:47.7714040Z Learn more:
2026-09-30T11:01:47.7714500Z   https://aka.ms/dotnet/info
2026-09-30T11:01:47.7714740Z 
2026-09-30T11:01:47.7714810Z Download .NET:
2026-09-30T11:01:47.7715210Z   https://aka.ms/dotnet/download
2026-09-30T11:01:48.2342420Z VSTest version 18.7.0 (arm64)
2026-09-30T11:01:48.2444160Z 
2026-09-30T11:01:48.3776040Z Starting test execution, please wait...
2026-09-30T11:01:48.3878670Z Test run detected DLL(s) which would use different framework and platform versions. Following DLL(s) do not match current settings, which are .NETCoreApp,Version=v9.0 framework and ARM64 platform.
2026-09-30T11:01:48.3933610Z LiteDB.Tests.dll would use Framework .NETCoreApp,Version=v8.0 and Platform ARM64.
2026-09-30T11:01:48.3987980Z Go to https://aka.ms/tp/vstest/multitargetingdoc?view=vs-2019 for more details on managing these settings.
2026-09-30T11:01:48.4200260Z A total of 1 test files matched the specified pattern.
2026-09-30T11:02:06.1085400Z Results File: __CI_WORKSPACE__/LiteDB.Tests/TestResults/TestResults-query-not-equal.trx
2026-09-30T11:02:06.1187610Z 
2026-09-30T11:02:06.1290260Z Passed!  - Failed:     0, Passed:    14, Skipped:     0, Total:    14, Duration: 15 s - LiteDB.Tests.dll (net9.0)
2026-09-30T11:02:06.1864020Z Running complete-suite partition: query
2026-09-30T11:02:06.3052110Z 
2026-09-30T11:02:06.3132530Z Host:
2026-09-30T11:02:06.3154210Z   Version:      9.0.20
2026-09-30T11:02:06.3177780Z   Architecture: arm64
2026-09-30T11:02:06.3213520Z   Commit:       3879076d9a
2026-09-30T11:02:06.3263560Z   RID:          osx-arm64
2026-09-30T11:02:06.3264130Z 
2026-09-30T11:02:06.3264380Z .NET SDKs installed:
2026-09-30T11:02:06.3264860Z   No SDKs were found.
2026-09-30T11:02:06.3265120Z 
2026-09-30T11:02:06.3265300Z .NET runtimes installed:
2026-09-30T11:02:06.3265980Z   Microsoft.NETCore.App 9.0.20 [__CI_HOME__/work/_temp/litedb-runtime-9-arm64/shared/Microsoft.NETCore.App]
2026-09-30T11:02:06.3266460Z 
2026-09-30T11:02:06.3266760Z Other architectures found:
2026-09-30T11:02:06.3267110Z   None
2026-09-30T11:02:06.3267340Z 
2026-09-30T11:02:06.3267560Z Environment variables:
2026-09-30T11:02:06.3267980Z   DOTNET_ROOT       [__CI_HOME__/.dotnet]
2026-09-30T11:02:06.3268340Z 
2026-09-30T11:02:06.3268480Z global.json file:
2026-09-30T11:02:06.3269230Z   Not found
2026-09-30T11:02:06.3269620Z 
2026-09-30T11:02:06.3269890Z Learn more:
2026-09-30T11:02:06.3277260Z   https://aka.ms/dotnet/info
2026-09-30T11:02:06.3278140Z 
2026-09-30T11:02:06.3278790Z Download .NET:
2026-09-30T11:02:06.3279740Z   https://aka.ms/dotnet/download
2026-09-30T11:02:06.7015380Z VSTest version 18.7.0 (arm64)
2026-09-30T11:02:06.7020900Z 
2026-09-30T11:02:06.7929990Z Starting test execution, please wait...
2026-09-30T11:02:06.7994070Z Test run detected DLL(s) which would use different framework and platform versions. Following DLL(s) do not match current settings, which are .NETCoreApp,Version=v9.0 framework and ARM64 platform.
2026-09-30T11:02:06.7995230Z LiteDB.Tests.dll would use Framework .NETCoreApp,Version=v8.0 and Platform ARM64.
2026-09-30T11:02:06.7996370Z Go to https://aka.ms/tp/vstest/multitargetingdoc?view=vs-2019 for more details on managing these settings.
2026-09-30T11:02:06.8235560Z A total of 1 test files matched the specified pattern.
2026-09-30T11:02:51.3800730Z Results File: __CI_WORKSPACE__/LiteDB.Tests/TestResults/TestResults-query.trx
2026-09-30T11:02:51.3905670Z 
2026-09-30T11:02:51.4039550Z Passed!  - Failed:     0, Passed:   826, Skipped:     0, Total:   826, Duration: 42 s - LiteDB.Tests.dll (net9.0)
2026-09-30T11:02:51.5945170Z Running complete-suite partition: shared-mapped-process
2026-09-30T11:02:51.7606920Z 
2026-09-30T11:02:51.7607690Z Host:
2026-09-30T11:02:51.7608290Z   Version:      9.0.20
2026-09-30T11:02:51.7609020Z   Architecture: arm64
2026-09-30T11:02:51.7609660Z   Commit:       3879076d9a
2026-09-30T11:02:51.7610420Z   RID:          osx-arm64
2026-09-30T11:02:51.7610860Z 
2026-09-30T11:02:51.7611310Z .NET SDKs installed:
2026-09-30T11:02:51.7612000Z   No SDKs were found.
2026-09-30T11:02:51.7612270Z 
2026-09-30T11:02:51.7612590Z .NET runtimes installed:
2026-09-30T11:02:51.7613940Z   Microsoft.NETCore.App 9.0.20 [__CI_HOME__/work/_temp/litedb-runtime-9-arm64/shared/Microsoft.NETCore.App]
2026-09-30T11:02:51.7614980Z 
2026-09-30T11:02:51.7615250Z Other architectures found:
2026-09-30T11:02:51.7616000Z   None
2026-09-30T11:02:51.7616210Z 
2026-09-30T11:02:51.7616520Z Environment variables:
2026-09-30T11:02:51.7617380Z   DOTNET_ROOT       [__CI_HOME__/.dotnet]
2026-09-30T11:02:51.7617880Z 
2026-09-30T11:02:51.7618050Z global.json file:
2026-09-30T11:02:51.7618650Z   Not found
2026-09-30T11:02:51.7618950Z 
2026-09-30T11:02:51.7619190Z Learn more:
2026-09-30T11:02:51.7619850Z   https://aka.ms/dotnet/info
2026-09-30T11:02:51.7620280Z 
2026-09-30T11:02:51.7620540Z Download .NET:
2026-09-30T11:02:51.7621160Z   https://aka.ms/dotnet/download
2026-09-30T11:02:52.2372300Z VSTest version 18.7.0 (arm64)
2026-09-30T11:02:52.2389610Z 
2026-09-30T11:02:52.3795170Z Starting test execution, please wait...
2026-09-30T11:02:52.3881620Z Test run detected DLL(s) which would use different framework and platform versions. Following DLL(s) do not match current settings, which are .NETCoreApp,Version=v9.0 framework and ARM64 platform.
2026-09-30T11:02:52.3882860Z LiteDB.Tests.dll would use Framework .NETCoreApp,Version=v8.0 and Platform ARM64.
2026-09-30T11:02:52.3883870Z Go to https://aka.ms/tp/vstest/multitargetingdoc?view=vs-2019 for more details on managing these settings.
2026-09-30T11:02:52.4244270Z A total of 1 test files matched the specified pattern.
2026-09-30T11:03:41.0525070Z Results File: __CI_WORKSPACE__/LiteDB.Tests/TestResults/TestResults-shared-mapped-process.trx
2026-09-30T11:03:41.0526120Z 
2026-09-30T11:03:41.0549170Z Passed!  - Failed:     0, Passed:    36, Skipped:     0, Total:    36, Duration: 46 s - LiteDB.Tests.dll (net9.0)
2026-09-30T11:03:41.1163580Z Running complete-suite partition: shared-process
2026-09-30T11:03:41.1999180Z 
2026-09-30T11:03:41.2024230Z Host:
2026-09-30T11:03:41.2024820Z   Version:      9.0.20
2026-09-30T11:03:41.2025160Z   Architecture: arm64
2026-09-30T11:03:41.2025550Z   Commit:       3879076d9a
2026-09-30T11:03:41.2030080Z   RID:          osx-arm64
2026-09-30T11:03:41.2030370Z 
2026-09-30T11:03:41.2030880Z .NET SDKs installed:
2026-09-30T11:03:41.2031220Z   No SDKs were found.
2026-09-30T11:03:41.2031480Z 
2026-09-30T11:03:41.2034140Z .NET runtimes installed:
2026-09-30T11:03:41.2053080Z   Microsoft.NETCore.App 9.0.20 [__CI_HOME__/work/_temp/litedb-runtime-9-arm64/shared/Microsoft.NETCore.App]
2026-09-30T11:03:41.2064670Z 
2026-09-30T11:03:41.2102500Z Other architectures found:
2026-09-30T11:03:41.2106440Z   None
2026-09-30T11:03:41.2106710Z 
2026-09-30T11:03:41.2106880Z Environment variables:
2026-09-30T11:03:41.2107180Z   DOTNET_ROOT       [__CI_HOME__/.dotnet]
2026-09-30T11:03:41.2107420Z 
2026-09-30T11:03:41.2107540Z global.json file:
2026-09-30T11:03:41.2107820Z   Not found
2026-09-30T11:03:41.2107980Z 
2026-09-30T11:03:41.2108110Z Learn more:
2026-09-30T11:03:41.2109560Z   https://aka.ms/dotnet/info
2026-09-30T11:03:41.2110100Z 
2026-09-30T11:03:41.2110320Z Download .NET:
2026-09-30T11:03:41.2111060Z   https://aka.ms/dotnet/download
2026-09-30T11:03:41.5397460Z VSTest version 18.7.0 (arm64)
2026-09-30T11:03:41.5404450Z 
2026-09-30T11:03:41.6364960Z Starting test execution, please wait...
2026-09-30T11:03:41.6442340Z Test run detected DLL(s) which would use different framework and platform versions. Following DLL(s) do not match current settings, which are .NETCoreApp,Version=v9.0 framework and ARM64 platform.
2026-09-30T11:03:41.6443380Z LiteDB.Tests.dll would use Framework .NETCoreApp,Version=v8.0 and Platform ARM64.
2026-09-30T11:03:41.6444190Z Go to https://aka.ms/tp/vstest/multitargetingdoc?view=vs-2019 for more details on managing these settings.
2026-09-30T11:03:41.6641320Z A total of 1 test files matched the specified pattern.
2026-09-30T11:05:20.5138040Z Results File: __CI_WORKSPACE__/LiteDB.Tests/TestResults/TestResults-shared-process.trx
2026-09-30T11:05:20.5139470Z 
2026-09-30T11:05:20.5162050Z Passed!  - Failed:     0, Passed:    55, Skipped:     0, Total:    55, Duration: 1 m 37 s - LiteDB.Tests.dll (net9.0)
2026-09-30T11:05:20.5767690Z Running complete-suite partition: shared
2026-09-30T11:05:20.6519760Z 
2026-09-30T11:05:20.6520510Z Host:
2026-09-30T11:05:20.6521330Z   Version:      9.0.20
2026-09-30T11:05:20.6522230Z   Architecture: arm64
2026-09-30T11:05:20.6522820Z   Commit:       3879076d9a
2026-09-30T11:05:20.6523480Z   RID:          osx-arm64
2026-09-30T11:05:20.6523870Z 
2026-09-30T11:05:20.6524120Z .NET SDKs installed:
2026-09-30T11:05:20.6524760Z   No SDKs were found.
2026-09-30T11:05:20.6525130Z 
2026-09-30T11:05:20.6525470Z .NET runtimes installed:
2026-09-30T11:05:20.6526660Z   Microsoft.NETCore.App 9.0.20 [__CI_HOME__/work/_temp/litedb-runtime-9-arm64/shared/Microsoft.NETCore.App]
2026-09-30T11:05:20.6527170Z 
2026-09-30T11:05:20.6537200Z Other architectures found:
2026-09-30T11:05:20.6538170Z   None
2026-09-30T11:05:20.6538640Z 
2026-09-30T11:05:20.6539020Z Environment variables:
2026-09-30T11:05:20.6539370Z   DOTNET_ROOT       [__CI_HOME__/.dotnet]
2026-09-30T11:05:20.6539610Z 
2026-09-30T11:05:20.6539750Z global.json file:
2026-09-30T11:05:20.6539980Z   Not found
2026-09-30T11:05:20.6540110Z 
2026-09-30T11:05:20.6540240Z Learn more:
2026-09-30T11:05:20.6540620Z   https://aka.ms/dotnet/info
2026-09-30T11:05:20.6540860Z 
2026-09-30T11:05:20.6541000Z Download .NET:
2026-09-30T11:05:20.6541330Z   https://aka.ms/dotnet/download
2026-09-30T11:05:20.9683440Z VSTest version 18.7.0 (arm64)
2026-09-30T11:05:20.9687490Z 
2026-09-30T11:05:21.0392210Z Starting test execution, please wait...
2026-09-30T11:05:21.0455390Z Test run detected DLL(s) which would use different framework and platform versions. Following DLL(s) do not match current settings, which are .NETCoreApp,Version=v9.0 framework and ARM64 platform.
2026-09-30T11:05:21.0456490Z LiteDB.Tests.dll would use Framework .NETCoreApp,Version=v8.0 and Platform ARM64.
2026-09-30T11:05:21.0457230Z Go to https://aka.ms/tp/vstest/multitargetingdoc?view=vs-2019 for more details on managing these settings.
2026-09-30T11:05:21.0637090Z A total of 1 test files matched the specified pattern.
2026-09-30T11:05:30.6536490Z Results File: __CI_WORKSPACE__/LiteDB.Tests/TestResults/TestResults-shared.trx
2026-09-30T11:05:30.6539520Z 
2026-09-30T11:05:30.6555330Z Passed!  - Failed:     0, Passed:    55, Skipped:     0, Total:    55, Duration: 8 s - LiteDB.Tests.dll (net9.0)
2026-09-30T11:05:30.7309420Z Running complete-suite partition: mvcc
2026-09-30T11:05:30.8294530Z 
2026-09-30T11:05:30.8296080Z Host:
2026-09-30T11:05:30.8298930Z   Version:      9.0.20
2026-09-30T11:05:30.8299500Z   Architecture: arm64
2026-09-30T11:05:30.8300030Z   Commit:       3879076d9a
2026-09-30T11:05:30.8300360Z   RID:          osx-arm64
2026-09-30T11:05:30.8300730Z 
2026-09-30T11:05:30.8301050Z .NET SDKs installed:
2026-09-30T11:05:30.8301450Z   No SDKs were found.
2026-09-30T11:05:30.8301700Z 
2026-09-30T11:05:30.8302020Z .NET runtimes installed:
2026-09-30T11:05:30.8302700Z   Microsoft.NETCore.App 9.0.20 [__CI_HOME__/work/_temp/litedb-runtime-9-arm64/shared/Microsoft.NETCore.App]
2026-09-30T11:05:30.8303260Z 
2026-09-30T11:05:30.8314420Z Other architectures found:
2026-09-30T11:05:30.8314770Z   None
2026-09-30T11:05:30.8314940Z 
2026-09-30T11:05:30.8315020Z Environment variables:
2026-09-30T11:05:30.8315350Z   DOTNET_ROOT       [__CI_HOME__/.dotnet]
2026-09-30T11:05:30.8315550Z 
2026-09-30T11:05:30.8315700Z global.json file:
2026-09-30T11:05:30.8315970Z   Not found
2026-09-30T11:05:30.8316150Z 
2026-09-30T11:05:30.8316290Z Learn more:
2026-09-30T11:05:30.8316800Z   https://aka.ms/dotnet/info
2026-09-30T11:05:30.8316930Z 
2026-09-30T11:05:30.8317030Z Download .NET:
2026-09-30T11:05:30.8317330Z   https://aka.ms/dotnet/download
2026-09-30T11:05:31.2254640Z VSTest version 18.7.0 (arm64)
2026-09-30T11:05:31.2262450Z 
2026-09-30T11:05:31.3228690Z Starting test execution, please wait...
2026-09-30T11:05:31.3321990Z Test run detected DLL(s) which would use different framework and platform versions. Following DLL(s) do not match current settings, which are .NETCoreApp,Version=v9.0 framework and ARM64 platform.
2026-09-30T11:05:31.3324410Z LiteDB.Tests.dll would use Framework .NETCoreApp,Version=v8.0 and Platform ARM64.
2026-09-30T11:05:31.3326120Z Go to https://aka.ms/tp/vstest/multitargetingdoc?view=vs-2019 for more details on managing these settings.
2026-09-30T11:05:31.3589360Z A total of 1 test files matched the specified pattern.
2026-09-30T11:07:36.4410350Z Results File: __CI_WORKSPACE__/LiteDB.Tests/TestResults/TestResults-mvcc.trx
2026-09-30T11:07:36.4411430Z 
2026-09-30T11:07:36.4456360Z Passed!  - Failed:     0, Passed:   403, Skipped:     0, Total:   403, Duration: 2 m 3 s - LiteDB.Tests.dll (net9.0)
2026-09-30T11:07:36.6176640Z Running complete-suite partition: internals
2026-09-30T11:07:36.8208890Z 
2026-09-30T11:07:36.8209520Z Host:
2026-09-30T11:07:36.8210210Z   Version:      9.0.20
2026-09-30T11:07:36.8210670Z   Architecture: arm64
2026-09-30T11:07:36.8210960Z   Commit:       3879076d9a
2026-09-30T11:07:36.8211210Z   RID:          osx-arm64
2026-09-30T11:07:36.8211380Z 
2026-09-30T11:07:36.8211550Z .NET SDKs installed:
2026-09-30T11:07:36.8212020Z   No SDKs were found.
2026-09-30T11:07:36.8212760Z 
2026-09-30T11:07:36.8213020Z .NET runtimes installed:
2026-09-30T11:07:36.8213580Z   Microsoft.NETCore.App 9.0.20 [__CI_HOME__/work/_temp/litedb-runtime-9-arm64/shared/Microsoft.NETCore.App]
2026-09-30T11:07:36.8214050Z 
2026-09-30T11:07:36.8214240Z Other architectures found:
2026-09-30T11:07:36.8214450Z   None
2026-09-30T11:07:36.8214580Z 
2026-09-30T11:07:36.8214750Z Environment variables:
2026-09-30T11:07:36.8215060Z   DOTNET_ROOT       [__CI_HOME__/.dotnet]
2026-09-30T11:07:36.8215260Z 
2026-09-30T11:07:36.8215320Z global.json file:
2026-09-30T11:07:36.8216500Z   Not found
2026-09-30T11:07:36.8217050Z 
2026-09-30T11:07:36.8217460Z Learn more:
2026-09-30T11:07:36.8218210Z   https://aka.ms/dotnet/info
2026-09-30T11:07:36.8218690Z 
2026-09-30T11:07:36.8218950Z Download .NET:
2026-09-30T11:07:36.8219480Z   https://aka.ms/dotnet/download
2026-09-30T11:07:37.2832200Z VSTest version 18.7.0 (arm64)
2026-09-30T11:07:37.2848960Z 
2026-09-30T11:07:37.3882980Z Starting test execution, please wait...
2026-09-30T11:07:37.4060050Z Test run detected DLL(s) which would use different framework and platform versions. Following DLL(s) do not match current settings, which are .NETCoreApp,Version=v9.0 framework and ARM64 platform.
2026-09-30T11:07:37.4061600Z LiteDB.Tests.dll would use Framework .NETCoreApp,Version=v8.0 and Platform ARM64.
2026-09-30T11:07:37.4064280Z Go to https://aka.ms/tp/vstest/multitargetingdoc?view=vs-2019 for more details on managing these settings.
2026-09-30T11:07:37.4426460Z A total of 1 test files matched the specified pattern.
2026-09-30T11:08:35.6213370Z Results File: __CI_WORKSPACE__/LiteDB.Tests/TestResults/TestResults-internals.trx
2026-09-30T11:08:35.6214660Z 
2026-09-30T11:08:35.6238870Z Passed!  - Failed:     0, Passed:   435, Skipped:     0, Total:   435, Duration: 56 s - LiteDB.Tests.dll (net9.0)
2026-09-30T11:08:35.7192460Z Running complete-suite partition: remaining
2026-09-30T11:08:35.8445430Z 
2026-09-30T11:08:35.8445730Z Host:
2026-09-30T11:08:35.8455800Z   Version:      9.0.20
2026-09-30T11:08:35.8456350Z   Architecture: arm64
2026-09-30T11:08:35.8458490Z   Commit:       3879076d9a
2026-09-30T11:08:35.8458910Z   RID:          osx-arm64
2026-09-30T11:08:35.8459160Z 
2026-09-30T11:08:35.8459530Z .NET SDKs installed:
2026-09-30T11:08:35.8463290Z   No SDKs were found.
2026-09-30T11:08:35.8466350Z 
2026-09-30T11:08:35.8466530Z .NET runtimes installed:
2026-09-30T11:08:35.8467040Z   Microsoft.NETCore.App 9.0.20 [__CI_HOME__/work/_temp/litedb-runtime-9-arm64/shared/Microsoft.NETCore.App]
2026-09-30T11:08:35.8467490Z 
2026-09-30T11:08:35.8470520Z Other architectures found:
2026-09-30T11:08:35.8475180Z   None
2026-09-30T11:08:35.8475350Z 
2026-09-30T11:08:35.8483250Z Environment variables:
2026-09-30T11:08:35.8550390Z   DOTNET_ROOT       [__CI_HOME__/.dotnet]
2026-09-30T11:08:35.8551310Z 
2026-09-30T11:08:35.8551430Z global.json file:
2026-09-30T11:08:35.8552130Z   Not found
2026-09-30T11:08:35.8559840Z 
2026-09-30T11:08:35.8564200Z Learn more:
2026-09-30T11:08:35.8570190Z   https://aka.ms/dotnet/info
2026-09-30T11:08:35.8570400Z 
2026-09-30T11:08:35.8570840Z Download .NET:
2026-09-30T11:08:35.8571500Z   https://aka.ms/dotnet/download
2026-09-30T11:08:36.1384420Z VSTest version 18.7.0 (arm64)
2026-09-30T11:08:36.1388650Z 
2026-09-30T11:08:36.2148130Z Starting test execution, please wait...
2026-09-30T11:08:36.2216200Z Test run detected DLL(s) which would use different framework and platform versions. Following DLL(s) do not match current settings, which are .NETCoreApp,Version=v9.0 framework and ARM64 platform.
2026-09-30T11:08:36.2223690Z LiteDB.Tests.dll would use Framework .NETCoreApp,Version=v8.0 and Platform ARM64.
2026-09-30T11:08:36.2227150Z Go to https://aka.ms/tp/vstest/multitargetingdoc?view=vs-2019 for more details on managing these settings.
2026-09-30T11:08:36.2458630Z A total of 1 test files matched the specified pattern.
2026-09-30T11:09:36.7303830Z Results File: __CI_WORKSPACE__/LiteDB.Tests/TestResults/TestResults-remaining.trx
2026-09-30T11:09:36.7304600Z 
2026-09-30T11:09:36.7335260Z Passed!  - Failed:     0, Passed:   613, Skipped:     0, Total:   613, Duration: 59 s - LiteDB.Tests.dll (net9.0)
2026-09-30T11:09:37.0358870Z [31;1mException: [0m__CI_WORKSPACE__/scripts/run-ci-tests.ps1:105[0m
2026-09-30T11:09:37.0361090Z [31;1m[0m[36;1mLine |[0m
2026-09-30T11:09:37.0364930Z [31;1m[0m[36;1m[36;1m 105 | [0m … iled.Count) { [36;1mthrow "Test partitions failed: $($failed -join ', ')"[0m }[0m
2026-09-30T11:09:37.0367640Z [31;1m[0m[36;1m[36;1m[0m[36;1m[0m[36;1m     | [31;1m                 ~~~~~~~~~~~~~~~~~~~~~~~~~~~~~~~~~~~~~~~~~~~~~~~~~~~~~[0m
2026-09-30T11:09:37.0369660Z [31;1m[0m[36;1m[36;1m[0m[36;1m[0m[36;1m[31;1m[31;1m[36;1m     | [31;1mTest partitions failed: engine-shared[0m
2026-09-30T11:09:37.1434000Z ##[error]Process completed with exit code 1.
2026-09-30T11:09:37.1755200Z ##[group]Run actions/upload-artifact@v4
2026-09-30T11:09:37.1755630Z with:
2026-09-30T11:09:37.1755850Z   name: test-results-test-macos-1
2026-09-30T11:09:37.1756150Z   overwrite: true
2026-09-30T11:09:37.1756690Z   path: LiteDB.Tests/TestResults/*.trx
LiteDB.Tests/TestResults/evidence-leg.json
LiteDB.Tests/TestResults/discovered-tests.txt

2026-09-30T11:09:37.1757190Z   if-no-files-found: warn
2026-09-30T11:09:37.1757470Z   compression-level: 6
2026-09-30T11:09:37.1757690Z   include-hidden-files: false
2026-09-30T11:09:37.1757970Z env:
2026-09-30T11:09:37.1758420Z   LITEDB_RETAINED_FIXTURES: __CI_WORKSPACE__/LiteDB.Tests/TestResults/retained-fixtures
2026-09-30T11:09:37.1758860Z   DOTNET_ROOT: __CI_HOME__/.dotnet
2026-09-30T11:09:37.1759150Z ##[endgroup]
2026-09-30T11:09:37.9254140Z (node:20543) [DEP0040] DeprecationWarning: The `punycode` module is deprecated. Please use a userland alternative instead.
2026-09-30T11:09:37.9255750Z (Use `node --trace-deprecation ...` to show where the warning was created)
2026-09-30T11:09:37.9320800Z With the provided path, there will be 17 files uploaded
2026-09-30T11:09:38.0159440Z Artifact name is valid!
2026-09-30T11:09:38.0160340Z Root directory input is valid!
2026-09-30T11:09:38.1797130Z Beginning upload of artifact content to blob storage
2026-09-30T11:09:38.3310040Z (node:20543) [DEP0169] DeprecationWarning: `url.parse()` behavior is not standardized and prone to errors that have security implications. Use the WHATWG URL API instead. CVEs are not issued for `url.parse()` vulnerabilities.
2026-09-30T11:09:38.4594650Z Uploaded bytes 1352965
2026-09-30T11:09:38.4770980Z Finished uploading artifact content to blob storage!
2026-09-30T11:09:38.4771820Z SHA256 digest of uploaded artifact zip is 8cb49158383a8839393497adba66737c61fe5063230025a5e72f980545be2a15
2026-09-30T11:09:38.4773150Z Finalizing artifact upload
2026-09-30T11:09:38.6843950Z Artifact test-results-test-macos-1.zip successfully finalized. Artifact ID 11091832888
2026-09-30T11:09:38.6848590Z Artifact test-results-test-macos-1 has been successfully uploaded! Final size is 1352965 bytes. Artifact ID is 11091832888
2026-09-30T11:09:38.6871230Z Artifact download URL: https://github.com/JKamsker/LiteDB/actions/runs/36705044676/artifacts/11091832888
2026-09-30T11:09:38.7208000Z Prepare all required actions
2026-09-30T11:09:38.7208530Z Getting action download info
2026-09-30T11:09:38.8442320Z ##[group]Run ./.github/actions/retained-fixtures
2026-09-30T11:09:38.8442630Z env:
2026-09-30T11:09:38.8443050Z   LITEDB_RETAINED_FIXTURES: __CI_WORKSPACE__/LiteDB.Tests/TestResults/retained-fixtures
2026-09-30T11:09:38.8443490Z   DOTNET_ROOT: __CI_HOME__/.dotnet
2026-09-30T11:09:38.8443690Z ##[endgroup]
2026-09-30T11:09:38.8494010Z ##[start-action display=Collect retained fixtures;id=__self.__run]
2026-09-30T11:09:38.8526190Z ##[group]Run if [ "$RUNNER_OS" = "Windows" ]; then retained_python=python; else retained_python=python3; fi
2026-09-30T11:09:38.8526830Z [36;1mif [ "$RUNNER_OS" = "Windows" ]; then retained_python=python; else retained_python=python3; fi[0m
2026-09-30T11:09:38.8527420Z [36;1m"$retained_python" scripts/collect-retained-fixtures.py "$LITEDB_RETAINED_FIXTURES"[0m
2026-09-30T11:09:38.8845560Z shell: /bin/bash --noprofile --norc -e -o pipefail {0}
2026-09-30T11:09:38.8845900Z env:
2026-09-30T11:09:38.8846330Z   LITEDB_RETAINED_FIXTURES: __CI_WORKSPACE__/LiteDB.Tests/TestResults/retained-fixtures
2026-09-30T11:09:38.8846800Z   DOTNET_ROOT: __CI_HOME__/.dotnet
2026-09-30T11:09:38.8847040Z ##[endgroup]
2026-09-30T11:09:39.1971910Z ##[end-action id=__self.__run;outcome=success;conclusion=success;duration_ms=347]
2026-09-30T11:09:39.1975050Z ##[start-action display=Upload fixture manifests and copies;id=__self.__actions_upload-artifact]
2026-09-30T11:09:39.2036690Z ##[group]Run actions/upload-artifact@v4
2026-09-30T11:09:39.2036970Z with:
2026-09-30T11:09:39.2037210Z   name: retained-fixtures-test-macos-1
2026-09-30T11:09:39.2037650Z   path: __CI_WORKSPACE__/LiteDB.Tests/TestResults/retained-fixtures/
2026-09-30T11:09:39.2038150Z   if-no-files-found: ignore
2026-09-30T11:09:39.2038400Z   retention-days: 14
2026-09-30T11:09:39.2038630Z   compression-level: 6
2026-09-30T11:09:39.2038880Z   overwrite: false
2026-09-30T11:09:39.2039100Z   include-hidden-files: false
2026-09-30T11:09:39.2039340Z env:
2026-09-30T11:09:39.2039740Z   LITEDB_RETAINED_FIXTURES: __CI_WORKSPACE__/LiteDB.Tests/TestResults/retained-fixtures
2026-09-30T11:09:39.2040230Z   DOTNET_ROOT: __CI_HOME__/.dotnet
2026-09-30T11:09:39.2040590Z ##[endgroup]
2026-09-30T11:09:39.4095640Z (node:20559) [DEP0040] DeprecationWarning: The `punycode` module is deprecated. Please use a userland alternative instead.
2026-09-30T11:09:39.4096380Z (Use `node --trace-deprecation ...` to show where the warning was created)
2026-09-30T11:09:39.4108270Z No files were found with the provided path: __CI_WORKSPACE__/LiteDB.Tests/TestResults/retained-fixtures/. No artifacts will be uploaded.
2026-09-30T11:09:39.4148310Z ##[end-action id=__self.__actions_upload-artifact;outcome=success;conclusion=success;duration_ms=217]
2026-09-30T11:09:39.4244980Z Post job cleanup.
2026-09-30T11:09:39.5544090Z [command]/opt/homebrew/bin/git version
2026-09-30T11:09:39.5781210Z git version 2.55.0
2026-09-30T11:09:39.5800960Z Copying '__CI_HOME__/.gitconfig' to '__CI_HOME__/work/_temp/6bf33de5-e60d-44d3-9794-0acb204ceb6b/.gitconfig'
2026-09-30T11:09:39.5808110Z Temporarily overriding HOME='__CI_HOME__/work/_temp/6bf33de5-e60d-44d3-9794-0acb204ceb6b' before making global git config changes
2026-09-30T11:09:39.5809880Z Adding repository directory to the temporary git global config as a safe directory
2026-09-30T11:09:39.5812680Z [command]/opt/homebrew/bin/git config --global --add safe.directory __CI_WORKSPACE__
2026-09-30T11:09:39.5956230Z [command]/opt/homebrew/bin/git config --local --name-only --get-regexp core\.sshCommand
2026-09-30T11:09:39.6022890Z [command]/opt/homebrew/bin/git submodule foreach --recursive sh -c "git config --local --name-only --get-regexp 'core\.sshCommand' && git config --local --unset-all 'core.sshCommand' || :"
2026-09-30T11:09:39.7292160Z [command]/opt/homebrew/bin/git config --local --name-only --get-regexp http\.https\:\/\/github\.com\/\.extraheader
2026-09-30T11:09:39.7377860Z http.https://github.com/.extraheader
2026-09-30T11:09:39.7388310Z [command]/opt/homebrew/bin/git config --local --unset-all http.https://github.com/.extraheader
2026-09-30T11:09:39.7487600Z [command]/opt/homebrew/bin/git submodule foreach --recursive sh -c "git config --local --name-only --get-regexp 'http\.https\:\/\/github\.com\/\.extraheader' && git config --local --unset-all 'http.https://github.com/.extraheader' || :"
2026-09-30T11:09:39.8652100Z [command]/opt/homebrew/bin/git config --local --name-only --get-regexp ^includeIf\.gitdir:
2026-09-30T11:09:39.8752720Z [command]/opt/homebrew/bin/git submodule foreach --recursive git config --local --show-origin --name-only --get-regexp remote.origin.url
2026-09-30T11:09:40.0671180Z Cleaning up orphan processes
2026-09-30T11:09:43.2755210Z ##[warning]Node.js 20 is deprecated. The following actions target Node.js 20 but are being forced to run on Node.js 24: actions/checkout@v4, actions/download-artifact@v4, actions/setup-dotnet@v4, actions/upload-artifact@v4. For more information see: https://github.blog/changelog/2025-09-19-deprecation-of-node-20-on-github-actions-runners/
