2026-09-30T11:10:44.8280492Z Current runner version: '2.337.0'
2026-09-30T11:10:44.8317322Z ##[group]Runner Image Provisioner
2026-09-30T11:10:44.8318564Z Hosted Compute Agent
2026-09-30T11:10:44.8319592Z Version: 20260901.588
2026-09-30T11:10:44.8320685Z Commit: f88ec8081b781fac6c440065ac7ff9e710ce3d0b
2026-09-30T11:10:44.8321975Z Build Date: 2026-09-01T19:56:44Z
2026-09-30T11:10:44.8323122Z Worker ID: {1fca2fac-153f-4e6f-95e6-e5a4a7ca0fb8}
2026-09-30T11:10:44.8324341Z Azure Region: eastus2
2026-09-30T11:10:44.8325304Z ##[endgroup]
2026-09-30T11:10:44.8327801Z ##[group]Operating System
2026-09-30T11:10:44.8328984Z Microsoft Windows Server 2022
2026-09-30T11:10:44.8329943Z 10.0.20348
2026-09-30T11:10:44.8330711Z Datacenter
2026-09-30T11:10:44.8331594Z ##[endgroup]
2026-09-30T11:10:44.8332387Z ##[group]Runner Image
2026-09-30T11:10:44.8333316Z Image: windows-2022
2026-09-30T11:10:44.8334151Z Version: 20260927.320.1
2026-09-30T11:10:44.8336533Z Included Software: https://github.com/actions/runner-images/blob/win22/20260927.320/images/windows/Windows2022-Readme.md
2026-09-30T11:10:44.8339349Z Image Release: https://github.com/actions/runner-images/releases/tag/win22%2F20260927.320
2026-09-30T11:10:44.8340976Z ##[endgroup]
2026-09-30T11:10:44.8346697Z ##[group]GITHUB_TOKEN Permissions
2026-09-30T11:10:44.8349920Z Actions: write
2026-09-30T11:10:44.8350804Z ArtifactMetadata: write
2026-09-30T11:10:44.8351738Z Attestations: write
2026-09-30T11:10:44.8352660Z Checks: write
2026-09-30T11:10:44.8353510Z CodeQuality: write
2026-09-30T11:10:44.8354428Z Contents: write
2026-09-30T11:10:44.8355329Z CopilotRequests: write
2026-09-30T11:10:44.8356306Z Deployments: write
2026-09-30T11:10:44.8357365Z Discussions: write
2026-09-30T11:10:44.8358234Z Drives: write
2026-09-30T11:10:44.8359078Z Issues: write
2026-09-30T11:10:44.8359930Z Metadata: read
2026-09-30T11:10:44.8360876Z Models: read
2026-09-30T11:10:44.8361723Z Packages: write
2026-09-30T11:10:44.8362585Z Pages: write
2026-09-30T11:10:44.8364338Z PullRequests: write
2026-09-30T11:10:44.8365369Z RepositoryProjects: write
2026-09-30T11:10:44.8366361Z SecurityEvents: write
2026-09-30T11:10:44.8367296Z Statuses: write
2026-09-30T11:10:44.8368177Z VulnerabilityAlerts: read
2026-09-30T11:10:44.8369173Z ##[endgroup]
2026-09-30T11:10:44.8372479Z Secret source: Actions
2026-09-30T11:10:44.8373842Z Cache mode: write
2026-09-30T11:10:44.8374885Z Prepare workflow directory
2026-09-30T11:10:44.9000968Z Prepare all required actions
2026-09-30T11:10:44.9047600Z Getting action download info
2026-09-30T11:10:45.1385310Z Download action repository 'actions/checkout@v4' (SHA:11d5960a326750d5838078e36cf38b85af677262)
2026-09-30T11:10:45.2490501Z Download action repository 'actions/setup-dotnet@v4' (SHA:67a3573c9a986a3f9c594539f4ab511d57bb3ce9)
2026-09-30T11:10:45.4997593Z Download action repository 'actions/download-artifact@v4' (SHA:d3f86a106a0bac45b974a628896c90dbdf5c8093)
2026-09-30T11:10:45.7385357Z Download action repository 'actions/upload-artifact@v4' (SHA:ea165f8d65b6e75b540449e92b4886f43607fa02)
2026-09-30T11:10:46.0900563Z Uses: JKamsker/LiteDB/.github/workflows/_reusable-ci.yml@refs/pull/133/merge (3f614aa69b15771ed1a63b8b8796172fae8b6648)
2026-09-30T11:10:46.0905932Z ##[group] Inputs
2026-09-30T11:10:46.0906764Z   tier: full
2026-09-30T11:10:46.0911101Z   sdk-matrix: [
  { "display": ".NET 8", "runtimeMajor": 8,  "sdk": "8.0.x",           "framework": "net8.0", "includePrerelease": false, "msbuildProps": "" },
  { "display": ".NET 9", "runtimeMajor": 9,  "sdk": "9.0.x\n8.0.x",    "framework": "net8.0", "includePrerelease": true,  "msbuildProps": "" },
  { "display": ".NET 10", "runtimeMajor": 10, "sdk": "10.0.x",          "framework": "net10.0", "includePrerelease": false, "msbuildProps": "" }
]

2026-09-30T11:10:46.0915600Z ##[endgroup]
2026-09-30T11:10:46.0916733Z Complete job name: build-and-test / Test (Windows windows-2022 - x86 - .NET 8)
2026-09-30T11:10:46.2510053Z ##[group]Run actions/checkout@v4
2026-09-30T11:10:46.2511559Z with:
2026-09-30T11:10:46.2513868Z   repository: JKamsker/LiteDB
2026-09-30T11:10:46.2522010Z   token: ***
2026-09-30T11:10:46.2522725Z   ssh-strict: true
2026-09-30T11:10:46.2523449Z   ssh-user: git
2026-09-30T11:10:46.2524189Z   persist-credentials: true
2026-09-30T11:10:46.2525021Z   clean: true
2026-09-30T11:10:46.2525768Z   sparse-checkout-cone-mode: true
2026-09-30T11:10:46.2526651Z   fetch-depth: 1
2026-09-30T11:10:46.2527384Z   fetch-tags: false
2026-09-30T11:10:46.2528112Z   show-progress: true
2026-09-30T11:10:46.2528849Z   lfs: false
2026-09-30T11:10:46.2529544Z   submodules: false
2026-09-30T11:10:46.2530299Z   set-safe-directory: true
2026-09-30T11:10:46.2531147Z   allow-unsafe-pr-checkout: false
2026-09-30T11:10:46.2532338Z env:
2026-09-30T11:10:46.2533491Z   LITEDB_RETAINED_FIXTURES: __CI_WORKSPACE__/LiteDB.Tests/TestResults/retained-fixtures
2026-09-30T11:10:46.2535010Z   LITEDB_SHARED_EXPECT_TEMP_VOLUME: 1
2026-09-30T11:10:46.2535911Z ##[endgroup]
2026-09-30T11:10:46.4015922Z Syncing repository: JKamsker/LiteDB
2026-09-30T11:10:46.4018323Z ##[group]Getting Git version info
2026-09-30T11:10:46.4019360Z Working directory is '__CI_HOME__/work\LiteDB\LiteDB'
2026-09-30T11:10:46.5088784Z [command]"C:\Program Files\Git\bin\git.exe" version
2026-09-30T11:10:46.8252521Z git version 2.55.0.windows.5
2026-09-30T11:10:46.8301721Z ##[endgroup]
2026-09-30T11:10:46.8325090Z Temporarily overriding HOME='__CI_HOME__/work\_temp\eee5d089-0b57-4853-a399-75f0f86e2238' before making global git config changes
2026-09-30T11:10:46.8326951Z Adding repository directory to the temporary git global config as a safe directory
2026-09-30T11:10:46.8336663Z [command]"C:\Program Files\Git\bin\git.exe" config --global --add safe.directory __CI_WORKSPACE__
2026-09-30T11:10:46.8878643Z Deleting the contents of '__CI_HOME__/work\LiteDB\LiteDB'
2026-09-30T11:10:46.8883893Z ##[group]Initializing the repository
2026-09-30T11:10:46.8893698Z [command]"C:\Program Files\Git\bin\git.exe" init __CI_WORKSPACE__
2026-09-30T11:10:46.9610624Z Initialized empty Git repository in __CI_WORKSPACE__/.git/
2026-09-30T11:10:46.9642568Z [command]"C:\Program Files\Git\bin\git.exe" remote add origin https://github.com/JKamsker/LiteDB
2026-09-30T11:10:47.0113916Z ##[endgroup]
2026-09-30T11:10:47.0114653Z ##[group]Disabling automatic garbage collection
2026-09-30T11:10:47.0122764Z [command]"C:\Program Files\Git\bin\git.exe" config --local gc.auto 0
2026-09-30T11:10:47.0334042Z ##[endgroup]
2026-09-30T11:10:47.0334734Z ##[group]Setting up auth
2026-09-30T11:10:47.0345467Z [command]"C:\Program Files\Git\bin\git.exe" config --local --name-only --get-regexp core\.sshCommand
2026-09-30T11:10:47.0561476Z [command]"C:\Program Files\Git\bin\git.exe" submodule foreach --recursive "sh -c \"git config --local --name-only --get-regexp 'core\.sshCommand' && git config --local --unset-all 'core.sshCommand' || :\""
2026-09-30T11:10:48.2915487Z [command]"C:\Program Files\Git\bin\git.exe" config --local --name-only --get-regexp http\.https\:\/\/github\.com\/\.extraheader
2026-09-30T11:10:48.3138201Z [command]"C:\Program Files\Git\bin\git.exe" submodule foreach --recursive "sh -c \"git config --local --name-only --get-regexp 'http\.https\:\/\/github\.com\/\.extraheader' && git config --local --unset-all 'http.https://github.com/.extraheader' || :\""
2026-09-30T11:10:48.7586152Z [command]"C:\Program Files\Git\bin\git.exe" config --local --name-only --get-regexp ^includeIf\.gitdir:
2026-09-30T11:10:48.7809869Z [command]"C:\Program Files\Git\bin\git.exe" submodule foreach --recursive "git config --local --show-origin --name-only --get-regexp remote.origin.url"
2026-09-30T11:10:49.2335802Z [command]"C:\Program Files\Git\bin\git.exe" config --local http.https://github.com/.extraheader "AUTHORIZATION: basic ***"
2026-09-30T11:10:49.2612949Z ##[endgroup]
2026-09-30T11:10:49.2613716Z ##[group]Fetching the repository
2026-09-30T11:10:49.2637470Z [command]"C:\Program Files\Git\bin\git.exe" -c protocol.version=2 fetch --no-tags --prune --no-recurse-submodules --depth=1 origin +3f614aa69b15771ed1a63b8b8796172fae8b6648:refs/remotes/pull/133/merge
2026-09-30T11:10:50.6133086Z From https://github.com/JKamsker/LiteDB
2026-09-30T11:10:50.6134258Z  * [new ref]         3f614aa69b15771ed1a63b8b8796172fae8b6648 -> pull/133/merge
2026-09-30T11:10:50.6165487Z ##[endgroup]
2026-09-30T11:10:50.6166107Z ##[group]Determining the checkout info
2026-09-30T11:10:50.6168701Z ##[endgroup]
2026-09-30T11:10:50.6178199Z [command]"C:\Program Files\Git\bin\git.exe" sparse-checkout disable
2026-09-30T11:10:50.6582245Z [command]"C:\Program Files\Git\bin\git.exe" config --local --unset-all extensions.worktreeConfig
2026-09-30T11:10:50.6833687Z ##[group]Checking out the ref
2026-09-30T11:10:50.6842518Z [command]"C:\Program Files\Git\bin\git.exe" checkout --progress --force refs/remotes/pull/133/merge
2026-09-30T11:10:51.1083480Z Note: switching to 'refs/remotes/pull/133/merge'.
2026-09-30T11:10:51.1083953Z 
2026-09-30T11:10:51.1084278Z You are in 'detached HEAD' state. You can look around, make experimental
2026-09-30T11:10:51.1085182Z changes and commit them, and you can discard any commits you make in this
2026-09-30T11:10:51.1085871Z state without impacting any branches by switching back to a branch.
2026-09-30T11:10:51.1086317Z 
2026-09-30T11:10:51.1086611Z If you want to create a new branch to retain commits you create, you may
2026-09-30T11:10:51.1087385Z do so (now or later) by using -c with the switch command. Example:
2026-09-30T11:10:51.1087788Z 
2026-09-30T11:10:51.1087934Z   git switch -c <new-branch-name>
2026-09-30T11:10:51.1088208Z 
2026-09-30T11:10:51.1088344Z Or undo this operation with:
2026-09-30T11:10:51.1088618Z 
2026-09-30T11:10:51.1088762Z   git switch -
2026-09-30T11:10:51.1088939Z 
2026-09-30T11:10:51.1089252Z Turn off this advice by setting config variable advice.detachedHead to false
2026-09-30T11:10:51.1089727Z 
2026-09-30T11:10:51.1090356Z HEAD is now at 3f614aa Merge e821ae7479dcb83570031180b0c0e3f4fd167793 into 5dd942a7367c361fadd600be4ce10aace2768b27
2026-09-30T11:10:51.1183614Z ##[endgroup]
2026-09-30T11:10:51.1484377Z [command]"C:\Program Files\Git\bin\git.exe" log -1 --format=%H
2026-09-30T11:10:51.1705682Z 3f614aa69b15771ed1a63b8b8796172fae8b6648
2026-09-30T11:10:51.2155057Z ##[group]Run actions/setup-dotnet@v4
2026-09-30T11:10:51.2155405Z with:
2026-09-30T11:10:51.2155592Z   dotnet-version: 8.0.x
2026-09-30T11:10:51.2155818Z   cache: false
2026-09-30T11:10:51.2155985Z env:
2026-09-30T11:10:51.2156313Z   LITEDB_RETAINED_FIXTURES: __CI_WORKSPACE__/LiteDB.Tests/TestResults/retained-fixtures
2026-09-30T11:10:51.2156741Z   LITEDB_SHARED_EXPECT_TEMP_VOLUME: 1
2026-09-30T11:10:51.2156986Z ##[endgroup]
2026-09-30T11:10:51.3813289Z (node:5296) [DEP0040] DeprecationWarning: The `punycode` module is deprecated. Please use a userland alternative instead.
2026-09-30T11:10:51.3814101Z (Use `node --trace-deprecation ...` to show where the warning was created)
2026-09-30T11:10:51.4989777Z [command]"C:\Program Files\PowerShell\7\pwsh.exe" -NoLogo -Sta -NoProfile -NonInteractive -ExecutionPolicy Unrestricted -Command & '__CI_HOME__/work\_actions\actions\setup-dotnet\v4\externals\install-dotnet.ps1' -SkipNonVersionedFiles -Runtime dotnet -Channel LTS
2026-09-30T11:10:52.6674409Z dotnet-install: .NET Core Runtime with version '10.0.12' is already installed.
2026-09-30T11:10:52.8146147Z [command]"C:\Program Files\PowerShell\7\pwsh.exe" -NoLogo -Sta -NoProfile -NonInteractive -ExecutionPolicy Unrestricted -Command & '__CI_HOME__/work\_actions\actions\setup-dotnet\v4\externals\install-dotnet.ps1' -SkipNonVersionedFiles -Channel 8.0
2026-09-30T11:10:53.6015743Z dotnet-install: .NET Core SDK with version '8.0.425' is already installed.
2026-09-30T11:10:53.6929759Z ##[group]Run actions/download-artifact@v4
2026-09-30T11:10:53.6930241Z with:
2026-09-30T11:10:53.6930517Z   name: tests-build-windows
2026-09-30T11:10:53.6930833Z   path: .
2026-09-30T11:10:53.6931109Z   merge-multiple: false
2026-09-30T11:10:53.6931428Z   repository: JKamsker/LiteDB
2026-09-30T11:10:53.6931743Z   run-id: 36705044676
2026-09-30T11:10:53.6932251Z env:
2026-09-30T11:10:53.6932743Z   LITEDB_RETAINED_FIXTURES: __CI_WORKSPACE__/LiteDB.Tests/TestResults/retained-fixtures
2026-09-30T11:10:53.6933188Z   LITEDB_SHARED_EXPECT_TEMP_VOLUME: 1
2026-09-30T11:10:53.6933450Z   DOTNET_ROOT: C:\Program Files\dotnet
2026-09-30T11:10:53.6933684Z ##[endgroup]
2026-09-30T11:10:53.8653078Z Downloading single artifact
2026-09-30T11:10:53.8847426Z (node:1400) [DEP0040] DeprecationWarning: The `punycode` module is deprecated. Please use a userland alternative instead.
2026-09-30T11:10:53.8848568Z (Use `node --trace-deprecation ...` to show where the warning was created)
2026-09-30T11:10:53.9671810Z Preparing to download the following artifacts:
2026-09-30T11:10:53.9672677Z - tests-build-windows (ID: 11091504763, Size: 42284746, Expected Digest: sha256:8ef3f3e072c1502b9af75fe9e14c86ce024023ff410c2275bbde411c19c818ee)
2026-09-30T11:10:54.1327090Z Redirecting to blob download url: https://productionresultssa18.blob.core.windows.net/actions-results/b2c9bfe9-81f6-86f6-816b-fddb3bc6c705/workflow-job-run-dd093d5b-0da5-57f9-b54e-bf203321924a/artifacts/a423237836c40f3642fb865e060786e1e859ed0c40243637743f88aa5e75f120.zip
2026-09-30T11:10:54.1328484Z Starting download of artifact to: __CI_WORKSPACE__
2026-09-30T11:10:54.2281548Z (node:1400) [DEP0005] DeprecationWarning: Buffer() is deprecated due to security and usability issues. Please use the Buffer.alloc(), Buffer.allocUnsafe(), or Buffer.from() methods instead.
2026-09-30T11:10:55.7226191Z SHA256 digest of downloaded artifact is 8ef3f3e072c1502b9af75fe9e14c86ce024023ff410c2275bbde411c19c818ee
2026-09-30T11:10:55.7227084Z Artifact download completed successfully.
2026-09-30T11:10:55.7227407Z Total of 1 artifact(s) downloaded
2026-09-30T11:10:55.7237671Z Download artifact has finished successfully
2026-09-30T11:10:55.7505441Z ##[group]Run $diagnostics = Join-Path ([IO.Path]::GetTempPath()) 'litedb-shared-diagnostics-36705044676-9'
2026-09-30T11:10:55.7506275Z [36;1m$diagnostics = Join-Path ([IO.Path]::GetTempPath()) 'litedb-shared-diagnostics-36705044676-9'[0m
2026-09-30T11:10:55.7506983Z [36;1mWrite-Host "Original temp directory: $([IO.Path]::GetTempPath())"[0m
2026-09-30T11:10:55.7507464Z [36;1mWrite-Host "Database and diagnostics root: $diagnostics"[0m
2026-09-30T11:10:55.7507993Z [36;1m"LITEDB_SHARED_DIAGNOSTICS=$diagnostics" | Out-File $env:GITHUB_ENV -Append -Encoding utf8[0m
2026-09-30T11:10:55.7590846Z shell: C:\Program Files\PowerShell\7\pwsh.EXE -command ". '{0}'"
2026-09-30T11:10:55.7591193Z env:
2026-09-30T11:10:55.7591534Z   LITEDB_RETAINED_FIXTURES: __CI_WORKSPACE__/LiteDB.Tests/TestResults/retained-fixtures
2026-09-30T11:10:55.7591979Z   LITEDB_SHARED_EXPECT_TEMP_VOLUME: 1
2026-09-30T11:10:55.7592242Z   DOTNET_ROOT: C:\Program Files\dotnet
2026-09-30T11:10:55.7592523Z ##[endgroup]
2026-09-30T11:10:56.1242659Z Original temp directory: __CI_HOME__\AppData\Local\Temp\
2026-09-30T11:10:56.1261716Z Database and diagnostics root: __CI_HOME__\AppData\Local\Temp\litedb-shared-diagnostics-36705044676-9
2026-09-30T11:10:56.1925664Z ##[group]Run ./scripts/run-ci-tests.ps1 -RuntimeMajor 8 -Framework "net8.0" -Architecture "x86" -PartitionSuite
2026-09-30T11:10:56.1926978Z [36;1m./scripts/run-ci-tests.ps1 -RuntimeMajor 8 -Framework "net8.0" -Architecture "x86" -PartitionSuite[0m
2026-09-30T11:10:56.1966333Z shell: C:\Program Files\PowerShell\7\pwsh.EXE -command ". '{0}'"
2026-09-30T11:10:56.1966683Z env:
2026-09-30T11:10:56.1967035Z   LITEDB_RETAINED_FIXTURES: __CI_WORKSPACE__/LiteDB.Tests/TestResults/retained-fixtures
2026-09-30T11:10:56.1967482Z   LITEDB_SHARED_EXPECT_TEMP_VOLUME: 1
2026-09-30T11:10:56.1967744Z   DOTNET_ROOT: C:\Program Files\dotnet
2026-09-30T11:10:56.1968230Z   LITEDB_SHARED_DIAGNOSTICS: __CI_HOME__\AppData\Local\Temp\litedb-shared-diagnostics-36705044676-9
2026-09-30T11:10:56.1969388Z   LITEDB_EVIDENCE_MATRIX: {
  "os": "windows-2022",
  "arch": "x86",
  "item": {
    "display": ".NET 8",
    "runtimeMajor": 8,
    "sdk": "8.0.x",
    "framework": "net8.0",
    "includePrerelease": false,
    "msbuildProps": ""
  }
}
2026-09-30T11:10:56.1970315Z ##[endgroup]
2026-09-30T11:10:58.0856687Z dotnet-install: Downloaded file https://builds.dotnet.microsoft.com/dotnet/Runtime/8.0.31/dotnet-runtime-8.0.31-win-x86.zip size is 30566127 bytes.
2026-09-30T11:10:58.0864025Z dotnet-install: Either downloaded or local package size can not be measured. One of them may be corrupted.
2026-09-30T11:10:58.0892502Z dotnet-install: Extracting the archive.
2026-09-30T11:10:58.6828980Z dotnet-install: Binaries of dotnet can be found in __CI_HOME__/work\_temp\litedb-runtime-8-x86\
2026-09-30T11:10:58.6838355Z dotnet-install: Note that the script does not ensure your Windows version is supported during the installation.
2026-09-30T11:10:58.6847430Z dotnet-install: To check the list of supported versions, go to https://learn.microsoft.com/dotnet/core/install/windows#supported-versions
2026-09-30T11:10:58.6853960Z dotnet-install: Installed version is 8.0.31
2026-09-30T11:10:58.6861073Z dotnet-install: Installation finished
2026-09-30T11:10:58.7222613Z 
2026-09-30T11:10:58.7223091Z Host:
2026-09-30T11:10:58.7223560Z   Version:      8.0.31
2026-09-30T11:10:58.7223927Z   Architecture: x86
2026-09-30T11:10:58.7224250Z   Commit:       1219a42122
2026-09-30T11:10:58.7224714Z   RID:          win-x86
2026-09-30T11:10:58.7224908Z 
2026-09-30T11:10:58.7225061Z .NET SDKs installed:
2026-09-30T11:10:58.7225400Z   No SDKs were found.
2026-09-30T11:10:58.7225860Z 
2026-09-30T11:10:58.7226118Z .NET runtimes installed:
2026-09-30T11:10:58.7226711Z   Microsoft.NETCore.App 8.0.31 [__CI_HOME__/work\_temp\litedb-runtime-8-x86\shared\Microsoft.NETCore.App]
2026-09-30T11:10:58.7227088Z 
2026-09-30T11:10:58.7227199Z Other architectures found:
2026-09-30T11:10:58.7227446Z   x64   [C:\Program Files\dotnet]
2026-09-30T11:10:58.7227836Z     registered at [HKLM\SOFTWARE\dotnet\Setup\InstalledVersions\x64\InstallLocation]
2026-09-30T11:10:58.7228159Z 
2026-09-30T11:10:58.7228262Z Environment variables:
2026-09-30T11:10:58.7228540Z   DOTNET_ROOT       [C:\Program Files\dotnet]
2026-09-30T11:10:58.7228738Z 
2026-09-30T11:10:58.7228816Z global.json file:
2026-09-30T11:10:58.7228996Z   Not found
2026-09-30T11:10:58.7229106Z 
2026-09-30T11:10:58.7229175Z Learn more:
2026-09-30T11:10:58.7229375Z   https://aka.ms/dotnet/info
2026-09-30T11:10:58.7229527Z 
2026-09-30T11:10:58.7229602Z Download .NET:
2026-09-30T11:10:58.7229800Z   https://aka.ms/dotnet/download
2026-09-30T11:10:58.7502242Z 
2026-09-30T11:10:58.7502586Z Host:
2026-09-30T11:10:58.7502985Z   Version:      8.0.31
2026-09-30T11:10:58.7503352Z   Architecture: x86
2026-09-30T11:10:58.7503675Z   Commit:       1219a42122
2026-09-30T11:10:58.7504027Z   RID:          win-x86
2026-09-30T11:10:58.7504257Z 
2026-09-30T11:10:58.7504433Z .NET SDKs installed:
2026-09-30T11:10:58.7504791Z   No SDKs were found.
2026-09-30T11:10:58.7505025Z 
2026-09-30T11:10:58.7505185Z .NET runtimes installed:
2026-09-30T11:10:58.7508918Z   Microsoft.NETCore.App 8.0.31 [__CI_HOME__/work\_temp\litedb-runtime-8-x86\shared\Microsoft.NETCore.App]
2026-09-30T11:10:58.7509444Z 
2026-09-30T11:10:58.7509575Z Other architectures found:
2026-09-30T11:10:58.7509827Z   x64   [C:\Program Files\dotnet]
2026-09-30T11:10:58.7510223Z     registered at [HKLM\SOFTWARE\dotnet\Setup\InstalledVersions\x64\InstallLocation]
2026-09-30T11:10:58.7510557Z 
2026-09-30T11:10:58.7510656Z Environment variables:
2026-09-30T11:10:58.7510898Z   DOTNET_ROOT       [C:\Program Files\dotnet]
2026-09-30T11:10:58.7511090Z 
2026-09-30T11:10:58.7511168Z global.json file:
2026-09-30T11:10:58.7511357Z   Not found
2026-09-30T11:10:58.7511457Z 
2026-09-30T11:10:58.7511528Z Learn more:
2026-09-30T11:10:58.7511708Z   https://aka.ms/dotnet/info
2026-09-30T11:10:58.7511860Z 
2026-09-30T11:10:58.7511933Z Download .NET:
2026-09-30T11:10:58.7512125Z   https://aka.ms/dotnet/download
2026-09-30T11:11:09.5806718Z Partition coverage: 2531 test methods, 0 not in exactly one partition.
2026-09-30T11:11:09.6530692Z Running complete-suite partition: issues
2026-09-30T11:11:09.6632067Z 
2026-09-30T11:11:09.6632374Z Host:
2026-09-30T11:11:09.6632785Z   Version:      8.0.31
2026-09-30T11:11:09.6633158Z   Architecture: x86
2026-09-30T11:11:09.6633508Z   Commit:       1219a42122
2026-09-30T11:11:09.6633880Z   RID:          win-x86
2026-09-30T11:11:09.6634082Z 
2026-09-30T11:11:09.6634193Z .NET SDKs installed:
2026-09-30T11:11:09.6634390Z   No SDKs were found.
2026-09-30T11:11:09.6634518Z 
2026-09-30T11:11:09.6634619Z .NET runtimes installed:
2026-09-30T11:11:09.6635346Z   Microsoft.NETCore.App 8.0.31 [__CI_HOME__/work\_temp\litedb-runtime-8-x86\shared\Microsoft.NETCore.App]
2026-09-30T11:11:09.6636010Z 
2026-09-30T11:11:09.6636186Z Other architectures found:
2026-09-30T11:11:09.6636465Z   x64   [C:\Program Files\dotnet]
2026-09-30T11:11:09.6637416Z     registered at [HKLM\SOFTWARE\dotnet\Setup\InstalledVersions\x64\InstallLocation]
2026-09-30T11:11:09.6638526Z 
2026-09-30T11:11:09.6639146Z Environment variables:
2026-09-30T11:11:09.6639628Z   DOTNET_ROOT       [C:\Program Files\dotnet]
2026-09-30T11:11:09.6640411Z 
2026-09-30T11:11:09.6640586Z global.json file:
2026-09-30T11:11:09.6640982Z   Not found
2026-09-30T11:11:09.6641164Z 
2026-09-30T11:11:09.6641241Z Learn more:
2026-09-30T11:11:09.6641491Z   https://aka.ms/dotnet/info
2026-09-30T11:11:09.6641774Z 
2026-09-30T11:11:09.6641907Z Download .NET:
2026-09-30T11:11:09.6643195Z   https://aka.ms/dotnet/download
2026-09-30T11:11:09.9122097Z VSTest version 18.7.0 (x64)
2026-09-30T11:11:09.9151592Z 
2026-09-30T11:11:10.0482609Z Starting test execution, please wait...
2026-09-30T11:11:10.1506794Z A total of 1 test files matched the specified pattern.
2026-09-30T11:11:25.3466887Z [xUnit.net 00:00:14.64]     LiteDB.Tests.Issues.Issue2127_Tests+ReproTests.InsertItemBackToBack_Test [SKIP]
2026-09-30T11:11:25.5421913Z   Skipped LiteDB.Tests.Issues.Issue2127_Tests+ReproTests.InsertItemBackToBack_Test [1 ms]
2026-09-30T11:12:17.6540489Z Results File: __CI_WORKSPACE__\LiteDB.Tests\TestResults\TestResults-issues.trx
2026-09-30T11:12:17.6544637Z 
2026-09-30T11:12:17.6597610Z Passed!  - Failed:     0, Passed:  1570, Skipped:     1, Total:  1571, Duration: 1 m 5 s - LiteDB.Tests.dll (net8.0)
2026-09-30T11:12:17.8622352Z Running complete-suite partition: rebuild
2026-09-30T11:12:17.8735067Z 
2026-09-30T11:12:17.8735555Z Host:
2026-09-30T11:12:17.8737923Z   Version:      8.0.31
2026-09-30T11:12:17.8738837Z   Architecture: x86
2026-09-30T11:12:17.8739170Z   Commit:       1219a42122
2026-09-30T11:12:17.8739414Z   RID:          win-x86
2026-09-30T11:12:17.8739558Z 
2026-09-30T11:12:17.8739664Z .NET SDKs installed:
2026-09-30T11:12:17.8739879Z   No SDKs were found.
2026-09-30T11:12:17.8740001Z 
2026-09-30T11:12:17.8740100Z .NET runtimes installed:
2026-09-30T11:12:17.8740497Z   Microsoft.NETCore.App 8.0.31 [__CI_HOME__/work\_temp\litedb-runtime-8-x86\shared\Microsoft.NETCore.App]
2026-09-30T11:12:17.8741094Z 
2026-09-30T11:12:17.8741253Z Other architectures found:
2026-09-30T11:12:17.8743284Z   x64   [C:\Program Files\dotnet]
2026-09-30T11:12:17.8744037Z     registered at [HKLM\SOFTWARE\dotnet\Setup\InstalledVersions\x64\InstallLocation]
2026-09-30T11:12:17.8744605Z 
2026-09-30T11:12:17.8744766Z Environment variables:
2026-09-30T11:12:17.8745156Z   DOTNET_ROOT       [C:\Program Files\dotnet]
2026-09-30T11:12:17.8745483Z 
2026-09-30T11:12:17.8745612Z global.json file:
2026-09-30T11:12:17.8745909Z   Not found
2026-09-30T11:12:17.8746072Z 
2026-09-30T11:12:17.8746182Z Learn more:
2026-09-30T11:12:17.8746478Z   https://aka.ms/dotnet/info
2026-09-30T11:12:17.8746742Z 
2026-09-30T11:12:17.8746863Z Download .NET:
2026-09-30T11:12:17.8747184Z   https://aka.ms/dotnet/download
2026-09-30T11:12:18.1012461Z VSTest version 18.7.0 (x64)
2026-09-30T11:12:18.1038119Z 
2026-09-30T11:12:18.2184747Z Starting test execution, please wait...
2026-09-30T11:12:18.2526987Z A total of 1 test files matched the specified pattern.
2026-09-30T11:12:20.7057808Z [xUnit.net 00:00:01.97]     LiteDB.Tests.Engine.Rebuild_Tests.Rebuild_Change_Culture_Error [SKIP]
2026-09-30T11:12:21.0421580Z   Skipped LiteDB.Tests.Engine.Rebuild_Tests.Rebuild_Change_Culture_Error [1 ms]
2026-09-30T11:12:42.8321062Z Results File: __CI_WORKSPACE__\LiteDB.Tests\TestResults\TestResults-rebuild.trx
2026-09-30T11:12:42.8324304Z 
2026-09-30T11:12:42.8363935Z Passed!  - Failed:     0, Passed:    87, Skipped:     1, Total:    88, Duration: 23 s - LiteDB.Tests.dll (net8.0)
2026-09-30T11:12:42.8717634Z Running complete-suite partition: engine-compact
2026-09-30T11:12:42.8808907Z 
2026-09-30T11:12:42.8809111Z Host:
2026-09-30T11:12:42.8809394Z   Version:      8.0.31
2026-09-30T11:12:42.8809620Z   Architecture: x86
2026-09-30T11:12:42.8809829Z   Commit:       1219a42122
2026-09-30T11:12:42.8810048Z   RID:          win-x86
2026-09-30T11:12:42.8810181Z 
2026-09-30T11:12:42.8810285Z .NET SDKs installed:
2026-09-30T11:12:42.8810483Z   No SDKs were found.
2026-09-30T11:12:42.8810605Z 
2026-09-30T11:12:42.8810731Z .NET runtimes installed:
2026-09-30T11:12:42.8811138Z   Microsoft.NETCore.App 8.0.31 [__CI_HOME__/work\_temp\litedb-runtime-8-x86\shared\Microsoft.NETCore.App]
2026-09-30T11:12:42.8811568Z 
2026-09-30T11:12:42.8811745Z Other architectures found:
2026-09-30T11:12:42.8812381Z   x64   [C:\Program Files\dotnet]
2026-09-30T11:12:42.8812798Z     registered at [HKLM\SOFTWARE\dotnet\Setup\InstalledVersions\x64\InstallLocation]
2026-09-30T11:12:42.8813136Z 
2026-09-30T11:12:42.8813235Z Environment variables:
2026-09-30T11:12:42.8813475Z   DOTNET_ROOT       [C:\Program Files\dotnet]
2026-09-30T11:12:42.8813662Z 
2026-09-30T11:12:42.8813742Z global.json file:
2026-09-30T11:12:42.8813937Z   Not found
2026-09-30T11:12:42.8814156Z 
2026-09-30T11:12:42.8814267Z Learn more:
2026-09-30T11:12:42.8814576Z   https://aka.ms/dotnet/info
2026-09-30T11:12:42.8814770Z 
2026-09-30T11:12:42.8814852Z Download .NET:
2026-09-30T11:12:42.8815531Z   https://aka.ms/dotnet/download
2026-09-30T11:12:43.0874447Z VSTest version 18.7.0 (x64)
2026-09-30T11:12:43.0898111Z 
2026-09-30T11:12:43.1981468Z Starting test execution, please wait...
2026-09-30T11:12:43.2324880Z A total of 1 test files matched the specified pattern.
2026-09-30T11:13:29.3274389Z Results File: __CI_WORKSPACE__\LiteDB.Tests\TestResults\TestResults-engine-compact.trx
2026-09-30T11:13:29.3277888Z 
2026-09-30T11:13:29.3319855Z Passed!  - Failed:     0, Passed:   296, Skipped:     0, Total:   296, Duration: 44 s - LiteDB.Tests.dll (net8.0)
2026-09-30T11:13:29.3833920Z Running complete-suite partition: engine-index
2026-09-30T11:13:29.3941378Z 
2026-09-30T11:13:29.3941750Z Host:
2026-09-30T11:13:29.3942177Z   Version:      8.0.31
2026-09-30T11:13:29.3942652Z   Architecture: x86
2026-09-30T11:13:29.3943088Z   Commit:       1219a42122
2026-09-30T11:13:29.3943514Z   RID:          win-x86
2026-09-30T11:13:29.3943999Z 
2026-09-30T11:13:29.3944246Z .NET SDKs installed:
2026-09-30T11:13:29.3944719Z   No SDKs were found.
2026-09-30T11:13:29.3945009Z 
2026-09-30T11:13:29.3945253Z .NET runtimes installed:
2026-09-30T11:13:29.3946331Z   Microsoft.NETCore.App 8.0.31 [__CI_HOME__/work\_temp\litedb-runtime-8-x86\shared\Microsoft.NETCore.App]
2026-09-30T11:13:29.3947031Z 
2026-09-30T11:13:29.3947295Z Other architectures found:
2026-09-30T11:13:29.3948157Z   x64   [C:\Program Files\dotnet]
2026-09-30T11:13:29.3948742Z     registered at [HKLM\SOFTWARE\dotnet\Setup\InstalledVersions\x64\InstallLocation]
2026-09-30T11:13:29.3949132Z 
2026-09-30T11:13:29.3949279Z Environment variables:
2026-09-30T11:13:29.3949586Z   DOTNET_ROOT       [C:\Program Files\dotnet]
2026-09-30T11:13:29.3949832Z 
2026-09-30T11:13:29.3949927Z global.json file:
2026-09-30T11:13:29.3950163Z   Not found
2026-09-30T11:13:29.3950305Z 
2026-09-30T11:13:29.3950427Z Learn more:
2026-09-30T11:13:29.3950674Z   https://aka.ms/dotnet/info
2026-09-30T11:13:29.3950883Z 
2026-09-30T11:13:29.3950976Z Download .NET:
2026-09-30T11:13:29.3951234Z   https://aka.ms/dotnet/download
2026-09-30T11:13:29.6154145Z VSTest version 18.7.0 (x64)
2026-09-30T11:13:29.6183635Z 
2026-09-30T11:13:29.7216597Z Starting test execution, please wait...
2026-09-30T11:13:29.7623573Z A total of 1 test files matched the specified pattern.
2026-09-30T11:14:05.4126406Z Results File: __CI_WORKSPACE__\LiteDB.Tests\TestResults\TestResults-engine-index.trx
2026-09-30T11:14:05.4128884Z 
2026-09-30T11:14:05.4169300Z Passed!  - Failed:     0, Passed:    63, Skipped:     0, Total:    63, Duration: 34 s - LiteDB.Tests.dll (net8.0)
2026-09-30T11:14:05.4495052Z Running complete-suite partition: engine-admission
2026-09-30T11:14:05.4597316Z 
2026-09-30T11:14:05.4597817Z Host:
2026-09-30T11:14:05.4598243Z   Version:      8.0.31
2026-09-30T11:14:05.4598692Z   Architecture: x86
2026-09-30T11:14:05.4599108Z   Commit:       1219a42122
2026-09-30T11:14:05.4599534Z   RID:          win-x86
2026-09-30T11:14:05.4599798Z 
2026-09-30T11:14:05.4600023Z .NET SDKs installed:
2026-09-30T11:14:05.4600473Z   No SDKs were found.
2026-09-30T11:14:05.4600766Z 
2026-09-30T11:14:05.4601004Z .NET runtimes installed:
2026-09-30T11:14:05.4601798Z   Microsoft.NETCore.App 8.0.31 [__CI_HOME__/work\_temp\litedb-runtime-8-x86\shared\Microsoft.NETCore.App]
2026-09-30T11:14:05.4602443Z 
2026-09-30T11:14:05.4602700Z Other architectures found:
2026-09-30T11:14:05.4603207Z   x64   [C:\Program Files\dotnet]
2026-09-30T11:14:05.4604347Z     registered at [HKLM\SOFTWARE\dotnet\Setup\InstalledVersions\x64\InstallLocation]
2026-09-30T11:14:05.4604866Z 
2026-09-30T11:14:05.4605026Z Environment variables:
2026-09-30T11:14:05.4605344Z   DOTNET_ROOT       [C:\Program Files\dotnet]
2026-09-30T11:14:05.4605594Z 
2026-09-30T11:14:05.4605692Z global.json file:
2026-09-30T11:14:05.4605945Z   Not found
2026-09-30T11:14:05.4606089Z 
2026-09-30T11:14:05.4606200Z Learn more:
2026-09-30T11:14:05.4606442Z   https://aka.ms/dotnet/info
2026-09-30T11:14:05.4606617Z 
2026-09-30T11:14:05.4606729Z Download .NET:
2026-09-30T11:14:05.4606994Z   https://aka.ms/dotnet/download
2026-09-30T11:14:05.6704716Z VSTest version 18.7.0 (x64)
2026-09-30T11:14:05.6730000Z 
2026-09-30T11:14:05.7779335Z Starting test execution, please wait...
2026-09-30T11:14:05.8146621Z A total of 1 test files matched the specified pattern.
2026-09-30T11:14:28.5657295Z Results File: __CI_WORKSPACE__\LiteDB.Tests\TestResults\TestResults-engine-admission.trx
2026-09-30T11:14:28.5661199Z 
2026-09-30T11:14:28.5703026Z Passed!  - Failed:     0, Passed:   126, Skipped:     0, Total:   126, Duration: 21 s - LiteDB.Tests.dll (net8.0)
2026-09-30T11:14:28.6084487Z Running complete-suite partition: engine-shared
2026-09-30T11:14:28.6182141Z 
2026-09-30T11:14:28.6185161Z Host:
2026-09-30T11:14:28.6185701Z   Version:      8.0.31
2026-09-30T11:14:28.6186168Z   Architecture: x86
2026-09-30T11:14:28.6186599Z   Commit:       1219a42122
2026-09-30T11:14:28.6186994Z   RID:          win-x86
2026-09-30T11:14:28.6187274Z 
2026-09-30T11:14:28.6187502Z .NET SDKs installed:
2026-09-30T11:14:28.6187948Z   No SDKs were found.
2026-09-30T11:14:28.6188288Z 
2026-09-30T11:14:28.6188791Z .NET runtimes installed:
2026-09-30T11:14:28.6189800Z   Microsoft.NETCore.App 8.0.31 [__CI_HOME__/work\_temp\litedb-runtime-8-x86\shared\Microsoft.NETCore.App]
2026-09-30T11:14:28.6190221Z 
2026-09-30T11:14:28.6190380Z Other architectures found:
2026-09-30T11:14:28.6190680Z   x64   [C:\Program Files\dotnet]
2026-09-30T11:14:28.6191130Z     registered at [HKLM\SOFTWARE\dotnet\Setup\InstalledVersions\x64\InstallLocation]
2026-09-30T11:14:28.6191498Z 
2026-09-30T11:14:28.6191631Z Environment variables:
2026-09-30T11:14:28.6191926Z   DOTNET_ROOT       [C:\Program Files\dotnet]
2026-09-30T11:14:28.6192133Z 
2026-09-30T11:14:28.6192247Z global.json file:
2026-09-30T11:14:28.6192477Z   Not found
2026-09-30T11:14:28.6192614Z 
2026-09-30T11:14:28.6192715Z Learn more:
2026-09-30T11:14:28.6192955Z   https://aka.ms/dotnet/info
2026-09-30T11:14:28.6193126Z 
2026-09-30T11:14:28.6193239Z Download .NET:
2026-09-30T11:14:28.6193488Z   https://aka.ms/dotnet/download
2026-09-30T11:14:28.8295350Z VSTest version 18.7.0 (x64)
2026-09-30T11:14:28.8319850Z 
2026-09-30T11:14:28.9321661Z Starting test execution, please wait...
2026-09-30T11:14:28.9675999Z A total of 1 test files matched the specified pattern.
2026-09-30T11:15:10.2553795Z [xUnit.net 00:00:40.80]     LiteDB.Tests.Engine.SharedAdmissionLifetime_Tests.Open_retains_admission_when_a_callback_disposes_the_connection [FAIL]
2026-09-30T11:15:10.6617555Z   Failed LiteDB.Tests.Engine.SharedAdmissionLifetime_Tests.Open_retains_admission_when_a_callback_disposes_the_connection [41 ms]
2026-09-30T11:15:10.6618833Z   Error Message:
2026-09-30T11:15:10.6619641Z    Expected a <System.IO.IOException> to be thrown, but found <System.InvalidOperationException>:
2026-09-30T11:15:10.6621074Z System.InvalidOperationException: Cannot close a shared connection from inside its executing operation.
2026-09-30T11:15:10.6622650Z    at LiteDB.SharedEngine.Dispose(Boolean disposing) in __CI_WORKSPACE__\LiteDB\Client\Shared\SharedEngine.Disposal.cs:line 20
2026-09-30T11:15:10.6624207Z    at LiteDB.SharedEngine.Dispose() in __CI_WORKSPACE__\LiteDB\Client\Shared\SharedEngine.cs:line 440
2026-09-30T11:15:10.6626336Z    at LiteDB.Tests.Engine.SharedAdmissionLifetime_Tests.<>c__DisplayClass1_0.<Open_retains_admission_when_a_callback_disposes_the_connection>b__1() in __CI_WORKSPACE__\LiteDB.Tests\Engine\SharedAdmissionLifetime_Tests.cs:line 78
2026-09-30T11:15:10.6628996Z    at LiteDB.SharedEngine.CreateEngine(Boolean recoveredAbandonedOwner, EngineSettings settings) in __CI_WORKSPACE__\LiteDB\Client\Shared\SharedEngine.cs:line 158
2026-09-30T11:15:10.6631210Z    at LiteDB.SharedEngine.OpenEngine(Boolean recoveredAbandonedOwner, Boolean final, Boolean writing) in __CI_WORKSPACE__\LiteDB\Client\Shared\SharedEngine.Coordination.cs:line 41
2026-09-30T11:15:10.6633621Z    at LiteDB.SharedEngine.OpenDatabase(Boolean scoped, Boolean writing, CancellationToken closing, TransactionAdmission admission) in __CI_WORKSPACE__\LiteDB\Client\Shared\SharedEngine.cs:line 134
2026-09-30T11:15:10.6635866Z    at LiteDB.SharedEngine.<>c__DisplayClass7_0`1.<QueryDatabase>b__0() in __CI_WORKSPACE__\LiteDB\Client\Shared\SharedEngine.Calls.cs:line 44
2026-09-30T11:15:10.6637553Z    at LiteDB.SharedEngine.Call[T](Func`1 call) in __CI_WORKSPACE__\LiteDB\Client\Shared\SharedEngine.Calls.cs:line 61
2026-09-30T11:15:10.6639074Z    at LiteDB.SharedEngine.QueryDatabase[T](Func`1 Query) in __CI_WORKSPACE__\LiteDB\Client\Shared\SharedEngine.Calls.cs:line 42
2026-09-30T11:15:10.6640605Z    at LiteDB.SharedEngine.Pragma(String name) in __CI_WORKSPACE__\LiteDB\Client\Shared\SharedEngine.cs:line 345
2026-09-30T11:15:10.6642752Z    at LiteDB.Tests.Engine.SharedAdmissionLifetime_Tests.<>c__DisplayClass1_0.<Open_retains_admission_when_a_callback_disposes_the_connection>b__2() in __CI_WORKSPACE__\LiteDB.Tests\Engine\SharedAdmissionLifetime_Tests.cs:line 82
2026-09-30T11:15:10.6644705Z    at FluentAssertions.Specialized.ActionAssertions.InvokeSubject()
2026-09-30T11:15:10.6647094Z    at FluentAssertions.Specialized.DelegateAssertions`2.InvokeSubjectWithInterception().
2026-09-30T11:15:10.6648064Z   Stack Trace:
2026-09-30T11:15:10.6648776Z      at FluentAssertions.Execution.XUnit2TestFramework.Throw(String message)
2026-09-30T11:15:10.6649854Z    at FluentAssertions.Execution.TestFrameworkProvider.Throw(String message)
2026-09-30T11:15:10.6651051Z    at FluentAssertions.Execution.DefaultAssertionStrategy.HandleFailure(String message)
2026-09-30T11:15:10.6652246Z    at FluentAssertions.Execution.AssertionScope.FailWith(Func`1 failReasonFunc)
2026-09-30T11:15:10.6653790Z    at FluentAssertions.Specialized.DelegateAssertionsBase`2.ThrowInternal[TException](Exception exception, String because, Object[] becauseArgs)
2026-09-30T11:15:10.6655541Z    at FluentAssertions.Specialized.DelegateAssertions`2.Throw[TException](String because, Object[] becauseArgs)
2026-09-30T11:15:10.6657679Z    at LiteDB.Tests.Engine.SharedAdmissionLifetime_Tests.Open_retains_admission_when_a_callback_disposes_the_connection() in __CI_WORKSPACE__\LiteDB.Tests\Engine\SharedAdmissionLifetime_Tests.cs:line 83
2026-09-30T11:15:10.6660729Z    at System.RuntimeMethodHandle.InvokeMethod(Object target, Void** arguments, Signature sig, Boolean isConstructor)
2026-09-30T11:15:10.6661566Z    at System.Reflection.MethodBaseInvoker.InvokeWithNoArgs(Object obj, BindingFlags invokeAttr)
2026-09-30T11:15:31.3533947Z Results File: __CI_WORKSPACE__\LiteDB.Tests\TestResults\TestResults-engine-shared.trx
2026-09-30T11:15:31.3537713Z 
2026-09-30T11:15:31.3582285Z Failed!  - Failed:     1, Passed:   373, Skipped:     0, Total:   374, Duration: 1 m - LiteDB.Tests.dll (net8.0)
2026-09-30T11:15:31.3901200Z Running complete-suite partition: engine
2026-09-30T11:15:31.4002941Z 
2026-09-30T11:15:31.4003732Z Host:
2026-09-30T11:15:31.4004201Z   Version:      8.0.31
2026-09-30T11:15:31.4004875Z   Architecture: x86
2026-09-30T11:15:31.4005162Z   Commit:       1219a42122
2026-09-30T11:15:31.4005445Z   RID:          win-x86
2026-09-30T11:15:31.4005645Z 
2026-09-30T11:15:31.4005798Z .NET SDKs installed:
2026-09-30T11:15:31.4006144Z   No SDKs were found.
2026-09-30T11:15:31.4006455Z 
2026-09-30T11:15:31.4006905Z .NET runtimes installed:
2026-09-30T11:15:31.4007774Z   Microsoft.NETCore.App 8.0.31 [__CI_HOME__/work\_temp\litedb-runtime-8-x86\shared\Microsoft.NETCore.App]
2026-09-30T11:15:31.4008442Z 
2026-09-30T11:15:31.4009217Z Other architectures found:
2026-09-30T11:15:31.4010139Z   x64   [C:\Program Files\dotnet]
2026-09-30T11:15:31.4011361Z     registered at [HKLM\SOFTWARE\dotnet\Setup\InstalledVersions\x64\InstallLocation]
2026-09-30T11:15:31.4012006Z 
2026-09-30T11:15:31.4012268Z Environment variables:
2026-09-30T11:15:31.4012758Z   DOTNET_ROOT       [C:\Program Files\dotnet]
2026-09-30T11:15:31.4013160Z 
2026-09-30T11:15:31.4013310Z global.json file:
2026-09-30T11:15:31.4013684Z   Not found
2026-09-30T11:15:31.4013917Z 
2026-09-30T11:15:31.4014086Z Learn more:
2026-09-30T11:15:31.4014491Z   https://aka.ms/dotnet/info
2026-09-30T11:15:31.4014812Z 
2026-09-30T11:15:31.4014960Z Download .NET:
2026-09-30T11:15:31.4015349Z   https://aka.ms/dotnet/download
2026-09-30T11:15:31.6053614Z VSTest version 18.7.0 (x64)
2026-09-30T11:15:31.6082757Z 
2026-09-30T11:15:31.7081128Z Starting test execution, please wait...
2026-09-30T11:15:31.7434042Z A total of 1 test files matched the specified pattern.
2026-09-30T11:16:49.6394549Z [xUnit.net 00:01:17.41]     LiteDB.Tests.Engine.Collation_Tests.Create_Database_Using_Current_Culture [SKIP]
2026-09-30T11:16:50.2185581Z   Skipped LiteDB.Tests.Engine.Collation_Tests.Create_Database_Using_Current_Culture [1 ms]
2026-09-30T11:17:05.0450551Z Results File: __CI_WORKSPACE__\LiteDB.Tests\TestResults\TestResults-engine.trx
2026-09-30T11:17:05.0454649Z 
2026-09-30T11:17:05.0497670Z Passed!  - Failed:     0, Passed:   457, Skipped:     1, Total:   458, Duration: 1 m 31 s - LiteDB.Tests.dll (net8.0)
2026-09-30T11:17:05.1081865Z Running complete-suite partition: query-not-equal
2026-09-30T11:17:05.1191991Z 
2026-09-30T11:17:05.1192654Z Host:
2026-09-30T11:17:05.1193139Z   Version:      8.0.31
2026-09-30T11:17:05.1193599Z   Architecture: x86
2026-09-30T11:17:05.1194018Z   Commit:       1219a42122
2026-09-30T11:17:05.1194461Z   RID:          win-x86
2026-09-30T11:17:05.1194704Z 
2026-09-30T11:17:05.1194936Z .NET SDKs installed:
2026-09-30T11:17:05.1195364Z   No SDKs were found.
2026-09-30T11:17:05.1195631Z 
2026-09-30T11:17:05.1195807Z .NET runtimes installed:
2026-09-30T11:17:05.1196575Z   Microsoft.NETCore.App 8.0.31 [__CI_HOME__/work\_temp\litedb-runtime-8-x86\shared\Microsoft.NETCore.App]
2026-09-30T11:17:05.1197217Z 
2026-09-30T11:17:05.1197472Z Other architectures found:
2026-09-30T11:17:05.1197995Z   x64   [C:\Program Files\dotnet]
2026-09-30T11:17:05.1199152Z     registered at [HKLM\SOFTWARE\dotnet\Setup\InstalledVersions\x64\InstallLocation]
2026-09-30T11:17:05.1199558Z 
2026-09-30T11:17:05.1199717Z Environment variables:
2026-09-30T11:17:05.1200031Z   DOTNET_ROOT       [C:\Program Files\dotnet]
2026-09-30T11:17:05.1200519Z 
2026-09-30T11:17:05.1200620Z global.json file:
2026-09-30T11:17:05.1200892Z   Not found
2026-09-30T11:17:05.1201007Z 
2026-09-30T11:17:05.1201116Z Learn more:
2026-09-30T11:17:05.1201364Z   https://aka.ms/dotnet/info
2026-09-30T11:17:05.1201563Z 
2026-09-30T11:17:05.1201649Z Download .NET:
2026-09-30T11:17:05.1201926Z   https://aka.ms/dotnet/download
2026-09-30T11:17:05.3361987Z VSTest version 18.7.0 (x64)
2026-09-30T11:17:05.3386853Z 
2026-09-30T11:17:05.4396422Z Starting test execution, please wait...
2026-09-30T11:17:05.4772284Z A total of 1 test files matched the specified pattern.
2026-09-30T11:17:18.9911557Z Results File: __CI_WORKSPACE__\LiteDB.Tests\TestResults\TestResults-query-not-equal.trx
2026-09-30T11:17:18.9914444Z 
2026-09-30T11:17:18.9954037Z Passed!  - Failed:     0, Passed:    14, Skipped:     0, Total:    14, Duration: 11 s - LiteDB.Tests.dll (net8.0)
2026-09-30T11:17:19.0265793Z Running complete-suite partition: query
2026-09-30T11:17:19.0358410Z 
2026-09-30T11:17:19.0358931Z Host:
2026-09-30T11:17:19.0359406Z   Version:      8.0.31
2026-09-30T11:17:19.0359847Z   Architecture: x86
2026-09-30T11:17:19.0360202Z   Commit:       1219a42122
2026-09-30T11:17:19.0360664Z   RID:          win-x86
2026-09-30T11:17:19.0360896Z 
2026-09-30T11:17:19.0361124Z .NET SDKs installed:
2026-09-30T11:17:19.0361589Z   No SDKs were found.
2026-09-30T11:17:19.0361895Z 
2026-09-30T11:17:19.0362091Z .NET runtimes installed:
2026-09-30T11:17:19.0362881Z   Microsoft.NETCore.App 8.0.31 [__CI_HOME__/work\_temp\litedb-runtime-8-x86\shared\Microsoft.NETCore.App]
2026-09-30T11:17:19.0363495Z 
2026-09-30T11:17:19.0363695Z Other architectures found:
2026-09-30T11:17:19.0364177Z   x64   [C:\Program Files\dotnet]
2026-09-30T11:17:19.0364951Z     registered at [HKLM\SOFTWARE\dotnet\Setup\InstalledVersions\x64\InstallLocation]
2026-09-30T11:17:19.0366021Z 
2026-09-30T11:17:19.0366210Z Environment variables:
2026-09-30T11:17:19.0366550Z   DOTNET_ROOT       [C:\Program Files\dotnet]
2026-09-30T11:17:19.0366815Z 
2026-09-30T11:17:19.0366912Z global.json file:
2026-09-30T11:17:19.0367170Z   Not found
2026-09-30T11:17:19.0367291Z 
2026-09-30T11:17:19.0367402Z Learn more:
2026-09-30T11:17:19.0367646Z   https://aka.ms/dotnet/info
2026-09-30T11:17:19.0367857Z 
2026-09-30T11:17:19.0367948Z Download .NET:
2026-09-30T11:17:19.0368232Z   https://aka.ms/dotnet/download
2026-09-30T11:17:19.2510127Z VSTest version 18.7.0 (x64)
2026-09-30T11:17:19.2533737Z 
2026-09-30T11:17:19.3477833Z Starting test execution, please wait...
2026-09-30T11:17:19.3857632Z A total of 1 test files matched the specified pattern.
2026-09-30T11:17:55.4277092Z Results File: __CI_WORKSPACE__\LiteDB.Tests\TestResults\TestResults-query.trx
2026-09-30T11:17:55.4280625Z 
2026-09-30T11:17:55.4325548Z Passed!  - Failed:     0, Passed:   826, Skipped:     0, Total:   826, Duration: 34 s - LiteDB.Tests.dll (net8.0)
2026-09-30T11:17:55.5193409Z Running complete-suite partition: shared-mapped-process
2026-09-30T11:17:55.5302158Z 
2026-09-30T11:17:55.5302472Z Host:
2026-09-30T11:17:55.5302917Z   Version:      8.0.31
2026-09-30T11:17:55.5303615Z   Architecture: x86
2026-09-30T11:17:55.5303903Z   Commit:       1219a42122
2026-09-30T11:17:55.5304180Z   RID:          win-x86
2026-09-30T11:17:55.5304352Z 
2026-09-30T11:17:55.5304476Z .NET SDKs installed:
2026-09-30T11:17:55.5304763Z   No SDKs were found.
2026-09-30T11:17:55.5304894Z 
2026-09-30T11:17:55.5305129Z .NET runtimes installed:
2026-09-30T11:17:55.5305984Z   Microsoft.NETCore.App 8.0.31 [__CI_HOME__/work\_temp\litedb-runtime-8-x86\shared\Microsoft.NETCore.App]
2026-09-30T11:17:55.5306415Z 
2026-09-30T11:17:55.5306572Z Other architectures found:
2026-09-30T11:17:55.5306864Z   x64   [C:\Program Files\dotnet]
2026-09-30T11:17:55.5307283Z     registered at [HKLM\SOFTWARE\dotnet\Setup\InstalledVersions\x64\InstallLocation]
2026-09-30T11:17:55.5307648Z 
2026-09-30T11:17:55.5307758Z Environment variables:
2026-09-30T11:17:55.5308186Z   DOTNET_ROOT       [C:\Program Files\dotnet]
2026-09-30T11:17:55.5308793Z 
2026-09-30T11:17:55.5308897Z global.json file:
2026-09-30T11:17:55.5309201Z   Not found
2026-09-30T11:17:55.5309807Z 
2026-09-30T11:17:55.5309971Z Learn more:
2026-09-30T11:17:55.5310471Z   https://aka.ms/dotnet/info
2026-09-30T11:17:55.5310770Z 
2026-09-30T11:17:55.5310951Z Download .NET:
2026-09-30T11:17:55.5311353Z   https://aka.ms/dotnet/download
2026-09-30T11:17:55.7453050Z VSTest version 18.7.0 (x64)
2026-09-30T11:17:55.7477633Z 
2026-09-30T11:17:55.8460079Z Starting test execution, please wait...
2026-09-30T11:17:55.8799457Z A total of 1 test files matched the specified pattern.
2026-09-30T11:18:58.8995892Z Results File: __CI_WORKSPACE__\LiteDB.Tests\TestResults\TestResults-shared-mapped-process.trx
2026-09-30T11:18:58.8998393Z 
2026-09-30T11:18:58.9037954Z Passed!  - Failed:     0, Passed:    36, Skipped:     0, Total:    36, Duration: 1 m 1 s - LiteDB.Tests.dll (net8.0)
2026-09-30T11:18:58.9378467Z Running complete-suite partition: shared-process
2026-09-30T11:18:58.9489864Z 
2026-09-30T11:18:58.9490164Z Host:
2026-09-30T11:18:58.9490638Z   Version:      8.0.31
2026-09-30T11:18:58.9491100Z   Architecture: x86
2026-09-30T11:18:58.9491536Z   Commit:       1219a42122
2026-09-30T11:18:58.9491977Z   RID:          win-x86
2026-09-30T11:18:58.9492374Z 
2026-09-30T11:18:58.9492604Z .NET SDKs installed:
2026-09-30T11:18:58.9493057Z   No SDKs were found.
2026-09-30T11:18:58.9493372Z 
2026-09-30T11:18:58.9493573Z .NET runtimes installed:
2026-09-30T11:18:58.9494337Z   Microsoft.NETCore.App 8.0.31 [__CI_HOME__/work\_temp\litedb-runtime-8-x86\shared\Microsoft.NETCore.App]
2026-09-30T11:18:58.9494992Z 
2026-09-30T11:18:58.9495235Z Other architectures found:
2026-09-30T11:18:58.9495728Z   x64   [C:\Program Files\dotnet]
2026-09-30T11:18:58.9496537Z     registered at [HKLM\SOFTWARE\dotnet\Setup\InstalledVersions\x64\InstallLocation]
2026-09-30T11:18:58.9497456Z 
2026-09-30T11:18:58.9497631Z Environment variables:
2026-09-30T11:18:58.9497982Z   DOTNET_ROOT       [C:\Program Files\dotnet]
2026-09-30T11:18:58.9498199Z 
2026-09-30T11:18:58.9498317Z global.json file:
2026-09-30T11:18:58.9498548Z   Not found
2026-09-30T11:18:58.9498684Z 
2026-09-30T11:18:58.9498790Z Learn more:
2026-09-30T11:18:58.9499038Z   https://aka.ms/dotnet/info
2026-09-30T11:18:58.9499214Z 
2026-09-30T11:18:58.9499323Z Download .NET:
2026-09-30T11:18:58.9499559Z   https://aka.ms/dotnet/download
2026-09-30T11:18:59.1577544Z VSTest version 18.7.0 (x64)
2026-09-30T11:18:59.1600641Z 
2026-09-30T11:18:59.2572907Z Starting test execution, please wait...
2026-09-30T11:18:59.2919020Z A total of 1 test files matched the specified pattern.
2026-09-30T11:21:20.0898062Z Results File: __CI_WORKSPACE__\LiteDB.Tests\TestResults\TestResults-shared-process.trx
2026-09-30T11:21:20.0900774Z 
2026-09-30T11:21:20.0940554Z Passed!  - Failed:     0, Passed:    55, Skipped:     0, Total:    55, Duration: 2 m 19 s - LiteDB.Tests.dll (net8.0)
2026-09-30T11:21:20.1303016Z Running complete-suite partition: shared
2026-09-30T11:21:20.1409203Z 
2026-09-30T11:21:20.1409547Z Host:
2026-09-30T11:21:20.1409880Z   Version:      8.0.31
2026-09-30T11:21:20.1410157Z   Architecture: x86
2026-09-30T11:21:20.1410900Z   Commit:       1219a42122
2026-09-30T11:21:20.1411368Z   RID:          win-x86
2026-09-30T11:21:20.1411645Z 
2026-09-30T11:21:20.1411821Z .NET SDKs installed:
2026-09-30T11:21:20.1412228Z   No SDKs were found.
2026-09-30T11:21:20.1412498Z 
2026-09-30T11:21:20.1412723Z .NET runtimes installed:
2026-09-30T11:21:20.1413503Z   Microsoft.NETCore.App 8.0.31 [__CI_HOME__/work\_temp\litedb-runtime-8-x86\shared\Microsoft.NETCore.App]
2026-09-30T11:21:20.1414174Z 
2026-09-30T11:21:20.1414389Z Other architectures found:
2026-09-30T11:21:20.1414936Z   x64   [C:\Program Files\dotnet]
2026-09-30T11:21:20.1415742Z     registered at [HKLM\SOFTWARE\dotnet\Setup\InstalledVersions\x64\InstallLocation]
2026-09-30T11:21:20.1416604Z 
2026-09-30T11:21:20.1416854Z Environment variables:
2026-09-30T11:21:20.1417627Z   DOTNET_ROOT       [C:\Program Files\dotnet]
2026-09-30T11:21:20.1418000Z 
2026-09-30T11:21:20.1418183Z global.json file:
2026-09-30T11:21:20.1418574Z   Not found
2026-09-30T11:21:20.1418800Z 
2026-09-30T11:21:20.1418947Z Learn more:
2026-09-30T11:21:20.1419343Z   https://aka.ms/dotnet/info
2026-09-30T11:21:20.1419676Z 
2026-09-30T11:21:20.1419852Z Download .NET:
2026-09-30T11:21:20.1420271Z   https://aka.ms/dotnet/download
2026-09-30T11:21:20.3496165Z VSTest version 18.7.0 (x64)
2026-09-30T11:21:20.3522101Z 
2026-09-30T11:21:20.4494300Z Starting test execution, please wait...
2026-09-30T11:21:20.4830861Z A total of 1 test files matched the specified pattern.
2026-09-30T11:21:33.3031605Z Results File: __CI_WORKSPACE__\LiteDB.Tests\TestResults\TestResults-shared.trx
2026-09-30T11:21:33.3033952Z 
2026-09-30T11:21:33.3079141Z Passed!  - Failed:     0, Passed:    55, Skipped:     0, Total:    55, Duration: 11 s - LiteDB.Tests.dll (net8.0)
2026-09-30T11:21:33.3421703Z Running complete-suite partition: mvcc
2026-09-30T11:21:33.3520336Z 
2026-09-30T11:21:33.3520707Z Host:
2026-09-30T11:21:33.3521156Z   Version:      8.0.31
2026-09-30T11:21:33.3521629Z   Architecture: x86
2026-09-30T11:21:33.3522064Z   Commit:       1219a42122
2026-09-30T11:21:33.3522534Z   RID:          win-x86
2026-09-30T11:21:33.3522765Z 
2026-09-30T11:21:33.3522990Z .NET SDKs installed:
2026-09-30T11:21:33.3523417Z   No SDKs were found.
2026-09-30T11:21:33.3523685Z 
2026-09-30T11:21:33.3523868Z .NET runtimes installed:
2026-09-30T11:21:33.3524662Z   Microsoft.NETCore.App 8.0.31 [__CI_HOME__/work\_temp\litedb-runtime-8-x86\shared\Microsoft.NETCore.App]
2026-09-30T11:21:33.3525259Z 
2026-09-30T11:21:33.3525548Z Other architectures found:
2026-09-30T11:21:33.3525995Z   x64   [C:\Program Files\dotnet]
2026-09-30T11:21:33.3526553Z     registered at [HKLM\SOFTWARE\dotnet\Setup\InstalledVersions\x64\InstallLocation]
2026-09-30T11:21:33.3528022Z 
2026-09-30T11:21:33.3528264Z Environment variables:
2026-09-30T11:21:33.3528808Z   DOTNET_ROOT       [C:\Program Files\dotnet]
2026-09-30T11:21:33.3529243Z 
2026-09-30T11:21:33.3529397Z global.json file:
2026-09-30T11:21:33.3529806Z   Not found
2026-09-30T11:21:33.3529996Z 
2026-09-30T11:21:33.3530156Z Learn more:
2026-09-30T11:21:33.3530526Z   https://aka.ms/dotnet/info
2026-09-30T11:21:33.3531182Z 
2026-09-30T11:21:33.3531331Z Download .NET:
2026-09-30T11:21:33.3531733Z   https://aka.ms/dotnet/download
2026-09-30T11:21:33.5570102Z VSTest version 18.7.0 (x64)
2026-09-30T11:21:33.5595297Z 
2026-09-30T11:21:33.6547174Z Starting test execution, please wait...
2026-09-30T11:21:33.6931865Z A total of 1 test files matched the specified pattern.
2026-09-30T11:23:48.8702186Z Results File: __CI_WORKSPACE__\LiteDB.Tests\TestResults\TestResults-mvcc.trx
2026-09-30T11:23:48.8706188Z 
2026-09-30T11:23:48.8749836Z Passed!  - Failed:     0, Passed:   403, Skipped:     0, Total:   403, Duration: 2 m 13 s - LiteDB.Tests.dll (net8.0)
2026-09-30T11:23:48.9336168Z Running complete-suite partition: internals
2026-09-30T11:23:48.9488361Z 
2026-09-30T11:23:48.9488610Z Host:
2026-09-30T11:23:48.9491052Z   Version:      8.0.31
2026-09-30T11:23:48.9491486Z   Architecture: x86
2026-09-30T11:23:48.9491892Z   Commit:       1219a42122
2026-09-30T11:23:48.9492312Z   RID:          win-x86
2026-09-30T11:23:48.9493019Z 
2026-09-30T11:23:48.9493172Z .NET SDKs installed:
2026-09-30T11:23:48.9493554Z   No SDKs were found.
2026-09-30T11:23:48.9493790Z 
2026-09-30T11:23:48.9493938Z .NET runtimes installed:
2026-09-30T11:23:48.9494539Z   Microsoft.NETCore.App 8.0.31 [__CI_HOME__/work\_temp\litedb-runtime-8-x86\shared\Microsoft.NETCore.App]
2026-09-30T11:23:48.9496214Z 
2026-09-30T11:23:48.9496425Z Other architectures found:
2026-09-30T11:23:48.9496750Z   x64   [C:\Program Files\dotnet]
2026-09-30T11:23:48.9497203Z     registered at [HKLM\SOFTWARE\dotnet\Setup\InstalledVersions\x64\InstallLocation]
2026-09-30T11:23:48.9497578Z 
2026-09-30T11:23:48.9497688Z Environment variables:
2026-09-30T11:23:48.9498276Z   DOTNET_ROOT       [C:\Program Files\dotnet]
2026-09-30T11:23:48.9498493Z 
2026-09-30T11:23:48.9498613Z global.json file:
2026-09-30T11:23:48.9498858Z   Not found
2026-09-30T11:23:48.9498997Z 
2026-09-30T11:23:48.9499084Z Learn more:
2026-09-30T11:23:48.9499352Z   https://aka.ms/dotnet/info
2026-09-30T11:23:48.9499530Z 
2026-09-30T11:23:48.9499643Z Download .NET:
2026-09-30T11:23:48.9499892Z   https://aka.ms/dotnet/download
2026-09-30T11:23:49.1802379Z VSTest version 18.7.0 (x64)
2026-09-30T11:23:49.1825211Z 
2026-09-30T11:23:49.2845582Z Starting test execution, please wait...
2026-09-30T11:23:49.3216741Z A total of 1 test files matched the specified pattern.
2026-09-30T11:25:06.0974818Z Results File: __CI_WORKSPACE__\LiteDB.Tests\TestResults\TestResults-internals.trx
2026-09-30T11:25:06.0978800Z 
2026-09-30T11:25:06.1021375Z Passed!  - Failed:     0, Passed:   435, Skipped:     0, Total:   435, Duration: 1 m 15 s - LiteDB.Tests.dll (net8.0)
2026-09-30T11:25:06.1959952Z Running complete-suite partition: remaining
2026-09-30T11:25:06.2093490Z 
2026-09-30T11:25:06.2093889Z Host:
2026-09-30T11:25:06.2094361Z   Version:      8.0.31
2026-09-30T11:25:06.2094810Z   Architecture: x86
2026-09-30T11:25:06.2095220Z   Commit:       1219a42122
2026-09-30T11:25:06.2095692Z   RID:          win-x86
2026-09-30T11:25:06.2095942Z 
2026-09-30T11:25:06.2096283Z .NET SDKs installed:
2026-09-30T11:25:06.2096720Z   No SDKs were found.
2026-09-30T11:25:06.2096987Z 
2026-09-30T11:25:06.2097401Z .NET runtimes installed:
2026-09-30T11:25:06.2098418Z   Microsoft.NETCore.App 8.0.31 [__CI_HOME__/work\_temp\litedb-runtime-8-x86\shared\Microsoft.NETCore.App]
2026-09-30T11:25:06.2099128Z 
2026-09-30T11:25:06.2099365Z Other architectures found:
2026-09-30T11:25:06.2099848Z   x64   [C:\Program Files\dotnet]
2026-09-30T11:25:06.2100565Z     registered at [HKLM\SOFTWARE\dotnet\Setup\InstalledVersions\x64\InstallLocation]
2026-09-30T11:25:06.2101194Z 
2026-09-30T11:25:06.2101410Z Environment variables:
2026-09-30T11:25:06.2101947Z   DOTNET_ROOT       [C:\Program Files\dotnet]
2026-09-30T11:25:06.2102332Z 
2026-09-30T11:25:06.2102537Z global.json file:
2026-09-30T11:25:06.2102954Z   Not found
2026-09-30T11:25:06.2103158Z 
2026-09-30T11:25:06.2103328Z Learn more:
2026-09-30T11:25:06.2103723Z   https://aka.ms/dotnet/info
2026-09-30T11:25:06.2104028Z 
2026-09-30T11:25:06.2104229Z Download .NET:
2026-09-30T11:25:06.2104670Z   https://aka.ms/dotnet/download
2026-09-30T11:25:06.4258404Z VSTest version 18.7.0 (x64)
2026-09-30T11:25:06.4281599Z 
2026-09-30T11:25:06.5191067Z Starting test execution, please wait...
2026-09-30T11:25:06.5591404Z A total of 1 test files matched the specified pattern.
2026-09-30T11:27:05.6969006Z Results File: __CI_WORKSPACE__\LiteDB.Tests\TestResults\TestResults-remaining.trx
2026-09-30T11:27:05.6973448Z 
2026-09-30T11:27:05.7018461Z Passed!  - Failed:     0, Passed:   613, Skipped:     0, Total:   613, Duration: 1 m 57 s - LiteDB.Tests.dll (net8.0)
2026-09-30T11:27:05.8963573Z [31;1mException: [0m__CI_WORKSPACE__\scripts\run-ci-tests.ps1:105[0m
2026-09-30T11:27:05.8964347Z [31;1m[0m[36;1mLine |[0m
2026-09-30T11:27:05.8965353Z [31;1m[0m[36;1m[36;1m 105 | [0m … iled.Count) { [36;1mthrow "Test partitions failed: $($failed -join ', ')"[0m }[0m
2026-09-30T11:27:05.8966445Z [31;1m[0m[36;1m[36;1m[0m[36;1m[0m[36;1m     | [31;1m                 ~~~~~~~~~~~~~~~~~~~~~~~~~~~~~~~~~~~~~~~~~~~~~~~~~~~~~[0m
2026-09-30T11:27:05.8967497Z [31;1m[0m[36;1m[36;1m[0m[36;1m[0m[36;1m[31;1m[31;1m[36;1m     | [31;1mTest partitions failed: engine-shared[0m
2026-09-30T11:27:05.9234350Z ##[error]Process completed with exit code 1.
2026-09-30T11:27:05.9470955Z ##[group]Run actions/upload-artifact@v4
2026-09-30T11:27:05.9471349Z with:
2026-09-30T11:27:05.9471658Z   name: shared-worker-timeouts-windows-2022-x86-.NET 8
2026-09-30T11:27:05.9472245Z   path: __CI_HOME__\AppData\Local\Temp\litedb-shared-diagnostics-36705044676-9/
2026-09-30T11:27:05.9472921Z   retention-days: 14
2026-09-30T11:27:05.9473184Z   if-no-files-found: ignore
2026-09-30T11:27:05.9473452Z   compression-level: 6
2026-09-30T11:27:05.9473697Z   overwrite: false
2026-09-30T11:27:05.9473966Z   include-hidden-files: false
2026-09-30T11:27:05.9474233Z env:
2026-09-30T11:27:05.9474599Z   LITEDB_RETAINED_FIXTURES: __CI_WORKSPACE__/LiteDB.Tests/TestResults/retained-fixtures
2026-09-30T11:27:05.9475075Z   LITEDB_SHARED_EXPECT_TEMP_VOLUME: 1
2026-09-30T11:27:05.9475398Z   DOTNET_ROOT: C:\Program Files\dotnet
2026-09-30T11:27:05.9475926Z   LITEDB_SHARED_DIAGNOSTICS: __CI_HOME__\AppData\Local\Temp\litedb-shared-diagnostics-36705044676-9
2026-09-30T11:27:05.9476526Z ##[endgroup]
2026-09-30T11:27:06.1333912Z (node:7452) [DEP0040] DeprecationWarning: The `punycode` module is deprecated. Please use a userland alternative instead.
2026-09-30T11:27:06.1334774Z (Use `node --trace-deprecation ...` to show where the warning was created)
2026-09-30T11:27:06.1374281Z No files were found with the provided path: __CI_HOME__\AppData\Local\Temp\litedb-shared-diagnostics-36705044676-9/. No artifacts will be uploaded.
2026-09-30T11:27:06.1652514Z ##[group]Run actions/upload-artifact@v4
2026-09-30T11:27:06.1652965Z with:
2026-09-30T11:27:06.1653260Z   name: test-results-test-windows-9
2026-09-30T11:27:06.1653605Z   overwrite: true
2026-09-30T11:27:06.1654206Z   path: LiteDB.Tests/TestResults/*.trx
LiteDB.Tests/TestResults/evidence-leg.json
LiteDB.Tests/TestResults/discovered-tests.txt

2026-09-30T11:27:06.1654862Z   if-no-files-found: warn
2026-09-30T11:27:06.1655184Z   compression-level: 6
2026-09-30T11:27:06.1655448Z   include-hidden-files: false
2026-09-30T11:27:06.1655732Z env:
2026-09-30T11:27:06.1656130Z   LITEDB_RETAINED_FIXTURES: __CI_WORKSPACE__/LiteDB.Tests/TestResults/retained-fixtures
2026-09-30T11:27:06.1656651Z   LITEDB_SHARED_EXPECT_TEMP_VOLUME: 1
2026-09-30T11:27:06.1656976Z   DOTNET_ROOT: C:\Program Files\dotnet
2026-09-30T11:27:06.1657529Z   LITEDB_SHARED_DIAGNOSTICS: __CI_HOME__\AppData\Local\Temp\litedb-shared-diagnostics-36705044676-9
2026-09-30T11:27:06.1658100Z ##[endgroup]
2026-09-30T11:27:06.3585824Z (node:4092) [DEP0040] DeprecationWarning: The `punycode` module is deprecated. Please use a userland alternative instead.
2026-09-30T11:27:06.3586583Z (Use `node --trace-deprecation ...` to show where the warning was created)
2026-09-30T11:27:06.3691673Z With the provided path, there will be 17 files uploaded
2026-09-30T11:27:06.4733028Z Artifact name is valid!
2026-09-30T11:27:06.4736059Z Root directory input is valid!
2026-09-30T11:27:06.6615409Z Beginning upload of artifact content to blob storage
2026-09-30T11:27:06.8371040Z (node:4092) [DEP0169] DeprecationWarning: `url.parse()` behavior is not standardized and prone to errors that have security implications. Use the WHATWG URL API instead. CVEs are not issued for `url.parse()` vulnerabilities.
2026-09-30T11:27:06.8953696Z Uploaded bytes 1346633
2026-09-30T11:27:06.9091552Z Finished uploading artifact content to blob storage!
2026-09-30T11:27:06.9093551Z SHA256 digest of uploaded artifact zip is 1a0fbf231c9a9ec2b5cabdd4ef932c8a0c833cde860736f3ce6392a40f4f1082
2026-09-30T11:27:06.9094197Z Finalizing artifact upload
2026-09-30T11:27:07.1046155Z Artifact test-results-test-windows-9.zip successfully finalized. Artifact ID 11092359664
2026-09-30T11:27:07.1047301Z Artifact test-results-test-windows-9 has been successfully uploaded! Final size is 1346633 bytes. Artifact ID is 11092359664
2026-09-30T11:27:07.1056033Z Artifact download URL: https://github.com/JKamsker/LiteDB/actions/runs/36705044676/artifacts/11092359664
2026-09-30T11:27:07.1371630Z Prepare all required actions
2026-09-30T11:27:07.1372458Z Getting action download info
2026-09-30T11:27:07.2961656Z ##[group]Run ./.github/actions/retained-fixtures
2026-09-30T11:27:07.2962017Z env:
2026-09-30T11:27:07.2962433Z   LITEDB_RETAINED_FIXTURES: __CI_WORKSPACE__/LiteDB.Tests/TestResults/retained-fixtures
2026-09-30T11:27:07.2963090Z   LITEDB_SHARED_EXPECT_TEMP_VOLUME: 1
2026-09-30T11:27:07.2963413Z   DOTNET_ROOT: C:\Program Files\dotnet
2026-09-30T11:27:07.2963989Z   LITEDB_SHARED_DIAGNOSTICS: __CI_HOME__\AppData\Local\Temp\litedb-shared-diagnostics-36705044676-9
2026-09-30T11:27:07.2964533Z ##[endgroup]
2026-09-30T11:27:07.3022304Z ##[start-action display=Collect retained fixtures;id=__self.__run]
2026-09-30T11:27:07.3135328Z ##[group]Run if [ "$RUNNER_OS" = "Windows" ]; then retained_python=python; else retained_python=python3; fi
2026-09-30T11:27:07.3136029Z [36;1mif [ "$RUNNER_OS" = "Windows" ]; then retained_python=python; else retained_python=python3; fi[0m
2026-09-30T11:27:07.3136648Z [36;1m"$retained_python" scripts/collect-retained-fixtures.py "$LITEDB_RETAINED_FIXTURES"[0m
2026-09-30T11:27:07.3149383Z shell: C:\Program Files\Git\bin\bash.EXE --noprofile --norc -e -o pipefail {0}
2026-09-30T11:27:07.3149771Z env:
2026-09-30T11:27:07.3150119Z   LITEDB_RETAINED_FIXTURES: __CI_WORKSPACE__/LiteDB.Tests/TestResults/retained-fixtures
2026-09-30T11:27:07.3150576Z   LITEDB_SHARED_EXPECT_TEMP_VOLUME: 1
2026-09-30T11:27:07.3150834Z   DOTNET_ROOT: C:\Program Files\dotnet
2026-09-30T11:27:07.3151333Z   LITEDB_SHARED_DIAGNOSTICS: __CI_HOME__\AppData\Local\Temp\litedb-shared-diagnostics-36705044676-9
2026-09-30T11:27:07.3151816Z ##[endgroup]
2026-09-30T11:27:08.6103498Z ##[end-action id=__self.__run;outcome=success;conclusion=success;duration_ms=1308]
2026-09-30T11:27:08.6106234Z ##[start-action display=Upload fixture manifests and copies;id=__self.__actions_upload-artifact]
2026-09-30T11:27:08.6222753Z ##[group]Run actions/upload-artifact@v4
2026-09-30T11:27:08.6223033Z with:
2026-09-30T11:27:08.6223226Z   name: retained-fixtures-test-windows-9
2026-09-30T11:27:08.6223579Z   path: __CI_WORKSPACE__/LiteDB.Tests/TestResults/retained-fixtures/
2026-09-30T11:27:08.6223962Z   if-no-files-found: ignore
2026-09-30T11:27:08.6224192Z   retention-days: 14
2026-09-30T11:27:08.6224394Z   compression-level: 6
2026-09-30T11:27:08.6224601Z   overwrite: false
2026-09-30T11:27:08.6224807Z   include-hidden-files: false
2026-09-30T11:27:08.6225028Z env:
2026-09-30T11:27:08.6225362Z   LITEDB_RETAINED_FIXTURES: __CI_WORKSPACE__/LiteDB.Tests/TestResults/retained-fixtures
2026-09-30T11:27:08.6225792Z   LITEDB_SHARED_EXPECT_TEMP_VOLUME: 1
2026-09-30T11:27:08.6226054Z   DOTNET_ROOT: C:\Program Files\dotnet
2026-09-30T11:27:08.6226543Z   LITEDB_SHARED_DIAGNOSTICS: __CI_HOME__\AppData\Local\Temp\litedb-shared-diagnostics-36705044676-9
2026-09-30T11:27:08.6227032Z ##[endgroup]
2026-09-30T11:27:08.8096607Z (node:7072) [DEP0040] DeprecationWarning: The `punycode` module is deprecated. Please use a userland alternative instead.
2026-09-30T11:27:08.8097370Z (Use `node --trace-deprecation ...` to show where the warning was created)
2026-09-30T11:27:08.8121803Z No files were found with the provided path: __CI_WORKSPACE__/LiteDB.Tests/TestResults/retained-fixtures/. No artifacts will be uploaded.
2026-09-30T11:27:08.8229986Z ##[end-action id=__self.__actions_upload-artifact;outcome=success;conclusion=success;duration_ms=212]
2026-09-30T11:27:08.8451362Z Post job cleanup.
2026-09-30T11:27:09.0434718Z [command]"C:\Program Files\Git\bin\git.exe" version
2026-09-30T11:27:09.0649163Z git version 2.55.0.windows.5
2026-09-30T11:27:09.0706446Z Temporarily overriding HOME='__CI_HOME__/work\_temp\037f55bb-9f48-4fa2-9aa2-faa39f8a0e2a' before making global git config changes
2026-09-30T11:27:09.0707238Z Adding repository directory to the temporary git global config as a safe directory
2026-09-30T11:27:09.0720934Z [command]"C:\Program Files\Git\bin\git.exe" config --global --add safe.directory __CI_WORKSPACE__
2026-09-30T11:27:09.0989747Z [command]"C:\Program Files\Git\bin\git.exe" config --local --name-only --get-regexp core\.sshCommand
2026-09-30T11:27:09.1247108Z [command]"C:\Program Files\Git\bin\git.exe" submodule foreach --recursive "sh -c \"git config --local --name-only --get-regexp 'core\.sshCommand' && git config --local --unset-all 'core.sshCommand' || :\""
2026-09-30T11:27:09.5674440Z [command]"C:\Program Files\Git\bin\git.exe" config --local --name-only --get-regexp http\.https\:\/\/github\.com\/\.extraheader
2026-09-30T11:27:09.5876117Z http.https://github.com/.extraheader
2026-09-30T11:27:09.5909865Z [command]"C:\Program Files\Git\bin\git.exe" config --local --unset-all http.https://github.com/.extraheader
2026-09-30T11:27:09.6146182Z [command]"C:\Program Files\Git\bin\git.exe" submodule foreach --recursive "sh -c \"git config --local --name-only --get-regexp 'http\.https\:\/\/github\.com\/\.extraheader' && git config --local --unset-all 'http.https://github.com/.extraheader' || :\""
2026-09-30T11:27:10.0356668Z [command]"C:\Program Files\Git\bin\git.exe" config --local --name-only --get-regexp ^includeIf\.gitdir:
2026-09-30T11:27:10.0591963Z [command]"C:\Program Files\Git\bin\git.exe" submodule foreach --recursive "git config --local --show-origin --name-only --get-regexp remote.origin.url"
2026-09-30T11:27:10.5418345Z Cleaning up orphan processes
2026-09-30T11:27:10.5537663Z ##[warning]Node.js 20 is deprecated. The following actions target Node.js 20 but are being forced to run on Node.js 24: actions/checkout@v4, actions/download-artifact@v4, actions/setup-dotnet@v4, actions/upload-artifact@v4. For more information see: https://github.blog/changelog/2025-09-19-deprecation-of-node-20-on-github-actions-runners/
