2026-09-30T11:17:29.4914072Z Current runner version: '2.337.0'
2026-09-30T11:17:29.4942161Z ##[group]Runner Image Provisioner
2026-09-30T11:17:29.4943240Z Hosted Compute Agent
2026-09-30T11:17:29.4943856Z Version: 20260828.587
2026-09-30T11:17:29.4944584Z Commit: abac92662cab4cc7352de4f9f9d2e2419aad9c29
2026-09-30T11:17:29.4945350Z Build Date: 2026-08-28T16:44:25Z
2026-09-30T11:17:29.4946139Z Worker ID: {422f66a7-eb9a-4391-b7b9-5828ed937c6e}
2026-09-30T11:17:29.4947191Z Azure Region: northcentralus
2026-09-30T11:17:29.4947844Z ##[endgroup]
2026-09-30T11:17:29.4950213Z ##[group]Operating System
2026-09-30T11:17:29.4950855Z Ubuntu
2026-09-30T11:17:29.4951360Z 24.04.5
2026-09-30T11:17:29.4951936Z LTS
2026-09-30T11:17:29.4952480Z ##[endgroup]
2026-09-30T11:17:29.4953094Z ##[group]Runner Image
2026-09-30T11:17:29.4953732Z Image: ubuntu-24.04-arm
2026-09-30T11:17:29.4954349Z Version: 20260920.129.1
2026-09-30T11:17:29.4955809Z Included Software: https://github.com/actions/runner-images/blob/ubuntu24-arm64/20260920.129/images/ubuntu/Ubuntu2404-Arm64-Readme.md
2026-09-30T11:17:29.4957882Z Image Release: https://github.com/actions/runner-images/releases/tag/ubuntu24-arm64%2F20260920.129
2026-09-30T11:17:29.4958902Z ##[endgroup]
2026-09-30T11:17:29.4961876Z ##[group]GITHUB_TOKEN Permissions
2026-09-30T11:17:29.4965108Z Actions: write
2026-09-30T11:17:29.4965731Z ArtifactMetadata: write
2026-09-30T11:17:29.4966791Z Attestations: write
2026-09-30T11:17:29.4967389Z Checks: write
2026-09-30T11:17:29.4968015Z CodeQuality: write
2026-09-30T11:17:29.4968645Z Contents: write
2026-09-30T11:17:29.4969187Z CopilotRequests: write
2026-09-30T11:17:29.4969911Z Deployments: write
2026-09-30T11:17:29.4970512Z Discussions: write
2026-09-30T11:17:29.4971134Z Drives: write
2026-09-30T11:17:29.4971724Z Issues: write
2026-09-30T11:17:29.4972276Z Metadata: read
2026-09-30T11:17:29.4973131Z Models: read
2026-09-30T11:17:29.4973725Z Packages: write
2026-09-30T11:17:29.4974346Z Pages: write
2026-09-30T11:17:29.4974929Z PullRequests: write
2026-09-30T11:17:29.4975557Z RepositoryProjects: write
2026-09-30T11:17:29.4976467Z SecurityEvents: write
2026-09-30T11:17:29.4977072Z Statuses: write
2026-09-30T11:17:29.4977636Z VulnerabilityAlerts: read
2026-09-30T11:17:29.4978371Z ##[endgroup]
2026-09-30T11:17:29.4981224Z Secret source: Actions
2026-09-30T11:17:29.4982357Z Cache mode: write
2026-09-30T11:17:29.4983229Z Prepare workflow directory
2026-09-30T11:17:29.5555948Z Prepare all required actions
2026-09-30T11:17:29.5606845Z Getting action download info
2026-09-30T11:17:29.7946412Z Download action repository 'actions/checkout@v4' (SHA:11d5960a326750d5838078e36cf38b85af677262)
2026-09-30T11:17:29.9075810Z Download action repository 'actions/setup-dotnet@v4' (SHA:67a3573c9a986a3f9c594539f4ab511d57bb3ce9)
2026-09-30T11:17:30.2492541Z Download action repository 'actions/download-artifact@v4' (SHA:d3f86a106a0bac45b974a628896c90dbdf5c8093)
2026-09-30T11:17:30.5686092Z Download action repository 'actions/upload-artifact@v4' (SHA:ea165f8d65b6e75b540449e92b4886f43607fa02)
2026-09-30T11:17:30.7432778Z Uses: JKamsker/LiteDB/.github/workflows/_reusable-ci.yml@refs/pull/133/merge (3f614aa69b15771ed1a63b8b8796172fae8b6648)
2026-09-30T11:17:30.7437734Z ##[group] Inputs
2026-09-30T11:17:30.7438362Z   tier: full
2026-09-30T11:17:30.7440745Z   sdk-matrix: [
  { "display": ".NET 8", "runtimeMajor": 8,  "sdk": "8.0.x",           "framework": "net8.0", "includePrerelease": false, "msbuildProps": "" },
  { "display": ".NET 9", "runtimeMajor": 9,  "sdk": "9.0.x\n8.0.x",    "framework": "net8.0", "includePrerelease": true,  "msbuildProps": "" },
  { "display": ".NET 10", "runtimeMajor": 10, "sdk": "10.0.x",          "framework": "net10.0", "includePrerelease": false, "msbuildProps": "" }
]

2026-09-30T11:17:30.7443208Z ##[endgroup]
2026-09-30T11:17:30.7443857Z Complete job name: build-and-test / Test (Linux ARM64 - .NET 8)
2026-09-30T11:17:30.8190377Z ##[group]Run actions/checkout@v4
2026-09-30T11:17:30.8191602Z with:
2026-09-30T11:17:30.8192148Z   repository: JKamsker/LiteDB
2026-09-30T11:17:30.8196011Z   token: ***
2026-09-30T11:17:30.8197193Z   ssh-strict: true
2026-09-30T11:17:30.8197691Z   ssh-user: git
2026-09-30T11:17:30.8198195Z   persist-credentials: true
2026-09-30T11:17:30.8198760Z   clean: true
2026-09-30T11:17:30.8199272Z   sparse-checkout-cone-mode: true
2026-09-30T11:17:30.8199852Z   fetch-depth: 1
2026-09-30T11:17:30.8200340Z   fetch-tags: false
2026-09-30T11:17:30.8200844Z   show-progress: true
2026-09-30T11:17:30.8201348Z   lfs: false
2026-09-30T11:17:30.8201918Z   submodules: false
2026-09-30T11:17:30.8202539Z   set-safe-directory: true
2026-09-30T11:17:30.8203117Z   allow-unsafe-pr-checkout: false
2026-09-30T11:17:30.8204151Z env:
2026-09-30T11:17:30.8205039Z   LITEDB_RETAINED_FIXTURES: __CI_WORKSPACE__/LiteDB.Tests/TestResults/retained-fixtures
2026-09-30T11:17:30.8206028Z ##[endgroup]
2026-09-30T11:17:30.9043367Z Syncing repository: JKamsker/LiteDB
2026-09-30T11:17:30.9045745Z ##[group]Getting Git version info
2026-09-30T11:17:30.9047292Z Working directory is '__CI_HOME__/work/LiteDB/LiteDB'
2026-09-30T11:17:30.9048849Z [command]/usr/bin/git version
2026-09-30T11:17:30.9123212Z git version 2.55.0
2026-09-30T11:17:30.9141156Z ##[endgroup]
2026-09-30T11:17:30.9152368Z Temporarily overriding HOME='__CI_HOME__/work/_temp/fe3e5f8b-9e81-4a36-a15d-34de1a59eaf5' before making global git config changes
2026-09-30T11:17:30.9154395Z Adding repository directory to the temporary git global config as a safe directory
2026-09-30T11:17:30.9159355Z [command]/usr/bin/git config --global --add safe.directory __CI_WORKSPACE__
2026-09-30T11:17:30.9188716Z Deleting the contents of '__CI_HOME__/work/LiteDB/LiteDB'
2026-09-30T11:17:30.9193066Z ##[group]Initializing the repository
2026-09-30T11:17:30.9197517Z [command]/usr/bin/git init __CI_WORKSPACE__
2026-09-30T11:17:30.9283943Z hint: Using 'master' as the name for the initial branch. This default branch name
2026-09-30T11:17:30.9285218Z hint: will change to "main" in Git 3.0. To configure the initial branch name
2026-09-30T11:17:30.9286544Z hint: to use in all of your new repositories, which will suppress this warning,
2026-09-30T11:17:30.9287760Z hint: call:
2026-09-30T11:17:30.9288411Z hint:
2026-09-30T11:17:30.9289268Z hint: 	git config --global init.defaultBranch <name>
2026-09-30T11:17:30.9290083Z hint:
2026-09-30T11:17:30.9290899Z hint: Names commonly chosen instead of 'master' are 'main', 'trunk' and
2026-09-30T11:17:30.9292167Z hint: 'development'. The just-created branch can be renamed via this command:
2026-09-30T11:17:30.9293169Z hint:
2026-09-30T11:17:30.9293844Z hint: 	git branch -m <name>
2026-09-30T11:17:30.9294551Z hint:
2026-09-30T11:17:30.9295408Z hint: Disable this message with "git config set advice.defaultBranchName false"
2026-09-30T11:17:30.9296950Z Initialized empty Git repository in __CI_WORKSPACE__/.git/
2026-09-30T11:17:30.9299204Z [command]/usr/bin/git remote add origin https://github.com/JKamsker/LiteDB
2026-09-30T11:17:30.9332212Z ##[endgroup]
2026-09-30T11:17:30.9333571Z ##[group]Disabling automatic garbage collection
2026-09-30T11:17:30.9334714Z [command]/usr/bin/git config --local gc.auto 0
2026-09-30T11:17:30.9362050Z ##[endgroup]
2026-09-30T11:17:30.9363462Z ##[group]Setting up auth
2026-09-30T11:17:30.9368416Z [command]/usr/bin/git config --local --name-only --get-regexp core\.sshCommand
2026-09-30T11:17:30.9411367Z [command]/usr/bin/git submodule foreach --recursive sh -c "git config --local --name-only --get-regexp 'core\.sshCommand' && git config --local --unset-all 'core.sshCommand' || :"
2026-09-30T11:17:30.9691669Z [command]/usr/bin/git config --local --name-only --get-regexp http\.https\:\/\/github\.com\/\.extraheader
2026-09-30T11:17:30.9720764Z [command]/usr/bin/git submodule foreach --recursive sh -c "git config --local --name-only --get-regexp 'http\.https\:\/\/github\.com\/\.extraheader' && git config --local --unset-all 'http.https://github.com/.extraheader' || :"
2026-09-30T11:17:30.9895441Z [command]/usr/bin/git config --local --name-only --get-regexp ^includeIf\.gitdir:
2026-09-30T11:17:30.9925442Z [command]/usr/bin/git submodule foreach --recursive git config --local --show-origin --name-only --get-regexp remote.origin.url
2026-09-30T11:17:31.0101992Z [command]/usr/bin/git config --local http.https://github.com/.extraheader AUTHORIZATION: basic ***
2026-09-30T11:17:31.0136106Z ##[endgroup]
2026-09-30T11:17:31.0137668Z ##[group]Fetching the repository
2026-09-30T11:17:31.0144151Z [command]/usr/bin/git -c protocol.version=2 fetch --no-tags --prune --no-recurse-submodules --depth=1 origin +3f614aa69b15771ed1a63b8b8796172fae8b6648:refs/remotes/pull/133/merge
2026-09-30T11:17:31.9475800Z From https://github.com/JKamsker/LiteDB
2026-09-30T11:17:31.9477770Z  * [new ref]         3f614aa69b15771ed1a63b8b8796172fae8b6648 -> pull/133/merge
2026-09-30T11:17:31.9481566Z ##[endgroup]
2026-09-30T11:17:31.9483068Z ##[group]Determining the checkout info
2026-09-30T11:17:31.9484718Z ##[endgroup]
2026-09-30T11:17:31.9486630Z [command]/usr/bin/git sparse-checkout disable
2026-09-30T11:17:31.9523688Z [command]/usr/bin/git config --local --unset-all extensions.worktreeConfig
2026-09-30T11:17:31.9549866Z ##[group]Checking out the ref
2026-09-30T11:17:31.9552359Z [command]/usr/bin/git checkout --progress --force refs/remotes/pull/133/merge
2026-09-30T11:17:32.0291763Z Note: switching to 'refs/remotes/pull/133/merge'.
2026-09-30T11:17:32.0292745Z 
2026-09-30T11:17:32.0293679Z You are in 'detached HEAD' state. You can look around, make experimental
2026-09-30T11:17:32.0295519Z changes and commit them, and you can discard any commits you make in this
2026-09-30T11:17:32.0297605Z state without impacting any branches by switching back to a branch.
2026-09-30T11:17:32.0298846Z 
2026-09-30T11:17:32.0299599Z If you want to create a new branch to retain commits you create, you may
2026-09-30T11:17:32.0301403Z do so (now or later) by using -c with the switch command. Example:
2026-09-30T11:17:32.0302402Z 
2026-09-30T11:17:32.0302917Z   git switch -c <new-branch-name>
2026-09-30T11:17:32.0303669Z 
2026-09-30T11:17:32.0304172Z Or undo this operation with:
2026-09-30T11:17:32.0304808Z 
2026-09-30T11:17:32.0305204Z   git switch -
2026-09-30T11:17:32.0305843Z 
2026-09-30T11:17:32.0306836Z Turn off this advice by setting config variable advice.detachedHead to false
2026-09-30T11:17:32.0307994Z 
2026-09-30T11:17:32.0309335Z HEAD is now at 3f614aa Merge e821ae7479dcb83570031180b0c0e3f4fd167793 into 5dd942a7367c361fadd600be4ce10aace2768b27
2026-09-30T11:17:32.0313399Z ##[endgroup]
2026-09-30T11:17:32.0335401Z [command]/usr/bin/git log -1 --format=%H
2026-09-30T11:17:32.0356689Z 3f614aa69b15771ed1a63b8b8796172fae8b6648
2026-09-30T11:17:32.0685186Z ##[group]Run actions/setup-dotnet@v4
2026-09-30T11:17:32.0686525Z with:
2026-09-30T11:17:32.0687220Z   dotnet-version: 8.0.x
2026-09-30T11:17:32.0688096Z   cache: false
2026-09-30T11:17:32.0688785Z env:
2026-09-30T11:17:32.0690075Z   LITEDB_RETAINED_FIXTURES: __CI_WORKSPACE__/LiteDB.Tests/TestResults/retained-fixtures
2026-09-30T11:17:32.0691718Z ##[endgroup]
2026-09-30T11:17:32.1844310Z (node:2202) [DEP0040] DeprecationWarning: The `punycode` module is deprecated. Please use a userland alternative instead.
2026-09-30T11:17:32.1846683Z (Use `node --trace-deprecation ...` to show where the warning was created)
2026-09-30T11:17:32.1881773Z [command]__CI_HOME__/work/_actions/actions/setup-dotnet/v4/externals/install-dotnet.sh --skip-non-versioned-files --runtime dotnet --channel LTS
2026-09-30T11:17:32.4983138Z dotnet-install: .NET Core Runtime with version '10.0.12' is already installed.
2026-09-30T11:17:32.5005965Z [command]__CI_HOME__/work/_actions/actions/setup-dotnet/v4/externals/install-dotnet.sh --skip-non-versioned-files --channel 8.0
2026-09-30T11:17:32.7965287Z dotnet-install: .NET Core SDK with version '8.0.425' is already installed.
2026-09-30T11:17:32.8127852Z ##[group]Run actions/download-artifact@v4
2026-09-30T11:17:32.8128279Z with:
2026-09-30T11:17:32.8128595Z   name: tests-build-linux
2026-09-30T11:17:32.8128863Z   merge-multiple: false
2026-09-30T11:17:32.8129402Z   repository: JKamsker/LiteDB
2026-09-30T11:17:32.8129787Z   run-id: 36705044676
2026-09-30T11:17:32.8130025Z env:
2026-09-30T11:17:32.8130485Z   LITEDB_RETAINED_FIXTURES: __CI_WORKSPACE__/LiteDB.Tests/TestResults/retained-fixtures
2026-09-30T11:17:32.8131011Z   DOTNET_ROOT: /usr/share/dotnet
2026-09-30T11:17:32.8131278Z ##[endgroup]
2026-09-30T11:17:32.9380401Z Downloading single artifact
2026-09-30T11:17:32.9497911Z (node:2396) [DEP0040] DeprecationWarning: The `punycode` module is deprecated. Please use a userland alternative instead.
2026-09-30T11:17:32.9498858Z (Use `node --trace-deprecation ...` to show where the warning was created)
2026-09-30T11:17:33.0715777Z Preparing to download the following artifacts:
2026-09-30T11:17:33.0717071Z - tests-build-linux (ID: 11092895133, Size: 40924912, Expected Digest: sha256:9a817022d420035f3b1baccd31fb0174439b1ef76f9606992832fa7b21b9432f)
2026-09-30T11:17:33.2329009Z Redirecting to blob download url: https://productionresultssa18.blob.core.windows.net/actions-results/b2c9bfe9-81f6-86f6-816b-fddb3bc6c705/workflow-job-run-1d241edd-237b-5cc3-9eff-733c9396c058/artifacts/799830fbb823578604daec1b2b37aa7877ec9b16b5eb82ed2bc92fc868613cf2.zip
2026-09-30T11:17:33.2330816Z Starting download of artifact to: __CI_WORKSPACE__
2026-09-30T11:17:33.4034997Z (node:2396) [DEP0005] DeprecationWarning: Buffer() is deprecated due to security and usability issues. Please use the Buffer.alloc(), Buffer.allocUnsafe(), or Buffer.from() methods instead.
2026-09-30T11:17:34.3548226Z SHA256 digest of downloaded artifact is 9a817022d420035f3b1baccd31fb0174439b1ef76f9606992832fa7b21b9432f
2026-09-30T11:17:34.3548919Z Artifact download completed successfully.
2026-09-30T11:17:34.3549531Z Total of 1 artifact(s) downloaded
2026-09-30T11:17:34.3561753Z Download artifact has finished successfully
2026-09-30T11:17:34.3679997Z ##[group]Run tar -xzf tests-build-linux.tar.gz
2026-09-30T11:17:34.3680548Z [36;1mtar -xzf tests-build-linux.tar.gz[0m
2026-09-30T11:17:34.3772370Z shell: /usr/bin/bash -e {0}
2026-09-30T11:17:34.3772874Z env:
2026-09-30T11:17:34.3773400Z   LITEDB_RETAINED_FIXTURES: __CI_WORKSPACE__/LiteDB.Tests/TestResults/retained-fixtures
2026-09-30T11:17:34.3773965Z   DOTNET_ROOT: /usr/share/dotnet
2026-09-30T11:17:34.3774342Z ##[endgroup]
2026-09-30T11:17:35.0087883Z ##[group]Run ./scripts/run-ci-tests.ps1 -RuntimeMajor 8 -Framework "net8.0" -Architecture arm64 -PartitionSuite
2026-09-30T11:17:35.0088894Z [36;1m./scripts/run-ci-tests.ps1 -RuntimeMajor 8 -Framework "net8.0" -Architecture arm64 -PartitionSuite[0m
2026-09-30T11:17:35.0107801Z shell: /usr/bin/pwsh -command ". '{0}'"
2026-09-30T11:17:35.0108131Z env:
2026-09-30T11:17:35.0108613Z   LITEDB_RETAINED_FIXTURES: __CI_WORKSPACE__/LiteDB.Tests/TestResults/retained-fixtures
2026-09-30T11:17:35.0109120Z   DOTNET_ROOT: /usr/share/dotnet
2026-09-30T11:17:35.0109770Z   LITEDB_EVIDENCE_MATRIX: {
  "item": {
    "display": ".NET 8",
    "runtimeMajor": 8,
    "sdk": "8.0.x",
    "framework": "net8.0",
    "includePrerelease": false,
    "msbuildProps": ""
  }
}
2026-09-30T11:17:35.0110534Z ##[endgroup]
2026-09-30T11:17:40.6577456Z dotnet-install: Attempting to download using aka.ms link https://builds.dotnet.microsoft.com/dotnet/Runtime/8.0.31/dotnet-runtime-8.0.31-linux-arm64.tar.gz
2026-09-30T11:17:41.2446825Z dotnet-install: Remote file https://builds.dotnet.microsoft.com/dotnet/Runtime/8.0.31/dotnet-runtime-8.0.31-linux-arm64.tar.gz size is 29894960 bytes.
2026-09-30T11:17:41.2449277Z dotnet-install: Extracting archive from https://builds.dotnet.microsoft.com/dotnet/Runtime/8.0.31/dotnet-runtime-8.0.31-linux-arm64.tar.gz
2026-09-30T11:17:41.7546058Z dotnet-install: Downloaded file size is 29894960 bytes.
2026-09-30T11:17:41.7546827Z dotnet-install: The remote and local file sizes are equal.
2026-09-30T11:17:41.7723053Z dotnet-install: Installed version is 8.0.31
2026-09-30T11:17:41.7775952Z dotnet-install: Binaries of dotnet can be found in __CI_HOME__/work/_temp/litedb-runtime-8-arm64
2026-09-30T11:17:41.7777260Z dotnet-install: Note that the script does not resolve dependencies during installation.
2026-09-30T11:17:41.7782172Z dotnet-install: To check the list of dependencies, go to https://learn.microsoft.com/dotnet/core/install, select your operating system and check the "Dependencies" section.
2026-09-30T11:17:41.7783084Z dotnet-install: Installation finished successfully.
2026-09-30T11:17:41.7903552Z 
2026-09-30T11:17:41.7903997Z Host:
2026-09-30T11:17:41.7904283Z   Version:      8.0.31
2026-09-30T11:17:41.7904684Z   Architecture: arm64
2026-09-30T11:17:41.7904978Z   Commit:       1219a42122
2026-09-30T11:17:41.7905261Z   RID:          linux-arm64
2026-09-30T11:17:41.7905430Z 
2026-09-30T11:17:41.7905541Z .NET SDKs installed:
2026-09-30T11:17:41.7905782Z   No SDKs were found.
2026-09-30T11:17:41.7905952Z 
2026-09-30T11:17:41.7906085Z .NET runtimes installed:
2026-09-30T11:17:41.7906728Z   Microsoft.NETCore.App 8.0.31 [__CI_HOME__/work/_temp/litedb-runtime-8-arm64/shared/Microsoft.NETCore.App]
2026-09-30T11:17:41.7907164Z 
2026-09-30T11:17:41.7907343Z Other architectures found:
2026-09-30T11:17:41.7907617Z   None
2026-09-30T11:17:41.7907759Z 
2026-09-30T11:17:41.7907871Z Environment variables:
2026-09-30T11:17:41.7908174Z   DOTNET_ROOT       [/usr/share/dotnet]
2026-09-30T11:17:41.7908377Z 
2026-09-30T11:17:41.7908482Z global.json file:
2026-09-30T11:17:41.7908720Z   Not found
2026-09-30T11:17:41.7908849Z 
2026-09-30T11:17:41.7908930Z Learn more:
2026-09-30T11:17:41.7909148Z   https://aka.ms/dotnet/info
2026-09-30T11:17:41.7909355Z 
2026-09-30T11:17:41.7909475Z Download .NET:
2026-09-30T11:17:41.7909701Z   https://aka.ms/dotnet/download
2026-09-30T11:17:41.8669621Z 
2026-09-30T11:17:41.8670235Z Host:
2026-09-30T11:17:41.8670562Z   Version:      8.0.31
2026-09-30T11:17:41.8676910Z   Architecture: arm64
2026-09-30T11:17:41.8677349Z   Commit:       1219a42122
2026-09-30T11:17:41.8677688Z   RID:          linux-arm64
2026-09-30T11:17:41.8677948Z 
2026-09-30T11:17:41.8678090Z .NET SDKs installed:
2026-09-30T11:17:41.8678361Z   No SDKs were found.
2026-09-30T11:17:41.8678544Z 
2026-09-30T11:17:41.8678660Z .NET runtimes installed:
2026-09-30T11:17:41.8679467Z   Microsoft.NETCore.App 8.0.31 [__CI_HOME__/work/_temp/litedb-runtime-8-arm64/shared/Microsoft.NETCore.App]
2026-09-30T11:17:41.8680356Z 
2026-09-30T11:17:41.8680581Z Other architectures found:
2026-09-30T11:17:41.8680839Z   None
2026-09-30T11:17:41.8680957Z 
2026-09-30T11:17:41.8681061Z Environment variables:
2026-09-30T11:17:41.8681386Z   DOTNET_ROOT       [/usr/share/dotnet]
2026-09-30T11:17:41.8681595Z 
2026-09-30T11:17:41.8681698Z global.json file:
2026-09-30T11:17:41.8681943Z   Not found
2026-09-30T11:17:41.8682074Z 
2026-09-30T11:17:41.8682158Z Learn more:
2026-09-30T11:17:41.8682393Z   https://aka.ms/dotnet/info
2026-09-30T11:17:41.8682576Z 
2026-09-30T11:17:41.8682725Z Download .NET:
2026-09-30T11:17:41.8682956Z   https://aka.ms/dotnet/download
2026-09-30T11:17:50.4625750Z Partition coverage: 2531 test methods, 0 not in exactly one partition.
2026-09-30T11:17:50.5075838Z Running complete-suite partition: issues
2026-09-30T11:17:50.5103275Z 
2026-09-30T11:17:50.5103854Z Host:
2026-09-30T11:17:50.5104157Z   Version:      8.0.31
2026-09-30T11:17:50.5104461Z   Architecture: arm64
2026-09-30T11:17:50.5104953Z   Commit:       1219a42122
2026-09-30T11:17:50.5105234Z   RID:          linux-arm64
2026-09-30T11:17:50.5105391Z 
2026-09-30T11:17:50.5105546Z .NET SDKs installed:
2026-09-30T11:17:50.5105798Z   No SDKs were found.
2026-09-30T11:17:50.5105971Z 
2026-09-30T11:17:50.5106078Z .NET runtimes installed:
2026-09-30T11:17:50.5106789Z   Microsoft.NETCore.App 8.0.31 [__CI_HOME__/work/_temp/litedb-runtime-8-arm64/shared/Microsoft.NETCore.App]
2026-09-30T11:17:50.5107199Z 
2026-09-30T11:17:50.5107329Z Other architectures found:
2026-09-30T11:17:50.5107593Z   None
2026-09-30T11:17:50.5107723Z 
2026-09-30T11:17:50.5107871Z Environment variables:
2026-09-30T11:17:50.5108117Z   DOTNET_ROOT       [/usr/share/dotnet]
2026-09-30T11:17:50.5109011Z 
2026-09-30T11:17:50.5109338Z global.json file:
2026-09-30T11:17:50.5109719Z   Not found
2026-09-30T11:17:50.5109909Z 
2026-09-30T11:17:50.5110266Z Learn more:
2026-09-30T11:17:50.5110546Z   https://aka.ms/dotnet/info
2026-09-30T11:17:50.5110717Z 
2026-09-30T11:17:50.5110878Z Download .NET:
2026-09-30T11:17:50.5111313Z   https://aka.ms/dotnet/download
2026-09-30T11:17:50.6586081Z VSTest version 18.7.0 (arm64)
2026-09-30T11:17:50.6610523Z 
2026-09-30T11:17:50.7396744Z Starting test execution, please wait...
2026-09-30T11:17:50.7753139Z A total of 1 test files matched the specified pattern.
2026-09-30T11:17:54.2271427Z [xUnit.net 00:00:03.13]     LiteDB.Tests.Issues.Issue2127_Tests+ReproTests.InsertItemBackToBack_Test [SKIP]
2026-09-30T11:17:54.2284724Z   Skipped LiteDB.Tests.Issues.Issue2127_Tests+ReproTests.InsertItemBackToBack_Test [1 ms]
2026-09-30T11:18:25.3042591Z Results File: __CI_WORKSPACE__/LiteDB.Tests/TestResults/TestResults-issues.trx
2026-09-30T11:18:25.3047543Z 
2026-09-30T11:18:25.3098799Z Passed!  - Failed:     0, Passed:  1570, Skipped:     1, Total:  1571, Duration: 32 s - LiteDB.Tests.dll (net8.0)
2026-09-30T11:18:25.4864284Z Running complete-suite partition: rebuild
2026-09-30T11:18:25.4891357Z 
2026-09-30T11:18:25.4891689Z Host:
2026-09-30T11:18:25.4892002Z   Version:      8.0.31
2026-09-30T11:18:25.4892394Z   Architecture: arm64
2026-09-30T11:18:25.4892707Z   Commit:       1219a42122
2026-09-30T11:18:25.4893004Z   RID:          linux-arm64
2026-09-30T11:18:25.4893161Z 
2026-09-30T11:18:25.4893288Z .NET SDKs installed:
2026-09-30T11:18:25.4893515Z   No SDKs were found.
2026-09-30T11:18:25.4893699Z 
2026-09-30T11:18:25.4893823Z .NET runtimes installed:
2026-09-30T11:18:25.4894322Z   Microsoft.NETCore.App 8.0.31 [__CI_HOME__/work/_temp/litedb-runtime-8-arm64/shared/Microsoft.NETCore.App]
2026-09-30T11:18:25.4894765Z 
2026-09-30T11:18:25.4894884Z Other architectures found:
2026-09-30T11:18:25.4895126Z   None
2026-09-30T11:18:25.4895248Z 
2026-09-30T11:18:25.4895388Z Environment variables:
2026-09-30T11:18:25.4895660Z   DOTNET_ROOT       [/usr/share/dotnet]
2026-09-30T11:18:25.4895876Z 
2026-09-30T11:18:25.4895961Z global.json file:
2026-09-30T11:18:25.4896523Z   Not found
2026-09-30T11:18:25.4896649Z 
2026-09-30T11:18:25.4896747Z Learn more:
2026-09-30T11:18:25.4897423Z   https://aka.ms/dotnet/info
2026-09-30T11:18:25.4897628Z 
2026-09-30T11:18:25.4897713Z Download .NET:
2026-09-30T11:18:25.4897982Z   https://aka.ms/dotnet/download
2026-09-30T11:18:25.6231586Z VSTest version 18.7.0 (arm64)
2026-09-30T11:18:25.6255910Z 
2026-09-30T11:18:25.7012496Z Starting test execution, please wait...
2026-09-30T11:18:25.7332311Z A total of 1 test files matched the specified pattern.
2026-09-30T11:18:27.4677267Z [xUnit.net 00:00:01.41]     LiteDB.Tests.Engine.Rebuild_Tests.Rebuild_Change_Culture_Error [SKIP]
2026-09-30T11:18:27.5513811Z   Skipped LiteDB.Tests.Engine.Rebuild_Tests.Rebuild_Change_Culture_Error [1 ms]
2026-09-30T11:18:32.1061729Z Results File: __CI_WORKSPACE__/LiteDB.Tests/TestResults/TestResults-rebuild.trx
2026-09-30T11:18:32.1065855Z 
2026-09-30T11:18:32.1103124Z Passed!  - Failed:     0, Passed:    87, Skipped:     1, Total:    88, Duration: 5 s - LiteDB.Tests.dll (net8.0)
2026-09-30T11:18:32.1376998Z Running complete-suite partition: engine-compact
2026-09-30T11:18:32.1397985Z 
2026-09-30T11:18:32.1398498Z Host:
2026-09-30T11:18:32.1398800Z   Version:      8.0.31
2026-09-30T11:18:32.1399175Z   Architecture: arm64
2026-09-30T11:18:32.1399437Z   Commit:       1219a42122
2026-09-30T11:18:32.1399700Z   RID:          linux-arm64
2026-09-30T11:18:32.1399934Z 
2026-09-30T11:18:32.1400072Z .NET SDKs installed:
2026-09-30T11:18:32.1400318Z   No SDKs were found.
2026-09-30T11:18:32.1400493Z 
2026-09-30T11:18:32.1400608Z .NET runtimes installed:
2026-09-30T11:18:32.1401089Z   Microsoft.NETCore.App 8.0.31 [__CI_HOME__/work/_temp/litedb-runtime-8-arm64/shared/Microsoft.NETCore.App]
2026-09-30T11:18:32.1401521Z 
2026-09-30T11:18:32.1401699Z Other architectures found:
2026-09-30T11:18:32.1402289Z   None
2026-09-30T11:18:32.1402415Z 
2026-09-30T11:18:32.1402522Z Environment variables:
2026-09-30T11:18:32.1402859Z   DOTNET_ROOT       [/usr/share/dotnet]
2026-09-30T11:18:32.1403043Z 
2026-09-30T11:18:32.1403155Z global.json file:
2026-09-30T11:18:32.1403435Z   Not found
2026-09-30T11:18:32.1403584Z 
2026-09-30T11:18:32.1403670Z Learn more:
2026-09-30T11:18:32.1403908Z   https://aka.ms/dotnet/info
2026-09-30T11:18:32.1404100Z 
2026-09-30T11:18:32.1404215Z Download .NET:
2026-09-30T11:18:32.1404472Z   https://aka.ms/dotnet/download
2026-09-30T11:18:32.2758160Z VSTest version 18.7.0 (arm64)
2026-09-30T11:18:32.2773617Z 
2026-09-30T11:18:32.3528973Z Starting test execution, please wait...
2026-09-30T11:18:32.3838699Z A total of 1 test files matched the specified pattern.
2026-09-30T11:19:00.7359647Z Results File: __CI_WORKSPACE__/LiteDB.Tests/TestResults/TestResults-engine-compact.trx
2026-09-30T11:19:00.7362498Z 
2026-09-30T11:19:00.7401918Z Passed!  - Failed:     0, Passed:   296, Skipped:     0, Total:   296, Duration: 26 s - LiteDB.Tests.dll (net8.0)
2026-09-30T11:19:00.7753195Z Running complete-suite partition: engine-index
2026-09-30T11:19:00.7775271Z 
2026-09-30T11:19:00.7775836Z Host:
2026-09-30T11:19:00.7776108Z   Version:      8.0.31
2026-09-30T11:19:00.7776652Z   Architecture: arm64
2026-09-30T11:19:00.7776893Z   Commit:       1219a42122
2026-09-30T11:19:00.7777198Z   RID:          linux-arm64
2026-09-30T11:19:00.7777377Z 
2026-09-30T11:19:00.7777500Z .NET SDKs installed:
2026-09-30T11:19:00.7777853Z   No SDKs were found.
2026-09-30T11:19:00.7778011Z 
2026-09-30T11:19:00.7778115Z .NET runtimes installed:
2026-09-30T11:19:00.7778605Z   Microsoft.NETCore.App 8.0.31 [__CI_HOME__/work/_temp/litedb-runtime-8-arm64/shared/Microsoft.NETCore.App]
2026-09-30T11:19:00.7779043Z 
2026-09-30T11:19:00.7779178Z Other architectures found:
2026-09-30T11:19:00.7779439Z   None
2026-09-30T11:19:00.7779551Z 
2026-09-30T11:19:00.7779705Z Environment variables:
2026-09-30T11:19:00.7779966Z   DOTNET_ROOT       [/usr/share/dotnet]
2026-09-30T11:19:00.7780146Z 
2026-09-30T11:19:00.7780244Z global.json file:
2026-09-30T11:19:00.7780514Z   Not found
2026-09-30T11:19:00.7780641Z 
2026-09-30T11:19:00.7780739Z Learn more:
2026-09-30T11:19:00.7780986Z   https://aka.ms/dotnet/info
2026-09-30T11:19:00.7781416Z 
2026-09-30T11:19:00.7781522Z Download .NET:
2026-09-30T11:19:00.7781753Z   https://aka.ms/dotnet/download
2026-09-30T11:19:00.9054481Z VSTest version 18.7.0 (arm64)
2026-09-30T11:19:00.9079001Z 
2026-09-30T11:19:00.9824082Z Starting test execution, please wait...
2026-09-30T11:19:01.0132706Z A total of 1 test files matched the specified pattern.
2026-09-30T11:19:25.1002710Z Results File: __CI_WORKSPACE__/LiteDB.Tests/TestResults/TestResults-engine-index.trx
2026-09-30T11:19:25.1005712Z 
2026-09-30T11:19:25.1042382Z Passed!  - Failed:     0, Passed:    63, Skipped:     0, Total:    63, Duration: 22 s - LiteDB.Tests.dll (net8.0)
2026-09-30T11:19:25.1288581Z Running complete-suite partition: engine-admission
2026-09-30T11:19:25.1310555Z 
2026-09-30T11:19:25.1311017Z Host:
2026-09-30T11:19:25.1311466Z   Version:      8.0.31
2026-09-30T11:19:25.1311749Z   Architecture: arm64
2026-09-30T11:19:25.1312051Z   Commit:       1219a42122
2026-09-30T11:19:25.1312304Z   RID:          linux-arm64
2026-09-30T11:19:25.1312490Z 
2026-09-30T11:19:25.1312690Z .NET SDKs installed:
2026-09-30T11:19:25.1312926Z   No SDKs were found.
2026-09-30T11:19:25.1313077Z 
2026-09-30T11:19:25.1313177Z .NET runtimes installed:
2026-09-30T11:19:25.1313702Z   Microsoft.NETCore.App 8.0.31 [__CI_HOME__/work/_temp/litedb-runtime-8-arm64/shared/Microsoft.NETCore.App]
2026-09-30T11:19:25.1314134Z 
2026-09-30T11:19:25.1314263Z Other architectures found:
2026-09-30T11:19:25.1314563Z   None
2026-09-30T11:19:25.1314687Z 
2026-09-30T11:19:25.1314791Z Environment variables:
2026-09-30T11:19:25.1315074Z   DOTNET_ROOT       [/usr/share/dotnet]
2026-09-30T11:19:25.1315262Z 
2026-09-30T11:19:25.1315364Z global.json file:
2026-09-30T11:19:25.1315965Z   Not found
2026-09-30T11:19:25.1316144Z 
2026-09-30T11:19:25.1316387Z Learn more:
2026-09-30T11:19:25.1316647Z   https://aka.ms/dotnet/info
2026-09-30T11:19:25.1316809Z 
2026-09-30T11:19:25.1316942Z Download .NET:
2026-09-30T11:19:25.1317186Z   https://aka.ms/dotnet/download
2026-09-30T11:19:25.2586270Z VSTest version 18.7.0 (arm64)
2026-09-30T11:19:25.2610113Z 
2026-09-30T11:19:25.3390026Z Starting test execution, please wait...
2026-09-30T11:19:25.3720451Z A total of 1 test files matched the specified pattern.
2026-09-30T11:19:41.3202468Z Results File: __CI_WORKSPACE__/LiteDB.Tests/TestResults/TestResults-engine-admission.trx
2026-09-30T11:19:41.3206455Z 
2026-09-30T11:19:41.3247349Z Passed!  - Failed:     0, Passed:   126, Skipped:     0, Total:   126, Duration: 14 s - LiteDB.Tests.dll (net8.0)
2026-09-30T11:19:41.3527645Z Running complete-suite partition: engine-shared
2026-09-30T11:19:41.3549502Z 
2026-09-30T11:19:41.3551430Z Host:
2026-09-30T11:19:41.3552390Z   Version:      8.0.31
2026-09-30T11:19:41.3553049Z   Architecture: arm64
2026-09-30T11:19:41.3553465Z   Commit:       1219a42122
2026-09-30T11:19:41.3553724Z   RID:          linux-arm64
2026-09-30T11:19:41.3553897Z 
2026-09-30T11:19:41.3553998Z .NET SDKs installed:
2026-09-30T11:19:41.3554287Z   No SDKs were found.
2026-09-30T11:19:41.3554473Z 
2026-09-30T11:19:41.3554598Z .NET runtimes installed:
2026-09-30T11:19:41.3555119Z   Microsoft.NETCore.App 8.0.31 [__CI_HOME__/work/_temp/litedb-runtime-8-arm64/shared/Microsoft.NETCore.App]
2026-09-30T11:19:41.3555544Z 
2026-09-30T11:19:41.3555679Z Other architectures found:
2026-09-30T11:19:41.3555942Z   None
2026-09-30T11:19:41.3556073Z 
2026-09-30T11:19:41.3556330Z Environment variables:
2026-09-30T11:19:41.3556619Z   DOTNET_ROOT       [/usr/share/dotnet]
2026-09-30T11:19:41.3556845Z 
2026-09-30T11:19:41.3556956Z global.json file:
2026-09-30T11:19:41.3557178Z   Not found
2026-09-30T11:19:41.3557302Z 
2026-09-30T11:19:41.3557406Z Learn more:
2026-09-30T11:19:41.3557670Z   https://aka.ms/dotnet/info
2026-09-30T11:19:41.3557861Z 
2026-09-30T11:19:41.3557954Z Download .NET:
2026-09-30T11:19:41.3558220Z   https://aka.ms/dotnet/download
2026-09-30T11:19:41.4874122Z VSTest version 18.7.0 (arm64)
2026-09-30T11:19:41.4899146Z 
2026-09-30T11:19:41.5657315Z Starting test execution, please wait...
2026-09-30T11:19:41.5971936Z A total of 1 test files matched the specified pattern.
2026-09-30T11:19:59.6972870Z [xUnit.net 00:00:17.77]     LiteDB.Tests.Engine.SharedAdmissionLifetime_Tests.Open_retains_admission_when_a_callback_disposes_the_connection [FAIL]
2026-09-30T11:20:00.9638047Z   Failed LiteDB.Tests.Engine.SharedAdmissionLifetime_Tests.Open_retains_admission_when_a_callback_disposes_the_connection [51 ms]
2026-09-30T11:20:00.9638747Z   Error Message:
2026-09-30T11:20:00.9641870Z    Expected a <System.IO.IOException> to be thrown, but found <System.InvalidOperationException>:
2026-09-30T11:20:00.9642690Z System.InvalidOperationException: Cannot close a shared connection from inside its executing operation.
2026-09-30T11:20:00.9643750Z    at LiteDB.SharedEngine.Dispose(Boolean disposing) in __CI_WORKSPACE__/LiteDB/Client/Shared/SharedEngine.Disposal.cs:line 20
2026-09-30T11:20:00.9644661Z    at LiteDB.SharedEngine.Dispose() in __CI_WORKSPACE__/LiteDB/Client/Shared/SharedEngine.cs:line 440
2026-09-30T11:20:00.9645933Z    at LiteDB.Tests.Engine.SharedAdmissionLifetime_Tests.<>c__DisplayClass1_0.<Open_retains_admission_when_a_callback_disposes_the_connection>b__1() in __CI_WORKSPACE__/LiteDB.Tests/Engine/SharedAdmissionLifetime_Tests.cs:line 78
2026-09-30T11:20:00.9647772Z    at LiteDB.SharedEngine.CreateEngine(Boolean recoveredAbandonedOwner, EngineSettings settings) in __CI_WORKSPACE__/LiteDB/Client/Shared/SharedEngine.cs:line 158
2026-09-30T11:20:00.9649052Z    at LiteDB.SharedEngine.OpenEngine(Boolean recoveredAbandonedOwner, Boolean final, Boolean writing) in __CI_WORKSPACE__/LiteDB/Client/Shared/SharedEngine.Coordination.cs:line 41
2026-09-30T11:20:00.9650828Z    at LiteDB.SharedEngine.OpenDatabase(Boolean scoped, Boolean writing, CancellationToken closing, TransactionAdmission admission) in __CI_WORKSPACE__/LiteDB/Client/Shared/SharedEngine.cs:line 134
2026-09-30T11:20:00.9652089Z    at LiteDB.SharedEngine.<>c__DisplayClass7_0`1.<QueryDatabase>b__0() in __CI_WORKSPACE__/LiteDB/Client/Shared/SharedEngine.Calls.cs:line 44
2026-09-30T11:20:00.9653164Z    at LiteDB.SharedEngine.Call[T](Func`1 call) in __CI_WORKSPACE__/LiteDB/Client/Shared/SharedEngine.Calls.cs:line 61
2026-09-30T11:20:00.9654076Z    at LiteDB.SharedEngine.QueryDatabase[T](Func`1 Query) in __CI_WORKSPACE__/LiteDB/Client/Shared/SharedEngine.Calls.cs:line 42
2026-09-30T11:20:00.9655282Z    at LiteDB.SharedEngine.Pragma(String name) in __CI_WORKSPACE__/LiteDB/Client/Shared/SharedEngine.cs:line 345
2026-09-30T11:20:00.9656818Z    at LiteDB.Tests.Engine.SharedAdmissionLifetime_Tests.<>c__DisplayClass1_0.<Open_retains_admission_when_a_callback_disposes_the_connection>b__2() in __CI_WORKSPACE__/LiteDB.Tests/Engine/SharedAdmissionLifetime_Tests.cs:line 82
2026-09-30T11:20:00.9658098Z    at FluentAssertions.Specialized.ActionAssertions.InvokeSubject()
2026-09-30T11:20:00.9658887Z    at FluentAssertions.Specialized.DelegateAssertions`2.InvokeSubjectWithInterception().
2026-09-30T11:20:00.9659478Z   Stack Trace:
2026-09-30T11:20:00.9660106Z      at FluentAssertions.Execution.XUnit2TestFramework.Throw(String message)
2026-09-30T11:20:00.9660793Z    at FluentAssertions.Execution.TestFrameworkProvider.Throw(String message)
2026-09-30T11:20:00.9661531Z    at FluentAssertions.Execution.DefaultAssertionStrategy.HandleFailure(String message)
2026-09-30T11:20:00.9662355Z    at FluentAssertions.Execution.AssertionScope.FailWith(Func`1 failReasonFunc)
2026-09-30T11:20:00.9663473Z    at FluentAssertions.Specialized.DelegateAssertionsBase`2.ThrowInternal[TException](Exception exception, String because, Object[] becauseArgs)
2026-09-30T11:20:00.9664649Z    at FluentAssertions.Specialized.DelegateAssertions`2.Throw[TException](String because, Object[] becauseArgs)
2026-09-30T11:20:00.9666448Z    at LiteDB.Tests.Engine.SharedAdmissionLifetime_Tests.Open_retains_admission_when_a_callback_disposes_the_connection() in __CI_WORKSPACE__/LiteDB.Tests/Engine/SharedAdmissionLifetime_Tests.cs:line 83
2026-09-30T11:20:00.9668007Z    at System.RuntimeMethodHandle.InvokeMethod(Object target, Void** arguments, Signature sig, Boolean isConstructor)
2026-09-30T11:20:00.9669080Z    at System.Reflection.MethodBaseInvoker.InvokeWithNoArgs(Object obj, BindingFlags invokeAttr)
2026-09-30T11:20:13.6501015Z Results File: __CI_WORKSPACE__/LiteDB.Tests/TestResults/TestResults-engine-shared.trx
2026-09-30T11:20:13.6505288Z 
2026-09-30T11:20:13.6547115Z Failed!  - Failed:     1, Passed:   373, Skipped:     0, Total:   374, Duration: 30 s - LiteDB.Tests.dll (net8.0)
2026-09-30T11:20:13.6794010Z Running complete-suite partition: engine
2026-09-30T11:20:13.6814491Z 
2026-09-30T11:20:13.6814898Z Host:
2026-09-30T11:20:13.6815171Z   Version:      8.0.31
2026-09-30T11:20:13.6815462Z   Architecture: arm64
2026-09-30T11:20:13.6815745Z   Commit:       1219a42122
2026-09-30T11:20:13.6816032Z   RID:          linux-arm64
2026-09-30T11:20:13.6816313Z 
2026-09-30T11:20:13.6816494Z .NET SDKs installed:
2026-09-30T11:20:13.6816743Z   No SDKs were found.
2026-09-30T11:20:13.6816923Z 
2026-09-30T11:20:13.6817033Z .NET runtimes installed:
2026-09-30T11:20:13.6817566Z   Microsoft.NETCore.App 8.0.31 [__CI_HOME__/work/_temp/litedb-runtime-8-arm64/shared/Microsoft.NETCore.App]
2026-09-30T11:20:13.6817974Z 
2026-09-30T11:20:13.6818101Z Other architectures found:
2026-09-30T11:20:13.6818373Z   None
2026-09-30T11:20:13.6818504Z 
2026-09-30T11:20:13.6818648Z Environment variables:
2026-09-30T11:20:13.6818897Z   DOTNET_ROOT       [/usr/share/dotnet]
2026-09-30T11:20:13.6819126Z 
2026-09-30T11:20:13.6819212Z global.json file:
2026-09-30T11:20:13.6819772Z   Not found
2026-09-30T11:20:13.6819898Z 
2026-09-30T11:20:13.6820101Z Learn more:
2026-09-30T11:20:13.6820362Z   https://aka.ms/dotnet/info
2026-09-30T11:20:13.6820544Z 
2026-09-30T11:20:13.6820623Z Download .NET:
2026-09-30T11:20:13.6820894Z   https://aka.ms/dotnet/download
2026-09-30T11:20:13.8212840Z VSTest version 18.7.0 (arm64)
2026-09-30T11:20:13.8238076Z 
2026-09-30T11:20:13.8997614Z Starting test execution, please wait...
2026-09-30T11:20:13.9297571Z A total of 1 test files matched the specified pattern.
2026-09-30T11:20:28.6093033Z [xUnit.net 00:00:14.35]     LiteDB.Tests.Engine.Collation_Tests.Create_Database_Using_Current_Culture [SKIP]
2026-09-30T11:20:28.7693217Z   Skipped LiteDB.Tests.Engine.Collation_Tests.Create_Database_Using_Current_Culture [1 ms]
2026-09-30T11:21:24.4115235Z Results File: __CI_WORKSPACE__/LiteDB.Tests/TestResults/TestResults-engine.trx
2026-09-30T11:21:24.4119375Z 
2026-09-30T11:21:24.4159546Z Passed!  - Failed:     0, Passed:   457, Skipped:     1, Total:   458, Duration: 1 m 9 s - LiteDB.Tests.dll (net8.0)
2026-09-30T11:21:24.4570865Z Running complete-suite partition: query-not-equal
2026-09-30T11:21:24.4591684Z 
2026-09-30T11:21:24.4591839Z Host:
2026-09-30T11:21:24.4592231Z   Version:      8.0.31
2026-09-30T11:21:24.4592567Z   Architecture: arm64
2026-09-30T11:21:24.4592818Z   Commit:       1219a42122
2026-09-30T11:21:24.4593119Z   RID:          linux-arm64
2026-09-30T11:21:24.4593287Z 
2026-09-30T11:21:24.4593413Z .NET SDKs installed:
2026-09-30T11:21:24.4593667Z   No SDKs were found.
2026-09-30T11:21:24.4593810Z 
2026-09-30T11:21:24.4593958Z .NET runtimes installed:
2026-09-30T11:21:24.4594443Z   Microsoft.NETCore.App 8.0.31 [__CI_HOME__/work/_temp/litedb-runtime-8-arm64/shared/Microsoft.NETCore.App]
2026-09-30T11:21:24.4594887Z 
2026-09-30T11:21:24.4595026Z Other architectures found:
2026-09-30T11:21:24.4595282Z   None
2026-09-30T11:21:24.4595398Z 
2026-09-30T11:21:24.4595526Z Environment variables:
2026-09-30T11:21:24.4595814Z   DOTNET_ROOT       [/usr/share/dotnet]
2026-09-30T11:21:24.4596027Z 
2026-09-30T11:21:24.4596133Z global.json file:
2026-09-30T11:21:24.4596574Z   Not found
2026-09-30T11:21:24.4596708Z 
2026-09-30T11:21:24.4596790Z Learn more:
2026-09-30T11:21:24.4597099Z   https://aka.ms/dotnet/info
2026-09-30T11:21:24.4597576Z 
2026-09-30T11:21:24.4597714Z Download .NET:
2026-09-30T11:21:24.4597952Z   https://aka.ms/dotnet/download
2026-09-30T11:21:24.6035172Z VSTest version 18.7.0 (arm64)
2026-09-30T11:21:24.6059681Z 
2026-09-30T11:21:24.6823378Z Starting test execution, please wait...
2026-09-30T11:21:24.7137453Z A total of 1 test files matched the specified pattern.
2026-09-30T11:21:36.7028104Z Results File: __CI_WORKSPACE__/LiteDB.Tests/TestResults/TestResults-query-not-equal.trx
2026-09-30T11:21:36.7030896Z 
2026-09-30T11:21:36.7064129Z Passed!  - Failed:     0, Passed:    14, Skipped:     0, Total:    14, Duration: 10 s - LiteDB.Tests.dll (net8.0)
2026-09-30T11:21:36.7292926Z Running complete-suite partition: query
2026-09-30T11:21:36.7312741Z 
2026-09-30T11:21:36.7313063Z Host:
2026-09-30T11:21:36.7313519Z   Version:      8.0.31
2026-09-30T11:21:36.7313873Z   Architecture: arm64
2026-09-30T11:21:36.7314159Z   Commit:       1219a42122
2026-09-30T11:21:36.7314420Z   RID:          linux-arm64
2026-09-30T11:21:36.7314614Z 
2026-09-30T11:21:36.7314735Z .NET SDKs installed:
2026-09-30T11:21:36.7315048Z   No SDKs were found.
2026-09-30T11:21:36.7315188Z 
2026-09-30T11:21:36.7315314Z .NET runtimes installed:
2026-09-30T11:21:36.7315805Z   Microsoft.NETCore.App 8.0.31 [__CI_HOME__/work/_temp/litedb-runtime-8-arm64/shared/Microsoft.NETCore.App]
2026-09-30T11:21:36.7316407Z 
2026-09-30T11:21:36.7316556Z Other architectures found:
2026-09-30T11:21:36.7316843Z   None
2026-09-30T11:21:36.7316959Z 
2026-09-30T11:21:36.7317107Z Environment variables:
2026-09-30T11:21:36.7317364Z   DOTNET_ROOT       [/usr/share/dotnet]
2026-09-30T11:21:36.7317578Z 
2026-09-30T11:21:36.7317694Z global.json file:
2026-09-30T11:21:36.7318232Z   Not found
2026-09-30T11:21:36.7318346Z 
2026-09-30T11:21:36.7318467Z Learn more:
2026-09-30T11:21:36.7318756Z   https://aka.ms/dotnet/info
2026-09-30T11:21:36.7318948Z 
2026-09-30T11:21:36.7319044Z Download .NET:
2026-09-30T11:21:36.7319308Z   https://aka.ms/dotnet/download
2026-09-30T11:21:36.8622519Z VSTest version 18.7.0 (arm64)
2026-09-30T11:21:36.8645515Z 
2026-09-30T11:21:36.9390070Z Starting test execution, please wait...
2026-09-30T11:21:36.9707222Z A total of 1 test files matched the specified pattern.
2026-09-30T11:22:04.0526401Z Results File: __CI_WORKSPACE__/LiteDB.Tests/TestResults/TestResults-query.trx
2026-09-30T11:22:04.0531240Z 
2026-09-30T11:22:04.0578503Z Passed!  - Failed:     0, Passed:   826, Skipped:     0, Total:   826, Duration: 25 s - LiteDB.Tests.dll (net8.0)
2026-09-30T11:22:04.1376810Z Running complete-suite partition: shared-mapped-process
2026-09-30T11:22:04.1399709Z 
2026-09-30T11:22:04.1400494Z Host:
2026-09-30T11:22:04.1400793Z   Version:      8.0.31
2026-09-30T11:22:04.1401096Z   Architecture: arm64
2026-09-30T11:22:04.1401398Z   Commit:       1219a42122
2026-09-30T11:22:04.1401816Z   RID:          linux-arm64
2026-09-30T11:22:04.1401981Z 
2026-09-30T11:22:04.1402442Z .NET SDKs installed:
2026-09-30T11:22:04.1402807Z   No SDKs were found.
2026-09-30T11:22:04.1402986Z 
2026-09-30T11:22:04.1403165Z .NET runtimes installed:
2026-09-30T11:22:04.1403696Z   Microsoft.NETCore.App 8.0.31 [__CI_HOME__/work/_temp/litedb-runtime-8-arm64/shared/Microsoft.NETCore.App]
2026-09-30T11:22:04.1404112Z 
2026-09-30T11:22:04.1404272Z Other architectures found:
2026-09-30T11:22:04.1404520Z   None
2026-09-30T11:22:04.1404663Z 
2026-09-30T11:22:04.1404778Z Environment variables:
2026-09-30T11:22:04.1405061Z   DOTNET_ROOT       [/usr/share/dotnet]
2026-09-30T11:22:04.1405255Z 
2026-09-30T11:22:04.1405343Z global.json file:
2026-09-30T11:22:04.1405575Z   Not found
2026-09-30T11:22:04.1405708Z 
2026-09-30T11:22:04.1405824Z Learn more:
2026-09-30T11:22:04.1406042Z   https://aka.ms/dotnet/info
2026-09-30T11:22:04.1406429Z 
2026-09-30T11:22:04.1406521Z Download .NET:
2026-09-30T11:22:04.1406760Z   https://aka.ms/dotnet/download
2026-09-30T11:22:04.2698306Z VSTest version 18.7.0 (arm64)
2026-09-30T11:22:04.2723426Z 
2026-09-30T11:22:04.3475389Z Starting test execution, please wait...
2026-09-30T11:22:04.3793310Z A total of 1 test files matched the specified pattern.
2026-09-30T11:22:40.8563891Z Results File: __CI_WORKSPACE__/LiteDB.Tests/TestResults/TestResults-shared-mapped-process.trx
2026-09-30T11:22:40.8567271Z 
2026-09-30T11:22:40.8602511Z Passed!  - Failed:     0, Passed:    36, Skipped:     0, Total:    36, Duration: 35 s - LiteDB.Tests.dll (net8.0)
2026-09-30T11:22:40.8849486Z Running complete-suite partition: shared-process
2026-09-30T11:22:40.8869890Z 
2026-09-30T11:22:40.8870115Z Host:
2026-09-30T11:22:40.8870353Z   Version:      8.0.31
2026-09-30T11:22:40.8870702Z   Architecture: arm64
2026-09-30T11:22:40.8870947Z   Commit:       1219a42122
2026-09-30T11:22:40.8871315Z   RID:          linux-arm64
2026-09-30T11:22:40.8871466Z 
2026-09-30T11:22:40.8871590Z .NET SDKs installed:
2026-09-30T11:22:40.8871817Z   No SDKs were found.
2026-09-30T11:22:40.8872009Z 
2026-09-30T11:22:40.8872114Z .NET runtimes installed:
2026-09-30T11:22:40.8872655Z   Microsoft.NETCore.App 8.0.31 [__CI_HOME__/work/_temp/litedb-runtime-8-arm64/shared/Microsoft.NETCore.App]
2026-09-30T11:22:40.8873095Z 
2026-09-30T11:22:40.8873235Z Other architectures found:
2026-09-30T11:22:40.8873485Z   None
2026-09-30T11:22:40.8873599Z 
2026-09-30T11:22:40.8873727Z Environment variables:
2026-09-30T11:22:40.8874017Z   DOTNET_ROOT       [/usr/share/dotnet]
2026-09-30T11:22:40.8874232Z 
2026-09-30T11:22:40.8874328Z global.json file:
2026-09-30T11:22:40.8874619Z   Not found
2026-09-30T11:22:40.8874747Z 
2026-09-30T11:22:40.8874840Z Learn more:
2026-09-30T11:22:40.8875105Z   https://aka.ms/dotnet/info
2026-09-30T11:22:40.8875269Z 
2026-09-30T11:22:40.8875373Z Download .NET:
2026-09-30T11:22:40.8875658Z   https://aka.ms/dotnet/download
2026-09-30T11:22:41.0297714Z VSTest version 18.7.0 (arm64)
2026-09-30T11:22:41.0323621Z 
2026-09-30T11:22:41.1094244Z Starting test execution, please wait...
2026-09-30T11:22:41.1420093Z A total of 1 test files matched the specified pattern.
2026-09-30T11:24:01.0023993Z Results File: __CI_WORKSPACE__/LiteDB.Tests/TestResults/TestResults-shared-process.trx
2026-09-30T11:24:01.0026129Z 
2026-09-30T11:24:01.0060470Z Passed!  - Failed:     0, Passed:    55, Skipped:     0, Total:    55, Duration: 1 m 18 s - LiteDB.Tests.dll (net8.0)
2026-09-30T11:24:01.0301810Z Running complete-suite partition: shared
2026-09-30T11:24:01.0322776Z 
2026-09-30T11:24:01.0323139Z Host:
2026-09-30T11:24:01.0323559Z   Version:      8.0.31
2026-09-30T11:24:01.0323843Z   Architecture: arm64
2026-09-30T11:24:01.0324183Z   Commit:       1219a42122
2026-09-30T11:24:01.0324436Z   RID:          linux-arm64
2026-09-30T11:24:01.0324606Z 
2026-09-30T11:24:01.0324720Z .NET SDKs installed:
2026-09-30T11:24:01.0325044Z   No SDKs were found.
2026-09-30T11:24:01.0325181Z 
2026-09-30T11:24:01.0325313Z .NET runtimes installed:
2026-09-30T11:24:01.0325842Z   Microsoft.NETCore.App 8.0.31 [__CI_HOME__/work/_temp/litedb-runtime-8-arm64/shared/Microsoft.NETCore.App]
2026-09-30T11:24:01.0326584Z 
2026-09-30T11:24:01.0326729Z Other architectures found:
2026-09-30T11:24:01.0326995Z   None
2026-09-30T11:24:01.0327147Z 
2026-09-30T11:24:01.0327280Z Environment variables:
2026-09-30T11:24:01.0327539Z   DOTNET_ROOT       [/usr/share/dotnet]
2026-09-30T11:24:01.0327763Z 
2026-09-30T11:24:01.0327905Z global.json file:
2026-09-30T11:24:01.0328133Z   Not found
2026-09-30T11:24:01.0328245Z 
2026-09-30T11:24:01.0328337Z Learn more:
2026-09-30T11:24:01.0328596Z   https://aka.ms/dotnet/info
2026-09-30T11:24:01.0328778Z 
2026-09-30T11:24:01.0328906Z Download .NET:
2026-09-30T11:24:01.0329170Z   https://aka.ms/dotnet/download
2026-09-30T11:24:01.1616488Z VSTest version 18.7.0 (arm64)
2026-09-30T11:24:01.1640206Z 
2026-09-30T11:24:01.2378866Z Starting test execution, please wait...
2026-09-30T11:24:01.2691779Z A total of 1 test files matched the specified pattern.
2026-09-30T11:24:08.0886562Z Results File: __CI_WORKSPACE__/LiteDB.Tests/TestResults/TestResults-shared.trx
2026-09-30T11:24:08.0889750Z 
2026-09-30T11:24:08.0948319Z Passed!  - Failed:     0, Passed:    55, Skipped:     0, Total:    55, Duration: 5 s - LiteDB.Tests.dll (net8.0)
2026-09-30T11:24:08.1166321Z Running complete-suite partition: mvcc
2026-09-30T11:24:08.1186502Z 
2026-09-30T11:24:08.1187289Z Host:
2026-09-30T11:24:08.1187879Z   Version:      8.0.31
2026-09-30T11:24:08.1188170Z   Architecture: arm64
2026-09-30T11:24:08.1188503Z   Commit:       1219a42122
2026-09-30T11:24:08.1188807Z   RID:          linux-arm64
2026-09-30T11:24:08.1189002Z 
2026-09-30T11:24:08.1189121Z .NET SDKs installed:
2026-09-30T11:24:08.1189364Z   No SDKs were found.
2026-09-30T11:24:08.1189520Z 
2026-09-30T11:24:08.1189673Z .NET runtimes installed:
2026-09-30T11:24:08.1190174Z   Microsoft.NETCore.App 8.0.31 [__CI_HOME__/work/_temp/litedb-runtime-8-arm64/shared/Microsoft.NETCore.App]
2026-09-30T11:24:08.1190635Z 
2026-09-30T11:24:08.1190772Z Other architectures found:
2026-09-30T11:24:08.1191073Z   None
2026-09-30T11:24:08.1191181Z 
2026-09-30T11:24:08.1191321Z Environment variables:
2026-09-30T11:24:08.1191671Z   DOTNET_ROOT       [/usr/share/dotnet]
2026-09-30T11:24:08.1191881Z 
2026-09-30T11:24:08.1191968Z global.json file:
2026-09-30T11:24:08.1192226Z   Not found
2026-09-30T11:24:08.1192357Z 
2026-09-30T11:24:08.1192466Z Learn more:
2026-09-30T11:24:08.1192702Z   https://aka.ms/dotnet/info
2026-09-30T11:24:08.1192874Z 
2026-09-30T11:24:08.1193004Z Download .NET:
2026-09-30T11:24:08.1193242Z   https://aka.ms/dotnet/download
2026-09-30T11:24:08.2418005Z VSTest version 18.7.0 (arm64)
2026-09-30T11:24:08.2441070Z 
2026-09-30T11:24:08.3186025Z Starting test execution, please wait...
2026-09-30T11:24:08.3496537Z A total of 1 test files matched the specified pattern.
2026-09-30T11:25:31.0956745Z Results File: __CI_WORKSPACE__/LiteDB.Tests/TestResults/TestResults-mvcc.trx
2026-09-30T11:25:31.0959501Z 
2026-09-30T11:25:31.0998713Z Passed!  - Failed:     0, Passed:   403, Skipped:     0, Total:   403, Duration: 1 m 21 s - LiteDB.Tests.dll (net8.0)
2026-09-30T11:25:31.1383364Z Running complete-suite partition: internals
2026-09-30T11:25:31.1404263Z 
2026-09-30T11:25:31.1404626Z Host:
2026-09-30T11:25:31.1404883Z   Version:      8.0.31
2026-09-30T11:25:31.1405459Z   Architecture: arm64
2026-09-30T11:25:31.1405791Z   Commit:       1219a42122
2026-09-30T11:25:31.1415134Z   RID:          linux-arm64
2026-09-30T11:25:31.1415351Z 
2026-09-30T11:25:31.1415467Z .NET SDKs installed:
2026-09-30T11:25:31.1415901Z   No SDKs were found.
2026-09-30T11:25:31.1416377Z 
2026-09-30T11:25:31.1418239Z .NET runtimes installed:
2026-09-30T11:25:31.1419454Z   Microsoft.NETCore.App 8.0.31 [__CI_HOME__/work/_temp/litedb-runtime-8-arm64/shared/Microsoft.NETCore.App]
2026-09-30T11:25:31.1420004Z 
2026-09-30T11:25:31.1420198Z Other architectures found:
2026-09-30T11:25:31.1420519Z   None
2026-09-30T11:25:31.1420689Z 
2026-09-30T11:25:31.1420816Z Environment variables:
2026-09-30T11:25:31.1421072Z   DOTNET_ROOT       [/usr/share/dotnet]
2026-09-30T11:25:31.1421329Z 
2026-09-30T11:25:31.1421441Z global.json file:
2026-09-30T11:25:31.1421680Z   Not found
2026-09-30T11:25:31.1421857Z 
2026-09-30T11:25:31.1421978Z Learn more:
2026-09-30T11:25:31.1422219Z   https://aka.ms/dotnet/info
2026-09-30T11:25:31.1422396Z 
2026-09-30T11:25:31.1422546Z Download .NET:
2026-09-30T11:25:31.1422858Z   https://aka.ms/dotnet/download
2026-09-30T11:25:31.2716437Z VSTest version 18.7.0 (arm64)
2026-09-30T11:25:31.2740383Z 
2026-09-30T11:25:31.3495209Z Starting test execution, please wait...
2026-09-30T11:25:31.3813040Z A total of 1 test files matched the specified pattern.
2026-09-30T11:26:24.7935807Z Results File: __CI_WORKSPACE__/LiteDB.Tests/TestResults/TestResults-internals.trx
2026-09-30T11:26:24.7936428Z 
2026-09-30T11:26:24.7976121Z Passed!  - Failed:     0, Passed:   435, Skipped:     0, Total:   435, Duration: 52 s - LiteDB.Tests.dll (net8.0)
2026-09-30T11:26:24.8341738Z Running complete-suite partition: remaining
2026-09-30T11:26:24.8362067Z 
2026-09-30T11:26:24.8362330Z Host:
2026-09-30T11:26:24.8362729Z   Version:      8.0.31
2026-09-30T11:26:24.8363369Z   Architecture: arm64
2026-09-30T11:26:24.8363688Z   Commit:       1219a42122
2026-09-30T11:26:24.8364003Z   RID:          linux-arm64
2026-09-30T11:26:24.8364158Z 
2026-09-30T11:26:24.8364289Z .NET SDKs installed:
2026-09-30T11:26:24.8364663Z   No SDKs were found.
2026-09-30T11:26:24.8364817Z 
2026-09-30T11:26:24.8364946Z .NET runtimes installed:
2026-09-30T11:26:24.8365505Z   Microsoft.NETCore.App 8.0.31 [__CI_HOME__/work/_temp/litedb-runtime-8-arm64/shared/Microsoft.NETCore.App]
2026-09-30T11:26:24.8365935Z 
2026-09-30T11:26:24.8366049Z Other architectures found:
2026-09-30T11:26:24.8366473Z   None
2026-09-30T11:26:24.8366652Z 
2026-09-30T11:26:24.8366781Z Environment variables:
2026-09-30T11:26:24.8367090Z   DOTNET_ROOT       [/usr/share/dotnet]
2026-09-30T11:26:24.8367309Z 
2026-09-30T11:26:24.8367407Z global.json file:
2026-09-30T11:26:24.8367648Z   Not found
2026-09-30T11:26:24.8367759Z 
2026-09-30T11:26:24.8367877Z Learn more:
2026-09-30T11:26:24.8368125Z   https://aka.ms/dotnet/info
2026-09-30T11:26:24.8368305Z 
2026-09-30T11:26:24.8368413Z Download .NET:
2026-09-30T11:26:24.8368692Z   https://aka.ms/dotnet/download
2026-09-30T11:26:24.9718426Z VSTest version 18.7.0 (arm64)
2026-09-30T11:26:24.9740917Z 
2026-09-30T11:26:25.0457016Z Starting test execution, please wait...
2026-09-30T11:26:25.0757398Z A total of 1 test files matched the specified pattern.
2026-09-30T11:27:35.5436560Z Results File: __CI_WORKSPACE__/LiteDB.Tests/TestResults/TestResults-remaining.trx
2026-09-30T11:27:35.5438578Z 
2026-09-30T11:27:35.5482539Z Passed!  - Failed:     0, Passed:   613, Skipped:     0, Total:   613, Duration: 1 m 9 s - LiteDB.Tests.dll (net8.0)
2026-09-30T11:27:35.8803838Z [31;1mException: [0m__CI_WORKSPACE__/scripts/run-ci-tests.ps1:105[0m
2026-09-30T11:27:35.8805204Z [31;1m[0m[36;1mLine |[0m
2026-09-30T11:27:35.8806602Z [31;1m[0m[36;1m[36;1m 105 | [0m … iled.Count) { [36;1mthrow "Test partitions failed: $($failed -join ', ')"[0m }[0m
2026-09-30T11:27:35.8807813Z [31;1m[0m[36;1m[36;1m[0m[36;1m[0m[36;1m     | [31;1m                 ~~~~~~~~~~~~~~~~~~~~~~~~~~~~~~~~~~~~~~~~~~~~~~~~~~~~~[0m
2026-09-30T11:27:35.8808644Z [31;1m[0m[36;1m[36;1m[0m[36;1m[0m[36;1m[31;1m[31;1m[36;1m     | [31;1mTest partitions failed: engine-shared[0m
2026-09-30T11:27:35.9279938Z ##[error]Process completed with exit code 1.
2026-09-30T11:27:35.9359626Z ##[group]Run actions/upload-artifact@v4
2026-09-30T11:27:35.9360086Z with:
2026-09-30T11:27:35.9360351Z   name: test-results-test-linux-arm64-0
2026-09-30T11:27:35.9360686Z   overwrite: true
2026-09-30T11:27:35.9361249Z   path: LiteDB.Tests/TestResults/*.trx
LiteDB.Tests/TestResults/evidence-leg.json
LiteDB.Tests/TestResults/discovered-tests.txt

2026-09-30T11:27:35.9361906Z   if-no-files-found: warn
2026-09-30T11:27:35.9362227Z   compression-level: 6
2026-09-30T11:27:35.9362482Z   include-hidden-files: false
2026-09-30T11:27:35.9362770Z env:
2026-09-30T11:27:35.9363210Z   LITEDB_RETAINED_FIXTURES: __CI_WORKSPACE__/LiteDB.Tests/TestResults/retained-fixtures
2026-09-30T11:27:35.9363837Z   DOTNET_ROOT: /usr/share/dotnet
2026-09-30T11:27:35.9364111Z ##[endgroup]
2026-09-30T11:27:36.0760405Z (node:19644) [DEP0040] DeprecationWarning: The `punycode` module is deprecated. Please use a userland alternative instead.
2026-09-30T11:27:36.0761452Z (Use `node --trace-deprecation ...` to show where the warning was created)
2026-09-30T11:27:36.0821242Z With the provided path, there will be 17 files uploaded
2026-09-30T11:27:36.2251757Z Artifact name is valid!
2026-09-30T11:27:36.2253012Z Root directory input is valid!
2026-09-30T11:27:36.4185882Z Beginning upload of artifact content to blob storage
2026-09-30T11:27:36.5399803Z (node:19644) [DEP0169] DeprecationWarning: `url.parse()` behavior is not standardized and prone to errors that have security implications. Use the WHATWG URL API instead. CVEs are not issued for `url.parse()` vulnerabilities.
2026-09-30T11:27:36.8000834Z Uploaded bytes 1346733
2026-09-30T11:27:36.8307538Z Finished uploading artifact content to blob storage!
2026-09-30T11:27:36.8308827Z SHA256 digest of uploaded artifact zip is dfd68c73d96f4f08c28ef4aac0fdcd76b6259e34fe74c3e883e59cb463b50d07
2026-09-30T11:27:36.8309682Z Finalizing artifact upload
2026-09-30T11:27:37.0841238Z Artifact test-results-test-linux-arm64-0.zip successfully finalized. Artifact ID 11092987662
2026-09-30T11:27:37.0842210Z Artifact test-results-test-linux-arm64-0 has been successfully uploaded! Final size is 1346733 bytes. Artifact ID is 11092987662
2026-09-30T11:27:37.0848866Z Artifact download URL: https://github.com/JKamsker/LiteDB/actions/runs/36705044676/artifacts/11092987662
2026-09-30T11:27:37.1044990Z Prepare all required actions
2026-09-30T11:27:37.1045686Z Getting action download info
2026-09-30T11:27:37.3326814Z ##[group]Run ./.github/actions/retained-fixtures
2026-09-30T11:27:37.3327312Z env:
2026-09-30T11:27:37.3327767Z   LITEDB_RETAINED_FIXTURES: __CI_WORKSPACE__/LiteDB.Tests/TestResults/retained-fixtures
2026-09-30T11:27:37.3328311Z   DOTNET_ROOT: /usr/share/dotnet
2026-09-30T11:27:37.3328595Z ##[endgroup]
2026-09-30T11:27:37.3386366Z ##[start-action display=Collect retained fixtures;id=__self.__run]
2026-09-30T11:27:37.3415641Z ##[group]Run if [ "$RUNNER_OS" = "Windows" ]; then retained_python=python; else retained_python=python3; fi
2026-09-30T11:27:37.3416643Z [36;1mif [ "$RUNNER_OS" = "Windows" ]; then retained_python=python; else retained_python=python3; fi[0m
2026-09-30T11:27:37.3417321Z [36;1m"$retained_python" scripts/collect-retained-fixtures.py "$LITEDB_RETAINED_FIXTURES"[0m
2026-09-30T11:27:37.3451627Z shell: /usr/bin/bash --noprofile --norc -e -o pipefail {0}
2026-09-30T11:27:37.3452227Z env:
2026-09-30T11:27:37.3452672Z   LITEDB_RETAINED_FIXTURES: __CI_WORKSPACE__/LiteDB.Tests/TestResults/retained-fixtures
2026-09-30T11:27:37.3453236Z   DOTNET_ROOT: /usr/share/dotnet
2026-09-30T11:27:37.3453530Z ##[endgroup]
2026-09-30T11:27:37.4126573Z ##[end-action id=__self.__run;outcome=success;conclusion=success;duration_ms=73]
2026-09-30T11:27:37.4129575Z ##[start-action display=Upload fixture manifests and copies;id=__self.__actions_upload-artifact]
2026-09-30T11:27:37.4172539Z ##[group]Run actions/upload-artifact@v4
2026-09-30T11:27:37.4172861Z with:
2026-09-30T11:27:37.4173154Z   name: retained-fixtures-test-linux-arm64-0
2026-09-30T11:27:37.4173643Z   path: __CI_WORKSPACE__/LiteDB.Tests/TestResults/retained-fixtures/
2026-09-30T11:27:37.4174134Z   if-no-files-found: ignore
2026-09-30T11:27:37.4174563Z   retention-days: 14
2026-09-30T11:27:37.4174860Z   compression-level: 6
2026-09-30T11:27:37.4175142Z   overwrite: false
2026-09-30T11:27:37.4175412Z   include-hidden-files: false
2026-09-30T11:27:37.4175743Z env:
2026-09-30T11:27:37.4176388Z   LITEDB_RETAINED_FIXTURES: __CI_WORKSPACE__/LiteDB.Tests/TestResults/retained-fixtures
2026-09-30T11:27:37.4177030Z   DOTNET_ROOT: /usr/share/dotnet
2026-09-30T11:27:37.4177321Z ##[endgroup]
2026-09-30T11:27:37.5570623Z (node:19659) [DEP0040] DeprecationWarning: The `punycode` module is deprecated. Please use a userland alternative instead.
2026-09-30T11:27:37.5571411Z (Use `node --trace-deprecation ...` to show where the warning was created)
2026-09-30T11:27:37.5584102Z No files were found with the provided path: __CI_WORKSPACE__/LiteDB.Tests/TestResults/retained-fixtures/. No artifacts will be uploaded.
2026-09-30T11:27:37.5685358Z ##[end-action id=__self.__actions_upload-artifact;outcome=success;conclusion=success;duration_ms=155]
2026-09-30T11:27:37.5807596Z Post job cleanup.
2026-09-30T11:27:37.6727001Z [command]/usr/bin/git version
2026-09-30T11:27:37.6750889Z git version 2.55.0
2026-09-30T11:27:37.6786019Z Temporarily overriding HOME='__CI_HOME__/work/_temp/4a03e29f-ae76-4765-a04b-9682908a30c1' before making global git config changes
2026-09-30T11:27:37.6787011Z Adding repository directory to the temporary git global config as a safe directory
2026-09-30T11:27:37.6791121Z [command]/usr/bin/git config --global --add safe.directory __CI_WORKSPACE__
2026-09-30T11:27:37.6827335Z [command]/usr/bin/git config --local --name-only --get-regexp core\.sshCommand
2026-09-30T11:27:37.6857410Z [command]/usr/bin/git submodule foreach --recursive sh -c "git config --local --name-only --get-regexp 'core\.sshCommand' && git config --local --unset-all 'core.sshCommand' || :"
2026-09-30T11:27:37.7055545Z [command]/usr/bin/git config --local --name-only --get-regexp http\.https\:\/\/github\.com\/\.extraheader
2026-09-30T11:27:37.7070135Z http.https://github.com/.extraheader
2026-09-30T11:27:37.7080347Z [command]/usr/bin/git config --local --unset-all http.https://github.com/.extraheader
2026-09-30T11:27:37.7112546Z [command]/usr/bin/git submodule foreach --recursive sh -c "git config --local --name-only --get-regexp 'http\.https\:\/\/github\.com\/\.extraheader' && git config --local --unset-all 'http.https://github.com/.extraheader' || :"
2026-09-30T11:27:37.7313424Z [command]/usr/bin/git config --local --name-only --get-regexp ^includeIf\.gitdir:
2026-09-30T11:27:37.7337122Z [command]/usr/bin/git submodule foreach --recursive git config --local --show-origin --name-only --get-regexp remote.origin.url
2026-09-30T11:27:37.7637993Z Cleaning up orphan processes
2026-09-30T11:27:37.7935129Z ##[warning]Node.js 20 is deprecated. The following actions target Node.js 20 but are being forced to run on Node.js 24: actions/checkout@v4, actions/download-artifact@v4, actions/setup-dotnet@v4, actions/upload-artifact@v4. For more information see: https://github.blog/changelog/2025-09-19-deprecation-of-node-20-on-github-actions-runners/
