ERROR: test-linux {"item": {"display": ".NET 8", "framework": "net8.0", "includePrerelease": false, "msbuildProps": "", "runtimeMajor": 8, "sdk": "8.0.x"}}: partition engine-shared did not pass cleanly (Failed, {'failed': 1})
ERROR: test-linux {"item": {"display": ".NET 9", "framework": "net8.0", "includePrerelease": true, "msbuildProps": "", "runtimeMajor": 9, "sdk": "9.0.x\n8.0.x"}}: partition engine-shared did not pass cleanly (Failed, {'failed': 1})
ERROR: test-linux {"item": {"display": ".NET 10", "framework": "net10.0", "includePrerelease": false, "msbuildProps": "", "runtimeMajor": 10, "sdk": "10.0.x"}}: partition engine-shared did not pass cleanly (Failed, {'failed': 1})
ERROR: test-linux-arm64 {"item": {"display": ".NET 8", "framework": "net8.0", "includePrerelease": false, "msbuildProps": "", "runtimeMajor": 8, "sdk": "8.0.x"}}: partition engine-shared did not pass cleanly (Failed, {'failed': 1})
ERROR: test-linux-arm64 {"item": {"display": ".NET 9", "framework": "net8.0", "includePrerelease": true, "msbuildProps": "", "runtimeMajor": 9, "sdk": "9.0.x\n8.0.x"}}: partition engine-shared did not pass cleanly (Failed, {'failed': 1})
ERROR: test-linux-arm64 {"item": {"display": ".NET 10", "framework": "net10.0", "includePrerelease": false, "msbuildProps": "", "runtimeMajor": 10, "sdk": "10.0.x"}}: partition engine-shared did not pass cleanly (Failed, {'failed': 2})
ERROR: test-macos {"item": {"display": ".NET 8", "framework": "net8.0", "includePrerelease": false, "msbuildProps": "", "runtimeMajor": 8, "sdk": "8.0.x"}}: partition engine-shared did not pass cleanly (Failed, {'failed': 1})
ERROR: test-macos {"item": {"display": ".NET 9", "framework": "net8.0", "includePrerelease": true, "msbuildProps": "", "runtimeMajor": 9, "sdk": "9.0.x\n8.0.x"}}: partition engine-shared did not pass cleanly (Failed, {'failed': 1})
ERROR: test-macos {"item": {"display": ".NET 10", "framework": "net10.0", "includePrerelease": false, "msbuildProps": "", "runtimeMajor": 10, "sdk": "10.0.x"}}: partition engine-shared did not pass cleanly (Failed, {'failed': 1})
ERROR: test-native-glibc231 {"os": "ubuntu-latest"}: partition remaining did not pass cleanly (Failed, {'failed': 1})
ERROR: test-native-glibc231 {"os": "ubuntu-24.04-arm"}: partition remaining did not pass cleanly (Failed, {'failed': 1})
ERROR: test-native-macos-intel {"framework": "net8.0", "runtimeMajor": 8}: partition remaining did not pass cleanly (Failed, {'failed': 1})
ERROR: test-native-macos-intel {"framework": "net10.0", "runtimeMajor": 10}: partition remaining did not pass cleanly (Failed, {'failed': 1})
ERROR: test-native-windows-arm64 {"framework": "net8.0", "runtimeMajor": 8}: partition remaining did not pass cleanly (Failed, {'failed': 1})
ERROR: test-native-windows-arm64 {"framework": "net10.0", "runtimeMajor": 10}: partition remaining did not pass cleanly (Failed, {'failed': 1})
ERROR: test-windows {"arch": "x64", "item": {"display": ".NET 8", "framework": "net8.0", "includePrerelease": false, "msbuildProps": "", "runtimeMajor": 8, "sdk": "8.0.x"}, "os": "windows-latest"}: partition engine-shared did not pass cleanly (Failed, {'failed': 1})
ERROR: test-windows {"arch": "x64", "item": {"display": ".NET 9", "framework": "net8.0", "includePrerelease": true, "msbuildProps": "", "runtimeMajor": 9, "sdk": "9.0.x\n8.0.x"}, "os": "windows-latest"}: partition engine-shared did not pass cleanly (Failed, {'failed': 1})
ERROR: test-windows {"arch": "x86", "item": {"display": ".NET 9", "framework": "net8.0", "includePrerelease": true, "msbuildProps": "", "runtimeMajor": 9, "sdk": "9.0.x\n8.0.x"}, "os": "windows-2022"}: partition engine-shared did not pass cleanly (Failed, {'failed': 1})
ERROR: test-windows {"arch": "x86", "item": {"display": ".NET 10", "framework": "net10.0", "includePrerelease": false, "msbuildProps": "", "runtimeMajor": 10, "sdk": "10.0.x"}, "os": "windows-2022"}: partition engine-shared did not pass cleanly (Failed, {'failed': 1})
ERROR: test-windows {"arch": "x64", "item": {"display": ".NET 10", "framework": "net10.0", "includePrerelease": false, "msbuildProps": "", "runtimeMajor": 10, "sdk": "10.0.x"}, "os": "windows-latest"}: partition engine-shared did not pass cleanly (Failed, {'failed': 1})
ERROR: test-windows {"arch": "x86", "item": {"display": ".NET 8", "framework": "net8.0", "includePrerelease": false, "msbuildProps": "", "runtimeMajor": 8, "sdk": "8.0.x"}, "os": "windows-latest"}: partition engine-shared did not pass cleanly (Failed, {'failed': 1})
ERROR: test-windows {"arch": "x86", "item": {"display": ".NET 9", "framework": "net8.0", "includePrerelease": true, "msbuildProps": "", "runtimeMajor": 9, "sdk": "9.0.x\n8.0.x"}, "os": "windows-latest"}: partition engine-shared did not pass cleanly (Failed, {'failed': 1})
ERROR: test-windows {"arch": "x86", "item": {"display": ".NET 10", "framework": "net10.0", "includePrerelease": false, "msbuildProps": "", "runtimeMajor": 10, "sdk": "10.0.x"}, "os": "windows-latest"}: partition engine-shared did not pass cleanly (Failed, {'failed': 1})
ERROR: test-windows {"arch": "x64", "item": {"display": ".NET 8", "framework": "net8.0", "includePrerelease": false, "msbuildProps": "", "runtimeMajor": 8, "sdk": "8.0.x"}, "os": "windows-2022"}: partition engine-shared did not pass cleanly (Failed, {'failed': 1})
ERROR: test-windows {"arch": "x64", "item": {"display": ".NET 9", "framework": "net8.0", "includePrerelease": true, "msbuildProps": "", "runtimeMajor": 9, "sdk": "9.0.x\n8.0.x"}, "os": "windows-2022"}: partition engine-shared did not pass cleanly (Failed, {'failed': 1})
ERROR: test-windows {"arch": "x64", "item": {"display": ".NET 10", "framework": "net10.0", "includePrerelease": false, "msbuildProps": "", "runtimeMajor": 10, "sdk": "10.0.x"}, "os": "windows-2022"}: partition engine-shared did not pass cleanly (Failed, {'failed': 1})
ERROR: test-windows {"arch": "x86", "item": {"display": ".NET 8", "framework": "net8.0", "includePrerelease": false, "msbuildProps": "", "runtimeMajor": 8, "sdk": "8.0.x"}, "os": "windows-2022"}: partition engine-shared did not pass cleanly (Failed, {'failed': 1})
ERROR: test-windows-framework {"framework": "net462"}: partition all did not pass cleanly (Completed, {'failed': 1})
ERROR: test-windows-framework {"framework": "net481"}: partition all did not pass cleanly (Completed, {'failed': 1})
Independently checked 29 downloaded legs; 29 errors; 2528 result methods
test-linux {"item": {"display": ".NET 8", "framework": "net8.0", "includePrerelease": false, "msbuildProps": "", "runtimeMajor": 8, "sdk": "8.0.x"}}: partition engine-shared did not pass cleanly (Failed, {'failed': 1})
test-linux {"item": {"display": ".NET 9", "framework": "net8.0", "includePrerelease": true, "msbuildProps": "", "runtimeMajor": 9, "sdk": "9.0.x\n8.0.x"}}: partition engine-shared did not pass cleanly (Failed, {'failed': 1})
test-linux {"item": {"display": ".NET 10", "framework": "net10.0", "includePrerelease": false, "msbuildProps": "", "runtimeMajor": 10, "sdk": "10.0.x"}}: partition engine-shared did not pass cleanly (Failed, {'failed': 1})
test-linux-arm64 {"item": {"display": ".NET 8", "framework": "net8.0", "includePrerelease": false, "msbuildProps": "", "runtimeMajor": 8, "sdk": "8.0.x"}}: partition engine-shared did not pass cleanly (Failed, {'failed': 1})
test-linux-arm64 {"item": {"display": ".NET 9", "framework": "net8.0", "includePrerelease": true, "msbuildProps": "", "runtimeMajor": 9, "sdk": "9.0.x\n8.0.x"}}: partition engine-shared did not pass cleanly (Failed, {'failed': 1})
test-linux-arm64 {"item": {"display": ".NET 10", "framework": "net10.0", "includePrerelease": false, "msbuildProps": "", "runtimeMajor": 10, "sdk": "10.0.x"}}: partition engine-shared did not pass cleanly (Failed, {'failed': 2})
test-macos {"item": {"display": ".NET 8", "framework": "net8.0", "includePrerelease": false, "msbuildProps": "", "runtimeMajor": 8, "sdk": "8.0.x"}}: partition engine-shared did not pass cleanly (Failed, {'failed': 1})
test-macos {"item": {"display": ".NET 9", "framework": "net8.0", "includePrerelease": true, "msbuildProps": "", "runtimeMajor": 9, "sdk": "9.0.x\n8.0.x"}}: partition engine-shared did not pass cleanly (Failed, {'failed': 1})
test-macos {"item": {"display": ".NET 10", "framework": "net10.0", "includePrerelease": false, "msbuildProps": "", "runtimeMajor": 10, "sdk": "10.0.x"}}: partition engine-shared did not pass cleanly (Failed, {'failed': 1})
test-native-glibc231 {"os": "ubuntu-latest"}: partition remaining did not pass cleanly (Failed, {'failed': 1})
test-native-glibc231 {"os": "ubuntu-24.04-arm"}: partition remaining did not pass cleanly (Failed, {'failed': 1})
test-native-macos-intel {"framework": "net8.0", "runtimeMajor": 8}: partition remaining did not pass cleanly (Failed, {'failed': 1})
test-native-macos-intel {"framework": "net10.0", "runtimeMajor": 10}: partition remaining did not pass cleanly (Failed, {'failed': 1})
test-native-windows-arm64 {"framework": "net8.0", "runtimeMajor": 8}: partition remaining did not pass cleanly (Failed, {'failed': 1})
test-native-windows-arm64 {"framework": "net10.0", "runtimeMajor": 10}: partition remaining did not pass cleanly (Failed, {'failed': 1})
test-windows {"arch": "x64", "item": {"display": ".NET 8", "framework": "net8.0", "includePrerelease": false, "msbuildProps": "", "runtimeMajor": 8, "sdk": "8.0.x"}, "os": "windows-latest"}: partition engine-shared did not pass cleanly (Failed, {'failed': 1})
test-windows {"arch": "x64", "item": {"display": ".NET 9", "framework": "net8.0", "includePrerelease": true, "msbuildProps": "", "runtimeMajor": 9, "sdk": "9.0.x\n8.0.x"}, "os": "windows-latest"}: partition engine-shared did not pass cleanly (Failed, {'failed': 1})
test-windows {"arch": "x86", "item": {"display": ".NET 9", "framework": "net8.0", "includePrerelease": true, "msbuildProps": "", "runtimeMajor": 9, "sdk": "9.0.x\n8.0.x"}, "os": "windows-2022"}: partition engine-shared did not pass cleanly (Failed, {'failed': 1})
test-windows {"arch": "x86", "item": {"display": ".NET 10", "framework": "net10.0", "includePrerelease": false, "msbuildProps": "", "runtimeMajor": 10, "sdk": "10.0.x"}, "os": "windows-2022"}: partition engine-shared did not pass cleanly (Failed, {'failed': 1})
test-windows {"arch": "x64", "item": {"display": ".NET 10", "framework": "net10.0", "includePrerelease": false, "msbuildProps": "", "runtimeMajor": 10, "sdk": "10.0.x"}, "os": "windows-latest"}: partition engine-shared did not pass cleanly (Failed, {'failed': 1})
test-windows {"arch": "x86", "item": {"display": ".NET 8", "framework": "net8.0", "includePrerelease": false, "msbuildProps": "", "runtimeMajor": 8, "sdk": "8.0.x"}, "os": "windows-latest"}: partition engine-shared did not pass cleanly (Failed, {'failed': 1})
test-windows {"arch": "x86", "item": {"display": ".NET 9", "framework": "net8.0", "includePrerelease": true, "msbuildProps": "", "runtimeMajor": 9, "sdk": "9.0.x\n8.0.x"}, "os": "windows-latest"}: partition engine-shared did not pass cleanly (Failed, {'failed': 1})
test-windows {"arch": "x86", "item": {"display": ".NET 10", "framework": "net10.0", "includePrerelease": false, "msbuildProps": "", "runtimeMajor": 10, "sdk": "10.0.x"}, "os": "windows-latest"}: partition engine-shared did not pass cleanly (Failed, {'failed': 1})
test-windows {"arch": "x64", "item": {"display": ".NET 8", "framework": "net8.0", "includePrerelease": false, "msbuildProps": "", "runtimeMajor": 8, "sdk": "8.0.x"}, "os": "windows-2022"}: partition engine-shared did not pass cleanly (Failed, {'failed': 1})
test-windows {"arch": "x64", "item": {"display": ".NET 9", "framework": "net8.0", "includePrerelease": true, "msbuildProps": "", "runtimeMajor": 9, "sdk": "9.0.x\n8.0.x"}, "os": "windows-2022"}: partition engine-shared did not pass cleanly (Failed, {'failed': 1})
test-windows {"arch": "x64", "item": {"display": ".NET 10", "framework": "net10.0", "includePrerelease": false, "msbuildProps": "", "runtimeMajor": 10, "sdk": "10.0.x"}, "os": "windows-2022"}: partition engine-shared did not pass cleanly (Failed, {'failed': 1})
test-windows {"arch": "x86", "item": {"display": ".NET 8", "framework": "net8.0", "includePrerelease": false, "msbuildProps": "", "runtimeMajor": 8, "sdk": "8.0.x"}, "os": "windows-2022"}: partition engine-shared did not pass cleanly (Failed, {'failed': 1})
test-windows-framework {"framework": "net462"}: partition all did not pass cleanly (Completed, {'failed': 1})
test-windows-framework {"framework": "net481"}: partition all did not pass cleanly (Completed, {'failed': 1})
