2026-09-30T11:06:34.2431783Z Current runner version: '2.337.0'
2026-09-30T11:06:34.2464075Z ##[group]Runner Image Provisioner
2026-09-30T11:06:34.2465058Z Hosted Compute Agent
2026-09-30T11:06:34.2465636Z Version: 20260901.588
2026-09-30T11:06:34.2466269Z Commit: f88ec8081b781fac6c440065ac7ff9e710ce3d0b
2026-09-30T11:06:34.2467067Z Build Date: 2026-09-01T19:56:44Z
2026-09-30T11:06:34.2467768Z Worker ID: {a65a083f-7c10-4114-8b2a-17f6c1983e20}
2026-09-30T11:06:34.2468734Z Azure Region: northcentralus
2026-09-30T11:06:34.2469392Z ##[endgroup]
2026-09-30T11:06:34.2471380Z ##[group]Operating System
2026-09-30T11:06:34.2472053Z Microsoft Windows 11
2026-09-30T11:06:34.2472641Z 10.0.26200
2026-09-30T11:06:34.2473174Z Enterprise
2026-09-30T11:06:34.2473680Z ##[endgroup]
2026-09-30T11:06:34.2474168Z ##[group]Runner Image
2026-09-30T11:06:34.2474799Z Image: windows-11-vs2026-arm64
2026-09-30T11:06:34.2475436Z Version: 20260924.168.1
2026-09-30T11:06:34.2477201Z Included Software: https://github.com/actions/runner-images/blob/win11-vs2026-arm64/20260924.168/images/windows/Windows11-VS2026-Arm64-Readme.md
2026-09-30T11:06:34.2478843Z Image Release: https://github.com/actions/runner-images/releases/tag/win11-vs2026-arm64%2F20260924.168
2026-09-30T11:06:34.2479834Z ##[endgroup]
2026-09-30T11:06:34.2482751Z ##[group]GITHUB_TOKEN Permissions
2026-09-30T11:06:34.2485814Z Actions: write
2026-09-30T11:06:34.2486390Z ArtifactMetadata: write
2026-09-30T11:06:34.2487003Z Attestations: write
2026-09-30T11:06:34.2487569Z Checks: write
2026-09-30T11:06:34.2488062Z CodeQuality: write
2026-09-30T11:06:34.2488871Z Contents: write
2026-09-30T11:06:34.2489463Z CopilotRequests: write
2026-09-30T11:06:34.2490046Z Deployments: write
2026-09-30T11:06:34.2490634Z Discussions: write
2026-09-30T11:06:34.2491147Z Drives: write
2026-09-30T11:06:34.2491691Z Issues: write
2026-09-30T11:06:34.2492203Z Metadata: read
2026-09-30T11:06:34.2492900Z Models: read
2026-09-30T11:06:34.2493422Z Packages: write
2026-09-30T11:06:34.2493937Z Pages: write
2026-09-30T11:06:34.2494535Z PullRequests: write
2026-09-30T11:06:34.2495084Z RepositoryProjects: write
2026-09-30T11:06:34.2495644Z SecurityEvents: write
2026-09-30T11:06:34.2496254Z Statuses: write
2026-09-30T11:06:34.2496810Z VulnerabilityAlerts: read
2026-09-30T11:06:34.2497428Z ##[endgroup]
2026-09-30T11:06:34.2500768Z Secret source: Actions
2026-09-30T11:06:34.2501758Z Cache mode: write
2026-09-30T11:06:34.2502606Z Prepare workflow directory
2026-09-30T11:06:34.3155183Z Prepare all required actions
2026-09-30T11:06:34.3209867Z Getting action download info
2026-09-30T11:06:34.5540758Z Download action repository 'actions/checkout@v4' (SHA:11d5960a326750d5838078e36cf38b85af677262)
2026-09-30T11:06:34.8482297Z Download action repository 'actions/setup-dotnet@v4' (SHA:67a3573c9a986a3f9c594539f4ab511d57bb3ce9)
2026-09-30T11:06:35.5193146Z Download action repository 'actions/download-artifact@v4' (SHA:d3f86a106a0bac45b974a628896c90dbdf5c8093)
2026-09-30T11:06:36.3147162Z Download action repository 'actions/upload-artifact@v4' (SHA:ea165f8d65b6e75b540449e92b4886f43607fa02)
2026-09-30T11:06:37.1538543Z Uses: JKamsker/LiteDB/.github/workflows/_reusable-ci.yml@refs/pull/133/merge (3f614aa69b15771ed1a63b8b8796172fae8b6648)
2026-09-30T11:06:37.1542976Z ##[group] Inputs
2026-09-30T11:06:37.1543281Z   tier: full
2026-09-30T11:06:37.1544605Z   sdk-matrix: [
  { "display": ".NET 8", "runtimeMajor": 8,  "sdk": "8.0.x",           "framework": "net8.0", "includePrerelease": false, "msbuildProps": "" },
  { "display": ".NET 9", "runtimeMajor": 9,  "sdk": "9.0.x\n8.0.x",    "framework": "net8.0", "includePrerelease": true,  "msbuildProps": "" },
  { "display": ".NET 10", "runtimeMajor": 10, "sdk": "10.0.x",          "framework": "net10.0", "includePrerelease": false, "msbuildProps": "" }
]

2026-09-30T11:06:37.1546075Z ##[endgroup]
2026-09-30T11:06:37.1546428Z Complete job name: build-and-test / Native admission (Windows ARM64 - net8.0)
2026-09-30T11:06:37.3037729Z ##[group]Run actions/checkout@v4
2026-09-30T11:06:37.3041215Z with:
2026-09-30T11:06:37.3041626Z   repository: JKamsker/LiteDB
2026-09-30T11:06:37.3044514Z   token: ***
2026-09-30T11:06:37.3044906Z   ssh-strict: true
2026-09-30T11:06:37.3045229Z   ssh-user: git
2026-09-30T11:06:37.3045581Z   persist-credentials: true
2026-09-30T11:06:37.3045952Z   clean: true
2026-09-30T11:06:37.3046366Z   sparse-checkout-cone-mode: true
2026-09-30T11:06:37.3046769Z   fetch-depth: 1
2026-09-30T11:06:37.3047124Z   fetch-tags: false
2026-09-30T11:06:37.3047448Z   show-progress: true
2026-09-30T11:06:37.3047752Z   lfs: false
2026-09-30T11:06:37.3048084Z   submodules: false
2026-09-30T11:06:37.3048440Z   set-safe-directory: true
2026-09-30T11:06:37.3048812Z   allow-unsafe-pr-checkout: false
2026-09-30T11:06:37.3049991Z env:
2026-09-30T11:06:37.3050579Z   LITEDB_RETAINED_FIXTURES: __CI_WORKSPACE__/LiteDB.Tests/TestResults/retained-fixtures
2026-09-30T11:06:37.3051177Z ##[endgroup]
2026-09-30T11:06:37.5517223Z Syncing repository: JKamsker/LiteDB
2026-09-30T11:06:37.5519110Z ##[group]Getting Git version info
2026-09-30T11:06:37.5519554Z Working directory is '__CI_HOME__/work\LiteDB\LiteDB'
2026-09-30T11:06:37.6638122Z [command]"C:\Program Files\Git\bin\git.exe" version
2026-09-30T11:06:38.0314102Z git version 2.55.0.windows.5
2026-09-30T11:06:38.0371779Z ##[endgroup]
2026-09-30T11:06:38.0424710Z Temporarily overriding HOME='__CI_HOME__/work\_temp\0cc7b293-c882-4961-9950-83656977eb8a' before making global git config changes
2026-09-30T11:06:38.0425554Z Adding repository directory to the temporary git global config as a safe directory
2026-09-30T11:06:38.0435297Z [command]"C:\Program Files\Git\bin\git.exe" config --global --add safe.directory __CI_WORKSPACE__
2026-09-30T11:06:38.1294147Z Deleting the contents of '__CI_HOME__/work\LiteDB\LiteDB'
2026-09-30T11:06:38.1302333Z ##[group]Initializing the repository
2026-09-30T11:06:38.1312591Z [command]"C:\Program Files\Git\bin\git.exe" init __CI_WORKSPACE__
2026-09-30T11:06:38.2635982Z Initialized empty Git repository in __CI_WORKSPACE__/.git/
2026-09-30T11:06:38.2699190Z [command]"C:\Program Files\Git\bin\git.exe" remote add origin https://github.com/JKamsker/LiteDB
2026-09-30T11:06:38.3366223Z ##[endgroup]
2026-09-30T11:06:38.3367049Z ##[group]Disabling automatic garbage collection
2026-09-30T11:06:38.3375242Z [command]"C:\Program Files\Git\bin\git.exe" config --local gc.auto 0
2026-09-30T11:06:38.3918604Z ##[endgroup]
2026-09-30T11:06:38.3919403Z ##[group]Setting up auth
2026-09-30T11:06:38.3932399Z [command]"C:\Program Files\Git\bin\git.exe" config --local --name-only --get-regexp core\.sshCommand
2026-09-30T11:06:38.4469530Z [command]"C:\Program Files\Git\bin\git.exe" submodule foreach --recursive "sh -c \"git config --local --name-only --get-regexp 'core\.sshCommand' && git config --local --unset-all 'core.sshCommand' || :\""
2026-09-30T11:06:40.7142207Z [command]"C:\Program Files\Git\bin\git.exe" config --local --name-only --get-regexp http\.https\:\/\/github\.com\/\.extraheader
2026-09-30T11:06:40.7693341Z [command]"C:\Program Files\Git\bin\git.exe" submodule foreach --recursive "sh -c \"git config --local --name-only --get-regexp 'http\.https\:\/\/github\.com\/\.extraheader' && git config --local --unset-all 'http.https://github.com/.extraheader' || :\""
2026-09-30T11:06:42.0340402Z [command]"C:\Program Files\Git\bin\git.exe" config --local --name-only --get-regexp ^includeIf\.gitdir:
2026-09-30T11:06:42.0872112Z [command]"C:\Program Files\Git\bin\git.exe" submodule foreach --recursive "git config --local --show-origin --name-only --get-regexp remote.origin.url"
2026-09-30T11:06:43.3499343Z [command]"C:\Program Files\Git\bin\git.exe" config --local http.https://github.com/.extraheader "AUTHORIZATION: basic ***"
2026-09-30T11:06:43.4048207Z ##[endgroup]
2026-09-30T11:06:43.4048895Z ##[group]Fetching the repository
2026-09-30T11:06:43.4063356Z [command]"C:\Program Files\Git\bin\git.exe" -c protocol.version=2 fetch --no-tags --prune --no-recurse-submodules --depth=1 origin +3f614aa69b15771ed1a63b8b8796172fae8b6648:refs/remotes/pull/133/merge
2026-09-30T11:06:45.2778500Z From https://github.com/JKamsker/LiteDB
2026-09-30T11:06:45.2779298Z  * [new ref]         3f614aa69b15771ed1a63b8b8796172fae8b6648 -> pull/133/merge
2026-09-30T11:06:45.2833545Z ##[endgroup]
2026-09-30T11:06:45.2834320Z ##[group]Determining the checkout info
2026-09-30T11:06:45.2835379Z ##[endgroup]
2026-09-30T11:06:45.2844997Z [command]"C:\Program Files\Git\bin\git.exe" sparse-checkout disable
2026-09-30T11:06:45.3545242Z [command]"C:\Program Files\Git\bin\git.exe" config --local --unset-all extensions.worktreeConfig
2026-09-30T11:06:45.4073276Z ##[group]Checking out the ref
2026-09-30T11:06:45.4083458Z [command]"C:\Program Files\Git\bin\git.exe" checkout --progress --force refs/remotes/pull/133/merge
2026-09-30T11:06:46.4930623Z Updating files:  40% (789/1929)
2026-09-30T11:06:46.5097497Z Updating files:  41% (791/1929)
2026-09-30T11:06:46.5244097Z Updating files:  42% (811/1929)
2026-09-30T11:06:46.5334501Z Updating files:  43% (830/1929)
2026-09-30T11:06:46.5464690Z Updating files:  44% (849/1929)
2026-09-30T11:06:46.5633317Z Updating files:  45% (869/1929)
2026-09-30T11:06:46.5726356Z Updating files:  46% (888/1929)
2026-09-30T11:06:46.5817343Z Updating files:  47% (907/1929)
2026-09-30T11:06:46.5989896Z Updating files:  48% (926/1929)
2026-09-30T11:06:46.6159466Z Updating files:  49% (946/1929)
2026-09-30T11:06:46.6324112Z Updating files:  50% (965/1929)
2026-09-30T11:06:46.6532571Z Updating files:  51% (984/1929)
2026-09-30T11:06:46.7141954Z Updating files:  52% (1004/1929)
2026-09-30T11:06:46.7290542Z Updating files:  53% (1023/1929)
2026-09-30T11:06:46.7675014Z Updating files:  54% (1042/1929)
2026-09-30T11:06:46.8893938Z Updating files:  55% (1061/1929)
2026-09-30T11:06:46.9055680Z Updating files:  56% (1081/1929)
2026-09-30T11:06:46.9255531Z Updating files:  57% (1100/1929)
2026-09-30T11:06:46.9602270Z Updating files:  58% (1119/1929)
2026-09-30T11:06:46.9831484Z Updating files:  59% (1139/1929)
2026-09-30T11:06:47.0035702Z Updating files:  60% (1158/1929)
2026-09-30T11:06:47.0931615Z Updating files:  61% (1177/1929)
2026-09-30T11:06:47.1590380Z Updating files:  62% (1196/1929)
2026-09-30T11:06:47.2173546Z Updating files:  63% (1216/1929)
2026-09-30T11:06:47.2391176Z Updating files:  64% (1235/1929)
2026-09-30T11:06:47.2774367Z Updating files:  65% (1254/1929)
2026-09-30T11:06:47.3076086Z Updating files:  66% (1274/1929)
2026-09-30T11:06:47.3236702Z Updating files:  67% (1293/1929)
2026-09-30T11:06:47.3428147Z Updating files:  68% (1312/1929)
2026-09-30T11:06:47.3609863Z Updating files:  69% (1332/1929)
2026-09-30T11:06:47.4080349Z Updating files:  70% (1351/1929)
2026-09-30T11:06:47.4391661Z Updating files:  71% (1370/1929)
2026-09-30T11:06:47.4526360Z Updating files:  72% (1389/1929)
2026-09-30T11:06:47.4707898Z Updating files:  73% (1409/1929)
2026-09-30T11:06:47.4878749Z Updating files:  74% (1428/1929)
2026-09-30T11:06:47.5039233Z Updating files:  75% (1447/1929)
2026-09-30T11:06:47.5047780Z Updating files:  75% (1465/1929)
2026-09-30T11:06:47.5248298Z Updating files:  76% (1467/1929)
2026-09-30T11:06:47.5409970Z Updating files:  77% (1486/1929)
2026-09-30T11:06:47.5529794Z Updating files:  78% (1505/1929)
2026-09-30T11:06:47.5720711Z Updating files:  79% (1524/1929)
2026-09-30T11:06:47.5905476Z Updating files:  80% (1544/1929)
2026-09-30T11:06:48.5108535Z Updating files:  81% (1563/1929)
2026-09-30T11:06:48.5512942Z Updating files:  82% (1582/1929)
2026-09-30T11:06:48.5591284Z Updating files:  82% (1592/1929)
2026-09-30T11:06:48.7734628Z Updating files:  83% (1602/1929)
2026-09-30T11:06:49.0575566Z Updating files:  84% (1621/1929)
2026-09-30T11:06:49.2539770Z Updating files:  85% (1640/1929)
2026-09-30T11:06:49.2782092Z Updating files:  86% (1659/1929)
2026-09-30T11:06:49.4390340Z Updating files:  87% (1679/1929)
2026-09-30T11:06:49.5505451Z Updating files:  88% (1698/1929)
2026-09-30T11:06:49.7092439Z Updating files:  88% (1711/1929)
2026-09-30T11:06:49.7797477Z Updating files:  89% (1717/1929)
2026-09-30T11:06:50.0136302Z Updating files:  90% (1737/1929)
2026-09-30T11:06:50.2185347Z Updating files:  91% (1756/1929)
2026-09-30T11:06:50.5279523Z Updating files:  92% (1775/1929)
2026-09-30T11:06:50.6308458Z Updating files:  93% (1794/1929)
2026-09-30T11:06:50.7228121Z Updating files:  93% (1800/1929)
2026-09-30T11:06:50.9160195Z Updating files:  94% (1814/1929)
2026-09-30T11:06:50.9824941Z Updating files:  95% (1833/1929)
2026-09-30T11:06:51.2943114Z Updating files:  96% (1852/1929)
2026-09-30T11:06:51.3179290Z Updating files:  97% (1872/1929)
2026-09-30T11:06:51.4410638Z Updating files:  98% (1891/1929)
2026-09-30T11:06:51.5620926Z Updating files:  99% (1910/1929)
2026-09-30T11:06:51.5660674Z Updating files:  99% (1927/1929)
2026-09-30T11:06:51.5661741Z Updating files: 100% (1929/1929)
2026-09-30T11:06:51.5662119Z Updating files: 100% (1929/1929), done.
2026-09-30T11:06:51.5799581Z Note: switching to 'refs/remotes/pull/133/merge'.
2026-09-30T11:06:51.5800442Z 
2026-09-30T11:06:51.5800737Z You are in 'detached HEAD' state. You can look around, make experimental
2026-09-30T11:06:51.5801375Z changes and commit them, and you can discard any commits you make in this
2026-09-30T11:06:51.5801892Z state without impacting any branches by switching back to a branch.
2026-09-30T11:06:51.5802239Z 
2026-09-30T11:06:51.5802424Z If you want to create a new branch to retain commits you create, you may
2026-09-30T11:06:51.5802876Z do so (now or later) by using -c with the switch command. Example:
2026-09-30T11:06:51.5803159Z 
2026-09-30T11:06:51.5803285Z   git switch -c <new-branch-name>
2026-09-30T11:06:51.5803452Z 
2026-09-30T11:06:51.5803564Z Or undo this operation with:
2026-09-30T11:06:51.5803717Z 
2026-09-30T11:06:51.5803820Z   git switch -
2026-09-30T11:06:51.5803943Z 
2026-09-30T11:06:51.5804174Z Turn off this advice by setting config variable advice.detachedHead to false
2026-09-30T11:06:51.5804484Z 
2026-09-30T11:06:51.5804875Z HEAD is now at 3f614aa Merge e821ae7479dcb83570031180b0c0e3f4fd167793 into 5dd942a7367c361fadd600be4ce10aace2768b27
2026-09-30T11:06:51.5947343Z ##[endgroup]
2026-09-30T11:06:51.7023544Z [command]"C:\Program Files\Git\bin\git.exe" log -1 --format=%H
2026-09-30T11:06:51.7501506Z 3f614aa69b15771ed1a63b8b8796172fae8b6648
2026-09-30T11:06:51.8336579Z ##[group]Run actions/setup-dotnet@v4
2026-09-30T11:06:51.8337068Z with:
2026-09-30T11:06:51.8337349Z   dotnet-version: 10.0.x
8.0.x

2026-09-30T11:06:51.8337650Z   cache: false
2026-09-30T11:06:51.8337887Z env:
2026-09-30T11:06:51.8338259Z   LITEDB_RETAINED_FIXTURES: __CI_WORKSPACE__/LiteDB.Tests/TestResults/retained-fixtures
2026-09-30T11:06:51.8338716Z ##[endgroup]
2026-09-30T11:06:52.0892474Z (node:1484) [DEP0040] DeprecationWarning: The `punycode` module is deprecated. Please use a userland alternative instead.
2026-09-30T11:06:52.0894024Z (Use `node --trace-deprecation ...` to show where the warning was created)
2026-09-30T11:06:52.2166359Z [command]"C:\Program Files\PowerShell\7\pwsh.exe" -NoLogo -Sta -NoProfile -NonInteractive -ExecutionPolicy Unrestricted -Command & '__CI_HOME__/work\_actions\actions\setup-dotnet\v4\externals\install-dotnet.ps1' -SkipNonVersionedFiles -Runtime dotnet -Channel LTS
2026-09-30T11:06:54.6352286Z dotnet-install: .NET Core Runtime with version '10.0.12' is already installed.
2026-09-30T11:06:54.8151706Z [command]"C:\Program Files\PowerShell\7\pwsh.exe" -NoLogo -Sta -NoProfile -NonInteractive -ExecutionPolicy Unrestricted -Command & '__CI_HOME__/work\_actions\actions\setup-dotnet\v4\externals\install-dotnet.ps1' -SkipNonVersionedFiles -Channel 10.0
2026-09-30T11:06:55.6854886Z dotnet-install: .NET Core SDK with version '10.0.401' is already installed.
2026-09-30T11:06:55.8631422Z [command]"C:\Program Files\PowerShell\7\pwsh.exe" -NoLogo -Sta -NoProfile -NonInteractive -ExecutionPolicy Unrestricted -Command & '__CI_HOME__/work\_actions\actions\setup-dotnet\v4\externals\install-dotnet.ps1' -SkipNonVersionedFiles -Runtime dotnet -Channel LTS
2026-09-30T11:06:56.5846185Z dotnet-install: .NET Core Runtime with version '10.0.12' is already installed.
2026-09-30T11:06:56.7542391Z [command]"C:\Program Files\PowerShell\7\pwsh.exe" -NoLogo -Sta -NoProfile -NonInteractive -ExecutionPolicy Unrestricted -Command & '__CI_HOME__/work\_actions\actions\setup-dotnet\v4\externals\install-dotnet.ps1' -SkipNonVersionedFiles -Channel 8.0
2026-09-30T11:06:57.6291470Z dotnet-install: .NET Core SDK with version '8.0.425' is already installed.
2026-09-30T11:06:57.7507336Z ##[group]Run actions/download-artifact@v4
2026-09-30T11:06:57.7508006Z with:
2026-09-30T11:06:57.7508251Z   name: tests-build-windows
2026-09-30T11:06:57.7508591Z   merge-multiple: false
2026-09-30T11:06:57.7508878Z   repository: JKamsker/LiteDB
2026-09-30T11:06:57.7509142Z   run-id: 36705044676
2026-09-30T11:06:57.7509397Z env:
2026-09-30T11:06:57.7509763Z   LITEDB_RETAINED_FIXTURES: __CI_WORKSPACE__/LiteDB.Tests/TestResults/retained-fixtures
2026-09-30T11:06:57.7510230Z   DOTNET_ROOT: C:\Program Files\dotnet
2026-09-30T11:06:57.7510528Z ##[endgroup]
2026-09-30T11:06:58.0113884Z Downloading single artifact
2026-09-30T11:06:58.0339757Z (node:8172) [DEP0040] DeprecationWarning: The `punycode` module is deprecated. Please use a userland alternative instead.
2026-09-30T11:06:58.0340505Z (Use `node --trace-deprecation ...` to show where the warning was created)
2026-09-30T11:06:58.1828812Z Preparing to download the following artifacts:
2026-09-30T11:06:58.1829788Z - tests-build-windows (ID: 11091504763, Size: 42284746, Expected Digest: sha256:8ef3f3e072c1502b9af75fe9e14c86ce024023ff410c2275bbde411c19c818ee)
2026-09-30T11:06:58.3560483Z Redirecting to blob download url: https://productionresultssa18.blob.core.windows.net/actions-results/b2c9bfe9-81f6-86f6-816b-fddb3bc6c705/workflow-job-run-dd093d5b-0da5-57f9-b54e-bf203321924a/artifacts/a423237836c40f3642fb865e060786e1e859ed0c40243637743f88aa5e75f120.zip
2026-09-30T11:06:58.3561842Z Starting download of artifact to: __CI_WORKSPACE__
2026-09-30T11:06:58.5031959Z (node:8172) [DEP0005] DeprecationWarning: Buffer() is deprecated due to security and usability issues. Please use the Buffer.alloc(), Buffer.allocUnsafe(), or Buffer.from() methods instead.
2026-09-30T11:07:00.7074177Z SHA256 digest of downloaded artifact is 8ef3f3e072c1502b9af75fe9e14c86ce024023ff410c2275bbde411c19c818ee
2026-09-30T11:07:00.7074895Z Artifact download completed successfully.
2026-09-30T11:07:00.7075302Z Total of 1 artifact(s) downloaded
2026-09-30T11:07:00.7089421Z Download artifact has finished successfully
2026-09-30T11:07:01.4192113Z ##[group]Run ./scripts/run-ci-tests.ps1 -RuntimeMajor 8 -Framework "net8.0" -Architecture arm64 -Filter 'FullyQualifiedName~TransactionHandle|FullyQualifiedName~NativeAdmission|FullyQualifiedName~SharedAdmissionLifetime|FullyQualifiedName~SharedMode|FullyQualifiedName~DirectModeAdmission|FullyQualifiedName~Rebuild|FullyQualifiedName~SharedCoordinated' -ResultFile 'NativeAdmission-arm64.trx' -PartitionFiltered
2026-09-30T11:07:01.4195343Z [36;1m./scripts/run-ci-tests.ps1 -RuntimeMajor 8 -Framework "net8.0" -Architecture arm64 -Filter 'FullyQualifiedName~TransactionHandle|FullyQualifiedName~NativeAdmission|FullyQualifiedName~SharedAdmissionLifetime|FullyQualifiedName~SharedMode|FullyQualifiedName~DirectModeAdmission|FullyQualifiedName~Rebuild|FullyQualifiedName~SharedCoordinated' -ResultFile 'NativeAdmission-arm64.trx' -PartitionFiltered[0m
2026-09-30T11:07:01.4255811Z shell: C:\Program Files\PowerShell\7\pwsh.EXE -command ". '{0}'"
2026-09-30T11:07:01.4256249Z env:
2026-09-30T11:07:01.4256769Z   LITEDB_RETAINED_FIXTURES: __CI_WORKSPACE__/LiteDB.Tests/TestResults/retained-fixtures
2026-09-30T11:07:01.4257255Z   DOTNET_ROOT: C:\Program Files\dotnet
2026-09-30T11:07:01.4257654Z   LITEDB_EVIDENCE_MATRIX: {
  "framework": "net8.0",
  "runtimeMajor": 8
}
2026-09-30T11:07:01.4258104Z ##[endgroup]
2026-09-30T11:07:03.1223283Z dotnet-install: Downloaded file https://builds.dotnet.microsoft.com/dotnet/Runtime/8.0.31/dotnet-runtime-8.0.31-win-arm64.zip size is 33203130 bytes.
2026-09-30T11:07:03.1230145Z dotnet-install: Either downloaded or local package size can not be measured. One of them may be corrupted.
2026-09-30T11:07:03.1256145Z dotnet-install: Extracting the archive.
2026-09-30T11:07:05.0241904Z dotnet-install: Binaries of dotnet can be found in __CI_HOME__/work\_temp\litedb-runtime-8-arm64\
2026-09-30T11:07:05.0246782Z dotnet-install: Note that the script does not ensure your Windows version is supported during the installation.
2026-09-30T11:07:05.0252735Z dotnet-install: To check the list of supported versions, go to https://learn.microsoft.com/dotnet/core/install/windows#supported-versions
2026-09-30T11:07:05.0257234Z dotnet-install: Installed version is 8.0.31
2026-09-30T11:07:05.0262408Z dotnet-install: Installation finished
2026-09-30T11:07:05.0677218Z 
2026-09-30T11:07:05.0678168Z Host:
2026-09-30T11:07:05.0678539Z   Version:      8.0.31
2026-09-30T11:07:05.0678861Z   Architecture: arm64
2026-09-30T11:07:05.0679141Z   Commit:       1219a42122
2026-09-30T11:07:05.0679403Z   RID:          win-arm64
2026-09-30T11:07:05.0679627Z 
2026-09-30T11:07:05.0679747Z .NET SDKs installed:
2026-09-30T11:07:05.0680006Z   No SDKs were found.
2026-09-30T11:07:05.0680141Z 
2026-09-30T11:07:05.0680283Z .NET runtimes installed:
2026-09-30T11:07:05.0680729Z   Microsoft.NETCore.App 8.0.31 [__CI_HOME__/work\_temp\litedb-runtime-8-arm64\shared\Microsoft.NETCore.App]
2026-09-30T11:07:05.0681141Z 
2026-09-30T11:07:05.0681252Z Other architectures found:
2026-09-30T11:07:05.0681589Z   x64   [C:\Program Files\dotnet\x64]
2026-09-30T11:07:05.0682023Z     registered at [HKLM\SOFTWARE\dotnet\Setup\InstalledVersions\x64\InstallLocation]
2026-09-30T11:07:05.0682474Z   x86   [C:\Program Files (x86)\dotnet]
2026-09-30T11:07:05.0682912Z     registered at [HKLM\SOFTWARE\dotnet\Setup\InstalledVersions\x86\InstallLocation]
2026-09-30T11:07:05.0683259Z 
2026-09-30T11:07:05.0683384Z Environment variables:
2026-09-30T11:07:05.0683691Z   DOTNET_ROOT       [C:\Program Files\dotnet]
2026-09-30T11:07:05.0683914Z 
2026-09-30T11:07:05.0684011Z global.json file:
2026-09-30T11:07:05.0684898Z   Not found
2026-09-30T11:07:05.0685299Z 
2026-09-30T11:07:05.0685434Z Learn more:
2026-09-30T11:07:05.0685720Z   https://aka.ms/dotnet/info
2026-09-30T11:07:05.0686002Z 
2026-09-30T11:07:05.0686096Z Download .NET:
2026-09-30T11:07:05.0686759Z   https://aka.ms/dotnet/download
2026-09-30T11:07:16.7069200Z Running native selection partition: handles
2026-09-30T11:07:16.7196373Z 
2026-09-30T11:07:16.7196828Z Host:
2026-09-30T11:07:16.7201505Z   Version:      8.0.31
2026-09-30T11:07:16.7202115Z   Architecture: arm64
2026-09-30T11:07:16.7202390Z   Commit:       1219a42122
2026-09-30T11:07:16.7202709Z   RID:          win-arm64
2026-09-30T11:07:16.7203872Z 
2026-09-30T11:07:16.7204175Z .NET SDKs installed:
2026-09-30T11:07:16.7204459Z   No SDKs were found.
2026-09-30T11:07:16.7204657Z 
2026-09-30T11:07:16.7204792Z .NET runtimes installed:
2026-09-30T11:07:16.7205726Z   Microsoft.NETCore.App 8.0.31 [__CI_HOME__/work\_temp\litedb-runtime-8-arm64\shared\Microsoft.NETCore.App]
2026-09-30T11:07:16.7206222Z 
2026-09-30T11:07:16.7206434Z Other architectures found:
2026-09-30T11:07:16.7206753Z   x64   [C:\Program Files\dotnet\x64]
2026-09-30T11:07:16.7207226Z     registered at [HKLM\SOFTWARE\dotnet\Setup\InstalledVersions\x64\InstallLocation]
2026-09-30T11:07:16.7207734Z   x86   [C:\Program Files (x86)\dotnet]
2026-09-30T11:07:16.7208174Z     registered at [HKLM\SOFTWARE\dotnet\Setup\InstalledVersions\x86\InstallLocation]
2026-09-30T11:07:16.7208529Z 
2026-09-30T11:07:16.7208654Z Environment variables:
2026-09-30T11:07:16.7209002Z   DOTNET_ROOT       [C:\Program Files\dotnet]
2026-09-30T11:07:16.7209213Z 
2026-09-30T11:07:16.7209320Z global.json file:
2026-09-30T11:07:16.7209595Z   Not found
2026-09-30T11:07:16.7209735Z 
2026-09-30T11:07:16.7209821Z Learn more:
2026-09-30T11:07:16.7210105Z   https://aka.ms/dotnet/info
2026-09-30T11:07:16.7210277Z 
2026-09-30T11:07:16.7210388Z Download .NET:
2026-09-30T11:07:16.7210633Z   https://aka.ms/dotnet/download
2026-09-30T11:07:16.9835240Z VSTest version 18.7.0 (arm64)
2026-09-30T11:07:16.9865274Z 
2026-09-30T11:07:17.0898537Z Starting test execution, please wait...
2026-09-30T11:07:17.2235098Z A total of 1 test files matched the specified pattern.
2026-09-30T11:08:26.5104687Z Results File: __CI_WORKSPACE__\LiteDB.Tests\TestResults\NativeAdmission-arm64-handles.trx
2026-09-30T11:08:26.5108596Z 
2026-09-30T11:08:26.5152796Z Passed!  - Failed:     0, Passed:   237, Skipped:     0, Total:   237, Duration: 1 m 7 s - LiteDB.Tests.dll (net8.0)
2026-09-30T11:08:26.6275667Z Running native selection partition: admission
2026-09-30T11:08:26.6385275Z 
2026-09-30T11:08:26.6385665Z Host:
2026-09-30T11:08:26.6389114Z   Version:      8.0.31
2026-09-30T11:08:26.6389478Z   Architecture: arm64
2026-09-30T11:08:26.6389833Z   Commit:       1219a42122
2026-09-30T11:08:26.6390115Z   RID:          win-arm64
2026-09-30T11:08:26.6390288Z 
2026-09-30T11:08:26.6390423Z .NET SDKs installed:
2026-09-30T11:08:26.6390773Z   No SDKs were found.
2026-09-30T11:08:26.6390953Z 
2026-09-30T11:08:26.6391084Z .NET runtimes installed:
2026-09-30T11:08:26.6391545Z   Microsoft.NETCore.App 8.0.31 [__CI_HOME__/work\_temp\litedb-runtime-8-arm64\shared\Microsoft.NETCore.App]
2026-09-30T11:08:26.6392487Z 
2026-09-30T11:08:26.6392662Z Other architectures found:
2026-09-30T11:08:26.6393054Z   x64   [C:\Program Files\dotnet\x64]
2026-09-30T11:08:26.6393878Z     registered at [HKLM\SOFTWARE\dotnet\Setup\InstalledVersions\x64\InstallLocation]
2026-09-30T11:08:26.6394475Z   x86   [C:\Program Files (x86)\dotnet]
2026-09-30T11:08:26.6394961Z     registered at [HKLM\SOFTWARE\dotnet\Setup\InstalledVersions\x86\InstallLocation]
2026-09-30T11:08:26.6395298Z 
2026-09-30T11:08:26.6395428Z Environment variables:
2026-09-30T11:08:26.6395744Z   DOTNET_ROOT       [C:\Program Files\dotnet]
2026-09-30T11:08:26.6395970Z 
2026-09-30T11:08:26.6396060Z global.json file:
2026-09-30T11:08:26.6396351Z   Not found
2026-09-30T11:08:26.6396470Z 
2026-09-30T11:08:26.6396595Z Learn more:
2026-09-30T11:08:26.6396826Z   https://aka.ms/dotnet/info
2026-09-30T11:08:26.6397043Z 
2026-09-30T11:08:26.6397138Z Download .NET:
2026-09-30T11:08:26.6397407Z   https://aka.ms/dotnet/download
2026-09-30T11:08:26.8785730Z VSTest version 18.7.0 (arm64)
2026-09-30T11:08:26.8814157Z 
2026-09-30T11:08:26.9795271Z Starting test execution, please wait...
2026-09-30T11:08:27.0211096Z A total of 1 test files matched the specified pattern.
2026-09-30T11:10:11.0212830Z Results File: __CI_WORKSPACE__\LiteDB.Tests\TestResults\NativeAdmission-arm64-admission.trx
2026-09-30T11:10:11.0215970Z 
2026-09-30T11:10:11.0259877Z Passed!  - Failed:     0, Passed:   202, Skipped:     0, Total:   202, Duration: 1 m 42 s - LiteDB.Tests.dll (net8.0)
2026-09-30T11:10:11.0942288Z Running native selection partition: remaining
2026-09-30T11:10:11.1073698Z 
2026-09-30T11:10:11.1074253Z Host:
2026-09-30T11:10:11.1076539Z   Version:      8.0.31
2026-09-30T11:10:11.1078080Z   Architecture: arm64
2026-09-30T11:10:11.1079309Z   Commit:       1219a42122
2026-09-30T11:10:11.1079623Z   RID:          win-arm64
2026-09-30T11:10:11.1079772Z 
2026-09-30T11:10:11.1079998Z .NET SDKs installed:
2026-09-30T11:10:11.1080262Z   No SDKs were found.
2026-09-30T11:10:11.1080429Z 
2026-09-30T11:10:11.1080571Z .NET runtimes installed:
2026-09-30T11:10:11.1081039Z   Microsoft.NETCore.App 8.0.31 [__CI_HOME__/work\_temp\litedb-runtime-8-arm64\shared\Microsoft.NETCore.App]
2026-09-30T11:10:11.1081430Z 
2026-09-30T11:10:11.1081560Z Other architectures found:
2026-09-30T11:10:11.1081884Z   x64   [C:\Program Files\dotnet\x64]
2026-09-30T11:10:11.1082352Z     registered at [HKLM\SOFTWARE\dotnet\Setup\InstalledVersions\x64\InstallLocation]
2026-09-30T11:10:11.1082834Z   x86   [C:\Program Files (x86)\dotnet]
2026-09-30T11:10:11.1084408Z     registered at [HKLM\SOFTWARE\dotnet\Setup\InstalledVersions\x86\InstallLocation]
2026-09-30T11:10:11.1085142Z 
2026-09-30T11:10:11.1085456Z Environment variables:
2026-09-30T11:10:11.1086053Z   DOTNET_ROOT       [C:\Program Files\dotnet]
2026-09-30T11:10:11.1086717Z 
2026-09-30T11:10:11.1086843Z global.json file:
2026-09-30T11:10:11.1087135Z   Not found
2026-09-30T11:10:11.1087278Z 
2026-09-30T11:10:11.1087390Z Learn more:
2026-09-30T11:10:11.1087653Z   https://aka.ms/dotnet/info
2026-09-30T11:10:11.1087850Z 
2026-09-30T11:10:11.1087944Z Download .NET:
2026-09-30T11:10:11.1088185Z   https://aka.ms/dotnet/download
2026-09-30T11:10:11.3827682Z VSTest version 18.7.0 (arm64)
2026-09-30T11:10:11.3872618Z 
2026-09-30T11:10:11.4919381Z Starting test execution, please wait...
2026-09-30T11:10:11.5320249Z A total of 1 test files matched the specified pattern.
2026-09-30T11:11:14.3390918Z [xUnit.net 00:01:02.39]     LiteDB.Tests.Engine.Rebuild_Tests.Rebuild_Change_Culture_Error [SKIP]
2026-09-30T11:11:14.8510949Z   Skipped LiteDB.Tests.Engine.Rebuild_Tests.Rebuild_Change_Culture_Error [1 ms]
2026-09-30T11:11:23.3908282Z [xUnit.net 00:01:11.44]     LiteDB.Tests.Engine.SharedAdmissionLifetime_Tests.Open_retains_admission_when_a_callback_disposes_the_connection [FAIL]
2026-09-30T11:11:23.3941268Z   Failed LiteDB.Tests.Engine.SharedAdmissionLifetime_Tests.Open_retains_admission_when_a_callback_disposes_the_connection [75 ms]
2026-09-30T11:11:23.3942360Z   Error Message:
2026-09-30T11:11:23.3944058Z    Expected a <System.IO.IOException> to be thrown, but found <System.InvalidOperationException>:
2026-09-30T11:11:23.3945066Z System.InvalidOperationException: Cannot close a shared connection from inside its executing operation.
2026-09-30T11:11:23.3946021Z    at LiteDB.SharedEngine.Dispose(Boolean disposing) in __CI_WORKSPACE__\LiteDB\Client\Shared\SharedEngine.Disposal.cs:line 20
2026-09-30T11:11:23.3947325Z    at LiteDB.SharedEngine.Dispose() in __CI_WORKSPACE__\LiteDB\Client\Shared\SharedEngine.cs:line 440
2026-09-30T11:11:23.3948518Z    at LiteDB.Tests.Engine.SharedAdmissionLifetime_Tests.<>c__DisplayClass1_0.<Open_retains_admission_when_a_callback_disposes_the_connection>b__1() in __CI_WORKSPACE__\LiteDB.Tests\Engine\SharedAdmissionLifetime_Tests.cs:line 78
2026-09-30T11:11:23.3950086Z    at LiteDB.SharedEngine.CreateEngine(Boolean recoveredAbandonedOwner, EngineSettings settings) in __CI_WORKSPACE__\LiteDB\Client\Shared\SharedEngine.cs:line 158
2026-09-30T11:11:23.3951275Z    at LiteDB.SharedEngine.OpenEngine(Boolean recoveredAbandonedOwner, Boolean final, Boolean writing) in __CI_WORKSPACE__\LiteDB\Client\Shared\SharedEngine.Coordination.cs:line 41
2026-09-30T11:11:23.3953178Z    at LiteDB.SharedEngine.OpenDatabase(Boolean scoped, Boolean writing, CancellationToken closing, TransactionAdmission admission) in __CI_WORKSPACE__\LiteDB\Client\Shared\SharedEngine.cs:line 134
2026-09-30T11:11:23.3954428Z    at LiteDB.SharedEngine.<>c__DisplayClass7_0`1.<QueryDatabase>b__0() in __CI_WORKSPACE__\LiteDB\Client\Shared\SharedEngine.Calls.cs:line 44
2026-09-30T11:11:23.3955352Z    at LiteDB.SharedEngine.Call[T](Func`1 call) in __CI_WORKSPACE__\LiteDB\Client\Shared\SharedEngine.Calls.cs:line 61
2026-09-30T11:11:23.3956180Z    at LiteDB.SharedEngine.QueryDatabase[T](Func`1 Query) in __CI_WORKSPACE__\LiteDB\Client\Shared\SharedEngine.Calls.cs:line 42
2026-09-30T11:11:23.3957035Z    at LiteDB.SharedEngine.Pragma(String name) in __CI_WORKSPACE__\LiteDB\Client\Shared\SharedEngine.cs:line 345
2026-09-30T11:11:23.3958216Z    at LiteDB.Tests.Engine.SharedAdmissionLifetime_Tests.<>c__DisplayClass1_0.<Open_retains_admission_when_a_callback_disposes_the_connection>b__2() in __CI_WORKSPACE__\LiteDB.Tests\Engine\SharedAdmissionLifetime_Tests.cs:line 82
2026-09-30T11:11:23.3959332Z    at FluentAssertions.Specialized.DelegateAssertions`2.InvokeSubjectWithInterception().
2026-09-30T11:11:23.3959860Z   Stack Trace:
2026-09-30T11:11:23.3960234Z      at FluentAssertions.Execution.XUnit2TestFramework.Throw(String message)
2026-09-30T11:11:23.3960812Z    at FluentAssertions.Execution.TestFrameworkProvider.Throw(String message)
2026-09-30T11:11:23.3961481Z    at FluentAssertions.Execution.DefaultAssertionStrategy.HandleFailure(String message)
2026-09-30T11:11:23.3962420Z    at FluentAssertions.Execution.AssertionScope.FailWith(Func`1 failReasonFunc)
2026-09-30T11:11:23.3963289Z    at FluentAssertions.Specialized.DelegateAssertionsBase`2.ThrowInternal[TException](Exception exception, String because, Object[] becauseArgs)
2026-09-30T11:11:23.3964226Z    at FluentAssertions.Specialized.DelegateAssertions`2.Throw[TException](String because, Object[] becauseArgs)
2026-09-30T11:11:23.3965376Z    at LiteDB.Tests.Engine.SharedAdmissionLifetime_Tests.Open_retains_admission_when_a_callback_disposes_the_connection() in __CI_WORKSPACE__\LiteDB.Tests\Engine\SharedAdmissionLifetime_Tests.cs:line 83
2026-09-30T11:11:23.3966651Z    at System.RuntimeMethodHandle.InvokeMethod(Object target, Void** arguments, Signature sig, Boolean isConstructor)
2026-09-30T11:11:23.3967417Z    at System.Reflection.MethodBaseInvoker.InvokeWithNoArgs(Object obj, BindingFlags invokeAttr)
2026-09-30T11:11:30.5093489Z Results File: __CI_WORKSPACE__\LiteDB.Tests\TestResults\NativeAdmission-arm64-remaining.trx
2026-09-30T11:11:30.5098359Z 
2026-09-30T11:11:30.5141263Z Failed!  - Failed:     1, Passed:   231, Skipped:     1, Total:   233, Duration: 1 m 17 s - LiteDB.Tests.dll (net8.0)
2026-09-30T11:11:30.7497186Z [31;1mException: [0m__CI_WORKSPACE__\scripts\run-ci-tests.ps1:170[0m
2026-09-30T11:11:30.7497822Z [31;1m[0m[36;1mLine |[0m
2026-09-30T11:11:30.7498758Z [31;1m[0m[36;1m[36;1m 170 | [0m … ed.Count) { [36;1mthrow "Native test partitions failed: $($failed -join ', [0m …[0m
2026-09-30T11:11:30.7499762Z [31;1m[0m[36;1m[36;1m[0m[36;1m[0m[36;1m     | [31;1m               ~~~~~~~~~~~~~~~~~~~~~~~~~~~~~~~~~~~~~~~~~~~~~~~~~~~~~~~~~[0m
2026-09-30T11:11:30.7500673Z [31;1m[0m[36;1m[36;1m[0m[36;1m[0m[36;1m[31;1m[31;1m[36;1m     | [31;1mNative test partitions failed: remaining[0m
2026-09-30T11:11:30.7907475Z ##[error]Process completed with exit code 1.
2026-09-30T11:11:30.8255826Z ##[group]Run actions/upload-artifact@v4
2026-09-30T11:11:30.8256401Z with:
2026-09-30T11:11:30.8256692Z   name: test-results-test-native-windows-arm64-0
2026-09-30T11:11:30.8257685Z   path: LiteDB.Tests/TestResults/*.trx
LiteDB.Tests/TestResults/evidence-leg.json
LiteDB.Tests/TestResults/discovered-tests.txt
LiteDB.Tests/TestResults/native-partitions.json
artifacts_temp/graph-retention-contract/

2026-09-30T11:11:30.8258623Z   if-no-files-found: warn
2026-09-30T11:11:30.8258889Z   compression-level: 6
2026-09-30T11:11:30.8259154Z   overwrite: false
2026-09-30T11:11:30.8259435Z   include-hidden-files: false
2026-09-30T11:11:30.8259733Z env:
2026-09-30T11:11:30.8260113Z   LITEDB_RETAINED_FIXTURES: __CI_WORKSPACE__/LiteDB.Tests/TestResults/retained-fixtures
2026-09-30T11:11:30.8260577Z   DOTNET_ROOT: C:\Program Files\dotnet
2026-09-30T11:11:30.8260899Z ##[endgroup]
2026-09-30T11:11:31.1085040Z (node:2176) [DEP0040] DeprecationWarning: The `punycode` module is deprecated. Please use a userland alternative instead.
2026-09-30T11:11:31.1085894Z (Use `node --trace-deprecation ...` to show where the warning was created)
2026-09-30T11:11:31.1235973Z Multiple search paths detected. Calculating the least common ancestor of all paths
2026-09-30T11:11:31.1239118Z The least common ancestor is __CI_HOME__/work\LiteDB\LiteDB. This will be the root directory of the artifact
2026-09-30T11:11:31.1239749Z With the provided path, there will be 6 files uploaded
2026-09-30T11:11:31.1245686Z Artifact name is valid!
2026-09-30T11:11:31.1248020Z Root directory input is valid!
2026-09-30T11:11:31.3845159Z Beginning upload of artifact content to blob storage
2026-09-30T11:11:31.4312366Z (node:2176) [DEP0169] DeprecationWarning: `url.parse()` behavior is not standardized and prone to errors that have security implications. Use the WHATWG URL API instead. CVEs are not issued for `url.parse()` vulnerabilities.
2026-09-30T11:11:31.5938327Z Uploaded bytes 168769
2026-09-30T11:11:31.6289014Z Finished uploading artifact content to blob storage!
2026-09-30T11:11:31.6291545Z SHA256 digest of uploaded artifact zip is ce6d97fa95dd209c8b61e2081ad5eaba319723d85319025b8891eef5528f2a78
2026-09-30T11:11:31.6293373Z Finalizing artifact upload
2026-09-30T11:11:31.8469470Z Artifact test-results-test-native-windows-arm64-0.zip successfully finalized. Artifact ID 11091874917
2026-09-30T11:11:31.8470501Z Artifact test-results-test-native-windows-arm64-0 has been successfully uploaded! Final size is 168769 bytes. Artifact ID is 11091874917
2026-09-30T11:11:31.8486358Z Artifact download URL: https://github.com/JKamsker/LiteDB/actions/runs/36705044676/artifacts/11091874917
2026-09-30T11:11:31.8936031Z Prepare all required actions
2026-09-30T11:11:31.8937291Z Getting action download info
2026-09-30T11:11:32.1065535Z ##[group]Run ./.github/actions/retained-fixtures
2026-09-30T11:11:32.1065949Z env:
2026-09-30T11:11:32.1066576Z   LITEDB_RETAINED_FIXTURES: __CI_WORKSPACE__/LiteDB.Tests/TestResults/retained-fixtures
2026-09-30T11:11:32.1067119Z   DOTNET_ROOT: C:\Program Files\dotnet
2026-09-30T11:11:32.1067443Z ##[endgroup]
2026-09-30T11:11:32.1131888Z ##[start-action display=Collect retained fixtures;id=__self.__run]
2026-09-30T11:11:32.1543101Z ##[group]Run if [ "$RUNNER_OS" = "Windows" ]; then retained_python=python; else retained_python=python3; fi
2026-09-30T11:11:32.1543892Z [36;1mif [ "$RUNNER_OS" = "Windows" ]; then retained_python=python; else retained_python=python3; fi[0m
2026-09-30T11:11:32.1544595Z [36;1m"$retained_python" scripts/collect-retained-fixtures.py "$LITEDB_RETAINED_FIXTURES"[0m
2026-09-30T11:11:32.1563950Z shell: C:\Program Files\Git\bin\bash.EXE --noprofile --norc -e -o pipefail {0}
2026-09-30T11:11:32.1564440Z env:
2026-09-30T11:11:32.1564837Z   LITEDB_RETAINED_FIXTURES: __CI_WORKSPACE__/LiteDB.Tests/TestResults/retained-fixtures
2026-09-30T11:11:32.1565329Z   DOTNET_ROOT: C:\Program Files\dotnet
2026-09-30T11:11:32.1565712Z ##[endgroup]
2026-09-30T11:11:32.9470299Z ##[end-action id=__self.__run;outcome=success;conclusion=success;duration_ms=833]
2026-09-30T11:11:32.9474306Z ##[start-action display=Upload fixture manifests and copies;id=__self.__actions_upload-artifact]
2026-09-30T11:11:33.0120435Z ##[group]Run actions/upload-artifact@v4
2026-09-30T11:11:33.0120745Z with:
2026-09-30T11:11:33.0121062Z   name: retained-fixtures-test-native-windows-arm64-0
2026-09-30T11:11:33.0121803Z   path: __CI_WORKSPACE__/LiteDB.Tests/TestResults/retained-fixtures/
2026-09-30T11:11:33.0122233Z   if-no-files-found: ignore
2026-09-30T11:11:33.0122534Z   retention-days: 14
2026-09-30T11:11:33.0122799Z   compression-level: 6
2026-09-30T11:11:33.0123093Z   overwrite: false
2026-09-30T11:11:33.0123371Z   include-hidden-files: false
2026-09-30T11:11:33.0123664Z env:
2026-09-30T11:11:33.0124068Z   LITEDB_RETAINED_FIXTURES: __CI_WORKSPACE__/LiteDB.Tests/TestResults/retained-fixtures
2026-09-30T11:11:33.0124567Z   DOTNET_ROOT: C:\Program Files\dotnet
2026-09-30T11:11:33.0124870Z ##[endgroup]
2026-09-30T11:11:33.2865840Z (node:1984) [DEP0040] DeprecationWarning: The `punycode` module is deprecated. Please use a userland alternative instead.
2026-09-30T11:11:33.2866849Z (Use `node --trace-deprecation ...` to show where the warning was created)
2026-09-30T11:11:33.2941254Z No files were found with the provided path: __CI_WORKSPACE__/LiteDB.Tests/TestResults/retained-fixtures/. No artifacts will be uploaded.
2026-09-30T11:11:33.3107641Z ##[end-action id=__self.__actions_upload-artifact;outcome=success;conclusion=success;duration_ms=363]
2026-09-30T11:11:33.3401957Z Post job cleanup.
2026-09-30T11:11:33.6315620Z [command]"C:\Program Files\Git\bin\git.exe" version
2026-09-30T11:11:33.6806173Z git version 2.55.0.windows.5
2026-09-30T11:11:33.6892136Z Temporarily overriding HOME='__CI_HOME__/work\_temp\6f8e7918-637a-47d7-a3ec-2240ce10c00a' before making global git config changes
2026-09-30T11:11:33.6893022Z Adding repository directory to the temporary git global config as a safe directory
2026-09-30T11:11:33.6901766Z [command]"C:\Program Files\Git\bin\git.exe" config --global --add safe.directory __CI_WORKSPACE__
2026-09-30T11:11:33.7429443Z [command]"C:\Program Files\Git\bin\git.exe" config --local --name-only --get-regexp core\.sshCommand
2026-09-30T11:11:33.7954820Z [command]"C:\Program Files\Git\bin\git.exe" submodule foreach --recursive "sh -c \"git config --local --name-only --get-regexp 'core\.sshCommand' && git config --local --unset-all 'core.sshCommand' || :\""
2026-09-30T11:11:35.0613409Z [command]"C:\Program Files\Git\bin\git.exe" config --local --name-only --get-regexp http\.https\:\/\/github\.com\/\.extraheader
2026-09-30T11:11:35.1080718Z http.https://github.com/.extraheader
2026-09-30T11:11:35.1142794Z [command]"C:\Program Files\Git\bin\git.exe" config --local --unset-all http.https://github.com/.extraheader
2026-09-30T11:11:35.1684964Z [command]"C:\Program Files\Git\bin\git.exe" submodule foreach --recursive "sh -c \"git config --local --name-only --get-regexp 'http\.https\:\/\/github\.com\/\.extraheader' && git config --local --unset-all 'http.https://github.com/.extraheader' || :\""
2026-09-30T11:11:36.4220144Z [command]"C:\Program Files\Git\bin\git.exe" config --local --name-only --get-regexp ^includeIf\.gitdir:
2026-09-30T11:11:36.4752471Z [command]"C:\Program Files\Git\bin\git.exe" submodule foreach --recursive "git config --local --show-origin --name-only --get-regexp remote.origin.url"
2026-09-30T11:11:37.7583287Z Cleaning up orphan processes
2026-09-30T11:11:37.8286021Z ##[warning]Node.js 20 is deprecated. The following actions target Node.js 20 but are being forced to run on Node.js 24: actions/checkout@v4, actions/download-artifact@v4, actions/setup-dotnet@v4, actions/upload-artifact@v4. For more information see: https://github.blog/changelog/2025-09-19-deprecation-of-node-20-on-github-actions-runners/
