Test run for __WORKSPACE__/artifacts_temp/safety-net8/LiteDB.Tests/bin/Release/net8.0/LiteDB.Tests.dll (.NETCoreApp,Version=v8.0)
The following Tests are available:
    LiteDB.Tests.Mapper.StructuredExpression_Tests.Direct_and_parsed_expressions_execute_identically_without_shared_compilation_cache
    LiteDB.Tests.QueryTest.DisjunctionAnalysis_Tests.Competing_equality_union_and_shared_guard_costs_keep_their_candidates(predicate: "Name = 'row' AND (Code = 1 OR Code = 2)", expectedIndex: "code", count: 2)
    LiteDB.Tests.QueryTest.DisjunctionAnalysis_Tests.Competing_equality_union_and_shared_guard_costs_keep_their_candidates(predicate: "Name = 'row' AND ((Code = 1 AND Score >= 0) OR (Co"···, expectedIndex: "code", count: 1)
    LiteDB.Tests.QueryTest.DisjunctionAnalysis_Tests.Competing_equality_union_and_shared_guard_costs_keep_their_candidates(predicate: "_id = 1 AND ((Score >= 1 AND (Score < 5 OR Score >"···, expectedIndex: "_id", count: 1)
    LiteDB.Tests.QueryTest.QueryAggregateExpressions_Tests.Shared_templates_match_the_previous_canonical_aggregate_expressions
    LiteDB.Tests.QueryTest.SharedQueryIr_Tests.Sql_and_linq_have_identical_results_and_complete_execution_plans
    LiteDB.Tests.Issues.Issue2357InvalidTime_Tests.Shared_connection_honours_the_switch
    LiteDB.Tests.Internals.CollationFingerprintCache_Tests.Warm_shared_connection_revalidates_a_changed_header_without_mutation(readOnly: False)
    LiteDB.Tests.Internals.CollationFingerprintCache_Tests.Warm_shared_connection_revalidates_a_changed_header_without_mutation(readOnly: True)
    LiteDB.Tests.Expressions.SharedFactory_Tests.Persisted_index_path_spelling_is_preserved(source: "$.items[01]")
    LiteDB.Tests.Expressions.SharedFactory_Tests.Persisted_index_path_spelling_is_preserved(source: "$.items[-0]")
    LiteDB.Tests.Expressions.SharedFactory_Tests.Persisted_index_path_spelling_is_preserved(source: "$.items[-01]")
    LiteDB.Tests.Engine.CompactStorageSnapshot_Tests.Shared_connections_read_compact_data_and_can_keep_writing_legacy_documents
    LiteDB.Tests.Engine.CrossProcess_Shared_Tests.StalledWorker_TimesOutBeforeCompletion_AndDefersFileCleanup
    LiteDB.Tests.Engine.CrossProcess_Shared_Tests_Oracle.SameCounts_DoNotHideDamagedRows(damage: "duplicate-ordinal", diagnostic: "*every ordinal exactly once*")
    LiteDB.Tests.Engine.CrossProcess_Shared_Tests_Oracle.SameCounts_DoNotHideDamagedRows(damage: "payload", diagnostic: "*payload differs*")
    LiteDB.Tests.Engine.CrossProcess_Shared_Tests_Oracle.SameCounts_DoNotHideDamagedRows(damage: "duplicate-id", diagnostic: "*IDs must be unique*")
    LiteDB.Tests.Engine.CrossProcess_Shared_Tests_Oracle.SameCounts_DoNotHideDamagedRows(damage: "ordinal-type", diagnostic: "*must be Int32*")
    LiteDB.Tests.Engine.CrossProcess_Shared_Tests_Oracle.SameCounts_DoNotHideDamagedRows(damage: "timestamp-type", diagnostic: "*BSON DateTime type*")
    LiteDB.Tests.Engine.CrossProcess_Shared_Tests_Oracle.SameCounts_DoNotHideDamagedRows(damage: "timestamp-value", diagnostic: "*outside the worker run*")
    LiteDB.Tests.Engine.CrossProcess_Shared_Tests_Oracle.SameCounts_DoNotHideDamagedRows(damage: "extra-field", diagnostic: "*field shape differs*")
    LiteDB.Tests.Engine.CrossProcess_Shared_Tests_Watchdog.SlowSuccessfulWorker_CanExceedAggregateDeadlineWhileCompletingInserts
    LiteDB.Tests.Engine.CrossProcess_Shared_Tests_Watchdog.FaultWhileWaiting_PropagatesOriginalException
    LiteDB.Tests.Engine.NativeAdmissionDirectPoolSettings_Tests.Mapper_state_is_per_database_while_engine_pragmas_are_shared
    LiteDB.Tests.Engine.Rebuild_InstallRollback_Tests.Shared_handle_keeps_its_settings_when_the_original_pair_is_restored
    LiteDB.Tests.Engine.SharedCachedIdleTimer_Tests.Timer_visit_during_streaming_keeps_the_snapshot_and_cleanup_remains_bounded
    LiteDB.Tests.Engine.SharedCheckpointRationing_Tests.Writes_while_iterating_ration_partial_checkpoints(password: null)
    LiteDB.Tests.Engine.SharedCheckpointRationing_Tests.Writes_while_iterating_ration_partial_checkpoints(password: "secret")
    LiteDB.Tests.Engine.SharedCleanupFailure_Tests.Timer_cleanup_errors_do_not_escape_or_leave_a_reusable_snapshot
    LiteDB.Tests.Engine.SharedCoordinatedLifecycle_Tests.Unavailable_new_authority_or_long_control_names_keep_existing_database_operations(longName: False)
    LiteDB.Tests.Engine.SharedCoordinatedLifecycle_Tests.Unavailable_new_authority_or_long_control_names_keep_existing_database_operations(longName: True)
    LiteDB.Tests.Engine.SharedCoordinatedReads_Tests.Repeated_reads_use_protected_cache_and_a_peer_commit_invalidates_it
    LiteDB.Tests.Engine.SharedCoordinatedResources_Tests.Failed_unchanged_open_preserves_storage_and_the_next_open_publishes_the_commit
    LiteDB.Tests.Engine.SharedCoordinationArchitecture_Tests.Protected_fallback_reads_do_not_revoke_peers_but_a_later_write_does
    LiteDB.Tests.Engine.SharedCoordinationFile_Tests.Publication_never_replaces_an_existing_unknown_destination
    LiteDB.Tests.Engine.SharedCoordinationPage_Tests.New_participant_requires_a_protected_open_and_observes_every_published_fence
    LiteDB.Tests.Engine.SharedCoordinationPage_Tests.Revocation_reaches_all_existing_mappings_and_cannot_retire_a_live_authority
    LiteDB.Tests.Engine.SharedCoordinationPolicy_Tests.Transient_windows_attachment_failure_retries_before_sticky_fallback
    LiteDB.Tests.Engine.SharedCoordinationPolicy_Tests.Environment_opt_out_in_a_native_writer_revokes_live_peers(password: null)
    LiteDB.Tests.Engine.SharedCoordinationPolicy_Tests.Environment_opt_out_in_a_native_writer_revokes_live_peers(password: "secret")
    LiteDB.Tests.Engine.SharedCoordinationProtocol_Tests.Unknown_optional_nonsemantic_capabilities_allow_attachment
    LiteDB.Tests.Engine.SharedCoordinationProtocol_Tests.An_orphan_page_cannot_manufacture_a_participation_proof
    LiteDB.Tests.Engine.SharedCoordinationProtocol_Tests.Extensions_to_the_unversioned_prototype_are_not_recognized_for_retirement
    LiteDB.Tests.Engine.SharedCoordinationPublication_Tests.Unchanged_commit_after_disposal_does_not_access_the_released_pointer
    LiteDB.Tests.Engine.SharedCoordinationPublication_Tests.Hint_deadlines_remain_bounded_across_tick_wrap
    LiteDB.Tests.Engine.SharedCoordinationTemporaryFiles_Tests.Cleanup_removes_only_attributed_recognizable_orphans(empty: False)
    LiteDB.Tests.Engine.SharedCoordinationTemporaryFiles_Tests.Cleanup_removes_only_attributed_recognizable_orphans(empty: True)
    LiteDB.Tests.Engine.SharedFinalClose_Tests.A_writer_closing_while_a_read_only_connection_owns_the_mutex_still_checkpoints
    LiteDB.Tests.Engine.SharedLateReaderClose_Tests.Reader_self_dispose_refusal_keeps_snapshot_ownership_until_facade_cleanup(password: null)
    LiteDB.Tests.Engine.SharedLateReaderClose_Tests.Reader_self_dispose_refusal_keeps_snapshot_ownership_until_facade_cleanup(password: "secret")
    LiteDB.Tests.Engine.SharedLazyCheckpoint_Tests.A_disabled_checkpoint_pragma_disables_close_checkpoints_as_before
    LiteDB.Tests.Engine.SharedLazyCheckpoint_Tests.Explicit_checkpoint_is_not_deferred
    LiteDB.Tests.Engine.SharedModeAdmissionReview_Tests.Obsolete_guard_directory_does_not_block_native_admission
    LiteDB.Tests.Engine.SharedModeDiagnostics_Tests.Diagnostics_observe_cache_leases_pressure_revocation_and_recreation
    LiteDB.Tests.Engine.SharedModeDiagnostics_Tests.Failed_open_and_rebuild_release_guard_and_idle_identity_can_change
    LiteDB.Tests.Engine.SharedModeGuardFailure_Tests.Readers_outliving_connection_keep_direct_writers_out
    LiteDB.Tests.Engine.SharedModeGuardFailure_Tests.Existing_pre_guard_participant_blocks_direct_without_touching_authority
    LiteDB.Tests.Engine.SharedModeRetry_Tests.Wrapped_native_errors_preserve_retry_classification_and_bound(code: -2147024864, retryable: True)
    LiteDB.Tests.Engine.SharedModeRetry_Tests.Wrapped_native_errors_preserve_retry_classification_and_bound(code: -2147024863, retryable: True)
    LiteDB.Tests.Engine.SharedModeRetry_Tests.Wrapped_native_errors_preserve_retry_classification_and_bound(code: -2147024891, retryable: False)
    LiteDB.Tests.Engine.SharedModeRetry_Tests.Wrapped_native_errors_preserve_retry_classification_and_bound(code: -2147024816, retryable: False)
    LiteDB.Tests.Engine.SharedModeRetry_Tests.Wrapped_native_errors_preserve_retry_classification_and_bound(code: -2146232800, retryable: False)
    LiteDB.Tests.Engine.SharedMutexOwnerScoped_Tests.A_scoped_ownership_holds_the_mutex_on_its_thread_without_a_holder
    LiteDB.Tests.Engine.SharedMutexOwnership_Tests.Unleased_reader_owner_that_exits_does_not_keep_the_mutex
    LiteDB.Tests.Engine.SharedMutexOwnership_Tests.Transaction_completed_on_another_thread_stays_with_its_owner
    LiteDB.Tests.Engine.SharedMutexOwnerWakeup_Tests.A_command_taken_before_its_signal_does_not_leave_the_holder_spinning
    LiteDB.Tests.Engine.SharedOpeningMutation_Tests.Startup_mutations_have_a_fence_and_a_clean_open_has_none(password: null, state: "clean")
    LiteDB.Tests.Engine.SharedOpeningMutation_Tests.Startup_mutations_have_a_fence_and_a_clean_open_has_none(password: "secret", state: "clean")
    LiteDB.Tests.Engine.SharedOpeningMutation_Tests.Startup_mutations_have_a_fence_and_a_clean_open_has_none(password: null, state: "new")
    LiteDB.Tests.Engine.SharedOpeningMutation_Tests.Startup_mutations_have_a_fence_and_a_clean_open_has_none(password: "secret", state: "new")
    LiteDB.Tests.Engine.SharedOpeningMutation_Tests.Startup_mutations_have_a_fence_and_a_clean_open_has_none(password: null, state: "legacy")
    LiteDB.Tests.Engine.SharedOpeningMutation_Tests.Startup_mutations_have_a_fence_and_a_clean_open_has_none(password: "secret", state: "legacy")
    LiteDB.Tests.Engine.SharedOpeningMutation_Tests.Startup_mutations_have_a_fence_and_a_clean_open_has_none(password: null, state: "data-tail")
    LiteDB.Tests.Engine.SharedOpeningMutation_Tests.Startup_mutations_have_a_fence_and_a_clean_open_has_none(password: "secret", state: "data-tail")
    LiteDB.Tests.Engine.SharedOpeningMutation_Tests.Startup_mutations_have_a_fence_and_a_clean_open_has_none(password: null, state: "wal-tail")
    LiteDB.Tests.Engine.SharedOpeningMutation_Tests.Startup_mutations_have_a_fence_and_a_clean_open_has_none(password: "secret", state: "wal-tail")
    LiteDB.Tests.Engine.SharedPendingRelease_Tests.Dispose_returns_only_after_the_mutex_is_released
    LiteDB.Tests.Engine.SharedReaderFreeSlots_Tests.Failed_release_is_never_reused_even_when_the_write_completed(bytes: 0)
    LiteDB.Tests.Engine.SharedReaderFreeSlots_Tests.Failed_release_is_never_reused_even_when_the_write_completed(bytes: 4)
    LiteDB.Tests.Engine.SharedReaderFreeSlots_Tests.Failed_release_is_never_reused_even_when_the_write_completed(bytes: 8)
    LiteDB.Tests.Engine.SharedReaderModel_Tests.InterleavedSharedInstances_ReadersMatchModel(seed: 11, password: null)
    LiteDB.Tests.Engine.SharedReaderModel_Tests.InterleavedSharedInstances_ReadersMatchModel(seed: 12, password: "secret")
    LiteDB.Tests.Engine.SharedReaderPin_Tests.Tight_write_loop_lets_another_thread_of_the_same_instance_in
    LiteDB.Tests.Engine.SharedReaderPin_Tests.Failed_write_inside_the_iteration_keeps_the_pin_balanced
    LiteDB.Tests.Engine.SharedReaderPin_Tests.Pinned_transaction_rejects_completion_from_another_thread
    LiteDB.Tests.Engine.SharedReaderRegistrationFailure_Tests.Failed_reuse_clears_only_the_unpublished_free_slot(bytes: 1)
    LiteDB.Tests.Engine.SharedReaderRegistrationFailure_Tests.Failed_reuse_clears_only_the_unpublished_free_slot(bytes: 4)
    LiteDB.Tests.Engine.SharedReaderRegistrationFailure_Tests.Failed_reuse_clears_only_the_unpublished_free_slot(bytes: 7)
    LiteDB.Tests.Engine.SharedReaderRetirement_Tests.Last_other_leased_reader_cleanup_does_not_join_forced_pin_draining_this_callback(password: null, failClose: False)
    LiteDB.Tests.Engine.SharedReaderRetirement_Tests.Last_other_leased_reader_cleanup_does_not_join_forced_pin_draining_this_callback(password: "secret", failClose: False)
    LiteDB.Tests.Engine.SharedReaderRetirement_Tests.Last_other_leased_reader_cleanup_does_not_join_forced_pin_draining_this_callback(password: null, failClose: True)
    LiteDB.Tests.Engine.SharedReaderRetirement_Tests.Last_other_leased_reader_cleanup_does_not_join_forced_pin_draining_this_callback(password: "secret", failClose: True)
    LiteDB.Tests.Engine.SharedReaderSlots_Tests.Whole_slot_truncation_and_empty_content_remain_unknown(length: 16)
    LiteDB.Tests.Engine.SharedReaderSlots_Tests.Whole_slot_truncation_and_empty_content_remain_unknown(length: 8)
    LiteDB.Tests.Engine.SharedReaderSlots_Tests.Whole_slot_truncation_and_empty_content_remain_unknown(length: 0)
    LiteDB.Tests.Engine.SharedReaderWrites_Tests.Updates_while_iterating_reuse_one_engine_and_leave_no_wal(password: null)
    LiteDB.Tests.Engine.SharedReaderWrites_Tests.Updates_while_iterating_reuse_one_engine_and_leave_no_wal(password: "secret")
    LiteDB.Tests.Engine.SharedReaderWrites_Tests.Reader_disposed_on_another_thread_releases_the_pin
    LiteDB.Tests.Engine.SharedReadPacer_Tests.A_long_read_cannot_schedule_an_unbounded_pause
    LiteDB.Tests.Engine.SharedReadPath_Tests.A_streamed_prefix_matches_a_direct_reader_before_and_after_the_first_read
    LiteDB.Tests.Engine.SharedReadPath_Tests.A_registry_disposed_under_a_live_reader_keeps_its_lease_until_the_reader_ends
    LiteDB.Tests.Engine.SharedReadPath_Tests.A_first_read_creates_a_missing_database
    LiteDB.Tests.Engine.SharedScopedCalls_Tests.Failed_lease_after_a_successful_probe_retries_before_execution_and_preserves_off_thread_disposal
    LiteDB.Tests.Engine.SharedWorkerDumpArguments_Tests.CaptureCommand_AllowsOptionTextInsideQuotedPath(arguments: "-accepteula -ma -r -at 5 6448 \"C:\\Temp\\dump-644"···)
    LiteDB.Tests.Engine.SharedWorkerDumpArguments_Tests.CaptureCommand_AllowsOptionTextInsideQuotedPath(arguments: "-accepteula -ma -r -at 5 6448 \"C:\\Temp\\director"···)
    LiteDB.Tests.Engine.SharedWorkerDumpArguments_Tests.CaptureCommand_AllowsOptionTextInsideQuotedPath(arguments: "-accepteula -ma -r -at 5 6448 \"__WORKSPACE__/temporary/directory -64"···)
    LiteDB.Tests.Engine.SharedWorkerDump_Tests.MissingTool_IsReportedWithoutThrowingOrCreatingAFalseDump
    LiteDB.Tests.Engine.SharedWorkerDump_Tests.ConfiguredWindowsCapture_ProducesAnActualDumpBeforeTimeoutReturns
    LiteDB.Tests.Engine.SharedWorkerDumpSmoke_Tests.Smoke_InvalidThenValidUsesFreshCaptureAndRetainsFirstAttempt
    LiteDB.Tests.Engine.SharedWriterHintCompletion_Tests.Failed_open_clears_its_request_and_preserves_committed_rows
    LiteDB.Tests.Engine.SharedWriterPressure_Tests.Measured_streaming_reader_preserves_old_rows_and_releases_its_lease_on_another_thread(password: null)
    LiteDB.Tests.Engine.SharedWriterPressure_Tests.Measured_streaming_reader_preserves_old_rows_and_releases_its_lease_on_another_thread(password: "secret")
