Test run for __WORKSPACE__/artifacts_temp/safety-net8/LiteDB.Tests/bin/Release/net8.0/LiteDB.Tests.dll (.NETCoreApp,Version=v8.0)
The following Tests are available:
    LiteDB.Tests.QueryTest.CommonDisjunctionOptimization_Tests.Shared_sql_guards_keep_the_original_disjunction_filter(predicate: "(City = 'even' AND Score < 4) OR (City = 'even' AN"···)
    LiteDB.Tests.QueryTest.CommonDisjunctionOptimization_Tests.Shared_sql_guards_keep_the_original_disjunction_filter(predicate: "('even' = City AND Score < 4) OR ('even' = City AN"···)
    LiteDB.Tests.QueryTest.CommonDisjunctionOptimization_Tests.Shared_sql_guards_keep_the_original_disjunction_filter(predicate: "(City = 'even' AND Score = 2) OR (City = 'even' AN"···)
    LiteDB.Tests.QueryTest.QueryAggregateExpressions_Tests.Shared_templates_do_not_share_collections_or_current_values
    LiteDB.Tests.QueryTest.SharedQueryIr_Tests.Rebinding_uses_live_index_metadata_and_does_not_store_a_physical_plan
    LiteDB.Tests.Issues.Issue1344SharedReader_Tests.Delete_preserves_the_shared_engine_borrowed_from_a_reader(existingFile: False)
    LiteDB.Tests.Issues.Issue1344SharedReader_Tests.Delete_preserves_the_shared_engine_borrowed_from_a_reader(existingFile: True)
    LiteDB.Tests.Issues.Issue2822SharedCompletion_Tests.Ordinary_shared_reader_does_not_look_like_an_explicit_transaction(separateInstance: False)
    LiteDB.Tests.Issues.Issue2822SharedCompletion_Tests.Ordinary_shared_reader_does_not_look_like_an_explicit_transaction(separateInstance: True)
    LiteDB.Tests.Issues.Issue2822SharedCompletion_Tests.Abandoned_explicit_owner_is_rejected_and_can_be_disposed_normally(rollback: False, consumeSignal: False)
    LiteDB.Tests.Issues.Issue2822SharedCompletion_Tests.Abandoned_explicit_owner_is_rejected_and_can_be_disposed_normally(rollback: True, consumeSignal: False)
    LiteDB.Tests.Issues.Issue2822SharedCompletion_Tests.Abandoned_explicit_owner_is_rejected_and_can_be_disposed_normally(rollback: False, consumeSignal: True)
    LiteDB.Tests.Issues.Issue2822SharedCompletion_Tests.Abandoned_explicit_owner_is_rejected_and_can_be_disposed_normally(rollback: True, consumeSignal: True)
    LiteDB.Tests.Issues.Issue2979_Tests.Repeated_recovery_failures_block_shared_reuse_and_fresh_opens(recoveryFailure: "before-source-retraction", encrypted: False)
    LiteDB.Tests.Issues.Issue2979_Tests.Repeated_recovery_failures_block_shared_reuse_and_fresh_opens(recoveryFailure: "before-source-retraction", encrypted: True)
    LiteDB.Tests.Issues.Issue2979_Tests.Repeated_recovery_failures_block_shared_reuse_and_fresh_opens(recoveryFailure: "before-candidate-republish", encrypted: False)
    LiteDB.Tests.Issues.Issue2979_Tests.Repeated_recovery_failures_block_shared_reuse_and_fresh_opens(recoveryFailure: "before-candidate-republish", encrypted: True)
    LiteDB.Tests.Internals.NativeAdmissionProcess_Tests.Many_shared_processes_coexist_until_the_last_native_lease_ends
    LiteDB.Tests.Internals.NativeAdmissionProcess_Tests.Shared_replacement_requires_remote_idle_connections_to_close(password: null)
    LiteDB.Tests.Internals.NativeAdmissionProcess_Tests.Shared_replacement_requires_remote_idle_connections_to_close(password: "secret")
    LiteDB.Tests.Expressions.SharedFactory_Tests.Parsed_nested_functions_and_path_filters_accept_independent_bindings
    LiteDB.Tests.Engine.CrossProcess_Shared_Tests.StalledWorker_RetainsOriginalFilesAndReportsLastProgress
    LiteDB.Tests.Engine.CrossProcess_Shared_Tests.CrossProcess_Shared_ConcurrentWrites_InsertDocuments
    LiteDB.Tests.Engine.CrossProcess_Shared_Tests_Oracle.MissingSecondaryIndex_CannotPassByScanning
    LiteDB.Tests.Engine.CrossProcess_Shared_Tests_Watchdog.ProgressOrCompletionAtTimerWakeup_IsRechecked(complete: False)
    LiteDB.Tests.Engine.CrossProcess_Shared_Tests_Watchdog.ProgressOrCompletionAtTimerWakeup_IsRechecked(complete: True)
    LiteDB.Tests.Engine.CrossProcess_Shared_Tests_Watchdog.CancelledTask_PreservesCancellation(alreadyCancelled: False)
    LiteDB.Tests.Engine.CrossProcess_Shared_Tests_Watchdog.CancelledTask_PreservesCancellation(alreadyCancelled: True)
    LiteDB.Tests.Engine.DirectModeAdmission_Tests.Connection_string_shared_diagnostics_do_not_open_storage
    LiteDB.Tests.Engine.Rebuild_InstallRollback_Tests.Shared_handle_adopts_the_collation_of_a_republished_replacement
    LiteDB.Tests.Engine.SharedAdmissionLifetime_Tests.Protected_connection_retains_admission_between_operations_and_until_last_reader(password: null)
    LiteDB.Tests.Engine.SharedAdmissionLifetime_Tests.Protected_connection_retains_admission_between_operations_and_until_last_reader(password: "secret")
    LiteDB.Tests.Engine.SharedCleanupFailure_Tests.Page_finalization_contains_managed_disposal_errors_and_releases_participation
    LiteDB.Tests.Engine.SharedCoordinatedLifecycle_Tests.Rebuild_orders_its_lease_scan_with_mapped_admission(interleaving: "cached-status")
    LiteDB.Tests.Engine.SharedCoordinatedLifecycle_Tests.Rebuild_orders_its_lease_scan_with_mapped_admission(interleaving: "lease-published")
    LiteDB.Tests.Engine.SharedCoordinatedReads_Tests.Checkpoint_between_status_read_and_lease_publication_requires_revalidation(unsafeSkip: False)
    LiteDB.Tests.Engine.SharedCoordinatedReads_Tests.Checkpoint_between_status_read_and_lease_publication_requires_revalidation(unsafeSkip: True)
    LiteDB.Tests.Engine.SharedCoordinatedResources_Tests.Completed_spilling_sort_releases_its_cached_engine_while_connection_remains_alive
    LiteDB.Tests.Engine.SharedCoordinationAbiRegression_Tests.An_unsupported_protocol_is_preserved_after_the_last_participant_closes
    LiteDB.Tests.Engine.SharedCoordinationFile_Tests.Publication_fits_the_existing_Windows_control_name_budget
    LiteDB.Tests.Engine.SharedCoordinationPage_Tests.Forgotten_mapping_releases_pointer_and_participation_handle_on_collection
    LiteDB.Tests.Engine.SharedCoordinationPage_Tests.Revocation_probe_distinguishes_missing_present_and_unresolvable_paths
    LiteDB.Tests.Engine.SharedCoordinationPolicy_Tests.Opt_out_preserves_reads_and_revokes_live_mapped_peers_before_writing
    LiteDB.Tests.Engine.SharedCoordinationProtocol_Tests.Case_alias_attaches_to_one_authority_on_case_insensitive_filesystems
    LiteDB.Tests.Engine.SharedCoordinationProtocol_Tests.Supported_protocol_attaches_to_the_same_live_authority
    LiteDB.Tests.Engine.SharedCoordinationProtocol_Tests.A_stale_page_cannot_join_a_new_authority_at_the_same_path
    LiteDB.Tests.Engine.SharedCoordinationPublication_Tests.Protected_open_finishes_its_structural_scope_and_establishes_trust_once
    LiteDB.Tests.Engine.SharedCoordinationPublication_Tests.Completing_an_older_request_cannot_clear_a_newer_same_tick_hint
    LiteDB.Tests.Engine.SharedCoordinationTemporaryFiles_Tests.Cleanup_cannot_remove_a_live_publisher_even_at_the_rename_boundary(boundary: "created")
    LiteDB.Tests.Engine.SharedCoordinationTemporaryFiles_Tests.Cleanup_cannot_remove_a_live_publisher_even_at_the_rename_boundary(boundary: "written")
    LiteDB.Tests.Engine.SharedCoordinationTemporaryFiles_Tests.Cleanup_cannot_remove_a_live_publisher_even_at_the_rename_boundary(boundary: "flushed")
    LiteDB.Tests.Engine.SharedCoordinationTemporaryFiles_Tests.Cleanup_cannot_remove_a_live_publisher_even_at_the_rename_boundary(boundary: "publishing")
    LiteDB.Tests.Engine.SharedFinalCheckpointContract_Tests.Parent_final_checkpoint_remains_best_effort_and_failed_attempt_keeps_committed_wal(password: null, fail: False)
    LiteDB.Tests.Engine.SharedFinalCheckpointContract_Tests.Parent_final_checkpoint_remains_best_effort_and_failed_attempt_keeps_committed_wal(password: null, fail: True)
    LiteDB.Tests.Engine.SharedFinalCheckpointContract_Tests.Parent_final_checkpoint_remains_best_effort_and_failed_attempt_keeps_committed_wal(password: "secret", fail: False)
    LiteDB.Tests.Engine.SharedFinalCheckpointContract_Tests.Parent_final_checkpoint_remains_best_effort_and_failed_attempt_keeps_committed_wal(password: "secret", fail: True)
    LiteDB.Tests.Engine.SharedLateReaderClose_Tests.Owner_exit_during_transferred_reader_callback_preserves_recovery(password: null, pin: False)
    LiteDB.Tests.Engine.SharedLateReaderClose_Tests.Owner_exit_during_transferred_reader_callback_preserves_recovery(password: "secret", pin: False)
    LiteDB.Tests.Engine.SharedLateReaderClose_Tests.Owner_exit_during_transferred_reader_callback_preserves_recovery(password: null, pin: True)
    LiteDB.Tests.Engine.SharedLateReaderClose_Tests.Owner_exit_during_transferred_reader_callback_preserves_recovery(password: "secret", pin: True)
    LiteDB.Tests.Engine.SharedLazyCheckpoint_Tests.A_wal_past_the_threshold_is_checkpointed_by_the_next_close(password: null)
    LiteDB.Tests.Engine.SharedLazyCheckpoint_Tests.A_wal_past_the_threshold_is_checkpointed_by_the_next_close(password: "secret")
    LiteDB.Tests.Engine.SharedLazyCheckpoint_Tests.A_crash_image_of_the_lazy_wal_recovers_every_operation(password: null)
    LiteDB.Tests.Engine.SharedLazyCheckpoint_Tests.A_crash_image_of_the_lazy_wal_recovers_every_operation(password: "secret")
    LiteDB.Tests.Engine.SharedLeasedReaderDispose_Tests.Leased_snapshot_disposal_refuses_callback_before_mutation_and_can_retry(password: null, queryCore: False, selfDispose: True)
    LiteDB.Tests.Engine.SharedLeasedReaderDispose_Tests.Leased_snapshot_disposal_refuses_callback_before_mutation_and_can_retry(password: "secret", queryCore: False, selfDispose: True)
    LiteDB.Tests.Engine.SharedLeasedReaderDispose_Tests.Leased_snapshot_disposal_refuses_callback_before_mutation_and_can_retry(password: null, queryCore: True, selfDispose: True)
    LiteDB.Tests.Engine.SharedLeasedReaderDispose_Tests.Leased_snapshot_disposal_refuses_callback_before_mutation_and_can_retry(password: "secret", queryCore: True, selfDispose: True)
    LiteDB.Tests.Engine.SharedLeasedReaderDispose_Tests.Leased_snapshot_disposal_refuses_callback_before_mutation_and_can_retry(password: null, queryCore: False, selfDispose: False)
    LiteDB.Tests.Engine.SharedLeasedReaderDispose_Tests.Leased_snapshot_disposal_refuses_callback_before_mutation_and_can_retry(password: "secret", queryCore: False, selfDispose: False)
    LiteDB.Tests.Engine.SharedLeasedReaderDispose_Tests.Leased_snapshot_disposal_refuses_callback_before_mutation_and_can_retry(password: null, queryCore: True, selfDispose: False)
    LiteDB.Tests.Engine.SharedLeasedReaderDispose_Tests.Leased_snapshot_disposal_refuses_callback_before_mutation_and_can_retry(password: "secret", queryCore: True, selfDispose: False)
    LiteDB.Tests.Engine.SharedModeAdmissionReview_Tests.Repeated_read_only_queries_do_not_initialize_or_replace_mode_identity(mismatched: False)
    LiteDB.Tests.Engine.SharedModeAdmissionReview_Tests.Repeated_read_only_queries_do_not_initialize_or_replace_mode_identity(mismatched: True)
    LiteDB.Tests.Engine.SharedModeAdmissionReview_Tests.Direct_requires_file_locking_even_without_shared_artifacts
    LiteDB.Tests.Engine.SharedModeDiagnostics_Tests.Equivalent_mutex_names_share_admission_and_diagnostics_are_process_local
    LiteDB.Tests.Engine.SharedModeFirstRead_Tests.Rejected_mutex_identity_does_not_revoke_peer_or_make_retry_sticky(readOnly: False, disabled: False)
    LiteDB.Tests.Engine.SharedModeFirstRead_Tests.Rejected_mutex_identity_does_not_revoke_peer_or_make_retry_sticky(readOnly: True, disabled: False)
    LiteDB.Tests.Engine.SharedModeFirstRead_Tests.Rejected_mutex_identity_does_not_revoke_peer_or_make_retry_sticky(readOnly: False, disabled: True)
    LiteDB.Tests.Engine.SharedModeFirstRead_Tests.Rejected_mutex_identity_does_not_revoke_peer_or_make_retry_sticky(readOnly: True, disabled: True)
    LiteDB.Tests.Engine.SharedModeGuardFailure_Tests.Read_only_mapping_initialization_failure_retains_protected_reads
    LiteDB.Tests.Engine.SharedModeRetry_Tests.Unsupported_control_names_report_missing_admission_without_read_only_claim(readOnly: False)
    LiteDB.Tests.Engine.SharedModeRetry_Tests.Unsupported_control_names_report_missing_admission_without_read_only_claim(readOnly: True)
    LiteDB.Tests.Engine.SharedMutexOwnerScoped_Tests.ReleaseAll_during_a_scoped_ownership_leaves_the_release_to_its_thread
    LiteDB.Tests.Engine.SharedMutexOwnerScoped_Tests.A_scoped_owner_thread_that_died_is_recovered_as_abandoned
    LiteDB.Tests.Engine.SharedMutexOwnership_Tests.Unleased_reader_disposed_on_another_thread_releases_the_mutex
    LiteDB.Tests.Engine.SharedMutexOwnership_Tests.Reader_disposed_on_another_thread_cannot_close_the_engine_under_a_starting_read
    LiteDB.Tests.Engine.SharedOrdinaryOpen_Tests.Warm_reader_runs_during_real_writable_open_and_observes_commit_or_rollback(password: null, rollback: False)
    LiteDB.Tests.Engine.SharedOrdinaryOpen_Tests.Warm_reader_runs_during_real_writable_open_and_observes_commit_or_rollback(password: "secret", rollback: False)
    LiteDB.Tests.Engine.SharedOrdinaryOpen_Tests.Warm_reader_runs_during_real_writable_open_and_observes_commit_or_rollback(password: null, rollback: True)
    LiteDB.Tests.Engine.SharedOrdinaryOpen_Tests.Warm_reader_runs_during_real_writable_open_and_observes_commit_or_rollback(password: "secret", rollback: True)
    LiteDB.Tests.Engine.SharedPinFairness_Probe.Waiter_wait_under_a_pinned_write_loop(waiter: "thread")
    LiteDB.Tests.Engine.SharedPinFairness_Probe.Waiter_wait_under_a_pinned_write_loop(waiter: "instance")
    LiteDB.Tests.Engine.SharedPinFairness_Probe.Waiter_wait_under_a_pinned_write_loop(waiter: "none")
    LiteDB.Tests.Engine.SharedPinFairness_Probe.Waiter_wait_under_a_pinned_write_loop(waiter: "plain")
    LiteDB.Tests.Engine.SharedPinFairness_Probe.Waiter_wait_under_a_pinned_write_loop(waiter: "plain-instance")
    LiteDB.Tests.Engine.SharedReaderFreeSlots_Tests.Churn_reuses_only_released_slots_and_preserves_every_live_version
    LiteDB.Tests.Engine.SharedReaderPin_Tests.Reader_disposed_off_the_pinning_thread_ends_the_pin_while_its_owner_idles
    LiteDB.Tests.Engine.SharedReaderPin_Tests.Dispose_on_another_thread_ends_the_pin_without_throwing
    LiteDB.Tests.Engine.SharedReaderPin_Tests.Pin_owner_hands_off_to_each_repeated_waiter
    LiteDB.Tests.Engine.SharedReaderRegistrationFailure_Tests.Failed_header_restore_remains_unknown_until_a_successful_registration
    LiteDB.Tests.Engine.SharedReaderRetirement_Tests.Last_other_leased_reader_cleanup_does_not_join_exited_owner_draining_this_callback(password: null)
    LiteDB.Tests.Engine.SharedReaderRetirement_Tests.Last_other_leased_reader_cleanup_does_not_join_exited_owner_draining_this_callback(password: "secret")
    LiteDB.Tests.Engine.SharedReaderSlots_Tests.Partial_registration_and_release_never_hide_another_live_version(bytes: 0)
    LiteDB.Tests.Engine.SharedReaderSlots_Tests.Partial_registration_and_release_never_hide_another_live_version(bytes: 1)
    LiteDB.Tests.Engine.SharedReaderSlots_Tests.Partial_registration_and_release_never_hide_another_live_version(bytes: 4)
    LiteDB.Tests.Engine.SharedReaderSlots_Tests.Partial_registration_and_release_never_hide_another_live_version(bytes: 7)
    LiteDB.Tests.Engine.SharedReaderWrites_Tests.Read_only_connection_reads_a_large_result_in_a_read_only_directory
    LiteDB.Tests.Engine.SharedReadPath_Tests.A_legacy_file_read_first_is_migrated_by_the_writable_open
    LiteDB.Tests.Engine.SharedReadPath_Tests.A_dead_slot_lease_and_orphaned_content_are_removed_by_the_scan
    LiteDB.Tests.Engine.SharedReadPath_Tests.A_slot_file_with_a_torn_or_malformed_slot_makes_the_scan_fail_closed(content: [5, 0, 0, 0, 0, ···])
    LiteDB.Tests.Engine.SharedReadPath_Tests.A_slot_file_with_a_torn_or_malformed_slot_makes_the_scan_fail_closed(content: [5, 0, 0, 0, 250, ···])
    LiteDB.Tests.Engine.SharedReadPath_Tests.A_slot_file_with_a_torn_or_malformed_slot_makes_the_scan_fail_closed(content: [255, 255, 255, 255, 0, ···])
    LiteDB.Tests.Engine.SharedScopedCalls_Tests.A_reader_opened_by_a_lazy_write_can_outlive_the_call_and_close_off_thread
    LiteDB.Tests.Engine.SharedTeardownOverlap_Tests.A_waiter_admitted_during_Dispose_neither_runs_on_a_closing_engine_nor_leaks_one
    LiteDB.Tests.Engine.SharedWalReusePublication_Tests.Safepoint_prefix_rewrites_publish_reuse_before_the_disk_write
    LiteDB.Tests.Engine.SharedWorkerDump_Tests.ConcurrentTimeouts_WaitForOneCaptureBeforeReturningToCancellation
    LiteDB.Tests.Engine.SharedWorkerDump_Tests.FailedToolExit_IsReportedAndDoesNotCertifyCapture
    LiteDB.Tests.Engine.SharedWorkerDumpSmoke_Tests.Smoke_FirstValidStopsImmediatelyAndDeletesOnlyValidatedDump
    LiteDB.Tests.Engine.SharedWriterHintCompletion_Tests.Commit_or_rollback_ends_its_hint_after_engine_close(password: null, rollback: False)
    LiteDB.Tests.Engine.SharedWriterHintCompletion_Tests.Commit_or_rollback_ends_its_hint_after_engine_close(password: null, rollback: True)
    LiteDB.Tests.Engine.SharedWriterHintCompletion_Tests.Commit_or_rollback_ends_its_hint_after_engine_close(password: "secret", rollback: False)
    LiteDB.Tests.Engine.SharedWriterHintCompletion_Tests.Commit_or_rollback_ends_its_hint_after_engine_close(password: "secret", rollback: True)
    LiteDB.Tests.Engine.SharedWriterPressure_Tests.Dispose_finishes_while_a_reader_is_paused_before_admission(password: null)
    LiteDB.Tests.Engine.SharedWriterPressure_Tests.Dispose_finishes_while_a_reader_is_paused_before_admission(password: "secret")
