<?xml version="1.0" encoding="utf-8"?>
<TestRun id="f07c0401-f604-4003-b121-2ce060f4635c" name="@dev-build-server 2026-09-30 11:42:29" xmlns="http://microsoft.com/schemas/VisualStudio/TeamTest/2010">
  <Times creation="2026-09-30T11:42:29.8674966+00:00" queuing="2026-09-30T11:42:29.8674967+00:00" start="2026-09-30T11:42:28.6818687+00:00" finish="2026-09-30T11:42:29.9891615+00:00" />
  <TestSettings name="default" id="4a35b92c-d9bd-4487-b326-2d742c59a0d7">
    <Deployment runDeploymentRoot="_dev-build-server_2026-09-30_11_42_29" />
  </TestSettings>
  <Results>
    <UnitTestResult executionId="aef185e2-ad67-460a-abcc-489066879a66" testId="0fcbc85f-a1a6-8b86-dd5d-086496aa00e7" testName="LiteDB.Tests.Engine.SharedCoordinationPage_Tests.Revocation_probe_distinguishes_missing_present_and_unresolvable_paths" computerName="dev-build-server" duration="00:00:00.0005884" startTime="2026-09-30T11:42:29.9360341+00:00" endTime="2026-09-30T11:42:29.9360341+00:00" testType="13cdc9d9-ddb5-4fa4-a97d-d965ccfc6d4b" outcome="Passed" testListId="8c84fa94-04c1-424b-9868-57a2d4851a1d" relativeResultsDirectory="aef185e2-ad67-460a-abcc-489066879a66" />
    <UnitTestResult executionId="e0812ae0-2427-49f3-a9ba-45b5dce3867d" testId="06dc8fa2-646a-04e6-0cfa-7ca24a8899ce" testName="LiteDB.Tests.Engine.SharedCoordinationPage_Tests.Repeated_structural_publication_never_exposes_an_intermediate_version" computerName="dev-build-server" duration="00:00:00.0220971" startTime="2026-09-30T11:42:29.7853407+00:00" endTime="2026-09-30T11:42:29.7853407+00:00" testType="13cdc9d9-ddb5-4fa4-a97d-d965ccfc6d4b" outcome="Passed" testListId="8c84fa94-04c1-424b-9868-57a2d4851a1d" relativeResultsDirectory="e0812ae0-2427-49f3-a9ba-45b5dce3867d" />
    <UnitTestResult executionId="a0137b00-ebe3-47dd-bece-8672b325e130" testId="253e6534-029f-5b18-19d6-33273c23e7c4" testName="LiteDB.Tests.Engine.SharedCoordinationPage_Tests.Unknown_control_bytes_are_rejected_without_truncation_or_repair(length: 4096)" computerName="dev-build-server" duration="00:00:00.0010954" startTime="2026-09-30T11:42:29.7288150+00:00" endTime="2026-09-30T11:42:29.7288151+00:00" testType="13cdc9d9-ddb5-4fa4-a97d-d965ccfc6d4b" outcome="Passed" testListId="8c84fa94-04c1-424b-9868-57a2d4851a1d" relativeResultsDirectory="a0137b00-ebe3-47dd-bece-8672b325e130" />
    <UnitTestResult executionId="d511534c-a8e8-40a3-a528-c5efed8c6ac1" testId="34dcef05-e4cb-082e-7fd0-2f84e7552a90" testName="LiteDB.Tests.Engine.SharedCoordinationPage_Tests.Steady_epoch_publication_allocates_no_managed_objects" computerName="dev-build-server" duration="00:00:00.0374600" startTime="2026-09-30T11:42:29.7154876+00:00" endTime="2026-09-30T11:42:29.7155015+00:00" testType="13cdc9d9-ddb5-4fa4-a97d-d965ccfc6d4b" outcome="Passed" testListId="8c84fa94-04c1-424b-9868-57a2d4851a1d" relativeResultsDirectory="d511534c-a8e8-40a3-a528-c5efed8c6ac1" />
    <UnitTestResult executionId="a9cbe46e-f635-4f94-8c1f-1d0e953a2048" testId="7a0449f3-fa3f-a035-9aae-19feed71eda1" testName="LiteDB.Tests.Engine.SharedCoordinationPage_Tests.Releasing_one_view_preserves_published_state_for_a_live_peer(explicitlyDispose: False)" computerName="dev-build-server" duration="00:00:00.0343773" startTime="2026-09-30T11:42:29.9353433+00:00" endTime="2026-09-30T11:42:29.9353433+00:00" testType="13cdc9d9-ddb5-4fa4-a97d-d965ccfc6d4b" outcome="Passed" testListId="8c84fa94-04c1-424b-9868-57a2d4851a1d" relativeResultsDirectory="a9cbe46e-f635-4f94-8c1f-1d0e953a2048" />
    <UnitTestResult executionId="58a7e310-7c5f-45f7-a3b8-d97a50203d5f" testId="d2f38920-352a-338d-7031-396f0c87325a" testName="LiteDB.Tests.Engine.SharedCoordinationPage_Tests.Releasing_one_view_preserves_published_state_for_a_live_peer(explicitlyDispose: True)" computerName="dev-build-server" duration="00:00:00.0324016" startTime="2026-09-30T11:42:29.9008174+00:00" endTime="2026-09-30T11:42:29.9008174+00:00" testType="13cdc9d9-ddb5-4fa4-a97d-d965ccfc6d4b" outcome="Passed" testListId="8c84fa94-04c1-424b-9868-57a2d4851a1d" relativeResultsDirectory="58a7e310-7c5f-45f7-a3b8-d97a50203d5f" />
    <UnitTestResult executionId="39264a3d-8324-461f-8737-5b218d7ac643" testId="ae2d96ec-d68b-86f4-2563-1fe3aced2fd2" testName="LiteDB.Tests.Engine.SharedCoordinationPage_Tests.First_participant_retires_stale_owned_control_after_all_previous_handles_close" computerName="dev-build-server" duration="00:00:00.0221815" startTime="2026-09-30T11:42:29.7631650+00:00" endTime="2026-09-30T11:42:29.7631650+00:00" testType="13cdc9d9-ddb5-4fa4-a97d-d965ccfc6d4b" outcome="Passed" testListId="8c84fa94-04c1-424b-9868-57a2d4851a1d" relativeResultsDirectory="39264a3d-8324-461f-8737-5b218d7ac643" />
    <UnitTestResult executionId="edad52c3-aa1f-419f-8792-6f90ffeef340" testId="1debd7a6-4254-f0d6-4365-41fd4901f22d" testName="LiteDB.Tests.Engine.SharedCoordinationPage_Tests.Forgotten_mapping_releases_pointer_and_participation_handle_on_collection" computerName="dev-build-server" duration="00:00:00.0337371" startTime="2026-09-30T11:42:29.8680547+00:00" endTime="2026-09-30T11:42:29.8680548+00:00" testType="13cdc9d9-ddb5-4fa4-a97d-d965ccfc6d4b" outcome="Passed" testListId="8c84fa94-04c1-424b-9868-57a2d4851a1d" relativeResultsDirectory="edad52c3-aa1f-419f-8792-6f90ffeef340" />
    <UnitTestResult executionId="4c508447-0cfc-4863-9392-dd4fd8389924" testId="ea04cb50-f8cb-268e-29e2-b1cd884b626a" testName="LiteDB.Tests.Engine.SharedCoordinationPage_Tests.Unknown_control_bytes_are_rejected_without_truncation_or_repair(length: 0)" computerName="dev-build-server" duration="00:00:00.0081514" startTime="2026-09-30T11:42:29.7262392+00:00" endTime="2026-09-30T11:42:29.7262393+00:00" testType="13cdc9d9-ddb5-4fa4-a97d-d965ccfc6d4b" outcome="Passed" testListId="8c84fa94-04c1-424b-9868-57a2d4851a1d" relativeResultsDirectory="4c508447-0cfc-4863-9392-dd4fd8389924" />
    <UnitTestResult executionId="fe94c5b3-9e41-47a4-ae32-68a2ac9b06f9" testId="bab63b27-2136-285a-4404-43b4ef9439dd" testName="LiteDB.Tests.Engine.SharedCoordinationPage_Tests.Revocation_reaches_all_existing_mappings_and_cannot_retire_a_live_authority" computerName="dev-build-server" duration="00:00:00.0173005" startTime="2026-09-30T11:42:29.8027214+00:00" endTime="2026-09-30T11:42:29.8027215+00:00" testType="13cdc9d9-ddb5-4fa4-a97d-d965ccfc6d4b" outcome="Passed" testListId="8c84fa94-04c1-424b-9868-57a2d4851a1d" relativeResultsDirectory="fe94c5b3-9e41-47a4-ae32-68a2ac9b06f9" />
    <UnitTestResult executionId="a69274fb-3c7a-42b1-87ef-8e3c81bcaf92" testId="57d178d0-d00e-e467-3ad7-e77947d2551b" testName="LiteDB.Tests.Engine.SharedCoordinationPage_Tests.Unknown_control_bytes_are_rejected_without_truncation_or_repair(length: 3)" computerName="dev-build-server" duration="00:00:00.0011767" startTime="2026-09-30T11:42:29.7276734+00:00" endTime="2026-09-30T11:42:29.7276735+00:00" testType="13cdc9d9-ddb5-4fa4-a97d-d965ccfc6d4b" outcome="Passed" testListId="8c84fa94-04c1-424b-9868-57a2d4851a1d" relativeResultsDirectory="a69274fb-3c7a-42b1-87ef-8e3c81bcaf92" />
    <UnitTestResult executionId="dd3192b1-ca85-4914-ae17-cb5b6fa6728f" testId="316ac8d4-3b6d-c02f-03cf-eba512c3218e" testName="LiteDB.Tests.Engine.SharedCoordinationPage_Tests.Epoch_allocation_measurement_detects_per_publication_allocations" computerName="dev-build-server" duration="00:00:00.0125558" startTime="2026-09-30T11:42:29.8153485+00:00" endTime="2026-09-30T11:42:29.8153485+00:00" testType="13cdc9d9-ddb5-4fa4-a97d-d965ccfc6d4b" outcome="Passed" testListId="8c84fa94-04c1-424b-9868-57a2d4851a1d" relativeResultsDirectory="dd3192b1-ca85-4914-ae17-cb5b6fa6728f" />
    <UnitTestResult executionId="65354faf-9261-43c0-90b2-91fe95e07920" testId="e8543c17-e564-c2ef-e14c-f91139e9631c" testName="LiteDB.Tests.Engine.SharedCoordinationPage_Tests.New_participant_requires_a_protected_open_and_observes_every_published_fence" computerName="dev-build-server" duration="00:00:00.0120606" startTime="2026-09-30T11:42:29.7409281+00:00" endTime="2026-09-30T11:42:29.7409282+00:00" testType="13cdc9d9-ddb5-4fa4-a97d-d965ccfc6d4b" outcome="Passed" testListId="8c84fa94-04c1-424b-9868-57a2d4851a1d" relativeResultsDirectory="65354faf-9261-43c0-90b2-91fe95e07920" />
  </Results>
  <TestDefinitions>
    <UnitTest name="LiteDB.Tests.Engine.SharedCoordinationPage_Tests.Steady_epoch_publication_allocates_no_managed_objects" storage="__LOCAL_HOME__/.t3/worktrees/litedb/t3code-0cc13448/artifacts_temp/integration/litedb.tests/bin/release/net10.0/litedb.tests.dll" id="34dcef05-e4cb-082e-7fd0-2f84e7552a90">
      <Execution id="d511534c-a8e8-40a3-a528-c5efed8c6ac1" />
      <TestMethod codeBase="__WORKSPACE__/artifacts_temp/integration/LiteDB.Tests/bin/Release/net10.0/LiteDB.Tests.dll" adapterTypeName="executor://xunit/VsTestRunner2/netcoreapp" className="LiteDB.Tests.Engine.SharedCoordinationPage_Tests" name="Steady_epoch_publication_allocates_no_managed_objects" />
    </UnitTest>
    <UnitTest name="LiteDB.Tests.Engine.SharedCoordinationPage_Tests.First_participant_retires_stale_owned_control_after_all_previous_handles_close" storage="__LOCAL_HOME__/.t3/worktrees/litedb/t3code-0cc13448/artifacts_temp/integration/litedb.tests/bin/release/net10.0/litedb.tests.dll" id="ae2d96ec-d68b-86f4-2563-1fe3aced2fd2">
      <Execution id="39264a3d-8324-461f-8737-5b218d7ac643" />
      <TestMethod codeBase="__WORKSPACE__/artifacts_temp/integration/LiteDB.Tests/bin/Release/net10.0/LiteDB.Tests.dll" adapterTypeName="executor://xunit/VsTestRunner2/netcoreapp" className="LiteDB.Tests.Engine.SharedCoordinationPage_Tests" name="First_participant_retires_stale_owned_control_after_all_previous_handles_close" />
    </UnitTest>
    <UnitTest name="LiteDB.Tests.Engine.SharedCoordinationPage_Tests.New_participant_requires_a_protected_open_and_observes_every_published_fence" storage="__LOCAL_HOME__/.t3/worktrees/litedb/t3code-0cc13448/artifacts_temp/integration/litedb.tests/bin/release/net10.0/litedb.tests.dll" id="e8543c17-e564-c2ef-e14c-f91139e9631c">
      <Execution id="65354faf-9261-43c0-90b2-91fe95e07920" />
      <TestMethod codeBase="__WORKSPACE__/artifacts_temp/integration/LiteDB.Tests/bin/Release/net10.0/LiteDB.Tests.dll" adapterTypeName="executor://xunit/VsTestRunner2/netcoreapp" className="LiteDB.Tests.Engine.SharedCoordinationPage_Tests" name="New_participant_requires_a_protected_open_and_observes_every_published_fence" />
    </UnitTest>
    <UnitTest name="LiteDB.Tests.Engine.SharedCoordinationPage_Tests.Revocation_reaches_all_existing_mappings_and_cannot_retire_a_live_authority" storage="__LOCAL_HOME__/.t3/worktrees/litedb/t3code-0cc13448/artifacts_temp/integration/litedb.tests/bin/release/net10.0/litedb.tests.dll" id="bab63b27-2136-285a-4404-43b4ef9439dd">
      <Execution id="fe94c5b3-9e41-47a4-ae32-68a2ac9b06f9" />
      <TestMethod codeBase="__WORKSPACE__/artifacts_temp/integration/LiteDB.Tests/bin/Release/net10.0/LiteDB.Tests.dll" adapterTypeName="executor://xunit/VsTestRunner2/netcoreapp" className="LiteDB.Tests.Engine.SharedCoordinationPage_Tests" name="Revocation_reaches_all_existing_mappings_and_cannot_retire_a_live_authority" />
    </UnitTest>
    <UnitTest name="LiteDB.Tests.Engine.SharedCoordinationPage_Tests.Unknown_control_bytes_are_rejected_without_truncation_or_repair(length: 3)" storage="__LOCAL_HOME__/.t3/worktrees/litedb/t3code-0cc13448/artifacts_temp/integration/litedb.tests/bin/release/net10.0/litedb.tests.dll" id="57d178d0-d00e-e467-3ad7-e77947d2551b">
      <Execution id="a69274fb-3c7a-42b1-87ef-8e3c81bcaf92" />
      <TestMethod codeBase="__WORKSPACE__/artifacts_temp/integration/LiteDB.Tests/bin/Release/net10.0/LiteDB.Tests.dll" adapterTypeName="executor://xunit/VsTestRunner2/netcoreapp" className="LiteDB.Tests.Engine.SharedCoordinationPage_Tests" name="Unknown_control_bytes_are_rejected_without_truncation_or_repair" />
    </UnitTest>
    <UnitTest name="LiteDB.Tests.Engine.SharedCoordinationPage_Tests.Unknown_control_bytes_are_rejected_without_truncation_or_repair(length: 0)" storage="__LOCAL_HOME__/.t3/worktrees/litedb/t3code-0cc13448/artifacts_temp/integration/litedb.tests/bin/release/net10.0/litedb.tests.dll" id="ea04cb50-f8cb-268e-29e2-b1cd884b626a">
      <Execution id="4c508447-0cfc-4863-9392-dd4fd8389924" />
      <TestMethod codeBase="__WORKSPACE__/artifacts_temp/integration/LiteDB.Tests/bin/Release/net10.0/LiteDB.Tests.dll" adapterTypeName="executor://xunit/VsTestRunner2/netcoreapp" className="LiteDB.Tests.Engine.SharedCoordinationPage_Tests" name="Unknown_control_bytes_are_rejected_without_truncation_or_repair" />
    </UnitTest>
    <UnitTest name="LiteDB.Tests.Engine.SharedCoordinationPage_Tests.Releasing_one_view_preserves_published_state_for_a_live_peer(explicitlyDispose: False)" storage="__LOCAL_HOME__/.t3/worktrees/litedb/t3code-0cc13448/artifacts_temp/integration/litedb.tests/bin/release/net10.0/litedb.tests.dll" id="7a0449f3-fa3f-a035-9aae-19feed71eda1">
      <Execution id="a9cbe46e-f635-4f94-8c1f-1d0e953a2048" />
      <TestMethod codeBase="__WORKSPACE__/artifacts_temp/integration/LiteDB.Tests/bin/Release/net10.0/LiteDB.Tests.dll" adapterTypeName="executor://xunit/VsTestRunner2/netcoreapp" className="LiteDB.Tests.Engine.SharedCoordinationPage_Tests" name="Releasing_one_view_preserves_published_state_for_a_live_peer" />
    </UnitTest>
    <UnitTest name="LiteDB.Tests.Engine.SharedCoordinationPage_Tests.Epoch_allocation_measurement_detects_per_publication_allocations" storage="__LOCAL_HOME__/.t3/worktrees/litedb/t3code-0cc13448/artifacts_temp/integration/litedb.tests/bin/release/net10.0/litedb.tests.dll" id="316ac8d4-3b6d-c02f-03cf-eba512c3218e">
      <Execution id="dd3192b1-ca85-4914-ae17-cb5b6fa6728f" />
      <TestMethod codeBase="__WORKSPACE__/artifacts_temp/integration/LiteDB.Tests/bin/Release/net10.0/LiteDB.Tests.dll" adapterTypeName="executor://xunit/VsTestRunner2/netcoreapp" className="LiteDB.Tests.Engine.SharedCoordinationPage_Tests" name="Epoch_allocation_measurement_detects_per_publication_allocations" />
    </UnitTest>
    <UnitTest name="LiteDB.Tests.Engine.SharedCoordinationPage_Tests.Revocation_probe_distinguishes_missing_present_and_unresolvable_paths" storage="__LOCAL_HOME__/.t3/worktrees/litedb/t3code-0cc13448/artifacts_temp/integration/litedb.tests/bin/release/net10.0/litedb.tests.dll" id="0fcbc85f-a1a6-8b86-dd5d-086496aa00e7">
      <Execution id="aef185e2-ad67-460a-abcc-489066879a66" />
      <TestMethod codeBase="__WORKSPACE__/artifacts_temp/integration/LiteDB.Tests/bin/Release/net10.0/LiteDB.Tests.dll" adapterTypeName="executor://xunit/VsTestRunner2/netcoreapp" className="LiteDB.Tests.Engine.SharedCoordinationPage_Tests" name="Revocation_probe_distinguishes_missing_present_and_unresolvable_paths" />
    </UnitTest>
    <UnitTest name="LiteDB.Tests.Engine.SharedCoordinationPage_Tests.Unknown_control_bytes_are_rejected_without_truncation_or_repair(length: 4096)" storage="__LOCAL_HOME__/.t3/worktrees/litedb/t3code-0cc13448/artifacts_temp/integration/litedb.tests/bin/release/net10.0/litedb.tests.dll" id="253e6534-029f-5b18-19d6-33273c23e7c4">
      <Execution id="a0137b00-ebe3-47dd-bece-8672b325e130" />
      <TestMethod codeBase="__WORKSPACE__/artifacts_temp/integration/LiteDB.Tests/bin/Release/net10.0/LiteDB.Tests.dll" adapterTypeName="executor://xunit/VsTestRunner2/netcoreapp" className="LiteDB.Tests.Engine.SharedCoordinationPage_Tests" name="Unknown_control_bytes_are_rejected_without_truncation_or_repair" />
    </UnitTest>
    <UnitTest name="LiteDB.Tests.Engine.SharedCoordinationPage_Tests.Releasing_one_view_preserves_published_state_for_a_live_peer(explicitlyDispose: True)" storage="__LOCAL_HOME__/.t3/worktrees/litedb/t3code-0cc13448/artifacts_temp/integration/litedb.tests/bin/release/net10.0/litedb.tests.dll" id="d2f38920-352a-338d-7031-396f0c87325a">
      <Execution id="58a7e310-7c5f-45f7-a3b8-d97a50203d5f" />
      <TestMethod codeBase="__WORKSPACE__/artifacts_temp/integration/LiteDB.Tests/bin/Release/net10.0/LiteDB.Tests.dll" adapterTypeName="executor://xunit/VsTestRunner2/netcoreapp" className="LiteDB.Tests.Engine.SharedCoordinationPage_Tests" name="Releasing_one_view_preserves_published_state_for_a_live_peer" />
    </UnitTest>
    <UnitTest name="LiteDB.Tests.Engine.SharedCoordinationPage_Tests.Forgotten_mapping_releases_pointer_and_participation_handle_on_collection" storage="__LOCAL_HOME__/.t3/worktrees/litedb/t3code-0cc13448/artifacts_temp/integration/litedb.tests/bin/release/net10.0/litedb.tests.dll" id="1debd7a6-4254-f0d6-4365-41fd4901f22d">
      <Execution id="edad52c3-aa1f-419f-8792-6f90ffeef340" />
      <TestMethod codeBase="__WORKSPACE__/artifacts_temp/integration/LiteDB.Tests/bin/Release/net10.0/LiteDB.Tests.dll" adapterTypeName="executor://xunit/VsTestRunner2/netcoreapp" className="LiteDB.Tests.Engine.SharedCoordinationPage_Tests" name="Forgotten_mapping_releases_pointer_and_participation_handle_on_collection" />
    </UnitTest>
    <UnitTest name="LiteDB.Tests.Engine.SharedCoordinationPage_Tests.Repeated_structural_publication_never_exposes_an_intermediate_version" storage="__LOCAL_HOME__/.t3/worktrees/litedb/t3code-0cc13448/artifacts_temp/integration/litedb.tests/bin/release/net10.0/litedb.tests.dll" id="06dc8fa2-646a-04e6-0cfa-7ca24a8899ce">
      <Execution id="e0812ae0-2427-49f3-a9ba-45b5dce3867d" />
      <TestMethod codeBase="__WORKSPACE__/artifacts_temp/integration/LiteDB.Tests/bin/Release/net10.0/LiteDB.Tests.dll" adapterTypeName="executor://xunit/VsTestRunner2/netcoreapp" className="LiteDB.Tests.Engine.SharedCoordinationPage_Tests" name="Repeated_structural_publication_never_exposes_an_intermediate_version" />
    </UnitTest>
  </TestDefinitions>
  <TestEntries>
    <TestEntry testId="0fcbc85f-a1a6-8b86-dd5d-086496aa00e7" executionId="aef185e2-ad67-460a-abcc-489066879a66" testListId="8c84fa94-04c1-424b-9868-57a2d4851a1d" />
    <TestEntry testId="06dc8fa2-646a-04e6-0cfa-7ca24a8899ce" executionId="e0812ae0-2427-49f3-a9ba-45b5dce3867d" testListId="8c84fa94-04c1-424b-9868-57a2d4851a1d" />
    <TestEntry testId="253e6534-029f-5b18-19d6-33273c23e7c4" executionId="a0137b00-ebe3-47dd-bece-8672b325e130" testListId="8c84fa94-04c1-424b-9868-57a2d4851a1d" />
    <TestEntry testId="34dcef05-e4cb-082e-7fd0-2f84e7552a90" executionId="d511534c-a8e8-40a3-a528-c5efed8c6ac1" testListId="8c84fa94-04c1-424b-9868-57a2d4851a1d" />
    <TestEntry testId="7a0449f3-fa3f-a035-9aae-19feed71eda1" executionId="a9cbe46e-f635-4f94-8c1f-1d0e953a2048" testListId="8c84fa94-04c1-424b-9868-57a2d4851a1d" />
    <TestEntry testId="d2f38920-352a-338d-7031-396f0c87325a" executionId="58a7e310-7c5f-45f7-a3b8-d97a50203d5f" testListId="8c84fa94-04c1-424b-9868-57a2d4851a1d" />
    <TestEntry testId="ae2d96ec-d68b-86f4-2563-1fe3aced2fd2" executionId="39264a3d-8324-461f-8737-5b218d7ac643" testListId="8c84fa94-04c1-424b-9868-57a2d4851a1d" />
    <TestEntry testId="1debd7a6-4254-f0d6-4365-41fd4901f22d" executionId="edad52c3-aa1f-419f-8792-6f90ffeef340" testListId="8c84fa94-04c1-424b-9868-57a2d4851a1d" />
    <TestEntry testId="ea04cb50-f8cb-268e-29e2-b1cd884b626a" executionId="4c508447-0cfc-4863-9392-dd4fd8389924" testListId="8c84fa94-04c1-424b-9868-57a2d4851a1d" />
    <TestEntry testId="bab63b27-2136-285a-4404-43b4ef9439dd" executionId="fe94c5b3-9e41-47a4-ae32-68a2ac9b06f9" testListId="8c84fa94-04c1-424b-9868-57a2d4851a1d" />
    <TestEntry testId="57d178d0-d00e-e467-3ad7-e77947d2551b" executionId="a69274fb-3c7a-42b1-87ef-8e3c81bcaf92" testListId="8c84fa94-04c1-424b-9868-57a2d4851a1d" />
    <TestEntry testId="316ac8d4-3b6d-c02f-03cf-eba512c3218e" executionId="dd3192b1-ca85-4914-ae17-cb5b6fa6728f" testListId="8c84fa94-04c1-424b-9868-57a2d4851a1d" />
    <TestEntry testId="e8543c17-e564-c2ef-e14c-f91139e9631c" executionId="65354faf-9261-43c0-90b2-91fe95e07920" testListId="8c84fa94-04c1-424b-9868-57a2d4851a1d" />
  </TestEntries>
  <TestLists>
    <TestList name="Results Not in a List" id="8c84fa94-04c1-424b-9868-57a2d4851a1d" />
    <TestList name="All Loaded Results" id="19431567-8539-422a-85d7-44ee4e166bda" />
  </TestLists>
  <ResultSummary outcome="Completed">
    <Counters total="13" executed="13" passed="13" failed="0" error="0" timeout="0" aborted="0" inconclusive="0" passedButRunAborted="0" notRunnable="0" notExecuted="0" disconnected="0" warning="0" completed="0" inProgress="0" pending="0" />
    <Output>
      <StdOut>[xUnit.net 00:00:00.00] xUnit.net VSTest Adapter v2.8.2+699d445a1a (64-bit .NET 10.0.11)
[xUnit.net 00:00:00.13]   Discovering: LiteDB.Tests
[xUnit.net 00:00:00.67]   Discovered:  LiteDB.Tests
[xUnit.net 00:00:00.68]   Starting:    LiteDB.Tests
[xUnit.net 00:00:00.97]   Finished:    LiteDB.Tests
</StdOut>
    </Output>
  </ResultSummary>
</TestRun>