test_actual_child_must_exit_before_database_wal_and_coordination_are_copied (test_retained_fixtures.RetainedFixtureTests.test_actual_child_must_exit_before_database_wal_and_coordination_are_copied) ... Fixture collection failure (primary test failure preserved): Fixture host is still running; refusing to copy
ok
test_copy_failure_is_separate_and_remaining_files_are_collected (test_retained_fixtures.RetainedFixtureTests.test_copy_failure_is_separate_and_remaining_files_are_collected) ... Fixture collection failure (primary test failure preserved): __WORKSPACE__/temporary/tmp9hry9uyx/litedb-aaaaaaaaaaaaaaaaaaaaaaaaaaaaaaaa.db: copy failure sentinel
ok
test_exited_unreaped_child_has_no_live_handles (test_retained_fixtures.RetainedFixtureTests.test_exited_unreaped_child_has_no_live_handles) ... ok
test_native_crash_directory_waits_for_child_and_retains_exact_recovery_set (test_retained_fixtures.RetainedFixtureTests.test_native_crash_directory_waits_for_child_and_retains_exact_recovery_set) ... Fixture collection failure (primary test failure preserved): Fixture child 2466826 is still running; refusing to copy
ok
test_native_crash_manifest_cannot_capture_an_arbitrary_directory (test_retained_fixtures.RetainedFixtureTests.test_native_crash_manifest_cannot_capture_an_arbitrary_directory) ... Fixture collection failure (primary test failure preserved): Expected an absolute GUID native-crash-directory directory
ok
test_no_failures_is_noop (test_retained_fixtures.RetainedFixtureTests.test_no_failures_is_noop) ... ok
test_shared_followup_cannot_capture_other_fixture_kinds_or_arbitrary_directories (test_retained_fixtures.RetainedFixtureTests.test_shared_followup_cannot_capture_other_fixture_kinds_or_arbitrary_directories) ... Fixture collection failure (primary test failure preserved): Expected an absolute GUID shared-followup-directory directory
Fixture collection failure (primary test failure preserved): Expected an absolute GUID shared-followup-directory directory
Fixture collection failure (primary test failure preserved): Expected an absolute GUID shared-followup-directory directory
ok
test_shared_followup_waits_for_every_child_after_host_exit (test_retained_fixtures.RetainedFixtureTests.test_shared_followup_waits_for_every_child_after_host_exit) ... Fixture collection failure (primary test failure preserved): Fixture child 2466827 is still running; refusing to copy
Fixture collection failure (primary test failure preserved): Fixture child 2466828 is still running; refusing to copy
ok
test_shared_followup_waits_for_host_and_keeps_raw_files_and_diagnostics (test_retained_fixtures.RetainedFixtureTests.test_shared_followup_waits_for_host_and_keeps_raw_files_and_diagnostics) ... Fixture collection failure (primary test failure preserved): Fixture host is still running; refusing to copy
ok

----------------------------------------------------------------------
Ran 9 tests in 0.109s

OK
