WARNING: LiteDB.ReproRunner/Repros/Issue_2586_RollbackTransaction/Program.cs: 605 lines exceeds the recommended 300 (Existing rollback transaction reproduction harness, unchanged since before the size check was introduced in 3996dabe; baseline for the dev-to-master PR. No further growth allowed.)
WARNING: LiteDB.Tests/Engine/DropCollection_Tests.cs: 401 lines exceeds the recommended 300
WARNING: LiteDB.Tests/Engine/RebuildFaultHarness.cs: 322 lines exceeds the recommended 300
WARNING: LiteDB.Tests/Engine/SharedCoordinationPage_Tests.cs: 323 lines exceeds the recommended 300
WARNING: LiteDB.Tests/Engine/SharedLateReaderClose_Tests.cs: 329 lines exceeds the recommended 300
WARNING: LiteDB.Tests/Engine/SharedReaderPin_Tests.cs: 449 lines exceeds the recommended 300
WARNING: LiteDB.Tests/Engine/Transactions_Tests.cs: 456 lines exceeds the recommended 300
WARNING: LiteDB.Tests/Issues/Issue2818_DurableCommits_Tests.cs: 402 lines exceeds the recommended 300
WARNING: LiteDB.Tests/Issues/Issue2824_OmittedPassword_Tests.cs: 362 lines exceeds the recommended 300
WARNING: LiteDB.Tests/Query/VectorIndex_Tests.cs: 1018 lines exceeds the recommended 300 (Existing vector index persistence regression fixture, unchanged since before the size check was introduced in 3996dabe; baseline for the dev-to-master PR. No further growth allowed.)
WARNING: LiteDB/Client/Coordinated/CoordinatorClient.Snapshots.cs: 420 lines exceeds the recommended 300
WARNING: LiteDB/Client/Database/LiteDatabase.cs: 449 lines exceeds the recommended 300
WARNING: LiteDB/Client/Shared/SharedCoordinationPage.cs: 367 lines exceeds the recommended 300
WARNING: LiteDB/Client/Shared/SharedEngine.CoordinatedReads.cs: 405 lines exceeds the recommended 300
WARNING: LiteDB/Client/Shared/SharedEngine.Query.cs: 483 lines exceeds the recommended 300
WARNING: LiteDB/Client/Shared/SharedEngine.cs: 464 lines exceeds the recommended 300
WARNING: LiteDB/Client/Shared/SharedMutexOwner.cs: 488 lines exceeds the recommended 300
WARNING: LiteDB/Client/Structures/ConnectionString.cs: 498 lines exceeds the recommended 300
WARNING: LiteDB/Client/Transactions/LiteTransaction.cs: 302 lines exceeds the recommended 300
WARNING: LiteDB/Engine/Disk/PageFramePool.cs: 367 lines exceeds the recommended 300
WARNING: LiteDB/Engine/Disk/StreamFactory/SharedFileHandles.cs: 380 lines exceeds the recommended 300
WARNING: LiteDB/Engine/EngineSettings.cs: 327 lines exceeds the recommended 300
WARNING: LiteDB/Engine/LiteEngine.cs: 381 lines exceeds the recommended 300
WARNING: LiteDB/Engine/Services/RebuildService.cs: 388 lines exceeds the recommended 300
WARNING: LiteDB/Engine/Services/SnapShot.cs: 728 lines exceeds the recommended 300 (Existing snapshot lifecycle implementation; retain its tested ownership boundaries in this correction. No further growth allowed.)
WARNING: LiteDB/Engine/Services/TransactionService.cs: 500 lines exceeds the recommended 300
