  Determining projects to restore...
__WORKSPACE__/temporary/pr133-reader-cleanup-review/LiteDB/LiteDB.csproj : warning NU1510: PackageReference System.ComponentModel.TypeConverter will not be pruned. This package is automatically available and does not need to be referenced explicitly. Remove the PackageReference item. [__WORKSPACE__/temporary/pr133-reader-cleanup-review/LiteDB.Tests/LiteDB.Tests.csproj]
  All projects are up-to-date for restore.
__WORKSPACE__/temporary/pr133-reader-cleanup-review/LiteDB/LiteDB.csproj : warning NU1510: PackageReference System.ComponentModel.TypeConverter will not be pruned. This package is automatically available and does not need to be referenced explicitly. Remove the PackageReference item. [TargetFramework=net10.0]
  LiteDB -> __WORKSPACE__/temporary/pr133-reader-cleanup-review/LiteDB/bin/Release/net10.0/LiteDB.dll
__WORKSPACE__/temporary/pr133-reader-cleanup-review/LiteDB/LiteDB.csproj : warning NU1510: PackageReference System.ComponentModel.TypeConverter will not be pruned. This package is automatically available and does not need to be referenced explicitly. Remove the PackageReference item. [TargetFramework=net8.0]
  LiteDB -> __WORKSPACE__/temporary/pr133-reader-cleanup-review/LiteDB/bin/Release/net8.0/LiteDB.dll
  SharedMutexHarness -> __WORKSPACE__/temporary/pr133-reader-cleanup-review/LiteDB.Tests.SharedMutexHarness/bin/Release/net8.0/SharedMutexHarness.dll
__WORKSPACE__/temporary/pr133-reader-cleanup-review/LiteDB.Tests/Issues/Issue1829Invocation_Tests.cs(91,58): warning CS1718: Comparison made to same variable; did you mean to compare something else? [__WORKSPACE__/temporary/pr133-reader-cleanup-review/LiteDB.Tests/LiteDB.Tests.csproj::TargetFramework=net10.0]
__WORKSPACE__/temporary/pr133-reader-cleanup-review/LiteDB.Tests/Issues/Issue1829Invocation_Tests.cs(105,57): warning CS1718: Comparison made to same variable; did you mean to compare something else? [__WORKSPACE__/temporary/pr133-reader-cleanup-review/LiteDB.Tests/LiteDB.Tests.csproj::TargetFramework=net10.0]
__WORKSPACE__/temporary/pr133-reader-cleanup-review/LiteDB.Tests/Issues/Issue2265_Tests.cs(38,20): warning CS8632: The annotation for nullable reference types should only be used in code within a '#nullable' annotations context. [__WORKSPACE__/temporary/pr133-reader-cleanup-review/LiteDB.Tests/LiteDB.Tests.csproj::TargetFramework=net10.0]
__WORKSPACE__/temporary/pr133-reader-cleanup-review/LiteDB.Tests/Internals/Aes_Tests.cs(54,17): warning CA2022: Avoid inexact read with 'LiteDB.Engine.AesStream.Read(byte[], int, int)' (https://learn.microsoft.com/dotnet/fundamentals/code-analysis/quality-rules/ca2022) [__WORKSPACE__/temporary/pr133-reader-cleanup-review/LiteDB.Tests/LiteDB.Tests.csproj::TargetFramework=net10.0]
__WORKSPACE__/temporary/pr133-reader-cleanup-review/LiteDB.Tests/Internals/Aes_Tests.cs(57,17): warning CA2022: Avoid inexact read with 'LiteDB.Engine.AesStream.Read(byte[], int, int)' (https://learn.microsoft.com/dotnet/fundamentals/code-analysis/quality-rules/ca2022) [__WORKSPACE__/temporary/pr133-reader-cleanup-review/LiteDB.Tests/LiteDB.Tests.csproj::TargetFramework=net10.0]
__WORKSPACE__/temporary/pr133-reader-cleanup-review/LiteDB.Tests/Internals/Aes_Tests.cs(60,17): warning CA2022: Avoid inexact read with 'LiteDB.Engine.AesStream.Read(byte[], int, int)' (https://learn.microsoft.com/dotnet/fundamentals/code-analysis/quality-rules/ca2022) [__WORKSPACE__/temporary/pr133-reader-cleanup-review/LiteDB.Tests/LiteDB.Tests.csproj::TargetFramework=net10.0]
__WORKSPACE__/temporary/pr133-reader-cleanup-review/LiteDB.Tests/Internals/Aes_Tests.cs(140,21): warning CA2022: Avoid inexact read with 'System.Security.Cryptography.CryptoStream.Read(byte[], int, int)' (https://learn.microsoft.com/dotnet/fundamentals/code-analysis/quality-rules/ca2022) [__WORKSPACE__/temporary/pr133-reader-cleanup-review/LiteDB.Tests/LiteDB.Tests.csproj::TargetFramework=net10.0]
__WORKSPACE__/temporary/pr133-reader-cleanup-review/LiteDB.Tests/Internals/TransactionHandleProcess_Tests.cs(22,13): warning xUnit2013: Do not use Assert.Equal() to check for collection size. Use Assert.Single instead. (https://xunit.net/xunit.analyzers/rules/xUnit2013) [__WORKSPACE__/temporary/pr133-reader-cleanup-review/LiteDB.Tests/LiteDB.Tests.csproj::TargetFramework=net10.0]
__WORKSPACE__/temporary/pr133-reader-cleanup-review/LiteDB.Tests/Internals/CacheAsync_Tests.cs(86,18): warning xUnit1031: Test methods should not use blocking task operations, as they can cause deadlocks. Use an async test method and await instead. (https://xunit.net/xunit.analyzers/rules/xUnit1031) [__WORKSPACE__/temporary/pr133-reader-cleanup-review/LiteDB.Tests/LiteDB.Tests.csproj::TargetFramework=net10.0]
__WORKSPACE__/temporary/pr133-reader-cleanup-review/LiteDB.Tests/Engine/CoordinatorSafety_Tests.cs(252,13): warning CA2022: Avoid inexact read with 'System.IO.FileStream.Read(byte[], int, int)' (https://learn.microsoft.com/dotnet/fundamentals/code-analysis/quality-rules/ca2022) [__WORKSPACE__/temporary/pr133-reader-cleanup-review/LiteDB.Tests/LiteDB.Tests.csproj::TargetFramework=net10.0]
__WORKSPACE__/temporary/pr133-reader-cleanup-review/LiteDB.Tests/Engine/CompactSchemaCacheConcurrency_Tests.cs(96,18): warning xUnit1031: Test methods should not use blocking task operations, as they can cause deadlocks. Use an async test method and await instead. (https://xunit.net/xunit.analyzers/rules/xUnit1031) [__WORKSPACE__/temporary/pr133-reader-cleanup-review/LiteDB.Tests/LiteDB.Tests.csproj::TargetFramework=net10.0]
__WORKSPACE__/temporary/pr133-reader-cleanup-review/LiteDB.Tests/Engine/CoordinatorSnapshotReads_Tests.cs(161,28): warning xUnit1031: Test methods should not use blocking task operations, as they can cause deadlocks. Use an async test method and await instead. (https://xunit.net/xunit.analyzers/rules/xUnit1031) [__WORKSPACE__/temporary/pr133-reader-cleanup-review/LiteDB.Tests/LiteDB.Tests.csproj::TargetFramework=net10.0]
__WORKSPACE__/temporary/pr133-reader-cleanup-review/LiteDB.Tests/Engine/CoordinatorSnapshotReads_Tests.cs(172,24): warning xUnit1031: Test methods should not use blocking task operations, as they can cause deadlocks. Use an async test method and await instead. (https://xunit.net/xunit.analyzers/rules/xUnit1031) [__WORKSPACE__/temporary/pr133-reader-cleanup-review/LiteDB.Tests/LiteDB.Tests.csproj::TargetFramework=net10.0]
__WORKSPACE__/temporary/pr133-reader-cleanup-review/LiteDB.Tests/Issues/Issue1192DirectDictionary_Tests.cs(186,13): warning xUnit2013: Do not use Assert.Equal() to check for collection size. Use Assert.Empty instead. (https://xunit.net/xunit.analyzers/rules/xUnit2013) [__WORKSPACE__/temporary/pr133-reader-cleanup-review/LiteDB.Tests/LiteDB.Tests.csproj::TargetFramework=net10.0]
__WORKSPACE__/temporary/pr133-reader-cleanup-review/LiteDB.Tests/Engine/CoordinatorPlatform_Tests.cs(289,22): warning xUnit1031: Test methods should not use blocking task operations, as they can cause deadlocks. Use an async test method and await instead. (https://xunit.net/xunit.analyzers/rules/xUnit1031) [__WORKSPACE__/temporary/pr133-reader-cleanup-review/LiteDB.Tests/LiteDB.Tests.csproj::TargetFramework=net10.0]
__WORKSPACE__/temporary/pr133-reader-cleanup-review/LiteDB.Tests/Engine/TransactionHandle_Tests.cs(146,32): warning xUnit1031: Test methods should not use blocking task operations, as they can cause deadlocks. Use an async test method and await instead. (https://xunit.net/xunit.analyzers/rules/xUnit1031) [__WORKSPACE__/temporary/pr133-reader-cleanup-review/LiteDB.Tests/LiteDB.Tests.csproj::TargetFramework=net10.0]
__WORKSPACE__/temporary/pr133-reader-cleanup-review/LiteDB.Tests/Engine/TransactionHandleSharedPinCancellation_Tests.cs(56,38): warning xUnit1031: Test methods should not use blocking task operations, as they can cause deadlocks. Use an async test method and await instead. (https://xunit.net/xunit.analyzers/rules/xUnit1031) [__WORKSPACE__/temporary/pr133-reader-cleanup-review/LiteDB.Tests/LiteDB.Tests.csproj::TargetFramework=net10.0]
__WORKSPACE__/temporary/pr133-reader-cleanup-review/LiteDB.Tests/Engine/TransactionHandleSharedPinCancellation_Tests.cs(57,68): warning xUnit1031: Test methods should not use blocking task operations, as they can cause deadlocks. Use an async test method and await instead. (https://xunit.net/xunit.analyzers/rules/xUnit1031) [__WORKSPACE__/temporary/pr133-reader-cleanup-review/LiteDB.Tests/LiteDB.Tests.csproj::TargetFramework=net10.0]
__WORKSPACE__/temporary/pr133-reader-cleanup-review/LiteDB.Tests/Engine/TransactionHandleSharedPinCancellation_Tests.cs(66,38): warning xUnit1031: Test methods should not use blocking task operations, as they can cause deadlocks. Use an async test method and await instead. (https://xunit.net/xunit.analyzers/rules/xUnit1031) [__WORKSPACE__/temporary/pr133-reader-cleanup-review/LiteDB.Tests/LiteDB.Tests.csproj::TargetFramework=net10.0]
__WORKSPACE__/temporary/pr133-reader-cleanup-review/LiteDB.Tests/Engine/Issue2881_VectorPromotion_Tests.cs(147,13): warning CA2022: Avoid inexact read with 'System.IO.Stream.Read(byte[], int, int)' (https://learn.microsoft.com/dotnet/fundamentals/code-analysis/quality-rules/ca2022) [__WORKSPACE__/temporary/pr133-reader-cleanup-review/LiteDB.Tests/LiteDB.Tests.csproj::TargetFramework=net10.0]
__WORKSPACE__/temporary/pr133-reader-cleanup-review/LiteDB.Tests/Engine/NativeAdmissionDirectContextLifetime_Tests.cs(151,37): warning xUnit1031: Test methods should not use blocking task operations, as they can cause deadlocks. Use an async test method and await instead. (https://xunit.net/xunit.analyzers/rules/xUnit1031) [__WORKSPACE__/temporary/pr133-reader-cleanup-review/LiteDB.Tests/LiteDB.Tests.csproj::TargetFramework=net10.0]
__WORKSPACE__/temporary/pr133-reader-cleanup-review/LiteDB.Tests/Engine/NativeAdmissionDirectPoolFinalizer_Tests.cs(74,13): warning xUnit2013: Do not use Assert.Equal() to check for collection size. Use Assert.Single instead. (https://xunit.net/xunit.analyzers/rules/xUnit2013) [__WORKSPACE__/temporary/pr133-reader-cleanup-review/LiteDB.Tests/LiteDB.Tests.csproj::TargetFramework=net10.0]
__WORKSPACE__/temporary/pr133-reader-cleanup-review/LiteDB.Tests/Engine/TransactionHandleRawCloseDependency_Tests.cs(33,35): warning xUnit1031: Test methods should not use blocking task operations, as they can cause deadlocks. Use an async test method and await instead. (https://xunit.net/xunit.analyzers/rules/xUnit1031) [__WORKSPACE__/temporary/pr133-reader-cleanup-review/LiteDB.Tests/LiteDB.Tests.csproj::TargetFramework=net10.0]
__WORKSPACE__/temporary/pr133-reader-cleanup-review/LiteDB.Tests/Engine/TransactionHandleSharedAdmission_Tests.cs(48,34): warning xUnit1031: Test methods should not use blocking task operations, as they can cause deadlocks. Use an async test method and await instead. (https://xunit.net/xunit.analyzers/rules/xUnit1031) [__WORKSPACE__/temporary/pr133-reader-cleanup-review/LiteDB.Tests/LiteDB.Tests.csproj::TargetFramework=net10.0]
__WORKSPACE__/temporary/pr133-reader-cleanup-review/LiteDB.Tests/Engine/TransactionHandleSharedAdmission_Tests.cs(49,64): warning xUnit1031: Test methods should not use blocking task operations, as they can cause deadlocks. Use an async test method and await instead. (https://xunit.net/xunit.analyzers/rules/xUnit1031) [__WORKSPACE__/temporary/pr133-reader-cleanup-review/LiteDB.Tests/LiteDB.Tests.csproj::TargetFramework=net10.0]
__WORKSPACE__/temporary/pr133-reader-cleanup-review/LiteDB.Tests/Engine/TransactionHandleSharedAdmission_Tests.cs(54,22): warning xUnit1031: Test methods should not use blocking task operations, as they can cause deadlocks. Use an async test method and await instead. (https://xunit.net/xunit.analyzers/rules/xUnit1031) [__WORKSPACE__/temporary/pr133-reader-cleanup-review/LiteDB.Tests/LiteDB.Tests.csproj::TargetFramework=net10.0]
__WORKSPACE__/temporary/pr133-reader-cleanup-review/LiteDB.Tests/Engine/TransactionHandleMaintenanceProgress_Tests.cs(81,32): warning xUnit1031: Test methods should not use blocking task operations, as they can cause deadlocks. Use an async test method and await instead. (https://xunit.net/xunit.analyzers/rules/xUnit1031) [__WORKSPACE__/temporary/pr133-reader-cleanup-review/LiteDB.Tests/LiteDB.Tests.csproj::TargetFramework=net10.0]
__WORKSPACE__/temporary/pr133-reader-cleanup-review/LiteDB.Tests/Engine/NativeAdmissionDirectContext_Tests.cs(140,38): warning xUnit1031: Test methods should not use blocking task operations, as they can cause deadlocks. Use an async test method and await instead. (https://xunit.net/xunit.analyzers/rules/xUnit1031) [__WORKSPACE__/temporary/pr133-reader-cleanup-review/LiteDB.Tests/LiteDB.Tests.csproj::TargetFramework=net10.0]
__WORKSPACE__/temporary/pr133-reader-cleanup-review/LiteDB.Tests/Engine/Coordinator_Tests.cs(262,20): warning xUnit1031: Test methods should not use blocking task operations, as they can cause deadlocks. Use an async test method and await instead. (https://xunit.net/xunit.analyzers/rules/xUnit1031) [__WORKSPACE__/temporary/pr133-reader-cleanup-review/LiteDB.Tests/LiteDB.Tests.csproj::TargetFramework=net10.0]
__WORKSPACE__/temporary/pr133-reader-cleanup-review/LiteDB.Tests/Engine/TransactionHandleMaintenanceProgress_Tests.cs(111,41): warning xUnit1031: Test methods should not use blocking task operations, as they can cause deadlocks. Use an async test method and await instead. (https://xunit.net/xunit.analyzers/rules/xUnit1031) [__WORKSPACE__/temporary/pr133-reader-cleanup-review/LiteDB.Tests/LiteDB.Tests.csproj::TargetFramework=net10.0]
__WORKSPACE__/temporary/pr133-reader-cleanup-review/LiteDB.Tests/Engine/TransactionHandleSharedAdmission_Tests.cs(91,34): warning xUnit1031: Test methods should not use blocking task operations, as they can cause deadlocks. Use an async test method and await instead. (https://xunit.net/xunit.analyzers/rules/xUnit1031) [__WORKSPACE__/temporary/pr133-reader-cleanup-review/LiteDB.Tests/LiteDB.Tests.csproj::TargetFramework=net10.0]
__WORKSPACE__/temporary/pr133-reader-cleanup-review/LiteDB.Tests/Engine/TransactionHandleSharedAdmission_Tests.cs(92,64): warning xUnit1031: Test methods should not use blocking task operations, as they can cause deadlocks. Use an async test method and await instead. (https://xunit.net/xunit.analyzers/rules/xUnit1031) [__WORKSPACE__/temporary/pr133-reader-cleanup-review/LiteDB.Tests/LiteDB.Tests.csproj::TargetFramework=net10.0]
__WORKSPACE__/temporary/pr133-reader-cleanup-review/LiteDB.Tests/Engine/TransactionHandleMaintenanceProgress_Tests.cs(157,41): warning xUnit1031: Test methods should not use blocking task operations, as they can cause deadlocks. Use an async test method and await instead. (https://xunit.net/xunit.analyzers/rules/xUnit1031) [__WORKSPACE__/temporary/pr133-reader-cleanup-review/LiteDB.Tests/LiteDB.Tests.csproj::TargetFramework=net10.0]
__WORKSPACE__/temporary/pr133-reader-cleanup-review/LiteDB.Tests/Engine/TransactionHandleContext_Tests.cs(24,46): warning CA1416: This call site is reachable on all platforms. 'WindowsIdentity.GetCurrent(bool)' is only supported on: 'windows'. (https://learn.microsoft.com/dotnet/fundamentals/code-analysis/quality-rules/ca1416) [__WORKSPACE__/temporary/pr133-reader-cleanup-review/LiteDB.Tests/LiteDB.Tests.csproj::TargetFramework=net10.0]
__WORKSPACE__/temporary/pr133-reader-cleanup-review/LiteDB.Tests/Engine/TransactionHandleMaintenanceProgress_Tests.cs(190,31): warning xUnit1031: Test methods should not use blocking task operations, as they can cause deadlocks. Use an async test method and await instead. (https://xunit.net/xunit.analyzers/rules/xUnit1031) [__WORKSPACE__/temporary/pr133-reader-cleanup-review/LiteDB.Tests/LiteDB.Tests.csproj::TargetFramework=net10.0]
__WORKSPACE__/temporary/pr133-reader-cleanup-review/LiteDB.Tests/Engine/TransactionHandleDisposeSafety_Tests.cs(250,55): warning xUnit1031: Test methods should not use blocking task operations, as they can cause deadlocks. Use an async test method and await instead. (https://xunit.net/xunit.analyzers/rules/xUnit1031) [__WORKSPACE__/temporary/pr133-reader-cleanup-review/LiteDB.Tests/LiteDB.Tests.csproj::TargetFramework=net10.0]
__WORKSPACE__/temporary/pr133-reader-cleanup-review/LiteDB.Tests/Engine/TransactionHandleAdmission_Tests.cs(83,37): warning xUnit1031: Test methods should not use blocking task operations, as they can cause deadlocks. Use an async test method and await instead. (https://xunit.net/xunit.analyzers/rules/xUnit1031) [__WORKSPACE__/temporary/pr133-reader-cleanup-review/LiteDB.Tests/LiteDB.Tests.csproj::TargetFramework=net10.0]
__WORKSPACE__/temporary/pr133-reader-cleanup-review/LiteDB.Tests/Engine/TransactionHandleAdmission_Tests.cs(84,112): warning xUnit1031: Test methods should not use blocking task operations, as they can cause deadlocks. Use an async test method and await instead. (https://xunit.net/xunit.analyzers/rules/xUnit1031) [__WORKSPACE__/temporary/pr133-reader-cleanup-review/LiteDB.Tests/LiteDB.Tests.csproj::TargetFramework=net10.0]
__WORKSPACE__/temporary/pr133-reader-cleanup-review/LiteDB.Tests/Engine/TransactionHandleAdmission_Tests.cs(85,62): warning xUnit1031: Test methods should not use blocking task operations, as they can cause deadlocks. Use an async test method and await instead. (https://xunit.net/xunit.analyzers/rules/xUnit1031) [__WORKSPACE__/temporary/pr133-reader-cleanup-review/LiteDB.Tests/LiteDB.Tests.csproj::TargetFramework=net10.0]
__WORKSPACE__/temporary/pr133-reader-cleanup-review/LiteDB.Tests/Engine/TransactionHandleAdmission_Tests.cs(130,37): warning xUnit1031: Test methods should not use blocking task operations, as they can cause deadlocks. Use an async test method and await instead. (https://xunit.net/xunit.analyzers/rules/xUnit1031) [__WORKSPACE__/temporary/pr133-reader-cleanup-review/LiteDB.Tests/LiteDB.Tests.csproj::TargetFramework=net10.0]
__WORKSPACE__/temporary/pr133-reader-cleanup-review/LiteDB.Tests/Engine/TransactionHandleAdmission_Tests.cs(131,57): warning xUnit1031: Test methods should not use blocking task operations, as they can cause deadlocks. Use an async test method and await instead. (https://xunit.net/xunit.analyzers/rules/xUnit1031) [__WORKSPACE__/temporary/pr133-reader-cleanup-review/LiteDB.Tests/LiteDB.Tests.csproj::TargetFramework=net10.0]
__WORKSPACE__/temporary/pr133-reader-cleanup-review/LiteDB.Tests/Engine/SharedReadPath_Tests.cs(43,13): warning CA2022: Avoid inexact read with 'System.IO.FileStream.Read(byte[], int, int)' (https://learn.microsoft.com/dotnet/fundamentals/code-analysis/quality-rules/ca2022) [__WORKSPACE__/temporary/pr133-reader-cleanup-review/LiteDB.Tests/LiteDB.Tests.csproj::TargetFramework=net10.0]
__WORKSPACE__/temporary/pr133-reader-cleanup-review/LiteDB.Tests/Engine/SharedDisposalFailure_Tests.cs(71,35): warning xUnit1031: Test methods should not use blocking task operations, as they can cause deadlocks. Use an async test method and await instead. (https://xunit.net/xunit.analyzers/rules/xUnit1031) [__WORKSPACE__/temporary/pr133-reader-cleanup-review/LiteDB.Tests/LiteDB.Tests.csproj::TargetFramework=net10.0]
__WORKSPACE__/temporary/pr133-reader-cleanup-review/LiteDB.Tests/Engine/SharedDisposalFailure_Tests.cs(72,54): warning xUnit1031: Test methods should not use blocking task operations, as they can cause deadlocks. Use an async test method and await instead. (https://xunit.net/xunit.analyzers/rules/xUnit1031) [__WORKSPACE__/temporary/pr133-reader-cleanup-review/LiteDB.Tests/LiteDB.Tests.csproj::TargetFramework=net10.0]
__WORKSPACE__/temporary/pr133-reader-cleanup-review/LiteDB.Tests/Engine/SharedDisposalFailure_Tests.cs(73,49): warning xUnit1031: Test methods should not use blocking task operations, as they can cause deadlocks. Use an async test method and await instead. (https://xunit.net/xunit.analyzers/rules/xUnit1031) [__WORKSPACE__/temporary/pr133-reader-cleanup-review/LiteDB.Tests/LiteDB.Tests.csproj::TargetFramework=net10.0]
__WORKSPACE__/temporary/pr133-reader-cleanup-review/LiteDB.Tests/Engine/SharedDisposalFailure_Tests.cs(93,37): warning xUnit1031: Test methods should not use blocking task operations, as they can cause deadlocks. Use an async test method and await instead. (https://xunit.net/xunit.analyzers/rules/xUnit1031) [__WORKSPACE__/temporary/pr133-reader-cleanup-review/LiteDB.Tests/LiteDB.Tests.csproj::TargetFramework=net10.0]
__WORKSPACE__/temporary/pr133-reader-cleanup-review/LiteDB.Tests/Engine/SharedDisposalFailure_Tests.cs(117,23): warning xUnit1031: Test methods should not use blocking task operations, as they can cause deadlocks. Use an async test method and await instead. (https://xunit.net/xunit.analyzers/rules/xUnit1031) [__WORKSPACE__/temporary/pr133-reader-cleanup-review/LiteDB.Tests/LiteDB.Tests.csproj::TargetFramework=net10.0]
__WORKSPACE__/temporary/pr133-reader-cleanup-review/LiteDB.Tests/Engine/NativeAdmissionIsolation_Tests.cs(56,25): warning xUnit1031: Test methods should not use blocking task operations, as they can cause deadlocks. Use an async test method and await instead. (https://xunit.net/xunit.analyzers/rules/xUnit1031) [__WORKSPACE__/temporary/pr133-reader-cleanup-review/LiteDB.Tests/LiteDB.Tests.csproj::TargetFramework=net10.0]
__WORKSPACE__/temporary/pr133-reader-cleanup-review/LiteDB.Tests/Engine/NativeAdmissionIsolation_Tests.cs(65,22): warning xUnit1031: Test methods should not use blocking task operations, as they can cause deadlocks. Use an async test method and await instead. (https://xunit.net/xunit.analyzers/rules/xUnit1031) [__WORKSPACE__/temporary/pr133-reader-cleanup-review/LiteDB.Tests/LiteDB.Tests.csproj::TargetFramework=net10.0]
__WORKSPACE__/temporary/pr133-reader-cleanup-review/LiteDB.Tests/Issues/Issue2112_Tests.cs(32,13): warning xUnit2013: Do not use Assert.Equal() to check for collection size. Use Assert.Single instead. (https://xunit.net/xunit.analyzers/rules/xUnit2013) [__WORKSPACE__/temporary/pr133-reader-cleanup-review/LiteDB.Tests/LiteDB.Tests.csproj::TargetFramework=net10.0]
__WORKSPACE__/temporary/pr133-reader-cleanup-review/LiteDB.Tests/Issues/Issue2243ReferenceSchema_Tests.cs(21,13): warning xUnit2013: Do not use Assert.Equal() to check for collection size. Use Assert.Empty instead. (https://xunit.net/xunit.analyzers/rules/xUnit2013) [__WORKSPACE__/temporary/pr133-reader-cleanup-review/LiteDB.Tests/LiteDB.Tests.csproj::TargetFramework=net10.0]
__WORKSPACE__/temporary/pr133-reader-cleanup-review/LiteDB.Tests/Issues/Issue2243ReferenceSchema_Tests.cs(22,13): warning xUnit2013: Do not use Assert.Equal() to check for collection size. Use Assert.Empty instead. (https://xunit.net/xunit.analyzers/rules/xUnit2013) [__WORKSPACE__/temporary/pr133-reader-cleanup-review/LiteDB.Tests/LiteDB.Tests.csproj::TargetFramework=net10.0]
__WORKSPACE__/temporary/pr133-reader-cleanup-review/LiteDB.Tests/Issues/Issue2324_Tests.cs(64,33): warning xUnit1031: Test methods should not use blocking task operations, as they can cause deadlocks. Use an async test method and await instead. (https://xunit.net/xunit.analyzers/rules/xUnit1031) [__WORKSPACE__/temporary/pr133-reader-cleanup-review/LiteDB.Tests/LiteDB.Tests.csproj::TargetFramework=net10.0]
__WORKSPACE__/temporary/pr133-reader-cleanup-review/LiteDB.Tests/Issues/Issue2848_Tests.cs(87,89): warning xUnit1031: Test methods should not use blocking task operations, as they can cause deadlocks. Use an async test method and await instead. (https://xunit.net/xunit.analyzers/rules/xUnit1031) [__WORKSPACE__/temporary/pr133-reader-cleanup-review/LiteDB.Tests/LiteDB.Tests.csproj::TargetFramework=net10.0]
__WORKSPACE__/temporary/pr133-reader-cleanup-review/LiteDB.Tests/Issues/Issue2814Admission_Tests.cs(56,78): warning xUnit1031: Test methods should not use blocking task operations, as they can cause deadlocks. Use an async test method and await instead. (https://xunit.net/xunit.analyzers/rules/xUnit1031) [__WORKSPACE__/temporary/pr133-reader-cleanup-review/LiteDB.Tests/LiteDB.Tests.csproj::TargetFramework=net10.0]
__WORKSPACE__/temporary/pr133-reader-cleanup-review/LiteDB.Tests/Issues/Issue2814_Tests.cs(57,26): warning xUnit1031: Test methods should not use blocking task operations, as they can cause deadlocks. Use an async test method and await instead. (https://xunit.net/xunit.analyzers/rules/xUnit1031) [__WORKSPACE__/temporary/pr133-reader-cleanup-review/LiteDB.Tests/LiteDB.Tests.csproj::TargetFramework=net10.0]
__WORKSPACE__/temporary/pr133-reader-cleanup-review/LiteDB.Tests/Issues/Issue2792SnapshotPublication_Tests.cs(65,57): warning xUnit1031: Test methods should not use blocking task operations, as they can cause deadlocks. Use an async test method and await instead. (https://xunit.net/xunit.analyzers/rules/xUnit1031) [__WORKSPACE__/temporary/pr133-reader-cleanup-review/LiteDB.Tests/LiteDB.Tests.csproj::TargetFramework=net10.0]
__WORKSPACE__/temporary/pr133-reader-cleanup-review/LiteDB.Tests/Issues/Issue2792SnapshotPublication_Tests.cs(66,37): warning xUnit1031: Test methods should not use blocking task operations, as they can cause deadlocks. Use an async test method and await instead. (https://xunit.net/xunit.analyzers/rules/xUnit1031) [__WORKSPACE__/temporary/pr133-reader-cleanup-review/LiteDB.Tests/LiteDB.Tests.csproj::TargetFramework=net10.0]
__WORKSPACE__/temporary/pr133-reader-cleanup-review/LiteDB.Tests/Issues/Issue2790ReaderLease_Tests.cs(43,37): warning xUnit1030: Test methods should not call ConfigureAwait(false), as it may bypass parallelization limits. Omit ConfigureAwait, or use ConfigureAwait(true) to avoid CA2007. (https://xunit.net/xunit.analyzers/rules/xUnit1030) [__WORKSPACE__/temporary/pr133-reader-cleanup-review/LiteDB.Tests/LiteDB.Tests.csproj::TargetFramework=net10.0]
__WORKSPACE__/temporary/pr133-reader-cleanup-review/LiteDB.Tests/Issues/Issue2792_Tests.cs(48,24): warning xUnit1031: Test methods should not use blocking task operations, as they can cause deadlocks. Use an async test method and await instead. (https://xunit.net/xunit.analyzers/rules/xUnit1031) [__WORKSPACE__/temporary/pr133-reader-cleanup-review/LiteDB.Tests/LiteDB.Tests.csproj::TargetFramework=net10.0]
__WORKSPACE__/temporary/pr133-reader-cleanup-review/LiteDB.Tests/Issues/Issue2792_Tests.cs(53,24): warning xUnit1031: Test methods should not use blocking task operations, as they can cause deadlocks. Use an async test method and await instead. (https://xunit.net/xunit.analyzers/rules/xUnit1031) [__WORKSPACE__/temporary/pr133-reader-cleanup-review/LiteDB.Tests/LiteDB.Tests.csproj::TargetFramework=net10.0]
__WORKSPACE__/temporary/pr133-reader-cleanup-review/LiteDB.Tests/Issues/Issue2792_Tests.cs(54,44): warning xUnit1031: Test methods should not use blocking task operations, as they can cause deadlocks. Use an async test method and await instead. (https://xunit.net/xunit.analyzers/rules/xUnit1031) [__WORKSPACE__/temporary/pr133-reader-cleanup-review/LiteDB.Tests/LiteDB.Tests.csproj::TargetFramework=net10.0]
__WORKSPACE__/temporary/pr133-reader-cleanup-review/LiteDB.Tests/Issues/Issue2792_Tests.cs(59,24): warning xUnit1031: Test methods should not use blocking task operations, as they can cause deadlocks. Use an async test method and await instead. (https://xunit.net/xunit.analyzers/rules/xUnit1031) [__WORKSPACE__/temporary/pr133-reader-cleanup-review/LiteDB.Tests/LiteDB.Tests.csproj::TargetFramework=net10.0]
__WORKSPACE__/temporary/pr133-reader-cleanup-review/LiteDB.Tests/Issues/Issue2792_Tests.cs(60,24): warning xUnit1031: Test methods should not use blocking task operations, as they can cause deadlocks. Use an async test method and await instead. (https://xunit.net/xunit.analyzers/rules/xUnit1031) [__WORKSPACE__/temporary/pr133-reader-cleanup-review/LiteDB.Tests/LiteDB.Tests.csproj::TargetFramework=net10.0]
  LiteDB.Tests -> __WORKSPACE__/temporary/pr133-reader-cleanup-review/LiteDB.Tests/bin/Release/net10.0/LiteDB.Tests.dll
Test run for __WORKSPACE__/temporary/pr133-reader-cleanup-review/LiteDB.Tests/bin/Release/net10.0/LiteDB.Tests.dll (.NETCoreApp,Version=v10.0)
A total of 1 test files matched the specified pattern.
[xUnit.net 00:00:01.01]     LiteDB.Tests.Engine.ReviewSharedReaderCleanup_Tests.Leased_self_dispose_refusal_is_retryable_and_retires_native_admission(password: null, openCore: False, self: True) [FAIL]
[xUnit.net 00:00:01.15]     LiteDB.Tests.Engine.ReviewSharedReaderCleanup_Tests.Leased_self_dispose_refusal_is_retryable_and_retires_native_admission(password: "secret", openCore: False, self: True) [FAIL]
  Failed LiteDB.Tests.Engine.ReviewSharedReaderCleanup_Tests.Leased_self_dispose_refusal_is_retryable_and_retires_native_admission(password: null, openCore: False, self: True) [242 ms]
  Error Message:
   Snapshot remained open; Direct probe: LiteDB.DatabaseAdmissionException: Cannot safely admit database access to '__WORKSPACE__/temporary/litedb-9632b2eb10cf4633bb6a80288f6416fd.db': could not acquire the OS-native database admission lock. An incompatible connection or unsupported locking environment may prevent access. Cause: Incompatible local database access. Independent Direct writers require one shared LiteEngine.
 ---> System.IO.IOException: Incompatible local database access. Independent Direct writers require one shared LiteEngine.
   at LiteDB.Client.Shared.DatabaseAdmissionRegistry.Open(String filename, Boolean shared, SharedMutexNameStrategy strategy, Boolean readOnly, Boolean engine, Boolean create, Boolean allowHostLocalFallback) in __WORKSPACE__/temporary/pr133-reader-cleanup-review/LiteDB/Client/Shared/DatabaseAdmissionRegistry.cs:line 51
   at LiteDB.Client.Shared.SharedModeGuard.<>c__DisplayClass6_0.<Open>b__0() in __WORKSPACE__/temporary/pr133-reader-cleanup-review/LiteDB/Client/Shared/SharedModeGuard.cs:line 81
   at LiteDB.Client.Shared.SharedCoordinationFile.RetrySharingViolation[T](Func`1 operation) in __WORKSPACE__/temporary/pr133-reader-cleanup-review/LiteDB/Client/Shared/SharedCoordinationFile.cs:line 66
   at LiteDB.Client.Shared.SharedModeGuard.Open(String filename, Boolean shared, SharedMutexNameStrategy strategy, Boolean readOnly, Boolean engine, Nullable`1 create, Boolean allowHostLocalFallback) in __WORKSPACE__/temporary/pr133-reader-cleanup-review/LiteDB/Client/Shared/SharedModeGuard.cs:line 80
   --- End of inner exception stack trace ---
   at LiteDB.Client.Shared.SharedModeGuard.Open(String filename, Boolean shared, SharedMutexNameStrategy strategy, Boolean readOnly, Boolean engine, Nullable`1 create, Boolean allowHostLocalFallback) in __WORKSPACE__/temporary/pr133-reader-cleanup-review/LiteDB/Client/Shared/SharedModeGuard.cs:line 87
   at LiteDB.Client.Shared.SharedModeGuard.Open(EngineSettings settings) in __WORKSPACE__/temporary/pr133-reader-cleanup-review/LiteDB/Client/Shared/SharedModeGuard.cs:line 28
   at LiteDB.Engine.LiteEngine.Open() in __WORKSPACE__/temporary/pr133-reader-cleanup-review/LiteDB/Engine/LiteEngine.cs:line 121
   at LiteDB.Engine.LiteEngine..ctor(EngineSettings settings) in __WORKSPACE__/temporary/pr133-reader-cleanup-review/LiteDB/Engine/LiteEngine.cs:line 99
   at LiteDB.Tests.Engine.ReviewSharedReaderCleanup_Tests.<>c__DisplayClass2_0.<Leased_self_dispose_refusal_is_retryable_and_retires_native_admission>b__1() in __WORKSPACE__/temporary/pr133-reader-cleanup-review/LiteDB.Tests/Engine/ReviewSharedReaderCleanup_Tests.cs:line 46
   at Xunit.Record.Exception(Action testCode) in /_/src/xunit.core/Record.cs:line 25
  Stack Trace:
     at LiteDB.Tests.Engine.ReviewSharedReaderCleanup_Tests.Leased_self_dispose_refusal_is_retryable_and_retires_native_admission(String password, Boolean openCore, Boolean self) in __WORKSPACE__/temporary/pr133-reader-cleanup-review/LiteDB.Tests/Engine/ReviewSharedReaderCleanup_Tests.cs:line 47
   at System.Reflection.MethodBaseInvoker.InterpretedInvoke_Method(Object obj, IntPtr* args)
   at System.Reflection.MethodBaseInvoker.InvokeDirectByRefWithFewArgs(Object obj, Span`1 copyOfArgs, BindingFlags invokeAttr)
  Failed LiteDB.Tests.Engine.ReviewSharedReaderCleanup_Tests.Leased_self_dispose_refusal_is_retryable_and_retires_native_admission(password: "secret", openCore: False, self: True) [128 ms]
  Error Message:
   Snapshot remained open; Direct probe: LiteDB.DatabaseAdmissionException: Cannot safely admit database access to '__WORKSPACE__/temporary/litedb-a72a28a9772f4b4db1307aef2067a9cb.db': could not acquire the OS-native database admission lock. An incompatible connection or unsupported locking environment may prevent access. Cause: Incompatible local database access. Independent Direct writers require one shared LiteEngine.
 ---> System.IO.IOException: Incompatible local database access. Independent Direct writers require one shared LiteEngine.
   at LiteDB.Client.Shared.DatabaseAdmissionRegistry.Open(String filename, Boolean shared, SharedMutexNameStrategy strategy, Boolean readOnly, Boolean engine, Boolean create, Boolean allowHostLocalFallback) in __WORKSPACE__/temporary/pr133-reader-cleanup-review/LiteDB/Client/Shared/DatabaseAdmissionRegistry.cs:line 51
   at LiteDB.Client.Shared.SharedModeGuard.<>c__DisplayClass6_0.<Open>b__0() in __WORKSPACE__/temporary/pr133-reader-cleanup-review/LiteDB/Client/Shared/SharedModeGuard.cs:line 81
   at LiteDB.Client.Shared.SharedCoordinationFile.RetrySharingViolation[T](Func`1 operation) in __WORKSPACE__/temporary/pr133-reader-cleanup-review/LiteDB/Client/Shared/SharedCoordinationFile.cs:line 66
   at LiteDB.Client.Shared.SharedModeGuard.Open(String filename, Boolean shared, SharedMutexNameStrategy strategy, Boolean readOnly, Boolean engine, Nullable`1 create, Boolean allowHostLocalFallback) in __WORKSPACE__/temporary/pr133-reader-cleanup-review/LiteDB/Client/Shared/SharedModeGuard.cs:line 80
   --- End of inner exception stack trace ---
   at LiteDB.Client.Shared.SharedModeGuard.Open(String filename, Boolean shared, SharedMutexNameStrategy strategy, Boolean readOnly, Boolean engine, Nullable`1 create, Boolean allowHostLocalFallback) in __WORKSPACE__/temporary/pr133-reader-cleanup-review/LiteDB/Client/Shared/SharedModeGuard.cs:line 87
   at LiteDB.Client.Shared.SharedModeGuard.Open(EngineSettings settings) in __WORKSPACE__/temporary/pr133-reader-cleanup-review/LiteDB/Client/Shared/SharedModeGuard.cs:line 28
   at LiteDB.Engine.LiteEngine.Open() in __WORKSPACE__/temporary/pr133-reader-cleanup-review/LiteDB/Engine/LiteEngine.cs:line 121
   at LiteDB.Engine.LiteEngine..ctor(EngineSettings settings) in __WORKSPACE__/temporary/pr133-reader-cleanup-review/LiteDB/Engine/LiteEngine.cs:line 99
   at LiteDB.Tests.Engine.ReviewSharedReaderCleanup_Tests.<>c__DisplayClass2_0.<Leased_self_dispose_refusal_is_retryable_and_retires_native_admission>b__1() in __WORKSPACE__/temporary/pr133-reader-cleanup-review/LiteDB.Tests/Engine/ReviewSharedReaderCleanup_Tests.cs:line 46
   at Xunit.Record.Exception(Action testCode) in /_/src/xunit.core/Record.cs:line 25
  Stack Trace:
     at LiteDB.Tests.Engine.ReviewSharedReaderCleanup_Tests.Leased_self_dispose_refusal_is_retryable_and_retires_native_admission(String password, Boolean openCore, Boolean self) in __WORKSPACE__/temporary/pr133-reader-cleanup-review/LiteDB.Tests/Engine/ReviewSharedReaderCleanup_Tests.cs:line 47
   at InvokeStub_ReviewSharedReaderCleanup_Tests.Leased_self_dispose_refusal_is_retryable_and_retires_native_admission(Object, Span`1)
   at System.Reflection.MethodBaseInvoker.InvokeWithFewArgs(Object obj, BindingFlags invokeAttr, Binder binder, Object[] parameters, CultureInfo culture)
[xUnit.net 00:00:01.60]     LiteDB.Tests.Engine.ReviewSharedReaderCleanup_Tests.Leased_self_dispose_refusal_is_retryable_and_retires_native_admission(password: "secret", openCore: True, self: True) [FAIL]
[xUnit.net 00:00:01.65]     LiteDB.Tests.Engine.ReviewSharedReaderCleanup_Tests.Leased_self_dispose_refusal_is_retryable_and_retires_native_admission(password: null, openCore: True, self: True) [FAIL]
  Failed LiteDB.Tests.Engine.ReviewSharedReaderCleanup_Tests.Leased_self_dispose_refusal_is_retryable_and_retires_native_admission(password: "secret", openCore: True, self: True) [124 ms]
  Error Message:
   Snapshot remained open; Direct probe: LiteDB.DatabaseAdmissionException: Cannot safely admit database access to '__WORKSPACE__/temporary/litedb-cf72fa03babb4be8a25ac433740a73e9.db': could not acquire the OS-native database admission lock. An incompatible connection or unsupported locking environment may prevent access. Cause: Incompatible local database access. Independent Direct writers require one shared LiteEngine.
 ---> System.IO.IOException: Incompatible local database access. Independent Direct writers require one shared LiteEngine.
   at LiteDB.Client.Shared.DatabaseAdmissionRegistry.Open(String filename, Boolean shared, SharedMutexNameStrategy strategy, Boolean readOnly, Boolean engine, Boolean create, Boolean allowHostLocalFallback) in __WORKSPACE__/temporary/pr133-reader-cleanup-review/LiteDB/Client/Shared/DatabaseAdmissionRegistry.cs:line 51
   at LiteDB.Client.Shared.SharedModeGuard.<>c__DisplayClass6_0.<Open>b__0() in __WORKSPACE__/temporary/pr133-reader-cleanup-review/LiteDB/Client/Shared/SharedModeGuard.cs:line 81
   at LiteDB.Client.Shared.SharedCoordinationFile.RetrySharingViolation[T](Func`1 operation) in __WORKSPACE__/temporary/pr133-reader-cleanup-review/LiteDB/Client/Shared/SharedCoordinationFile.cs:line 66
   at LiteDB.Client.Shared.SharedModeGuard.Open(String filename, Boolean shared, SharedMutexNameStrategy strategy, Boolean readOnly, Boolean engine, Nullable`1 create, Boolean allowHostLocalFallback) in __WORKSPACE__/temporary/pr133-reader-cleanup-review/LiteDB/Client/Shared/SharedModeGuard.cs:line 80
   --- End of inner exception stack trace ---
   at LiteDB.Client.Shared.SharedModeGuard.Open(String filename, Boolean shared, SharedMutexNameStrategy strategy, Boolean readOnly, Boolean engine, Nullable`1 create, Boolean allowHostLocalFallback) in __WORKSPACE__/temporary/pr133-reader-cleanup-review/LiteDB/Client/Shared/SharedModeGuard.cs:line 87
   at LiteDB.Client.Shared.SharedModeGuard.Open(EngineSettings settings) in __WORKSPACE__/temporary/pr133-reader-cleanup-review/LiteDB/Client/Shared/SharedModeGuard.cs:line 28
   at LiteDB.Engine.LiteEngine.Open() in __WORKSPACE__/temporary/pr133-reader-cleanup-review/LiteDB/Engine/LiteEngine.cs:line 121
   at LiteDB.Engine.LiteEngine..ctor(EngineSettings settings) in __WORKSPACE__/temporary/pr133-reader-cleanup-review/LiteDB/Engine/LiteEngine.cs:line 99
   at LiteDB.Tests.Engine.ReviewSharedReaderCleanup_Tests.<>c__DisplayClass2_0.<Leased_self_dispose_refusal_is_retryable_and_retires_native_admission>b__1() in __WORKSPACE__/temporary/pr133-reader-cleanup-review/LiteDB.Tests/Engine/ReviewSharedReaderCleanup_Tests.cs:line 46
   at Xunit.Record.Exception(Action testCode) in /_/src/xunit.core/Record.cs:line 25
  Stack Trace:
     at LiteDB.Tests.Engine.ReviewSharedReaderCleanup_Tests.Leased_self_dispose_refusal_is_retryable_and_retires_native_admission(String password, Boolean openCore, Boolean self) in __WORKSPACE__/temporary/pr133-reader-cleanup-review/LiteDB.Tests/Engine/ReviewSharedReaderCleanup_Tests.cs:line 47
   at InvokeStub_ReviewSharedReaderCleanup_Tests.Leased_self_dispose_refusal_is_retryable_and_retires_native_admission(Object, Span`1)
   at System.Reflection.MethodBaseInvoker.InvokeWithFewArgs(Object obj, BindingFlags invokeAttr, Binder binder, Object[] parameters, CultureInfo culture)
  Failed LiteDB.Tests.Engine.ReviewSharedReaderCleanup_Tests.Leased_self_dispose_refusal_is_retryable_and_retires_native_admission(password: null, openCore: True, self: True) [57 ms]
  Error Message:
   Snapshot remained open; Direct probe: LiteDB.DatabaseAdmissionException: Cannot safely admit database access to '__WORKSPACE__/temporary/litedb-3093cb2cc9dd485d85cd54449d485526.db': could not acquire the OS-native database admission lock. An incompatible connection or unsupported locking environment may prevent access. Cause: Incompatible local database access. Independent Direct writers require one shared LiteEngine.
 ---> System.IO.IOException: Incompatible local database access. Independent Direct writers require one shared LiteEngine.
   at LiteDB.Client.Shared.DatabaseAdmissionRegistry.Open(String filename, Boolean shared, SharedMutexNameStrategy strategy, Boolean readOnly, Boolean engine, Boolean create, Boolean allowHostLocalFallback) in __WORKSPACE__/temporary/pr133-reader-cleanup-review/LiteDB/Client/Shared/DatabaseAdmissionRegistry.cs:line 51
   at LiteDB.Client.Shared.SharedModeGuard.<>c__DisplayClass6_0.<Open>b__0() in __WORKSPACE__/temporary/pr133-reader-cleanup-review/LiteDB/Client/Shared/SharedModeGuard.cs:line 81
   at LiteDB.Client.Shared.SharedCoordinationFile.RetrySharingViolation[T](Func`1 operation) in __WORKSPACE__/temporary/pr133-reader-cleanup-review/LiteDB/Client/Shared/SharedCoordinationFile.cs:line 66
   at LiteDB.Client.Shared.SharedModeGuard.Open(String filename, Boolean shared, SharedMutexNameStrategy strategy, Boolean readOnly, Boolean engine, Nullable`1 create, Boolean allowHostLocalFallback) in __WORKSPACE__/temporary/pr133-reader-cleanup-review/LiteDB/Client/Shared/SharedModeGuard.cs:line 80
   --- End of inner exception stack trace ---
   at LiteDB.Client.Shared.SharedModeGuard.Open(String filename, Boolean shared, SharedMutexNameStrategy strategy, Boolean readOnly, Boolean engine, Nullable`1 create, Boolean allowHostLocalFallback) in __WORKSPACE__/temporary/pr133-reader-cleanup-review/LiteDB/Client/Shared/SharedModeGuard.cs:line 87
   at LiteDB.Client.Shared.SharedModeGuard.Open(EngineSettings settings) in __WORKSPACE__/temporary/pr133-reader-cleanup-review/LiteDB/Client/Shared/SharedModeGuard.cs:line 28
   at LiteDB.Engine.LiteEngine.Open() in __WORKSPACE__/temporary/pr133-reader-cleanup-review/LiteDB/Engine/LiteEngine.cs:line 121
   at LiteDB.Engine.LiteEngine..ctor(EngineSettings settings) in __WORKSPACE__/temporary/pr133-reader-cleanup-review/LiteDB/Engine/LiteEngine.cs:line 99
   at LiteDB.Tests.Engine.ReviewSharedReaderCleanup_Tests.<>c__DisplayClass2_0.<Leased_self_dispose_refusal_is_retryable_and_retires_native_admission>b__1() in __WORKSPACE__/temporary/pr133-reader-cleanup-review/LiteDB.Tests/Engine/ReviewSharedReaderCleanup_Tests.cs:line 46
   at Xunit.Record.Exception(Action testCode) in /_/src/xunit.core/Record.cs:line 25
  Stack Trace:
     at LiteDB.Tests.Engine.ReviewSharedReaderCleanup_Tests.Leased_self_dispose_refusal_is_retryable_and_retires_native_admission(String password, Boolean openCore, Boolean self) in __WORKSPACE__/temporary/pr133-reader-cleanup-review/LiteDB.Tests/Engine/ReviewSharedReaderCleanup_Tests.cs:line 47
   at InvokeStub_ReviewSharedReaderCleanup_Tests.Leased_self_dispose_refusal_is_retryable_and_retires_native_admission(Object, Span`1)
   at System.Reflection.MethodBaseInvoker.InvokeWithFewArgs(Object obj, BindingFlags invokeAttr, Binder binder, Object[] parameters, CultureInfo culture)
Results File: __WORKSPACE__/temporary/pr133-reader-cleanup-review/LiteDB.Tests/TestResults/leased-admission-before.trx

Failed!  - Failed:     4, Passed:     4, Skipped:     0, Total:     8, Duration: 994 ms - LiteDB.Tests.dll (net10.0)
