<?xml version="1.0" encoding="utf-8"?>
<TestRun id="b09d49ae-9505-42cc-8de7-dc5bed6c1d59" name="@dev-build-server 2026-09-30 10:36:30" xmlns="http://microsoft.com/schemas/VisualStudio/TeamTest/2010">
  <Times creation="2026-09-30T10:36:30.3053145+00:00" queuing="2026-09-30T10:36:30.3053145+00:00" start="2026-09-30T10:36:28.4365510+00:00" finish="2026-09-30T10:36:37.6037119+00:00" />
  <TestSettings name="default" id="d1bf402b-a7ae-4bd6-a553-99eb4818ae8a">
    <Deployment runDeploymentRoot="_dev-build-server_2026-09-30_10_36_30" />
  </TestSettings>
  <Results>
    <UnitTestResult executionId="b0db566e-31a3-45b1-94de-733d6a762b32" testId="560fe22b-03cd-7c41-5185-d7e0a4927cb7" testName="LiteDB.Tests.Engine.SharedDisposalFailure_Tests.Pin_close_failure_finishes_connection_cleanup_and_preserves_leased_reader(password: &quot;secret&quot;, failures: 1)" computerName="dev-build-server" duration="00:00:00.7364708" startTime="2026-09-30T10:36:34.0009016+00:00" endTime="2026-09-30T10:36:34.0009023+00:00" testType="13cdc9d9-ddb5-4fa4-a97d-d965ccfc6d4b" outcome="Passed" testListId="8c84fa94-04c1-424b-9868-57a2d4851a1d" relativeResultsDirectory="b0db566e-31a3-45b1-94de-733d6a762b32" />
    <UnitTestResult executionId="dc23d732-3221-4946-a3b4-c10e52836891" testId="3aec4e38-0cad-2bbd-fd55-644cf9afd285" testName="LiteDB.Tests.Engine.SharedDisposalFailure_Tests.Pin_close_failure_finishes_connection_cleanup_and_preserves_leased_reader(password: &quot;secret&quot;, failures: 0)" computerName="dev-build-server" duration="00:00:00.7736813" startTime="2026-09-30T10:36:35.5500486+00:00" endTime="2026-09-30T10:36:35.5500487+00:00" testType="13cdc9d9-ddb5-4fa4-a97d-d965ccfc6d4b" outcome="Passed" testListId="8c84fa94-04c1-424b-9868-57a2d4851a1d" relativeResultsDirectory="dc23d732-3221-4946-a3b4-c10e52836891" />
    <UnitTestResult executionId="d36bedbc-a538-43ce-a15f-fadf325b3723" testId="7a1e25ae-98e5-db96-bfa6-69365d38cd69" testName="LiteDB.Tests.Engine.SharedReaderPin_Tests.Pinning_thread_that_exits_without_disposing_its_reader_releases_the_mutex" computerName="dev-build-server" duration="00:00:00.0964000" startTime="2026-09-30T10:36:31.8186485+00:00" endTime="2026-09-30T10:36:31.8186486+00:00" testType="13cdc9d9-ddb5-4fa4-a97d-d965ccfc6d4b" outcome="Passed" testListId="8c84fa94-04c1-424b-9868-57a2d4851a1d" relativeResultsDirectory="d36bedbc-a538-43ce-a15f-fadf325b3723" />
    <UnitTestResult executionId="e387dfb9-b12e-48c7-9f15-f16405672fbb" testId="18c30e23-23a4-56ba-ee0e-df1e712c33be" testName="LiteDB.Tests.Engine.SharedCallbackClose_Tests.Refused_raw_callback_close_keeps_native_ownership_until_operation_returns(password: &quot;secret&quot;, path: 0)" computerName="dev-build-server" duration="00:00:00.2320058" startTime="2026-09-30T10:36:36.8516423+00:00" endTime="2026-09-30T10:36:36.8516424+00:00" testType="13cdc9d9-ddb5-4fa4-a97d-d965ccfc6d4b" outcome="Passed" testListId="8c84fa94-04c1-424b-9868-57a2d4851a1d" relativeResultsDirectory="e387dfb9-b12e-48c7-9f15-f16405672fbb" />
    <UnitTestResult executionId="e2bfcb71-a861-4157-87df-447d77777bbe" testId="d55f80c0-9f22-c631-14b9-070cf32078a4" testName="LiteDB.Tests.Engine.SharedScopedCalls_Tests.A_read_transform_may_open_a_reader_that_is_disposed_off_thread" computerName="dev-build-server" duration="00:00:00.0427533" startTime="2026-09-30T10:36:32.5450653+00:00" endTime="2026-09-30T10:36:32.5450654+00:00" testType="13cdc9d9-ddb5-4fa4-a97d-d965ccfc6d4b" outcome="Passed" testListId="8c84fa94-04c1-424b-9868-57a2d4851a1d" relativeResultsDirectory="e2bfcb71-a861-4157-87df-447d77777bbe" />
    <UnitTestResult executionId="444e7196-80fa-4d3e-8927-57f4711f08fa" testId="da5e444d-2ecb-f79b-8572-4a24ab4b966b" testName="LiteDB.Tests.Engine.SharedReaderPin_Tests.Tight_write_loop_lets_another_thread_of_the_same_instance_in" computerName="dev-build-server" duration="00:00:00.0839691" startTime="2026-09-30T10:36:32.3234238+00:00" endTime="2026-09-30T10:36:32.3234239+00:00" testType="13cdc9d9-ddb5-4fa4-a97d-d965ccfc6d4b" outcome="Passed" testListId="8c84fa94-04c1-424b-9868-57a2d4851a1d" relativeResultsDirectory="444e7196-80fa-4d3e-8927-57f4711f08fa" />
    <UnitTestResult executionId="d48f2100-1cdf-483e-862f-06a2ff5bea5e" testId="bdc3fc1e-7253-8e30-3a71-6ec8e09ffe21" testName="LiteDB.Tests.Engine.SharedFinalCheckpointContract_Tests.Parent_final_checkpoint_remains_best_effort_and_failed_attempt_keeps_committed_wal(password: &quot;secret&quot;, fail: False)" computerName="dev-build-server" duration="00:00:00.1375413" startTime="2026-09-30T10:36:30.1909254+00:00" endTime="2026-09-30T10:36:30.1909255+00:00" testType="13cdc9d9-ddb5-4fa4-a97d-d965ccfc6d4b" outcome="Passed" testListId="8c84fa94-04c1-424b-9868-57a2d4851a1d" relativeResultsDirectory="d48f2100-1cdf-483e-862f-06a2ff5bea5e" />
    <UnitTestResult executionId="33f12d54-1027-4746-8041-eb4661ffca9c" testId="ae5d9ae8-ddba-8ecd-88b7-a8d4a8965d0d" testName="LiteDB.Tests.Engine.SharedReaderPin_Tests.Pinned_transaction_rejects_completion_from_another_thread" computerName="dev-build-server" duration="00:00:00.1084568" startTime="2026-09-30T10:36:32.4321638+00:00" endTime="2026-09-30T10:36:32.4321640+00:00" testType="13cdc9d9-ddb5-4fa4-a97d-d965ccfc6d4b" outcome="Passed" testListId="8c84fa94-04c1-424b-9868-57a2d4851a1d" relativeResultsDirectory="33f12d54-1027-4746-8041-eb4661ffca9c" />
    <UnitTestResult executionId="14049755-3137-483c-a714-5c8e877ca207" testId="5ae33888-979f-405a-7361-d58d0ac52cbd" testName="LiteDB.Tests.Engine.SharedReaderPin_Tests.Dispose_on_another_thread_ends_the_pin_without_throwing" computerName="dev-build-server" duration="00:00:00.0919601" startTime="2026-09-30T10:36:31.6107034+00:00" endTime="2026-09-30T10:36:31.6107035+00:00" testType="13cdc9d9-ddb5-4fa4-a97d-d965ccfc6d4b" outcome="Passed" testListId="8c84fa94-04c1-424b-9868-57a2d4851a1d" relativeResultsDirectory="14049755-3137-483c-a714-5c8e877ca207" />
    <UnitTestResult executionId="28c116b3-cd5d-4399-8ce3-2a6b41008f63" testId="c60da6ba-c2e0-e3dd-5f97-4f5f79d92030" testName="LiteDB.Tests.Engine.SharedCallbackClose_Tests.Refused_raw_callback_close_keeps_native_ownership_until_operation_returns(password: &quot;secret&quot;, path: 1)" computerName="dev-build-server" duration="00:00:00.2140740" startTime="2026-09-30T10:36:37.3877656+00:00" endTime="2026-09-30T10:36:37.3877658+00:00" testType="13cdc9d9-ddb5-4fa4-a97d-d965ccfc6d4b" outcome="Passed" testListId="8c84fa94-04c1-424b-9868-57a2d4851a1d" relativeResultsDirectory="28c116b3-cd5d-4399-8ce3-2a6b41008f63" />
    <UnitTestResult executionId="30cf04ef-6a28-4dc0-9bdf-11f6b705843d" testId="42d85d4a-8f1b-88f0-129c-d34dacfd7b43" testName="LiteDB.Tests.Engine.SharedCallbackClose_Tests.Refused_raw_callback_close_keeps_native_ownership_until_operation_returns(password: null, path: 1)" computerName="dev-build-server" duration="00:00:00.0471181" startTime="2026-09-30T10:36:37.4350690+00:00" endTime="2026-09-30T10:36:37.4350692+00:00" testType="13cdc9d9-ddb5-4fa4-a97d-d965ccfc6d4b" outcome="Passed" testListId="8c84fa94-04c1-424b-9868-57a2d4851a1d" relativeResultsDirectory="30cf04ef-6a28-4dc0-9bdf-11f6b705843d" />
    <UnitTestResult executionId="57d33b53-96fb-45b9-8049-5a8ffa071394" testId="fae40436-b112-0f98-da32-3408ea6b6481" testName="LiteDB.Tests.Engine.SharedScopedCalls_Tests.A_reader_opened_by_a_lazy_write_can_outlive_the_call_and_close_off_thread" computerName="dev-build-server" duration="00:00:00.0668639" startTime="2026-09-30T10:36:32.5020991+00:00" endTime="2026-09-30T10:36:32.5020992+00:00" testType="13cdc9d9-ddb5-4fa4-a97d-d965ccfc6d4b" outcome="Passed" testListId="8c84fa94-04c1-424b-9868-57a2d4851a1d" relativeResultsDirectory="57d33b53-96fb-45b9-8049-5a8ffa071394" />
    <UnitTestResult executionId="7158752e-3613-4120-be81-da1a6f1ed145" testId="420b69d2-dfcc-4ed4-8539-6e36bfd05364" testName="LiteDB.Tests.Engine.SharedReaderPin_Tests.Idle_pin_expires_for_a_live_owner_that_keeps_its_reader_open" computerName="dev-build-server" duration="00:00:00.1115389" startTime="2026-09-30T10:36:30.4824722+00:00" endTime="2026-09-30T10:36:30.4824723+00:00" testType="13cdc9d9-ddb5-4fa4-a97d-d965ccfc6d4b" outcome="Passed" testListId="8c84fa94-04c1-424b-9868-57a2d4851a1d" relativeResultsDirectory="7158752e-3613-4120-be81-da1a6f1ed145" />
    <UnitTestResult executionId="abf2e46d-da5c-4639-b241-613e76de6bec" testId="3f7f8400-0b32-2d4b-7bd4-2e7dd7e1c19d" testName="LiteDB.Tests.Engine.SharedFinalCheckpointContract_Tests.Parent_final_checkpoint_remains_best_effort_and_failed_attempt_keeps_committed_wal(password: null, fail: True)" computerName="dev-build-server" duration="00:00:00.0530449" startTime="2026-09-30T10:36:30.0532159+00:00" endTime="2026-09-30T10:36:30.0532160+00:00" testType="13cdc9d9-ddb5-4fa4-a97d-d965ccfc6d4b" outcome="Passed" testListId="8c84fa94-04c1-424b-9868-57a2d4851a1d" relativeResultsDirectory="abf2e46d-da5c-4639-b241-613e76de6bec" />
    <UnitTestResult executionId="7cea5df8-6118-4dcd-800e-7d16e61228cd" testId="148723b7-327d-27a7-4db1-006011233c27" testName="LiteDB.Tests.Engine.SharedCallbackClose_Tests.Refused_raw_callback_close_keeps_native_ownership_until_operation_returns(password: null, path: 0)" computerName="dev-build-server" duration="00:00:00.0523365" startTime="2026-09-30T10:36:37.1734924+00:00" endTime="2026-09-30T10:36:37.1734925+00:00" testType="13cdc9d9-ddb5-4fa4-a97d-d965ccfc6d4b" outcome="Passed" testListId="8c84fa94-04c1-424b-9868-57a2d4851a1d" relativeResultsDirectory="7cea5df8-6118-4dcd-800e-7d16e61228cd" />
    <UnitTestResult executionId="8a81bc8b-c1e6-4747-afd3-d99be4cef303" testId="dd0f6ce6-ba17-fb62-e486-7b9c1b980ee1" testName="LiteDB.Tests.Engine.SharedReaderPin_Tests.Another_thread_of_the_same_instance_ends_an_idle_pin" computerName="dev-build-server" duration="00:00:00.0684413" startTime="2026-09-30T10:36:32.2391831+00:00" endTime="2026-09-30T10:36:32.2391832+00:00" testType="13cdc9d9-ddb5-4fa4-a97d-d965ccfc6d4b" outcome="Passed" testListId="8c84fa94-04c1-424b-9868-57a2d4851a1d" relativeResultsDirectory="8a81bc8b-c1e6-4747-afd3-d99be4cef303" />
    <UnitTestResult executionId="38b6febb-8f0c-4f31-9878-4f99f0031516" testId="9ba207cd-52ab-b5de-c8bb-6facf2e4a715" testName="LiteDB.Tests.Engine.SharedReaderPin_Tests.Reader_disposed_after_an_await_ends_the_pin" computerName="dev-build-server" duration="00:00:00.1014594" startTime="2026-09-30T10:36:30.5861309+00:00" endTime="2026-09-30T10:36:30.5861309+00:00" testType="13cdc9d9-ddb5-4fa4-a97d-d965ccfc6d4b" outcome="Passed" testListId="8c84fa94-04c1-424b-9868-57a2d4851a1d" relativeResultsDirectory="38b6febb-8f0c-4f31-9878-4f99f0031516" />
    <UnitTestResult executionId="9559fa06-11ff-4eaf-9aa7-460077510da1" testId="41d7c62e-49c8-183e-8dd3-822161b1bc3c" testName="LiteDB.Tests.Engine.SharedReaderPin_Tests.Reader_disposed_off_the_pinning_thread_ends_the_pin_while_its_owner_idles" computerName="dev-build-server" duration="00:00:00.1109560" startTime="2026-09-30T10:36:31.7219758+00:00" endTime="2026-09-30T10:36:31.7219758+00:00" testType="13cdc9d9-ddb5-4fa4-a97d-d965ccfc6d4b" outcome="Passed" testListId="8c84fa94-04c1-424b-9868-57a2d4851a1d" relativeResultsDirectory="9559fa06-11ff-4eaf-9aa7-460077510da1" />
    <UnitTestResult executionId="99c8514d-99e5-4c41-9948-2eef2fbd6dc3" testId="b7d6ee39-b7a4-1567-f4e3-f5149f950d1c" testName="LiteDB.Tests.Engine.SharedDisposalFailure_Tests.Pin_close_failure_finishes_connection_cleanup_and_preserves_leased_reader(password: &quot;secret&quot;, failures: 2)" computerName="dev-build-server" duration="00:00:00.7748483" startTime="2026-09-30T10:36:34.7760831+00:00" endTime="2026-09-30T10:36:34.7760833+00:00" testType="13cdc9d9-ddb5-4fa4-a97d-d965ccfc6d4b" outcome="Passed" testListId="8c84fa94-04c1-424b-9868-57a2d4851a1d" relativeResultsDirectory="99c8514d-99e5-4c41-9948-2eef2fbd6dc3" />
    <UnitTestResult executionId="8879c437-119c-45c1-8f80-033f17aa32f0" testId="4805950c-18a5-8663-44e2-54062ea91279" testName="LiteDB.Tests.Engine.SharedCallbackClose_Tests.Refused_raw_callback_close_keeps_native_ownership_until_operation_returns(password: &quot;secret&quot;, path: 2)" computerName="dev-build-server" duration="00:00:00.2691294" startTime="2026-09-30T10:36:37.1209916+00:00" endTime="2026-09-30T10:36:37.1209918+00:00" testType="13cdc9d9-ddb5-4fa4-a97d-d965ccfc6d4b" outcome="Passed" testListId="8c84fa94-04c1-424b-9868-57a2d4851a1d" relativeResultsDirectory="8879c437-119c-45c1-8f80-033f17aa32f0" />
    <UnitTestResult executionId="6a4bae38-c898-472e-979d-6b74ca6be56b" testId="54516442-17fa-350e-89eb-4a4841622be9" testName="LiteDB.Tests.Engine.SharedScopedCalls_Tests.Failed_registration_followed_only_by_small_reads_does_not_disable_checkpoints" computerName="dev-build-server" duration="00:00:00.0871012" startTime="2026-09-30T10:36:32.6324106+00:00" endTime="2026-09-30T10:36:32.6324107+00:00" testType="13cdc9d9-ddb5-4fa4-a97d-d965ccfc6d4b" outcome="Passed" testListId="8c84fa94-04c1-424b-9868-57a2d4851a1d" relativeResultsDirectory="6a4bae38-c898-472e-979d-6b74ca6be56b" />
    <UnitTestResult executionId="7ee3d720-902c-4805-b027-9bf84cee6b83" testId="1e4f867e-906c-39c4-8aac-5005eed5449e" testName="LiteDB.Tests.Engine.SharedDataReaderDispose_Tests.Concurrent_disposal_ends_the_ownership_once" computerName="dev-build-server" duration="00:00:00.0231319" startTime="2026-09-30T10:36:37.5266882+00:00" endTime="2026-09-30T10:36:37.5266883+00:00" testType="13cdc9d9-ddb5-4fa4-a97d-d965ccfc6d4b" outcome="Passed" testListId="8c84fa94-04c1-424b-9868-57a2d4851a1d" relativeResultsDirectory="7ee3d720-902c-4805-b027-9bf84cee6b83" />
    <UnitTestResult executionId="c97c66e1-882d-40d2-a225-e1d369ab1561" testId="cf2acf11-4dd6-b1ec-1078-054a6f8f8819" testName="LiteDB.Tests.Engine.SharedDisposalFailure_Tests.Pin_close_failure_finishes_connection_cleanup_and_preserves_leased_reader(password: null, failures: 2)" computerName="dev-build-server" duration="00:00:00.5044049" startTime="2026-09-30T10:36:36.6188749+00:00" endTime="2026-09-30T10:36:36.6188750+00:00" testType="13cdc9d9-ddb5-4fa4-a97d-d965ccfc6d4b" outcome="Passed" testListId="8c84fa94-04c1-424b-9868-57a2d4851a1d" relativeResultsDirectory="c97c66e1-882d-40d2-a225-e1d369ab1561" />
    <UnitTestResult executionId="6e7ed674-afaa-4afb-882f-547f0128444b" testId="d6b970af-c726-db63-d865-8dfdba544412" testName="LiteDB.Tests.Engine.SharedReaderPin_Tests.Failed_write_inside_the_iteration_keeps_the_pin_balanced" computerName="dev-build-server" duration="00:00:00.2528141" startTime="2026-09-30T10:36:32.0718031+00:00" endTime="2026-09-30T10:36:32.0718032+00:00" testType="13cdc9d9-ddb5-4fa4-a97d-d965ccfc6d4b" outcome="Passed" testListId="8c84fa94-04c1-424b-9868-57a2d4851a1d" relativeResultsDirectory="6e7ed674-afaa-4afb-882f-547f0128444b" />
    <UnitTestResult executionId="a02abdff-9945-41fe-8802-84eda570225e" testId="6d0bc738-85fd-4dcc-72d6-51a40d4fea84" testName="LiteDB.Tests.Engine.SharedDisposalFailure_Tests.Pin_close_failure_finishes_connection_cleanup_and_preserves_leased_reader(password: null, failures: 0)" computerName="dev-build-server" duration="00:00:00.5567801" startTime="2026-09-30T10:36:33.2642349+00:00" endTime="2026-09-30T10:36:33.2642349+00:00" testType="13cdc9d9-ddb5-4fa4-a97d-d965ccfc6d4b" outcome="Passed" testListId="8c84fa94-04c1-424b-9868-57a2d4851a1d" relativeResultsDirectory="a02abdff-9945-41fe-8802-84eda570225e" />
    <UnitTestResult executionId="ac55428e-1c17-4e43-8793-e835cc16077c" testId="2581795a-707c-da57-84e4-3582fe7d6357" testName="LiteDB.Tests.Engine.SharedReaderPin_Tests.Pin_owner_hands_off_to_each_repeated_waiter" computerName="dev-build-server" duration="00:00:00.1760915" startTime="2026-09-30T10:36:30.3706934+00:00" endTime="2026-09-30T10:36:30.3706934+00:00" testType="13cdc9d9-ddb5-4fa4-a97d-d965ccfc6d4b" outcome="Passed" testListId="8c84fa94-04c1-424b-9868-57a2d4851a1d" relativeResultsDirectory="ac55428e-1c17-4e43-8793-e835cc16077c" />
    <UnitTestResult executionId="8f9545ef-0e99-460d-a6ac-40a7eff3a446" testId="bbc37144-3c4c-59fa-9922-a2a778c696ef" testName="LiteDB.Tests.Engine.SharedScopedCalls_Tests.Failed_lease_after_a_successful_probe_retries_before_execution_and_preserves_off_thread_disposal" computerName="dev-build-server" duration="00:00:00.0736324" startTime="2026-09-30T10:36:32.7069247+00:00" endTime="2026-09-30T10:36:32.7069248+00:00" testType="13cdc9d9-ddb5-4fa4-a97d-d965ccfc6d4b" outcome="Passed" testListId="8c84fa94-04c1-424b-9868-57a2d4851a1d" relativeResultsDirectory="8f9545ef-0e99-460d-a6ac-40a7eff3a446" />
    <UnitTestResult executionId="4e6e1c2c-d2ce-451d-9a77-d532c0e86442" testId="b1dc31aa-3e8f-bf82-78ec-f89482d62d59" testName="LiteDB.Tests.Engine.SharedDisposalFailure_Tests.Pin_close_failure_finishes_connection_cleanup_and_preserves_leased_reader(password: null, failures: 1)" computerName="dev-build-server" duration="00:00:00.5639345" startTime="2026-09-30T10:36:36.1142253+00:00" endTime="2026-09-30T10:36:36.1142254+00:00" testType="13cdc9d9-ddb5-4fa4-a97d-d965ccfc6d4b" outcome="Passed" testListId="8c84fa94-04c1-424b-9868-57a2d4851a1d" relativeResultsDirectory="4e6e1c2c-d2ce-451d-9a77-d532c0e86442" />
    <UnitTestResult executionId="8beb8f73-7aec-4965-8285-6fe6203fab60" testId="06be6e14-04aa-9e49-c6a1-7f0b65a5dad4" testName="LiteDB.Tests.Engine.SharedFinalCheckpointContract_Tests.Parent_final_checkpoint_remains_best_effort_and_failed_attempt_keeps_committed_wal(password: null, fail: False)" computerName="dev-build-server" duration="00:00:00.2117982" startTime="2026-09-30T10:36:29.8604416+00:00" endTime="2026-09-30T10:36:29.8604550+00:00" testType="13cdc9d9-ddb5-4fa4-a97d-d965ccfc6d4b" outcome="Passed" testListId="8c84fa94-04c1-424b-9868-57a2d4851a1d" relativeResultsDirectory="8beb8f73-7aec-4965-8285-6fe6203fab60" />
    <UnitTestResult executionId="5e8f3432-8730-4550-abe2-ff8a019f7bf5" testId="cbe91fb9-2d06-0370-2194-2ab86fab86aa" testName="LiteDB.Tests.Engine.SharedReaderPin_Tests.Another_process_waits_only_while_the_pin_is_in_use" computerName="dev-build-server" duration="00:00:00.8196345" startTime="2026-09-30T10:36:31.5184670+00:00" endTime="2026-09-30T10:36:31.5184670+00:00" testType="13cdc9d9-ddb5-4fa4-a97d-d965ccfc6d4b" outcome="Passed" testListId="8c84fa94-04c1-424b-9868-57a2d4851a1d" relativeResultsDirectory="5e8f3432-8730-4550-abe2-ff8a019f7bf5" />
    <UnitTestResult executionId="1f3ad2c9-c750-4690-9bc6-bff3acd931fc" testId="9cbd0592-a908-2eae-84be-6d2442b9c5a6" testName="LiteDB.Tests.Engine.SharedReaderPin_Tests.Nested_readers_share_one_pin_until_the_last_is_disposed" computerName="dev-build-server" duration="00:00:00.1111594" startTime="2026-09-30T10:36:30.6983245+00:00" endTime="2026-09-30T10:36:30.6983246+00:00" testType="13cdc9d9-ddb5-4fa4-a97d-d965ccfc6d4b" outcome="Passed" testListId="8c84fa94-04c1-424b-9868-57a2d4851a1d" relativeResultsDirectory="1f3ad2c9-c750-4690-9bc6-bff3acd931fc" />
    <UnitTestResult executionId="298eee2d-39d2-4dba-aed4-514087590c19" testId="439791b5-895d-78bd-d771-ac391c36231a" testName="LiteDB.Tests.Engine.SharedCallbackClose_Tests.Refused_raw_callback_close_keeps_native_ownership_until_operation_returns(password: null, path: 2)" computerName="dev-build-server" duration="00:00:00.0677841" startTime="2026-09-30T10:36:37.5029893+00:00" endTime="2026-09-30T10:36:37.5029894+00:00" testType="13cdc9d9-ddb5-4fa4-a97d-d965ccfc6d4b" outcome="Passed" testListId="8c84fa94-04c1-424b-9868-57a2d4851a1d" relativeResultsDirectory="298eee2d-39d2-4dba-aed4-514087590c19" />
    <UnitTestResult executionId="711ef23d-9bf9-46b6-8a7e-4ab882198c7b" testId="8bae3d3c-f4af-eaa5-2193-883421e5888c" testName="LiteDB.Tests.Engine.SharedFinalCheckpointContract_Tests.Parent_final_checkpoint_remains_best_effort_and_failed_attempt_keeps_committed_wal(password: &quot;secret&quot;, fail: True)" computerName="dev-build-server" duration="00:00:00.1367632" startTime="2026-09-30T10:36:29.9995659+00:00" endTime="2026-09-30T10:36:29.9995660+00:00" testType="13cdc9d9-ddb5-4fa4-a97d-d965ccfc6d4b" outcome="Passed" testListId="8c84fa94-04c1-424b-9868-57a2d4851a1d" relativeResultsDirectory="711ef23d-9bf9-46b6-8a7e-4ab882198c7b" />
    <UnitTestResult executionId="a475e7b2-ec67-42cf-bf2a-612acfcc2d6e" testId="095b9310-8eea-c2e9-b72b-7232bf6407fd" testName="LiteDB.Tests.Engine.SharedReaderPin_Tests.Write_query_reader_under_a_pin_can_be_disposed_on_another_thread" computerName="dev-build-server" duration="00:00:00.0982996" startTime="2026-09-30T10:36:32.1704622+00:00" endTime="2026-09-30T10:36:32.1704623+00:00" testType="13cdc9d9-ddb5-4fa4-a97d-d965ccfc6d4b" outcome="Passed" testListId="8c84fa94-04c1-424b-9868-57a2d4851a1d" relativeResultsDirectory="a475e7b2-ec67-42cf-bf2a-612acfcc2d6e" />
  </Results>
  <TestDefinitions>
    <UnitTest name="LiteDB.Tests.Engine.SharedFinalCheckpointContract_Tests.Parent_final_checkpoint_remains_best_effort_and_failed_attempt_keeps_committed_wal(password: &quot;secret&quot;, fail: False)" storage="__LOCAL_HOME__/.t3/worktrees/litedb/t3code-0cc13448/artifacts_temp/fix-shared-disposal/litedb.tests/bin/release/net8.0/litedb.tests.dll" id="bdc3fc1e-7253-8e30-3a71-6ec8e09ffe21">
      <Execution id="d48f2100-1cdf-483e-862f-06a2ff5bea5e" />
      <TestMethod codeBase="__WORKSPACE__/artifacts_temp/fix-shared-disposal/LiteDB.Tests/bin/Release/net8.0/LiteDB.Tests.dll" adapterTypeName="executor://xunit/VsTestRunner2/netcoreapp" className="LiteDB.Tests.Engine.SharedFinalCheckpointContract_Tests" name="Parent_final_checkpoint_remains_best_effort_and_failed_attempt_keeps_committed_wal" />
    </UnitTest>
    <UnitTest name="LiteDB.Tests.Engine.SharedCallbackClose_Tests.Refused_raw_callback_close_keeps_native_ownership_until_operation_returns(password: null, path: 1)" storage="__LOCAL_HOME__/.t3/worktrees/litedb/t3code-0cc13448/artifacts_temp/fix-shared-disposal/litedb.tests/bin/release/net8.0/litedb.tests.dll" id="42d85d4a-8f1b-88f0-129c-d34dacfd7b43">
      <Execution id="30cf04ef-6a28-4dc0-9bdf-11f6b705843d" />
      <TestMethod codeBase="__WORKSPACE__/artifacts_temp/fix-shared-disposal/LiteDB.Tests/bin/Release/net8.0/LiteDB.Tests.dll" adapterTypeName="executor://xunit/VsTestRunner2/netcoreapp" className="LiteDB.Tests.Engine.SharedCallbackClose_Tests" name="Refused_raw_callback_close_keeps_native_ownership_until_operation_returns" />
    </UnitTest>
    <UnitTest name="LiteDB.Tests.Engine.SharedCallbackClose_Tests.Refused_raw_callback_close_keeps_native_ownership_until_operation_returns(password: &quot;secret&quot;, path: 2)" storage="__LOCAL_HOME__/.t3/worktrees/litedb/t3code-0cc13448/artifacts_temp/fix-shared-disposal/litedb.tests/bin/release/net8.0/litedb.tests.dll" id="4805950c-18a5-8663-44e2-54062ea91279">
      <Execution id="8879c437-119c-45c1-8f80-033f17aa32f0" />
      <TestMethod codeBase="__WORKSPACE__/artifacts_temp/fix-shared-disposal/LiteDB.Tests/bin/Release/net8.0/LiteDB.Tests.dll" adapterTypeName="executor://xunit/VsTestRunner2/netcoreapp" className="LiteDB.Tests.Engine.SharedCallbackClose_Tests" name="Refused_raw_callback_close_keeps_native_ownership_until_operation_returns" />
    </UnitTest>
    <UnitTest name="LiteDB.Tests.Engine.SharedDisposalFailure_Tests.Pin_close_failure_finishes_connection_cleanup_and_preserves_leased_reader(password: null, failures: 1)" storage="__LOCAL_HOME__/.t3/worktrees/litedb/t3code-0cc13448/artifacts_temp/fix-shared-disposal/litedb.tests/bin/release/net8.0/litedb.tests.dll" id="b1dc31aa-3e8f-bf82-78ec-f89482d62d59">
      <Execution id="4e6e1c2c-d2ce-451d-9a77-d532c0e86442" />
      <TestMethod codeBase="__WORKSPACE__/artifacts_temp/fix-shared-disposal/LiteDB.Tests/bin/Release/net8.0/LiteDB.Tests.dll" adapterTypeName="executor://xunit/VsTestRunner2/netcoreapp" className="LiteDB.Tests.Engine.SharedDisposalFailure_Tests" name="Pin_close_failure_finishes_connection_cleanup_and_preserves_leased_reader" />
    </UnitTest>
    <UnitTest name="LiteDB.Tests.Engine.SharedScopedCalls_Tests.Failed_lease_after_a_successful_probe_retries_before_execution_and_preserves_off_thread_disposal" storage="__LOCAL_HOME__/.t3/worktrees/litedb/t3code-0cc13448/artifacts_temp/fix-shared-disposal/litedb.tests/bin/release/net8.0/litedb.tests.dll" id="bbc37144-3c4c-59fa-9922-a2a778c696ef">
      <Execution id="8f9545ef-0e99-460d-a6ac-40a7eff3a446" />
      <TestMethod codeBase="__WORKSPACE__/artifacts_temp/fix-shared-disposal/LiteDB.Tests/bin/Release/net8.0/LiteDB.Tests.dll" adapterTypeName="executor://xunit/VsTestRunner2/netcoreapp" className="LiteDB.Tests.Engine.SharedScopedCalls_Tests" name="Failed_lease_after_a_successful_probe_retries_before_execution_and_preserves_off_thread_disposal" />
    </UnitTest>
    <UnitTest name="LiteDB.Tests.Engine.SharedReaderPin_Tests.Dispose_on_another_thread_ends_the_pin_without_throwing" storage="__LOCAL_HOME__/.t3/worktrees/litedb/t3code-0cc13448/artifacts_temp/fix-shared-disposal/litedb.tests/bin/release/net8.0/litedb.tests.dll" id="5ae33888-979f-405a-7361-d58d0ac52cbd">
      <Execution id="14049755-3137-483c-a714-5c8e877ca207" />
      <TestMethod codeBase="__WORKSPACE__/artifacts_temp/fix-shared-disposal/LiteDB.Tests/bin/Release/net8.0/LiteDB.Tests.dll" adapterTypeName="executor://xunit/VsTestRunner2/netcoreapp" className="LiteDB.Tests.Engine.SharedReaderPin_Tests" name="Dispose_on_another_thread_ends_the_pin_without_throwing" />
    </UnitTest>
    <UnitTest name="LiteDB.Tests.Engine.SharedReaderPin_Tests.Idle_pin_expires_for_a_live_owner_that_keeps_its_reader_open" storage="__LOCAL_HOME__/.t3/worktrees/litedb/t3code-0cc13448/artifacts_temp/fix-shared-disposal/litedb.tests/bin/release/net8.0/litedb.tests.dll" id="420b69d2-dfcc-4ed4-8539-6e36bfd05364">
      <Execution id="7158752e-3613-4120-be81-da1a6f1ed145" />
      <TestMethod codeBase="__WORKSPACE__/artifacts_temp/fix-shared-disposal/LiteDB.Tests/bin/Release/net8.0/LiteDB.Tests.dll" adapterTypeName="executor://xunit/VsTestRunner2/netcoreapp" className="LiteDB.Tests.Engine.SharedReaderPin_Tests" name="Idle_pin_expires_for_a_live_owner_that_keeps_its_reader_open" />
    </UnitTest>
    <UnitTest name="LiteDB.Tests.Engine.SharedReaderPin_Tests.Pinning_thread_that_exits_without_disposing_its_reader_releases_the_mutex" storage="__LOCAL_HOME__/.t3/worktrees/litedb/t3code-0cc13448/artifacts_temp/fix-shared-disposal/litedb.tests/bin/release/net8.0/litedb.tests.dll" id="7a1e25ae-98e5-db96-bfa6-69365d38cd69">
      <Execution id="d36bedbc-a538-43ce-a15f-fadf325b3723" />
      <TestMethod codeBase="__WORKSPACE__/artifacts_temp/fix-shared-disposal/LiteDB.Tests/bin/Release/net8.0/LiteDB.Tests.dll" adapterTypeName="executor://xunit/VsTestRunner2/netcoreapp" className="LiteDB.Tests.Engine.SharedReaderPin_Tests" name="Pinning_thread_that_exits_without_disposing_its_reader_releases_the_mutex" />
    </UnitTest>
    <UnitTest name="LiteDB.Tests.Engine.SharedDisposalFailure_Tests.Pin_close_failure_finishes_connection_cleanup_and_preserves_leased_reader(password: null, failures: 2)" storage="__LOCAL_HOME__/.t3/worktrees/litedb/t3code-0cc13448/artifacts_temp/fix-shared-disposal/litedb.tests/bin/release/net8.0/litedb.tests.dll" id="cf2acf11-4dd6-b1ec-1078-054a6f8f8819">
      <Execution id="c97c66e1-882d-40d2-a225-e1d369ab1561" />
      <TestMethod codeBase="__WORKSPACE__/artifacts_temp/fix-shared-disposal/LiteDB.Tests/bin/Release/net8.0/LiteDB.Tests.dll" adapterTypeName="executor://xunit/VsTestRunner2/netcoreapp" className="LiteDB.Tests.Engine.SharedDisposalFailure_Tests" name="Pin_close_failure_finishes_connection_cleanup_and_preserves_leased_reader" />
    </UnitTest>
    <UnitTest name="LiteDB.Tests.Engine.SharedScopedCalls_Tests.A_read_transform_may_open_a_reader_that_is_disposed_off_thread" storage="__LOCAL_HOME__/.t3/worktrees/litedb/t3code-0cc13448/artifacts_temp/fix-shared-disposal/litedb.tests/bin/release/net8.0/litedb.tests.dll" id="d55f80c0-9f22-c631-14b9-070cf32078a4">
      <Execution id="e2bfcb71-a861-4157-87df-447d77777bbe" />
      <TestMethod codeBase="__WORKSPACE__/artifacts_temp/fix-shared-disposal/LiteDB.Tests/bin/Release/net8.0/LiteDB.Tests.dll" adapterTypeName="executor://xunit/VsTestRunner2/netcoreapp" className="LiteDB.Tests.Engine.SharedScopedCalls_Tests" name="A_read_transform_may_open_a_reader_that_is_disposed_off_thread" />
    </UnitTest>
    <UnitTest name="LiteDB.Tests.Engine.SharedFinalCheckpointContract_Tests.Parent_final_checkpoint_remains_best_effort_and_failed_attempt_keeps_committed_wal(password: null, fail: True)" storage="__LOCAL_HOME__/.t3/worktrees/litedb/t3code-0cc13448/artifacts_temp/fix-shared-disposal/litedb.tests/bin/release/net8.0/litedb.tests.dll" id="3f7f8400-0b32-2d4b-7bd4-2e7dd7e1c19d">
      <Execution id="abf2e46d-da5c-4639-b241-613e76de6bec" />
      <TestMethod codeBase="__WORKSPACE__/artifacts_temp/fix-shared-disposal/LiteDB.Tests/bin/Release/net8.0/LiteDB.Tests.dll" adapterTypeName="executor://xunit/VsTestRunner2/netcoreapp" className="LiteDB.Tests.Engine.SharedFinalCheckpointContract_Tests" name="Parent_final_checkpoint_remains_best_effort_and_failed_attempt_keeps_committed_wal" />
    </UnitTest>
    <UnitTest name="LiteDB.Tests.Engine.SharedReaderPin_Tests.Write_query_reader_under_a_pin_can_be_disposed_on_another_thread" storage="__LOCAL_HOME__/.t3/worktrees/litedb/t3code-0cc13448/artifacts_temp/fix-shared-disposal/litedb.tests/bin/release/net8.0/litedb.tests.dll" id="095b9310-8eea-c2e9-b72b-7232bf6407fd">
      <Execution id="a475e7b2-ec67-42cf-bf2a-612acfcc2d6e" />
      <TestMethod codeBase="__WORKSPACE__/artifacts_temp/fix-shared-disposal/LiteDB.Tests/bin/Release/net8.0/LiteDB.Tests.dll" adapterTypeName="executor://xunit/VsTestRunner2/netcoreapp" className="LiteDB.Tests.Engine.SharedReaderPin_Tests" name="Write_query_reader_under_a_pin_can_be_disposed_on_another_thread" />
    </UnitTest>
    <UnitTest name="LiteDB.Tests.Engine.SharedCallbackClose_Tests.Refused_raw_callback_close_keeps_native_ownership_until_operation_returns(password: &quot;secret&quot;, path: 0)" storage="__LOCAL_HOME__/.t3/worktrees/litedb/t3code-0cc13448/artifacts_temp/fix-shared-disposal/litedb.tests/bin/release/net8.0/litedb.tests.dll" id="18c30e23-23a4-56ba-ee0e-df1e712c33be">
      <Execution id="e387dfb9-b12e-48c7-9f15-f16405672fbb" />
      <TestMethod codeBase="__WORKSPACE__/artifacts_temp/fix-shared-disposal/LiteDB.Tests/bin/Release/net8.0/LiteDB.Tests.dll" adapterTypeName="executor://xunit/VsTestRunner2/netcoreapp" className="LiteDB.Tests.Engine.SharedCallbackClose_Tests" name="Refused_raw_callback_close_keeps_native_ownership_until_operation_returns" />
    </UnitTest>
    <UnitTest name="LiteDB.Tests.Engine.SharedScopedCalls_Tests.Failed_registration_followed_only_by_small_reads_does_not_disable_checkpoints" storage="__LOCAL_HOME__/.t3/worktrees/litedb/t3code-0cc13448/artifacts_temp/fix-shared-disposal/litedb.tests/bin/release/net8.0/litedb.tests.dll" id="54516442-17fa-350e-89eb-4a4841622be9">
      <Execution id="6a4bae38-c898-472e-979d-6b74ca6be56b" />
      <TestMethod codeBase="__WORKSPACE__/artifacts_temp/fix-shared-disposal/LiteDB.Tests/bin/Release/net8.0/LiteDB.Tests.dll" adapterTypeName="executor://xunit/VsTestRunner2/netcoreapp" className="LiteDB.Tests.Engine.SharedScopedCalls_Tests" name="Failed_registration_followed_only_by_small_reads_does_not_disable_checkpoints" />
    </UnitTest>
    <UnitTest name="LiteDB.Tests.Engine.SharedReaderPin_Tests.Reader_disposed_off_the_pinning_thread_ends_the_pin_while_its_owner_idles" storage="__LOCAL_HOME__/.t3/worktrees/litedb/t3code-0cc13448/artifacts_temp/fix-shared-disposal/litedb.tests/bin/release/net8.0/litedb.tests.dll" id="41d7c62e-49c8-183e-8dd3-822161b1bc3c">
      <Execution id="9559fa06-11ff-4eaf-9aa7-460077510da1" />
      <TestMethod codeBase="__WORKSPACE__/artifacts_temp/fix-shared-disposal/LiteDB.Tests/bin/Release/net8.0/LiteDB.Tests.dll" adapterTypeName="executor://xunit/VsTestRunner2/netcoreapp" className="LiteDB.Tests.Engine.SharedReaderPin_Tests" name="Reader_disposed_off_the_pinning_thread_ends_the_pin_while_its_owner_idles" />
    </UnitTest>
    <UnitTest name="LiteDB.Tests.Engine.SharedScopedCalls_Tests.A_reader_opened_by_a_lazy_write_can_outlive_the_call_and_close_off_thread" storage="__LOCAL_HOME__/.t3/worktrees/litedb/t3code-0cc13448/artifacts_temp/fix-shared-disposal/litedb.tests/bin/release/net8.0/litedb.tests.dll" id="fae40436-b112-0f98-da32-3408ea6b6481">
      <Execution id="57d33b53-96fb-45b9-8049-5a8ffa071394" />
      <TestMethod codeBase="__WORKSPACE__/artifacts_temp/fix-shared-disposal/LiteDB.Tests/bin/Release/net8.0/LiteDB.Tests.dll" adapterTypeName="executor://xunit/VsTestRunner2/netcoreapp" className="LiteDB.Tests.Engine.SharedScopedCalls_Tests" name="A_reader_opened_by_a_lazy_write_can_outlive_the_call_and_close_off_thread" />
    </UnitTest>
    <UnitTest name="LiteDB.Tests.Engine.SharedReaderPin_Tests.Failed_write_inside_the_iteration_keeps_the_pin_balanced" storage="__LOCAL_HOME__/.t3/worktrees/litedb/t3code-0cc13448/artifacts_temp/fix-shared-disposal/litedb.tests/bin/release/net8.0/litedb.tests.dll" id="d6b970af-c726-db63-d865-8dfdba544412">
      <Execution id="6e7ed674-afaa-4afb-882f-547f0128444b" />
      <TestMethod codeBase="__WORKSPACE__/artifacts_temp/fix-shared-disposal/LiteDB.Tests/bin/Release/net8.0/LiteDB.Tests.dll" adapterTypeName="executor://xunit/VsTestRunner2/netcoreapp" className="LiteDB.Tests.Engine.SharedReaderPin_Tests" name="Failed_write_inside_the_iteration_keeps_the_pin_balanced" />
    </UnitTest>
    <UnitTest name="LiteDB.Tests.Engine.SharedReaderPin_Tests.Pinned_transaction_rejects_completion_from_another_thread" storage="__LOCAL_HOME__/.t3/worktrees/litedb/t3code-0cc13448/artifacts_temp/fix-shared-disposal/litedb.tests/bin/release/net8.0/litedb.tests.dll" id="ae5d9ae8-ddba-8ecd-88b7-a8d4a8965d0d">
      <Execution id="33f12d54-1027-4746-8041-eb4661ffca9c" />
      <TestMethod codeBase="__WORKSPACE__/artifacts_temp/fix-shared-disposal/LiteDB.Tests/bin/Release/net8.0/LiteDB.Tests.dll" adapterTypeName="executor://xunit/VsTestRunner2/netcoreapp" className="LiteDB.Tests.Engine.SharedReaderPin_Tests" name="Pinned_transaction_rejects_completion_from_another_thread" />
    </UnitTest>
    <UnitTest name="LiteDB.Tests.Engine.SharedReaderPin_Tests.Reader_disposed_after_an_await_ends_the_pin" storage="__LOCAL_HOME__/.t3/worktrees/litedb/t3code-0cc13448/artifacts_temp/fix-shared-disposal/litedb.tests/bin/release/net8.0/litedb.tests.dll" id="9ba207cd-52ab-b5de-c8bb-6facf2e4a715">
      <Execution id="38b6febb-8f0c-4f31-9878-4f99f0031516" />
      <TestMethod codeBase="__WORKSPACE__/artifacts_temp/fix-shared-disposal/LiteDB.Tests/bin/Release/net8.0/LiteDB.Tests.dll" adapterTypeName="executor://xunit/VsTestRunner2/netcoreapp" className="LiteDB.Tests.Engine.SharedReaderPin_Tests" name="Reader_disposed_after_an_await_ends_the_pin" />
    </UnitTest>
    <UnitTest name="LiteDB.Tests.Engine.SharedReaderPin_Tests.Another_thread_of_the_same_instance_ends_an_idle_pin" storage="__LOCAL_HOME__/.t3/worktrees/litedb/t3code-0cc13448/artifacts_temp/fix-shared-disposal/litedb.tests/bin/release/net8.0/litedb.tests.dll" id="dd0f6ce6-ba17-fb62-e486-7b9c1b980ee1">
      <Execution id="8a81bc8b-c1e6-4747-afd3-d99be4cef303" />
      <TestMethod codeBase="__WORKSPACE__/artifacts_temp/fix-shared-disposal/LiteDB.Tests/bin/Release/net8.0/LiteDB.Tests.dll" adapterTypeName="executor://xunit/VsTestRunner2/netcoreapp" className="LiteDB.Tests.Engine.SharedReaderPin_Tests" name="Another_thread_of_the_same_instance_ends_an_idle_pin" />
    </UnitTest>
    <UnitTest name="LiteDB.Tests.Engine.SharedReaderPin_Tests.Nested_readers_share_one_pin_until_the_last_is_disposed" storage="__LOCAL_HOME__/.t3/worktrees/litedb/t3code-0cc13448/artifacts_temp/fix-shared-disposal/litedb.tests/bin/release/net8.0/litedb.tests.dll" id="9cbd0592-a908-2eae-84be-6d2442b9c5a6">
      <Execution id="1f3ad2c9-c750-4690-9bc6-bff3acd931fc" />
      <TestMethod codeBase="__WORKSPACE__/artifacts_temp/fix-shared-disposal/LiteDB.Tests/bin/Release/net8.0/LiteDB.Tests.dll" adapterTypeName="executor://xunit/VsTestRunner2/netcoreapp" className="LiteDB.Tests.Engine.SharedReaderPin_Tests" name="Nested_readers_share_one_pin_until_the_last_is_disposed" />
    </UnitTest>
    <UnitTest name="LiteDB.Tests.Engine.SharedDataReaderDispose_Tests.Concurrent_disposal_ends_the_ownership_once" storage="__LOCAL_HOME__/.t3/worktrees/litedb/t3code-0cc13448/artifacts_temp/fix-shared-disposal/litedb.tests/bin/release/net8.0/litedb.tests.dll" id="1e4f867e-906c-39c4-8aac-5005eed5449e">
      <Execution id="7ee3d720-902c-4805-b027-9bf84cee6b83" />
      <TestMethod codeBase="__WORKSPACE__/artifacts_temp/fix-shared-disposal/LiteDB.Tests/bin/Release/net8.0/LiteDB.Tests.dll" adapterTypeName="executor://xunit/VsTestRunner2/netcoreapp" className="LiteDB.Tests.Engine.SharedDataReaderDispose_Tests" name="Concurrent_disposal_ends_the_ownership_once" />
    </UnitTest>
    <UnitTest name="LiteDB.Tests.Engine.SharedCallbackClose_Tests.Refused_raw_callback_close_keeps_native_ownership_until_operation_returns(password: null, path: 0)" storage="__LOCAL_HOME__/.t3/worktrees/litedb/t3code-0cc13448/artifacts_temp/fix-shared-disposal/litedb.tests/bin/release/net8.0/litedb.tests.dll" id="148723b7-327d-27a7-4db1-006011233c27">
      <Execution id="7cea5df8-6118-4dcd-800e-7d16e61228cd" />
      <TestMethod codeBase="__WORKSPACE__/artifacts_temp/fix-shared-disposal/LiteDB.Tests/bin/Release/net8.0/LiteDB.Tests.dll" adapterTypeName="executor://xunit/VsTestRunner2/netcoreapp" className="LiteDB.Tests.Engine.SharedCallbackClose_Tests" name="Refused_raw_callback_close_keeps_native_ownership_until_operation_returns" />
    </UnitTest>
    <UnitTest name="LiteDB.Tests.Engine.SharedDisposalFailure_Tests.Pin_close_failure_finishes_connection_cleanup_and_preserves_leased_reader(password: null, failures: 0)" storage="__LOCAL_HOME__/.t3/worktrees/litedb/t3code-0cc13448/artifacts_temp/fix-shared-disposal/litedb.tests/bin/release/net8.0/litedb.tests.dll" id="6d0bc738-85fd-4dcc-72d6-51a40d4fea84">
      <Execution id="a02abdff-9945-41fe-8802-84eda570225e" />
      <TestMethod codeBase="__WORKSPACE__/artifacts_temp/fix-shared-disposal/LiteDB.Tests/bin/Release/net8.0/LiteDB.Tests.dll" adapterTypeName="executor://xunit/VsTestRunner2/netcoreapp" className="LiteDB.Tests.Engine.SharedDisposalFailure_Tests" name="Pin_close_failure_finishes_connection_cleanup_and_preserves_leased_reader" />
    </UnitTest>
    <UnitTest name="LiteDB.Tests.Engine.SharedCallbackClose_Tests.Refused_raw_callback_close_keeps_native_ownership_until_operation_returns(password: &quot;secret&quot;, path: 1)" storage="__LOCAL_HOME__/.t3/worktrees/litedb/t3code-0cc13448/artifacts_temp/fix-shared-disposal/litedb.tests/bin/release/net8.0/litedb.tests.dll" id="c60da6ba-c2e0-e3dd-5f97-4f5f79d92030">
      <Execution id="28c116b3-cd5d-4399-8ce3-2a6b41008f63" />
      <TestMethod codeBase="__WORKSPACE__/artifacts_temp/fix-shared-disposal/LiteDB.Tests/bin/Release/net8.0/LiteDB.Tests.dll" adapterTypeName="executor://xunit/VsTestRunner2/netcoreapp" className="LiteDB.Tests.Engine.SharedCallbackClose_Tests" name="Refused_raw_callback_close_keeps_native_ownership_until_operation_returns" />
    </UnitTest>
    <UnitTest name="LiteDB.Tests.Engine.SharedReaderPin_Tests.Tight_write_loop_lets_another_thread_of_the_same_instance_in" storage="__LOCAL_HOME__/.t3/worktrees/litedb/t3code-0cc13448/artifacts_temp/fix-shared-disposal/litedb.tests/bin/release/net8.0/litedb.tests.dll" id="da5e444d-2ecb-f79b-8572-4a24ab4b966b">
      <Execution id="444e7196-80fa-4d3e-8927-57f4711f08fa" />
      <TestMethod codeBase="__WORKSPACE__/artifacts_temp/fix-shared-disposal/LiteDB.Tests/bin/Release/net8.0/LiteDB.Tests.dll" adapterTypeName="executor://xunit/VsTestRunner2/netcoreapp" className="LiteDB.Tests.Engine.SharedReaderPin_Tests" name="Tight_write_loop_lets_another_thread_of_the_same_instance_in" />
    </UnitTest>
    <UnitTest name="LiteDB.Tests.Engine.SharedReaderPin_Tests.Pin_owner_hands_off_to_each_repeated_waiter" storage="__LOCAL_HOME__/.t3/worktrees/litedb/t3code-0cc13448/artifacts_temp/fix-shared-disposal/litedb.tests/bin/release/net8.0/litedb.tests.dll" id="2581795a-707c-da57-84e4-3582fe7d6357">
      <Execution id="ac55428e-1c17-4e43-8793-e835cc16077c" />
      <TestMethod codeBase="__WORKSPACE__/artifacts_temp/fix-shared-disposal/LiteDB.Tests/bin/Release/net8.0/LiteDB.Tests.dll" adapterTypeName="executor://xunit/VsTestRunner2/netcoreapp" className="LiteDB.Tests.Engine.SharedReaderPin_Tests" name="Pin_owner_hands_off_to_each_repeated_waiter" />
    </UnitTest>
    <UnitTest name="LiteDB.Tests.Engine.SharedDisposalFailure_Tests.Pin_close_failure_finishes_connection_cleanup_and_preserves_leased_reader(password: &quot;secret&quot;, failures: 0)" storage="__LOCAL_HOME__/.t3/worktrees/litedb/t3code-0cc13448/artifacts_temp/fix-shared-disposal/litedb.tests/bin/release/net8.0/litedb.tests.dll" id="3aec4e38-0cad-2bbd-fd55-644cf9afd285">
      <Execution id="dc23d732-3221-4946-a3b4-c10e52836891" />
      <TestMethod codeBase="__WORKSPACE__/artifacts_temp/fix-shared-disposal/LiteDB.Tests/bin/Release/net8.0/LiteDB.Tests.dll" adapterTypeName="executor://xunit/VsTestRunner2/netcoreapp" className="LiteDB.Tests.Engine.SharedDisposalFailure_Tests" name="Pin_close_failure_finishes_connection_cleanup_and_preserves_leased_reader" />
    </UnitTest>
    <UnitTest name="LiteDB.Tests.Engine.SharedReaderPin_Tests.Another_process_waits_only_while_the_pin_is_in_use" storage="__LOCAL_HOME__/.t3/worktrees/litedb/t3code-0cc13448/artifacts_temp/fix-shared-disposal/litedb.tests/bin/release/net8.0/litedb.tests.dll" id="cbe91fb9-2d06-0370-2194-2ab86fab86aa">
      <Execution id="5e8f3432-8730-4550-abe2-ff8a019f7bf5" />
      <TestMethod codeBase="__WORKSPACE__/artifacts_temp/fix-shared-disposal/LiteDB.Tests/bin/Release/net8.0/LiteDB.Tests.dll" adapterTypeName="executor://xunit/VsTestRunner2/netcoreapp" className="LiteDB.Tests.Engine.SharedReaderPin_Tests" name="Another_process_waits_only_while_the_pin_is_in_use" />
    </UnitTest>
    <UnitTest name="LiteDB.Tests.Engine.SharedDisposalFailure_Tests.Pin_close_failure_finishes_connection_cleanup_and_preserves_leased_reader(password: &quot;secret&quot;, failures: 1)" storage="__LOCAL_HOME__/.t3/worktrees/litedb/t3code-0cc13448/artifacts_temp/fix-shared-disposal/litedb.tests/bin/release/net8.0/litedb.tests.dll" id="560fe22b-03cd-7c41-5185-d7e0a4927cb7">
      <Execution id="b0db566e-31a3-45b1-94de-733d6a762b32" />
      <TestMethod codeBase="__WORKSPACE__/artifacts_temp/fix-shared-disposal/LiteDB.Tests/bin/Release/net8.0/LiteDB.Tests.dll" adapterTypeName="executor://xunit/VsTestRunner2/netcoreapp" className="LiteDB.Tests.Engine.SharedDisposalFailure_Tests" name="Pin_close_failure_finishes_connection_cleanup_and_preserves_leased_reader" />
    </UnitTest>
    <UnitTest name="LiteDB.Tests.Engine.SharedDisposalFailure_Tests.Pin_close_failure_finishes_connection_cleanup_and_preserves_leased_reader(password: &quot;secret&quot;, failures: 2)" storage="__LOCAL_HOME__/.t3/worktrees/litedb/t3code-0cc13448/artifacts_temp/fix-shared-disposal/litedb.tests/bin/release/net8.0/litedb.tests.dll" id="b7d6ee39-b7a4-1567-f4e3-f5149f950d1c">
      <Execution id="99c8514d-99e5-4c41-9948-2eef2fbd6dc3" />
      <TestMethod codeBase="__WORKSPACE__/artifacts_temp/fix-shared-disposal/LiteDB.Tests/bin/Release/net8.0/LiteDB.Tests.dll" adapterTypeName="executor://xunit/VsTestRunner2/netcoreapp" className="LiteDB.Tests.Engine.SharedDisposalFailure_Tests" name="Pin_close_failure_finishes_connection_cleanup_and_preserves_leased_reader" />
    </UnitTest>
    <UnitTest name="LiteDB.Tests.Engine.SharedFinalCheckpointContract_Tests.Parent_final_checkpoint_remains_best_effort_and_failed_attempt_keeps_committed_wal(password: null, fail: False)" storage="__LOCAL_HOME__/.t3/worktrees/litedb/t3code-0cc13448/artifacts_temp/fix-shared-disposal/litedb.tests/bin/release/net8.0/litedb.tests.dll" id="06be6e14-04aa-9e49-c6a1-7f0b65a5dad4">
      <Execution id="8beb8f73-7aec-4965-8285-6fe6203fab60" />
      <TestMethod codeBase="__WORKSPACE__/artifacts_temp/fix-shared-disposal/LiteDB.Tests/bin/Release/net8.0/LiteDB.Tests.dll" adapterTypeName="executor://xunit/VsTestRunner2/netcoreapp" className="LiteDB.Tests.Engine.SharedFinalCheckpointContract_Tests" name="Parent_final_checkpoint_remains_best_effort_and_failed_attempt_keeps_committed_wal" />
    </UnitTest>
    <UnitTest name="LiteDB.Tests.Engine.SharedCallbackClose_Tests.Refused_raw_callback_close_keeps_native_ownership_until_operation_returns(password: null, path: 2)" storage="__LOCAL_HOME__/.t3/worktrees/litedb/t3code-0cc13448/artifacts_temp/fix-shared-disposal/litedb.tests/bin/release/net8.0/litedb.tests.dll" id="439791b5-895d-78bd-d771-ac391c36231a">
      <Execution id="298eee2d-39d2-4dba-aed4-514087590c19" />
      <TestMethod codeBase="__WORKSPACE__/artifacts_temp/fix-shared-disposal/LiteDB.Tests/bin/Release/net8.0/LiteDB.Tests.dll" adapterTypeName="executor://xunit/VsTestRunner2/netcoreapp" className="LiteDB.Tests.Engine.SharedCallbackClose_Tests" name="Refused_raw_callback_close_keeps_native_ownership_until_operation_returns" />
    </UnitTest>
    <UnitTest name="LiteDB.Tests.Engine.SharedFinalCheckpointContract_Tests.Parent_final_checkpoint_remains_best_effort_and_failed_attempt_keeps_committed_wal(password: &quot;secret&quot;, fail: True)" storage="__LOCAL_HOME__/.t3/worktrees/litedb/t3code-0cc13448/artifacts_temp/fix-shared-disposal/litedb.tests/bin/release/net8.0/litedb.tests.dll" id="8bae3d3c-f4af-eaa5-2193-883421e5888c">
      <Execution id="711ef23d-9bf9-46b6-8a7e-4ab882198c7b" />
      <TestMethod codeBase="__WORKSPACE__/artifacts_temp/fix-shared-disposal/LiteDB.Tests/bin/Release/net8.0/LiteDB.Tests.dll" adapterTypeName="executor://xunit/VsTestRunner2/netcoreapp" className="LiteDB.Tests.Engine.SharedFinalCheckpointContract_Tests" name="Parent_final_checkpoint_remains_best_effort_and_failed_attempt_keeps_committed_wal" />
    </UnitTest>
  </TestDefinitions>
  <TestEntries>
    <TestEntry testId="560fe22b-03cd-7c41-5185-d7e0a4927cb7" executionId="b0db566e-31a3-45b1-94de-733d6a762b32" testListId="8c84fa94-04c1-424b-9868-57a2d4851a1d" />
    <TestEntry testId="3aec4e38-0cad-2bbd-fd55-644cf9afd285" executionId="dc23d732-3221-4946-a3b4-c10e52836891" testListId="8c84fa94-04c1-424b-9868-57a2d4851a1d" />
    <TestEntry testId="7a1e25ae-98e5-db96-bfa6-69365d38cd69" executionId="d36bedbc-a538-43ce-a15f-fadf325b3723" testListId="8c84fa94-04c1-424b-9868-57a2d4851a1d" />
    <TestEntry testId="18c30e23-23a4-56ba-ee0e-df1e712c33be" executionId="e387dfb9-b12e-48c7-9f15-f16405672fbb" testListId="8c84fa94-04c1-424b-9868-57a2d4851a1d" />
    <TestEntry testId="d55f80c0-9f22-c631-14b9-070cf32078a4" executionId="e2bfcb71-a861-4157-87df-447d77777bbe" testListId="8c84fa94-04c1-424b-9868-57a2d4851a1d" />
    <TestEntry testId="da5e444d-2ecb-f79b-8572-4a24ab4b966b" executionId="444e7196-80fa-4d3e-8927-57f4711f08fa" testListId="8c84fa94-04c1-424b-9868-57a2d4851a1d" />
    <TestEntry testId="bdc3fc1e-7253-8e30-3a71-6ec8e09ffe21" executionId="d48f2100-1cdf-483e-862f-06a2ff5bea5e" testListId="8c84fa94-04c1-424b-9868-57a2d4851a1d" />
    <TestEntry testId="ae5d9ae8-ddba-8ecd-88b7-a8d4a8965d0d" executionId="33f12d54-1027-4746-8041-eb4661ffca9c" testListId="8c84fa94-04c1-424b-9868-57a2d4851a1d" />
    <TestEntry testId="5ae33888-979f-405a-7361-d58d0ac52cbd" executionId="14049755-3137-483c-a714-5c8e877ca207" testListId="8c84fa94-04c1-424b-9868-57a2d4851a1d" />
    <TestEntry testId="c60da6ba-c2e0-e3dd-5f97-4f5f79d92030" executionId="28c116b3-cd5d-4399-8ce3-2a6b41008f63" testListId="8c84fa94-04c1-424b-9868-57a2d4851a1d" />
    <TestEntry testId="42d85d4a-8f1b-88f0-129c-d34dacfd7b43" executionId="30cf04ef-6a28-4dc0-9bdf-11f6b705843d" testListId="8c84fa94-04c1-424b-9868-57a2d4851a1d" />
    <TestEntry testId="fae40436-b112-0f98-da32-3408ea6b6481" executionId="57d33b53-96fb-45b9-8049-5a8ffa071394" testListId="8c84fa94-04c1-424b-9868-57a2d4851a1d" />
    <TestEntry testId="420b69d2-dfcc-4ed4-8539-6e36bfd05364" executionId="7158752e-3613-4120-be81-da1a6f1ed145" testListId="8c84fa94-04c1-424b-9868-57a2d4851a1d" />
    <TestEntry testId="3f7f8400-0b32-2d4b-7bd4-2e7dd7e1c19d" executionId="abf2e46d-da5c-4639-b241-613e76de6bec" testListId="8c84fa94-04c1-424b-9868-57a2d4851a1d" />
    <TestEntry testId="148723b7-327d-27a7-4db1-006011233c27" executionId="7cea5df8-6118-4dcd-800e-7d16e61228cd" testListId="8c84fa94-04c1-424b-9868-57a2d4851a1d" />
    <TestEntry testId="dd0f6ce6-ba17-fb62-e486-7b9c1b980ee1" executionId="8a81bc8b-c1e6-4747-afd3-d99be4cef303" testListId="8c84fa94-04c1-424b-9868-57a2d4851a1d" />
    <TestEntry testId="9ba207cd-52ab-b5de-c8bb-6facf2e4a715" executionId="38b6febb-8f0c-4f31-9878-4f99f0031516" testListId="8c84fa94-04c1-424b-9868-57a2d4851a1d" />
    <TestEntry testId="41d7c62e-49c8-183e-8dd3-822161b1bc3c" executionId="9559fa06-11ff-4eaf-9aa7-460077510da1" testListId="8c84fa94-04c1-424b-9868-57a2d4851a1d" />
    <TestEntry testId="b7d6ee39-b7a4-1567-f4e3-f5149f950d1c" executionId="99c8514d-99e5-4c41-9948-2eef2fbd6dc3" testListId="8c84fa94-04c1-424b-9868-57a2d4851a1d" />
    <TestEntry testId="4805950c-18a5-8663-44e2-54062ea91279" executionId="8879c437-119c-45c1-8f80-033f17aa32f0" testListId="8c84fa94-04c1-424b-9868-57a2d4851a1d" />
    <TestEntry testId="54516442-17fa-350e-89eb-4a4841622be9" executionId="6a4bae38-c898-472e-979d-6b74ca6be56b" testListId="8c84fa94-04c1-424b-9868-57a2d4851a1d" />
    <TestEntry testId="1e4f867e-906c-39c4-8aac-5005eed5449e" executionId="7ee3d720-902c-4805-b027-9bf84cee6b83" testListId="8c84fa94-04c1-424b-9868-57a2d4851a1d" />
    <TestEntry testId="cf2acf11-4dd6-b1ec-1078-054a6f8f8819" executionId="c97c66e1-882d-40d2-a225-e1d369ab1561" testListId="8c84fa94-04c1-424b-9868-57a2d4851a1d" />
    <TestEntry testId="d6b970af-c726-db63-d865-8dfdba544412" executionId="6e7ed674-afaa-4afb-882f-547f0128444b" testListId="8c84fa94-04c1-424b-9868-57a2d4851a1d" />
    <TestEntry testId="6d0bc738-85fd-4dcc-72d6-51a40d4fea84" executionId="a02abdff-9945-41fe-8802-84eda570225e" testListId="8c84fa94-04c1-424b-9868-57a2d4851a1d" />
    <TestEntry testId="2581795a-707c-da57-84e4-3582fe7d6357" executionId="ac55428e-1c17-4e43-8793-e835cc16077c" testListId="8c84fa94-04c1-424b-9868-57a2d4851a1d" />
    <TestEntry testId="bbc37144-3c4c-59fa-9922-a2a778c696ef" executionId="8f9545ef-0e99-460d-a6ac-40a7eff3a446" testListId="8c84fa94-04c1-424b-9868-57a2d4851a1d" />
    <TestEntry testId="b1dc31aa-3e8f-bf82-78ec-f89482d62d59" executionId="4e6e1c2c-d2ce-451d-9a77-d532c0e86442" testListId="8c84fa94-04c1-424b-9868-57a2d4851a1d" />
    <TestEntry testId="06be6e14-04aa-9e49-c6a1-7f0b65a5dad4" executionId="8beb8f73-7aec-4965-8285-6fe6203fab60" testListId="8c84fa94-04c1-424b-9868-57a2d4851a1d" />
    <TestEntry testId="cbe91fb9-2d06-0370-2194-2ab86fab86aa" executionId="5e8f3432-8730-4550-abe2-ff8a019f7bf5" testListId="8c84fa94-04c1-424b-9868-57a2d4851a1d" />
    <TestEntry testId="9cbd0592-a908-2eae-84be-6d2442b9c5a6" executionId="1f3ad2c9-c750-4690-9bc6-bff3acd931fc" testListId="8c84fa94-04c1-424b-9868-57a2d4851a1d" />
    <TestEntry testId="439791b5-895d-78bd-d771-ac391c36231a" executionId="298eee2d-39d2-4dba-aed4-514087590c19" testListId="8c84fa94-04c1-424b-9868-57a2d4851a1d" />
    <TestEntry testId="8bae3d3c-f4af-eaa5-2193-883421e5888c" executionId="711ef23d-9bf9-46b6-8a7e-4ab882198c7b" testListId="8c84fa94-04c1-424b-9868-57a2d4851a1d" />
    <TestEntry testId="095b9310-8eea-c2e9-b72b-7232bf6407fd" executionId="a475e7b2-ec67-42cf-bf2a-612acfcc2d6e" testListId="8c84fa94-04c1-424b-9868-57a2d4851a1d" />
  </TestEntries>
  <TestLists>
    <TestList name="Results Not in a List" id="8c84fa94-04c1-424b-9868-57a2d4851a1d" />
    <TestList name="All Loaded Results" id="19431567-8539-422a-85d7-44ee4e166bda" />
  </TestLists>
  <ResultSummary outcome="Completed">
    <Counters total="34" executed="34" passed="34" failed="0" error="0" timeout="0" aborted="0" inconclusive="0" passedButRunAborted="0" notRunnable="0" notExecuted="0" disconnected="0" warning="0" completed="0" inProgress="0" pending="0" />
    <Output>
      <StdOut>[xUnit.net 00:00:00.00] xUnit.net VSTest Adapter v2.8.2+699d445a1a (64-bit .NET 8.0.30)
[xUnit.net 00:00:00.13]   Discovering: LiteDB.Tests
[xUnit.net 00:00:00.78]   Discovered:  LiteDB.Tests
[xUnit.net 00:00:00.81]   Starting:    LiteDB.Tests
[xUnit.net 00:00:08.72]   Finished:    LiteDB.Tests
</StdOut>
    </Output>
  </ResultSummary>
</TestRun>