upstream-direct-ordinary-read-1-0-0-dev: 98345.9 ops/s, verified
upstream-direct-ordinary-read-1-0-1-parent: 88786.5 ops/s, verified
upstream-direct-ordinary-read-1-0-2-final: 82658.1 ops/s, verified
upstream-direct-ordinary-read-1-1-0-final: 81006.5 ops/s, verified
upstream-direct-ordinary-read-1-1-1-parent: 87737.7 ops/s, verified
upstream-direct-ordinary-read-1-1-2-dev: 97040.4 ops/s, verified
upstream-direct-ordinary-read-1-2-0-dev: 95539.5 ops/s, verified
upstream-direct-ordinary-read-1-2-1-parent: 89105.9 ops/s, verified
upstream-direct-ordinary-read-1-2-2-final: 83844.4 ops/s, verified
upstream-direct-ordinary-read-1-3-0-final: 80315.8 ops/s, verified
upstream-direct-ordinary-read-1-3-1-parent: 84502.7 ops/s, verified
upstream-direct-ordinary-read-1-3-2-dev: 93792.1 ops/s, verified
upstream-direct-legacy-read-1-0-0-dev: 93832.3 ops/s, verified
upstream-direct-legacy-read-1-0-1-parent: 88503.2 ops/s, verified
upstream-direct-legacy-read-1-0-2-final: 74420.6 ops/s, verified
upstream-direct-legacy-read-1-1-0-final: 74410.9 ops/s, verified
upstream-direct-legacy-read-1-1-1-parent: 85570.9 ops/s, verified
upstream-direct-legacy-read-1-1-2-dev: 94570.9 ops/s, verified
upstream-direct-legacy-read-1-2-0-dev: 91473.7 ops/s, verified
upstream-direct-legacy-read-1-2-1-parent: 86209.4 ops/s, verified
upstream-direct-legacy-read-1-2-2-final: 73774.4 ops/s, verified
upstream-direct-legacy-read-1-3-0-final: 73238.5 ops/s, verified
upstream-direct-legacy-read-1-3-1-parent: 87054.4 ops/s, verified
upstream-direct-legacy-read-1-3-2-dev: 93482.5 ops/s, verified
upstream-direct-ordinary-open-1-0-0-dev: 6876.3 ops/s, verified
upstream-direct-ordinary-open-1-0-1-parent: 16558.3 ops/s, verified
upstream-direct-ordinary-open-1-0-2-final: 11016.3 ops/s, verified
upstream-direct-ordinary-open-1-1-0-final: 11444.8 ops/s, verified
upstream-direct-ordinary-open-1-1-1-parent: 16803.4 ops/s, verified
upstream-direct-ordinary-open-1-1-2-dev: 7297.9 ops/s, verified
upstream-direct-ordinary-open-1-2-0-dev: 6991.2 ops/s, verified
upstream-direct-ordinary-open-1-2-1-parent: 16225.9 ops/s, verified
upstream-direct-ordinary-open-1-2-2-final: 10825.6 ops/s, verified
upstream-direct-ordinary-open-1-3-0-final: 10938.1 ops/s, verified
upstream-direct-ordinary-open-1-3-1-parent: 17278.2 ops/s, verified
upstream-direct-ordinary-open-1-3-2-dev: 7185.1 ops/s, verified
upstream-shared-ordinary-read-1-0-0-dev: 49085.2 ops/s, verified
upstream-shared-ordinary-read-1-0-1-parent: 49428.4 ops/s, verified
upstream-shared-ordinary-read-1-0-2-final: 45803.2 ops/s, verified
upstream-shared-ordinary-read-1-1-0-final: 45895.6 ops/s, verified
upstream-shared-ordinary-read-1-1-1-parent: 52361.3 ops/s, verified
upstream-shared-ordinary-read-1-1-2-dev: 50620.0 ops/s, verified
upstream-shared-ordinary-read-1-2-0-dev: 49934.6 ops/s, verified
upstream-shared-ordinary-read-1-2-1-parent: 51642.7 ops/s, verified
upstream-shared-ordinary-read-1-2-2-final: 46573.6 ops/s, verified
upstream-shared-ordinary-read-1-3-0-final: 46306.8 ops/s, verified
upstream-shared-ordinary-read-1-3-1-parent: 50328.1 ops/s, verified
upstream-shared-ordinary-read-1-3-2-dev: 51599.3 ops/s, verified
upstream-shared-legacy-read-1-0-0-dev: 8360.2 ops/s, verified
upstream-shared-legacy-read-1-0-1-parent: 7951.1 ops/s, verified
upstream-shared-legacy-read-1-0-2-final: 7597.6 ops/s, verified
upstream-shared-legacy-read-1-1-0-final: 7694.6 ops/s, verified
upstream-shared-legacy-read-1-1-1-parent: 7796.3 ops/s, verified
upstream-shared-legacy-read-1-1-2-dev: 8507.1 ops/s, verified
upstream-shared-legacy-read-1-2-0-dev: 8239.0 ops/s, verified
upstream-shared-legacy-read-1-2-1-parent: 7994.6 ops/s, verified
upstream-shared-legacy-read-1-2-2-final: 7587.7 ops/s, verified
upstream-shared-legacy-read-1-3-0-final: 7662.8 ops/s, verified
upstream-shared-legacy-read-1-3-1-parent: 7849.3 ops/s, verified
upstream-shared-legacy-read-1-3-2-dev: 8321.0 ops/s, verified
