<?xml version="1.0" encoding="utf-8"?>
<TestRun id="e845ea92-ba12-4106-ad12-e53986cef5f1" name="@dev-build-server 2026-09-30 07:11:04" xmlns="http://microsoft.com/schemas/VisualStudio/TeamTest/2010">
  <Times creation="2026-09-30T07:11:04.2597466+00:00" queuing="2026-09-30T07:11:04.2597466+00:00" start="2026-09-30T07:11:02.4603255+00:00" finish="2026-09-30T07:11:06.5729007+00:00" />
  <TestSettings name="default" id="9075a0e6-6828-4488-b425-08db1d9d114d">
    <Deployment runDeploymentRoot="_dev-build-server_2026-09-30_07_11_04" />
  </TestSettings>
  <Results>
    <UnitTestResult executionId="b4983659-d128-429a-9b3d-0e2ce5b0c9a8" testId="6aaf13f1-943d-8ff4-7303-a455d7470dbb" testName="LiteDB.Tests.Engine.TransactionHandleMaintenanceProgress_Tests.Raw_close_interrupts_collection_waiter_and_cold_reopen_keeps_only_committed_rows" computerName="dev-build-server" duration="00:00:00.1472011" startTime="2026-09-30T07:11:05.0631570+00:00" endTime="2026-09-30T07:11:05.0631571+00:00" testType="13cdc9d9-ddb5-4fa4-a97d-d965ccfc6d4b" outcome="Passed" testListId="8c84fa94-04c1-424b-9868-57a2d4851a1d" relativeResultsDirectory="b4983659-d128-429a-9b3d-0e2ce5b0c9a8" />
    <UnitTestResult executionId="62305a62-4cb7-4a51-b1bf-1859d7ba0499" testId="520cef8f-67ad-0265-d5e8-c018193adeb2" testName="LiteDB.Tests.Engine.TransactionHandleMaintenanceProgress_Tests.Waiting_maintenance_holds_new_operations_but_allows_nested_completion" computerName="dev-build-server" duration="00:00:00.0031801" startTime="2026-09-30T07:11:04.9116899+00:00" endTime="2026-09-30T07:11:04.9116900+00:00" testType="13cdc9d9-ddb5-4fa4-a97d-d965ccfc6d4b" outcome="Passed" testListId="8c84fa94-04c1-424b-9868-57a2d4851a1d" relativeResultsDirectory="62305a62-4cb7-4a51-b1bf-1859d7ba0499" />
    <UnitTestResult executionId="97ed86f8-7c59-46d0-8819-d9937059523c" testId="a335c5d8-bc50-e795-bd00-06d360ed336c" testName="LiteDB.Tests.Engine.TransactionHandleMaintenanceProgress_Tests.Maintenance_timeout_removes_pending_admission_and_reader_can_retry" computerName="dev-build-server" duration="00:00:00.5106565" startTime="2026-09-30T07:11:05.5742934+00:00" endTime="2026-09-30T07:11:05.5742935+00:00" testType="13cdc9d9-ddb5-4fa4-a97d-d965ccfc6d4b" outcome="Passed" testListId="8c84fa94-04c1-424b-9868-57a2d4851a1d" relativeResultsDirectory="97ed86f8-7c59-46d0-8819-d9937059523c" />
    <UnitTestResult executionId="6db4cea5-c3df-4fe4-b8ee-8a902a89bab0" testId="62080c01-c265-e9a1-fdcd-c507860b4261" testName="LiteDB.Tests.Engine.TransactionHandleCloseCleanup_Tests.Concurrent_retries_dispatch_and_release_exactly_once" computerName="dev-build-server" duration="00:00:00.0028568" startTime="2026-09-30T07:11:04.3997233+00:00" endTime="2026-09-30T07:11:04.3997233+00:00" testType="13cdc9d9-ddb5-4fa4-a97d-d965ccfc6d4b" outcome="Passed" testListId="8c84fa94-04c1-424b-9868-57a2d4851a1d" relativeResultsDirectory="6db4cea5-c3df-4fe4-b8ee-8a902a89bab0" />
    <UnitTestResult executionId="b53133ed-fdb2-4c85-bc36-8b171c27f101" testId="8cb18638-55c2-e284-2e62-42187b423e3b" testName="LiteDB.Tests.Engine.TransactionHandleCloseCleanup_Tests.Deferred_fatal_close_preserves_outer_maintenance_ownership" computerName="dev-build-server" duration="00:00:00.1009343" startTime="2026-09-30T07:11:04.3964706+00:00" endTime="2026-09-30T07:11:04.3964707+00:00" testType="13cdc9d9-ddb5-4fa4-a97d-d965ccfc6d4b" outcome="Passed" testListId="8c84fa94-04c1-424b-9868-57a2d4851a1d" relativeResultsDirectory="b53133ed-fdb2-4c85-bc36-8b171c27f101" />
    <UnitTestResult executionId="11877009-af47-40fc-b281-e80973000c59" testId="99034591-cfe6-0e60-8a90-c430d277aa85" testName="LiteDB.Tests.Engine.NativeAdmissionDirectContextLifetime_Tests.Foreign_reader_disposal_preserves_each_contexts_transaction(closeOwner: False)" computerName="dev-build-server" duration="00:00:00.1254249" startTime="2026-09-30T07:11:06.0841165+00:00" endTime="2026-09-30T07:11:06.0841166+00:00" testType="13cdc9d9-ddb5-4fa4-a97d-d965ccfc6d4b" outcome="Passed" testListId="8c84fa94-04c1-424b-9868-57a2d4851a1d" relativeResultsDirectory="11877009-af47-40fc-b281-e80973000c59" />
    <UnitTestResult executionId="44b50930-b485-43be-a8f6-ca4633ef0ab4" testId="ce026304-f56e-3db3-a965-8770bf5e5d98" testName="LiteDB.Tests.Engine.NativeAdmissionDirectContextLifetime_Tests.Abandoned_explicit_context_is_rolled_back_by_the_next_live_owner_operation" computerName="dev-build-server" duration="00:00:00.1252801" startTime="2026-09-30T07:11:06.2096605+00:00" endTime="2026-09-30T07:11:06.2096606+00:00" testType="13cdc9d9-ddb5-4fa4-a97d-d965ccfc6d4b" outcome="Passed" testListId="8c84fa94-04c1-424b-9868-57a2d4851a1d" relativeResultsDirectory="44b50930-b485-43be-a8f6-ca4633ef0ab4" />
    <UnitTestResult executionId="d70ef1ea-880d-4bdb-9de0-3b54c89515f0" testId="d3ebc0cf-5bf8-1eac-c098-1613c2b6c784" testName="LiteDB.Tests.Engine.TransactionHandleMaintenanceProgress_Tests.Rebuild_drains_existing_transaction_or_foreign_cursor_before_new_work(cursor: True)" computerName="dev-build-server" duration="00:00:00.1277967" startTime="2026-09-30T07:11:04.6902087+00:00" endTime="2026-09-30T07:11:04.6902088+00:00" testType="13cdc9d9-ddb5-4fa4-a97d-d965ccfc6d4b" outcome="Passed" testListId="8c84fa94-04c1-424b-9868-57a2d4851a1d" relativeResultsDirectory="d70ef1ea-880d-4bdb-9de0-3b54c89515f0" />
    <UnitTestResult executionId="3d86ecdb-5e94-44b7-8250-c0090439d808" testId="b2abd1d1-e2db-1782-c5be-ae12dcf37b4b" testName="LiteDB.Tests.Engine.TransactionHandleCloseCleanup_Tests.Idle_final_release_is_bounded_and_does_not_block_other_sessions" computerName="dev-build-server" duration="00:00:00.1697625" startTime="2026-09-30T07:11:04.1007292+00:00" endTime="2026-09-30T07:11:04.1007292+00:00" testType="13cdc9d9-ddb5-4fa4-a97d-d965ccfc6d4b" outcome="Passed" testListId="8c84fa94-04c1-424b-9868-57a2d4851a1d" relativeResultsDirectory="3d86ecdb-5e94-44b7-8250-c0090439d808" />
    <UnitTestResult executionId="a516e24e-91f0-4fe1-bf46-fcc8287c0a5f" testId="7daca40e-c525-2645-e240-235c8c52a853" testName="LiteDB.Tests.Engine.TransactionHandleMaintenanceProgress_Tests.Maintenance_progresses_under_sustained_ordinary_reads(close: False)" computerName="dev-build-server" duration="00:00:00.1496554" startTime="2026-09-30T07:11:04.8400165+00:00" endTime="2026-09-30T07:11:04.8400166+00:00" testType="13cdc9d9-ddb5-4fa4-a97d-d965ccfc6d4b" outcome="Passed" testListId="8c84fa94-04c1-424b-9868-57a2d4851a1d" relativeResultsDirectory="a516e24e-91f0-4fe1-bf46-fcc8287c0a5f" />
    <UnitTestResult executionId="5b08391c-dbd5-40d5-816d-2c2f4c2affb4" testId="ffa18119-0eef-84cc-e6d9-b21a0e191daf" testName="LiteDB.Tests.Engine.NativeAdmissionDirectContextLifetime_Tests.Concurrent_siblings_drain_multiple_abandoned_transactions_without_losing_commits" computerName="dev-build-server" duration="00:00:00.1379981" startTime="2026-09-30T07:11:06.5046609+00:00" endTime="2026-09-30T07:11:06.5046610+00:00" testType="13cdc9d9-ddb5-4fa4-a97d-d965ccfc6d4b" outcome="Passed" testListId="8c84fa94-04c1-424b-9868-57a2d4851a1d" relativeResultsDirectory="5b08391c-dbd5-40d5-816d-2c2f4c2affb4" />
    <UnitTestResult executionId="b8ef8395-ea4a-4051-9705-f0d11e31c110" testId="3d7ecaa7-48fd-cd15-08cd-56da13f5f5ba" testName="LiteDB.Tests.Engine.NativeAdmissionDirectContextLifetime_Tests.Checkpoint_from_another_context_preserves_the_live_transactions_wal" computerName="dev-build-server" duration="00:00:00.0854354" startTime="2026-09-30T07:11:06.2952944+00:00" endTime="2026-09-30T07:11:06.2952945+00:00" testType="13cdc9d9-ddb5-4fa4-a97d-d965ccfc6d4b" outcome="Passed" testListId="8c84fa94-04c1-424b-9868-57a2d4851a1d" relativeResultsDirectory="b8ef8395-ea4a-4051-9705-f0d11e31c110" />
    <UnitTestResult executionId="4ac94211-e499-442f-84ea-7a741ac84c47" testId="5f169ea3-5f84-7fdf-078f-203a09fad39e" testName="LiteDB.Tests.Engine.TransactionHandleMaintenanceProgress_Tests.Close_waiter_does_not_interrupt_the_current_maintenance_generation" computerName="dev-build-server" duration="00:00:00.0026475" startTime="2026-09-30T07:11:04.9158411+00:00" endTime="2026-09-30T07:11:04.9158412+00:00" testType="13cdc9d9-ddb5-4fa4-a97d-d965ccfc6d4b" outcome="Passed" testListId="8c84fa94-04c1-424b-9868-57a2d4851a1d" relativeResultsDirectory="4ac94211-e499-442f-84ea-7a741ac84c47" />
    <UnitTestResult executionId="9a3443ac-4b7c-450d-ba4f-36eb1fc424fe" testId="c8bb6ca2-0ef8-74ef-e4d2-fb5efb22d2ac" testName="LiteDB.Tests.Engine.NativeAdmissionDirectContextLifetime_Tests.Rebuild_waits_for_transactions_in_every_context" computerName="dev-build-server" duration="00:00:00.1331900" startTime="2026-09-30T07:11:05.8608904+00:00" endTime="2026-09-30T07:11:05.8608904+00:00" testType="13cdc9d9-ddb5-4fa4-a97d-d965ccfc6d4b" outcome="Passed" testListId="8c84fa94-04c1-424b-9868-57a2d4851a1d" relativeResultsDirectory="9a3443ac-4b7c-450d-ba4f-36eb1fc424fe" />
    <UnitTestResult executionId="873ff43a-96e4-40d1-8d2a-d5e3d5a31b02" testId="11b2e334-b859-59b1-8a69-fa6da2fbe837" testName="LiteDB.Tests.Engine.TransactionHandleMaintenanceProgress_Tests.Rebuild_drains_existing_transaction_or_foreign_cursor_before_new_work(cursor: False)" computerName="dev-build-server" duration="00:00:00.1614423" startTime="2026-09-30T07:11:04.5619998+00:00" endTime="2026-09-30T07:11:04.5619999+00:00" testType="13cdc9d9-ddb5-4fa4-a97d-d965ccfc6d4b" outcome="Passed" testListId="8c84fa94-04c1-424b-9868-57a2d4851a1d" relativeResultsDirectory="873ff43a-96e4-40d1-8d2a-d5e3d5a31b02" />
    <UnitTestResult executionId="b88ec7e1-304b-4ae8-aa8e-e6e98a46974e" testId="98b7529b-6a39-f6dc-15db-9a6389da00d9" testName="LiteDB.Tests.Engine.TransactionHandleMaintenanceProgress_Tests.Maintenance_progresses_under_sustained_ordinary_reads(close: True)" computerName="dev-build-server" duration="00:00:00.0680360" startTime="2026-09-30T07:11:04.9081551+00:00" endTime="2026-09-30T07:11:04.9081551+00:00" testType="13cdc9d9-ddb5-4fa4-a97d-d965ccfc6d4b" outcome="Passed" testListId="8c84fa94-04c1-424b-9868-57a2d4851a1d" relativeResultsDirectory="b88ec7e1-304b-4ae8-aa8e-e6e98a46974e" />
    <UnitTestResult executionId="77ff5b42-ba21-4c0e-861f-acbebd83d86f" testId="ea3bfaaa-fe5c-a7dd-5468-24d19c527e98" testName="LiteDB.Tests.Engine.TransactionHandleReaderOperation_Tests.Source_advancement_retains_operation_through_second_row_transform" computerName="dev-build-server" duration="00:00:00.3589377" startTime="2026-09-30T07:11:03.9222653+00:00" endTime="2026-09-30T07:11:03.9222883+00:00" testType="13cdc9d9-ddb5-4fa4-a97d-d965ccfc6d4b" outcome="Passed" testListId="8c84fa94-04c1-424b-9868-57a2d4851a1d" relativeResultsDirectory="77ff5b42-ba21-4c0e-861f-acbebd83d86f" />
    <UnitTestResult executionId="dfb9d665-b21a-4d0a-a52a-5f10ca58a114" testId="6a691633-e43e-6325-0619-fc34e09626f7" testName="LiteDB.Tests.Engine.NativeAdmissionDirectContextLifetime_Tests.Foreign_reader_disposal_preserves_each_contexts_transaction(closeOwner: True)" computerName="dev-build-server" duration="00:00:00.0974407" startTime="2026-09-30T07:11:05.9585344+00:00" endTime="2026-09-30T07:11:05.9585344+00:00" testType="13cdc9d9-ddb5-4fa4-a97d-d965ccfc6d4b" outcome="Passed" testListId="8c84fa94-04c1-424b-9868-57a2d4851a1d" relativeResultsDirectory="dfb9d665-b21a-4d0a-a52a-5f10ca58a114" />
    <UnitTestResult executionId="b3a437f8-f690-4fe2-89bd-d4fb381f3f96" testId="5b6bc588-5131-9dc1-dd4a-3b7bac6e1487" testName="LiteDB.Tests.Engine.NativeAdmissionDirectContextLifetime_Tests.Failed_context_rollback_stops_all_contexts_and_preserves_committed_state" computerName="dev-build-server" duration="00:00:00.0702047" startTime="2026-09-30T07:11:06.3662297+00:00" endTime="2026-09-30T07:11:06.3662298+00:00" testType="13cdc9d9-ddb5-4fa4-a97d-d965ccfc6d4b" outcome="Passed" testListId="8c84fa94-04c1-424b-9868-57a2d4851a1d" relativeResultsDirectory="b3a437f8-f690-4fe2-89bd-d4fb381f3f96" />
    <UnitTestResult executionId="016420f8-1aae-4a84-aad4-e61f270a89e3" testId="913edcf7-4d86-738b-9ae4-c1619fe7b8c2" testName="LiteDB.Tests.Engine.NativeAdmissionDirectContextLifetime_Tests.Foreign_context_disposal_wakes_a_sibling_already_waiting_for_its_collection" computerName="dev-build-server" duration="00:00:00.1520691" startTime="2026-09-30T07:11:05.7272850+00:00" endTime="2026-09-30T07:11:05.7272851+00:00" testType="13cdc9d9-ddb5-4fa4-a97d-d965ccfc6d4b" outcome="Passed" testListId="8c84fa94-04c1-424b-9868-57a2d4851a1d" relativeResultsDirectory="016420f8-1aae-4a84-aad4-e61f270a89e3" />
    <UnitTestResult executionId="21a58ebf-02f2-41c4-8f88-f40e9d779f14" testId="dffd5ba9-92b5-1883-3b52-8ee1049c2995" testName="LiteDB.Tests.Engine.TransactionHandleCloseCleanup_Tests.Failed_cleanup_dispatch_retains_ownership_and_retry_completes" computerName="dev-build-server" duration="00:00:00.0532996" startTime="2026-09-30T07:11:04.2953796+00:00" endTime="2026-09-30T07:11:04.2953797+00:00" testType="13cdc9d9-ddb5-4fa4-a97d-d965ccfc6d4b" outcome="Passed" testListId="8c84fa94-04c1-424b-9868-57a2d4851a1d" relativeResultsDirectory="21a58ebf-02f2-41c4-8f88-f40e9d779f14" />
    <UnitTestResult executionId="50e3ca16-bdee-46e6-ad9e-acc9f9743653" testId="7890127e-ff48-e4b9-35f1-6b4c6f8f5bc5" testName="LiteDB.Tests.Engine.TransactionHandleCloseCleanup_Tests.Close_deadline_also_covers_idle_rollback_and_cleanup_reentry_is_rejected" computerName="dev-build-server" duration="00:00:00.1403422" startTime="2026-09-30T07:11:04.2417690+00:00" endTime="2026-09-30T07:11:04.2417691+00:00" testType="13cdc9d9-ddb5-4fa4-a97d-d965ccfc6d4b" outcome="Passed" testListId="8c84fa94-04c1-424b-9868-57a2d4851a1d" relativeResultsDirectory="50e3ca16-bdee-46e6-ad9e-acc9f9743653" />
  </Results>
  <TestDefinitions>
    <UnitTest name="LiteDB.Tests.Engine.TransactionHandleMaintenanceProgress_Tests.Maintenance_progresses_under_sustained_ordinary_reads(close: False)" storage="/tmp/pr133-maintenance-fix/litedb.tests/bin/release/net10.0/litedb.tests.dll" id="7daca40e-c525-2645-e240-235c8c52a853">
      <Execution id="a516e24e-91f0-4fe1-bf46-fcc8287c0a5f" />
      <TestMethod codeBase="/tmp/pr133-maintenance-fix/LiteDB.Tests/bin/Release/net10.0/LiteDB.Tests.dll" adapterTypeName="executor://xunit/VsTestRunner2/netcoreapp" className="LiteDB.Tests.Engine.TransactionHandleMaintenanceProgress_Tests" name="Maintenance_progresses_under_sustained_ordinary_reads" />
    </UnitTest>
    <UnitTest name="LiteDB.Tests.Engine.NativeAdmissionDirectContextLifetime_Tests.Failed_context_rollback_stops_all_contexts_and_preserves_committed_state" storage="/tmp/pr133-maintenance-fix/litedb.tests/bin/release/net10.0/litedb.tests.dll" id="5b6bc588-5131-9dc1-dd4a-3b7bac6e1487">
      <Execution id="b3a437f8-f690-4fe2-89bd-d4fb381f3f96" />
      <TestMethod codeBase="/tmp/pr133-maintenance-fix/LiteDB.Tests/bin/Release/net10.0/LiteDB.Tests.dll" adapterTypeName="executor://xunit/VsTestRunner2/netcoreapp" className="LiteDB.Tests.Engine.NativeAdmissionDirectContextLifetime_Tests" name="Failed_context_rollback_stops_all_contexts_and_preserves_committed_state" />
    </UnitTest>
    <UnitTest name="LiteDB.Tests.Engine.NativeAdmissionDirectContextLifetime_Tests.Checkpoint_from_another_context_preserves_the_live_transactions_wal" storage="/tmp/pr133-maintenance-fix/litedb.tests/bin/release/net10.0/litedb.tests.dll" id="3d7ecaa7-48fd-cd15-08cd-56da13f5f5ba">
      <Execution id="b8ef8395-ea4a-4051-9705-f0d11e31c110" />
      <TestMethod codeBase="/tmp/pr133-maintenance-fix/LiteDB.Tests/bin/Release/net10.0/LiteDB.Tests.dll" adapterTypeName="executor://xunit/VsTestRunner2/netcoreapp" className="LiteDB.Tests.Engine.NativeAdmissionDirectContextLifetime_Tests" name="Checkpoint_from_another_context_preserves_the_live_transactions_wal" />
    </UnitTest>
    <UnitTest name="LiteDB.Tests.Engine.NativeAdmissionDirectContextLifetime_Tests.Concurrent_siblings_drain_multiple_abandoned_transactions_without_losing_commits" storage="/tmp/pr133-maintenance-fix/litedb.tests/bin/release/net10.0/litedb.tests.dll" id="ffa18119-0eef-84cc-e6d9-b21a0e191daf">
      <Execution id="5b08391c-dbd5-40d5-816d-2c2f4c2affb4" />
      <TestMethod codeBase="/tmp/pr133-maintenance-fix/LiteDB.Tests/bin/Release/net10.0/LiteDB.Tests.dll" adapterTypeName="executor://xunit/VsTestRunner2/netcoreapp" className="LiteDB.Tests.Engine.NativeAdmissionDirectContextLifetime_Tests" name="Concurrent_siblings_drain_multiple_abandoned_transactions_without_losing_commits" />
    </UnitTest>
    <UnitTest name="LiteDB.Tests.Engine.NativeAdmissionDirectContextLifetime_Tests.Foreign_reader_disposal_preserves_each_contexts_transaction(closeOwner: True)" storage="/tmp/pr133-maintenance-fix/litedb.tests/bin/release/net10.0/litedb.tests.dll" id="6a691633-e43e-6325-0619-fc34e09626f7">
      <Execution id="dfb9d665-b21a-4d0a-a52a-5f10ca58a114" />
      <TestMethod codeBase="/tmp/pr133-maintenance-fix/LiteDB.Tests/bin/Release/net10.0/LiteDB.Tests.dll" adapterTypeName="executor://xunit/VsTestRunner2/netcoreapp" className="LiteDB.Tests.Engine.NativeAdmissionDirectContextLifetime_Tests" name="Foreign_reader_disposal_preserves_each_contexts_transaction" />
    </UnitTest>
    <UnitTest name="LiteDB.Tests.Engine.TransactionHandleMaintenanceProgress_Tests.Close_waiter_does_not_interrupt_the_current_maintenance_generation" storage="/tmp/pr133-maintenance-fix/litedb.tests/bin/release/net10.0/litedb.tests.dll" id="5f169ea3-5f84-7fdf-078f-203a09fad39e">
      <Execution id="4ac94211-e499-442f-84ea-7a741ac84c47" />
      <TestMethod codeBase="/tmp/pr133-maintenance-fix/LiteDB.Tests/bin/Release/net10.0/LiteDB.Tests.dll" adapterTypeName="executor://xunit/VsTestRunner2/netcoreapp" className="LiteDB.Tests.Engine.TransactionHandleMaintenanceProgress_Tests" name="Close_waiter_does_not_interrupt_the_current_maintenance_generation" />
    </UnitTest>
    <UnitTest name="LiteDB.Tests.Engine.TransactionHandleMaintenanceProgress_Tests.Maintenance_timeout_removes_pending_admission_and_reader_can_retry" storage="/tmp/pr133-maintenance-fix/litedb.tests/bin/release/net10.0/litedb.tests.dll" id="a335c5d8-bc50-e795-bd00-06d360ed336c">
      <Execution id="97ed86f8-7c59-46d0-8819-d9937059523c" />
      <TestMethod codeBase="/tmp/pr133-maintenance-fix/LiteDB.Tests/bin/Release/net10.0/LiteDB.Tests.dll" adapterTypeName="executor://xunit/VsTestRunner2/netcoreapp" className="LiteDB.Tests.Engine.TransactionHandleMaintenanceProgress_Tests" name="Maintenance_timeout_removes_pending_admission_and_reader_can_retry" />
    </UnitTest>
    <UnitTest name="LiteDB.Tests.Engine.TransactionHandleCloseCleanup_Tests.Concurrent_retries_dispatch_and_release_exactly_once" storage="/tmp/pr133-maintenance-fix/litedb.tests/bin/release/net10.0/litedb.tests.dll" id="62080c01-c265-e9a1-fdcd-c507860b4261">
      <Execution id="6db4cea5-c3df-4fe4-b8ee-8a902a89bab0" />
      <TestMethod codeBase="/tmp/pr133-maintenance-fix/LiteDB.Tests/bin/Release/net10.0/LiteDB.Tests.dll" adapterTypeName="executor://xunit/VsTestRunner2/netcoreapp" className="LiteDB.Tests.Engine.TransactionHandleCloseCleanup_Tests" name="Concurrent_retries_dispatch_and_release_exactly_once" />
    </UnitTest>
    <UnitTest name="LiteDB.Tests.Engine.TransactionHandleReaderOperation_Tests.Source_advancement_retains_operation_through_second_row_transform" storage="/tmp/pr133-maintenance-fix/litedb.tests/bin/release/net10.0/litedb.tests.dll" id="ea3bfaaa-fe5c-a7dd-5468-24d19c527e98">
      <Execution id="77ff5b42-ba21-4c0e-861f-acbebd83d86f" />
      <TestMethod codeBase="/tmp/pr133-maintenance-fix/LiteDB.Tests/bin/Release/net10.0/LiteDB.Tests.dll" adapterTypeName="executor://xunit/VsTestRunner2/netcoreapp" className="LiteDB.Tests.Engine.TransactionHandleReaderOperation_Tests" name="Source_advancement_retains_operation_through_second_row_transform" />
    </UnitTest>
    <UnitTest name="LiteDB.Tests.Engine.NativeAdmissionDirectContextLifetime_Tests.Foreign_context_disposal_wakes_a_sibling_already_waiting_for_its_collection" storage="/tmp/pr133-maintenance-fix/litedb.tests/bin/release/net10.0/litedb.tests.dll" id="913edcf7-4d86-738b-9ae4-c1619fe7b8c2">
      <Execution id="016420f8-1aae-4a84-aad4-e61f270a89e3" />
      <TestMethod codeBase="/tmp/pr133-maintenance-fix/LiteDB.Tests/bin/Release/net10.0/LiteDB.Tests.dll" adapterTypeName="executor://xunit/VsTestRunner2/netcoreapp" className="LiteDB.Tests.Engine.NativeAdmissionDirectContextLifetime_Tests" name="Foreign_context_disposal_wakes_a_sibling_already_waiting_for_its_collection" />
    </UnitTest>
    <UnitTest name="LiteDB.Tests.Engine.NativeAdmissionDirectContextLifetime_Tests.Rebuild_waits_for_transactions_in_every_context" storage="/tmp/pr133-maintenance-fix/litedb.tests/bin/release/net10.0/litedb.tests.dll" id="c8bb6ca2-0ef8-74ef-e4d2-fb5efb22d2ac">
      <Execution id="9a3443ac-4b7c-450d-ba4f-36eb1fc424fe" />
      <TestMethod codeBase="/tmp/pr133-maintenance-fix/LiteDB.Tests/bin/Release/net10.0/LiteDB.Tests.dll" adapterTypeName="executor://xunit/VsTestRunner2/netcoreapp" className="LiteDB.Tests.Engine.NativeAdmissionDirectContextLifetime_Tests" name="Rebuild_waits_for_transactions_in_every_context" />
    </UnitTest>
    <UnitTest name="LiteDB.Tests.Engine.TransactionHandleCloseCleanup_Tests.Failed_cleanup_dispatch_retains_ownership_and_retry_completes" storage="/tmp/pr133-maintenance-fix/litedb.tests/bin/release/net10.0/litedb.tests.dll" id="dffd5ba9-92b5-1883-3b52-8ee1049c2995">
      <Execution id="21a58ebf-02f2-41c4-8f88-f40e9d779f14" />
      <TestMethod codeBase="/tmp/pr133-maintenance-fix/LiteDB.Tests/bin/Release/net10.0/LiteDB.Tests.dll" adapterTypeName="executor://xunit/VsTestRunner2/netcoreapp" className="LiteDB.Tests.Engine.TransactionHandleCloseCleanup_Tests" name="Failed_cleanup_dispatch_retains_ownership_and_retry_completes" />
    </UnitTest>
    <UnitTest name="LiteDB.Tests.Engine.TransactionHandleMaintenanceProgress_Tests.Rebuild_drains_existing_transaction_or_foreign_cursor_before_new_work(cursor: True)" storage="/tmp/pr133-maintenance-fix/litedb.tests/bin/release/net10.0/litedb.tests.dll" id="d3ebc0cf-5bf8-1eac-c098-1613c2b6c784">
      <Execution id="d70ef1ea-880d-4bdb-9de0-3b54c89515f0" />
      <TestMethod codeBase="/tmp/pr133-maintenance-fix/LiteDB.Tests/bin/Release/net10.0/LiteDB.Tests.dll" adapterTypeName="executor://xunit/VsTestRunner2/netcoreapp" className="LiteDB.Tests.Engine.TransactionHandleMaintenanceProgress_Tests" name="Rebuild_drains_existing_transaction_or_foreign_cursor_before_new_work" />
    </UnitTest>
    <UnitTest name="LiteDB.Tests.Engine.TransactionHandleMaintenanceProgress_Tests.Rebuild_drains_existing_transaction_or_foreign_cursor_before_new_work(cursor: False)" storage="/tmp/pr133-maintenance-fix/litedb.tests/bin/release/net10.0/litedb.tests.dll" id="11b2e334-b859-59b1-8a69-fa6da2fbe837">
      <Execution id="873ff43a-96e4-40d1-8d2a-d5e3d5a31b02" />
      <TestMethod codeBase="/tmp/pr133-maintenance-fix/LiteDB.Tests/bin/Release/net10.0/LiteDB.Tests.dll" adapterTypeName="executor://xunit/VsTestRunner2/netcoreapp" className="LiteDB.Tests.Engine.TransactionHandleMaintenanceProgress_Tests" name="Rebuild_drains_existing_transaction_or_foreign_cursor_before_new_work" />
    </UnitTest>
    <UnitTest name="LiteDB.Tests.Engine.TransactionHandleCloseCleanup_Tests.Deferred_fatal_close_preserves_outer_maintenance_ownership" storage="/tmp/pr133-maintenance-fix/litedb.tests/bin/release/net10.0/litedb.tests.dll" id="8cb18638-55c2-e284-2e62-42187b423e3b">
      <Execution id="b53133ed-fdb2-4c85-bc36-8b171c27f101" />
      <TestMethod codeBase="/tmp/pr133-maintenance-fix/LiteDB.Tests/bin/Release/net10.0/LiteDB.Tests.dll" adapterTypeName="executor://xunit/VsTestRunner2/netcoreapp" className="LiteDB.Tests.Engine.TransactionHandleCloseCleanup_Tests" name="Deferred_fatal_close_preserves_outer_maintenance_ownership" />
    </UnitTest>
    <UnitTest name="LiteDB.Tests.Engine.NativeAdmissionDirectContextLifetime_Tests.Abandoned_explicit_context_is_rolled_back_by_the_next_live_owner_operation" storage="/tmp/pr133-maintenance-fix/litedb.tests/bin/release/net10.0/litedb.tests.dll" id="ce026304-f56e-3db3-a965-8770bf5e5d98">
      <Execution id="44b50930-b485-43be-a8f6-ca4633ef0ab4" />
      <TestMethod codeBase="/tmp/pr133-maintenance-fix/LiteDB.Tests/bin/Release/net10.0/LiteDB.Tests.dll" adapterTypeName="executor://xunit/VsTestRunner2/netcoreapp" className="LiteDB.Tests.Engine.NativeAdmissionDirectContextLifetime_Tests" name="Abandoned_explicit_context_is_rolled_back_by_the_next_live_owner_operation" />
    </UnitTest>
    <UnitTest name="LiteDB.Tests.Engine.TransactionHandleMaintenanceProgress_Tests.Waiting_maintenance_holds_new_operations_but_allows_nested_completion" storage="/tmp/pr133-maintenance-fix/litedb.tests/bin/release/net10.0/litedb.tests.dll" id="520cef8f-67ad-0265-d5e8-c018193adeb2">
      <Execution id="62305a62-4cb7-4a51-b1bf-1859d7ba0499" />
      <TestMethod codeBase="/tmp/pr133-maintenance-fix/LiteDB.Tests/bin/Release/net10.0/LiteDB.Tests.dll" adapterTypeName="executor://xunit/VsTestRunner2/netcoreapp" className="LiteDB.Tests.Engine.TransactionHandleMaintenanceProgress_Tests" name="Waiting_maintenance_holds_new_operations_but_allows_nested_completion" />
    </UnitTest>
    <UnitTest name="LiteDB.Tests.Engine.TransactionHandleCloseCleanup_Tests.Idle_final_release_is_bounded_and_does_not_block_other_sessions" storage="/tmp/pr133-maintenance-fix/litedb.tests/bin/release/net10.0/litedb.tests.dll" id="b2abd1d1-e2db-1782-c5be-ae12dcf37b4b">
      <Execution id="3d86ecdb-5e94-44b7-8250-c0090439d808" />
      <TestMethod codeBase="/tmp/pr133-maintenance-fix/LiteDB.Tests/bin/Release/net10.0/LiteDB.Tests.dll" adapterTypeName="executor://xunit/VsTestRunner2/netcoreapp" className="LiteDB.Tests.Engine.TransactionHandleCloseCleanup_Tests" name="Idle_final_release_is_bounded_and_does_not_block_other_sessions" />
    </UnitTest>
    <UnitTest name="LiteDB.Tests.Engine.TransactionHandleCloseCleanup_Tests.Close_deadline_also_covers_idle_rollback_and_cleanup_reentry_is_rejected" storage="/tmp/pr133-maintenance-fix/litedb.tests/bin/release/net10.0/litedb.tests.dll" id="7890127e-ff48-e4b9-35f1-6b4c6f8f5bc5">
      <Execution id="50e3ca16-bdee-46e6-ad9e-acc9f9743653" />
      <TestMethod codeBase="/tmp/pr133-maintenance-fix/LiteDB.Tests/bin/Release/net10.0/LiteDB.Tests.dll" adapterTypeName="executor://xunit/VsTestRunner2/netcoreapp" className="LiteDB.Tests.Engine.TransactionHandleCloseCleanup_Tests" name="Close_deadline_also_covers_idle_rollback_and_cleanup_reentry_is_rejected" />
    </UnitTest>
    <UnitTest name="LiteDB.Tests.Engine.NativeAdmissionDirectContextLifetime_Tests.Foreign_reader_disposal_preserves_each_contexts_transaction(closeOwner: False)" storage="/tmp/pr133-maintenance-fix/litedb.tests/bin/release/net10.0/litedb.tests.dll" id="99034591-cfe6-0e60-8a90-c430d277aa85">
      <Execution id="11877009-af47-40fc-b281-e80973000c59" />
      <TestMethod codeBase="/tmp/pr133-maintenance-fix/LiteDB.Tests/bin/Release/net10.0/LiteDB.Tests.dll" adapterTypeName="executor://xunit/VsTestRunner2/netcoreapp" className="LiteDB.Tests.Engine.NativeAdmissionDirectContextLifetime_Tests" name="Foreign_reader_disposal_preserves_each_contexts_transaction" />
    </UnitTest>
    <UnitTest name="LiteDB.Tests.Engine.TransactionHandleMaintenanceProgress_Tests.Raw_close_interrupts_collection_waiter_and_cold_reopen_keeps_only_committed_rows" storage="/tmp/pr133-maintenance-fix/litedb.tests/bin/release/net10.0/litedb.tests.dll" id="6aaf13f1-943d-8ff4-7303-a455d7470dbb">
      <Execution id="b4983659-d128-429a-9b3d-0e2ce5b0c9a8" />
      <TestMethod codeBase="/tmp/pr133-maintenance-fix/LiteDB.Tests/bin/Release/net10.0/LiteDB.Tests.dll" adapterTypeName="executor://xunit/VsTestRunner2/netcoreapp" className="LiteDB.Tests.Engine.TransactionHandleMaintenanceProgress_Tests" name="Raw_close_interrupts_collection_waiter_and_cold_reopen_keeps_only_committed_rows" />
    </UnitTest>
    <UnitTest name="LiteDB.Tests.Engine.TransactionHandleMaintenanceProgress_Tests.Maintenance_progresses_under_sustained_ordinary_reads(close: True)" storage="/tmp/pr133-maintenance-fix/litedb.tests/bin/release/net10.0/litedb.tests.dll" id="98b7529b-6a39-f6dc-15db-9a6389da00d9">
      <Execution id="b88ec7e1-304b-4ae8-aa8e-e6e98a46974e" />
      <TestMethod codeBase="/tmp/pr133-maintenance-fix/LiteDB.Tests/bin/Release/net10.0/LiteDB.Tests.dll" adapterTypeName="executor://xunit/VsTestRunner2/netcoreapp" className="LiteDB.Tests.Engine.TransactionHandleMaintenanceProgress_Tests" name="Maintenance_progresses_under_sustained_ordinary_reads" />
    </UnitTest>
  </TestDefinitions>
  <TestEntries>
    <TestEntry testId="6aaf13f1-943d-8ff4-7303-a455d7470dbb" executionId="b4983659-d128-429a-9b3d-0e2ce5b0c9a8" testListId="8c84fa94-04c1-424b-9868-57a2d4851a1d" />
    <TestEntry testId="520cef8f-67ad-0265-d5e8-c018193adeb2" executionId="62305a62-4cb7-4a51-b1bf-1859d7ba0499" testListId="8c84fa94-04c1-424b-9868-57a2d4851a1d" />
    <TestEntry testId="a335c5d8-bc50-e795-bd00-06d360ed336c" executionId="97ed86f8-7c59-46d0-8819-d9937059523c" testListId="8c84fa94-04c1-424b-9868-57a2d4851a1d" />
    <TestEntry testId="62080c01-c265-e9a1-fdcd-c507860b4261" executionId="6db4cea5-c3df-4fe4-b8ee-8a902a89bab0" testListId="8c84fa94-04c1-424b-9868-57a2d4851a1d" />
    <TestEntry testId="8cb18638-55c2-e284-2e62-42187b423e3b" executionId="b53133ed-fdb2-4c85-bc36-8b171c27f101" testListId="8c84fa94-04c1-424b-9868-57a2d4851a1d" />
    <TestEntry testId="99034591-cfe6-0e60-8a90-c430d277aa85" executionId="11877009-af47-40fc-b281-e80973000c59" testListId="8c84fa94-04c1-424b-9868-57a2d4851a1d" />
    <TestEntry testId="ce026304-f56e-3db3-a965-8770bf5e5d98" executionId="44b50930-b485-43be-a8f6-ca4633ef0ab4" testListId="8c84fa94-04c1-424b-9868-57a2d4851a1d" />
    <TestEntry testId="d3ebc0cf-5bf8-1eac-c098-1613c2b6c784" executionId="d70ef1ea-880d-4bdb-9de0-3b54c89515f0" testListId="8c84fa94-04c1-424b-9868-57a2d4851a1d" />
    <TestEntry testId="b2abd1d1-e2db-1782-c5be-ae12dcf37b4b" executionId="3d86ecdb-5e94-44b7-8250-c0090439d808" testListId="8c84fa94-04c1-424b-9868-57a2d4851a1d" />
    <TestEntry testId="7daca40e-c525-2645-e240-235c8c52a853" executionId="a516e24e-91f0-4fe1-bf46-fcc8287c0a5f" testListId="8c84fa94-04c1-424b-9868-57a2d4851a1d" />
    <TestEntry testId="ffa18119-0eef-84cc-e6d9-b21a0e191daf" executionId="5b08391c-dbd5-40d5-816d-2c2f4c2affb4" testListId="8c84fa94-04c1-424b-9868-57a2d4851a1d" />
    <TestEntry testId="3d7ecaa7-48fd-cd15-08cd-56da13f5f5ba" executionId="b8ef8395-ea4a-4051-9705-f0d11e31c110" testListId="8c84fa94-04c1-424b-9868-57a2d4851a1d" />
    <TestEntry testId="5f169ea3-5f84-7fdf-078f-203a09fad39e" executionId="4ac94211-e499-442f-84ea-7a741ac84c47" testListId="8c84fa94-04c1-424b-9868-57a2d4851a1d" />
    <TestEntry testId="c8bb6ca2-0ef8-74ef-e4d2-fb5efb22d2ac" executionId="9a3443ac-4b7c-450d-ba4f-36eb1fc424fe" testListId="8c84fa94-04c1-424b-9868-57a2d4851a1d" />
    <TestEntry testId="11b2e334-b859-59b1-8a69-fa6da2fbe837" executionId="873ff43a-96e4-40d1-8d2a-d5e3d5a31b02" testListId="8c84fa94-04c1-424b-9868-57a2d4851a1d" />
    <TestEntry testId="98b7529b-6a39-f6dc-15db-9a6389da00d9" executionId="b88ec7e1-304b-4ae8-aa8e-e6e98a46974e" testListId="8c84fa94-04c1-424b-9868-57a2d4851a1d" />
    <TestEntry testId="ea3bfaaa-fe5c-a7dd-5468-24d19c527e98" executionId="77ff5b42-ba21-4c0e-861f-acbebd83d86f" testListId="8c84fa94-04c1-424b-9868-57a2d4851a1d" />
    <TestEntry testId="6a691633-e43e-6325-0619-fc34e09626f7" executionId="dfb9d665-b21a-4d0a-a52a-5f10ca58a114" testListId="8c84fa94-04c1-424b-9868-57a2d4851a1d" />
    <TestEntry testId="5b6bc588-5131-9dc1-dd4a-3b7bac6e1487" executionId="b3a437f8-f690-4fe2-89bd-d4fb381f3f96" testListId="8c84fa94-04c1-424b-9868-57a2d4851a1d" />
    <TestEntry testId="913edcf7-4d86-738b-9ae4-c1619fe7b8c2" executionId="016420f8-1aae-4a84-aad4-e61f270a89e3" testListId="8c84fa94-04c1-424b-9868-57a2d4851a1d" />
    <TestEntry testId="dffd5ba9-92b5-1883-3b52-8ee1049c2995" executionId="21a58ebf-02f2-41c4-8f88-f40e9d779f14" testListId="8c84fa94-04c1-424b-9868-57a2d4851a1d" />
    <TestEntry testId="7890127e-ff48-e4b9-35f1-6b4c6f8f5bc5" executionId="50e3ca16-bdee-46e6-ad9e-acc9f9743653" testListId="8c84fa94-04c1-424b-9868-57a2d4851a1d" />
  </TestEntries>
  <TestLists>
    <TestList name="Results Not in a List" id="8c84fa94-04c1-424b-9868-57a2d4851a1d" />
    <TestList name="All Loaded Results" id="19431567-8539-422a-85d7-44ee4e166bda" />
  </TestLists>
  <ResultSummary outcome="Completed">
    <Counters total="22" executed="22" passed="22" failed="0" error="0" timeout="0" aborted="0" inconclusive="0" passedButRunAborted="0" notRunnable="0" notExecuted="0" disconnected="0" warning="0" completed="0" inProgress="0" pending="0" />
    <Output>
      <StdOut>[xUnit.net 00:00:00.00] xUnit.net VSTest Adapter v2.8.2+699d445a1a (64-bit .NET 10.0.11)
[xUnit.net 00:00:00.13]   Discovering: LiteDB.Tests
[xUnit.net 00:00:00.72]   Discovered:  LiteDB.Tests
[xUnit.net 00:00:00.75]   Starting:    LiteDB.Tests
[xUnit.net 00:00:03.74]   Finished:    LiteDB.Tests
</StdOut>
    </Output>
  </ResultSummary>
</TestRun>