upstream-direct-ordinary-read-1-0-0-dev: 94665.7 ops/s, verified
upstream-direct-ordinary-read-1-0-1-parent: 88358.8 ops/s, verified
upstream-direct-ordinary-read-1-0-2-reviewed: 77706.3 ops/s, verified
upstream-direct-ordinary-read-1-0-3-final: 82392.9 ops/s, verified
upstream-direct-ordinary-read-1-1-0-final: 80478.1 ops/s, verified
upstream-direct-ordinary-read-1-1-1-reviewed: 81816.9 ops/s, verified
upstream-direct-ordinary-read-1-1-2-parent: 87884.4 ops/s, verified
upstream-direct-ordinary-read-1-1-3-dev: 95892.3 ops/s, verified
upstream-direct-ordinary-read-1-2-0-dev: 93431.1 ops/s, verified
upstream-direct-ordinary-read-1-2-1-parent: 88670.3 ops/s, verified
upstream-direct-ordinary-read-1-2-2-reviewed: 81740.5 ops/s, verified
upstream-direct-ordinary-read-1-2-3-final: 80824.3 ops/s, verified
upstream-direct-ordinary-read-1-3-0-final: 80412.6 ops/s, verified
upstream-direct-ordinary-read-1-3-1-reviewed: 81168.6 ops/s, verified
upstream-direct-ordinary-read-1-3-2-parent: 85961.3 ops/s, verified
upstream-direct-ordinary-read-1-3-3-dev: 97954.4 ops/s, verified
upstream-direct-legacy-read-1-0-0-dev: 90274.3 ops/s, verified
upstream-direct-legacy-read-1-0-1-parent: 88049.2 ops/s, verified
upstream-direct-legacy-read-1-0-2-reviewed: 70722.2 ops/s, verified
upstream-direct-legacy-read-1-0-3-final: 71519.2 ops/s, verified
upstream-direct-legacy-read-1-1-0-final: 72182.7 ops/s, verified
upstream-direct-legacy-read-1-1-1-reviewed: 70848.9 ops/s, verified
upstream-direct-legacy-read-1-1-2-parent: 84977.6 ops/s, verified
upstream-direct-legacy-read-1-1-3-dev: 94862.6 ops/s, verified
upstream-direct-legacy-read-1-2-0-dev: 93675.1 ops/s, verified
upstream-direct-legacy-read-1-2-1-parent: 86643.3 ops/s, verified
upstream-direct-legacy-read-1-2-2-reviewed: 73092.5 ops/s, verified
upstream-direct-legacy-read-1-2-3-final: 74410.7 ops/s, verified
upstream-direct-legacy-read-1-3-0-final: 71963.6 ops/s, verified
upstream-direct-legacy-read-1-3-1-reviewed: 72972.9 ops/s, verified
upstream-direct-legacy-read-1-3-2-parent: 86271.2 ops/s, verified
upstream-direct-legacy-read-1-3-3-dev: 94648.4 ops/s, verified
upstream-direct-ordinary-open-1-0-0-dev: 7336.0 ops/s, verified
upstream-direct-ordinary-open-1-0-1-parent: 16411.1 ops/s, verified
upstream-direct-ordinary-open-1-0-2-reviewed: 10922.9 ops/s, verified
upstream-direct-ordinary-open-1-0-3-final: 10818.3 ops/s, verified
upstream-direct-ordinary-open-1-1-0-final: 10996.1 ops/s, verified
upstream-direct-ordinary-open-1-1-1-reviewed: 11419.3 ops/s, verified
upstream-direct-ordinary-open-1-1-2-parent: 16899.7 ops/s, verified
upstream-direct-ordinary-open-1-1-3-dev: 7165.4 ops/s, verified
upstream-direct-ordinary-open-1-2-0-dev: 6969.0 ops/s, verified
upstream-direct-ordinary-open-1-2-1-parent: 16690.1 ops/s, verified
upstream-direct-ordinary-open-1-2-2-reviewed: 10953.8 ops/s, verified
upstream-direct-ordinary-open-1-2-3-final: 11182.7 ops/s, verified
upstream-direct-ordinary-open-1-3-0-final: 11251.1 ops/s, verified
upstream-direct-ordinary-open-1-3-1-reviewed: 11546.4 ops/s, verified
upstream-direct-ordinary-open-1-3-2-parent: 16949.4 ops/s, verified
upstream-direct-ordinary-open-1-3-3-dev: 6994.8 ops/s, verified
upstream-shared-ordinary-read-1-0-0-dev: 52072.4 ops/s, verified
upstream-shared-ordinary-read-1-0-1-parent: 51233.2 ops/s, verified
upstream-shared-ordinary-read-1-0-2-reviewed: 44898.0 ops/s, verified
upstream-shared-ordinary-read-1-0-3-final: 46083.0 ops/s, verified
upstream-shared-ordinary-read-1-1-0-final: 44943.0 ops/s, verified
upstream-shared-ordinary-read-1-1-1-reviewed: 46717.1 ops/s, verified
upstream-shared-ordinary-read-1-1-2-parent: 52566.1 ops/s, verified
upstream-shared-ordinary-read-1-1-3-dev: 50722.5 ops/s, verified
upstream-shared-ordinary-read-1-2-0-dev: 54419.2 ops/s, verified
upstream-shared-ordinary-read-1-2-1-parent: 49823.8 ops/s, verified
upstream-shared-ordinary-read-1-2-2-reviewed: 45579.3 ops/s, verified
upstream-shared-ordinary-read-1-2-3-final: 46516.9 ops/s, verified
upstream-shared-ordinary-read-1-3-0-final: 46452.8 ops/s, verified
upstream-shared-ordinary-read-1-3-1-reviewed: 47045.7 ops/s, verified
upstream-shared-ordinary-read-1-3-2-parent: 51124.6 ops/s, verified
upstream-shared-ordinary-read-1-3-3-dev: 51519.6 ops/s, verified
upstream-shared-legacy-read-1-0-0-dev: 8295.8 ops/s, verified
upstream-shared-legacy-read-1-0-1-parent: 8100.5 ops/s, verified
upstream-shared-legacy-read-1-0-2-reviewed: 7746.2 ops/s, verified
upstream-shared-legacy-read-1-0-3-final: 7863.8 ops/s, verified
upstream-shared-legacy-read-1-1-0-final: 7514.1 ops/s, verified
upstream-shared-legacy-read-1-1-1-reviewed: 7769.1 ops/s, verified
upstream-shared-legacy-read-1-1-2-parent: 7864.5 ops/s, verified
upstream-shared-legacy-read-1-1-3-dev: 8625.7 ops/s, verified
upstream-shared-legacy-read-1-2-0-dev: 8364.5 ops/s, verified
upstream-shared-legacy-read-1-2-1-parent: 7780.5 ops/s, verified
upstream-shared-legacy-read-1-2-2-reviewed: 7632.0 ops/s, verified
upstream-shared-legacy-read-1-2-3-final: 7602.0 ops/s, verified
upstream-shared-legacy-read-1-3-0-final: 7536.5 ops/s, verified
upstream-shared-legacy-read-1-3-1-reviewed: 7683.4 ops/s, verified
upstream-shared-legacy-read-1-3-2-parent: 7897.0 ops/s, verified
upstream-shared-legacy-read-1-3-3-dev: 8160.8 ops/s, verified
