2026-10-01T05:55:37.7447790Z Current runner version: '2.337.0'
2026-10-01T05:55:37.7472990Z ##[group]Runner Image Provisioner
2026-10-01T05:55:37.7474660Z Hosted Compute Agent
2026-10-01T05:55:37.7477120Z Version: 20260828.587
2026-10-01T05:55:37.7477720Z Commit: abac92662cab4cc7352de4f9f9d2e2419aad9c29
2026-10-01T05:55:37.7478410Z Build Date: 2026-08-28T16:44:25Z
2026-10-01T05:55:37.7478930Z Worker ID: {ad083d84-18bd-456d-9174-c584848e6b82}
2026-10-01T05:55:37.7479420Z Azure Region: westus
2026-10-01T05:55:37.7480100Z ##[endgroup]
2026-10-01T05:55:37.7481410Z ##[group]Operating System
2026-10-01T05:55:37.7481850Z macOS
2026-10-01T05:55:37.7482400Z 26.6.2
2026-10-01T05:55:37.7482750Z 25G83
2026-10-01T05:55:37.7483100Z ##[endgroup]
2026-10-01T05:55:37.7483470Z ##[group]Runner Image
2026-10-01T05:55:37.7483880Z Image: macos-26-arm64
2026-10-01T05:55:37.7484290Z Version: 20260907.0351.1
2026-10-01T05:55:37.7485490Z Included Software: https://github.com/actions/runner-images/blob/macos-26-arm64/20260907.0351/images/macos/macos-26-arm64-Readme.md
2026-10-01T05:55:37.7486910Z Image Release: https://github.com/actions/runner-images/releases/tag/macos-26-arm64%2F20260907.0351
2026-10-01T05:55:37.7487700Z ##[endgroup]
2026-10-01T05:55:37.7490150Z ##[group]GITHUB_TOKEN Permissions
2026-10-01T05:55:37.7491990Z Actions: write
2026-10-01T05:55:37.7492470Z ArtifactMetadata: write
2026-10-01T05:55:37.7492940Z Attestations: write
2026-10-01T05:55:37.7493470Z Checks: write
2026-10-01T05:55:37.7493840Z CodeQuality: write
2026-10-01T05:55:37.7494300Z Contents: write
2026-10-01T05:55:37.7494680Z CopilotRequests: write
2026-10-01T05:55:37.7495150Z Deployments: write
2026-10-01T05:55:37.7495710Z Discussions: write
2026-10-01T05:55:37.7496180Z Drives: write
2026-10-01T05:55:37.7496550Z Issues: write
2026-10-01T05:55:37.7497030Z Metadata: read
2026-10-01T05:55:37.7497570Z Models: read
2026-10-01T05:55:37.7498040Z Packages: write
2026-10-01T05:55:37.7498500Z Pages: write
2026-10-01T05:55:37.7498910Z PullRequests: write
2026-10-01T05:55:37.7499340Z RepositoryProjects: write
2026-10-01T05:55:37.7499760Z SecurityEvents: write
2026-10-01T05:55:37.7500170Z Statuses: write
2026-10-01T05:55:37.7500670Z VulnerabilityAlerts: read
2026-10-01T05:55:37.7501070Z ##[endgroup]
2026-10-01T05:55:37.7502900Z Secret source: Actions
2026-10-01T05:55:37.7503540Z Cache mode: write
2026-10-01T05:55:37.7504150Z Prepare workflow directory
2026-10-01T05:55:37.8194310Z Prepare all required actions
2026-10-01T05:55:37.8239570Z Getting action download info
2026-10-01T05:55:38.2518770Z Download action repository 'actions/checkout@v4' (SHA:11d5960a326750d5838078e36cf38b85af677262)
2026-10-01T05:55:38.6476250Z Download action repository 'actions/setup-dotnet@v4' (SHA:67a3573c9a986a3f9c594539f4ab511d57bb3ce9)
2026-10-01T05:55:39.3723270Z Download action repository 'actions/download-artifact@v4' (SHA:d3f86a106a0bac45b974a628896c90dbdf5c8093)
2026-10-01T05:55:39.7934010Z Download action repository 'actions/upload-artifact@v4' (SHA:ea165f8d65b6e75b540449e92b4886f43607fa02)
2026-10-01T05:55:40.0461610Z Uses: JKamsker/LiteDB/.github/workflows/_reusable-ci.yml@refs/pull/133/merge (5433b1c89c0870dc5d953bf1027e14b076b0a081)
2026-10-01T05:55:40.0465750Z ##[group] Inputs
2026-10-01T05:55:40.0466350Z   tier: full
2026-10-01T05:55:40.0469810Z   sdk-matrix: [
  { "display": ".NET 8", "runtimeMajor": 8,  "sdk": "8.0.x",           "framework": "net8.0", "includePrerelease": false, "msbuildProps": "" },
  { "display": ".NET 9", "runtimeMajor": 9,  "sdk": "9.0.x\n8.0.x",    "framework": "net8.0", "includePrerelease": true,  "msbuildProps": "" },
  { "display": ".NET 10", "runtimeMajor": 10, "sdk": "10.0.x",          "framework": "net10.0", "includePrerelease": false, "msbuildProps": "" }
]

2026-10-01T05:55:40.0473410Z ##[endgroup]
2026-10-01T05:55:40.0474150Z Complete job name: build-and-test / Test (macOS .NET 10)
2026-10-01T05:55:40.1129920Z ##[group]Run actions/checkout@v4
2026-10-01T05:55:40.1130960Z with:
2026-10-01T05:55:40.1131550Z   repository: JKamsker/LiteDB
2026-10-01T05:55:40.1139200Z   token: ***
2026-10-01T05:55:40.1140550Z   ssh-strict: true
2026-10-01T05:55:40.1141120Z   ssh-user: git
2026-10-01T05:55:40.1141800Z   persist-credentials: true
2026-10-01T05:55:40.1142530Z   clean: true
2026-10-01T05:55:40.1143090Z   sparse-checkout-cone-mode: true
2026-10-01T05:55:40.1143740Z   fetch-depth: 1
2026-10-01T05:55:40.1144280Z   fetch-tags: false
2026-10-01T05:55:40.1144840Z   show-progress: true
2026-10-01T05:55:40.1145420Z   lfs: false
2026-10-01T05:55:40.1146030Z   submodules: false
2026-10-01T05:55:40.1146790Z   set-safe-directory: true
2026-10-01T05:55:40.1147520Z   allow-unsafe-pr-checkout: false
2026-10-01T05:55:40.1148610Z env:
2026-10-01T05:55:40.1149710Z   LITEDB_RETAINED_FIXTURES: __CI_WORKSPACE__/LiteDB.Tests/TestResults/retained-fixtures
2026-10-01T05:55:40.1151950Z ##[endgroup]
2026-10-01T05:55:40.5724900Z Syncing repository: JKamsker/LiteDB
2026-10-01T05:55:40.5726510Z ##[group]Getting Git version info
2026-10-01T05:55:40.5726990Z Working directory is '__CI_HOME__/work/LiteDB/LiteDB'
2026-10-01T05:55:40.5727640Z [command]/opt/homebrew/bin/git version
2026-10-01T05:55:40.6318340Z git version 2.55.0
2026-10-01T05:55:40.6368250Z ##[endgroup]
2026-10-01T05:55:40.6382170Z Copying '__CI_HOME__/.gitconfig' to '__CI_HOME__/work/_temp/59fea0d5-6f40-4e25-ab4f-1673ec56621a/.gitconfig'
2026-10-01T05:55:40.6383200Z Temporarily overriding HOME='__CI_HOME__/work/_temp/59fea0d5-6f40-4e25-ab4f-1673ec56621a' before making global git config changes
2026-10-01T05:55:40.6384080Z Adding repository directory to the temporary git global config as a safe directory
2026-10-01T05:55:40.6384960Z [command]/opt/homebrew/bin/git config --global --add safe.directory __CI_WORKSPACE__
2026-10-01T05:55:40.6547530Z Deleting the contents of '__CI_HOME__/work/LiteDB/LiteDB'
2026-10-01T05:55:40.6551810Z ##[group]Initializing the repository
2026-10-01T05:55:40.6554390Z [command]/opt/homebrew/bin/git init __CI_WORKSPACE__
2026-10-01T05:55:40.6885150Z hint: Using 'master' as the name for the initial branch. This default branch name
2026-10-01T05:55:40.6888930Z hint: will change to "main" in Git 3.0. To configure the initial branch name
2026-10-01T05:55:40.6889600Z hint: to use in all of your new repositories, which will suppress this warning,
2026-10-01T05:55:40.6890180Z hint: call:
2026-10-01T05:55:40.6890550Z hint:
2026-10-01T05:55:40.6891020Z hint: 	git config --global init.defaultBranch <name>
2026-10-01T05:55:40.6891860Z hint:
2026-10-01T05:55:40.6892320Z hint: Names commonly chosen instead of 'master' are 'main', 'trunk' and
2026-10-01T05:55:40.6893010Z hint: 'development'. The just-created branch can be renamed via this command:
2026-10-01T05:55:40.6893660Z hint:
2026-10-01T05:55:40.6894040Z hint: 	git branch -m <name>
2026-10-01T05:55:40.6894460Z hint:
2026-10-01T05:55:40.6895020Z hint: Disable this message with "git config set advice.defaultBranchName false"
2026-10-01T05:55:40.6895990Z Initialized empty Git repository in __CI_WORKSPACE__/.git/
2026-10-01T05:55:40.6899420Z [command]/opt/homebrew/bin/git remote add origin https://github.com/JKamsker/LiteDB
2026-10-01T05:55:40.6998220Z ##[endgroup]
2026-10-01T05:55:40.6998870Z ##[group]Disabling automatic garbage collection
2026-10-01T05:55:40.7002780Z [command]/opt/homebrew/bin/git config --local gc.auto 0
2026-10-01T05:55:40.7091720Z ##[endgroup]
2026-10-01T05:55:40.7092550Z ##[group]Setting up auth
2026-10-01T05:55:40.7096940Z [command]/opt/homebrew/bin/git config --local --name-only --get-regexp core\.sshCommand
2026-10-01T05:55:40.7182200Z [command]/opt/homebrew/bin/git submodule foreach --recursive sh -c "git config --local --name-only --get-regexp 'core\.sshCommand' && git config --local --unset-all 'core.sshCommand' || :"
2026-10-01T05:55:40.8974640Z [command]/opt/homebrew/bin/git config --local --name-only --get-regexp http\.https\:\/\/github\.com\/\.extraheader
2026-10-01T05:55:40.9046160Z [command]/opt/homebrew/bin/git submodule foreach --recursive sh -c "git config --local --name-only --get-regexp 'http\.https\:\/\/github\.com\/\.extraheader' && git config --local --unset-all 'http.https://github.com/.extraheader' || :"
2026-10-01T05:55:41.0535590Z [command]/opt/homebrew/bin/git config --local --name-only --get-regexp ^includeIf\.gitdir:
2026-10-01T05:55:41.0839150Z [command]/opt/homebrew/bin/git submodule foreach --recursive git config --local --show-origin --name-only --get-regexp remote.origin.url
2026-10-01T05:55:41.2431360Z [command]/opt/homebrew/bin/git config --local http.https://github.com/.extraheader AUTHORIZATION: basic ***
2026-10-01T05:55:41.2742270Z ##[endgroup]
2026-10-01T05:55:41.2814470Z ##[group]Fetching the repository
2026-10-01T05:55:41.2818370Z [command]/opt/homebrew/bin/git -c protocol.version=2 fetch --no-tags --prune --no-recurse-submodules --depth=1 origin +5433b1c89c0870dc5d953bf1027e14b076b0a081:refs/remotes/pull/133/merge
2026-10-01T05:55:42.2641580Z From https://github.com/JKamsker/LiteDB
2026-10-01T05:55:42.2646620Z  * [new ref]         5433b1c89c0870dc5d953bf1027e14b076b0a081 -> pull/133/merge
2026-10-01T05:55:42.2649070Z ##[endgroup]
2026-10-01T05:55:42.2649650Z ##[group]Determining the checkout info
2026-10-01T05:55:42.2650290Z ##[endgroup]
2026-10-01T05:55:42.2661600Z [command]/opt/homebrew/bin/git sparse-checkout disable
2026-10-01T05:55:42.2904080Z [command]/opt/homebrew/bin/git config --local --unset-all extensions.worktreeConfig
2026-10-01T05:55:42.2999590Z ##[group]Checking out the ref
2026-10-01T05:55:42.3002450Z [command]/opt/homebrew/bin/git checkout --progress --force refs/remotes/pull/133/merge
2026-10-01T05:55:42.7256700Z HEAD is now at 5433b1c Merge dace941d125111f89a4e18ed2b008a251f7f0ccb into 5dd942a7367c361fadd600be4ce10aace2768b27
2026-10-01T05:55:42.7275360Z ##[endgroup]
2026-10-01T05:55:42.7405530Z [command]/opt/homebrew/bin/git log -1 --format=%H
2026-10-01T05:55:42.7509150Z 5433b1c89c0870dc5d953bf1027e14b076b0a081
2026-10-01T05:55:42.7829910Z ##[group]Run actions/setup-dotnet@v4
2026-10-01T05:55:42.7830230Z with:
2026-10-01T05:55:42.7830390Z   dotnet-version: 10.0.x
2026-10-01T05:55:42.7830650Z   cache: false
2026-10-01T05:55:42.7830820Z env:
2026-10-01T05:55:42.7831210Z   LITEDB_RETAINED_FIXTURES: __CI_WORKSPACE__/LiteDB.Tests/TestResults/retained-fixtures
2026-10-01T05:55:42.7831630Z ##[endgroup]
2026-10-01T05:55:43.0433630Z (node:4382) [DEP0040] DeprecationWarning: The `punycode` module is deprecated. Please use a userland alternative instead.
2026-10-01T05:55:43.0434510Z (Use `node --trace-deprecation ...` to show where the warning was created)
2026-10-01T05:55:43.0482420Z [command]__CI_HOME__/work/_actions/actions/setup-dotnet/v4/externals/install-dotnet.sh --skip-non-versioned-files --runtime dotnet --channel LTS
2026-10-01T05:55:43.9764240Z dotnet-install: Attempting to download using aka.ms link https://builds.dotnet.microsoft.com/dotnet/Runtime/10.0.12/dotnet-runtime-10.0.12-osx-arm64.tar.gz
2026-10-01T05:55:45.1561650Z dotnet-install: Remote file https://builds.dotnet.microsoft.com/dotnet/Runtime/10.0.12/dotnet-runtime-10.0.12-osx-arm64.tar.gz size is 33249724 bytes.
2026-10-01T05:55:45.1666020Z dotnet-install: Extracting archive from https://builds.dotnet.microsoft.com/dotnet/Runtime/10.0.12/dotnet-runtime-10.0.12-osx-arm64.tar.gz
2026-10-01T05:55:46.0347170Z dotnet-install: Downloaded file size is 33249724 bytes.
2026-10-01T05:55:46.0350270Z dotnet-install: The remote and local file sizes are equal.
2026-10-01T05:55:46.0815330Z dotnet-install: Installed version is 10.0.12
2026-10-01T05:55:46.0932770Z dotnet-install: Adding to current process PATH: `__CI_HOME__/.dotnet`. Note: This change will be visible only when sourcing script.
2026-10-01T05:55:46.0933970Z dotnet-install: Note that the script does not resolve dependencies during installation.
2026-10-01T05:55:46.0938510Z dotnet-install: To check the list of dependencies, go to https://learn.microsoft.com/dotnet/core/install, select your operating system and check the "Dependencies" section.
2026-10-01T05:55:46.0940070Z dotnet-install: Installation finished successfully.
2026-10-01T05:55:46.0986950Z [command]__CI_HOME__/work/_actions/actions/setup-dotnet/v4/externals/install-dotnet.sh --skip-non-versioned-files --channel 10.0
2026-10-01T05:55:46.8717700Z dotnet-install: Attempting to download using aka.ms link https://builds.dotnet.microsoft.com/dotnet/Sdk/10.0.401/dotnet-sdk-10.0.401-osx-arm64.tar.gz
2026-10-01T05:55:51.1739110Z dotnet-install: Remote file https://builds.dotnet.microsoft.com/dotnet/Sdk/10.0.401/dotnet-sdk-10.0.401-osx-arm64.tar.gz size is 230753980 bytes.
2026-10-01T05:55:51.1779030Z dotnet-install: Extracting archive from https://builds.dotnet.microsoft.com/dotnet/Sdk/10.0.401/dotnet-sdk-10.0.401-osx-arm64.tar.gz
2026-10-01T05:55:58.2943600Z dotnet-install: Downloaded file size is 230753980 bytes.
2026-10-01T05:55:58.2945150Z dotnet-install: The remote and local file sizes are equal.
2026-10-01T05:55:58.8403500Z dotnet-install: Installed version is 10.0.401
2026-10-01T05:55:58.8705920Z dotnet-install: Adding to current process PATH: `__CI_HOME__/.dotnet`. Note: This change will be visible only when sourcing script.
2026-10-01T05:55:58.8806680Z dotnet-install: Note that the script does not resolve dependencies during installation.
2026-10-01T05:55:58.8826290Z dotnet-install: To check the list of dependencies, go to https://learn.microsoft.com/dotnet/core/install, select your operating system and check the "Dependencies" section.
2026-10-01T05:55:58.8831280Z dotnet-install: Installation finished successfully.
2026-10-01T05:55:58.9108840Z ##[group]Run actions/download-artifact@v4
2026-10-01T05:55:58.9109220Z with:
2026-10-01T05:55:58.9109420Z   name: tests-build-macos
2026-10-01T05:55:58.9109740Z   merge-multiple: false
2026-10-01T05:55:58.9110060Z   repository: JKamsker/LiteDB
2026-10-01T05:55:58.9110290Z   run-id: 36821386840
2026-10-01T05:55:58.9110570Z env:
2026-10-01T05:55:58.9110950Z   LITEDB_RETAINED_FIXTURES: __CI_WORKSPACE__/LiteDB.Tests/TestResults/retained-fixtures
2026-10-01T05:55:58.9111530Z   DOTNET_ROOT: __CI_HOME__/.dotnet
2026-10-01T05:55:58.9111800Z ##[endgroup]
2026-10-01T05:55:59.2424030Z Downloading single artifact
2026-10-01T05:55:59.2729580Z (node:5080) [DEP0040] DeprecationWarning: The `punycode` module is deprecated. Please use a userland alternative instead.
2026-10-01T05:55:59.2732130Z (Use `node --trace-deprecation ...` to show where the warning was created)
2026-10-01T05:55:59.6078610Z Preparing to download the following artifacts:
2026-10-01T05:55:59.6181430Z - tests-build-macos (ID: 11143548131, Size: 40700642, Expected Digest: sha256:0eb8546e74a36aa2bf08f4935c354c2a4e44dd146678f8004a4a9f4a250d0ce2)
2026-10-01T05:55:59.8420010Z Redirecting to blob download url: https://productionresultssa12.blob.core.windows.net/actions-results/b6b8a17f-886e-8072-9ab8-c3b3627e61b0/workflow-job-run-0e31971b-e5bd-587d-947a-7a6e66c6713c/artifacts/f68b60ee3eee88148c2c3f9e4be4f9d5f88c82dec9e8d90448f02dff55e0715f.zip
2026-10-01T05:55:59.8428930Z Starting download of artifact to: __CI_WORKSPACE__
2026-10-01T05:56:00.1592290Z (node:5080) [DEP0005] DeprecationWarning: Buffer() is deprecated due to security and usability issues. Please use the Buffer.alloc(), Buffer.allocUnsafe(), or Buffer.from() methods instead.
2026-10-01T05:56:04.9389250Z SHA256 digest of downloaded artifact is 0eb8546e74a36aa2bf08f4935c354c2a4e44dd146678f8004a4a9f4a250d0ce2
2026-10-01T05:56:04.9390210Z Artifact download completed successfully.
2026-10-01T05:56:04.9391030Z Total of 1 artifact(s) downloaded
2026-10-01T05:56:04.9403860Z Download artifact has finished successfully
2026-10-01T05:56:04.9540400Z ##[group]Run tar -xzf tests-build-macos.tar.gz
2026-10-01T05:56:04.9540850Z [36;1mtar -xzf tests-build-macos.tar.gz[0m
2026-10-01T05:56:04.9620440Z shell: /bin/bash -e {0}
2026-10-01T05:56:04.9623430Z env:
2026-10-01T05:56:04.9625840Z   LITEDB_RETAINED_FIXTURES: __CI_WORKSPACE__/LiteDB.Tests/TestResults/retained-fixtures
2026-10-01T05:56:04.9627320Z   DOTNET_ROOT: __CI_HOME__/.dotnet
2026-10-01T05:56:04.9628620Z ##[endgroup]
2026-10-01T05:56:05.4392160Z ##[group]Run ./scripts/run-ci-tests.ps1 -RuntimeMajor 10 -Framework "net10.0" -PartitionSuite
2026-10-01T05:56:05.4399100Z [36;1m./scripts/run-ci-tests.ps1 -RuntimeMajor 10 -Framework "net10.0" -PartitionSuite[0m
2026-10-01T05:56:05.4425880Z shell: /usr/local/bin/pwsh -command ". '{0}'"
2026-10-01T05:56:05.4426290Z env:
2026-10-01T05:56:05.4427190Z   LITEDB_RETAINED_FIXTURES: __CI_WORKSPACE__/LiteDB.Tests/TestResults/retained-fixtures
2026-10-01T05:56:05.4427810Z   DOTNET_ROOT: __CI_HOME__/.dotnet
2026-10-01T05:56:05.4428580Z   LITEDB_EVIDENCE_MATRIX: {
  "item": {
    "display": ".NET 10",
    "runtimeMajor": 10,
    "sdk": "10.0.x",
    "framework": "net10.0",
    "includePrerelease": false,
    "msbuildProps": ""
  }
}
2026-10-01T05:56:05.4429240Z ##[endgroup]
2026-10-01T05:56:08.1726830Z dotnet-install: Attempting to download using aka.ms link https://builds.dotnet.microsoft.com/dotnet/Runtime/10.0.12/dotnet-runtime-10.0.12-osx-arm64.tar.gz
2026-10-01T05:56:09.4310820Z dotnet-install: Remote file https://builds.dotnet.microsoft.com/dotnet/Runtime/10.0.12/dotnet-runtime-10.0.12-osx-arm64.tar.gz size is 33249724 bytes.
2026-10-01T05:56:09.4413300Z dotnet-install: Extracting archive from https://builds.dotnet.microsoft.com/dotnet/Runtime/10.0.12/dotnet-runtime-10.0.12-osx-arm64.tar.gz
2026-10-01T05:56:10.6722330Z dotnet-install: Downloaded file size is 33249724 bytes.
2026-10-01T05:56:10.6829850Z dotnet-install: The remote and local file sizes are equal.
2026-10-01T05:56:10.7242070Z dotnet-install: Installed version is 10.0.12
2026-10-01T05:56:10.7477430Z dotnet-install: Binaries of dotnet can be found in __CI_HOME__/work/_temp/litedb-runtime-10-arm64
2026-10-01T05:56:10.7583710Z dotnet-install: Note that the script does not resolve dependencies during installation.
2026-10-01T05:56:10.7699950Z dotnet-install: To check the list of dependencies, go to https://learn.microsoft.com/dotnet/core/install, select your operating system and check the "Dependencies" section.
2026-10-01T05:56:10.7811730Z dotnet-install: Installation finished successfully.
2026-10-01T05:56:10.8340570Z 
2026-10-01T05:56:10.8347000Z Host:
2026-10-01T05:56:10.8587220Z   Version:      10.0.12
2026-10-01T05:56:10.8700570Z   Architecture: arm64
2026-10-01T05:56:10.8819940Z   Commit:       95017c711e
2026-10-01T05:56:10.8908270Z   RID:          osx-arm64
2026-10-01T05:56:10.8914840Z 
2026-10-01T05:56:10.8960470Z .NET SDKs installed:
2026-10-01T05:56:10.8966670Z   No SDKs were found.
2026-10-01T05:56:10.9018460Z 
2026-10-01T05:56:10.9037780Z .NET runtimes installed:
2026-10-01T05:56:10.9145110Z   Microsoft.NETCore.App 10.0.12 [__CI_HOME__/work/_temp/litedb-runtime-10-arm64/shared/Microsoft.NETCore.App]
2026-10-01T05:56:10.9241010Z 
2026-10-01T05:56:10.9342160Z Other architectures found:
2026-10-01T05:56:10.9452640Z   None
2026-10-01T05:56:10.9478970Z 
2026-10-01T05:56:10.9517570Z Environment variables:
2026-10-01T05:56:10.9522860Z   DOTNET_MULTILEVEL_LOOKUP                 [0]
2026-10-01T05:56:10.9578710Z   DOTNET_NOLOGO                            [1]
2026-10-01T05:56:10.9603410Z   DOTNET_ROOT                              [__CI_HOME__/.dotnet]
2026-10-01T05:56:10.9625590Z   DOTNET_SKIP_FIRST_TIME_EXPERIENCE        [1]
2026-10-01T05:56:10.9631700Z 
2026-10-01T05:56:10.9632610Z global.json file:
2026-10-01T05:56:10.9632990Z   Not found
2026-10-01T05:56:10.9633180Z 
2026-10-01T05:56:10.9633320Z Learn more:
2026-10-01T05:56:10.9633650Z   https://aka.ms/dotnet/info
2026-10-01T05:56:10.9633910Z 
2026-10-01T05:56:10.9634070Z Download .NET:
2026-10-01T05:56:10.9634490Z   https://aka.ms/dotnet/download
2026-10-01T05:56:10.9635080Z 
2026-10-01T05:56:10.9661100Z Host:
2026-10-01T05:56:10.9666510Z   Version:      10.0.12
2026-10-01T05:56:10.9718430Z   Architecture: arm64
2026-10-01T05:56:10.9725060Z   Commit:       95017c711e
2026-10-01T05:56:10.9855900Z   RID:          osx-arm64
2026-10-01T05:56:10.9863210Z 
2026-10-01T05:56:10.9867460Z .NET SDKs installed:
2026-10-01T05:56:10.9868480Z   No SDKs were found.
2026-10-01T05:56:10.9872710Z 
2026-10-01T05:56:10.9880130Z .NET runtimes installed:
2026-10-01T05:56:10.9881930Z   Microsoft.NETCore.App 10.0.12 [__CI_HOME__/work/_temp/litedb-runtime-10-arm64/shared/Microsoft.NETCore.App]
2026-10-01T05:56:10.9882630Z 
2026-10-01T05:56:10.9882960Z Other architectures found:
2026-10-01T05:56:10.9883310Z   None
2026-10-01T05:56:10.9883620Z 
2026-10-01T05:56:10.9884000Z Environment variables:
2026-10-01T05:56:10.9884970Z   DOTNET_MULTILEVEL_LOOKUP                 [0]
2026-10-01T05:56:10.9885610Z   DOTNET_NOLOGO                            [1]
2026-10-01T05:56:10.9886200Z   DOTNET_ROOT                              [__CI_HOME__/.dotnet]
2026-10-01T05:56:10.9886790Z   DOTNET_SKIP_FIRST_TIME_EXPERIENCE        [1]
2026-10-01T05:56:10.9887640Z 
2026-10-01T05:56:10.9888340Z global.json file:
2026-10-01T05:56:10.9889060Z   Not found
2026-10-01T05:56:10.9889310Z 
2026-10-01T05:56:10.9889660Z Learn more:
2026-10-01T05:56:10.9890910Z   https://aka.ms/dotnet/info
2026-10-01T05:56:10.9891330Z 
2026-10-01T05:56:10.9891640Z Download .NET:
2026-10-01T05:56:10.9892000Z   https://aka.ms/dotnet/download
2026-10-01T05:56:20.0913610Z Partition coverage: 2585 test methods, 0 not in exactly one partition.
2026-10-01T05:56:20.3170260Z Running complete-suite partition: issues
2026-10-01T05:56:20.3438250Z 
2026-10-01T05:56:20.3438990Z Host:
2026-10-01T05:56:20.3439960Z   Version:      10.0.12
2026-10-01T05:56:20.3440460Z   Architecture: arm64
2026-10-01T05:56:20.3440810Z   Commit:       95017c711e
2026-10-01T05:56:20.3441250Z   RID:          osx-arm64
2026-10-01T05:56:20.3441570Z 
2026-10-01T05:56:20.3441750Z .NET SDKs installed:
2026-10-01T05:56:20.3442150Z   No SDKs were found.
2026-10-01T05:56:20.3442420Z 
2026-10-01T05:56:20.3442680Z .NET runtimes installed:
2026-10-01T05:56:20.3443230Z   Microsoft.NETCore.App 10.0.12 [__CI_HOME__/work/_temp/litedb-runtime-10-arm64/shared/Microsoft.NETCore.App]
2026-10-01T05:56:20.3443740Z 
2026-10-01T05:56:20.3443970Z Other architectures found:
2026-10-01T05:56:20.3444320Z   None
2026-10-01T05:56:20.3444720Z 
2026-10-01T05:56:20.3444880Z Environment variables:
2026-10-01T05:56:20.3445170Z   DOTNET_MULTILEVEL_LOOKUP                 [0]
2026-10-01T05:56:20.3445510Z   DOTNET_NOLOGO                            [1]
2026-10-01T05:56:20.3445860Z   DOTNET_ROLL_FORWARD                      [LatestMajor]
2026-10-01T05:56:20.3446320Z   DOTNET_ROOT                              [__CI_HOME__/.dotnet]
2026-10-01T05:56:20.3446830Z   DOTNET_SKIP_FIRST_TIME_EXPERIENCE        [1]
2026-10-01T05:56:20.3447080Z 
2026-10-01T05:56:20.3447240Z global.json file:
2026-10-01T05:56:20.3447550Z   Not found
2026-10-01T05:56:20.3447810Z 
2026-10-01T05:56:20.3448050Z Learn more:
2026-10-01T05:56:20.3448390Z   https://aka.ms/dotnet/info
2026-10-01T05:56:20.3448700Z 
2026-10-01T05:56:20.3448840Z Download .NET:
2026-10-01T05:56:20.3449260Z   https://aka.ms/dotnet/download
2026-10-01T05:56:20.6071740Z VSTest version 18.7.0 (arm64)
2026-10-01T05:56:20.6078470Z 
2026-10-01T05:56:20.7529110Z Starting test execution, please wait...
2026-10-01T05:56:20.7888250Z A total of 1 test files matched the specified pattern.
2026-10-01T05:57:05.1781030Z [xUnit.net 00:00:43.83]     LiteDB.Tests.Issues.Issue2127_Tests+ReproTests.InsertItemBackToBack_Test [SKIP]
2026-10-01T05:57:05.1866320Z   Skipped LiteDB.Tests.Issues.Issue2127_Tests+ReproTests.InsertItemBackToBack_Test [1 ms]
2026-10-01T05:57:18.6923730Z Results File: __CI_WORKSPACE__/LiteDB.Tests/TestResults/TestResults-issues.trx
2026-10-01T05:57:18.7022500Z 
2026-10-01T05:57:18.7128690Z Passed!  - Failed:     0, Passed:  1571, Skipped:     1, Total:  1572, Duration: 55 s - LiteDB.Tests.dll (net10.0)
2026-10-01T05:57:18.9422330Z Running complete-suite partition: rebuild
2026-10-01T05:57:19.0317560Z 
2026-10-01T05:57:19.0330370Z Host:
2026-10-01T05:57:19.0332200Z   Version:      10.0.12
2026-10-01T05:57:19.0333620Z   Architecture: arm64
2026-10-01T05:57:19.0334190Z   Commit:       95017c711e
2026-10-01T05:57:19.0334710Z   RID:          osx-arm64
2026-10-01T05:57:19.0342050Z 
2026-10-01T05:57:19.0343200Z .NET SDKs installed:
2026-10-01T05:57:19.0343540Z   No SDKs were found.
2026-10-01T05:57:19.0343730Z 
2026-10-01T05:57:19.0343810Z .NET runtimes installed:
2026-10-01T05:57:19.0344380Z   Microsoft.NETCore.App 10.0.12 [__CI_HOME__/work/_temp/litedb-runtime-10-arm64/shared/Microsoft.NETCore.App]
2026-10-01T05:57:19.0344850Z 
2026-10-01T05:57:19.0344990Z Other architectures found:
2026-10-01T05:57:19.0345260Z   None
2026-10-01T05:57:19.0345440Z 
2026-10-01T05:57:19.0345640Z Environment variables:
2026-10-01T05:57:19.0345990Z   DOTNET_MULTILEVEL_LOOKUP                 [0]
2026-10-01T05:57:19.0346360Z   DOTNET_NOLOGO                            [1]
2026-10-01T05:57:19.0346900Z   DOTNET_ROLL_FORWARD                      [LatestMajor]
2026-10-01T05:57:19.0347330Z   DOTNET_ROOT                              [__CI_HOME__/.dotnet]
2026-10-01T05:57:19.0347660Z   DOTNET_SKIP_FIRST_TIME_EXPERIENCE        [1]
2026-10-01T05:57:19.0347890Z 
2026-10-01T05:57:19.0348030Z global.json file:
2026-10-01T05:57:19.0348260Z   Not found
2026-10-01T05:57:19.0348410Z 
2026-10-01T05:57:19.0348560Z Learn more:
2026-10-01T05:57:19.0348900Z   https://aka.ms/dotnet/info
2026-10-01T05:57:19.0349040Z 
2026-10-01T05:57:19.0349160Z Download .NET:
2026-10-01T05:57:19.0349500Z   https://aka.ms/dotnet/download
2026-10-01T05:57:19.3927520Z VSTest version 18.7.0 (arm64)
2026-10-01T05:57:19.3943870Z 
2026-10-01T05:57:19.5065850Z Starting test execution, please wait...
2026-10-01T05:57:19.5351800Z A total of 1 test files matched the specified pattern.
2026-10-01T05:57:21.7204470Z [xUnit.net 00:00:01.76]     LiteDB.Tests.Engine.Rebuild_Tests.Rebuild_Change_Culture_Error [SKIP]
2026-10-01T05:57:22.7383410Z   Skipped LiteDB.Tests.Engine.Rebuild_Tests.Rebuild_Change_Culture_Error [1 ms]
2026-10-01T05:57:28.3446310Z Results File: __CI_WORKSPACE__/LiteDB.Tests/TestResults/TestResults-rebuild.trx
2026-10-01T05:57:28.3448140Z 
2026-10-01T05:57:28.3474810Z Passed!  - Failed:     0, Passed:    87, Skipped:     1, Total:    88, Duration: 7 s - LiteDB.Tests.dll (net10.0)
2026-10-01T05:57:28.3840960Z Running complete-suite partition: engine-compact
2026-10-01T05:57:28.4298560Z 
2026-10-01T05:57:28.4302610Z Host:
2026-10-01T05:57:28.4303910Z   Version:      10.0.12
2026-10-01T05:57:28.4304760Z   Architecture: arm64
2026-10-01T05:57:28.4305330Z   Commit:       95017c711e
2026-10-01T05:57:28.4305860Z   RID:          osx-arm64
2026-10-01T05:57:28.4306070Z 
2026-10-01T05:57:28.4306350Z .NET SDKs installed:
2026-10-01T05:57:28.4307230Z   No SDKs were found.
2026-10-01T05:57:28.4307530Z 
2026-10-01T05:57:28.4307720Z .NET runtimes installed:
2026-10-01T05:57:28.4308410Z   Microsoft.NETCore.App 10.0.12 [__CI_HOME__/work/_temp/litedb-runtime-10-arm64/shared/Microsoft.NETCore.App]
2026-10-01T05:57:28.4308840Z 
2026-10-01T05:57:28.4308930Z Other architectures found:
2026-10-01T05:57:28.4309270Z   None
2026-10-01T05:57:28.4309410Z 
2026-10-01T05:57:28.4309590Z Environment variables:
2026-10-01T05:57:28.4309920Z   DOTNET_MULTILEVEL_LOOKUP                 [0]
2026-10-01T05:57:28.4310300Z   DOTNET_NOLOGO                            [1]
2026-10-01T05:57:28.4310650Z   DOTNET_ROLL_FORWARD                      [LatestMajor]
2026-10-01T05:57:28.4311210Z   DOTNET_ROOT                              [__CI_HOME__/.dotnet]
2026-10-01T05:57:28.4311660Z   DOTNET_SKIP_FIRST_TIME_EXPERIENCE        [1]
2026-10-01T05:57:28.4311910Z 
2026-10-01T05:57:28.4311970Z global.json file:
2026-10-01T05:57:28.4312280Z   Not found
2026-10-01T05:57:28.4312460Z 
2026-10-01T05:57:28.4312600Z Learn more:
2026-10-01T05:57:28.4312830Z   https://aka.ms/dotnet/info
2026-10-01T05:57:28.4313040Z 
2026-10-01T05:57:28.4313170Z Download .NET:
2026-10-01T05:57:28.4313410Z   https://aka.ms/dotnet/download
2026-10-01T05:57:28.6684590Z VSTest version 18.7.0 (arm64)
2026-10-01T05:57:28.6688260Z 
2026-10-01T05:57:28.7380330Z Starting test execution, please wait...
2026-10-01T05:57:28.7667900Z A total of 1 test files matched the specified pattern.
2026-10-01T05:58:06.9559860Z Results File: __CI_WORKSPACE__/LiteDB.Tests/TestResults/TestResults-engine-compact.trx
2026-10-01T05:58:06.9570310Z 
2026-10-01T05:58:06.9592860Z Passed!  - Failed:     0, Passed:   296, Skipped:     0, Total:   296, Duration: 36 s - LiteDB.Tests.dll (net10.0)
2026-10-01T05:58:07.0570630Z Running complete-suite partition: engine-index
2026-10-01T05:58:07.1635000Z 
2026-10-01T05:58:07.1636130Z Host:
2026-10-01T05:58:07.1636770Z   Version:      10.0.12
2026-10-01T05:58:07.1637190Z   Architecture: arm64
2026-10-01T05:58:07.1637570Z   Commit:       95017c711e
2026-10-01T05:58:07.1637880Z   RID:          osx-arm64
2026-10-01T05:58:07.1638110Z 
2026-10-01T05:58:07.1638280Z .NET SDKs installed:
2026-10-01T05:58:07.1638600Z   No SDKs were found.
2026-10-01T05:58:07.1638710Z 
2026-10-01T05:58:07.1638870Z .NET runtimes installed:
2026-10-01T05:58:07.1639470Z   Microsoft.NETCore.App 10.0.12 [__CI_HOME__/work/_temp/litedb-runtime-10-arm64/shared/Microsoft.NETCore.App]
2026-10-01T05:58:07.1640150Z 
2026-10-01T05:58:07.1640400Z Other architectures found:
2026-10-01T05:58:07.1641850Z   None
2026-10-01T05:58:07.1642450Z 
2026-10-01T05:58:07.1642850Z Environment variables:
2026-10-01T05:58:07.1643550Z   DOTNET_MULTILEVEL_LOOKUP                 [0]
2026-10-01T05:58:07.1644540Z   DOTNET_NOLOGO                            [1]
2026-10-01T05:58:07.1645550Z   DOTNET_ROLL_FORWARD                      [LatestMajor]
2026-10-01T05:58:07.1646530Z   DOTNET_ROOT                              [__CI_HOME__/.dotnet]
2026-10-01T05:58:07.1647580Z   DOTNET_SKIP_FIRST_TIME_EXPERIENCE        [1]
2026-10-01T05:58:07.1647950Z 
2026-10-01T05:58:07.1648110Z global.json file:
2026-10-01T05:58:07.1648540Z   Not found
2026-10-01T05:58:07.1648800Z 
2026-10-01T05:58:07.1648940Z Learn more:
2026-10-01T05:58:07.1649210Z   https://aka.ms/dotnet/info
2026-10-01T05:58:07.1649430Z 
2026-10-01T05:58:07.1649550Z Download .NET:
2026-10-01T05:58:07.1649840Z   https://aka.ms/dotnet/download
2026-10-01T05:58:07.4573120Z VSTest version 18.7.0 (arm64)
2026-10-01T05:58:07.4578130Z 
2026-10-01T05:58:07.5349150Z Starting test execution, please wait...
2026-10-01T05:58:07.5541560Z A total of 1 test files matched the specified pattern.
2026-10-01T05:58:34.0321320Z Results File: __CI_WORKSPACE__/LiteDB.Tests/TestResults/TestResults-engine-index.trx
2026-10-01T05:58:34.0322360Z 
2026-10-01T05:58:34.0350000Z Passed!  - Failed:     0, Passed:    63, Skipped:     0, Total:    63, Duration: 25 s - LiteDB.Tests.dll (net10.0)
2026-10-01T05:58:34.0744660Z Running complete-suite partition: engine-admission
2026-10-01T05:58:34.1439810Z 
2026-10-01T05:58:34.1440220Z Host:
2026-10-01T05:58:34.1440570Z   Version:      10.0.12
2026-10-01T05:58:34.1440820Z   Architecture: arm64
2026-10-01T05:58:34.1441220Z   Commit:       95017c711e
2026-10-01T05:58:34.1442330Z   RID:          osx-arm64
2026-10-01T05:58:34.1442440Z 
2026-10-01T05:58:34.1442650Z .NET SDKs installed:
2026-10-01T05:58:34.1443150Z   No SDKs were found.
2026-10-01T05:58:34.1443410Z 
2026-10-01T05:58:34.1443590Z .NET runtimes installed:
2026-10-01T05:58:34.1444170Z   Microsoft.NETCore.App 10.0.12 [__CI_HOME__/work/_temp/litedb-runtime-10-arm64/shared/Microsoft.NETCore.App]
2026-10-01T05:58:34.1444610Z 
2026-10-01T05:58:34.1444760Z Other architectures found:
2026-10-01T05:58:34.1445040Z   None
2026-10-01T05:58:34.1445200Z 
2026-10-01T05:58:34.1445280Z Environment variables:
2026-10-01T05:58:34.1445670Z   DOTNET_MULTILEVEL_LOOKUP                 [0]
2026-10-01T05:58:34.1446040Z   DOTNET_NOLOGO                            [1]
2026-10-01T05:58:34.1446360Z   DOTNET_ROLL_FORWARD                      [LatestMajor]
2026-10-01T05:58:34.1447180Z   DOTNET_ROOT                              [__CI_HOME__/.dotnet]
2026-10-01T05:58:34.1447820Z   DOTNET_SKIP_FIRST_TIME_EXPERIENCE        [1]
2026-10-01T05:58:34.1447990Z 
2026-10-01T05:58:34.1478150Z global.json file:
2026-10-01T05:58:34.1478550Z   Not found
2026-10-01T05:58:34.1478720Z 
2026-10-01T05:58:34.1478820Z Learn more:
2026-10-01T05:58:34.1488270Z   https://aka.ms/dotnet/info
2026-10-01T05:58:34.1494850Z 
2026-10-01T05:58:34.1495090Z Download .NET:
2026-10-01T05:58:34.1495400Z   https://aka.ms/dotnet/download
2026-10-01T05:58:34.3542330Z VSTest version 18.7.0 (arm64)
2026-10-01T05:58:34.3546650Z 
2026-10-01T05:58:34.4129760Z Starting test execution, please wait...
2026-10-01T05:58:34.4360340Z A total of 1 test files matched the specified pattern.
2026-10-01T05:58:50.9302140Z Results File: __CI_WORKSPACE__/LiteDB.Tests/TestResults/TestResults-engine-admission.trx
2026-10-01T05:58:50.9304410Z 
2026-10-01T05:58:50.9324480Z Passed!  - Failed:     0, Passed:   126, Skipped:     0, Total:   126, Duration: 15 s - LiteDB.Tests.dll (net10.0)
2026-10-01T05:58:50.9747180Z Running complete-suite partition: engine-shared
2026-10-01T05:58:51.0011830Z 
2026-10-01T05:58:51.0012420Z Host:
2026-10-01T05:58:51.0013070Z   Version:      10.0.12
2026-10-01T05:58:51.0013640Z   Architecture: arm64
2026-10-01T05:58:51.0013910Z   Commit:       95017c711e
2026-10-01T05:58:51.0014580Z   RID:          osx-arm64
2026-10-01T05:58:51.0014960Z 
2026-10-01T05:58:51.0015460Z .NET SDKs installed:
2026-10-01T05:58:51.0016250Z   No SDKs were found.
2026-10-01T05:58:51.0016590Z 
2026-10-01T05:58:51.0016750Z .NET runtimes installed:
2026-10-01T05:58:51.0017670Z   Microsoft.NETCore.App 10.0.12 [__CI_HOME__/work/_temp/litedb-runtime-10-arm64/shared/Microsoft.NETCore.App]
2026-10-01T05:58:51.0018030Z 
2026-10-01T05:58:51.0018180Z Other architectures found:
2026-10-01T05:58:51.0018790Z   None
2026-10-01T05:58:51.0019300Z 
2026-10-01T05:58:51.0019430Z Environment variables:
2026-10-01T05:58:51.0020320Z   DOTNET_MULTILEVEL_LOOKUP                 [0]
2026-10-01T05:58:51.0020950Z   DOTNET_NOLOGO                            [1]
2026-10-01T05:58:51.0021580Z   DOTNET_ROLL_FORWARD                      [LatestMajor]
2026-10-01T05:58:51.0022260Z   DOTNET_ROOT                              [__CI_HOME__/.dotnet]
2026-10-01T05:58:51.0022980Z   DOTNET_SKIP_FIRST_TIME_EXPERIENCE        [1]
2026-10-01T05:58:51.0023150Z 
2026-10-01T05:58:51.0023350Z global.json file:
2026-10-01T05:58:51.0023960Z   Not found
2026-10-01T05:58:51.0024290Z 
2026-10-01T05:58:51.0024340Z Learn more:
2026-10-01T05:58:51.0024690Z   https://aka.ms/dotnet/info
2026-10-01T05:58:51.0024920Z 
2026-10-01T05:58:51.0025020Z Download .NET:
2026-10-01T05:58:51.0025230Z   https://aka.ms/dotnet/download
2026-10-01T05:58:51.1473590Z VSTest version 18.7.0 (arm64)
2026-10-01T05:58:51.1500720Z 
2026-10-01T05:58:51.1985130Z Starting test execution, please wait...
2026-10-01T05:58:51.2170990Z A total of 1 test files matched the specified pattern.
2026-10-01T05:59:37.2009330Z Results File: __CI_WORKSPACE__/LiteDB.Tests/TestResults/TestResults-engine-shared.trx
2026-10-01T05:59:37.2010320Z 
2026-10-01T05:59:37.2034390Z Passed!  - Failed:     0, Passed:   473, Skipped:     0, Total:   473, Duration: 44 s - LiteDB.Tests.dll (net10.0)
2026-10-01T05:59:37.2575390Z Running complete-suite partition: engine
2026-10-01T05:59:37.3180900Z 
2026-10-01T05:59:37.3181460Z Host:
2026-10-01T05:59:37.3181820Z   Version:      10.0.12
2026-10-01T05:59:37.3182210Z   Architecture: arm64
2026-10-01T05:59:37.3182480Z   Commit:       95017c711e
2026-10-01T05:59:37.3182800Z   RID:          osx-arm64
2026-10-01T05:59:37.3182970Z 
2026-10-01T05:59:37.3183390Z .NET SDKs installed:
2026-10-01T05:59:37.3183650Z   No SDKs were found.
2026-10-01T05:59:37.3183800Z 
2026-10-01T05:59:37.3183940Z .NET runtimes installed:
2026-10-01T05:59:37.3184590Z   Microsoft.NETCore.App 10.0.12 [__CI_HOME__/work/_temp/litedb-runtime-10-arm64/shared/Microsoft.NETCore.App]
2026-10-01T05:59:37.3184940Z 
2026-10-01T05:59:37.3185080Z Other architectures found:
2026-10-01T05:59:37.3185350Z   None
2026-10-01T05:59:37.3185470Z 
2026-10-01T05:59:37.3185600Z Environment variables:
2026-10-01T05:59:37.3185910Z   DOTNET_MULTILEVEL_LOOKUP                 [0]
2026-10-01T05:59:37.3186290Z   DOTNET_NOLOGO                            [1]
2026-10-01T05:59:37.3189460Z   DOTNET_ROLL_FORWARD                      [LatestMajor]
2026-10-01T05:59:37.3189930Z   DOTNET_ROOT                              [__CI_HOME__/.dotnet]
2026-10-01T05:59:37.3195570Z   DOTNET_SKIP_FIRST_TIME_EXPERIENCE        [1]
2026-10-01T05:59:37.3195730Z 
2026-10-01T05:59:37.3195860Z global.json file:
2026-10-01T05:59:37.3196130Z   Not found
2026-10-01T05:59:37.3196300Z 
2026-10-01T05:59:37.3196430Z Learn more:
2026-10-01T05:59:37.3196690Z   https://aka.ms/dotnet/info
2026-10-01T05:59:37.3196920Z 
2026-10-01T05:59:37.3197070Z Download .NET:
2026-10-01T05:59:37.3197280Z   https://aka.ms/dotnet/download
2026-10-01T05:59:37.5725120Z VSTest version 18.7.0 (arm64)
2026-10-01T05:59:37.5729700Z 
2026-10-01T05:59:37.6429250Z Starting test execution, please wait...
2026-10-01T05:59:37.6654040Z A total of 1 test files matched the specified pattern.
2026-10-01T06:00:23.8795110Z [xUnit.net 00:00:45.95]     LiteDB.Tests.Engine.Collation_Tests.Create_Database_Using_Current_Culture [SKIP]
2026-10-01T06:00:23.8974770Z   Skipped LiteDB.Tests.Engine.Collation_Tests.Create_Database_Using_Current_Culture [1 ms]
2026-10-01T06:01:23.6576010Z Results File: __CI_WORKSPACE__/LiteDB.Tests/TestResults/TestResults-engine.trx
2026-10-01T06:01:23.6577300Z 
2026-10-01T06:01:23.6606420Z Passed!  - Failed:     0, Passed:   641, Skipped:     1, Total:   642, Duration: 1 m 45 s - LiteDB.Tests.dll (net10.0)
2026-10-01T06:01:23.7287570Z Running complete-suite partition: query-not-equal
2026-10-01T06:01:23.8047100Z 
2026-10-01T06:01:23.8047470Z Host:
2026-10-01T06:01:23.8048150Z   Version:      10.0.12
2026-10-01T06:01:23.8048430Z   Architecture: arm64
2026-10-01T06:01:23.8051300Z   Commit:       95017c711e
2026-10-01T06:01:23.8056100Z   RID:          osx-arm64
2026-10-01T06:01:23.8056280Z 
2026-10-01T06:01:23.8056370Z .NET SDKs installed:
2026-10-01T06:01:23.8058540Z   No SDKs were found.
2026-10-01T06:01:23.8058960Z 
2026-10-01T06:01:23.8059680Z .NET runtimes installed:
2026-10-01T06:01:23.8060190Z   Microsoft.NETCore.App 10.0.12 [__CI_HOME__/work/_temp/litedb-runtime-10-arm64/shared/Microsoft.NETCore.App]
2026-10-01T06:01:23.8060700Z 
2026-10-01T06:01:23.8060840Z Other architectures found:
2026-10-01T06:01:23.8061060Z   None
2026-10-01T06:01:23.8061180Z 
2026-10-01T06:01:23.8061310Z Environment variables:
2026-10-01T06:01:23.8061610Z   DOTNET_MULTILEVEL_LOOKUP                 [0]
2026-10-01T06:01:23.8061980Z   DOTNET_NOLOGO                            [1]
2026-10-01T06:01:23.8062290Z   DOTNET_ROLL_FORWARD                      [LatestMajor]
2026-10-01T06:01:23.8062670Z   DOTNET_ROOT                              [__CI_HOME__/.dotnet]
2026-10-01T06:01:23.8063180Z   DOTNET_SKIP_FIRST_TIME_EXPERIENCE        [1]
2026-10-01T06:01:23.8063440Z 
2026-10-01T06:01:23.8063500Z global.json file:
2026-10-01T06:01:23.8063750Z   Not found
2026-10-01T06:01:23.8063890Z 
2026-10-01T06:01:23.8064000Z Learn more:
2026-10-01T06:01:23.8064210Z   https://aka.ms/dotnet/info
2026-10-01T06:01:23.8064390Z 
2026-10-01T06:01:23.8064510Z Download .NET:
2026-10-01T06:01:23.8064830Z   https://aka.ms/dotnet/download
2026-10-01T06:01:24.1674200Z VSTest version 18.7.0 (arm64)
2026-10-01T06:01:24.1678330Z 
2026-10-01T06:01:24.2497860Z Starting test execution, please wait...
2026-10-01T06:01:24.2916420Z A total of 1 test files matched the specified pattern.
2026-10-01T06:01:33.0011920Z Results File: __CI_WORKSPACE__/LiteDB.Tests/TestResults/TestResults-query-not-equal.trx
2026-10-01T06:01:33.0015680Z 
2026-10-01T06:01:33.0043440Z Passed!  - Failed:     0, Passed:    14, Skipped:     0, Total:    14, Duration: 7 s - LiteDB.Tests.dll (net10.0)
2026-10-01T06:01:33.0258470Z Running complete-suite partition: query
2026-10-01T06:01:33.0593810Z 
2026-10-01T06:01:33.0595590Z Host:
2026-10-01T06:01:33.0596530Z   Version:      10.0.12
2026-10-01T06:01:33.0597410Z   Architecture: arm64
2026-10-01T06:01:33.0598270Z   Commit:       95017c711e
2026-10-01T06:01:33.0599210Z   RID:          osx-arm64
2026-10-01T06:01:33.0599760Z 
2026-10-01T06:01:33.0600260Z .NET SDKs installed:
2026-10-01T06:01:33.0620730Z   No SDKs were found.
2026-10-01T06:01:33.0621390Z 
2026-10-01T06:01:33.0629160Z .NET runtimes installed:
2026-10-01T06:01:33.0630400Z   Microsoft.NETCore.App 10.0.12 [__CI_HOME__/work/_temp/litedb-runtime-10-arm64/shared/Microsoft.NETCore.App]
2026-10-01T06:01:33.0631490Z 
2026-10-01T06:01:33.0631860Z Other architectures found:
2026-10-01T06:01:33.0632620Z   None
2026-10-01T06:01:33.0632930Z 
2026-10-01T06:01:33.0633160Z Environment variables:
2026-10-01T06:01:33.0633890Z   DOTNET_MULTILEVEL_LOOKUP                 [0]
2026-10-01T06:01:33.0634740Z   DOTNET_NOLOGO                            [1]
2026-10-01T06:01:33.0635490Z   DOTNET_ROLL_FORWARD                      [LatestMajor]
2026-10-01T06:01:33.0636560Z   DOTNET_ROOT                              [__CI_HOME__/.dotnet]
2026-10-01T06:01:33.0637500Z   DOTNET_SKIP_FIRST_TIME_EXPERIENCE        [1]
2026-10-01T06:01:33.0637920Z 
2026-10-01T06:01:33.0638200Z global.json file:
2026-10-01T06:01:33.0638840Z   Not found
2026-10-01T06:01:33.0639190Z 
2026-10-01T06:01:33.0639410Z Learn more:
2026-10-01T06:01:33.0640040Z   https://aka.ms/dotnet/info
2026-10-01T06:01:33.0640510Z 
2026-10-01T06:01:33.0640770Z Download .NET:
2026-10-01T06:01:33.0641390Z   https://aka.ms/dotnet/download
2026-10-01T06:01:33.2925800Z VSTest version 18.7.0 (arm64)
2026-10-01T06:01:33.2930780Z 
2026-10-01T06:01:33.3783980Z Starting test execution, please wait...
2026-10-01T06:01:33.4082210Z A total of 1 test files matched the specified pattern.
2026-10-01T06:02:04.4758870Z Results File: __CI_WORKSPACE__/LiteDB.Tests/TestResults/TestResults-query.trx
2026-10-01T06:02:04.4760800Z 
2026-10-01T06:02:04.4804360Z Passed!  - Failed:     0, Passed:   826, Skipped:     0, Total:   826, Duration: 29 s - LiteDB.Tests.dll (net10.0)
2026-10-01T06:02:04.6398850Z Running complete-suite partition: shared-mapped-process
2026-10-01T06:02:04.7166440Z 
2026-10-01T06:02:04.7167680Z Host:
2026-10-01T06:02:04.7168600Z   Version:      10.0.12
2026-10-01T06:02:04.7169050Z   Architecture: arm64
2026-10-01T06:02:04.7169860Z   Commit:       95017c711e
2026-10-01T06:02:04.7170320Z   RID:          osx-arm64
2026-10-01T06:02:04.7170520Z 
2026-10-01T06:02:04.7170670Z .NET SDKs installed:
2026-10-01T06:02:04.7170920Z   No SDKs were found.
2026-10-01T06:02:04.7171090Z 
2026-10-01T06:02:04.7171330Z .NET runtimes installed:
2026-10-01T06:02:04.7171920Z   Microsoft.NETCore.App 10.0.12 [__CI_HOME__/work/_temp/litedb-runtime-10-arm64/shared/Microsoft.NETCore.App]
2026-10-01T06:02:04.7172350Z 
2026-10-01T06:02:04.7172580Z Other architectures found:
2026-10-01T06:02:04.7172920Z   None
2026-10-01T06:02:04.7173050Z 
2026-10-01T06:02:04.7173200Z Environment variables:
2026-10-01T06:02:04.7173460Z   DOTNET_MULTILEVEL_LOOKUP                 [0]
2026-10-01T06:02:04.7173820Z   DOTNET_NOLOGO                            [1]
2026-10-01T06:02:04.7174200Z   DOTNET_ROLL_FORWARD                      [LatestMajor]
2026-10-01T06:02:04.7174600Z   DOTNET_ROOT                              [__CI_HOME__/.dotnet]
2026-10-01T06:02:04.7175020Z   DOTNET_SKIP_FIRST_TIME_EXPERIENCE        [1]
2026-10-01T06:02:04.7175230Z 
2026-10-01T06:02:04.7175290Z global.json file:
2026-10-01T06:02:04.7175580Z   Not found
2026-10-01T06:02:04.7175700Z 
2026-10-01T06:02:04.7175800Z Learn more:
2026-10-01T06:02:04.7176020Z   https://aka.ms/dotnet/info
2026-10-01T06:02:04.7176190Z 
2026-10-01T06:02:04.7176280Z Download .NET:
2026-10-01T06:02:04.7176530Z   https://aka.ms/dotnet/download
2026-10-01T06:02:04.9507800Z VSTest version 18.7.0 (arm64)
2026-10-01T06:02:04.9512030Z 
2026-10-01T06:02:05.0100680Z Starting test execution, please wait...
2026-10-01T06:02:05.0311930Z A total of 1 test files matched the specified pattern.
2026-10-01T06:02:41.1384510Z Results File: __CI_WORKSPACE__/LiteDB.Tests/TestResults/TestResults-shared-mapped-process.trx
2026-10-01T06:02:41.1385540Z 
2026-10-01T06:02:41.1412240Z Passed!  - Failed:     0, Passed:    36, Skipped:     0, Total:    36, Duration: 34 s - LiteDB.Tests.dll (net10.0)
2026-10-01T06:02:41.1834870Z Running complete-suite partition: shared-process
2026-10-01T06:02:41.2552950Z 
2026-10-01T06:02:41.2553380Z Host:
2026-10-01T06:02:41.2554180Z   Version:      10.0.12
2026-10-01T06:02:41.2554940Z   Architecture: arm64
2026-10-01T06:02:41.2584060Z   Commit:       95017c711e
2026-10-01T06:02:41.2584550Z   RID:          osx-arm64
2026-10-01T06:02:41.2584850Z 
2026-10-01T06:02:41.2585040Z .NET SDKs installed:
2026-10-01T06:02:41.2585400Z   No SDKs were found.
2026-10-01T06:02:41.2585660Z 
2026-10-01T06:02:41.2586350Z .NET runtimes installed:
2026-10-01T06:02:41.2586920Z   Microsoft.NETCore.App 10.0.12 [__CI_HOME__/work/_temp/litedb-runtime-10-arm64/shared/Microsoft.NETCore.App]
2026-10-01T06:02:41.2587560Z 
2026-10-01T06:02:41.2587860Z Other architectures found:
2026-10-01T06:02:41.2588240Z   None
2026-10-01T06:02:41.2588460Z 
2026-10-01T06:02:41.2588720Z Environment variables:
2026-10-01T06:02:41.2589090Z   DOTNET_MULTILEVEL_LOOKUP                 [0]
2026-10-01T06:02:41.2589640Z   DOTNET_NOLOGO                            [1]
2026-10-01T06:02:41.2590210Z   DOTNET_ROLL_FORWARD                      [LatestMajor]
2026-10-01T06:02:41.2590670Z   DOTNET_ROOT                              [__CI_HOME__/.dotnet]
2026-10-01T06:02:41.2591230Z   DOTNET_SKIP_FIRST_TIME_EXPERIENCE        [1]
2026-10-01T06:02:41.2591560Z 
2026-10-01T06:02:41.2591810Z global.json file:
2026-10-01T06:02:41.2592120Z   Not found
2026-10-01T06:02:41.2592360Z 
2026-10-01T06:02:41.2592590Z Learn more:
2026-10-01T06:02:41.2593020Z   https://aka.ms/dotnet/info
2026-10-01T06:02:41.2593330Z 
2026-10-01T06:02:41.2593470Z Download .NET:
2026-10-01T06:02:41.2593840Z   https://aka.ms/dotnet/download
2026-10-01T06:02:41.4810420Z VSTest version 18.7.0 (arm64)
2026-10-01T06:02:41.4815130Z 
2026-10-01T06:02:41.5487330Z Starting test execution, please wait...
2026-10-01T06:02:41.5712680Z A total of 1 test files matched the specified pattern.
2026-10-01T06:04:08.8400990Z Results File: __CI_WORKSPACE__/LiteDB.Tests/TestResults/TestResults-shared-process.trx
2026-10-01T06:04:08.8401830Z 
2026-10-01T06:04:08.8425180Z Passed!  - Failed:     0, Passed:    58, Skipped:     0, Total:    58, Duration: 1 m 26 s - LiteDB.Tests.dll (net10.0)
2026-10-01T06:04:08.8989100Z Running complete-suite partition: shared
2026-10-01T06:04:08.9631300Z 
2026-10-01T06:04:08.9633060Z Host:
2026-10-01T06:04:08.9633810Z   Version:      10.0.12
2026-10-01T06:04:08.9634160Z   Architecture: arm64
2026-10-01T06:04:08.9634500Z   Commit:       95017c711e
2026-10-01T06:04:08.9634830Z   RID:          osx-arm64
2026-10-01T06:04:08.9635010Z 
2026-10-01T06:04:08.9635280Z .NET SDKs installed:
2026-10-01T06:04:08.9635830Z   No SDKs were found.
2026-10-01T06:04:08.9636740Z 
2026-10-01T06:04:08.9637300Z .NET runtimes installed:
2026-10-01T06:04:08.9637890Z   Microsoft.NETCore.App 10.0.12 [__CI_HOME__/work/_temp/litedb-runtime-10-arm64/shared/Microsoft.NETCore.App]
2026-10-01T06:04:08.9638340Z 
2026-10-01T06:04:08.9638570Z Other architectures found:
2026-10-01T06:04:08.9638840Z   None
2026-10-01T06:04:08.9639040Z 
2026-10-01T06:04:08.9639230Z Environment variables:
2026-10-01T06:04:08.9639610Z   DOTNET_MULTILEVEL_LOOKUP                 [0]
2026-10-01T06:04:08.9639980Z   DOTNET_NOLOGO                            [1]
2026-10-01T06:04:08.9640380Z   DOTNET_ROLL_FORWARD                      [LatestMajor]
2026-10-01T06:04:08.9640830Z   DOTNET_ROOT                              [__CI_HOME__/.dotnet]
2026-10-01T06:04:08.9641270Z   DOTNET_SKIP_FIRST_TIME_EXPERIENCE        [1]
2026-10-01T06:04:08.9641430Z 
2026-10-01T06:04:08.9641530Z global.json file:
2026-10-01T06:04:08.9641860Z   Not found
2026-10-01T06:04:08.9642030Z 
2026-10-01T06:04:08.9642080Z Learn more:
2026-10-01T06:04:08.9642360Z   https://aka.ms/dotnet/info
2026-10-01T06:04:08.9642520Z 
2026-10-01T06:04:08.9642650Z Download .NET:
2026-10-01T06:04:08.9642900Z   https://aka.ms/dotnet/download
2026-10-01T06:04:09.1980770Z VSTest version 18.7.0 (arm64)
2026-10-01T06:04:09.1997480Z 
2026-10-01T06:04:09.2653960Z Starting test execution, please wait...
2026-10-01T06:04:09.2893620Z A total of 1 test files matched the specified pattern.
2026-10-01T06:04:16.2249150Z Results File: __CI_WORKSPACE__/LiteDB.Tests/TestResults/TestResults-shared.trx
2026-10-01T06:04:16.2253980Z 
2026-10-01T06:04:16.2282300Z Passed!  - Failed:     0, Passed:    55, Skipped:     0, Total:    55, Duration: 5 s - LiteDB.Tests.dll (net10.0)
2026-10-01T06:04:16.2445600Z Running complete-suite partition: mvcc
2026-10-01T06:04:16.2727590Z 
2026-10-01T06:04:16.2727850Z Host:
2026-10-01T06:04:16.2728790Z   Version:      10.0.12
2026-10-01T06:04:16.2729160Z   Architecture: arm64
2026-10-01T06:04:16.2729680Z   Commit:       95017c711e
2026-10-01T06:04:16.2730330Z   RID:          osx-arm64
2026-10-01T06:04:16.2730590Z 
2026-10-01T06:04:16.2730770Z .NET SDKs installed:
2026-10-01T06:04:16.2731060Z   No SDKs were found.
2026-10-01T06:04:16.2731270Z 
2026-10-01T06:04:16.2731440Z .NET runtimes installed:
2026-10-01T06:04:16.2732000Z   Microsoft.NETCore.App 10.0.12 [__CI_HOME__/work/_temp/litedb-runtime-10-arm64/shared/Microsoft.NETCore.App]
2026-10-01T06:04:16.2732680Z 
2026-10-01T06:04:16.2732870Z Other architectures found:
2026-10-01T06:04:16.2733230Z   None
2026-10-01T06:04:16.2733310Z 
2026-10-01T06:04:16.2733450Z Environment variables:
2026-10-01T06:04:16.2733790Z   DOTNET_MULTILEVEL_LOOKUP                 [0]
2026-10-01T06:04:16.2734200Z   DOTNET_NOLOGO                            [1]
2026-10-01T06:04:16.2734590Z   DOTNET_ROLL_FORWARD                      [LatestMajor]
2026-10-01T06:04:16.2735260Z   DOTNET_ROOT                              [__CI_HOME__/.dotnet]
2026-10-01T06:04:16.2735680Z   DOTNET_SKIP_FIRST_TIME_EXPERIENCE        [1]
2026-10-01T06:04:16.2735970Z 
2026-10-01T06:04:16.2736110Z global.json file:
2026-10-01T06:04:16.2736380Z   Not found
2026-10-01T06:04:16.2736530Z 
2026-10-01T06:04:16.2736580Z Learn more:
2026-10-01T06:04:16.2736860Z   https://aka.ms/dotnet/info
2026-10-01T06:04:16.2737060Z 
2026-10-01T06:04:16.2737180Z Download .NET:
2026-10-01T06:04:16.2737420Z   https://aka.ms/dotnet/download
2026-10-01T06:04:16.4576040Z VSTest version 18.7.0 (arm64)
2026-10-01T06:04:16.4583910Z 
2026-10-01T06:04:16.5309570Z Starting test execution, please wait...
2026-10-01T06:04:16.5523490Z A total of 1 test files matched the specified pattern.
2026-10-01T06:06:05.7897150Z Results File: __CI_WORKSPACE__/LiteDB.Tests/TestResults/TestResults-mvcc.trx
2026-10-01T06:06:05.7898360Z 
2026-10-01T06:06:05.7923960Z Passed!  - Failed:     0, Passed:   403, Skipped:     0, Total:   403, Duration: 1 m 48 s - LiteDB.Tests.dll (net10.0)
2026-10-01T06:06:05.8529360Z Running complete-suite partition: internals
2026-10-01T06:06:05.9164760Z 
2026-10-01T06:06:05.9165310Z Host:
2026-10-01T06:06:05.9166010Z   Version:      10.0.12
2026-10-01T06:06:05.9166300Z   Architecture: arm64
2026-10-01T06:06:05.9166630Z   Commit:       95017c711e
2026-10-01T06:06:05.9166920Z   RID:          osx-arm64
2026-10-01T06:06:05.9167030Z 
2026-10-01T06:06:05.9167170Z .NET SDKs installed:
2026-10-01T06:06:05.9167620Z   No SDKs were found.
2026-10-01T06:06:05.9167940Z 
2026-10-01T06:06:05.9168020Z .NET runtimes installed:
2026-10-01T06:06:05.9168610Z   Microsoft.NETCore.App 10.0.12 [__CI_HOME__/work/_temp/litedb-runtime-10-arm64/shared/Microsoft.NETCore.App]
2026-10-01T06:06:05.9169000Z 
2026-10-01T06:06:05.9169160Z Other architectures found:
2026-10-01T06:06:05.9169450Z   None
2026-10-01T06:06:05.9169660Z 
2026-10-01T06:06:05.9169770Z Environment variables:
2026-10-01T06:06:05.9170180Z   DOTNET_MULTILEVEL_LOOKUP                 [0]
2026-10-01T06:06:05.9170530Z   DOTNET_NOLOGO                            [1]
2026-10-01T06:06:05.9170920Z   DOTNET_ROLL_FORWARD                      [LatestMajor]
2026-10-01T06:06:05.9171280Z   DOTNET_ROOT                              [__CI_HOME__/.dotnet]
2026-10-01T06:06:05.9171690Z   DOTNET_SKIP_FIRST_TIME_EXPERIENCE        [1]
2026-10-01T06:06:05.9171960Z 
2026-10-01T06:06:05.9172100Z global.json file:
2026-10-01T06:06:05.9172330Z   Not found
2026-10-01T06:06:05.9172460Z 
2026-10-01T06:06:05.9173860Z Learn more:
2026-10-01T06:06:05.9175270Z   https://aka.ms/dotnet/info
2026-10-01T06:06:05.9175400Z 
2026-10-01T06:06:05.9175520Z Download .NET:
2026-10-01T06:06:05.9175810Z   https://aka.ms/dotnet/download
2026-10-01T06:06:06.1881600Z VSTest version 18.7.0 (arm64)
2026-10-01T06:06:06.1887720Z 
2026-10-01T06:06:06.2543850Z Starting test execution, please wait...
2026-10-01T06:06:06.2770590Z A total of 1 test files matched the specified pattern.
2026-10-01T06:07:05.5877240Z Results File: __CI_WORKSPACE__/LiteDB.Tests/TestResults/TestResults-internals.trx
2026-10-01T06:07:05.5878090Z 
2026-10-01T06:07:05.5903800Z Passed!  - Failed:     0, Passed:   435, Skipped:     0, Total:   435, Duration: 58 s - LiteDB.Tests.dll (net10.0)
2026-10-01T06:07:05.6743310Z Running complete-suite partition: remaining
2026-10-01T06:07:05.7280750Z 
2026-10-01T06:07:05.7280980Z Host:
2026-10-01T06:07:05.7281230Z   Version:      10.0.12
2026-10-01T06:07:05.7281630Z   Architecture: arm64
2026-10-01T06:07:05.7281990Z   Commit:       95017c711e
2026-10-01T06:07:05.7282340Z   RID:          osx-arm64
2026-10-01T06:07:05.7282630Z 
2026-10-01T06:07:05.7282840Z .NET SDKs installed:
2026-10-01T06:07:05.7283140Z   No SDKs were found.
2026-10-01T06:07:05.7283300Z 
2026-10-01T06:07:05.7283470Z .NET runtimes installed:
2026-10-01T06:07:05.7284050Z   Microsoft.NETCore.App 10.0.12 [__CI_HOME__/work/_temp/litedb-runtime-10-arm64/shared/Microsoft.NETCore.App]
2026-10-01T06:07:05.7284490Z 
2026-10-01T06:07:05.7284960Z Other architectures found:
2026-10-01T06:07:05.7285220Z   None
2026-10-01T06:07:05.7285340Z 
2026-10-01T06:07:05.7285460Z Environment variables:
2026-10-01T06:07:05.7285820Z   DOTNET_MULTILEVEL_LOOKUP                 [0]
2026-10-01T06:07:05.7286210Z   DOTNET_NOLOGO                            [1]
2026-10-01T06:07:05.7286650Z   DOTNET_ROLL_FORWARD                      [LatestMajor]
2026-10-01T06:07:05.7287040Z   DOTNET_ROOT                              [__CI_HOME__/.dotnet]
2026-10-01T06:07:05.7287420Z   DOTNET_SKIP_FIRST_TIME_EXPERIENCE        [1]
2026-10-01T06:07:05.7287730Z 
2026-10-01T06:07:05.7287860Z global.json file:
2026-10-01T06:07:05.7288110Z   Not found
2026-10-01T06:07:05.7288270Z 
2026-10-01T06:07:05.7288380Z Learn more:
2026-10-01T06:07:05.7288680Z   https://aka.ms/dotnet/info
2026-10-01T06:07:05.7288940Z 
2026-10-01T06:07:05.7289070Z Download .NET:
2026-10-01T06:07:05.7289300Z   https://aka.ms/dotnet/download
2026-10-01T06:07:05.9439600Z VSTest version 18.7.0 (arm64)
2026-10-01T06:07:05.9443310Z 
2026-10-01T06:07:05.9999160Z Starting test execution, please wait...
2026-10-01T06:07:06.0192880Z A total of 1 test files matched the specified pattern.
2026-10-01T06:08:15.0705190Z Results File: __CI_WORKSPACE__/LiteDB.Tests/TestResults/TestResults-remaining.trx
2026-10-01T06:08:15.0708180Z 
2026-10-01T06:08:15.0736290Z Passed!  - Failed:     0, Passed:   613, Skipped:     0, Total:   613, Duration: 1 m 8 s - LiteDB.Tests.dll (net10.0)
2026-10-01T06:08:15.2876960Z ##[group]Run actions/upload-artifact@v4
2026-10-01T06:08:15.2877330Z with:
2026-10-01T06:08:15.2877640Z   name: test-results-test-macos-2
2026-10-01T06:08:15.2877970Z   overwrite: true
2026-10-01T06:08:15.2878490Z   path: LiteDB.Tests/TestResults/*.trx
LiteDB.Tests/TestResults/evidence-leg.json
LiteDB.Tests/TestResults/discovered-tests.txt

2026-10-01T06:08:15.2879000Z   if-no-files-found: warn
2026-10-01T06:08:15.2879270Z   compression-level: 6
2026-10-01T06:08:15.2879530Z   include-hidden-files: false
2026-10-01T06:08:15.2879750Z env:
2026-10-01T06:08:15.2880200Z   LITEDB_RETAINED_FIXTURES: __CI_WORKSPACE__/LiteDB.Tests/TestResults/retained-fixtures
2026-10-01T06:08:15.2880700Z   DOTNET_ROOT: __CI_HOME__/.dotnet
2026-10-01T06:08:15.2880970Z ##[endgroup]
2026-10-01T06:08:15.6942250Z (node:25293) [DEP0040] DeprecationWarning: The `punycode` module is deprecated. Please use a userland alternative instead.
2026-10-01T06:08:15.6943280Z (Use `node --trace-deprecation ...` to show where the warning was created)
2026-10-01T06:08:15.6997060Z With the provided path, there will be 17 files uploaded
2026-10-01T06:08:16.0738310Z Artifact name is valid!
2026-10-01T06:08:16.0840100Z Root directory input is valid!
2026-10-01T06:08:16.2925840Z Beginning upload of artifact content to blob storage
2026-10-01T06:08:16.4498220Z (node:25293) [DEP0169] DeprecationWarning: `url.parse()` behavior is not standardized and prone to errors that have security implications. Use the WHATWG URL API instead. CVEs are not issued for `url.parse()` vulnerabilities.
2026-10-01T06:08:17.1711330Z Uploaded bytes 1419615
2026-10-01T06:08:17.2544460Z Finished uploading artifact content to blob storage!
2026-10-01T06:08:17.2546410Z SHA256 digest of uploaded artifact zip is 9a59238ade7a16900a1536b3b230b60004c2e8d2fd2cfcca5f6270fb39003299
2026-10-01T06:08:17.2548120Z Finalizing artifact upload
2026-10-01T06:08:17.5078720Z Artifact test-results-test-macos-2.zip successfully finalized. Artifact ID 11143458749
2026-10-01T06:08:17.5080830Z Artifact test-results-test-macos-2 has been successfully uploaded! Final size is 1419615 bytes. Artifact ID is 11143458749
2026-10-01T06:08:17.5093930Z Artifact download URL: https://github.com/JKamsker/LiteDB/actions/runs/36821386840/artifacts/11143458749
2026-10-01T06:08:17.5375290Z Prepare all required actions
2026-10-01T06:08:17.5375710Z Getting action download info
2026-10-01T06:08:17.9184850Z ##[group]Run ./.github/actions/retained-fixtures
2026-10-01T06:08:17.9185630Z env:
2026-10-01T06:08:17.9186690Z   LITEDB_RETAINED_FIXTURES: __CI_WORKSPACE__/LiteDB.Tests/TestResults/retained-fixtures
2026-10-01T06:08:17.9188010Z   DOTNET_ROOT: __CI_HOME__/.dotnet
2026-10-01T06:08:17.9188670Z ##[endgroup]
2026-10-01T06:08:17.9274600Z ##[start-action display=Collect retained fixtures;id=__self.__run]
2026-10-01T06:08:17.9308590Z ##[group]Run if [ "$RUNNER_OS" = "Windows" ]; then retained_python=python; else retained_python=python3; fi
2026-10-01T06:08:17.9309220Z [36;1mif [ "$RUNNER_OS" = "Windows" ]; then retained_python=python; else retained_python=python3; fi[0m
2026-10-01T06:08:17.9309850Z [36;1m"$retained_python" scripts/collect-retained-fixtures.py "$LITEDB_RETAINED_FIXTURES"[0m
2026-10-01T06:08:17.9548480Z shell: /bin/bash --noprofile --norc -e -o pipefail {0}
2026-10-01T06:08:17.9548770Z env:
2026-10-01T06:08:17.9549150Z   LITEDB_RETAINED_FIXTURES: __CI_WORKSPACE__/LiteDB.Tests/TestResults/retained-fixtures
2026-10-01T06:08:17.9549640Z   DOTNET_ROOT: __CI_HOME__/.dotnet
2026-10-01T06:08:17.9549840Z ##[endgroup]
2026-10-01T06:08:18.2510100Z ##[end-action id=__self.__run;outcome=success;conclusion=success;duration_ms=323]
2026-10-01T06:08:18.2512670Z ##[start-action display=Upload fixture manifests and copies;id=__self.__actions_upload-artifact]
2026-10-01T06:08:18.2573640Z ##[group]Run actions/upload-artifact@v4
2026-10-01T06:08:18.2573900Z with:
2026-10-01T06:08:18.2574110Z   name: retained-fixtures-test-macos-2
2026-10-01T06:08:18.2574560Z   path: __CI_WORKSPACE__/LiteDB.Tests/TestResults/retained-fixtures/
2026-10-01T06:08:18.2574960Z   if-no-files-found: ignore
2026-10-01T06:08:18.2575180Z   retention-days: 14
2026-10-01T06:08:18.2575420Z   compression-level: 6
2026-10-01T06:08:18.2575670Z   overwrite: false
2026-10-01T06:08:18.2575910Z   include-hidden-files: false
2026-10-01T06:08:18.2576170Z env:
2026-10-01T06:08:18.2576950Z   LITEDB_RETAINED_FIXTURES: __CI_WORKSPACE__/LiteDB.Tests/TestResults/retained-fixtures
2026-10-01T06:08:18.2577590Z   DOTNET_ROOT: __CI_HOME__/.dotnet
2026-10-01T06:08:18.2577850Z ##[endgroup]
2026-10-01T06:08:18.4383420Z (node:25312) [DEP0040] DeprecationWarning: The `punycode` module is deprecated. Please use a userland alternative instead.
2026-10-01T06:08:18.4384170Z (Use `node --trace-deprecation ...` to show where the warning was created)
2026-10-01T06:08:18.4393020Z No files were found with the provided path: __CI_WORKSPACE__/LiteDB.Tests/TestResults/retained-fixtures/. No artifacts will be uploaded.
2026-10-01T06:08:18.4437810Z ##[end-action id=__self.__actions_upload-artifact;outcome=success;conclusion=success;duration_ms=192]
2026-10-01T06:08:18.4528140Z Post job cleanup.
2026-10-01T06:08:18.5934600Z (node:25315) [DEP0040] DeprecationWarning: The `punycode` module is deprecated. Please use a userland alternative instead.
2026-10-01T06:08:18.5935460Z (Use `node --trace-deprecation ...` to show where the warning was created)
2026-10-01T06:08:18.6046160Z Post job cleanup.
2026-10-01T06:08:18.7112530Z [command]/opt/homebrew/bin/git version
2026-10-01T06:08:18.7348660Z git version 2.55.0
2026-10-01T06:08:18.7367290Z Copying '__CI_HOME__/.gitconfig' to '__CI_HOME__/work/_temp/278f6969-952f-4021-9c87-1d027c1393a1/.gitconfig'
2026-10-01T06:08:18.7375870Z Temporarily overriding HOME='__CI_HOME__/work/_temp/278f6969-952f-4021-9c87-1d027c1393a1' before making global git config changes
2026-10-01T06:08:18.7376870Z Adding repository directory to the temporary git global config as a safe directory
2026-10-01T06:08:18.7379140Z [command]/opt/homebrew/bin/git config --global --add safe.directory __CI_WORKSPACE__
2026-10-01T06:08:18.7520450Z [command]/opt/homebrew/bin/git config --local --name-only --get-regexp core\.sshCommand
2026-10-01T06:08:18.7575590Z [command]/opt/homebrew/bin/git submodule foreach --recursive sh -c "git config --local --name-only --get-regexp 'core\.sshCommand' && git config --local --unset-all 'core.sshCommand' || :"
2026-10-01T06:08:18.8511400Z [command]/opt/homebrew/bin/git config --local --name-only --get-regexp http\.https\:\/\/github\.com\/\.extraheader
2026-10-01T06:08:18.8572830Z http.https://github.com/.extraheader
2026-10-01T06:08:18.8576760Z [command]/opt/homebrew/bin/git config --local --unset-all http.https://github.com/.extraheader
2026-10-01T06:08:18.8653380Z [command]/opt/homebrew/bin/git submodule foreach --recursive sh -c "git config --local --name-only --get-regexp 'http\.https\:\/\/github\.com\/\.extraheader' && git config --local --unset-all 'http.https://github.com/.extraheader' || :"
2026-10-01T06:08:18.9512590Z [command]/opt/homebrew/bin/git config --local --name-only --get-regexp ^includeIf\.gitdir:
2026-10-01T06:08:18.9581290Z [command]/opt/homebrew/bin/git submodule foreach --recursive git config --local --show-origin --name-only --get-regexp remote.origin.url
2026-10-01T06:08:19.0567090Z Cleaning up orphan processes
2026-10-01T06:08:20.4732410Z ##[warning]Node.js 20 is deprecated. The following actions target Node.js 20 but are being forced to run on Node.js 24: actions/checkout@v4, actions/download-artifact@v4, actions/setup-dotnet@v4, actions/upload-artifact@v4. For more information see: https://github.blog/changelog/2025-09-19-deprecation-of-node-20-on-github-actions-runners/
