2026-10-01T06:00:07.3303900Z Current runner version: '2.337.0'
2026-10-01T06:00:07.3325790Z ##[group]Runner Image Provisioner
2026-10-01T06:00:07.3326880Z Hosted Compute Agent
2026-10-01T06:00:07.3327430Z Version: 20260828.587
2026-10-01T06:00:07.3329160Z Commit: abac92662cab4cc7352de4f9f9d2e2419aad9c29
2026-10-01T06:00:07.3329790Z Build Date: 2026-08-28T16:44:25Z
2026-10-01T06:00:07.3330470Z Worker ID: {757cce91-860c-4138-9897-ccd34922de70}
2026-10-01T06:00:07.3331110Z Azure Region: westus
2026-10-01T06:00:07.3331530Z ##[endgroup]
2026-10-01T06:00:07.3332550Z ##[group]Operating System
2026-10-01T06:00:07.3333510Z macOS
2026-10-01T06:00:07.3333890Z 26.6.2
2026-10-01T06:00:07.3334220Z 25G83
2026-10-01T06:00:07.3335140Z ##[endgroup]
2026-10-01T06:00:07.3336180Z ##[group]Runner Image
2026-10-01T06:00:07.3337140Z Image: macos-26-arm64
2026-10-01T06:00:07.3337700Z Version: 20260907.0351.1
2026-10-01T06:00:07.3339310Z Included Software: https://github.com/actions/runner-images/blob/macos-26-arm64/20260907.0351/images/macos/macos-26-arm64-Readme.md
2026-10-01T06:00:07.3340400Z Image Release: https://github.com/actions/runner-images/releases/tag/macos-26-arm64%2F20260907.0351
2026-10-01T06:00:07.3341300Z ##[endgroup]
2026-10-01T06:00:07.3344100Z ##[group]GITHUB_TOKEN Permissions
2026-10-01T06:00:07.3346200Z Actions: write
2026-10-01T06:00:07.3346680Z ArtifactMetadata: write
2026-10-01T06:00:07.3347070Z Attestations: write
2026-10-01T06:00:07.3347450Z Checks: write
2026-10-01T06:00:07.3347850Z CodeQuality: write
2026-10-01T06:00:07.3349980Z Contents: write
2026-10-01T06:00:07.3351840Z CopilotRequests: write
2026-10-01T06:00:07.3354420Z Deployments: write
2026-10-01T06:00:07.3354980Z Discussions: write
2026-10-01T06:00:07.3355410Z Drives: write
2026-10-01T06:00:07.3356230Z Issues: write
2026-10-01T06:00:07.3356840Z Metadata: read
2026-10-01T06:00:07.3357470Z Models: read
2026-10-01T06:00:07.3358750Z Packages: write
2026-10-01T06:00:07.3359980Z Pages: write
2026-10-01T06:00:07.3361110Z PullRequests: write
2026-10-01T06:00:07.3362340Z RepositoryProjects: write
2026-10-01T06:00:07.3363500Z SecurityEvents: write
2026-10-01T06:00:07.3364740Z Statuses: write
2026-10-01T06:00:07.3367660Z VulnerabilityAlerts: read
2026-10-01T06:00:07.3368970Z ##[endgroup]
2026-10-01T06:00:07.3371220Z Secret source: Actions
2026-10-01T06:00:07.3375250Z Cache mode: write
2026-10-01T06:00:07.3376090Z Prepare workflow directory
2026-10-01T06:00:07.4019610Z Prepare all required actions
2026-10-01T06:00:07.4061410Z Getting action download info
2026-10-01T06:00:07.7461930Z Download action repository 'actions/checkout@v4' (SHA:11d5960a326750d5838078e36cf38b85af677262)
2026-10-01T06:00:08.1747450Z Download action repository 'actions/setup-dotnet@v4' (SHA:67a3573c9a986a3f9c594539f4ab511d57bb3ce9)
2026-10-01T06:00:08.6547080Z Download action repository 'actions/download-artifact@v4' (SHA:d3f86a106a0bac45b974a628896c90dbdf5c8093)
2026-10-01T06:00:09.1042350Z Download action repository 'actions/upload-artifact@v4' (SHA:ea165f8d65b6e75b540449e92b4886f43607fa02)
2026-10-01T06:00:09.3180740Z Uses: JKamsker/LiteDB/.github/workflows/_reusable-ci.yml@refs/pull/133/merge (5433b1c89c0870dc5d953bf1027e14b076b0a081)
2026-10-01T06:00:09.3183900Z ##[group] Inputs
2026-10-01T06:00:09.3184280Z   tier: full
2026-10-01T06:00:09.3186160Z   sdk-matrix: [
  { "display": ".NET 8", "runtimeMajor": 8,  "sdk": "8.0.x",           "framework": "net8.0", "includePrerelease": false, "msbuildProps": "" },
  { "display": ".NET 9", "runtimeMajor": 9,  "sdk": "9.0.x\n8.0.x",    "framework": "net8.0", "includePrerelease": true,  "msbuildProps": "" },
  { "display": ".NET 10", "runtimeMajor": 10, "sdk": "10.0.x",          "framework": "net10.0", "includePrerelease": false, "msbuildProps": "" }
]

2026-10-01T06:00:09.3188230Z ##[endgroup]
2026-10-01T06:00:09.3188670Z Complete job name: build-and-test / Test (macOS .NET 8)
2026-10-01T06:00:09.3716870Z ##[group]Run actions/checkout@v4
2026-10-01T06:00:09.3717470Z with:
2026-10-01T06:00:09.3717830Z   repository: JKamsker/LiteDB
2026-10-01T06:00:09.3720990Z   token: ***
2026-10-01T06:00:09.3721810Z   ssh-strict: true
2026-10-01T06:00:09.3722150Z   ssh-user: git
2026-10-01T06:00:09.3722510Z   persist-credentials: true
2026-10-01T06:00:09.3722900Z   clean: true
2026-10-01T06:00:09.3723270Z   sparse-checkout-cone-mode: true
2026-10-01T06:00:09.3723680Z   fetch-depth: 1
2026-10-01T06:00:09.3724020Z   fetch-tags: false
2026-10-01T06:00:09.3724380Z   show-progress: true
2026-10-01T06:00:09.3724730Z   lfs: false
2026-10-01T06:00:09.3725060Z   submodules: false
2026-10-01T06:00:09.3725420Z   set-safe-directory: true
2026-10-01T06:00:09.3725820Z   allow-unsafe-pr-checkout: false
2026-10-01T06:00:09.3726380Z env:
2026-10-01T06:00:09.3726990Z   LITEDB_RETAINED_FIXTURES: __CI_WORKSPACE__/LiteDB.Tests/TestResults/retained-fixtures
2026-10-01T06:00:09.3727700Z ##[endgroup]
2026-10-01T06:00:09.8470690Z Syncing repository: JKamsker/LiteDB
2026-10-01T06:00:09.8472890Z ##[group]Getting Git version info
2026-10-01T06:00:09.8473460Z Working directory is '__CI_HOME__/work/LiteDB/LiteDB'
2026-10-01T06:00:09.8474390Z [command]/opt/homebrew/bin/git version
2026-10-01T06:00:09.8976480Z git version 2.55.0
2026-10-01T06:00:09.8994010Z ##[endgroup]
2026-10-01T06:00:09.9002020Z Copying '__CI_HOME__/.gitconfig' to '__CI_HOME__/work/_temp/b3218cf0-a0cb-41df-a68c-1e7fbc250f92/.gitconfig'
2026-10-01T06:00:09.9008870Z Temporarily overriding HOME='__CI_HOME__/work/_temp/b3218cf0-a0cb-41df-a68c-1e7fbc250f92' before making global git config changes
2026-10-01T06:00:09.9010370Z Adding repository directory to the temporary git global config as a safe directory
2026-10-01T06:00:09.9017060Z [command]/opt/homebrew/bin/git config --global --add safe.directory __CI_WORKSPACE__
2026-10-01T06:00:09.9159770Z Deleting the contents of '__CI_HOME__/work/LiteDB/LiteDB'
2026-10-01T06:00:09.9161610Z ##[group]Initializing the repository
2026-10-01T06:00:09.9167690Z [command]/opt/homebrew/bin/git init __CI_WORKSPACE__
2026-10-01T06:00:09.9366290Z hint: Using 'master' as the name for the initial branch. This default branch name
2026-10-01T06:00:09.9367440Z hint: will change to "main" in Git 3.0. To configure the initial branch name
2026-10-01T06:00:09.9368540Z hint: to use in all of your new repositories, which will suppress this warning,
2026-10-01T06:00:09.9369250Z hint: call:
2026-10-01T06:00:09.9369700Z hint:
2026-10-01T06:00:09.9370130Z hint: 	git config --global init.defaultBranch <name>
2026-10-01T06:00:09.9370630Z hint:
2026-10-01T06:00:09.9371100Z hint: Names commonly chosen instead of 'master' are 'main', 'trunk' and
2026-10-01T06:00:09.9371840Z hint: 'development'. The just-created branch can be renamed via this command:
2026-10-01T06:00:09.9372460Z hint:
2026-10-01T06:00:09.9372810Z hint: 	git branch -m <name>
2026-10-01T06:00:09.9373340Z hint:
2026-10-01T06:00:09.9373880Z hint: Disable this message with "git config set advice.defaultBranchName false"
2026-10-01T06:00:09.9374840Z Initialized empty Git repository in __CI_WORKSPACE__/.git/
2026-10-01T06:00:09.9376410Z [command]/opt/homebrew/bin/git remote add origin https://github.com/JKamsker/LiteDB
2026-10-01T06:00:09.9491980Z ##[endgroup]
2026-10-01T06:00:09.9494180Z ##[group]Disabling automatic garbage collection
2026-10-01T06:00:09.9495930Z [command]/opt/homebrew/bin/git config --local gc.auto 0
2026-10-01T06:00:09.9583230Z ##[endgroup]
2026-10-01T06:00:09.9584030Z ##[group]Setting up auth
2026-10-01T06:00:09.9584730Z [command]/opt/homebrew/bin/git config --local --name-only --get-regexp core\.sshCommand
2026-10-01T06:00:09.9677220Z [command]/opt/homebrew/bin/git submodule foreach --recursive sh -c "git config --local --name-only --get-regexp 'core\.sshCommand' && git config --local --unset-all 'core.sshCommand' || :"
2026-10-01T06:00:10.1022520Z [command]/opt/homebrew/bin/git config --local --name-only --get-regexp http\.https\:\/\/github\.com\/\.extraheader
2026-10-01T06:00:10.1104670Z [command]/opt/homebrew/bin/git submodule foreach --recursive sh -c "git config --local --name-only --get-regexp 'http\.https\:\/\/github\.com\/\.extraheader' && git config --local --unset-all 'http.https://github.com/.extraheader' || :"
2026-10-01T06:00:10.2523580Z [command]/opt/homebrew/bin/git config --local --name-only --get-regexp ^includeIf\.gitdir:
2026-10-01T06:00:10.2830940Z [command]/opt/homebrew/bin/git submodule foreach --recursive git config --local --show-origin --name-only --get-regexp remote.origin.url
2026-10-01T06:00:10.4039460Z [command]/opt/homebrew/bin/git config --local http.https://github.com/.extraheader AUTHORIZATION: basic ***
2026-10-01T06:00:10.4219060Z ##[endgroup]
2026-10-01T06:00:10.4261430Z ##[group]Fetching the repository
2026-10-01T06:00:10.4263980Z [command]/opt/homebrew/bin/git -c protocol.version=2 fetch --no-tags --prune --no-recurse-submodules --depth=1 origin +5433b1c89c0870dc5d953bf1027e14b076b0a081:refs/remotes/pull/133/merge
2026-10-01T06:00:11.5285730Z From https://github.com/JKamsker/LiteDB
2026-10-01T06:00:11.5287490Z  * [new ref]         5433b1c89c0870dc5d953bf1027e14b076b0a081 -> pull/133/merge
2026-10-01T06:00:11.5298290Z ##[endgroup]
2026-10-01T06:00:11.5299340Z ##[group]Determining the checkout info
2026-10-01T06:00:11.5310880Z ##[endgroup]
2026-10-01T06:00:11.5334890Z [command]/opt/homebrew/bin/git sparse-checkout disable
2026-10-01T06:00:11.5430710Z [command]/opt/homebrew/bin/git config --local --unset-all extensions.worktreeConfig
2026-10-01T06:00:11.5527920Z ##[group]Checking out the ref
2026-10-01T06:00:11.5530160Z [command]/opt/homebrew/bin/git checkout --progress --force refs/remotes/pull/133/merge
2026-10-01T06:00:11.9018730Z HEAD is now at 5433b1c Merge dace941d125111f89a4e18ed2b008a251f7f0ccb into 5dd942a7367c361fadd600be4ce10aace2768b27
2026-10-01T06:00:11.9028530Z ##[endgroup]
2026-10-01T06:00:11.9140330Z [command]/opt/homebrew/bin/git log -1 --format=%H
2026-10-01T06:00:11.9217390Z 5433b1c89c0870dc5d953bf1027e14b076b0a081
2026-10-01T06:00:11.9690120Z ##[group]Run actions/setup-dotnet@v4
2026-10-01T06:00:11.9690410Z with:
2026-10-01T06:00:11.9690610Z   dotnet-version: 8.0.x
2026-10-01T06:00:11.9690820Z   cache: false
2026-10-01T06:00:11.9690980Z env:
2026-10-01T06:00:11.9691350Z   LITEDB_RETAINED_FIXTURES: __CI_WORKSPACE__/LiteDB.Tests/TestResults/retained-fixtures
2026-10-01T06:00:11.9691860Z ##[endgroup]
2026-10-01T06:00:12.1529140Z (node:1880) [DEP0040] DeprecationWarning: The `punycode` module is deprecated. Please use a userland alternative instead.
2026-10-01T06:00:12.1529960Z (Use `node --trace-deprecation ...` to show where the warning was created)
2026-10-01T06:00:12.1560580Z [command]__CI_HOME__/work/_actions/actions/setup-dotnet/v4/externals/install-dotnet.sh --skip-non-versioned-files --runtime dotnet --channel LTS
2026-10-01T06:00:13.1237490Z dotnet-install: Attempting to download using aka.ms link https://builds.dotnet.microsoft.com/dotnet/Runtime/10.0.12/dotnet-runtime-10.0.12-osx-arm64.tar.gz
2026-10-01T06:00:14.2327220Z dotnet-install: Remote file https://builds.dotnet.microsoft.com/dotnet/Runtime/10.0.12/dotnet-runtime-10.0.12-osx-arm64.tar.gz size is 33249724 bytes.
2026-10-01T06:00:14.2329900Z dotnet-install: Extracting archive from https://builds.dotnet.microsoft.com/dotnet/Runtime/10.0.12/dotnet-runtime-10.0.12-osx-arm64.tar.gz
2026-10-01T06:00:14.8134020Z dotnet-install: Downloaded file size is 33249724 bytes.
2026-10-01T06:00:14.8135330Z dotnet-install: The remote and local file sizes are equal.
2026-10-01T06:00:14.8451660Z dotnet-install: Installed version is 10.0.12
2026-10-01T06:00:14.8557360Z dotnet-install: Adding to current process PATH: `__CI_HOME__/.dotnet`. Note: This change will be visible only when sourcing script.
2026-10-01T06:00:14.8559280Z dotnet-install: Note that the script does not resolve dependencies during installation.
2026-10-01T06:00:14.8560370Z dotnet-install: To check the list of dependencies, go to https://learn.microsoft.com/dotnet/core/install, select your operating system and check the "Dependencies" section.
2026-10-01T06:00:14.8561240Z dotnet-install: Installation finished successfully.
2026-10-01T06:00:14.8574050Z [command]__CI_HOME__/work/_actions/actions/setup-dotnet/v4/externals/install-dotnet.sh --skip-non-versioned-files --channel 8.0
2026-10-01T06:00:15.5227920Z dotnet-install: Attempting to download using aka.ms link https://builds.dotnet.microsoft.com/dotnet/Sdk/8.0.425/dotnet-sdk-8.0.425-osx-arm64.tar.gz
2026-10-01T06:00:19.2014820Z dotnet-install: Remote file https://builds.dotnet.microsoft.com/dotnet/Sdk/8.0.425/dotnet-sdk-8.0.425-osx-arm64.tar.gz size is 209896438 bytes.
2026-10-01T06:00:19.2117490Z dotnet-install: Extracting archive from https://builds.dotnet.microsoft.com/dotnet/Sdk/8.0.425/dotnet-sdk-8.0.425-osx-arm64.tar.gz
2026-10-01T06:00:23.9449930Z dotnet-install: Downloaded file size is 209896438 bytes.
2026-10-01T06:00:23.9450570Z dotnet-install: The remote and local file sizes are equal.
2026-10-01T06:00:24.2580970Z dotnet-install: Installed version is 8.0.425
2026-10-01T06:00:24.2671390Z dotnet-install: Adding to current process PATH: `__CI_HOME__/.dotnet`. Note: This change will be visible only when sourcing script.
2026-10-01T06:00:24.2672430Z dotnet-install: Note that the script does not resolve dependencies during installation.
2026-10-01T06:00:24.2673890Z dotnet-install: To check the list of dependencies, go to https://learn.microsoft.com/dotnet/core/install, select your operating system and check the "Dependencies" section.
2026-10-01T06:00:24.2674980Z dotnet-install: Installation finished successfully.
2026-10-01T06:00:24.2933300Z ##[group]Run actions/download-artifact@v4
2026-10-01T06:00:24.2933610Z with:
2026-10-01T06:00:24.2933760Z   name: tests-build-macos
2026-10-01T06:00:24.2934100Z   merge-multiple: false
2026-10-01T06:00:24.2934440Z   repository: JKamsker/LiteDB
2026-10-01T06:00:24.2934660Z   run-id: 36821386840
2026-10-01T06:00:24.2934930Z env:
2026-10-01T06:00:24.2935300Z   LITEDB_RETAINED_FIXTURES: __CI_WORKSPACE__/LiteDB.Tests/TestResults/retained-fixtures
2026-10-01T06:00:24.2935700Z   DOTNET_ROOT: __CI_HOME__/.dotnet
2026-10-01T06:00:24.2935960Z ##[endgroup]
2026-10-01T06:00:24.4708350Z Downloading single artifact
2026-10-01T06:00:24.4937490Z (node:2450) [DEP0040] DeprecationWarning: The `punycode` module is deprecated. Please use a userland alternative instead.
2026-10-01T06:00:24.4938180Z (Use `node --trace-deprecation ...` to show where the warning was created)
2026-10-01T06:00:24.6592700Z Preparing to download the following artifacts:
2026-10-01T06:00:24.6593760Z - tests-build-macos (ID: 11143548131, Size: 40700642, Expected Digest: sha256:0eb8546e74a36aa2bf08f4935c354c2a4e44dd146678f8004a4a9f4a250d0ce2)
2026-10-01T06:00:24.8630470Z Redirecting to blob download url: https://productionresultssa12.blob.core.windows.net/actions-results/b6b8a17f-886e-8072-9ab8-c3b3627e61b0/workflow-job-run-0e31971b-e5bd-587d-947a-7a6e66c6713c/artifacts/f68b60ee3eee88148c2c3f9e4be4f9d5f88c82dec9e8d90448f02dff55e0715f.zip
2026-10-01T06:00:24.8631860Z Starting download of artifact to: __CI_WORKSPACE__
2026-10-01T06:00:25.0880890Z (node:2450) [DEP0005] DeprecationWarning: Buffer() is deprecated due to security and usability issues. Please use the Buffer.alloc(), Buffer.allocUnsafe(), or Buffer.from() methods instead.
2026-10-01T06:00:27.3862630Z SHA256 digest of downloaded artifact is 0eb8546e74a36aa2bf08f4935c354c2a4e44dd146678f8004a4a9f4a250d0ce2
2026-10-01T06:00:27.3866830Z Artifact download completed successfully.
2026-10-01T06:00:27.3870600Z Total of 1 artifact(s) downloaded
2026-10-01T06:00:27.3938080Z Download artifact has finished successfully
2026-10-01T06:00:27.4510270Z ##[group]Run tar -xzf tests-build-macos.tar.gz
2026-10-01T06:00:27.4510630Z [36;1mtar -xzf tests-build-macos.tar.gz[0m
2026-10-01T06:00:27.4792430Z shell: /bin/bash -e {0}
2026-10-01T06:00:27.4793260Z env:
2026-10-01T06:00:27.4794610Z   LITEDB_RETAINED_FIXTURES: __CI_WORKSPACE__/LiteDB.Tests/TestResults/retained-fixtures
2026-10-01T06:00:27.4800750Z   DOTNET_ROOT: __CI_HOME__/.dotnet
2026-10-01T06:00:27.4801150Z ##[endgroup]
2026-10-01T06:00:28.2442050Z ##[group]Run ./scripts/run-ci-tests.ps1 -RuntimeMajor 8 -Framework "net8.0" -PartitionSuite
2026-10-01T06:00:28.2451710Z [36;1m./scripts/run-ci-tests.ps1 -RuntimeMajor 8 -Framework "net8.0" -PartitionSuite[0m
2026-10-01T06:00:28.2511490Z shell: /usr/local/bin/pwsh -command ". '{0}'"
2026-10-01T06:00:28.2512390Z env:
2026-10-01T06:00:28.2513330Z   LITEDB_RETAINED_FIXTURES: __CI_WORKSPACE__/LiteDB.Tests/TestResults/retained-fixtures
2026-10-01T06:00:28.2514500Z   DOTNET_ROOT: __CI_HOME__/.dotnet
2026-10-01T06:00:28.2516000Z   LITEDB_EVIDENCE_MATRIX: {
  "item": {
    "display": ".NET 8",
    "runtimeMajor": 8,
    "sdk": "8.0.x",
    "framework": "net8.0",
    "includePrerelease": false,
    "msbuildProps": ""
  }
}
2026-10-01T06:00:28.2535080Z ##[endgroup]
2026-10-01T06:00:30.4484040Z dotnet-install: Attempting to download using aka.ms link https://builds.dotnet.microsoft.com/dotnet/Runtime/8.0.31/dotnet-runtime-8.0.31-osx-arm64.tar.gz
2026-10-01T06:00:31.6124290Z dotnet-install: Remote file https://builds.dotnet.microsoft.com/dotnet/Runtime/8.0.31/dotnet-runtime-8.0.31-osx-arm64.tar.gz size is 29086664 bytes.
2026-10-01T06:00:31.6126780Z dotnet-install: Extracting archive from https://builds.dotnet.microsoft.com/dotnet/Runtime/8.0.31/dotnet-runtime-8.0.31-osx-arm64.tar.gz
2026-10-01T06:00:34.3975690Z dotnet-install: Downloaded file size is 29086664 bytes.
2026-10-01T06:00:34.3976770Z dotnet-install: The remote and local file sizes are equal.
2026-10-01T06:00:34.4512780Z dotnet-install: Installed version is 8.0.31
2026-10-01T06:00:34.4655040Z dotnet-install: Binaries of dotnet can be found in __CI_HOME__/work/_temp/litedb-runtime-8-arm64
2026-10-01T06:00:34.4656730Z dotnet-install: Note that the script does not resolve dependencies during installation.
2026-10-01T06:00:34.4658020Z dotnet-install: To check the list of dependencies, go to https://learn.microsoft.com/dotnet/core/install, select your operating system and check the "Dependencies" section.
2026-10-01T06:00:34.4658950Z dotnet-install: Installation finished successfully.
2026-10-01T06:00:34.8005450Z 
2026-10-01T06:00:34.8022540Z Host:
2026-10-01T06:00:34.8023180Z   Version:      8.0.31
2026-10-01T06:00:34.8023610Z   Architecture: arm64
2026-10-01T06:00:34.8025030Z   Commit:       1219a42122
2026-10-01T06:00:34.8266810Z   RID:          osx-arm64
2026-10-01T06:00:34.8371650Z 
2026-10-01T06:00:34.8493330Z .NET SDKs installed:
2026-10-01T06:00:34.8599980Z   No SDKs were found.
2026-10-01T06:00:34.8661070Z 
2026-10-01T06:00:34.8696120Z .NET runtimes installed:
2026-10-01T06:00:34.8698560Z   Microsoft.NETCore.App 8.0.31 [__CI_HOME__/work/_temp/litedb-runtime-8-arm64/shared/Microsoft.NETCore.App]
2026-10-01T06:00:34.8735770Z 
2026-10-01T06:00:34.8736930Z Other architectures found:
2026-10-01T06:00:34.8738280Z   None
2026-10-01T06:00:34.8739150Z 
2026-10-01T06:00:34.8739690Z Environment variables:
2026-10-01T06:00:34.8740690Z   DOTNET_ROOT       [__CI_HOME__/.dotnet]
2026-10-01T06:00:34.8741790Z 
2026-10-01T06:00:34.8742360Z global.json file:
2026-10-01T06:00:34.8746340Z   Not found
2026-10-01T06:00:34.8747310Z 
2026-10-01T06:00:34.8747930Z Learn more:
2026-10-01T06:00:34.8749080Z   https://aka.ms/dotnet/info
2026-10-01T06:00:34.8750140Z 
2026-10-01T06:00:34.8750950Z Download .NET:
2026-10-01T06:00:34.8751950Z   https://aka.ms/dotnet/download
2026-10-01T06:00:34.9364670Z 
2026-10-01T06:00:34.9365540Z Host:
2026-10-01T06:00:34.9366470Z   Version:      8.0.31
2026-10-01T06:00:34.9368130Z   Architecture: arm64
2026-10-01T06:00:34.9369020Z   Commit:       1219a42122
2026-10-01T06:00:34.9370010Z   RID:          osx-arm64
2026-10-01T06:00:34.9370720Z 
2026-10-01T06:00:34.9371270Z .NET SDKs installed:
2026-10-01T06:00:34.9371960Z   No SDKs were found.
2026-10-01T06:00:34.9372700Z 
2026-10-01T06:00:34.9373300Z .NET runtimes installed:
2026-10-01T06:00:34.9374920Z   Microsoft.NETCore.App 8.0.31 [__CI_HOME__/work/_temp/litedb-runtime-8-arm64/shared/Microsoft.NETCore.App]
2026-10-01T06:00:34.9376200Z 
2026-10-01T06:00:34.9379540Z Other architectures found:
2026-10-01T06:00:34.9381870Z   None
2026-10-01T06:00:34.9382430Z 
2026-10-01T06:00:34.9383040Z Environment variables:
2026-10-01T06:00:34.9383930Z   DOTNET_ROOT       [__CI_HOME__/.dotnet]
2026-10-01T06:00:34.9413830Z 
2026-10-01T06:00:34.9414800Z global.json file:
2026-10-01T06:00:34.9415700Z   Not found
2026-10-01T06:00:34.9416290Z 
2026-10-01T06:00:34.9416760Z Learn more:
2026-10-01T06:00:34.9417680Z   https://aka.ms/dotnet/info
2026-10-01T06:00:34.9418370Z 
2026-10-01T06:00:34.9418700Z Download .NET:
2026-10-01T06:00:34.9419650Z   https://aka.ms/dotnet/download
2026-10-01T06:00:44.9384320Z Partition coverage: 2585 test methods, 0 not in exactly one partition.
2026-10-01T06:00:45.1424640Z Running complete-suite partition: issues
2026-10-01T06:00:45.1781250Z 
2026-10-01T06:00:45.1781750Z Host:
2026-10-01T06:00:45.1782440Z   Version:      8.0.31
2026-10-01T06:00:45.1782730Z   Architecture: arm64
2026-10-01T06:00:45.1783160Z   Commit:       1219a42122
2026-10-01T06:00:45.1783500Z   RID:          osx-arm64
2026-10-01T06:00:45.1784010Z 
2026-10-01T06:00:45.1784190Z .NET SDKs installed:
2026-10-01T06:00:45.1784410Z   No SDKs were found.
2026-10-01T06:00:45.1784600Z 
2026-10-01T06:00:45.1784770Z .NET runtimes installed:
2026-10-01T06:00:45.1785280Z   Microsoft.NETCore.App 8.0.31 [__CI_HOME__/work/_temp/litedb-runtime-8-arm64/shared/Microsoft.NETCore.App]
2026-10-01T06:00:45.1785670Z 
2026-10-01T06:00:45.1785820Z Other architectures found:
2026-10-01T06:00:45.1786120Z   None
2026-10-01T06:00:45.1786240Z 
2026-10-01T06:00:45.1786320Z Environment variables:
2026-10-01T06:00:45.1786690Z   DOTNET_ROOT       [__CI_HOME__/.dotnet]
2026-10-01T06:00:45.1786950Z 
2026-10-01T06:00:45.1787090Z global.json file:
2026-10-01T06:00:45.1787290Z   Not found
2026-10-01T06:00:45.1787440Z 
2026-10-01T06:00:45.1787550Z Learn more:
2026-10-01T06:00:45.1787820Z   https://aka.ms/dotnet/info
2026-10-01T06:00:45.1787950Z 
2026-10-01T06:00:45.1788110Z Download .NET:
2026-10-01T06:00:45.1788390Z   https://aka.ms/dotnet/download
2026-10-01T06:00:45.4226400Z VSTest version 18.7.0 (arm64)
2026-10-01T06:00:45.4327460Z 
2026-10-01T06:00:45.5075950Z Starting test execution, please wait...
2026-10-01T06:00:45.5341750Z A total of 1 test files matched the specified pattern.
2026-10-01T06:01:20.1059610Z [xUnit.net 00:00:34.20]     LiteDB.Tests.Issues.Issue2127_Tests+ReproTests.InsertItemBackToBack_Test [SKIP]
2026-10-01T06:01:20.6428130Z   Skipped LiteDB.Tests.Issues.Issue2127_Tests+ReproTests.InsertItemBackToBack_Test [1 ms]
2026-10-01T06:01:36.9282090Z Results File: __CI_WORKSPACE__/LiteDB.Tests/TestResults/TestResults-issues.trx
2026-10-01T06:01:36.9284590Z 
2026-10-01T06:01:36.9370420Z Passed!  - Failed:     0, Passed:  1571, Skipped:     1, Total:  1572, Duration: 49 s - LiteDB.Tests.dll (net8.0)
2026-10-01T06:01:37.1673170Z Running complete-suite partition: rebuild
2026-10-01T06:01:37.2788100Z 
2026-10-01T06:01:37.2788640Z Host:
2026-10-01T06:01:37.2789230Z   Version:      8.0.31
2026-10-01T06:01:37.2789770Z   Architecture: arm64
2026-10-01T06:01:37.2790910Z   Commit:       1219a42122
2026-10-01T06:01:37.2791360Z   RID:          osx-arm64
2026-10-01T06:01:37.2792010Z 
2026-10-01T06:01:37.2792980Z .NET SDKs installed:
2026-10-01T06:01:37.2793840Z   No SDKs were found.
2026-10-01T06:01:37.2794520Z 
2026-10-01T06:01:37.2795090Z .NET runtimes installed:
2026-10-01T06:01:37.2796840Z   Microsoft.NETCore.App 8.0.31 [__CI_HOME__/work/_temp/litedb-runtime-8-arm64/shared/Microsoft.NETCore.App]
2026-10-01T06:01:37.2798210Z 
2026-10-01T06:01:37.2798880Z Other architectures found:
2026-10-01T06:01:37.2799980Z   None
2026-10-01T06:01:37.2800480Z 
2026-10-01T06:01:37.2801450Z Environment variables:
2026-10-01T06:01:37.2802750Z   DOTNET_ROOT       [__CI_HOME__/.dotnet]
2026-10-01T06:01:37.2803720Z 
2026-10-01T06:01:37.2804380Z global.json file:
2026-10-01T06:01:37.2805280Z   Not found
2026-10-01T06:01:37.2805940Z 
2026-10-01T06:01:37.2806560Z Learn more:
2026-10-01T06:01:37.2807500Z   https://aka.ms/dotnet/info
2026-10-01T06:01:37.2831650Z 
2026-10-01T06:01:37.2839190Z Download .NET:
2026-10-01T06:01:37.2839950Z   https://aka.ms/dotnet/download
2026-10-01T06:01:37.6483830Z VSTest version 18.7.0 (arm64)
2026-10-01T06:01:37.6489880Z 
2026-10-01T06:01:37.7304240Z Starting test execution, please wait...
2026-10-01T06:01:37.7529640Z A total of 1 test files matched the specified pattern.
2026-10-01T06:01:40.4000620Z [xUnit.net 00:00:02.19]     LiteDB.Tests.Engine.Rebuild_Tests.Rebuild_Change_Culture_Error [SKIP]
2026-10-01T06:01:41.2380100Z   Skipped LiteDB.Tests.Engine.Rebuild_Tests.Rebuild_Change_Culture_Error [1 ms]
2026-10-01T06:01:50.5096010Z Results File: __CI_WORKSPACE__/LiteDB.Tests/TestResults/TestResults-rebuild.trx
2026-10-01T06:01:50.5100540Z 
2026-10-01T06:01:50.5146380Z Passed!  - Failed:     0, Passed:    87, Skipped:     1, Total:    88, Duration: 11 s - LiteDB.Tests.dll (net8.0)
2026-10-01T06:01:50.5729100Z Running complete-suite partition: engine-compact
2026-10-01T06:01:50.6581180Z 
2026-10-01T06:01:50.6582760Z Host:
2026-10-01T06:01:50.6583420Z   Version:      8.0.31
2026-10-01T06:01:50.6583760Z   Architecture: arm64
2026-10-01T06:01:50.6584110Z   Commit:       1219a42122
2026-10-01T06:01:50.6584470Z   RID:          osx-arm64
2026-10-01T06:01:50.6584690Z 
2026-10-01T06:01:50.6584830Z .NET SDKs installed:
2026-10-01T06:01:50.6585170Z   No SDKs were found.
2026-10-01T06:01:50.6585390Z 
2026-10-01T06:01:50.6585580Z .NET runtimes installed:
2026-10-01T06:01:50.6586150Z   Microsoft.NETCore.App 8.0.31 [__CI_HOME__/work/_temp/litedb-runtime-8-arm64/shared/Microsoft.NETCore.App]
2026-10-01T06:01:50.6586640Z 
2026-10-01T06:01:50.6586880Z Other architectures found:
2026-10-01T06:01:50.6587340Z   None
2026-10-01T06:01:50.6587470Z 
2026-10-01T06:01:50.6587660Z Environment variables:
2026-10-01T06:01:50.6588020Z   DOTNET_ROOT       [__CI_HOME__/.dotnet]
2026-10-01T06:01:50.6588320Z 
2026-10-01T06:01:50.6588490Z global.json file:
2026-10-01T06:01:50.6588750Z   Not found
2026-10-01T06:01:50.6588920Z 
2026-10-01T06:01:50.6589070Z Learn more:
2026-10-01T06:01:50.6589370Z   https://aka.ms/dotnet/info
2026-10-01T06:01:50.6589550Z 
2026-10-01T06:01:50.6589690Z Download .NET:
2026-10-01T06:01:50.6589980Z   https://aka.ms/dotnet/download
2026-10-01T06:01:50.9709990Z VSTest version 18.7.0 (arm64)
2026-10-01T06:01:50.9717910Z 
2026-10-01T06:01:51.0647770Z Starting test execution, please wait...
2026-10-01T06:01:51.1070780Z A total of 1 test files matched the specified pattern.
2026-10-01T06:02:35.1705760Z Results File: __CI_WORKSPACE__/LiteDB.Tests/TestResults/TestResults-engine-compact.trx
2026-10-01T06:02:35.1707100Z 
2026-10-01T06:02:35.1718790Z Passed!  - Failed:     0, Passed:   296, Skipped:     0, Total:   296, Duration: 42 s - LiteDB.Tests.dll (net8.0)
2026-10-01T06:02:35.2412400Z Running complete-suite partition: engine-index
2026-10-01T06:02:35.3791700Z 
2026-10-01T06:02:35.3893110Z Host:
2026-10-01T06:02:35.3945580Z   Version:      8.0.31
2026-10-01T06:02:35.3945930Z   Architecture: arm64
2026-10-01T06:02:35.3946520Z   Commit:       1219a42122
2026-10-01T06:02:35.3947020Z   RID:          osx-arm64
2026-10-01T06:02:35.3947240Z 
2026-10-01T06:02:35.3947370Z .NET SDKs installed:
2026-10-01T06:02:35.3947820Z   No SDKs were found.
2026-10-01T06:02:35.3948040Z 
2026-10-01T06:02:35.3948240Z .NET runtimes installed:
2026-10-01T06:02:35.3948760Z   Microsoft.NETCore.App 8.0.31 [__CI_HOME__/work/_temp/litedb-runtime-8-arm64/shared/Microsoft.NETCore.App]
2026-10-01T06:02:35.3949210Z 
2026-10-01T06:02:35.3949360Z Other architectures found:
2026-10-01T06:02:35.3949630Z   None
2026-10-01T06:02:35.3949800Z 
2026-10-01T06:02:35.3949980Z Environment variables:
2026-10-01T06:02:35.3950360Z   DOTNET_ROOT       [__CI_HOME__/.dotnet]
2026-10-01T06:02:35.3950590Z 
2026-10-01T06:02:35.3950660Z global.json file:
2026-10-01T06:02:35.3950970Z   Not found
2026-10-01T06:02:35.3951130Z 
2026-10-01T06:02:35.3951270Z Learn more:
2026-10-01T06:02:35.3951580Z   https://aka.ms/dotnet/info
2026-10-01T06:02:35.3951830Z 
2026-10-01T06:02:35.3969600Z Download .NET:
2026-10-01T06:02:35.3973020Z   https://aka.ms/dotnet/download
2026-10-01T06:02:35.7175570Z VSTest version 18.7.0 (arm64)
2026-10-01T06:02:35.7177570Z 
2026-10-01T06:02:35.7890880Z Starting test execution, please wait...
2026-10-01T06:02:35.8168690Z A total of 1 test files matched the specified pattern.
2026-10-01T06:03:05.7553400Z Results File: __CI_WORKSPACE__/LiteDB.Tests/TestResults/TestResults-engine-index.trx
2026-10-01T06:03:05.7554340Z 
2026-10-01T06:03:05.7574110Z Passed!  - Failed:     0, Passed:    63, Skipped:     0, Total:    63, Duration: 28 s - LiteDB.Tests.dll (net8.0)
2026-10-01T06:03:05.8052240Z Running complete-suite partition: engine-admission
2026-10-01T06:03:05.8973220Z 
2026-10-01T06:03:05.8974320Z Host:
2026-10-01T06:03:05.8974630Z   Version:      8.0.31
2026-10-01T06:03:05.8974990Z   Architecture: arm64
2026-10-01T06:03:05.8975380Z   Commit:       1219a42122
2026-10-01T06:03:05.8975660Z   RID:          osx-arm64
2026-10-01T06:03:05.8976300Z 
2026-10-01T06:03:05.8976520Z .NET SDKs installed:
2026-10-01T06:03:05.8977110Z   No SDKs were found.
2026-10-01T06:03:05.8977730Z 
2026-10-01T06:03:05.8978770Z .NET runtimes installed:
2026-10-01T06:03:05.8980510Z   Microsoft.NETCore.App 8.0.31 [__CI_HOME__/work/_temp/litedb-runtime-8-arm64/shared/Microsoft.NETCore.App]
2026-10-01T06:03:05.8981590Z 
2026-10-01T06:03:05.8981980Z Other architectures found:
2026-10-01T06:03:05.8982640Z   None
2026-10-01T06:03:05.8983050Z 
2026-10-01T06:03:05.8983460Z Environment variables:
2026-10-01T06:03:05.8984180Z   DOTNET_ROOT       [__CI_HOME__/.dotnet]
2026-10-01T06:03:05.8984780Z 
2026-10-01T06:03:05.8985140Z global.json file:
2026-10-01T06:03:05.8985860Z   Not found
2026-10-01T06:03:05.8986090Z 
2026-10-01T06:03:05.8986350Z Learn more:
2026-10-01T06:03:05.8986990Z   https://aka.ms/dotnet/info
2026-10-01T06:03:05.8987530Z 
2026-10-01T06:03:05.8987780Z Download .NET:
2026-10-01T06:03:05.8988320Z   https://aka.ms/dotnet/download
2026-10-01T06:03:06.1479610Z VSTest version 18.7.0 (arm64)
2026-10-01T06:03:06.1484750Z 
2026-10-01T06:03:06.2040300Z Starting test execution, please wait...
2026-10-01T06:03:06.2210570Z A total of 1 test files matched the specified pattern.
2026-10-01T06:03:27.8236040Z Results File: __CI_WORKSPACE__/LiteDB.Tests/TestResults/TestResults-engine-admission.trx
2026-10-01T06:03:27.8239640Z 
2026-10-01T06:03:27.8272070Z Passed!  - Failed:     0, Passed:   126, Skipped:     0, Total:   126, Duration: 20 s - LiteDB.Tests.dll (net8.0)
2026-10-01T06:03:27.8850080Z Running complete-suite partition: engine-shared
2026-10-01T06:03:28.0565360Z 
2026-10-01T06:03:28.0725720Z Host:
2026-10-01T06:03:28.0828940Z   Version:      8.0.31
2026-10-01T06:03:28.0933700Z   Architecture: arm64
2026-10-01T06:03:28.1035460Z   Commit:       1219a42122
2026-10-01T06:03:28.1320080Z   RID:          osx-arm64
2026-10-01T06:03:28.1405880Z 
2026-10-01T06:03:28.1411810Z .NET SDKs installed:
2026-10-01T06:03:28.1518480Z   No SDKs were found.
2026-10-01T06:03:28.1518800Z 
2026-10-01T06:03:28.1519040Z .NET runtimes installed:
2026-10-01T06:03:28.1519700Z   Microsoft.NETCore.App 8.0.31 [__CI_HOME__/work/_temp/litedb-runtime-8-arm64/shared/Microsoft.NETCore.App]
2026-10-01T06:03:28.1520110Z 
2026-10-01T06:03:28.1520370Z Other architectures found:
2026-10-01T06:03:28.1520880Z   None
2026-10-01T06:03:28.1521090Z 
2026-10-01T06:03:28.1521280Z Environment variables:
2026-10-01T06:03:28.1522140Z   DOTNET_ROOT       [__CI_HOME__/.dotnet]
2026-10-01T06:03:28.1522350Z 
2026-10-01T06:03:28.1522420Z global.json file:
2026-10-01T06:03:28.1522700Z   Not found
2026-10-01T06:03:28.1522860Z 
2026-10-01T06:03:28.1524430Z Learn more:
2026-10-01T06:03:28.1526300Z   https://aka.ms/dotnet/info
2026-10-01T06:03:28.1526910Z 
2026-10-01T06:03:28.1527190Z Download .NET:
2026-10-01T06:03:28.1529880Z   https://aka.ms/dotnet/download
2026-10-01T06:03:28.3748880Z VSTest version 18.7.0 (arm64)
2026-10-01T06:03:28.3751740Z 
2026-10-01T06:03:28.4438140Z Starting test execution, please wait...
2026-10-01T06:03:28.4814170Z A total of 1 test files matched the specified pattern.
2026-10-01T06:04:28.8996780Z Results File: __CI_WORKSPACE__/LiteDB.Tests/TestResults/TestResults-engine-shared.trx
2026-10-01T06:04:28.8998470Z 
2026-10-01T06:04:28.9026180Z Passed!  - Failed:     0, Passed:   473, Skipped:     0, Total:   473, Duration: 59 s - LiteDB.Tests.dll (net8.0)
2026-10-01T06:04:29.0124560Z Running complete-suite partition: engine
2026-10-01T06:04:29.0927150Z 
2026-10-01T06:04:29.0927530Z Host:
2026-10-01T06:04:29.0927970Z   Version:      8.0.31
2026-10-01T06:04:29.0928240Z   Architecture: arm64
2026-10-01T06:04:29.0928590Z   Commit:       1219a42122
2026-10-01T06:04:29.0929050Z   RID:          osx-arm64
2026-10-01T06:04:29.0929210Z 
2026-10-01T06:04:29.0929400Z .NET SDKs installed:
2026-10-01T06:04:29.0929810Z   No SDKs were found.
2026-10-01T06:04:29.0930030Z 
2026-10-01T06:04:29.0930220Z .NET runtimes installed:
2026-10-01T06:04:29.0931030Z   Microsoft.NETCore.App 8.0.31 [__CI_HOME__/work/_temp/litedb-runtime-8-arm64/shared/Microsoft.NETCore.App]
2026-10-01T06:04:29.0931610Z 
2026-10-01T06:04:29.0931810Z Other architectures found:
2026-10-01T06:04:29.0932080Z   None
2026-10-01T06:04:29.0932320Z 
2026-10-01T06:04:29.0932400Z Environment variables:
2026-10-01T06:04:29.0932780Z   DOTNET_ROOT       [__CI_HOME__/.dotnet]
2026-10-01T06:04:29.0933020Z 
2026-10-01T06:04:29.0933140Z global.json file:
2026-10-01T06:04:29.0933510Z   Not found
2026-10-01T06:04:29.0933710Z 
2026-10-01T06:04:29.0933820Z Learn more:
2026-10-01T06:04:29.0934170Z   https://aka.ms/dotnet/info
2026-10-01T06:04:29.0934420Z 
2026-10-01T06:04:29.0934550Z Download .NET:
2026-10-01T06:04:29.0934810Z   https://aka.ms/dotnet/download
2026-10-01T06:04:29.3907290Z VSTest version 18.7.0 (arm64)
2026-10-01T06:04:29.3911410Z 
2026-10-01T06:04:29.4966280Z Starting test execution, please wait...
2026-10-01T06:04:29.5254960Z A total of 1 test files matched the specified pattern.
2026-10-01T06:05:28.8090650Z [xUnit.net 00:00:58.96]     LiteDB.Tests.Engine.Collation_Tests.Create_Database_Using_Current_Culture [SKIP]
2026-10-01T06:05:28.8129470Z   Skipped LiteDB.Tests.Engine.Collation_Tests.Create_Database_Using_Current_Culture [1 ms]
2026-10-01T06:06:26.0807270Z Results File: __CI_WORKSPACE__/LiteDB.Tests/TestResults/TestResults-engine.trx
2026-10-01T06:06:26.0811710Z 
2026-10-01T06:06:26.0858600Z Passed!  - Failed:     0, Passed:   641, Skipped:     1, Total:   642, Duration: 1 m 55 s - LiteDB.Tests.dll (net8.0)
2026-10-01T06:06:26.2591890Z Running complete-suite partition: query-not-equal
2026-10-01T06:06:26.4440090Z 
2026-10-01T06:06:26.4440710Z Host:
2026-10-01T06:06:26.4441370Z   Version:      8.0.31
2026-10-01T06:06:26.4441930Z   Architecture: arm64
2026-10-01T06:06:26.4442580Z   Commit:       1219a42122
2026-10-01T06:06:26.4443270Z   RID:          osx-arm64
2026-10-01T06:06:26.4443560Z 
2026-10-01T06:06:26.4443880Z .NET SDKs installed:
2026-10-01T06:06:26.4444460Z   No SDKs were found.
2026-10-01T06:06:26.4444820Z 
2026-10-01T06:06:26.4445170Z .NET runtimes installed:
2026-10-01T06:06:26.4446420Z   Microsoft.NETCore.App 8.0.31 [__CI_HOME__/work/_temp/litedb-runtime-8-arm64/shared/Microsoft.NETCore.App]
2026-10-01T06:06:26.4447420Z 
2026-10-01T06:06:26.4447750Z Other architectures found:
2026-10-01T06:06:26.4448300Z   None
2026-10-01T06:06:26.4448610Z 
2026-10-01T06:06:26.4450030Z Environment variables:
2026-10-01T06:06:26.4450550Z   DOTNET_ROOT       [__CI_HOME__/.dotnet]
2026-10-01T06:06:26.4450780Z 
2026-10-01T06:06:26.4450840Z global.json file:
2026-10-01T06:06:26.4451100Z   Not found
2026-10-01T06:06:26.4451250Z 
2026-10-01T06:06:26.4451360Z Learn more:
2026-10-01T06:06:26.4451570Z   https://aka.ms/dotnet/info
2026-10-01T06:06:26.4451780Z 
2026-10-01T06:06:26.4451890Z Download .NET:
2026-10-01T06:06:26.4452120Z   https://aka.ms/dotnet/download
2026-10-01T06:06:26.8567080Z VSTest version 18.7.0 (arm64)
2026-10-01T06:06:26.8578800Z 
2026-10-01T06:06:26.9974970Z Starting test execution, please wait...
2026-10-01T06:06:27.0336600Z A total of 1 test files matched the specified pattern.
2026-10-01T06:06:44.8111630Z Results File: __CI_WORKSPACE__/LiteDB.Tests/TestResults/TestResults-query-not-equal.trx
2026-10-01T06:06:44.8113090Z 
2026-10-01T06:06:44.8137910Z Passed!  - Failed:     0, Passed:    14, Skipped:     0, Total:    14, Duration: 16 s - LiteDB.Tests.dll (net8.0)
2026-10-01T06:06:44.8602900Z Running complete-suite partition: query
2026-10-01T06:06:44.9979150Z 
2026-10-01T06:06:44.9980040Z Host:
2026-10-01T06:06:44.9981020Z   Version:      8.0.31
2026-10-01T06:06:44.9982810Z   Architecture: arm64
2026-10-01T06:06:44.9983620Z   Commit:       1219a42122
2026-10-01T06:06:44.9985350Z   RID:          osx-arm64
2026-10-01T06:06:44.9985750Z 
2026-10-01T06:06:44.9986090Z .NET SDKs installed:
2026-10-01T06:06:44.9986480Z   No SDKs were found.
2026-10-01T06:06:44.9986860Z 
2026-10-01T06:06:44.9987360Z .NET runtimes installed:
2026-10-01T06:06:44.9988460Z   Microsoft.NETCore.App 8.0.31 [__CI_HOME__/work/_temp/litedb-runtime-8-arm64/shared/Microsoft.NETCore.App]
2026-10-01T06:06:44.9991750Z 
2026-10-01T06:06:44.9992870Z Other architectures found:
2026-10-01T06:06:44.9993640Z   None
2026-10-01T06:06:44.9994240Z 
2026-10-01T06:06:44.9995890Z Environment variables:
2026-10-01T06:06:44.9997950Z   DOTNET_ROOT       [__CI_HOME__/.dotnet]
2026-10-01T06:06:44.9998900Z 
2026-10-01T06:06:44.9999570Z global.json file:
2026-10-01T06:06:45.0000850Z   Not found
2026-10-01T06:06:45.0001030Z 
2026-10-01T06:06:45.0001200Z Learn more:
2026-10-01T06:06:45.0001830Z   https://aka.ms/dotnet/info
2026-10-01T06:06:45.0002390Z 
2026-10-01T06:06:45.0003120Z Download .NET:
2026-10-01T06:06:45.0005670Z   https://aka.ms/dotnet/download
2026-10-01T06:06:45.3518780Z VSTest version 18.7.0 (arm64)
2026-10-01T06:06:45.3524020Z 
2026-10-01T06:06:45.4390910Z Starting test execution, please wait...
2026-10-01T06:06:45.4667520Z A total of 1 test files matched the specified pattern.
2026-10-01T06:07:15.6160280Z Results File: __CI_WORKSPACE__/LiteDB.Tests/TestResults/TestResults-query.trx
2026-10-01T06:07:15.6166490Z 
2026-10-01T06:07:15.6201310Z Passed!  - Failed:     0, Passed:   826, Skipped:     0, Total:   826, Duration: 28 s - LiteDB.Tests.dll (net8.0)
2026-10-01T06:07:15.7296190Z Running complete-suite partition: shared-mapped-process
2026-10-01T06:07:15.8358780Z 
2026-10-01T06:07:15.8359750Z Host:
2026-10-01T06:07:15.8364190Z   Version:      8.0.31
2026-10-01T06:07:15.8366530Z   Architecture: arm64
2026-10-01T06:07:15.8367250Z   Commit:       1219a42122
2026-10-01T06:07:15.8367870Z   RID:          osx-arm64
2026-10-01T06:07:15.8368160Z 
2026-10-01T06:07:15.8368530Z .NET SDKs installed:
2026-10-01T06:07:15.8369110Z   No SDKs were found.
2026-10-01T06:07:15.8369460Z 
2026-10-01T06:07:15.8369780Z .NET runtimes installed:
2026-10-01T06:07:15.8370890Z   Microsoft.NETCore.App 8.0.31 [__CI_HOME__/work/_temp/litedb-runtime-8-arm64/shared/Microsoft.NETCore.App]
2026-10-01T06:07:15.8372010Z 
2026-10-01T06:07:15.8372390Z Other architectures found:
2026-10-01T06:07:15.8372930Z   None
2026-10-01T06:07:15.8373230Z 
2026-10-01T06:07:15.8373530Z Environment variables:
2026-10-01T06:07:15.8374430Z   DOTNET_ROOT       [__CI_HOME__/.dotnet]
2026-10-01T06:07:15.8374920Z 
2026-10-01T06:07:15.8375080Z global.json file:
2026-10-01T06:07:15.8375640Z   Not found
2026-10-01T06:07:15.8375950Z 
2026-10-01T06:07:15.8376230Z Learn more:
2026-10-01T06:07:15.8376760Z   https://aka.ms/dotnet/info
2026-10-01T06:07:15.8377180Z 
2026-10-01T06:07:15.8377420Z Download .NET:
2026-10-01T06:07:15.8377980Z   https://aka.ms/dotnet/download
2026-10-01T06:07:16.1123150Z VSTest version 18.7.0 (arm64)
2026-10-01T06:07:16.1127570Z 
2026-10-01T06:07:16.1835160Z Starting test execution, please wait...
2026-10-01T06:07:16.2044880Z A total of 1 test files matched the specified pattern.
2026-10-01T06:07:52.0360960Z Results File: __CI_WORKSPACE__/LiteDB.Tests/TestResults/TestResults-shared-mapped-process.trx
2026-10-01T06:07:52.0364290Z 
2026-10-01T06:07:52.0460840Z Passed!  - Failed:     0, Passed:    36, Skipped:     0, Total:    36, Duration: 34 s - LiteDB.Tests.dll (net8.0)
2026-10-01T06:07:52.1165090Z Running complete-suite partition: shared-process
2026-10-01T06:07:52.2235560Z 
2026-10-01T06:07:52.2250980Z Host:
2026-10-01T06:07:52.2260490Z   Version:      8.0.31
2026-10-01T06:07:52.2284410Z   Architecture: arm64
2026-10-01T06:07:52.2285500Z   Commit:       1219a42122
2026-10-01T06:07:52.2289330Z   RID:          osx-arm64
2026-10-01T06:07:52.2290340Z 
2026-10-01T06:07:52.2290850Z .NET SDKs installed:
2026-10-01T06:07:52.2291450Z   No SDKs were found.
2026-10-01T06:07:52.2292860Z 
2026-10-01T06:07:52.2293340Z .NET runtimes installed:
2026-10-01T06:07:52.2295070Z   Microsoft.NETCore.App 8.0.31 [__CI_HOME__/work/_temp/litedb-runtime-8-arm64/shared/Microsoft.NETCore.App]
2026-10-01T06:07:52.2295730Z 
2026-10-01T06:07:52.2295920Z Other architectures found:
2026-10-01T06:07:52.2296480Z   None
2026-10-01T06:07:52.2296850Z 
2026-10-01T06:07:52.2297160Z Environment variables:
2026-10-01T06:07:52.2297650Z   DOTNET_ROOT       [__CI_HOME__/.dotnet]
2026-10-01T06:07:52.2298070Z 
2026-10-01T06:07:52.2298380Z global.json file:
2026-10-01T06:07:52.2298940Z   Not found
2026-10-01T06:07:52.2299240Z 
2026-10-01T06:07:52.2299480Z Learn more:
2026-10-01T06:07:52.2299850Z   https://aka.ms/dotnet/info
2026-10-01T06:07:52.2300310Z 
2026-10-01T06:07:52.2300640Z Download .NET:
2026-10-01T06:07:52.2301260Z   https://aka.ms/dotnet/download
2026-10-01T06:07:52.5531820Z VSTest version 18.7.0 (arm64)
2026-10-01T06:07:52.5569750Z 
2026-10-01T06:07:52.6560230Z Starting test execution, please wait...
2026-10-01T06:07:52.6878510Z A total of 1 test files matched the specified pattern.
2026-10-01T06:09:24.0005400Z Results File: __CI_WORKSPACE__/LiteDB.Tests/TestResults/TestResults-shared-process.trx
2026-10-01T06:09:24.0006790Z 
2026-10-01T06:09:24.0025150Z Passed!  - Failed:     0, Passed:    58, Skipped:     0, Total:    58, Duration: 1 m 29 s - LiteDB.Tests.dll (net8.0)
2026-10-01T06:09:24.0460570Z Running complete-suite partition: shared
2026-10-01T06:09:24.1142460Z 
2026-10-01T06:09:24.1145210Z Host:
2026-10-01T06:09:24.1145520Z   Version:      8.0.31
2026-10-01T06:09:24.1145850Z   Architecture: arm64
2026-10-01T06:09:24.1146130Z   Commit:       1219a42122
2026-10-01T06:09:24.1146510Z   RID:          osx-arm64
2026-10-01T06:09:24.1147980Z 
2026-10-01T06:09:24.1148410Z .NET SDKs installed:
2026-10-01T06:09:24.1149040Z   No SDKs were found.
2026-10-01T06:09:24.1149420Z 
2026-10-01T06:09:24.1149780Z .NET runtimes installed:
2026-10-01T06:09:24.1151050Z   Microsoft.NETCore.App 8.0.31 [__CI_HOME__/work/_temp/litedb-runtime-8-arm64/shared/Microsoft.NETCore.App]
2026-10-01T06:09:24.1152030Z 
2026-10-01T06:09:24.1152420Z Other architectures found:
2026-10-01T06:09:24.1153180Z   None
2026-10-01T06:09:24.1153550Z 
2026-10-01T06:09:24.1153810Z Environment variables:
2026-10-01T06:09:24.1154560Z   DOTNET_ROOT       [__CI_HOME__/.dotnet]
2026-10-01T06:09:24.1155050Z 
2026-10-01T06:09:24.1155360Z global.json file:
2026-10-01T06:09:24.1155910Z   Not found
2026-10-01T06:09:24.1156270Z 
2026-10-01T06:09:24.1156550Z Learn more:
2026-10-01T06:09:24.1157420Z   https://aka.ms/dotnet/info
2026-10-01T06:09:24.1157790Z 
2026-10-01T06:09:24.1158040Z Download .NET:
2026-10-01T06:09:24.1158720Z   https://aka.ms/dotnet/download
2026-10-01T06:09:24.3312900Z VSTest version 18.7.0 (arm64)
2026-10-01T06:09:24.3316940Z 
2026-10-01T06:09:24.3935010Z Starting test execution, please wait...
2026-10-01T06:09:24.4105500Z A total of 1 test files matched the specified pattern.
2026-10-01T06:09:32.1333970Z Results File: __CI_WORKSPACE__/LiteDB.Tests/TestResults/TestResults-shared.trx
2026-10-01T06:09:32.1335490Z 
2026-10-01T06:09:32.1354700Z Passed!  - Failed:     0, Passed:    55, Skipped:     0, Total:    55, Duration: 6 s - LiteDB.Tests.dll (net8.0)
2026-10-01T06:09:32.1517640Z Running complete-suite partition: mvcc
2026-10-01T06:09:32.1903790Z 
2026-10-01T06:09:32.1906100Z Host:
2026-10-01T06:09:32.1922970Z   Version:      8.0.31
2026-10-01T06:09:32.1934550Z   Architecture: arm64
2026-10-01T06:09:32.1935150Z   Commit:       1219a42122
2026-10-01T06:09:32.1935840Z   RID:          osx-arm64
2026-10-01T06:09:32.1936250Z 
2026-10-01T06:09:32.1936540Z .NET SDKs installed:
2026-10-01T06:09:32.1937250Z   No SDKs were found.
2026-10-01T06:09:32.1937620Z 
2026-10-01T06:09:32.1937970Z .NET runtimes installed:
2026-10-01T06:09:32.1939260Z   Microsoft.NETCore.App 8.0.31 [__CI_HOME__/work/_temp/litedb-runtime-8-arm64/shared/Microsoft.NETCore.App]
2026-10-01T06:09:32.1940320Z 
2026-10-01T06:09:32.1940690Z Other architectures found:
2026-10-01T06:09:32.1941240Z   None
2026-10-01T06:09:32.1941540Z 
2026-10-01T06:09:32.1941850Z Environment variables:
2026-10-01T06:09:32.1942470Z   DOTNET_ROOT       [__CI_HOME__/.dotnet]
2026-10-01T06:09:32.1942970Z 
2026-10-01T06:09:32.1943210Z global.json file:
2026-10-01T06:09:32.1943840Z   Not found
2026-10-01T06:09:32.1944090Z 
2026-10-01T06:09:32.1944350Z Learn more:
2026-10-01T06:09:32.1945050Z   https://aka.ms/dotnet/info
2026-10-01T06:09:32.1945530Z 
2026-10-01T06:09:32.1945820Z Download .NET:
2026-10-01T06:09:32.1946420Z   https://aka.ms/dotnet/download
2026-10-01T06:09:32.4011630Z VSTest version 18.7.0 (arm64)
2026-10-01T06:09:32.4025030Z 
2026-10-01T06:09:32.4839130Z Starting test execution, please wait...
2026-10-01T06:09:32.5070450Z A total of 1 test files matched the specified pattern.
2026-10-01T06:11:11.5185830Z Results File: __CI_WORKSPACE__/LiteDB.Tests/TestResults/TestResults-mvcc.trx
2026-10-01T06:11:11.5187050Z 
2026-10-01T06:11:11.5210800Z Passed!  - Failed:     0, Passed:   403, Skipped:     0, Total:   403, Duration: 1 m 37 s - LiteDB.Tests.dll (net8.0)
2026-10-01T06:11:11.6148590Z Running complete-suite partition: internals
2026-10-01T06:11:11.6749830Z 
2026-10-01T06:11:11.6750420Z Host:
2026-10-01T06:11:11.6750820Z   Version:      8.0.31
2026-10-01T06:11:11.6751750Z   Architecture: arm64
2026-10-01T06:11:11.6752240Z   Commit:       1219a42122
2026-10-01T06:11:11.6752710Z   RID:          osx-arm64
2026-10-01T06:11:11.6753140Z 
2026-10-01T06:11:11.6753410Z .NET SDKs installed:
2026-10-01T06:11:11.6753850Z   No SDKs were found.
2026-10-01T06:11:11.6754100Z 
2026-10-01T06:11:11.6754330Z .NET runtimes installed:
2026-10-01T06:11:11.6755000Z   Microsoft.NETCore.App 8.0.31 [__CI_HOME__/work/_temp/litedb-runtime-8-arm64/shared/Microsoft.NETCore.App]
2026-10-01T06:11:11.6755560Z 
2026-10-01T06:11:11.6755790Z Other architectures found:
2026-10-01T06:11:11.6756160Z   None
2026-10-01T06:11:11.6756560Z 
2026-10-01T06:11:11.6756810Z Environment variables:
2026-10-01T06:11:11.6757230Z   DOTNET_ROOT       [__CI_HOME__/.dotnet]
2026-10-01T06:11:11.6757480Z 
2026-10-01T06:11:11.6757730Z global.json file:
2026-10-01T06:11:11.6758120Z   Not found
2026-10-01T06:11:11.6758360Z 
2026-10-01T06:11:11.6758630Z Learn more:
2026-10-01T06:11:11.6759000Z   https://aka.ms/dotnet/info
2026-10-01T06:11:11.6759300Z 
2026-10-01T06:11:11.6759490Z Download .NET:
2026-10-01T06:11:11.6759810Z   https://aka.ms/dotnet/download
2026-10-01T06:11:11.8741380Z VSTest version 18.7.0 (arm64)
2026-10-01T06:11:11.8745830Z 
2026-10-01T06:11:11.9293000Z Starting test execution, please wait...
2026-10-01T06:11:11.9486790Z A total of 1 test files matched the specified pattern.
2026-10-01T06:12:00.7801350Z Results File: __CI_WORKSPACE__/LiteDB.Tests/TestResults/TestResults-internals.trx
2026-10-01T06:12:00.7803580Z 
2026-10-01T06:12:00.7823910Z Passed!  - Failed:     0, Passed:   435, Skipped:     0, Total:   435, Duration: 47 s - LiteDB.Tests.dll (net8.0)
2026-10-01T06:12:00.8209240Z Running complete-suite partition: remaining
2026-10-01T06:12:00.8482000Z 
2026-10-01T06:12:00.8486290Z Host:
2026-10-01T06:12:00.8486650Z   Version:      8.0.31
2026-10-01T06:12:00.8487030Z   Architecture: arm64
2026-10-01T06:12:00.8487310Z   Commit:       1219a42122
2026-10-01T06:12:00.8487620Z   RID:          osx-arm64
2026-10-01T06:12:00.8487780Z 
2026-10-01T06:12:00.8487870Z .NET SDKs installed:
2026-10-01T06:12:00.8495080Z   No SDKs were found.
2026-10-01T06:12:00.8500030Z 
2026-10-01T06:12:00.8500160Z .NET runtimes installed:
2026-10-01T06:12:00.8500620Z   Microsoft.NETCore.App 8.0.31 [__CI_HOME__/work/_temp/litedb-runtime-8-arm64/shared/Microsoft.NETCore.App]
2026-10-01T06:12:00.8501040Z 
2026-10-01T06:12:00.8501180Z Other architectures found:
2026-10-01T06:12:00.8501460Z   None
2026-10-01T06:12:00.8501540Z 
2026-10-01T06:12:00.8501690Z Environment variables:
2026-10-01T06:12:00.8502020Z   DOTNET_ROOT       [__CI_HOME__/.dotnet]
2026-10-01T06:12:00.8502240Z 
2026-10-01T06:12:00.8502300Z global.json file:
2026-10-01T06:12:00.8502520Z   Not found
2026-10-01T06:12:00.8502640Z 
2026-10-01T06:12:00.8502740Z Learn more:
2026-10-01T06:12:00.8502940Z   https://aka.ms/dotnet/info
2026-10-01T06:12:00.8503140Z 
2026-10-01T06:12:00.8503260Z Download .NET:
2026-10-01T06:12:00.8503550Z   https://aka.ms/dotnet/download
2026-10-01T06:12:00.9894820Z VSTest version 18.7.0 (arm64)
2026-10-01T06:12:00.9898290Z 
2026-10-01T06:12:01.0442750Z Starting test execution, please wait...
2026-10-01T06:12:01.0626000Z A total of 1 test files matched the specified pattern.
2026-10-01T06:12:53.9584970Z Results File: __CI_WORKSPACE__/LiteDB.Tests/TestResults/TestResults-remaining.trx
2026-10-01T06:12:53.9586620Z 
2026-10-01T06:12:53.9614700Z Passed!  - Failed:     0, Passed:   613, Skipped:     0, Total:   613, Duration: 51 s - LiteDB.Tests.dll (net8.0)
2026-10-01T06:12:54.2165700Z ##[group]Run actions/upload-artifact@v4
2026-10-01T06:12:54.2166080Z with:
2026-10-01T06:12:54.2166400Z   name: test-results-test-macos-0
2026-10-01T06:12:54.2166650Z   overwrite: true
2026-10-01T06:12:54.2167210Z   path: LiteDB.Tests/TestResults/*.trx
LiteDB.Tests/TestResults/evidence-leg.json
LiteDB.Tests/TestResults/discovered-tests.txt

2026-10-01T06:12:54.2167870Z   if-no-files-found: warn
2026-10-01T06:12:54.2168110Z   compression-level: 6
2026-10-01T06:12:54.2168380Z   include-hidden-files: false
2026-10-01T06:12:54.2168660Z env:
2026-10-01T06:12:54.2169140Z   LITEDB_RETAINED_FIXTURES: __CI_WORKSPACE__/LiteDB.Tests/TestResults/retained-fixtures
2026-10-01T06:12:54.2169830Z   DOTNET_ROOT: __CI_HOME__/.dotnet
2026-10-01T06:12:54.2170150Z ##[endgroup]
2026-10-01T06:12:55.0603350Z (node:22349) [DEP0040] DeprecationWarning: The `punycode` module is deprecated. Please use a userland alternative instead.
2026-10-01T06:12:55.0726700Z (Use `node --trace-deprecation ...` to show where the warning was created)
2026-10-01T06:12:55.1194640Z With the provided path, there will be 17 files uploaded
2026-10-01T06:12:55.3020490Z Artifact name is valid!
2026-10-01T06:12:55.3021800Z Root directory input is valid!
2026-10-01T06:12:55.5013080Z Beginning upload of artifact content to blob storage
2026-10-01T06:12:55.7023890Z (node:22349) [DEP0169] DeprecationWarning: `url.parse()` behavior is not standardized and prone to errors that have security implications. Use the WHATWG URL API instead. CVEs are not issued for `url.parse()` vulnerabilities.
2026-10-01T06:12:56.1016600Z Uploaded bytes 1421251
2026-10-01T06:12:56.1526510Z Finished uploading artifact content to blob storage!
2026-10-01T06:12:56.1528360Z SHA256 digest of uploaded artifact zip is baf5c9c7b919305f5587ded1b80cf7e7da40426ec8a056f7ca62b5796bd1699a
2026-10-01T06:12:56.1529800Z Finalizing artifact upload
2026-10-01T06:12:56.3627790Z Artifact test-results-test-macos-0.zip successfully finalized. Artifact ID 11143379406
2026-10-01T06:12:56.3630250Z Artifact test-results-test-macos-0 has been successfully uploaded! Final size is 1421251 bytes. Artifact ID is 11143379406
2026-10-01T06:12:56.3648120Z Artifact download URL: https://github.com/JKamsker/LiteDB/actions/runs/36821386840/artifacts/11143379406
2026-10-01T06:12:56.3896610Z Prepare all required actions
2026-10-01T06:12:56.3897280Z Getting action download info
2026-10-01T06:12:56.6566860Z ##[group]Run ./.github/actions/retained-fixtures
2026-10-01T06:12:56.6567550Z env:
2026-10-01T06:12:56.6568800Z   LITEDB_RETAINED_FIXTURES: __CI_WORKSPACE__/LiteDB.Tests/TestResults/retained-fixtures
2026-10-01T06:12:56.6571620Z   DOTNET_ROOT: __CI_HOME__/.dotnet
2026-10-01T06:12:56.6572180Z ##[endgroup]
2026-10-01T06:12:56.6643120Z ##[start-action display=Collect retained fixtures;id=__self.__run]
2026-10-01T06:12:56.6675240Z ##[group]Run if [ "$RUNNER_OS" = "Windows" ]; then retained_python=python; else retained_python=python3; fi
2026-10-01T06:12:56.6675850Z [36;1mif [ "$RUNNER_OS" = "Windows" ]; then retained_python=python; else retained_python=python3; fi[0m
2026-10-01T06:12:56.6676380Z [36;1m"$retained_python" scripts/collect-retained-fixtures.py "$LITEDB_RETAINED_FIXTURES"[0m
2026-10-01T06:12:56.7002040Z shell: /bin/bash --noprofile --norc -e -o pipefail {0}
2026-10-01T06:12:56.7002360Z env:
2026-10-01T06:12:56.7002810Z   LITEDB_RETAINED_FIXTURES: __CI_WORKSPACE__/LiteDB.Tests/TestResults/retained-fixtures
2026-10-01T06:12:56.7003320Z   DOTNET_ROOT: __CI_HOME__/.dotnet
2026-10-01T06:12:56.7003550Z ##[endgroup]
2026-10-01T06:12:57.0010110Z ##[end-action id=__self.__run;outcome=success;conclusion=success;duration_ms=336]
2026-10-01T06:12:57.0012560Z ##[start-action display=Upload fixture manifests and copies;id=__self.__actions_upload-artifact]
2026-10-01T06:12:57.0051050Z ##[group]Run actions/upload-artifact@v4
2026-10-01T06:12:57.0051290Z with:
2026-10-01T06:12:57.0051500Z   name: retained-fixtures-test-macos-0
2026-10-01T06:12:57.0051950Z   path: __CI_WORKSPACE__/LiteDB.Tests/TestResults/retained-fixtures/
2026-10-01T06:12:57.0052410Z   if-no-files-found: ignore
2026-10-01T06:12:57.0052630Z   retention-days: 14
2026-10-01T06:12:57.0052840Z   compression-level: 6
2026-10-01T06:12:57.0053140Z   overwrite: false
2026-10-01T06:12:57.0053370Z   include-hidden-files: false
2026-10-01T06:12:57.0053620Z env:
2026-10-01T06:12:57.0054010Z   LITEDB_RETAINED_FIXTURES: __CI_WORKSPACE__/LiteDB.Tests/TestResults/retained-fixtures
2026-10-01T06:12:57.0054530Z   DOTNET_ROOT: __CI_HOME__/.dotnet
2026-10-01T06:12:57.0054800Z ##[endgroup]
2026-10-01T06:12:57.1571230Z (node:22611) [DEP0040] DeprecationWarning: The `punycode` module is deprecated. Please use a userland alternative instead.
2026-10-01T06:12:57.1572100Z (Use `node --trace-deprecation ...` to show where the warning was created)
2026-10-01T06:12:57.1587220Z No files were found with the provided path: __CI_WORKSPACE__/LiteDB.Tests/TestResults/retained-fixtures/. No artifacts will be uploaded.
2026-10-01T06:12:57.1616110Z ##[end-action id=__self.__actions_upload-artifact;outcome=success;conclusion=success;duration_ms=160]
2026-10-01T06:12:57.1691620Z Post job cleanup.
2026-10-01T06:12:57.2988010Z (node:22612) [DEP0040] DeprecationWarning: The `punycode` module is deprecated. Please use a userland alternative instead.
2026-10-01T06:12:57.2988900Z (Use `node --trace-deprecation ...` to show where the warning was created)
2026-10-01T06:12:57.3103860Z Post job cleanup.
2026-10-01T06:12:57.4155650Z [command]/opt/homebrew/bin/git version
2026-10-01T06:12:57.4494590Z git version 2.55.0
2026-10-01T06:12:57.4515090Z Copying '__CI_HOME__/.gitconfig' to '__CI_HOME__/work/_temp/a6114e8e-0501-48a6-98cb-5e112419f4e8/.gitconfig'
2026-10-01T06:12:57.4524190Z Temporarily overriding HOME='__CI_HOME__/work/_temp/a6114e8e-0501-48a6-98cb-5e112419f4e8' before making global git config changes
2026-10-01T06:12:57.4525030Z Adding repository directory to the temporary git global config as a safe directory
2026-10-01T06:12:57.4527120Z [command]/opt/homebrew/bin/git config --global --add safe.directory __CI_WORKSPACE__
2026-10-01T06:12:57.4662810Z [command]/opt/homebrew/bin/git config --local --name-only --get-regexp core\.sshCommand
2026-10-01T06:12:57.4728720Z [command]/opt/homebrew/bin/git submodule foreach --recursive sh -c "git config --local --name-only --get-regexp 'core\.sshCommand' && git config --local --unset-all 'core.sshCommand' || :"
2026-10-01T06:12:57.5683950Z [command]/opt/homebrew/bin/git config --local --name-only --get-regexp http\.https\:\/\/github\.com\/\.extraheader
2026-10-01T06:12:57.5744500Z http.https://github.com/.extraheader
2026-10-01T06:12:57.5748310Z [command]/opt/homebrew/bin/git config --local --unset-all http.https://github.com/.extraheader
2026-10-01T06:12:57.5820050Z [command]/opt/homebrew/bin/git submodule foreach --recursive sh -c "git config --local --name-only --get-regexp 'http\.https\:\/\/github\.com\/\.extraheader' && git config --local --unset-all 'http.https://github.com/.extraheader' || :"
2026-10-01T06:12:57.6711400Z [command]/opt/homebrew/bin/git config --local --name-only --get-regexp ^includeIf\.gitdir:
2026-10-01T06:12:57.6836360Z [command]/opt/homebrew/bin/git submodule foreach --recursive git config --local --show-origin --name-only --get-regexp remote.origin.url
2026-10-01T06:12:57.7899890Z Cleaning up orphan processes
2026-10-01T06:13:00.3369160Z ##[warning]Node.js 20 is deprecated. The following actions target Node.js 20 but are being forced to run on Node.js 24: actions/checkout@v4, actions/download-artifact@v4, actions/setup-dotnet@v4, actions/upload-artifact@v4. For more information see: https://github.blog/changelog/2025-09-19-deprecation-of-node-20-on-github-actions-runners/
