  Determining projects to restore...
/home/jonas/.t3/worktrees/LiteDB/t3code-0cc13448/artifacts_temp/fix-sort-cleanup/LiteDB/LiteDB.csproj : warning NU1510: PackageReference System.ComponentModel.TypeConverter will not be pruned. This package is automatically available and does not need to be referenced explicitly. Remove the PackageReference item. [/home/jonas/.t3/worktrees/LiteDB/t3code-0cc13448/artifacts_temp/fix-sort-cleanup/LiteDB.Tests/LiteDB.Tests.csproj]
  All projects are up-to-date for restore.
/home/jonas/.t3/worktrees/LiteDB/t3code-0cc13448/artifacts_temp/fix-sort-cleanup/LiteDB/LiteDB.csproj : warning NU1510: PackageReference System.ComponentModel.TypeConverter will not be pruned. This package is automatically available and does not need to be referenced explicitly. Remove the PackageReference item. [TargetFramework=net8.0]
  LiteDB -> /home/jonas/.t3/worktrees/LiteDB/t3code-0cc13448/artifacts_temp/fix-sort-cleanup/LiteDB/bin/Release/net8.0/LiteDB.dll
  SharedMutexHarness -> /home/jonas/.t3/worktrees/LiteDB/t3code-0cc13448/artifacts_temp/fix-sort-cleanup/LiteDB.Tests.SharedMutexHarness/bin/Release/net8.0/SharedMutexHarness.dll
/home/jonas/.t3/worktrees/LiteDB/t3code-0cc13448/artifacts_temp/fix-sort-cleanup/LiteDB.Tests/Issues/Issue2265_Tests.cs(38,20): warning CS8632: The annotation for nullable reference types should only be used in code within a '#nullable' annotations context. [/home/jonas/.t3/worktrees/LiteDB/t3code-0cc13448/artifacts_temp/fix-sort-cleanup/LiteDB.Tests/LiteDB.Tests.csproj::TargetFramework=net8.0]
/home/jonas/.t3/worktrees/LiteDB/t3code-0cc13448/artifacts_temp/fix-sort-cleanup/LiteDB.Tests/Issues/Issue1829Invocation_Tests.cs(91,58): warning CS1718: Comparison made to same variable; did you mean to compare something else? [/home/jonas/.t3/worktrees/LiteDB/t3code-0cc13448/artifacts_temp/fix-sort-cleanup/LiteDB.Tests/LiteDB.Tests.csproj::TargetFramework=net8.0]
/home/jonas/.t3/worktrees/LiteDB/t3code-0cc13448/artifacts_temp/fix-sort-cleanup/LiteDB.Tests/Issues/Issue1829Invocation_Tests.cs(105,57): warning CS1718: Comparison made to same variable; did you mean to compare something else? [/home/jonas/.t3/worktrees/LiteDB/t3code-0cc13448/artifacts_temp/fix-sort-cleanup/LiteDB.Tests/LiteDB.Tests.csproj::TargetFramework=net8.0]
/home/jonas/.t3/worktrees/LiteDB/t3code-0cc13448/artifacts_temp/fix-sort-cleanup/LiteDB.Tests/Internals/CacheAsync_Tests.cs(86,18): warning xUnit1031: Test methods should not use blocking task operations, as they can cause deadlocks. Use an async test method and await instead. (https://xunit.net/xunit.analyzers/rules/xUnit1031) [/home/jonas/.t3/worktrees/LiteDB/t3code-0cc13448/artifacts_temp/fix-sort-cleanup/LiteDB.Tests/LiteDB.Tests.csproj::TargetFramework=net8.0]
/home/jonas/.t3/worktrees/LiteDB/t3code-0cc13448/artifacts_temp/fix-sort-cleanup/LiteDB.Tests/Internals/TransactionHandleProcess_Tests.cs(22,13): warning xUnit2013: Do not use Assert.Equal() to check for collection size. Use Assert.Single instead. (https://xunit.net/xunit.analyzers/rules/xUnit2013) [/home/jonas/.t3/worktrees/LiteDB/t3code-0cc13448/artifacts_temp/fix-sort-cleanup/LiteDB.Tests/LiteDB.Tests.csproj::TargetFramework=net8.0]
/home/jonas/.t3/worktrees/LiteDB/t3code-0cc13448/artifacts_temp/fix-sort-cleanup/LiteDB.Tests/Engine/CompactSchemaCacheConcurrency_Tests.cs(96,18): warning xUnit1031: Test methods should not use blocking task operations, as they can cause deadlocks. Use an async test method and await instead. (https://xunit.net/xunit.analyzers/rules/xUnit1031) [/home/jonas/.t3/worktrees/LiteDB/t3code-0cc13448/artifacts_temp/fix-sort-cleanup/LiteDB.Tests/LiteDB.Tests.csproj::TargetFramework=net8.0]
/home/jonas/.t3/worktrees/LiteDB/t3code-0cc13448/artifacts_temp/fix-sort-cleanup/LiteDB.Tests/Engine/TransactionHandle_Tests.cs(146,32): warning xUnit1031: Test methods should not use blocking task operations, as they can cause deadlocks. Use an async test method and await instead. (https://xunit.net/xunit.analyzers/rules/xUnit1031) [/home/jonas/.t3/worktrees/LiteDB/t3code-0cc13448/artifacts_temp/fix-sort-cleanup/LiteDB.Tests/LiteDB.Tests.csproj::TargetFramework=net8.0]
/home/jonas/.t3/worktrees/LiteDB/t3code-0cc13448/artifacts_temp/fix-sort-cleanup/LiteDB.Tests/Issues/Issue1192DirectDictionary_Tests.cs(186,13): warning xUnit2013: Do not use Assert.Equal() to check for collection size. Use Assert.Empty instead. (https://xunit.net/xunit.analyzers/rules/xUnit2013) [/home/jonas/.t3/worktrees/LiteDB/t3code-0cc13448/artifacts_temp/fix-sort-cleanup/LiteDB.Tests/LiteDB.Tests.csproj::TargetFramework=net8.0]
/home/jonas/.t3/worktrees/LiteDB/t3code-0cc13448/artifacts_temp/fix-sort-cleanup/LiteDB.Tests/Engine/TransactionHandleContext_Tests.cs(24,46): warning CA1416: This call site is reachable on all platforms. 'WindowsIdentity.GetCurrent(bool)' is only supported on: 'windows'. (https://learn.microsoft.com/dotnet/fundamentals/code-analysis/quality-rules/ca1416) [/home/jonas/.t3/worktrees/LiteDB/t3code-0cc13448/artifacts_temp/fix-sort-cleanup/LiteDB.Tests/LiteDB.Tests.csproj::TargetFramework=net8.0]
/home/jonas/.t3/worktrees/LiteDB/t3code-0cc13448/artifacts_temp/fix-sort-cleanup/LiteDB.Tests/Engine/TransactionHandleLifetime_Tests.cs(131,32): warning xUnit1031: Test methods should not use blocking task operations, as they can cause deadlocks. Use an async test method and await instead. (https://xunit.net/xunit.analyzers/rules/xUnit1031) [/home/jonas/.t3/worktrees/LiteDB/t3code-0cc13448/artifacts_temp/fix-sort-cleanup/LiteDB.Tests/LiteDB.Tests.csproj::TargetFramework=net8.0]
/home/jonas/.t3/worktrees/LiteDB/t3code-0cc13448/artifacts_temp/fix-sort-cleanup/LiteDB.Tests/Engine/TransactionHandleAdmission_Tests.cs(83,37): warning xUnit1031: Test methods should not use blocking task operations, as they can cause deadlocks. Use an async test method and await instead. (https://xunit.net/xunit.analyzers/rules/xUnit1031) [/home/jonas/.t3/worktrees/LiteDB/t3code-0cc13448/artifacts_temp/fix-sort-cleanup/LiteDB.Tests/LiteDB.Tests.csproj::TargetFramework=net8.0]
/home/jonas/.t3/worktrees/LiteDB/t3code-0cc13448/artifacts_temp/fix-sort-cleanup/LiteDB.Tests/Engine/TransactionHandleAdmission_Tests.cs(84,112): warning xUnit1031: Test methods should not use blocking task operations, as they can cause deadlocks. Use an async test method and await instead. (https://xunit.net/xunit.analyzers/rules/xUnit1031) [/home/jonas/.t3/worktrees/LiteDB/t3code-0cc13448/artifacts_temp/fix-sort-cleanup/LiteDB.Tests/LiteDB.Tests.csproj::TargetFramework=net8.0]
/home/jonas/.t3/worktrees/LiteDB/t3code-0cc13448/artifacts_temp/fix-sort-cleanup/LiteDB.Tests/Engine/TransactionHandleAdmission_Tests.cs(85,62): warning xUnit1031: Test methods should not use blocking task operations, as they can cause deadlocks. Use an async test method and await instead. (https://xunit.net/xunit.analyzers/rules/xUnit1031) [/home/jonas/.t3/worktrees/LiteDB/t3code-0cc13448/artifacts_temp/fix-sort-cleanup/LiteDB.Tests/LiteDB.Tests.csproj::TargetFramework=net8.0]
/home/jonas/.t3/worktrees/LiteDB/t3code-0cc13448/artifacts_temp/fix-sort-cleanup/LiteDB.Tests/Engine/TransactionHandleAdmission_Tests.cs(130,37): warning xUnit1031: Test methods should not use blocking task operations, as they can cause deadlocks. Use an async test method and await instead. (https://xunit.net/xunit.analyzers/rules/xUnit1031) [/home/jonas/.t3/worktrees/LiteDB/t3code-0cc13448/artifacts_temp/fix-sort-cleanup/LiteDB.Tests/LiteDB.Tests.csproj::TargetFramework=net8.0]
/home/jonas/.t3/worktrees/LiteDB/t3code-0cc13448/artifacts_temp/fix-sort-cleanup/LiteDB.Tests/Engine/TransactionHandleAdmission_Tests.cs(131,57): warning xUnit1031: Test methods should not use blocking task operations, as they can cause deadlocks. Use an async test method and await instead. (https://xunit.net/xunit.analyzers/rules/xUnit1031) [/home/jonas/.t3/worktrees/LiteDB/t3code-0cc13448/artifacts_temp/fix-sort-cleanup/LiteDB.Tests/LiteDB.Tests.csproj::TargetFramework=net8.0]
/home/jonas/.t3/worktrees/LiteDB/t3code-0cc13448/artifacts_temp/fix-sort-cleanup/LiteDB.Tests/Engine/NativeAdmissionDirectPoolFinalizer_Tests.cs(74,13): warning xUnit2013: Do not use Assert.Equal() to check for collection size. Use Assert.Single instead. (https://xunit.net/xunit.analyzers/rules/xUnit2013) [/home/jonas/.t3/worktrees/LiteDB/t3code-0cc13448/artifacts_temp/fix-sort-cleanup/LiteDB.Tests/LiteDB.Tests.csproj::TargetFramework=net8.0]
/home/jonas/.t3/worktrees/LiteDB/t3code-0cc13448/artifacts_temp/fix-sort-cleanup/LiteDB.Tests/Engine/NativeAdmissionIsolation_Tests.cs(56,25): warning xUnit1031: Test methods should not use blocking task operations, as they can cause deadlocks. Use an async test method and await instead. (https://xunit.net/xunit.analyzers/rules/xUnit1031) [/home/jonas/.t3/worktrees/LiteDB/t3code-0cc13448/artifacts_temp/fix-sort-cleanup/LiteDB.Tests/LiteDB.Tests.csproj::TargetFramework=net8.0]
/home/jonas/.t3/worktrees/LiteDB/t3code-0cc13448/artifacts_temp/fix-sort-cleanup/LiteDB.Tests/Engine/NativeAdmissionIsolation_Tests.cs(65,22): warning xUnit1031: Test methods should not use blocking task operations, as they can cause deadlocks. Use an async test method and await instead. (https://xunit.net/xunit.analyzers/rules/xUnit1031) [/home/jonas/.t3/worktrees/LiteDB/t3code-0cc13448/artifacts_temp/fix-sort-cleanup/LiteDB.Tests/LiteDB.Tests.csproj::TargetFramework=net8.0]
/home/jonas/.t3/worktrees/LiteDB/t3code-0cc13448/artifacts_temp/fix-sort-cleanup/LiteDB.Tests/Engine/NativeAdmissionDirectContext_Tests.cs(140,38): warning xUnit1031: Test methods should not use blocking task operations, as they can cause deadlocks. Use an async test method and await instead. (https://xunit.net/xunit.analyzers/rules/xUnit1031) [/home/jonas/.t3/worktrees/LiteDB/t3code-0cc13448/artifacts_temp/fix-sort-cleanup/LiteDB.Tests/LiteDB.Tests.csproj::TargetFramework=net8.0]
/home/jonas/.t3/worktrees/LiteDB/t3code-0cc13448/artifacts_temp/fix-sort-cleanup/LiteDB.Tests/Engine/NativeAdmissionDirectContextLifetime_Tests.cs(151,37): warning xUnit1031: Test methods should not use blocking task operations, as they can cause deadlocks. Use an async test method and await instead. (https://xunit.net/xunit.analyzers/rules/xUnit1031) [/home/jonas/.t3/worktrees/LiteDB/t3code-0cc13448/artifacts_temp/fix-sort-cleanup/LiteDB.Tests/LiteDB.Tests.csproj::TargetFramework=net8.0]
/home/jonas/.t3/worktrees/LiteDB/t3code-0cc13448/artifacts_temp/fix-sort-cleanup/LiteDB.Tests/Engine/Coordinator_Tests.cs(262,20): warning xUnit1031: Test methods should not use blocking task operations, as they can cause deadlocks. Use an async test method and await instead. (https://xunit.net/xunit.analyzers/rules/xUnit1031) [/home/jonas/.t3/worktrees/LiteDB/t3code-0cc13448/artifacts_temp/fix-sort-cleanup/LiteDB.Tests/LiteDB.Tests.csproj::TargetFramework=net8.0]
/home/jonas/.t3/worktrees/LiteDB/t3code-0cc13448/artifacts_temp/fix-sort-cleanup/LiteDB.Tests/Engine/CoordinatorPlatform_Tests.cs(289,22): warning xUnit1031: Test methods should not use blocking task operations, as they can cause deadlocks. Use an async test method and await instead. (https://xunit.net/xunit.analyzers/rules/xUnit1031) [/home/jonas/.t3/worktrees/LiteDB/t3code-0cc13448/artifacts_temp/fix-sort-cleanup/LiteDB.Tests/LiteDB.Tests.csproj::TargetFramework=net8.0]
/home/jonas/.t3/worktrees/LiteDB/t3code-0cc13448/artifacts_temp/fix-sort-cleanup/LiteDB.Tests/Issues/Issue2848_Tests.cs(87,89): warning xUnit1031: Test methods should not use blocking task operations, as they can cause deadlocks. Use an async test method and await instead. (https://xunit.net/xunit.analyzers/rules/xUnit1031) [/home/jonas/.t3/worktrees/LiteDB/t3code-0cc13448/artifacts_temp/fix-sort-cleanup/LiteDB.Tests/LiteDB.Tests.csproj::TargetFramework=net8.0]
/home/jonas/.t3/worktrees/LiteDB/t3code-0cc13448/artifacts_temp/fix-sort-cleanup/LiteDB.Tests/Engine/CoordinatorSnapshotReads_Tests.cs(161,28): warning xUnit1031: Test methods should not use blocking task operations, as they can cause deadlocks. Use an async test method and await instead. (https://xunit.net/xunit.analyzers/rules/xUnit1031) [/home/jonas/.t3/worktrees/LiteDB/t3code-0cc13448/artifacts_temp/fix-sort-cleanup/LiteDB.Tests/LiteDB.Tests.csproj::TargetFramework=net8.0]
/home/jonas/.t3/worktrees/LiteDB/t3code-0cc13448/artifacts_temp/fix-sort-cleanup/LiteDB.Tests/Engine/CoordinatorSnapshotReads_Tests.cs(172,24): warning xUnit1031: Test methods should not use blocking task operations, as they can cause deadlocks. Use an async test method and await instead. (https://xunit.net/xunit.analyzers/rules/xUnit1031) [/home/jonas/.t3/worktrees/LiteDB/t3code-0cc13448/artifacts_temp/fix-sort-cleanup/LiteDB.Tests/LiteDB.Tests.csproj::TargetFramework=net8.0]
/home/jonas/.t3/worktrees/LiteDB/t3code-0cc13448/artifacts_temp/fix-sort-cleanup/LiteDB.Tests/Issues/Issue2814Admission_Tests.cs(56,78): warning xUnit1031: Test methods should not use blocking task operations, as they can cause deadlocks. Use an async test method and await instead. (https://xunit.net/xunit.analyzers/rules/xUnit1031) [/home/jonas/.t3/worktrees/LiteDB/t3code-0cc13448/artifacts_temp/fix-sort-cleanup/LiteDB.Tests/LiteDB.Tests.csproj::TargetFramework=net8.0]
/home/jonas/.t3/worktrees/LiteDB/t3code-0cc13448/artifacts_temp/fix-sort-cleanup/LiteDB.Tests/Issues/Issue2814_Tests.cs(57,26): warning xUnit1031: Test methods should not use blocking task operations, as they can cause deadlocks. Use an async test method and await instead. (https://xunit.net/xunit.analyzers/rules/xUnit1031) [/home/jonas/.t3/worktrees/LiteDB/t3code-0cc13448/artifacts_temp/fix-sort-cleanup/LiteDB.Tests/LiteDB.Tests.csproj::TargetFramework=net8.0]
/home/jonas/.t3/worktrees/LiteDB/t3code-0cc13448/artifacts_temp/fix-sort-cleanup/LiteDB.Tests/Issues/Issue2790ReaderLease_Tests.cs(43,37): warning xUnit1030: Test methods should not call ConfigureAwait(false), as it may bypass parallelization limits. Omit ConfigureAwait, or use ConfigureAwait(true) to avoid CA2007. (https://xunit.net/xunit.analyzers/rules/xUnit1030) [/home/jonas/.t3/worktrees/LiteDB/t3code-0cc13448/artifacts_temp/fix-sort-cleanup/LiteDB.Tests/LiteDB.Tests.csproj::TargetFramework=net8.0]
/home/jonas/.t3/worktrees/LiteDB/t3code-0cc13448/artifacts_temp/fix-sort-cleanup/LiteDB.Tests/Issues/Issue2792SnapshotPublication_Tests.cs(65,57): warning xUnit1031: Test methods should not use blocking task operations, as they can cause deadlocks. Use an async test method and await instead. (https://xunit.net/xunit.analyzers/rules/xUnit1031) [/home/jonas/.t3/worktrees/LiteDB/t3code-0cc13448/artifacts_temp/fix-sort-cleanup/LiteDB.Tests/LiteDB.Tests.csproj::TargetFramework=net8.0]
/home/jonas/.t3/worktrees/LiteDB/t3code-0cc13448/artifacts_temp/fix-sort-cleanup/LiteDB.Tests/Issues/Issue2792SnapshotPublication_Tests.cs(66,37): warning xUnit1031: Test methods should not use blocking task operations, as they can cause deadlocks. Use an async test method and await instead. (https://xunit.net/xunit.analyzers/rules/xUnit1031) [/home/jonas/.t3/worktrees/LiteDB/t3code-0cc13448/artifacts_temp/fix-sort-cleanup/LiteDB.Tests/LiteDB.Tests.csproj::TargetFramework=net8.0]
/home/jonas/.t3/worktrees/LiteDB/t3code-0cc13448/artifacts_temp/fix-sort-cleanup/LiteDB.Tests/Issues/Issue2792_Tests.cs(48,24): warning xUnit1031: Test methods should not use blocking task operations, as they can cause deadlocks. Use an async test method and await instead. (https://xunit.net/xunit.analyzers/rules/xUnit1031) [/home/jonas/.t3/worktrees/LiteDB/t3code-0cc13448/artifacts_temp/fix-sort-cleanup/LiteDB.Tests/LiteDB.Tests.csproj::TargetFramework=net8.0]
/home/jonas/.t3/worktrees/LiteDB/t3code-0cc13448/artifacts_temp/fix-sort-cleanup/LiteDB.Tests/Issues/Issue2792_Tests.cs(53,24): warning xUnit1031: Test methods should not use blocking task operations, as they can cause deadlocks. Use an async test method and await instead. (https://xunit.net/xunit.analyzers/rules/xUnit1031) [/home/jonas/.t3/worktrees/LiteDB/t3code-0cc13448/artifacts_temp/fix-sort-cleanup/LiteDB.Tests/LiteDB.Tests.csproj::TargetFramework=net8.0]
/home/jonas/.t3/worktrees/LiteDB/t3code-0cc13448/artifacts_temp/fix-sort-cleanup/LiteDB.Tests/Issues/Issue2792_Tests.cs(54,44): warning xUnit1031: Test methods should not use blocking task operations, as they can cause deadlocks. Use an async test method and await instead. (https://xunit.net/xunit.analyzers/rules/xUnit1031) [/home/jonas/.t3/worktrees/LiteDB/t3code-0cc13448/artifacts_temp/fix-sort-cleanup/LiteDB.Tests/LiteDB.Tests.csproj::TargetFramework=net8.0]
/home/jonas/.t3/worktrees/LiteDB/t3code-0cc13448/artifacts_temp/fix-sort-cleanup/LiteDB.Tests/Issues/Issue2792_Tests.cs(59,24): warning xUnit1031: Test methods should not use blocking task operations, as they can cause deadlocks. Use an async test method and await instead. (https://xunit.net/xunit.analyzers/rules/xUnit1031) [/home/jonas/.t3/worktrees/LiteDB/t3code-0cc13448/artifacts_temp/fix-sort-cleanup/LiteDB.Tests/LiteDB.Tests.csproj::TargetFramework=net8.0]
/home/jonas/.t3/worktrees/LiteDB/t3code-0cc13448/artifacts_temp/fix-sort-cleanup/LiteDB.Tests/Issues/Issue2792_Tests.cs(60,24): warning xUnit1031: Test methods should not use blocking task operations, as they can cause deadlocks. Use an async test method and await instead. (https://xunit.net/xunit.analyzers/rules/xUnit1031) [/home/jonas/.t3/worktrees/LiteDB/t3code-0cc13448/artifacts_temp/fix-sort-cleanup/LiteDB.Tests/LiteDB.Tests.csproj::TargetFramework=net8.0]
/home/jonas/.t3/worktrees/LiteDB/t3code-0cc13448/artifacts_temp/fix-sort-cleanup/LiteDB.Tests/Issues/Issue2243ReferenceSchema_Tests.cs(21,13): warning xUnit2013: Do not use Assert.Equal() to check for collection size. Use Assert.Empty instead. (https://xunit.net/xunit.analyzers/rules/xUnit2013) [/home/jonas/.t3/worktrees/LiteDB/t3code-0cc13448/artifacts_temp/fix-sort-cleanup/LiteDB.Tests/LiteDB.Tests.csproj::TargetFramework=net8.0]
/home/jonas/.t3/worktrees/LiteDB/t3code-0cc13448/artifacts_temp/fix-sort-cleanup/LiteDB.Tests/Issues/Issue2243ReferenceSchema_Tests.cs(22,13): warning xUnit2013: Do not use Assert.Equal() to check for collection size. Use Assert.Empty instead. (https://xunit.net/xunit.analyzers/rules/xUnit2013) [/home/jonas/.t3/worktrees/LiteDB/t3code-0cc13448/artifacts_temp/fix-sort-cleanup/LiteDB.Tests/LiteDB.Tests.csproj::TargetFramework=net8.0]
/home/jonas/.t3/worktrees/LiteDB/t3code-0cc13448/artifacts_temp/fix-sort-cleanup/LiteDB.Tests/Issues/Issue2324_Tests.cs(64,33): warning xUnit1031: Test methods should not use blocking task operations, as they can cause deadlocks. Use an async test method and await instead. (https://xunit.net/xunit.analyzers/rules/xUnit1031) [/home/jonas/.t3/worktrees/LiteDB/t3code-0cc13448/artifacts_temp/fix-sort-cleanup/LiteDB.Tests/LiteDB.Tests.csproj::TargetFramework=net8.0]
/home/jonas/.t3/worktrees/LiteDB/t3code-0cc13448/artifacts_temp/fix-sort-cleanup/LiteDB.Tests/Issues/Issue2112_Tests.cs(32,13): warning xUnit2013: Do not use Assert.Equal() to check for collection size. Use Assert.Single instead. (https://xunit.net/xunit.analyzers/rules/xUnit2013) [/home/jonas/.t3/worktrees/LiteDB/t3code-0cc13448/artifacts_temp/fix-sort-cleanup/LiteDB.Tests/LiteDB.Tests.csproj::TargetFramework=net8.0]
  LiteDB.Tests -> /home/jonas/.t3/worktrees/LiteDB/t3code-0cc13448/artifacts_temp/fix-sort-cleanup/LiteDB.Tests/bin/Release/net8.0/LiteDB.Tests.dll
Test run for /home/jonas/.t3/worktrees/LiteDB/t3code-0cc13448/artifacts_temp/fix-sort-cleanup/LiteDB.Tests/bin/Release/net8.0/LiteDB.Tests.dll (.NETCoreApp,Version=v8.0)
A total of 1 test files matched the specified pattern.
[xUnit.net 00:00:01.80]     LiteDB.Tests.Engine.SortDiskCleanup_Tests.Writable_open_reclaims_stale_sort_file_without_a_new_spill(shared: True, encrypted: True) [FAIL]
[xUnit.net 00:00:01.95]     LiteDB.Tests.Engine.SortDiskCleanup_Tests.Writable_open_reclaims_stale_sort_file_without_a_new_spill(shared: False, encrypted: True) [FAIL]
[xUnit.net 00:00:02.03]     LiteDB.Tests.Engine.SortDiskCleanup_Tests.Writable_open_reclaims_stale_sort_file_without_a_new_spill(shared: False, encrypted: False) [FAIL]
[xUnit.net 00:00:02.60]     LiteDB.Tests.Engine.SortDiskCleanup_Tests.Writable_open_reclaims_stale_sort_file_without_a_new_spill(shared: True, encrypted: False) [FAIL]
[xUnit.net 00:00:02.98]     LiteDB.Tests.Engine.SortDiskCleanup_Tests.Failed_alias_admission_cannot_delete_live_owners_sort_file(encrypted: False) [FAIL]
  Failed LiteDB.Tests.Engine.SortDiskCleanup_Tests.Writable_open_reclaims_stale_sort_file_without_a_new_spill(shared: True, encrypted: True) [884 ms]
  Error Message:
   Expected File.Exists(temp) to be False because a writable core owns cleanup even if it never spilled, but found True.
  Stack Trace:
     at FluentAssertions.Execution.XUnit2TestFramework.Throw(String message)
   at FluentAssertions.Execution.TestFrameworkProvider.Throw(String message)
   at FluentAssertions.Execution.DefaultAssertionStrategy.HandleFailure(String message)
   at FluentAssertions.Execution.AssertionScope.FailWith(Func`1 failReasonFunc)
   at FluentAssertions.Execution.AssertionScope.FailWith(Func`1 failReasonFunc)
   at FluentAssertions.Execution.AssertionScope.FailWith(String message, Object[] args)
   at FluentAssertions.Primitives.BooleanAssertions`1.BeFalse(String because, Object[] becauseArgs)
   at LiteDB.Tests.Engine.SortDiskCleanup_Tests.Writable_open_reclaims_stale_sort_file_without_a_new_spill(Boolean shared, Boolean encrypted) in /home/jonas/.t3/worktrees/LiteDB/t3code-0cc13448/artifacts_temp/fix-sort-cleanup/LiteDB.Tests/Engine/SortDiskCleanup_Tests.cs:line 30
   at System.RuntimeMethodHandle.InvokeMethod(Object target, Void** arguments, Signature sig, Boolean isConstructor)
   at System.Reflection.MethodBaseInvoker.InvokeDirectByRefWithFewArgs(Object obj, Span`1 copyOfArgs, BindingFlags invokeAttr)
  Failed LiteDB.Tests.Engine.SortDiskCleanup_Tests.Writable_open_reclaims_stale_sort_file_without_a_new_spill(shared: False, encrypted: True) [142 ms]
  Error Message:
   Expected File.Exists(temp) to be False because a writable core owns cleanup even if it never spilled, but found True.
  Stack Trace:
     at FluentAssertions.Execution.XUnit2TestFramework.Throw(String message)
   at FluentAssertions.Execution.TestFrameworkProvider.Throw(String message)
   at FluentAssertions.Execution.DefaultAssertionStrategy.HandleFailure(String message)
   at FluentAssertions.Execution.AssertionScope.FailWith(Func`1 failReasonFunc)
   at FluentAssertions.Execution.AssertionScope.FailWith(Func`1 failReasonFunc)
   at FluentAssertions.Execution.AssertionScope.FailWith(String message, Object[] args)
   at FluentAssertions.Primitives.BooleanAssertions`1.BeFalse(String because, Object[] becauseArgs)
   at LiteDB.Tests.Engine.SortDiskCleanup_Tests.Writable_open_reclaims_stale_sort_file_without_a_new_spill(Boolean shared, Boolean encrypted) in /home/jonas/.t3/worktrees/LiteDB/t3code-0cc13448/artifacts_temp/fix-sort-cleanup/LiteDB.Tests/Engine/SortDiskCleanup_Tests.cs:line 30
   at InvokeStub_SortDiskCleanup_Tests.Writable_open_reclaims_stale_sort_file_without_a_new_spill(Object, Span`1)
   at System.Reflection.MethodBaseInvoker.InvokeWithFewArgs(Object obj, BindingFlags invokeAttr, Binder binder, Object[] parameters, CultureInfo culture)
  Failed LiteDB.Tests.Engine.SortDiskCleanup_Tests.Writable_open_reclaims_stale_sort_file_without_a_new_spill(shared: False, encrypted: False) [83 ms]
  Error Message:
   Expected File.Exists(temp) to be False because a writable core owns cleanup even if it never spilled, but found True.
  Stack Trace:
     at FluentAssertions.Execution.XUnit2TestFramework.Throw(String message)
   at FluentAssertions.Execution.TestFrameworkProvider.Throw(String message)
   at FluentAssertions.Execution.DefaultAssertionStrategy.HandleFailure(String message)
   at FluentAssertions.Execution.AssertionScope.FailWith(Func`1 failReasonFunc)
   at FluentAssertions.Execution.AssertionScope.FailWith(Func`1 failReasonFunc)
   at FluentAssertions.Execution.AssertionScope.FailWith(String message, Object[] args)
   at FluentAssertions.Primitives.BooleanAssertions`1.BeFalse(String because, Object[] becauseArgs)
   at LiteDB.Tests.Engine.SortDiskCleanup_Tests.Writable_open_reclaims_stale_sort_file_without_a_new_spill(Boolean shared, Boolean encrypted) in /home/jonas/.t3/worktrees/LiteDB/t3code-0cc13448/artifacts_temp/fix-sort-cleanup/LiteDB.Tests/Engine/SortDiskCleanup_Tests.cs:line 30
   at InvokeStub_SortDiskCleanup_Tests.Writable_open_reclaims_stale_sort_file_without_a_new_spill(Object, Span`1)
   at System.Reflection.MethodBaseInvoker.InvokeWithFewArgs(Object obj, BindingFlags invokeAttr, Binder binder, Object[] parameters, CultureInfo culture)
  Failed LiteDB.Tests.Engine.SortDiskCleanup_Tests.Writable_open_reclaims_stale_sort_file_without_a_new_spill(shared: True, encrypted: False) [568 ms]
  Error Message:
   Expected File.Exists(temp) to be False because a writable core owns cleanup even if it never spilled, but found True.
  Stack Trace:
     at FluentAssertions.Execution.XUnit2TestFramework.Throw(String message)
   at FluentAssertions.Execution.TestFrameworkProvider.Throw(String message)
   at FluentAssertions.Execution.DefaultAssertionStrategy.HandleFailure(String message)
   at FluentAssertions.Execution.AssertionScope.FailWith(Func`1 failReasonFunc)
   at FluentAssertions.Execution.AssertionScope.FailWith(Func`1 failReasonFunc)
   at FluentAssertions.Execution.AssertionScope.FailWith(String message, Object[] args)
   at FluentAssertions.Primitives.BooleanAssertions`1.BeFalse(String because, Object[] becauseArgs)
   at LiteDB.Tests.Engine.SortDiskCleanup_Tests.Writable_open_reclaims_stale_sort_file_without_a_new_spill(Boolean shared, Boolean encrypted) in /home/jonas/.t3/worktrees/LiteDB/t3code-0cc13448/artifacts_temp/fix-sort-cleanup/LiteDB.Tests/Engine/SortDiskCleanup_Tests.cs:line 30
   at InvokeStub_SortDiskCleanup_Tests.Writable_open_reclaims_stale_sort_file_without_a_new_spill(Object, Span`1)
   at System.Reflection.MethodBaseInvoker.InvokeWithFewArgs(Object obj, BindingFlags invokeAttr, Binder binder, Object[] parameters, CultureInfo culture)
[xUnit.net 00:00:03.13]     LiteDB.Tests.Engine.SortDiskCleanup_Tests.Failed_alias_admission_cannot_delete_live_owners_sort_file(encrypted: True) [FAIL]
  Failed LiteDB.Tests.Engine.SortDiskCleanup_Tests.Failed_alias_admission_cannot_delete_live_owners_sort_file(encrypted: False) [91 ms]
  Error Message:
   Expected File.Exists(temp) to be False, but found True.
  Stack Trace:
     at FluentAssertions.Execution.XUnit2TestFramework.Throw(String message)
   at FluentAssertions.Execution.TestFrameworkProvider.Throw(String message)
   at FluentAssertions.Execution.DefaultAssertionStrategy.HandleFailure(String message)
   at FluentAssertions.Execution.AssertionScope.FailWith(Func`1 failReasonFunc)
   at FluentAssertions.Execution.AssertionScope.FailWith(Func`1 failReasonFunc)
   at FluentAssertions.Execution.AssertionScope.FailWith(String message, Object[] args)
   at FluentAssertions.Primitives.BooleanAssertions`1.BeFalse(String because, Object[] becauseArgs)
   at LiteDB.Tests.Engine.SortDiskCleanup_Tests.Failed_alias_admission_cannot_delete_live_owners_sort_file(Boolean encrypted) in /home/jonas/.t3/worktrees/LiteDB/t3code-0cc13448/artifacts_temp/fix-sort-cleanup/LiteDB.Tests/Engine/SortDiskCleanup_Tests.cs:line 61
   at System.RuntimeMethodHandle.InvokeMethod(Object target, Void** arguments, Signature sig, Boolean isConstructor)
   at System.Reflection.MethodBaseInvoker.InvokeDirectByRefWithFewArgs(Object obj, Span`1 copyOfArgs, BindingFlags invokeAttr)
  Failed LiteDB.Tests.Engine.SortDiskCleanup_Tests.Failed_alias_admission_cannot_delete_live_owners_sort_file(encrypted: True) [153 ms]
  Error Message:
   Expected File.Exists(temp) to be False, but found True.
  Stack Trace:
     at FluentAssertions.Execution.XUnit2TestFramework.Throw(String message)
   at FluentAssertions.Execution.TestFrameworkProvider.Throw(String message)
   at FluentAssertions.Execution.DefaultAssertionStrategy.HandleFailure(String message)
   at FluentAssertions.Execution.AssertionScope.FailWith(Func`1 failReasonFunc)
   at FluentAssertions.Execution.AssertionScope.FailWith(Func`1 failReasonFunc)
   at FluentAssertions.Execution.AssertionScope.FailWith(String message, Object[] args)
   at FluentAssertions.Primitives.BooleanAssertions`1.BeFalse(String because, Object[] becauseArgs)
   at LiteDB.Tests.Engine.SortDiskCleanup_Tests.Failed_alias_admission_cannot_delete_live_owners_sort_file(Boolean encrypted) in /home/jonas/.t3/worktrees/LiteDB/t3code-0cc13448/artifacts_temp/fix-sort-cleanup/LiteDB.Tests/Engine/SortDiskCleanup_Tests.cs:line 61
   at InvokeStub_SortDiskCleanup_Tests.Failed_alias_admission_cannot_delete_live_owners_sort_file(Object, Span`1)
   at System.Reflection.MethodBaseInvoker.InvokeWithOneArg(Object obj, BindingFlags invokeAttr, Binder binder, Object[] parameters, CultureInfo culture)
WARNING: Overwriting results file: /home/jonas/.t3/worktrees/LiteDB/t3code-0cc13448/artifacts_temp/fix-sort-cleanup/LiteDB.Tests/TestResults/sort-before-net8.trx
Results File: /home/jonas/.t3/worktrees/LiteDB/t3code-0cc13448/artifacts_temp/fix-sort-cleanup/LiteDB.Tests/TestResults/sort-before-net8.trx

Failed!  - Failed:     6, Passed:     2, Skipped:     0, Total:     8, Duration: 2 s - LiteDB.Tests.dll (net8.0)
