.NET SDK:
 Version:           10.0.400
 Commit:            14fbf8d527
 Workload version:  10.0.400-manifests.330ea142
 MSBuild version:   18.9.6+14fbf8d52

Runtime Environment:
 OS Name:     ubuntu
 OS Version:  24.04
 OS Platform: Linux
 RID:         linux-x64
 Base Path:   __LOCAL_HOME__/.dotnet/sdk/10.0.400/

.NET workloads installed:
 [android]
   Installation Source: SDK 10.0.400
   Manifest Version:    36.1.2/10.0.100
   Manifest Path:       __LOCAL_HOME__/.dotnet/sdk-manifests/10.0.100/microsoft.net.sdk.android/36.1.2/WorkloadManifest.json
   Install Type:        FileBased

 [wasi-experimental]
   Installation Source: SDK 10.0.400
   Manifest Version:    10.0.111/10.0.100
   Manifest Path:       __LOCAL_HOME__/.dotnet/sdk-manifests/10.0.100/microsoft.net.workload.mono.toolchain.current/10.0.111/WorkloadManifest.json
   Install Type:        FileBased

Configured to use workload sets when installing new manifests.
No workload sets are installed. Run "dotnet workload restore" to install a workload set.

Host:
  Version:      10.0.11
  Architecture: x64
  Commit:       e2f47b0110

.NET SDKs installed:
  6.0.428 [__LOCAL_HOME__/.dotnet/sdk]
  10.0.102 [__LOCAL_HOME__/.dotnet/sdk]
  10.0.204 [__LOCAL_HOME__/.dotnet/sdk]
  10.0.301 [__LOCAL_HOME__/.dotnet/sdk]
  10.0.302 [__LOCAL_HOME__/.dotnet/sdk]
  10.0.400 [__LOCAL_HOME__/.dotnet/sdk]

.NET runtimes installed:
  Microsoft.AspNetCore.App 6.0.36 [__LOCAL_HOME__/.dotnet/shared/Microsoft.AspNetCore.App]
  Microsoft.AspNetCore.App 10.0.2 [__LOCAL_HOME__/.dotnet/shared/Microsoft.AspNetCore.App]
  Microsoft.AspNetCore.App 10.0.8 [__LOCAL_HOME__/.dotnet/shared/Microsoft.AspNetCore.App]
  Microsoft.AspNetCore.App 10.0.9 [__LOCAL_HOME__/.dotnet/shared/Microsoft.AspNetCore.App]
  Microsoft.AspNetCore.App 10.0.10 [__LOCAL_HOME__/.dotnet/shared/Microsoft.AspNetCore.App]
  Microsoft.AspNetCore.App 10.0.11 [__LOCAL_HOME__/.dotnet/shared/Microsoft.AspNetCore.App]
  Microsoft.NETCore.App 6.0.36 [__LOCAL_HOME__/.dotnet/shared/Microsoft.NETCore.App]
  Microsoft.NETCore.App 8.0.30 [__LOCAL_HOME__/.dotnet/shared/Microsoft.NETCore.App]
  Microsoft.NETCore.App 10.0.2 [__LOCAL_HOME__/.dotnet/shared/Microsoft.NETCore.App]
  Microsoft.NETCore.App 10.0.8 [__LOCAL_HOME__/.dotnet/shared/Microsoft.NETCore.App]
  Microsoft.NETCore.App 10.0.9 [__LOCAL_HOME__/.dotnet/shared/Microsoft.NETCore.App]
  Microsoft.NETCore.App 10.0.10 [__LOCAL_HOME__/.dotnet/shared/Microsoft.NETCore.App]
  Microsoft.NETCore.App 10.0.11 [__LOCAL_HOME__/.dotnet/shared/Microsoft.NETCore.App]

Other architectures found:
  None

Environment variables:
  Not set

global.json file:
  Not found

Learn more:
  https://aka.ms/dotnet/info

Download .NET:
  https://aka.ms/dotnet/download
Running native selection partition: handles
.NET SDK:
 Version:           10.0.400
 Commit:            14fbf8d527
 Workload version:  10.0.400-manifests.330ea142
 MSBuild version:   18.9.6+14fbf8d52

Runtime Environment:
 OS Name:     ubuntu
 OS Version:  24.04
 OS Platform: Linux
 RID:         linux-x64
 Base Path:   __LOCAL_HOME__/.dotnet/sdk/10.0.400/

.NET workloads installed:
 [android]
   Installation Source: SDK 10.0.400
   Manifest Version:    36.1.2/10.0.100
   Manifest Path:       __LOCAL_HOME__/.dotnet/sdk-manifests/10.0.100/microsoft.net.sdk.android/36.1.2/WorkloadManifest.json
   Install Type:        FileBased

 [wasi-experimental]
   Installation Source: SDK 10.0.400
   Manifest Version:    10.0.111/10.0.100
   Manifest Path:       __LOCAL_HOME__/.dotnet/sdk-manifests/10.0.100/microsoft.net.workload.mono.toolchain.current/10.0.111/WorkloadManifest.json
   Install Type:        FileBased

Configured to use workload sets when installing new manifests.
No workload sets are installed. Run "dotnet workload restore" to install a workload set.

Host:
  Version:      10.0.11
  Architecture: x64
  Commit:       e2f47b0110

.NET SDKs installed:
  6.0.428 [__LOCAL_HOME__/.dotnet/sdk]
  10.0.102 [__LOCAL_HOME__/.dotnet/sdk]
  10.0.204 [__LOCAL_HOME__/.dotnet/sdk]
  10.0.301 [__LOCAL_HOME__/.dotnet/sdk]
  10.0.302 [__LOCAL_HOME__/.dotnet/sdk]
  10.0.400 [__LOCAL_HOME__/.dotnet/sdk]

.NET runtimes installed:
  Microsoft.AspNetCore.App 6.0.36 [__LOCAL_HOME__/.dotnet/shared/Microsoft.AspNetCore.App]
  Microsoft.AspNetCore.App 10.0.2 [__LOCAL_HOME__/.dotnet/shared/Microsoft.AspNetCore.App]
  Microsoft.AspNetCore.App 10.0.8 [__LOCAL_HOME__/.dotnet/shared/Microsoft.AspNetCore.App]
  Microsoft.AspNetCore.App 10.0.9 [__LOCAL_HOME__/.dotnet/shared/Microsoft.AspNetCore.App]
  Microsoft.AspNetCore.App 10.0.10 [__LOCAL_HOME__/.dotnet/shared/Microsoft.AspNetCore.App]
  Microsoft.AspNetCore.App 10.0.11 [__LOCAL_HOME__/.dotnet/shared/Microsoft.AspNetCore.App]
  Microsoft.NETCore.App 6.0.36 [__LOCAL_HOME__/.dotnet/shared/Microsoft.NETCore.App]
  Microsoft.NETCore.App 8.0.30 [__LOCAL_HOME__/.dotnet/shared/Microsoft.NETCore.App]
  Microsoft.NETCore.App 10.0.2 [__LOCAL_HOME__/.dotnet/shared/Microsoft.NETCore.App]
  Microsoft.NETCore.App 10.0.8 [__LOCAL_HOME__/.dotnet/shared/Microsoft.NETCore.App]
  Microsoft.NETCore.App 10.0.9 [__LOCAL_HOME__/.dotnet/shared/Microsoft.NETCore.App]
  Microsoft.NETCore.App 10.0.10 [__LOCAL_HOME__/.dotnet/shared/Microsoft.NETCore.App]
  Microsoft.NETCore.App 10.0.11 [__LOCAL_HOME__/.dotnet/shared/Microsoft.NETCore.App]

Other architectures found:
  None

Environment variables:
  DOTNET_MULTILEVEL_LOOKUP                 [0]
  DOTNET_ROLL_FORWARD                      [LatestMajor]

global.json file:
  Not found

Learn more:
  https://aka.ms/dotnet/info

Download .NET:
  https://aka.ms/dotnet/download
VSTest version 18.7.0 (x64)

Starting test execution, please wait...
A total of 1 test files matched the specified pattern.
Results File: __WORKSPACE__/temporary/pr133-native-partitions/LiteDB.Tests/TestResults/NativeAdmission-handles.trx

Passed!  - Failed:     0, Passed:   207, Skipped:     0, Total:   207, Duration: 46 s - LiteDB.Tests.dll (net10.0)
Running native selection partition: admission
.NET SDK:
 Version:           10.0.400
 Commit:            14fbf8d527
 Workload version:  10.0.400-manifests.330ea142
 MSBuild version:   18.9.6+14fbf8d52

Runtime Environment:
 OS Name:     ubuntu
 OS Version:  24.04
 OS Platform: Linux
 RID:         linux-x64
 Base Path:   __LOCAL_HOME__/.dotnet/sdk/10.0.400/

.NET workloads installed:
 [android]
   Installation Source: SDK 10.0.400
   Manifest Version:    36.1.2/10.0.100
   Manifest Path:       __LOCAL_HOME__/.dotnet/sdk-manifests/10.0.100/microsoft.net.sdk.android/36.1.2/WorkloadManifest.json
   Install Type:        FileBased

 [wasi-experimental]
   Installation Source: SDK 10.0.400
   Manifest Version:    10.0.111/10.0.100
   Manifest Path:       __LOCAL_HOME__/.dotnet/sdk-manifests/10.0.100/microsoft.net.workload.mono.toolchain.current/10.0.111/WorkloadManifest.json
   Install Type:        FileBased

Configured to use workload sets when installing new manifests.
No workload sets are installed. Run "dotnet workload restore" to install a workload set.

Host:
  Version:      10.0.11
  Architecture: x64
  Commit:       e2f47b0110

.NET SDKs installed:
  6.0.428 [__LOCAL_HOME__/.dotnet/sdk]
  10.0.102 [__LOCAL_HOME__/.dotnet/sdk]
  10.0.204 [__LOCAL_HOME__/.dotnet/sdk]
  10.0.301 [__LOCAL_HOME__/.dotnet/sdk]
  10.0.302 [__LOCAL_HOME__/.dotnet/sdk]
  10.0.400 [__LOCAL_HOME__/.dotnet/sdk]

.NET runtimes installed:
  Microsoft.AspNetCore.App 6.0.36 [__LOCAL_HOME__/.dotnet/shared/Microsoft.AspNetCore.App]
  Microsoft.AspNetCore.App 10.0.2 [__LOCAL_HOME__/.dotnet/shared/Microsoft.AspNetCore.App]
  Microsoft.AspNetCore.App 10.0.8 [__LOCAL_HOME__/.dotnet/shared/Microsoft.AspNetCore.App]
  Microsoft.AspNetCore.App 10.0.9 [__LOCAL_HOME__/.dotnet/shared/Microsoft.AspNetCore.App]
  Microsoft.AspNetCore.App 10.0.10 [__LOCAL_HOME__/.dotnet/shared/Microsoft.AspNetCore.App]
  Microsoft.AspNetCore.App 10.0.11 [__LOCAL_HOME__/.dotnet/shared/Microsoft.AspNetCore.App]
  Microsoft.NETCore.App 6.0.36 [__LOCAL_HOME__/.dotnet/shared/Microsoft.NETCore.App]
  Microsoft.NETCore.App 8.0.30 [__LOCAL_HOME__/.dotnet/shared/Microsoft.NETCore.App]
  Microsoft.NETCore.App 10.0.2 [__LOCAL_HOME__/.dotnet/shared/Microsoft.NETCore.App]
  Microsoft.NETCore.App 10.0.8 [__LOCAL_HOME__/.dotnet/shared/Microsoft.NETCore.App]
  Microsoft.NETCore.App 10.0.9 [__LOCAL_HOME__/.dotnet/shared/Microsoft.NETCore.App]
  Microsoft.NETCore.App 10.0.10 [__LOCAL_HOME__/.dotnet/shared/Microsoft.NETCore.App]
  Microsoft.NETCore.App 10.0.11 [__LOCAL_HOME__/.dotnet/shared/Microsoft.NETCore.App]

Other architectures found:
  None

Environment variables:
  DOTNET_MULTILEVEL_LOOKUP                 [0]
  DOTNET_ROLL_FORWARD                      [LatestMajor]

global.json file:
  Not found

Learn more:
  https://aka.ms/dotnet/info

Download .NET:
  https://aka.ms/dotnet/download
VSTest version 18.7.0 (x64)

Starting test execution, please wait...
A total of 1 test files matched the specified pattern.
Results File: __WORKSPACE__/temporary/pr133-native-partitions/LiteDB.Tests/TestResults/NativeAdmission-admission.trx

Passed!  - Failed:     0, Passed:   202, Skipped:     0, Total:   202, Duration: 1 m 11 s - LiteDB.Tests.dll (net10.0)
Running native selection partition: remaining
.NET SDK:
 Version:           10.0.400
 Commit:            14fbf8d527
 Workload version:  10.0.400-manifests.330ea142
 MSBuild version:   18.9.6+14fbf8d52

Runtime Environment:
 OS Name:     ubuntu
 OS Version:  24.04
 OS Platform: Linux
 RID:         linux-x64
 Base Path:   __LOCAL_HOME__/.dotnet/sdk/10.0.400/

.NET workloads installed:
 [android]
   Installation Source: SDK 10.0.400
   Manifest Version:    36.1.2/10.0.100
   Manifest Path:       __LOCAL_HOME__/.dotnet/sdk-manifests/10.0.100/microsoft.net.sdk.android/36.1.2/WorkloadManifest.json
   Install Type:        FileBased

 [wasi-experimental]
   Installation Source: SDK 10.0.400
   Manifest Version:    10.0.111/10.0.100
   Manifest Path:       __LOCAL_HOME__/.dotnet/sdk-manifests/10.0.100/microsoft.net.workload.mono.toolchain.current/10.0.111/WorkloadManifest.json
   Install Type:        FileBased

Configured to use workload sets when installing new manifests.
No workload sets are installed. Run "dotnet workload restore" to install a workload set.

Host:
  Version:      10.0.11
  Architecture: x64
  Commit:       e2f47b0110

.NET SDKs installed:
  6.0.428 [__LOCAL_HOME__/.dotnet/sdk]
  10.0.102 [__LOCAL_HOME__/.dotnet/sdk]
  10.0.204 [__LOCAL_HOME__/.dotnet/sdk]
  10.0.301 [__LOCAL_HOME__/.dotnet/sdk]
  10.0.302 [__LOCAL_HOME__/.dotnet/sdk]
  10.0.400 [__LOCAL_HOME__/.dotnet/sdk]

.NET runtimes installed:
  Microsoft.AspNetCore.App 6.0.36 [__LOCAL_HOME__/.dotnet/shared/Microsoft.AspNetCore.App]
  Microsoft.AspNetCore.App 10.0.2 [__LOCAL_HOME__/.dotnet/shared/Microsoft.AspNetCore.App]
  Microsoft.AspNetCore.App 10.0.8 [__LOCAL_HOME__/.dotnet/shared/Microsoft.AspNetCore.App]
  Microsoft.AspNetCore.App 10.0.9 [__LOCAL_HOME__/.dotnet/shared/Microsoft.AspNetCore.App]
  Microsoft.AspNetCore.App 10.0.10 [__LOCAL_HOME__/.dotnet/shared/Microsoft.AspNetCore.App]
  Microsoft.AspNetCore.App 10.0.11 [__LOCAL_HOME__/.dotnet/shared/Microsoft.AspNetCore.App]
  Microsoft.NETCore.App 6.0.36 [__LOCAL_HOME__/.dotnet/shared/Microsoft.NETCore.App]
  Microsoft.NETCore.App 8.0.30 [__LOCAL_HOME__/.dotnet/shared/Microsoft.NETCore.App]
  Microsoft.NETCore.App 10.0.2 [__LOCAL_HOME__/.dotnet/shared/Microsoft.NETCore.App]
  Microsoft.NETCore.App 10.0.8 [__LOCAL_HOME__/.dotnet/shared/Microsoft.NETCore.App]
  Microsoft.NETCore.App 10.0.9 [__LOCAL_HOME__/.dotnet/shared/Microsoft.NETCore.App]
  Microsoft.NETCore.App 10.0.10 [__LOCAL_HOME__/.dotnet/shared/Microsoft.NETCore.App]
  Microsoft.NETCore.App 10.0.11 [__LOCAL_HOME__/.dotnet/shared/Microsoft.NETCore.App]

Other architectures found:
  None

Environment variables:
  DOTNET_MULTILEVEL_LOOKUP                 [0]
  DOTNET_ROLL_FORWARD                      [LatestMajor]

global.json file:
  Not found

Learn more:
  https://aka.ms/dotnet/info

Download .NET:
  https://aka.ms/dotnet/download
VSTest version 18.7.0 (x64)

Starting test execution, please wait...
A total of 1 test files matched the specified pattern.
[xUnit.net 00:00:38.92]     LiteDB.Tests.Engine.Rebuild_Tests.Rebuild_Change_Culture_Error [SKIP]
  Skipped LiteDB.Tests.Engine.Rebuild_Tests.Rebuild_Change_Culture_Error [1 ms]
Results File: __WORKSPACE__/temporary/pr133-native-partitions/LiteDB.Tests/TestResults/NativeAdmission-remaining.trx

Passed!  - Failed:     0, Passed:   236, Skipped:     1, Total:   237, Duration: 48 s - LiteDB.Tests.dll (net10.0)
