Test run for $TMPDIR/review3-c/LiteDB.Tests/bin/Release/net10.0/LiteDB.Tests.dll (.NETCoreApp,Version=v10.0)
A total of 1 test files matched the specified pattern.
$TMPDIR/review3-c/LiteDB.Tests/bin/Release/net10.0/LiteDB.Tests.dll
[xUnit.net 00:00:00.00] xUnit.net VSTest Adapter v2.8.2+699d445a1a (64-bit .NET 10.0.12)
[xUnit.net 00:00:00.15]   Discovering: LiteDB.Tests
[xUnit.net 00:00:00.96]   Discovered:  LiteDB.Tests
[xUnit.net 00:00:00.97]   Starting:    LiteDB.Tests
[xUnit.net 00:00:01.18]   Finished:    LiteDB.Tests
  Passed LiteDB.Tests.Engine.ZzProbe3_Tests.T2_fallback_for_update_with_safepoints(dataW: True, logW: False) [146 ms]
  Standard Output Messages:
 ro=True
 begin ok True
 for update ok 48
 for update idx ok 43
 commit ok True
 begin ok True
 for update ok 48
 for update idx ok 43
 rollback ok True
 begin ok True
 for update ok 48
 for update idx ok 43
 commit ok True
 count ok 48
 data changed=False log changed=False
 data calls=0
 log calls=0


  Passed LiteDB.Tests.Engine.ZzProbe3_Tests.T2_fallback_for_update_with_safepoints(dataW: False, logW: True) [6 ms]
  Standard Output Messages:
 ro=True
 begin ok True
 for update ok 48
 for update idx ok 43
 commit ok True
 begin ok True
 for update ok 48
 for update idx ok 43
 rollback ok True
 begin ok True
 for update ok 48
 for update idx ok 43
 commit ok True
 count ok 48
 data changed=False log changed=False
 data calls=0
 log calls=0



Test Run Successful.
Total tests: 2
     Passed: 2
 Total time: 1.7130 Seconds
