Test run for $TMPDIR/review3-c/LiteDB.Tests/bin/Release/net10.0/LiteDB.Tests.dll (.NETCoreApp,Version=v10.0)
A total of 1 test files matched the specified pattern.
$TMPDIR/review3-c/LiteDB.Tests/bin/Release/net10.0/LiteDB.Tests.dll
[xUnit.net 00:00:00.00] xUnit.net VSTest Adapter v2.8.2+699d445a1a (64-bit .NET 10.0.12)
[xUnit.net 00:00:00.19]   Discovering: LiteDB.Tests
[xUnit.net 00:00:00.96]   Discovered:  LiteDB.Tests
[xUnit.net 00:00:00.97]   Starting:    LiteDB.Tests
[xUnit.net 00:00:06.46]   Finished:    LiteDB.Tests
  Passed LiteDB.Tests.Engine.ZzProbe3_Tests.Replay_images_over_non_writable_combinations [5 s]
  Standard Output Messages:
 images: 185
   5021 x1
   mig#0 x1
   mig#1 x1
   mig#2 x1
   mig#3 x1
   mig#4 x1
   mig#5 x1
   mig#6 x1
   mig#7 x1
   mig#8 x1
   mig#9 x1
   mig#10 x1
   mig#11 x1
   mig#12 x1
   mig#13 x1
   mig#14 x1
   mig#15 x1
   mig#16 x1
   mig#17 x1
   mig#18 x1
   mig#19 x1
   mig#20 x1
   mig#21 x1
   mig#22 x1
   mig#23 x1
   mig#24 x1
   mig#25 x1
   mig#26 x1
   mig#27 x1
   mig#28 x1
   mig#29 x1
   mig#30 x1
   mig#31 x1
   mig#32 x1
   mig#33 x1
   mig#34 x1
   mig#35 x1
   mig#36 x1
   mig#37 x1
   mig#38 x1
   mig#39 x1
   mig#40 x1
   mig#41 x1
   mig#42 x1
   mig#43 x1
   mig#44 x1
   mig#45 x1
   mig#46 x1
   mig#47 x1
   mig#48 x1
   mig#49 x1
   mig#50 x1
   mig#51 x1
   mig#52 x1
   mig#53 x1
   mig#54 x1
   mig#55 x1
   mig#56 x1
   mig#57 x1
   mig#58 x1
   mig x1
   walcrash x1
   walcrash+tail100 x1
   walcrash+tail512 x1
   walcrash+tail4096 x1
   promo x37
   mvcc x38
   rooted x36
   current x7
   v11 x2
 sample mvcc clean rooted cFalse v13 log=385024 ref=rows=8#-227476712 [value:8]untouched=1#-171826026 
 sample mvcc promotion-before-journal-write p-1 cFalse v11 log=376832 ref=rows=8#-227476712 [value:8]untouched=1#-171826026 
 sample mvcc promotion-after-journal-flush p-1 cFalse v11 log=393216 ref=rows=8#-227476712 [value:8]untouched=1#-171826026 
 sample mvcc promotion-before-header-write p-1 cFalse v11 log=393216 ref=rows=8#-227476712 [value:8]untouched=1#-171826026 
 sample mvcc promotion-after-header-write p-1 cFalse v11 log=393216 ref=rows=8#-227476712 [value:8]untouched=1#-171826026 
 sample mvcc promotion-after-header-flush p-1 cFalse v13 log=393216 ref=rows=8#-227476712 [value:8]untouched=1#-171826026 
 sample mvcc promotion-after-journal-retire-flush p-1 cFalse v13 log=376832 ref=rows=8#-227476712 [value:8]untouched=1#-171826026 
 sample mvcc retirement-before-record-write p-1 cFalse v13 log=376832 ref=rows=8#-227476712 [value:8]untouched=1#-171826026 
 sample mvcc retirement-after-record-write p-1 cFalse v13 log=376832 ref=rows=8#-227476712 [value:8]untouched=1#-171826026 
 sample mvcc retirement-records-flushed p-1 cFalse v13 log=379776 ref=rows=8#-227476712 [value:8]untouched=1#-171826026 
 sample mvcc retirement-before-header-write p-1 cFalse v13 log=401408 ref=rows=8#-227476712 [value:8]untouched=1#-171826026 
 sample mvcc retirement-after-header-write p-1 cFalse v13 log=401408 ref=rows=8#-227476712 [value:8]untouched=1#-171826026 
 sample mvcc retirement-header-flushed p-1 cFalse v13 log=401408 ref=rows=8#-227476712 [value:8]untouched=1#-171826026 
 sample mvcc retirement-before-journal-retire-flush p-1 cFalse v13 log=401408 ref=rows=8#-227476712 [value:8]untouched=1#-171826026 
 sample mvcc retirement-journal-retired p-1 cFalse v13 log=385024 ref=rows=8#-227476712 [value:8]untouched=1#-171826026 
 sample mvcc wal-slot-cleared p-1 cFalse v13 log=385024 ref=rows=8#-227476712 [value:8]untouched=1#-171826026 
 sample mvcc wal-slots-flushed p-1 cFalse v13 log=385024 ref=rows=8#-227476712 [value:8]untouched=1#-171826026 
 sample mvcc wal-slots-published p-1 cFalse v13 log=385024 ref=rows=8#-227476712 [value:8]untouched=1#-171826026 
 sample mvcc reuse p-1 cFalse v13 log=385024 ref=rows=8#-227476712 [value:8]untouched=1#-171826026 
 sample rooted checkpoint-before-page-write cut cFalse #0 v13 log=524288 ref=rows=8#-227476712 [value:8]untouched=1#-171826026 
 sample rooted checkpoint-before-page-write cut cFalse #1 v13 log=540672 ref=rows=8#-227476712 [value:8]untouched=1#-171826026 
 sample rooted checkpoint-after-page-write cut cFalse #0 v13 log=524288 ref=rows=8#-227476712 [value:8]untouched=1#-171826026 
 sample rooted checkpoint-after-page-write cut cFalse #1 v13 log=540672 ref=rows=8#-227476712 [value:8]untouched=1#-171826026 
 sample rooted checkpoint-before-data-flush cut cFalse #0 v13 log=524288 ref=rows=8#-227476712 [value:8]untouched=1#-171826026 
 sample rooted checkpoint-before-data-flush cut cFalse #1 v13 log=540672 ref=rows=8#-227476712 [value:8]untouched=1#-171826026 
 sample rooted checkpoint-after-data-flush cut cFalse #0 v13 log=524288 ref=rows=8#-227476712 [value:8]untouched=1#-171826026 
 sample rooted checkpoint-after-data-flush cut cFalse #1 v13 log=540672 ref=rows=8#-227476712 [value:8]untouched=1#-171826026 
 sample rooted before-reclaim cut cFalse #0 v13 log=524288 ref=rows=8#-227476712 [value:8]untouched=1#-171826026 
 sample rooted before-reclaim cut cFalse #1 v13 log=540672 ref=rows=8#-227476712 [value:8]untouched=1#-171826026 
 sample rooted checkpoint-before-clear cut cFalse #0 v13 log=524288 ref=rows=8#-227476712 [value:8]untouched=1#-171826026 
 sample rooted checkpoint-before-clear cut cFalse #1 v13 log=540672 ref=rows=8#-227476712 [value:8]untouched=1#-171826026 
 sample rooted checkpoint-after-clear cut cFalse #0 v13 log=524288 ref=rows=8#-227476712 [value:8]untouched=1#-171826026 
 sample rooted checkpoint-after-clear cut cFalse #1 v13 log=540672 ref=rows=8#-227476712 [value:8]untouched=1#-171826026 
 sample rooted repeat-repair cFalse #0 v13 log=524288 ref=rows=8#-227476712 [value:8]untouched=1#-171826026 
 sample rooted repeat-repair cFalse #1 v0 log=540672 ref=rows=8#-227476712 [value:8]untouched=1#-171826026 
 sample rooted repeat-repair cFalse #2 v13 log=540672 ref=rows=8#-227476712 [value:8]untouched=1#-171826026 
 sample rooted repeat-repair cFalse #3 v13 log=540672 ref=rows=8#-227476712 [value:8]untouched=1#-171826026 
 sample mvcc clean rooted cTrue v13 log=385024 ref=rows=8#-227476712 [value:8]untouched=1#-171826026 
 sample mvcc promotion-before-journal-write p-1 cTrue v12 log=376832 ref=rows=8#-227476712 [value:8]untouched=1#-171826026 
 sample mvcc promotion-after-journal-flush p-1 cTrue v12 log=393216 ref=rows=8#-227476712 [value:8]untouched=1#-171826026 
 sample mvcc promotion-before-header-write p-1 cTrue v12 log=393216 ref=rows=8#-227476712 [value:8]untouched=1#-171826026 
 sample mvcc promotion-after-header-write p-1 cTrue v12 log=393216 ref=rows=8#-227476712 [value:8]untouched=1#-171826026 
 sample mvcc promotion-after-header-flush p-1 cTrue v13 log=393216 ref=rows=8#-227476712 [value:8]untouched=1#-171826026 
 sample mvcc promotion-after-journal-retire-flush p-1 cTrue v13 log=376832 ref=rows=8#-227476712 [value:8]untouched=1#-171826026 
 sample mvcc retirement-before-record-write p-1 cTrue v13 log=376832 ref=rows=8#-227476712 [value:8]untouched=1#-171826026 
 sample mvcc retirement-after-record-write p-1 cTrue v13 log=376832 ref=rows=8#-227476712 [value:8]untouched=1#-171826026 
 sample mvcc retirement-records-flushed p-1 cTrue v13 log=379776 ref=rows=8#-227476712 [value:8]untouched=1#-171826026 
 sample mvcc retirement-before-header-write p-1 cTrue v13 log=401408 ref=rows=8#-227476712 [value:8]untouched=1#-171826026 
 sample mvcc retirement-after-header-write p-1 cTrue v13 log=401408 ref=rows=8#-227476712 [value:8]untouched=1#-171826026 
 sample mvcc retirement-header-flushed p-1 cTrue v13 log=401408 ref=rows=8#-227476712 [value:8]untouched=1#-171826026 
 sample mvcc retirement-before-journal-retire-flush p-1 cTrue v13 log=401408 ref=rows=8#-227476712 [value:8]untouched=1#-171826026 
 sample mvcc retirement-journal-retired p-1 cTrue v13 log=385024 ref=rows=8#-227476712 [value:8]untouched=1#-171826026 
 sample mvcc wal-slot-cleared p-1 cTrue v13 log=385024 ref=rows=8#-227476712 [value:8]untouched=1#-171826026 
 sample mvcc wal-slots-flushed p-1 cTrue v13 log=385024 ref=rows=8#-227476712 [value:8]untouched=1#-171826026 
 sample mvcc wal-slots-published p-1 cTrue v13 log=385024 ref=rows=8#-227476712 [value:8]untouched=1#-171826026 
 sample mvcc reuse p-1 cTrue v13 log=385024 ref=rows=8#-227476712 [value:8]untouched=1#-171826026 
 sample rooted checkpoint-before-page-write cut cTrue #0 v13 log=524288 ref=rows=8#-227476712 [value:8]untouched=1#-171826026 
 sample rooted checkpoint-before-page-write cut cTrue #1 v13 log=540672 ref=rows=8#-227476712 [value:8]untouched=1#-171826026 
 sample rooted checkpoint-after-page-write cut cTrue #0 v13 log=524288 ref=rows=8#-227476712 [value:8]untouched=1#-171826026 
 sample rooted checkpoint-after-page-write cut cTrue #1 v13 log=540672 ref=rows=8#-227476712 [value:8]untouched=1#-171826026 
 sample rooted checkpoint-before-data-flush cut cTrue #0 v13 log=524288 ref=rows=8#-227476712 [value:8]untouched=1#-171826026 
 sample rooted checkpoint-before-data-flush cut cTrue #1 v13 log=540672 ref=rows=8#-227476712 [value:8]untouched=1#-171826026 
 sample rooted checkpoint-after-data-flush cut cTrue #0 v13 log=524288 ref=rows=8#-227476712 [value:8]untouched=1#-171826026 
 sample rooted checkpoint-after-data-flush cut cTrue #1 v13 log=540672 ref=rows=8#-227476712 [value:8]untouched=1#-171826026 
 sample rooted before-reclaim cut cTrue #0 v13 log=524288 ref=rows=8#-227476712 [value:8]untouched=1#-171826026 
 sample rooted before-reclaim cut cTrue #1 v13 log=540672 ref=rows=8#-227476712 [value:8]untouched=1#-171826026 
 sample rooted checkpoint-before-clear cut cTrue #0 v13 log=524288 ref=rows=8#-227476712 [value:8]untouched=1#-171826026 
 sample rooted checkpoint-before-clear cut cTrue #1 v13 log=540672 ref=rows=8#-227476712 [value:8]untouched=1#-171826026 
 sample rooted checkpoint-after-clear cut cTrue #0 v13 log=524288 ref=rows=8#-227476712 [value:8]untouched=1#-171826026 
 sample rooted checkpoint-after-clear cut cTrue #1 v13 log=540672 ref=rows=8#-227476712 [value:8]untouched=1#-171826026 
 sample rooted repeat-repair cTrue #0 v13 log=524288 ref=rows=8#-227476712 [value:8]untouched=1#-171826026 
 sample rooted repeat-repair cTrue #1 v0 log=540672 ref=rows=8#-227476712 [value:8]untouched=1#-171826026 
 sample rooted repeat-repair cTrue #2 v13 log=540672 ref=rows=8#-227476712 [value:8]untouched=1#-171826026 
 sample rooted repeat-repair cTrue #3 v13 log=540672 ref=rows=8#-227476712 [value:8]untouched=1#-171826026 
 sample current clean wal v12 log=147456 ref=other=1#-1525051100 rows=70#-1826055802 [value:70]
 sample current wal +100 garbage v12 log=147556 ref=other=1#-1525051100 rows=70#-1826055802 [value:70]
 sample current wal +whole garbage frame v12 log=155712 ref=other=1#-1525051100 rows=70#-1826055802 [value:70]
 sample current wal last frame corrupt v12 log=147456 ref=rows=70#-1826055802 [value:70]
 sample current wal torn last frame v12 log=142456 ref=other=1#-1525051100 rows=70#-1826055802 [value:70]
 sample current data partial page v12 log=147456 ref=other=1#-1525051100 rows=70#-1826055802 [value:70]
 sample current empty log v12 log=0 ref=rows=50#-1899145124 [value:50]
 sample v11 clean wal v11 log=147456 ref=other=1#-1525051100 rows=70#-1826055802 [value:70]
 sample v11 wal +100 garbage v11 log=147556 ref=other=1#-1525051100 rows=70#-1826055802 [value:70]
 reference failures: 0
 3 x dataR/log- OK ro=False
 4 x dataR/log- OK ro=True
 52 x dataR/logR OK ro=False
 133 x dataR/logR OK ro=True
 52 x dataR/logW OK ro=False
 133 x dataR/logW OK ro=True
 52 x dataW/logR OK ro=False
 133 x dataW/logR OK ro=True



Test Run Successful.
Total tests: 1
     Passed: 1
 Total time: 7.1039 Seconds
