{"type":"configuration","timestamp":"2026-09-30T15:08:07.2250748+00:00","payload":{"useProjectReference":true,"liteDBPackageVersion":"0.0.0-knownbad.12a057424843"}}
DATABASE_ROOT __WORKSPACE__/temporary/p133-native-callback-8a2870739af9438f8f5d8a4d8fc9a65e
CHILD_RESULT mode=--case scenario=input-pragma encrypted=False exit=20
CALLBACK_ENTERED input-pragma
NATIVE_BOUNDARY parentWaiters>0 occupiedTurnstile callerWaiting
PARENT_NATIVE_WAIT_CONFIRMED input-pragma
CHILD_RESULT mode=--peer scenario= encrypted=False exit=10
PEER_COMMITTED
NATIVE_SELF_WAIT_VERIFIED
CHILD_RESULT mode=--case scenario=input-write encrypted=False exit=20
CALLBACK_ENTERED input-write
NATIVE_BOUNDARY parentWaiters>0 occupiedTurnstile callerWaiting
PARENT_NATIVE_WAIT_CONFIRMED input-write
CHILD_RESULT mode=--peer scenario= encrypted=False exit=10
PEER_COMMITTED
NATIVE_SELF_WAIT_VERIFIED
CHILD_RESULT mode=--case scenario=late-read encrypted=False exit=20
CALLBACK_ENTERED late-read
NATIVE_BOUNDARY parentWaiters>0 occupiedTurnstile callerWaiting
PARENT_NATIVE_WAIT_CONFIRMED late-read
CHILD_RESULT mode=--peer scenario= encrypted=False exit=10
PEER_COMMITTED
NATIVE_SELF_WAIT_VERIFIED
CHILD_RESULT mode=--control scenario=other-database encrypted=False exit=10
CONTROL_VERIFIED other-database
CASE_FIXED
CHILD_RESULT mode=--control scenario=direct encrypted=False exit=10
CONTROL_VERIFIED direct
CASE_FIXED
CHILD_RESULT mode=--control scenario=idle-handoff encrypted=False exit=10
NATIVE_BOUNDARY parentWaiters>0 occupiedTurnstile callerWaiting
CHILD_RESULT mode=--peer scenario= encrypted=False exit=10
PEER_COMMITTED
CONTROL_VERIFIED idle-handoff
CASE_FIXED
CHILD_RESULT mode=--control scenario=cancel-admission encrypted=False exit=10
NATIVE_BOUNDARY parentWaiters>0 occupiedTurnstile callerWaiting
CHILD_RESULT mode=--peer scenario= encrypted=False exit=10
PEER_COMMITTED
CONTROL_VERIFIED cancel-admission
CASE_FIXED
CHILD_RESULT mode=--case scenario=input-pragma encrypted=True exit=20
CALLBACK_ENTERED input-pragma
NATIVE_BOUNDARY parentWaiters>0 occupiedTurnstile callerWaiting
PARENT_NATIVE_WAIT_CONFIRMED input-pragma
CHILD_RESULT mode=--peer scenario= encrypted=True exit=10
PEER_COMMITTED
NATIVE_SELF_WAIT_VERIFIED
CHILD_RESULT mode=--case scenario=input-write encrypted=True exit=20
CALLBACK_ENTERED input-write
NATIVE_BOUNDARY parentWaiters>0 occupiedTurnstile callerWaiting
PARENT_NATIVE_WAIT_CONFIRMED input-write
CHILD_RESULT mode=--peer scenario= encrypted=True exit=10
PEER_COMMITTED
NATIVE_SELF_WAIT_VERIFIED
CHILD_RESULT mode=--case scenario=late-read encrypted=True exit=20
CALLBACK_ENTERED late-read
NATIVE_BOUNDARY parentWaiters>0 occupiedTurnstile callerWaiting
PARENT_NATIVE_WAIT_CONFIRMED late-read
CHILD_RESULT mode=--peer scenario= encrypted=True exit=10
PEER_COMMITTED
NATIVE_SELF_WAIT_VERIFIED
CHILD_RESULT mode=--control scenario=other-database encrypted=True exit=10
CONTROL_VERIFIED other-database
CASE_FIXED
CHILD_RESULT mode=--control scenario=direct encrypted=True exit=10
CONTROL_VERIFIED direct
CASE_FIXED
CHILD_RESULT mode=--control scenario=idle-handoff encrypted=True exit=10
NATIVE_BOUNDARY parentWaiters>0 occupiedTurnstile callerWaiting
CHILD_RESULT mode=--peer scenario= encrypted=True exit=10
PEER_COMMITTED
CONTROL_VERIFIED idle-handoff
CASE_FIXED
CHILD_RESULT mode=--control scenario=cancel-admission encrypted=True exit=10
NATIVE_BOUNDARY parentWaiters>0 occupiedTurnstile callerWaiting
CHILD_RESULT mode=--peer scenario= encrypted=True exit=10
PEER_COMMITTED
CONTROL_VERIFIED cancel-admission
CASE_FIXED
BUG_REPRODUCED
{"type":"result","timestamp":"2026-09-30T15:08:22.1676939+00:00","text":"Six isolated native callback cases and eight independent-work/admission controls verified.","success":true}
