  Determining projects to restore...
__WORKSPACE__/temporary/pr133-final-cleanup-review/LiteDB/LiteDB.csproj : warning NU1510: PackageReference System.ComponentModel.TypeConverter will not be pruned. This package is automatically available and does not need to be referenced explicitly. Remove the PackageReference item. [__WORKSPACE__/temporary/pr133-final-cleanup-review/LiteDB.Tests/LiteDB.Tests.csproj]
  All projects are up-to-date for restore.
__WORKSPACE__/temporary/pr133-final-cleanup-review/LiteDB/LiteDB.csproj : warning NU1510: PackageReference System.ComponentModel.TypeConverter will not be pruned. This package is automatically available and does not need to be referenced explicitly. Remove the PackageReference item. [TargetFramework=net10.0]
__WORKSPACE__/temporary/pr133-final-cleanup-review/LiteDB/Client/Mapper/BsonMapper.Deserialize.cs(27,39): warning CS8632: The annotation for nullable reference types should only be used in code within a '#nullable' annotations context. [__WORKSPACE__/temporary/pr133-final-cleanup-review/LiteDB/LiteDB.csproj::TargetFramework=net10.0]
__WORKSPACE__/temporary/pr133-final-cleanup-review/LiteDB/Engine/Disk/Streams/AesStream.cs(97,27): warning SYSLIB0060: 'Rfc2898DeriveBytes.Rfc2898DeriveBytes(string, byte[])' is obsolete: 'The constructors on Rfc2898DeriveBytes are obsolete. Use the static Pbkdf2 method instead.' (https://aka.ms/dotnet-warnings/SYSLIB0060) [__WORKSPACE__/temporary/pr133-final-cleanup-review/LiteDB/LiteDB.csproj::TargetFramework=net10.0]
__WORKSPACE__/temporary/pr133-final-cleanup-review/LiteDB/Engine/FileReader/Legacy/AesEncryption.cs(21,23): warning SYSLIB0060: 'Rfc2898DeriveBytes.Rfc2898DeriveBytes(string, byte[])' is obsolete: 'The constructors on Rfc2898DeriveBytes are obsolete. Use the static Pbkdf2 method instead.' (https://aka.ms/dotnet-warnings/SYSLIB0060) [__WORKSPACE__/temporary/pr133-final-cleanup-review/LiteDB/LiteDB.csproj::TargetFramework=net10.0]
__WORKSPACE__/temporary/pr133-final-cleanup-review/LiteDB/Engine/FileReader/FileReaderV8.cs(23,29): warning CS0649: Field 'FileReaderV8.PageInfo.PageType' is never assigned to, and will always have its default value [__WORKSPACE__/temporary/pr133-final-cleanup-review/LiteDB/LiteDB.csproj::TargetFramework=net10.0]
__WORKSPACE__/temporary/pr133-final-cleanup-review/LiteDB/Engine/LiteEngine.cs(228,37): warning CS1734: XML comment on 'LiteEngine.InvalidDatafileState' has a paramref tag for 'checkpoint', but there is no parameter by that name [__WORKSPACE__/temporary/pr133-final-cleanup-review/LiteDB/LiteDB.csproj::TargetFramework=net10.0]
__WORKSPACE__/temporary/pr133-final-cleanup-review/LiteDB/Engine/LiteEngine.cs(231,42): warning CS1734: XML comment on 'LiteEngine.InvalidDatafileState' has a paramref tag for 'final', but there is no parameter by that name [__WORKSPACE__/temporary/pr133-final-cleanup-review/LiteDB/LiteDB.csproj::TargetFramework=net10.0]
__WORKSPACE__/temporary/pr133-final-cleanup-review/LiteDB/Client/Coordinated/CoordinatorClient.Snapshots.cs(376,42): warning CS1573: Parameter 'engine' has no matching param tag in the XML comment for 'CoordinatorClient.Snapshot.Snapshot(LiteEngine, IDisposable, int, CoordinatorStatus)' (but other parameters do) [__WORKSPACE__/temporary/pr133-final-cleanup-review/LiteDB/LiteDB.csproj::TargetFramework=net10.0]
__WORKSPACE__/temporary/pr133-final-cleanup-review/LiteDB/Client/Coordinated/CoordinatorClient.Snapshots.cs(376,62): warning CS1573: Parameter 'lease' has no matching param tag in the XML comment for 'CoordinatorClient.Snapshot.Snapshot(LiteEngine, IDisposable, int, CoordinatorStatus)' (but other parameters do) [__WORKSPACE__/temporary/pr133-final-cleanup-review/LiteDB/LiteDB.csproj::TargetFramework=net10.0]
__WORKSPACE__/temporary/pr133-final-cleanup-review/LiteDB/Client/Coordinated/CoordinatorClient.Snapshots.cs(376,73): warning CS1573: Parameter 'version' has no matching param tag in the XML comment for 'CoordinatorClient.Snapshot.Snapshot(LiteEngine, IDisposable, int, CoordinatorStatus)' (but other parameters do) [__WORKSPACE__/temporary/pr133-final-cleanup-review/LiteDB/LiteDB.csproj::TargetFramework=net10.0]
__WORKSPACE__/temporary/pr133-final-cleanup-review/LiteDB/Client/Coordinated/CoordinatorStatusPage.cs(170,27): warning CA1416: This call site is reachable on all platforms. 'FileStreamOptions.UnixCreateMode.set' is unsupported on: 'windows'. (https://learn.microsoft.com/dotnet/fundamentals/code-analysis/quality-rules/ca1416) [__WORKSPACE__/temporary/pr133-final-cleanup-review/LiteDB/LiteDB.csproj::TargetFramework=net10.0]
__WORKSPACE__/temporary/pr133-final-cleanup-review/LiteDB/Client/Coordinated/CoordinatorStatusPage.cs(145,51): warning CA1416: This call site is reachable on all platforms. 'File.SetUnixFileMode(string, UnixFileMode)' is unsupported on: 'windows'. (https://learn.microsoft.com/dotnet/fundamentals/code-analysis/quality-rules/ca1416) [__WORKSPACE__/temporary/pr133-final-cleanup-review/LiteDB/LiteDB.csproj::TargetFramework=net10.0]
__WORKSPACE__/temporary/pr133-final-cleanup-review/LiteDB/Client/Coordinated/CoordinatorStatusPage.cs(138,24): warning CA1416: This call site is reachable on all platforms. 'File.GetUnixFileMode(string)' is unsupported on: 'windows'. (https://learn.microsoft.com/dotnet/fundamentals/code-analysis/quality-rules/ca1416) [__WORKSPACE__/temporary/pr133-final-cleanup-review/LiteDB/LiteDB.csproj::TargetFramework=net10.0]
__WORKSPACE__/temporary/pr133-final-cleanup-review/LiteDB/Client/Coordinated/CoordinatorStatusPage.cs(133,17): warning CA1416: This call site is reachable on all platforms. 'Directory.CreateDirectory(string, UnixFileMode)' is unsupported on: 'windows'. (https://learn.microsoft.com/dotnet/fundamentals/code-analysis/quality-rules/ca1416) [__WORKSPACE__/temporary/pr133-final-cleanup-review/LiteDB/LiteDB.csproj::TargetFramework=net10.0]
__WORKSPACE__/temporary/pr133-final-cleanup-review/LiteDB/Client/Coordinated/CoordinatorStatusPage.cs(115,57): warning CA1416: This call site is reachable on all platforms. 'File.GetUnixFileMode(string)' is unsupported on: 'windows'. (https://learn.microsoft.com/dotnet/fundamentals/code-analysis/quality-rules/ca1416) [__WORKSPACE__/temporary/pr133-final-cleanup-review/LiteDB/LiteDB.csproj::TargetFramework=net10.0]
__WORKSPACE__/temporary/pr133-final-cleanup-review/LiteDB/Engine/Sort/SortContainer.cs(141,21): warning CA2022: Avoid inexact read with 'System.IO.Stream.Read(byte[], int, int)' (https://learn.microsoft.com/dotnet/fundamentals/code-analysis/quality-rules/ca2022) [__WORKSPACE__/temporary/pr133-final-cleanup-review/LiteDB/LiteDB.csproj::TargetFramework=net10.0]
  LiteDB -> __WORKSPACE__/temporary/pr133-final-cleanup-review/LiteDB/bin/Release/net10.0/LiteDB.dll
__WORKSPACE__/temporary/pr133-final-cleanup-review/LiteDB/LiteDB.csproj : warning NU1510: PackageReference System.ComponentModel.TypeConverter will not be pruned. This package is automatically available and does not need to be referenced explicitly. Remove the PackageReference item. [TargetFramework=net8.0]
__WORKSPACE__/temporary/pr133-final-cleanup-review/LiteDB/Client/Mapper/BsonMapper.Deserialize.cs(27,39): warning CS8632: The annotation for nullable reference types should only be used in code within a '#nullable' annotations context. [__WORKSPACE__/temporary/pr133-final-cleanup-review/LiteDB/LiteDB.csproj::TargetFramework=net8.0]
__WORKSPACE__/temporary/pr133-final-cleanup-review/LiteDB/Engine/FileReader/Legacy/AesEncryption.cs(21,23): warning SYSLIB0041: 'Rfc2898DeriveBytes.Rfc2898DeriveBytes(string, byte[])' is obsolete: 'The default hash algorithm and iteration counts in Rfc2898DeriveBytes constructors are outdated and insecure. Use a constructor that accepts the hash algorithm and the number of iterations.' (https://aka.ms/dotnet-warnings/SYSLIB0041) [__WORKSPACE__/temporary/pr133-final-cleanup-review/LiteDB/LiteDB.csproj::TargetFramework=net8.0]
__WORKSPACE__/temporary/pr133-final-cleanup-review/LiteDB/Engine/Disk/Streams/AesStream.cs(97,27): warning SYSLIB0041: 'Rfc2898DeriveBytes.Rfc2898DeriveBytes(string, byte[])' is obsolete: 'The default hash algorithm and iteration counts in Rfc2898DeriveBytes constructors are outdated and insecure. Use a constructor that accepts the hash algorithm and the number of iterations.' (https://aka.ms/dotnet-warnings/SYSLIB0041) [__WORKSPACE__/temporary/pr133-final-cleanup-review/LiteDB/LiteDB.csproj::TargetFramework=net8.0]
__WORKSPACE__/temporary/pr133-final-cleanup-review/LiteDB/Engine/FileReader/FileReaderV8.cs(23,29): warning CS0649: Field 'FileReaderV8.PageInfo.PageType' is never assigned to, and will always have its default value [__WORKSPACE__/temporary/pr133-final-cleanup-review/LiteDB/LiteDB.csproj::TargetFramework=net8.0]
__WORKSPACE__/temporary/pr133-final-cleanup-review/LiteDB/Engine/LiteEngine.cs(228,37): warning CS1734: XML comment on 'LiteEngine.InvalidDatafileState' has a paramref tag for 'checkpoint', but there is no parameter by that name [__WORKSPACE__/temporary/pr133-final-cleanup-review/LiteDB/LiteDB.csproj::TargetFramework=net8.0]
__WORKSPACE__/temporary/pr133-final-cleanup-review/LiteDB/Engine/LiteEngine.cs(231,42): warning CS1734: XML comment on 'LiteEngine.InvalidDatafileState' has a paramref tag for 'final', but there is no parameter by that name [__WORKSPACE__/temporary/pr133-final-cleanup-review/LiteDB/LiteDB.csproj::TargetFramework=net8.0]
__WORKSPACE__/temporary/pr133-final-cleanup-review/LiteDB/Client/Coordinated/CoordinatorClient.Snapshots.cs(376,42): warning CS1573: Parameter 'engine' has no matching param tag in the XML comment for 'CoordinatorClient.Snapshot.Snapshot(LiteEngine, IDisposable, int, CoordinatorStatus)' (but other parameters do) [__WORKSPACE__/temporary/pr133-final-cleanup-review/LiteDB/LiteDB.csproj::TargetFramework=net8.0]
__WORKSPACE__/temporary/pr133-final-cleanup-review/LiteDB/Client/Coordinated/CoordinatorClient.Snapshots.cs(376,62): warning CS1573: Parameter 'lease' has no matching param tag in the XML comment for 'CoordinatorClient.Snapshot.Snapshot(LiteEngine, IDisposable, int, CoordinatorStatus)' (but other parameters do) [__WORKSPACE__/temporary/pr133-final-cleanup-review/LiteDB/LiteDB.csproj::TargetFramework=net8.0]
__WORKSPACE__/temporary/pr133-final-cleanup-review/LiteDB/Client/Coordinated/CoordinatorClient.Snapshots.cs(376,73): warning CS1573: Parameter 'version' has no matching param tag in the XML comment for 'CoordinatorClient.Snapshot.Snapshot(LiteEngine, IDisposable, int, CoordinatorStatus)' (but other parameters do) [__WORKSPACE__/temporary/pr133-final-cleanup-review/LiteDB/LiteDB.csproj::TargetFramework=net8.0]
__WORKSPACE__/temporary/pr133-final-cleanup-review/LiteDB/Client/Coordinated/CoordinatorStatusPage.cs(170,27): warning CA1416: This call site is reachable on all platforms. 'FileStreamOptions.UnixCreateMode.set' is unsupported on: 'windows'. (https://learn.microsoft.com/dotnet/fundamentals/code-analysis/quality-rules/ca1416) [__WORKSPACE__/temporary/pr133-final-cleanup-review/LiteDB/LiteDB.csproj::TargetFramework=net8.0]
__WORKSPACE__/temporary/pr133-final-cleanup-review/LiteDB/Client/Coordinated/CoordinatorStatusPage.cs(115,57): warning CA1416: This call site is reachable on all platforms. 'File.GetUnixFileMode(string)' is unsupported on: 'windows'. (https://learn.microsoft.com/dotnet/fundamentals/code-analysis/quality-rules/ca1416) [__WORKSPACE__/temporary/pr133-final-cleanup-review/LiteDB/LiteDB.csproj::TargetFramework=net8.0]
__WORKSPACE__/temporary/pr133-final-cleanup-review/LiteDB/Client/Coordinated/CoordinatorStatusPage.cs(138,24): warning CA1416: This call site is reachable on all platforms. 'File.GetUnixFileMode(string)' is unsupported on: 'windows'. (https://learn.microsoft.com/dotnet/fundamentals/code-analysis/quality-rules/ca1416) [__WORKSPACE__/temporary/pr133-final-cleanup-review/LiteDB/LiteDB.csproj::TargetFramework=net8.0]
__WORKSPACE__/temporary/pr133-final-cleanup-review/LiteDB/Client/Coordinated/CoordinatorStatusPage.cs(145,51): warning CA1416: This call site is reachable on all platforms. 'File.SetUnixFileMode(string, UnixFileMode)' is unsupported on: 'windows'. (https://learn.microsoft.com/dotnet/fundamentals/code-analysis/quality-rules/ca1416) [__WORKSPACE__/temporary/pr133-final-cleanup-review/LiteDB/LiteDB.csproj::TargetFramework=net8.0]
__WORKSPACE__/temporary/pr133-final-cleanup-review/LiteDB/Client/Coordinated/CoordinatorStatusPage.cs(133,17): warning CA1416: This call site is reachable on all platforms. 'Directory.CreateDirectory(string, UnixFileMode)' is unsupported on: 'windows'. (https://learn.microsoft.com/dotnet/fundamentals/code-analysis/quality-rules/ca1416) [__WORKSPACE__/temporary/pr133-final-cleanup-review/LiteDB/LiteDB.csproj::TargetFramework=net8.0]
  LiteDB -> __WORKSPACE__/temporary/pr133-final-cleanup-review/LiteDB/bin/Release/net8.0/LiteDB.dll
  SharedMutexHarness -> __WORKSPACE__/temporary/pr133-final-cleanup-review/LiteDB.Tests.SharedMutexHarness/bin/Release/net8.0/SharedMutexHarness.dll
  LiteDB.Tests -> __WORKSPACE__/temporary/pr133-final-cleanup-review/LiteDB.Tests/bin/Release/net10.0/LiteDB.Tests.dll
Test run for __WORKSPACE__/temporary/pr133-final-cleanup-review/LiteDB.Tests/bin/Release/net10.0/LiteDB.Tests.dll (.NETCoreApp,Version=v10.0)
A total of 1 test files matched the specified pattern.
[xUnit.net 00:00:00.96]     LiteDB.Tests.Engine.TransactionHandleFatalCleanupRace_Tests.Cleanup_discriminates_published_peer_failure_from_its_own_failure(peer: False, invalidData: True, distinctFailure: True) [FAIL]
  Failed LiteDB.Tests.Engine.TransactionHandleFatalCleanupRace_Tests.Cleanup_discriminates_published_peer_failure_from_its_own_failure(peer: False, invalidData: True, distinctFailure: True) [196 ms]
  Error Message:
   Assert.Same() Failure: Values are not the same instance
Expected: LiteDB.LiteException: cleanup fault
   at LiteDB.Tests.Engine.TransactionHandleFatalCleanupRace_Tests.<>c__DisplayClass0_0.<Cleanup_discriminates_published_peer_failure_from_its_own_failure>b__0(PageBuffer page) in __WORKSPACE__/temporary/pr133-final-cleanup-review/LiteDB.Tests/Engine/TransactionHandleFatalCleanupRace_Tests.cs:line 49
   at LiteDB.Engine.DiskService.WriteLogPage(Stream stream, PageBuffer page, Action`2 written, IReadOnlyDictionary`2 transactionPages, Boolean& transactionAnchored, Boolean forceAppend, Int32& count, Boolean& hasConfirmation, Boolean& reusePublished) in __WORKSPACE__/temporary/pr133-final-cleanup-review/LiteDB/Engine/Disk/DiskService.WalWrite.cs:line 196
   at LiteDB.Engine.DiskService.WriteLogDisk(IEnumerable`1 pages, Action`2 written, IReadOnlyDictionary`2 transactionPages, TransactionPages transactionState, Func`1 nextTransactionID) in __WORKSPACE__/temporary/pr133-final-cleanup-review/LiteDB/Engine/Disk/DiskService.WalWrite.cs:line 87
   at LiteDB.Engine.DiskService.WriteLogDisk(IEnumerable`1 pages, Action`2 written, TransactionPages transactionPages, Func`1 nextTransactionID) in __WORKSPACE__/temporary/pr133-final-cleanup-review/LiteDB/Engine/Disk/DiskService.WalWrite.cs:line 25
   at LiteDB.Engine.TransactionService.ReturnNewPages() in __WORKSPACE__/temporary/pr133-final-cleanup-review/LiteDB/Engine/Services/TransactionService.cs:line 437
   at LiteDB.Engine.TransactionService.Rollback() in __WORKSPACE__/temporary/pr133-final-cleanup-review/LiteDB/Engine/Services/TransactionService.cs:line 352
   at LiteDB.Engine.LiteEngine.RollbackAndReleaseTransaction(TransactionService transaction, Boolean cleanup) in __WORKSPACE__/temporary/pr133-final-cleanup-review/LiteDB/Engine/Engine/Transaction.cs:line 157
Actual:   null
  Stack Trace:
     at LiteDB.Tests.Engine.TransactionHandleFatalCleanupRace_Tests.Cleanup_discriminates_published_peer_failure_from_its_own_failure(Boolean peer, Boolean invalidData, Boolean distinctFailure) in __WORKSPACE__/temporary/pr133-final-cleanup-review/LiteDB.Tests/Engine/TransactionHandleFatalCleanupRace_Tests.cs:line 58
   at System.Reflection.MethodBaseInvoker.InterpretedInvoke_Method(Object obj, IntPtr* args)
   at System.Reflection.MethodBaseInvoker.InvokeDirectByRefWithFewArgs(Object obj, Span`1 copyOfArgs, BindingFlags invokeAttr)
[xUnit.net 00:00:01.49]     LiteDB.Tests.Engine.TransactionHandleFatalCleanupRace_Tests.Cleanup_discriminates_published_peer_failure_from_its_own_failure(peer: False, invalidData: False, distinctFailure: True) [FAIL]
  Failed LiteDB.Tests.Engine.TransactionHandleFatalCleanupRace_Tests.Cleanup_discriminates_published_peer_failure_from_its_own_failure(peer: False, invalidData: False, distinctFailure: True) [75 ms]
  Error Message:
   Assert.Same() Failure: Values are not the same instance
Expected: System.IO.IOException: cleanup fault
   at LiteDB.Tests.Engine.TransactionHandleFatalCleanupRace_Tests.<>c__DisplayClass0_0.<Cleanup_discriminates_published_peer_failure_from_its_own_failure>b__0(PageBuffer page) in __WORKSPACE__/temporary/pr133-final-cleanup-review/LiteDB.Tests/Engine/TransactionHandleFatalCleanupRace_Tests.cs:line 49
   at LiteDB.Engine.DiskService.WriteLogPage(Stream stream, PageBuffer page, Action`2 written, IReadOnlyDictionary`2 transactionPages, Boolean& transactionAnchored, Boolean forceAppend, Int32& count, Boolean& hasConfirmation, Boolean& reusePublished) in __WORKSPACE__/temporary/pr133-final-cleanup-review/LiteDB/Engine/Disk/DiskService.WalWrite.cs:line 196
   at LiteDB.Engine.DiskService.WriteLogDisk(IEnumerable`1 pages, Action`2 written, IReadOnlyDictionary`2 transactionPages, TransactionPages transactionState, Func`1 nextTransactionID) in __WORKSPACE__/temporary/pr133-final-cleanup-review/LiteDB/Engine/Disk/DiskService.WalWrite.cs:line 87
   at LiteDB.Engine.DiskService.WriteLogDisk(IEnumerable`1 pages, Action`2 written, TransactionPages transactionPages, Func`1 nextTransactionID) in __WORKSPACE__/temporary/pr133-final-cleanup-review/LiteDB/Engine/Disk/DiskService.WalWrite.cs:line 25
   at LiteDB.Engine.TransactionService.ReturnNewPages() in __WORKSPACE__/temporary/pr133-final-cleanup-review/LiteDB/Engine/Services/TransactionService.cs:line 437
   at LiteDB.Engine.TransactionService.Rollback() in __WORKSPACE__/temporary/pr133-final-cleanup-review/LiteDB/Engine/Services/TransactionService.cs:line 352
   at LiteDB.Engine.LiteEngine.RollbackAndReleaseTransaction(TransactionService transaction, Boolean cleanup) in __WORKSPACE__/temporary/pr133-final-cleanup-review/LiteDB/Engine/Engine/Transaction.cs:line 157
Actual:   null
  Stack Trace:
     at LiteDB.Tests.Engine.TransactionHandleFatalCleanupRace_Tests.Cleanup_discriminates_published_peer_failure_from_its_own_failure(Boolean peer, Boolean invalidData, Boolean distinctFailure) in __WORKSPACE__/temporary/pr133-final-cleanup-review/LiteDB.Tests/Engine/TransactionHandleFatalCleanupRace_Tests.cs:line 58
   at InvokeStub_TransactionHandleFatalCleanupRace_Tests.Cleanup_discriminates_published_peer_failure_from_its_own_failure(Object, Span`1)
   at System.Reflection.MethodBaseInvoker.InvokeWithFewArgs(Object obj, BindingFlags invokeAttr, Binder binder, Object[] parameters, CultureInfo culture)
Results File: __WORKSPACE__/temporary/pr133-final-cleanup-review/LiteDB.Tests/TestResults/final-cleanup-review-mutant.trx

Failed!  - Failed:     2, Passed:     4, Skipped:     0, Total:     6, Duration: 724 ms - LiteDB.Tests.dll (net10.0)
