setup encrypted=False peer=False localReaders=1 noPin=True
callback operations=1 holds=0
result=TimeoutException elapsedMs=502
cold ordinary=1 rows=2
setup encrypted=False peer=True localReaders=1 noPin=True
callback operations=1 holds=0
result=TimeoutException elapsedMs=500
cold ordinary=1 rows=2
setup encrypted=True peer=False localReaders=1 noPin=True
callback operations=1 holds=0
result=TimeoutException elapsedMs=500
cold ordinary=1 rows=2
setup encrypted=True peer=True localReaders=1 noPin=True
callback operations=1 holds=0
result=TimeoutException elapsedMs=500
cold ordinary=1 rows=2
reader setup encrypted=False peer=False
reader-first=True
reader result=TimeoutException elapsedMs=500
reader-second=True
reader-callback-count=1
reader-cold rows=2
reader setup encrypted=False peer=True
reader-first=True
reader result=TimeoutException elapsedMs=500
reader-second=True
reader-callback-count=1
reader-cold rows=2
reader setup encrypted=True peer=False
reader-first=True
reader result=TimeoutException elapsedMs=500
reader-second=True
reader-callback-count=1
reader-cold rows=2
reader setup encrypted=True peer=True
reader-first=True
reader result=TimeoutException elapsedMs=501
reader-second=True
reader-callback-count=1
reader-cold rows=2
prefetch encrypted=False result=TimeoutException elapsedMs=500
prefetch read=True leased=True
prefetch encrypted=True result=TimeoutException elapsedMs=500
prefetch read=True leased=True
