__WORKSPACE__/artifacts_temp/review-callback-scope/LiteDB/LiteDB.csproj : warning NU1510: PackageReference System.ComponentModel.TypeConverter will not be pruned. This package is automatically available and does not need to be referenced explicitly. Remove the PackageReference item. [TargetFramework=net10.0]
__WORKSPACE__/artifacts_temp/review-callback-scope/LiteDB/Client/Mapper/BsonMapper.Deserialize.cs(27,39): warning CS8632: The annotation for nullable reference types should only be used in code within a '#nullable' annotations context. [__WORKSPACE__/artifacts_temp/review-callback-scope/LiteDB/LiteDB.csproj::TargetFramework=net10.0]
__WORKSPACE__/artifacts_temp/review-callback-scope/LiteDB/Engine/Disk/Streams/AesStream.cs(97,27): warning SYSLIB0060: 'Rfc2898DeriveBytes.Rfc2898DeriveBytes(string, byte[])' is obsolete: 'The constructors on Rfc2898DeriveBytes are obsolete. Use the static Pbkdf2 method instead.' (https://aka.ms/dotnet-warnings/SYSLIB0060) [__WORKSPACE__/artifacts_temp/review-callback-scope/LiteDB/LiteDB.csproj::TargetFramework=net10.0]
__WORKSPACE__/artifacts_temp/review-callback-scope/LiteDB/Engine/FileReader/Legacy/AesEncryption.cs(21,23): warning SYSLIB0060: 'Rfc2898DeriveBytes.Rfc2898DeriveBytes(string, byte[])' is obsolete: 'The constructors on Rfc2898DeriveBytes are obsolete. Use the static Pbkdf2 method instead.' (https://aka.ms/dotnet-warnings/SYSLIB0060) [__WORKSPACE__/artifacts_temp/review-callback-scope/LiteDB/LiteDB.csproj::TargetFramework=net10.0]
__WORKSPACE__/artifacts_temp/review-callback-scope/LiteDB/Engine/FileReader/FileReaderV8.cs(23,29): warning CS0649: Field 'FileReaderV8.PageInfo.PageType' is never assigned to, and will always have its default value [__WORKSPACE__/artifacts_temp/review-callback-scope/LiteDB/LiteDB.csproj::TargetFramework=net10.0]
__WORKSPACE__/artifacts_temp/review-callback-scope/LiteDB/Engine/LiteEngine.cs(229,37): warning CS1734: XML comment on 'LiteEngine.InvalidDatafileState' has a paramref tag for 'checkpoint', but there is no parameter by that name [__WORKSPACE__/artifacts_temp/review-callback-scope/LiteDB/LiteDB.csproj::TargetFramework=net10.0]
__WORKSPACE__/artifacts_temp/review-callback-scope/LiteDB/Engine/LiteEngine.cs(232,42): warning CS1734: XML comment on 'LiteEngine.InvalidDatafileState' has a paramref tag for 'final', but there is no parameter by that name [__WORKSPACE__/artifacts_temp/review-callback-scope/LiteDB/LiteDB.csproj::TargetFramework=net10.0]
__WORKSPACE__/artifacts_temp/review-callback-scope/LiteDB/Client/Coordinated/CoordinatorClient.Snapshots.cs(376,42): warning CS1573: Parameter 'engine' has no matching param tag in the XML comment for 'CoordinatorClient.Snapshot.Snapshot(LiteEngine, IDisposable, int, CoordinatorStatus)' (but other parameters do) [__WORKSPACE__/artifacts_temp/review-callback-scope/LiteDB/LiteDB.csproj::TargetFramework=net10.0]
__WORKSPACE__/artifacts_temp/review-callback-scope/LiteDB/Client/Coordinated/CoordinatorClient.Snapshots.cs(376,62): warning CS1573: Parameter 'lease' has no matching param tag in the XML comment for 'CoordinatorClient.Snapshot.Snapshot(LiteEngine, IDisposable, int, CoordinatorStatus)' (but other parameters do) [__WORKSPACE__/artifacts_temp/review-callback-scope/LiteDB/LiteDB.csproj::TargetFramework=net10.0]
__WORKSPACE__/artifacts_temp/review-callback-scope/LiteDB/Client/Coordinated/CoordinatorClient.Snapshots.cs(376,73): warning CS1573: Parameter 'version' has no matching param tag in the XML comment for 'CoordinatorClient.Snapshot.Snapshot(LiteEngine, IDisposable, int, CoordinatorStatus)' (but other parameters do) [__WORKSPACE__/artifacts_temp/review-callback-scope/LiteDB/LiteDB.csproj::TargetFramework=net10.0]
__WORKSPACE__/artifacts_temp/review-callback-scope/LiteDB/Engine/Sort/SortContainer.cs(141,21): warning CA2022: Avoid inexact read with 'System.IO.Stream.Read(byte[], int, int)' (https://learn.microsoft.com/dotnet/fundamentals/code-analysis/quality-rules/ca2022) [__WORKSPACE__/artifacts_temp/review-callback-scope/LiteDB/LiteDB.csproj::TargetFramework=net10.0]
__WORKSPACE__/artifacts_temp/review-callback-scope/LiteDB/Client/Coordinated/CoordinatorStatusPage.cs(133,17): warning CA1416: This call site is reachable on all platforms. 'Directory.CreateDirectory(string, UnixFileMode)' is unsupported on: 'windows'. (https://learn.microsoft.com/dotnet/fundamentals/code-analysis/quality-rules/ca1416) [__WORKSPACE__/artifacts_temp/review-callback-scope/LiteDB/LiteDB.csproj::TargetFramework=net10.0]
__WORKSPACE__/artifacts_temp/review-callback-scope/LiteDB/Client/Coordinated/CoordinatorStatusPage.cs(145,51): warning CA1416: This call site is reachable on all platforms. 'File.SetUnixFileMode(string, UnixFileMode)' is unsupported on: 'windows'. (https://learn.microsoft.com/dotnet/fundamentals/code-analysis/quality-rules/ca1416) [__WORKSPACE__/artifacts_temp/review-callback-scope/LiteDB/LiteDB.csproj::TargetFramework=net10.0]
__WORKSPACE__/artifacts_temp/review-callback-scope/LiteDB/Client/Coordinated/CoordinatorStatusPage.cs(138,24): warning CA1416: This call site is reachable on all platforms. 'File.GetUnixFileMode(string)' is unsupported on: 'windows'. (https://learn.microsoft.com/dotnet/fundamentals/code-analysis/quality-rules/ca1416) [__WORKSPACE__/artifacts_temp/review-callback-scope/LiteDB/LiteDB.csproj::TargetFramework=net10.0]
__WORKSPACE__/artifacts_temp/review-callback-scope/LiteDB/Client/Coordinated/CoordinatorStatusPage.cs(115,57): warning CA1416: This call site is reachable on all platforms. 'File.GetUnixFileMode(string)' is unsupported on: 'windows'. (https://learn.microsoft.com/dotnet/fundamentals/code-analysis/quality-rules/ca1416) [__WORKSPACE__/artifacts_temp/review-callback-scope/LiteDB/LiteDB.csproj::TargetFramework=net10.0]
__WORKSPACE__/artifacts_temp/review-callback-scope/LiteDB/Client/Coordinated/CoordinatorStatusPage.cs(170,27): warning CA1416: This call site is reachable on all platforms. 'FileStreamOptions.UnixCreateMode.set' is unsupported on: 'windows'. (https://learn.microsoft.com/dotnet/fundamentals/code-analysis/quality-rules/ca1416) [__WORKSPACE__/artifacts_temp/review-callback-scope/LiteDB/LiteDB.csproj::TargetFramework=net10.0]
  LiteDB -> __WORKSPACE__/artifacts_temp/review-callback-scope/LiteDB/bin/Release/net10.0/LiteDB.dll
__WORKSPACE__/artifacts_temp/review-callback-scope/LiteDB/LiteDB.csproj : warning NU1510: PackageReference System.ComponentModel.TypeConverter will not be pruned. This package is automatically available and does not need to be referenced explicitly. Remove the PackageReference item. [TargetFramework=net8.0]
__WORKSPACE__/artifacts_temp/review-callback-scope/LiteDB/Client/Mapper/BsonMapper.Deserialize.cs(27,39): warning CS8632: The annotation for nullable reference types should only be used in code within a '#nullable' annotations context. [__WORKSPACE__/artifacts_temp/review-callback-scope/LiteDB/LiteDB.csproj::TargetFramework=net8.0]
__WORKSPACE__/artifacts_temp/review-callback-scope/LiteDB/Engine/Disk/Streams/AesStream.cs(97,27): warning SYSLIB0041: 'Rfc2898DeriveBytes.Rfc2898DeriveBytes(string, byte[])' is obsolete: 'The default hash algorithm and iteration counts in Rfc2898DeriveBytes constructors are outdated and insecure. Use a constructor that accepts the hash algorithm and the number of iterations.' (https://aka.ms/dotnet-warnings/SYSLIB0041) [__WORKSPACE__/artifacts_temp/review-callback-scope/LiteDB/LiteDB.csproj::TargetFramework=net8.0]
__WORKSPACE__/artifacts_temp/review-callback-scope/LiteDB/Engine/FileReader/Legacy/AesEncryption.cs(21,23): warning SYSLIB0041: 'Rfc2898DeriveBytes.Rfc2898DeriveBytes(string, byte[])' is obsolete: 'The default hash algorithm and iteration counts in Rfc2898DeriveBytes constructors are outdated and insecure. Use a constructor that accepts the hash algorithm and the number of iterations.' (https://aka.ms/dotnet-warnings/SYSLIB0041) [__WORKSPACE__/artifacts_temp/review-callback-scope/LiteDB/LiteDB.csproj::TargetFramework=net8.0]
__WORKSPACE__/artifacts_temp/review-callback-scope/LiteDB/Engine/FileReader/FileReaderV8.cs(23,29): warning CS0649: Field 'FileReaderV8.PageInfo.PageType' is never assigned to, and will always have its default value [__WORKSPACE__/artifacts_temp/review-callback-scope/LiteDB/LiteDB.csproj::TargetFramework=net8.0]
__WORKSPACE__/artifacts_temp/review-callback-scope/LiteDB/Engine/LiteEngine.cs(229,37): warning CS1734: XML comment on 'LiteEngine.InvalidDatafileState' has a paramref tag for 'checkpoint', but there is no parameter by that name [__WORKSPACE__/artifacts_temp/review-callback-scope/LiteDB/LiteDB.csproj::TargetFramework=net8.0]
__WORKSPACE__/artifacts_temp/review-callback-scope/LiteDB/Engine/LiteEngine.cs(232,42): warning CS1734: XML comment on 'LiteEngine.InvalidDatafileState' has a paramref tag for 'final', but there is no parameter by that name [__WORKSPACE__/artifacts_temp/review-callback-scope/LiteDB/LiteDB.csproj::TargetFramework=net8.0]
__WORKSPACE__/artifacts_temp/review-callback-scope/LiteDB/Client/Coordinated/CoordinatorClient.Snapshots.cs(376,42): warning CS1573: Parameter 'engine' has no matching param tag in the XML comment for 'CoordinatorClient.Snapshot.Snapshot(LiteEngine, IDisposable, int, CoordinatorStatus)' (but other parameters do) [__WORKSPACE__/artifacts_temp/review-callback-scope/LiteDB/LiteDB.csproj::TargetFramework=net8.0]
__WORKSPACE__/artifacts_temp/review-callback-scope/LiteDB/Client/Coordinated/CoordinatorClient.Snapshots.cs(376,62): warning CS1573: Parameter 'lease' has no matching param tag in the XML comment for 'CoordinatorClient.Snapshot.Snapshot(LiteEngine, IDisposable, int, CoordinatorStatus)' (but other parameters do) [__WORKSPACE__/artifacts_temp/review-callback-scope/LiteDB/LiteDB.csproj::TargetFramework=net8.0]
__WORKSPACE__/artifacts_temp/review-callback-scope/LiteDB/Client/Coordinated/CoordinatorClient.Snapshots.cs(376,73): warning CS1573: Parameter 'version' has no matching param tag in the XML comment for 'CoordinatorClient.Snapshot.Snapshot(LiteEngine, IDisposable, int, CoordinatorStatus)' (but other parameters do) [__WORKSPACE__/artifacts_temp/review-callback-scope/LiteDB/LiteDB.csproj::TargetFramework=net8.0]
__WORKSPACE__/artifacts_temp/review-callback-scope/LiteDB/Client/Coordinated/CoordinatorStatusPage.cs(115,57): warning CA1416: This call site is reachable on all platforms. 'File.GetUnixFileMode(string)' is unsupported on: 'windows'. (https://learn.microsoft.com/dotnet/fundamentals/code-analysis/quality-rules/ca1416) [__WORKSPACE__/artifacts_temp/review-callback-scope/LiteDB/LiteDB.csproj::TargetFramework=net8.0]
__WORKSPACE__/artifacts_temp/review-callback-scope/LiteDB/Client/Coordinated/CoordinatorStatusPage.cs(133,17): warning CA1416: This call site is reachable on all platforms. 'Directory.CreateDirectory(string, UnixFileMode)' is unsupported on: 'windows'. (https://learn.microsoft.com/dotnet/fundamentals/code-analysis/quality-rules/ca1416) [__WORKSPACE__/artifacts_temp/review-callback-scope/LiteDB/LiteDB.csproj::TargetFramework=net8.0]
__WORKSPACE__/artifacts_temp/review-callback-scope/LiteDB/Client/Coordinated/CoordinatorStatusPage.cs(145,51): warning CA1416: This call site is reachable on all platforms. 'File.SetUnixFileMode(string, UnixFileMode)' is unsupported on: 'windows'. (https://learn.microsoft.com/dotnet/fundamentals/code-analysis/quality-rules/ca1416) [__WORKSPACE__/artifacts_temp/review-callback-scope/LiteDB/LiteDB.csproj::TargetFramework=net8.0]
__WORKSPACE__/artifacts_temp/review-callback-scope/LiteDB/Client/Coordinated/CoordinatorStatusPage.cs(138,24): warning CA1416: This call site is reachable on all platforms. 'File.GetUnixFileMode(string)' is unsupported on: 'windows'. (https://learn.microsoft.com/dotnet/fundamentals/code-analysis/quality-rules/ca1416) [__WORKSPACE__/artifacts_temp/review-callback-scope/LiteDB/LiteDB.csproj::TargetFramework=net8.0]
__WORKSPACE__/artifacts_temp/review-callback-scope/LiteDB/Client/Coordinated/CoordinatorStatusPage.cs(170,27): warning CA1416: This call site is reachable on all platforms. 'FileStreamOptions.UnixCreateMode.set' is unsupported on: 'windows'. (https://learn.microsoft.com/dotnet/fundamentals/code-analysis/quality-rules/ca1416) [__WORKSPACE__/artifacts_temp/review-callback-scope/LiteDB/LiteDB.csproj::TargetFramework=net8.0]
  LiteDB -> __WORKSPACE__/artifacts_temp/review-callback-scope/LiteDB/bin/Release/net8.0/LiteDB.dll
  SharedMutexHarness -> __WORKSPACE__/artifacts_temp/review-callback-scope/LiteDB.Tests.SharedMutexHarness/bin/Release/net8.0/SharedMutexHarness.dll
  LiteDB.Tests -> __WORKSPACE__/artifacts_temp/review-callback-scope/LiteDB.Tests/bin/Release/net10.0/LiteDB.Tests.dll
Test run for __WORKSPACE__/artifacts_temp/review-callback-scope/LiteDB.Tests/bin/Release/net10.0/LiteDB.Tests.dll (.NETCoreApp,Version=v10.0)
A total of 1 test files matched the specified pattern.
[xUnit.net 00:00:01.41]     LiteDB.Tests.Engine.TransactionHandleCallbackHandoff_Tests.Public_admission_handoff_preserves_current_callback_marker(shared: True, password: null) [FAIL]
  Failed LiteDB.Tests.Engine.TransactionHandleCallbackHandoff_Tests.Public_admission_handoff_preserves_current_callback_marker(shared: True, password: null) [655 ms]
  Error Message:
   Assert.Empty() Failure: Collection was not empty
Collection: ["worker 3, callbackEntered=False: System.InvalidOpe"···, "worker 2, callbackEntered=False: System.InvalidOpe"···, "worker 1, callbackEntered=False: System.InvalidOpe"···, "worker 0, callbackEntered=True: System.InvalidOper"···, "Incomplete handoffs. elapsedMs=16; worker=0, compl"···]
  Stack Trace:
     at LiteDB.Tests.Engine.TransactionHandleCallbackHandoff_Tests.Public_admission_handoff_preserves_current_callback_marker(Boolean shared, String password) in __WORKSPACE__/artifacts_temp/review-callback-scope/LiteDB.Tests/Engine/TransactionHandleCallbackHandoff_Tests.cs:line 49
   at System.Reflection.MethodBaseInvoker.InterpretedInvoke_Method(Object obj, IntPtr* args)
   at System.Reflection.MethodBaseInvoker.InvokeDirectByRefWithFewArgs(Object obj, Span`1 copyOfArgs, BindingFlags invokeAttr)
  Standard Output Messages:
 elapsedMs=16; worker=0, completed=0/1000, rejected=0, lastSuccessMs=4, stage=inside Run; worker=1, completed=0/1000, rejected=539, lastSuccessMs=4, stage=inside Run; worker=2, completed=0/1000, rejected=460, lastSuccessMs=4, stage=inside Run; worker=3, completed=0/1000, rejected=577, lastSuccessMs=4, stage=inside Run


Results File: __WORKSPACE__/artifacts_temp/review-callback-scope/LiteDB.Tests/TestResults/handoff-mutant-unexpected-error-final.trx

Failed!  - Failed:     1, Passed:     0, Skipped:     0, Total:     1, Duration: 655 ms - LiteDB.Tests.dll (net10.0)
