{"type":"configuration","timestamp":"2026-09-30T17:17:49.9753203+00:00","payload":{"useProjectReference":true,"liteDBPackageVersion":"0.0.0-knownbad.569ba13c3b38"}}
DATABASE_ROOT __WORKSPACE__/temporary/p133-pin-proof-4cf7836247a341d69f4da80350bbbee0
CHILD_START mode=--case scenario=pin-begin-same path=__WORKSPACE__/temporary/p133-pin-proof-4cf7836247a341d69f4da80350bbbee0/fa7533d9-c580-46da-88b8-c831f6ebc9ce.db encrypted=False
CHILD_RESULT mode=--case scenario=pin-begin-same encrypted=False exit=10
LEASED_LOCAL_ANCHOR_CONFIRMED
PIN_OPERATION_POSITIVE_HOLDS_ZERO
CALLBACK_NATIVE_EXCLUSION_VERIFIED
ORDINARY_CALLBACK_DEFAULT_BEGIN_ENTERED pin-begin-same
CALLBACK_NATIVE_EXCLUSION_VERIFIED
CASE_FIXED
CHILD_START mode=--peer scenario= path=__WORKSPACE__/temporary/p133-pin-proof-4cf7836247a341d69f4da80350bbbee0/fa7533d9-c580-46da-88b8-c831f6ebc9ce.db encrypted=False
CHILD_RESULT mode=--peer scenario= encrypted=False exit=10
PEER_COMMITTED
TWO_COLD_INDEXED_MODELS_VERIFIED __WORKSPACE__/temporary/p133-pin-proof-4cf7836247a341d69f4da80350bbbee0/fa7533d9-c580-46da-88b8-c831f6ebc9ce.db
CHILD_START mode=--case scenario=pin-begin-peer path=__WORKSPACE__/temporary/p133-pin-proof-4cf7836247a341d69f4da80350bbbee0/14ae60b9-6818-40d8-bcc4-27aa3d5a3a7c.db encrypted=False
CHILD_RESULT mode=--case scenario=pin-begin-peer encrypted=False exit=10
LEASED_LOCAL_ANCHOR_CONFIRMED
PIN_OPERATION_POSITIVE_HOLDS_ZERO
CALLBACK_NATIVE_EXCLUSION_VERIFIED
ORDINARY_CALLBACK_DEFAULT_BEGIN_ENTERED pin-begin-peer
CALLBACK_NATIVE_EXCLUSION_VERIFIED
CASE_FIXED
CHILD_START mode=--peer scenario= path=__WORKSPACE__/temporary/p133-pin-proof-4cf7836247a341d69f4da80350bbbee0/14ae60b9-6818-40d8-bcc4-27aa3d5a3a7c.db encrypted=False
CHILD_RESULT mode=--peer scenario= encrypted=False exit=10
PEER_COMMITTED
TWO_COLD_INDEXED_MODELS_VERIFIED __WORKSPACE__/temporary/p133-pin-proof-4cf7836247a341d69f4da80350bbbee0/14ae60b9-6818-40d8-bcc4-27aa3d5a3a7c.db
CHILD_START mode=--case scenario=reader-begin-same path=__WORKSPACE__/temporary/p133-pin-proof-4cf7836247a341d69f4da80350bbbee0/82bb22a6-90f4-4dd5-9240-be31df272be0.db encrypted=False
CHILD_RESULT mode=--case scenario=reader-begin-same encrypted=False exit=10
CALLBACK_NATIVE_EXCLUSION_VERIFIED
ORDINARY_CALLBACK_DEFAULT_BEGIN_ENTERED reader-begin-same
CALLBACK_NATIVE_EXCLUSION_VERIFIED
CASE_FIXED
CHILD_START mode=--peer scenario= path=__WORKSPACE__/temporary/p133-pin-proof-4cf7836247a341d69f4da80350bbbee0/82bb22a6-90f4-4dd5-9240-be31df272be0.db encrypted=False
CHILD_RESULT mode=--peer scenario= encrypted=False exit=10
PEER_COMMITTED
TWO_COLD_INDEXED_MODELS_VERIFIED __WORKSPACE__/temporary/p133-pin-proof-4cf7836247a341d69f4da80350bbbee0/82bb22a6-90f4-4dd5-9240-be31df272be0.db
CHILD_START mode=--case scenario=reader-begin-peer path=__WORKSPACE__/temporary/p133-pin-proof-4cf7836247a341d69f4da80350bbbee0/91b4bb07-41e1-4a5c-a9d6-5367043d3811.db encrypted=False
CHILD_RESULT mode=--case scenario=reader-begin-peer encrypted=False exit=10
CALLBACK_NATIVE_EXCLUSION_VERIFIED
ORDINARY_CALLBACK_DEFAULT_BEGIN_ENTERED reader-begin-peer
CALLBACK_NATIVE_EXCLUSION_VERIFIED
CASE_FIXED
CHILD_START mode=--peer scenario= path=__WORKSPACE__/temporary/p133-pin-proof-4cf7836247a341d69f4da80350bbbee0/91b4bb07-41e1-4a5c-a9d6-5367043d3811.db encrypted=False
CHILD_RESULT mode=--peer scenario= encrypted=False exit=10
PEER_COMMITTED
TWO_COLD_INDEXED_MODELS_VERIFIED __WORKSPACE__/temporary/p133-pin-proof-4cf7836247a341d69f4da80350bbbee0/91b4bb07-41e1-4a5c-a9d6-5367043d3811.db
CHILD_START mode=--control scenario=leased-begin-same path=__WORKSPACE__/temporary/p133-pin-proof-4cf7836247a341d69f4da80350bbbee0/a9292ab8-e914-4694-9138-a85f85404a3c.db encrypted=False
CHILD_RESULT mode=--control scenario=leased-begin-same encrypted=False exit=10
LEASED_LOCAL_ANCHOR_CONFIRMED
CHILD_START mode=--peer scenario= path=__WORKSPACE__/temporary/p133-pin-proof-4cf7836247a341d69f4da80350bbbee0/a9292ab8-e914-4694-9138-a85f85404a3c.db encrypted=False
CHILD_RESULT mode=--peer scenario= encrypted=False exit=10
PEER_COMMITTED
TWO_COLD_INDEXED_MODELS_VERIFIED __WORKSPACE__/temporary/p133-pin-proof-4cf7836247a341d69f4da80350bbbee0/a9292ab8-e914-4694-9138-a85f85404a3c.db
CONTROL_VERIFIED leased-begin-same
CASE_FIXED
CHILD_START mode=--control scenario=leased-begin-peer path=__WORKSPACE__/temporary/p133-pin-proof-4cf7836247a341d69f4da80350bbbee0/8e968632-1a21-4162-aac7-b24a714b6478.db encrypted=False
CHILD_RESULT mode=--control scenario=leased-begin-peer encrypted=False exit=10
LEASED_LOCAL_ANCHOR_CONFIRMED
CHILD_START mode=--peer scenario= path=__WORKSPACE__/temporary/p133-pin-proof-4cf7836247a341d69f4da80350bbbee0/8e968632-1a21-4162-aac7-b24a714b6478.db encrypted=False
CHILD_RESULT mode=--peer scenario= encrypted=False exit=10
PEER_COMMITTED
TWO_COLD_INDEXED_MODELS_VERIFIED __WORKSPACE__/temporary/p133-pin-proof-4cf7836247a341d69f4da80350bbbee0/8e968632-1a21-4162-aac7-b24a714b6478.db
CONTROL_VERIFIED leased-begin-peer
CASE_FIXED
CHILD_START mode=--control scenario=idle-handoff path=__WORKSPACE__/temporary/p133-pin-proof-4cf7836247a341d69f4da80350bbbee0/c5302f66-e87a-469a-bc30-ac2709bc07c6.db encrypted=False
CHILD_RESULT mode=--control scenario=idle-handoff encrypted=False exit=10
LEASED_LOCAL_ANCHOR_CONFIRMED
CHILD_START mode=--peer scenario= path=__WORKSPACE__/temporary/p133-pin-proof-4cf7836247a341d69f4da80350bbbee0/c5302f66-e87a-469a-bc30-ac2709bc07c6.db encrypted=False
CHILD_RESULT mode=--peer scenario= encrypted=False exit=10
PEER_COMMITTED
TWO_COLD_INDEXED_MODELS_VERIFIED __WORKSPACE__/temporary/p133-pin-proof-4cf7836247a341d69f4da80350bbbee0/c5302f66-e87a-469a-bc30-ac2709bc07c6.db
CONTROL_VERIFIED idle-handoff
CASE_FIXED
CHILD_START mode=--case scenario=pin-begin-same path=__WORKSPACE__/temporary/p133-pin-proof-4cf7836247a341d69f4da80350bbbee0/cca1c67e-3fb0-4e22-90b6-71774730ba95.db encrypted=True
CHILD_RESULT mode=--case scenario=pin-begin-same encrypted=True exit=10
LEASED_LOCAL_ANCHOR_CONFIRMED
PIN_OPERATION_POSITIVE_HOLDS_ZERO
CALLBACK_NATIVE_EXCLUSION_VERIFIED
ORDINARY_CALLBACK_DEFAULT_BEGIN_ENTERED pin-begin-same
CALLBACK_NATIVE_EXCLUSION_VERIFIED
CASE_FIXED
CHILD_START mode=--peer scenario= path=__WORKSPACE__/temporary/p133-pin-proof-4cf7836247a341d69f4da80350bbbee0/cca1c67e-3fb0-4e22-90b6-71774730ba95.db encrypted=True
CHILD_RESULT mode=--peer scenario= encrypted=True exit=10
PEER_COMMITTED
TWO_COLD_INDEXED_MODELS_VERIFIED __WORKSPACE__/temporary/p133-pin-proof-4cf7836247a341d69f4da80350bbbee0/cca1c67e-3fb0-4e22-90b6-71774730ba95.db
CHILD_START mode=--case scenario=pin-begin-peer path=__WORKSPACE__/temporary/p133-pin-proof-4cf7836247a341d69f4da80350bbbee0/183341ea-ab46-40f3-8fbb-bd9ad3badba6.db encrypted=True
CHILD_RESULT mode=--case scenario=pin-begin-peer encrypted=True exit=10
LEASED_LOCAL_ANCHOR_CONFIRMED
PIN_OPERATION_POSITIVE_HOLDS_ZERO
CALLBACK_NATIVE_EXCLUSION_VERIFIED
ORDINARY_CALLBACK_DEFAULT_BEGIN_ENTERED pin-begin-peer
CALLBACK_NATIVE_EXCLUSION_VERIFIED
CASE_FIXED
CHILD_START mode=--peer scenario= path=__WORKSPACE__/temporary/p133-pin-proof-4cf7836247a341d69f4da80350bbbee0/183341ea-ab46-40f3-8fbb-bd9ad3badba6.db encrypted=True
CHILD_RESULT mode=--peer scenario= encrypted=True exit=10
PEER_COMMITTED
TWO_COLD_INDEXED_MODELS_VERIFIED __WORKSPACE__/temporary/p133-pin-proof-4cf7836247a341d69f4da80350bbbee0/183341ea-ab46-40f3-8fbb-bd9ad3badba6.db
CHILD_START mode=--case scenario=reader-begin-same path=__WORKSPACE__/temporary/p133-pin-proof-4cf7836247a341d69f4da80350bbbee0/6625bf7e-661d-45ba-8616-5a1f5fa2b603.db encrypted=True
CHILD_RESULT mode=--case scenario=reader-begin-same encrypted=True exit=10
CALLBACK_NATIVE_EXCLUSION_VERIFIED
ORDINARY_CALLBACK_DEFAULT_BEGIN_ENTERED reader-begin-same
CALLBACK_NATIVE_EXCLUSION_VERIFIED
CASE_FIXED
CHILD_START mode=--peer scenario= path=__WORKSPACE__/temporary/p133-pin-proof-4cf7836247a341d69f4da80350bbbee0/6625bf7e-661d-45ba-8616-5a1f5fa2b603.db encrypted=True
CHILD_RESULT mode=--peer scenario= encrypted=True exit=10
PEER_COMMITTED
TWO_COLD_INDEXED_MODELS_VERIFIED __WORKSPACE__/temporary/p133-pin-proof-4cf7836247a341d69f4da80350bbbee0/6625bf7e-661d-45ba-8616-5a1f5fa2b603.db
CHILD_START mode=--case scenario=reader-begin-peer path=__WORKSPACE__/temporary/p133-pin-proof-4cf7836247a341d69f4da80350bbbee0/596c6006-8f6a-4755-a1d3-cf6db2f5c454.db encrypted=True
CHILD_RESULT mode=--case scenario=reader-begin-peer encrypted=True exit=10
CALLBACK_NATIVE_EXCLUSION_VERIFIED
ORDINARY_CALLBACK_DEFAULT_BEGIN_ENTERED reader-begin-peer
CALLBACK_NATIVE_EXCLUSION_VERIFIED
CASE_FIXED
CHILD_START mode=--peer scenario= path=__WORKSPACE__/temporary/p133-pin-proof-4cf7836247a341d69f4da80350bbbee0/596c6006-8f6a-4755-a1d3-cf6db2f5c454.db encrypted=True
CHILD_RESULT mode=--peer scenario= encrypted=True exit=10
PEER_COMMITTED
TWO_COLD_INDEXED_MODELS_VERIFIED __WORKSPACE__/temporary/p133-pin-proof-4cf7836247a341d69f4da80350bbbee0/596c6006-8f6a-4755-a1d3-cf6db2f5c454.db
CHILD_START mode=--control scenario=leased-begin-same path=__WORKSPACE__/temporary/p133-pin-proof-4cf7836247a341d69f4da80350bbbee0/00bd2e1c-a668-4bd5-9959-2e3c092e7c73.db encrypted=True
CHILD_RESULT mode=--control scenario=leased-begin-same encrypted=True exit=10
LEASED_LOCAL_ANCHOR_CONFIRMED
CHILD_START mode=--peer scenario= path=__WORKSPACE__/temporary/p133-pin-proof-4cf7836247a341d69f4da80350bbbee0/00bd2e1c-a668-4bd5-9959-2e3c092e7c73.db encrypted=True
CHILD_RESULT mode=--peer scenario= encrypted=True exit=10
PEER_COMMITTED
TWO_COLD_INDEXED_MODELS_VERIFIED __WORKSPACE__/temporary/p133-pin-proof-4cf7836247a341d69f4da80350bbbee0/00bd2e1c-a668-4bd5-9959-2e3c092e7c73.db
CONTROL_VERIFIED leased-begin-same
CASE_FIXED
CHILD_START mode=--control scenario=leased-begin-peer path=__WORKSPACE__/temporary/p133-pin-proof-4cf7836247a341d69f4da80350bbbee0/bb069a1a-d47c-401c-978d-46f156cd3b14.db encrypted=True
CHILD_RESULT mode=--control scenario=leased-begin-peer encrypted=True exit=10
LEASED_LOCAL_ANCHOR_CONFIRMED
CHILD_START mode=--peer scenario= path=__WORKSPACE__/temporary/p133-pin-proof-4cf7836247a341d69f4da80350bbbee0/bb069a1a-d47c-401c-978d-46f156cd3b14.db encrypted=True
CHILD_RESULT mode=--peer scenario= encrypted=True exit=10
PEER_COMMITTED
TWO_COLD_INDEXED_MODELS_VERIFIED __WORKSPACE__/temporary/p133-pin-proof-4cf7836247a341d69f4da80350bbbee0/bb069a1a-d47c-401c-978d-46f156cd3b14.db
CONTROL_VERIFIED leased-begin-peer
CASE_FIXED
CHILD_START mode=--control scenario=idle-handoff path=__WORKSPACE__/temporary/p133-pin-proof-4cf7836247a341d69f4da80350bbbee0/40098aaa-36c7-41e1-a1ff-f46905c19e2e.db encrypted=True
CHILD_RESULT mode=--control scenario=idle-handoff encrypted=True exit=10
LEASED_LOCAL_ANCHOR_CONFIRMED
CHILD_START mode=--peer scenario= path=__WORKSPACE__/temporary/p133-pin-proof-4cf7836247a341d69f4da80350bbbee0/40098aaa-36c7-41e1-a1ff-f46905c19e2e.db encrypted=True
CHILD_RESULT mode=--peer scenario= encrypted=True exit=10
PEER_COMMITTED
TWO_COLD_INDEXED_MODELS_VERIFIED __WORKSPACE__/temporary/p133-pin-proof-4cf7836247a341d69f4da80350bbbee0/40098aaa-36c7-41e1-a1ff-f46905c19e2e.db
CONTROL_VERIFIED idle-handoff
CASE_FIXED
VERIFIED_FIXED
{"type":"result","timestamp":"2026-09-30T17:18:00.0471725+00:00","text":"Native dependency cases, independent controls and cold models verified.","success":false}
