{"type":"configuration","timestamp":"2026-09-30T17:18:01.6750347+00:00","payload":{"useProjectReference":true,"liteDBPackageVersion":"0.0.0-knownbad.569ba13c3b38"}}
DATABASE_ROOT __WORKSPACE__/temporary/p133-pin-proof-2c92227181a94018908197bf26e0c73b
CHILD_START mode=--case scenario=write-commit path=__WORKSPACE__/temporary/p133-pin-proof-2c92227181a94018908197bf26e0c73b/88b526dc-15e5-4846-ab14-148a0b2a06ca.db encrypted=False
CHILD_RESULT mode=--case scenario=write-commit encrypted=False exit=10
LEASED_LOCAL_ANCHOR_CONFIRMED
LEASED_LOCAL_ANCHOR_CONFIRMED
CALLBACK_NATIVE_EXCLUSION_VERIFIED
PIN_WRITE_CALLBACK_ENTERED
CALLBACK_NATIVE_EXCLUSION_VERIFIED
CASE_FIXED
CHILD_START mode=--peer scenario= path=__WORKSPACE__/temporary/p133-pin-proof-2c92227181a94018908197bf26e0c73b/88b526dc-15e5-4846-ab14-148a0b2a06ca.db encrypted=False
CHILD_RESULT mode=--peer scenario= encrypted=False exit=10
PEER_COMMITTED
TWO_COLD_INDEXED_MODELS_VERIFIED __WORKSPACE__/temporary/p133-pin-proof-2c92227181a94018908197bf26e0c73b/88b526dc-15e5-4846-ab14-148a0b2a06ca.db
CHILD_START mode=--case scenario=write-rollback path=__WORKSPACE__/temporary/p133-pin-proof-2c92227181a94018908197bf26e0c73b/8c123209-040e-4525-8302-2c39e3cce1bd.db encrypted=False
CHILD_RESULT mode=--case scenario=write-rollback encrypted=False exit=10
LEASED_LOCAL_ANCHOR_CONFIRMED
LEASED_LOCAL_ANCHOR_CONFIRMED
CALLBACK_NATIVE_EXCLUSION_VERIFIED
PIN_WRITE_CALLBACK_ENTERED
CALLBACK_NATIVE_EXCLUSION_VERIFIED
CASE_FIXED
CHILD_START mode=--peer scenario= path=__WORKSPACE__/temporary/p133-pin-proof-2c92227181a94018908197bf26e0c73b/8c123209-040e-4525-8302-2c39e3cce1bd.db encrypted=False
CHILD_RESULT mode=--peer scenario= encrypted=False exit=10
PEER_COMMITTED
TWO_COLD_INDEXED_MODELS_VERIFIED __WORKSPACE__/temporary/p133-pin-proof-2c92227181a94018908197bf26e0c73b/8c123209-040e-4525-8302-2c39e3cce1bd.db
CHILD_START mode=--control scenario=normal-pin path=__WORKSPACE__/temporary/p133-pin-proof-2c92227181a94018908197bf26e0c73b/c2ed460a-b8a6-4e47-880d-c8ed61c81309.db encrypted=False
CHILD_RESULT mode=--control scenario=normal-pin encrypted=False exit=10
LEASED_LOCAL_ANCHOR_CONFIRMED
PIN_OPERATION_POSITIVE_HOLDS_ZERO
CHILD_START mode=--peer scenario= path=__WORKSPACE__/temporary/p133-pin-proof-2c92227181a94018908197bf26e0c73b/c2ed460a-b8a6-4e47-880d-c8ed61c81309.db encrypted=False
CHILD_RESULT mode=--peer scenario= encrypted=False exit=10
PEER_COMMITTED
TWO_COLD_INDEXED_MODELS_VERIFIED __WORKSPACE__/temporary/p133-pin-proof-2c92227181a94018908197bf26e0c73b/c2ed460a-b8a6-4e47-880d-c8ed61c81309.db
TWO_COLD_INDEXED_MODELS_VERIFIED __WORKSPACE__/temporary/p133-pin-proof-2c92227181a94018908197bf26e0c73b/c2ed460a-b8a6-4e47-880d-c8ed61c81309.db.other
CONTROL_VERIFIED normal-pin
CASE_FIXED
CHILD_START mode=--control scenario=other-database path=__WORKSPACE__/temporary/p133-pin-proof-2c92227181a94018908197bf26e0c73b/815fd2a9-3ed0-4bbe-94cb-26fdcd26bd0b.db encrypted=False
CHILD_RESULT mode=--control scenario=other-database encrypted=False exit=10
LEASED_LOCAL_ANCHOR_CONFIRMED
LEASED_LOCAL_ANCHOR_CONFIRMED
PIN_OPERATION_POSITIVE_HOLDS_ZERO
CHILD_START mode=--peer scenario= path=__WORKSPACE__/temporary/p133-pin-proof-2c92227181a94018908197bf26e0c73b/815fd2a9-3ed0-4bbe-94cb-26fdcd26bd0b.db encrypted=False
CHILD_RESULT mode=--peer scenario= encrypted=False exit=10
PEER_COMMITTED
TWO_COLD_INDEXED_MODELS_VERIFIED __WORKSPACE__/temporary/p133-pin-proof-2c92227181a94018908197bf26e0c73b/815fd2a9-3ed0-4bbe-94cb-26fdcd26bd0b.db
TWO_COLD_INDEXED_MODELS_VERIFIED __WORKSPACE__/temporary/p133-pin-proof-2c92227181a94018908197bf26e0c73b/815fd2a9-3ed0-4bbe-94cb-26fdcd26bd0b.db.other
CONTROL_VERIFIED other-database
CASE_FIXED
CHILD_START mode=--control scenario=idle-handoff path=__WORKSPACE__/temporary/p133-pin-proof-2c92227181a94018908197bf26e0c73b/dee2fde8-e43d-4f99-a40c-9ca1e87b91db.db encrypted=False
CHILD_RESULT mode=--control scenario=idle-handoff encrypted=False exit=10
LEASED_LOCAL_ANCHOR_CONFIRMED
CHILD_START mode=--peer scenario= path=__WORKSPACE__/temporary/p133-pin-proof-2c92227181a94018908197bf26e0c73b/dee2fde8-e43d-4f99-a40c-9ca1e87b91db.db encrypted=False
CHILD_RESULT mode=--peer scenario= encrypted=False exit=10
PEER_COMMITTED
TWO_COLD_INDEXED_MODELS_VERIFIED __WORKSPACE__/temporary/p133-pin-proof-2c92227181a94018908197bf26e0c73b/dee2fde8-e43d-4f99-a40c-9ca1e87b91db.db
CONTROL_VERIFIED idle-handoff
CASE_FIXED
CHILD_START mode=--control scenario=no-anchor path=__WORKSPACE__/temporary/p133-pin-proof-2c92227181a94018908197bf26e0c73b/1b39fc5d-b9a3-400f-b200-7ecc18c3ffea.db encrypted=False
CHILD_RESULT mode=--control scenario=no-anchor encrypted=False exit=10
CHILD_START mode=--peer scenario= path=__WORKSPACE__/temporary/p133-pin-proof-2c92227181a94018908197bf26e0c73b/1b39fc5d-b9a3-400f-b200-7ecc18c3ffea.db encrypted=False
CHILD_RESULT mode=--peer scenario= encrypted=False exit=10
PEER_COMMITTED
TWO_COLD_INDEXED_MODELS_VERIFIED __WORKSPACE__/temporary/p133-pin-proof-2c92227181a94018908197bf26e0c73b/1b39fc5d-b9a3-400f-b200-7ecc18c3ffea.db
TWO_COLD_INDEXED_MODELS_VERIFIED __WORKSPACE__/temporary/p133-pin-proof-2c92227181a94018908197bf26e0c73b/1b39fc5d-b9a3-400f-b200-7ecc18c3ffea.db.other
CONTROL_VERIFIED no-anchor
CASE_FIXED
CHILD_START mode=--case scenario=write-commit path=__WORKSPACE__/temporary/p133-pin-proof-2c92227181a94018908197bf26e0c73b/5935d0f0-d572-46e9-a5c8-6de1249ed5e5.db encrypted=True
CHILD_RESULT mode=--case scenario=write-commit encrypted=True exit=10
LEASED_LOCAL_ANCHOR_CONFIRMED
LEASED_LOCAL_ANCHOR_CONFIRMED
CALLBACK_NATIVE_EXCLUSION_VERIFIED
PIN_WRITE_CALLBACK_ENTERED
CALLBACK_NATIVE_EXCLUSION_VERIFIED
CASE_FIXED
CHILD_START mode=--peer scenario= path=__WORKSPACE__/temporary/p133-pin-proof-2c92227181a94018908197bf26e0c73b/5935d0f0-d572-46e9-a5c8-6de1249ed5e5.db encrypted=True
CHILD_RESULT mode=--peer scenario= encrypted=True exit=10
PEER_COMMITTED
TWO_COLD_INDEXED_MODELS_VERIFIED __WORKSPACE__/temporary/p133-pin-proof-2c92227181a94018908197bf26e0c73b/5935d0f0-d572-46e9-a5c8-6de1249ed5e5.db
CHILD_START mode=--case scenario=write-rollback path=__WORKSPACE__/temporary/p133-pin-proof-2c92227181a94018908197bf26e0c73b/7ca15b4c-f492-4905-8f20-90035aa28490.db encrypted=True
CHILD_RESULT mode=--case scenario=write-rollback encrypted=True exit=10
LEASED_LOCAL_ANCHOR_CONFIRMED
LEASED_LOCAL_ANCHOR_CONFIRMED
CALLBACK_NATIVE_EXCLUSION_VERIFIED
PIN_WRITE_CALLBACK_ENTERED
CALLBACK_NATIVE_EXCLUSION_VERIFIED
CASE_FIXED
CHILD_START mode=--peer scenario= path=__WORKSPACE__/temporary/p133-pin-proof-2c92227181a94018908197bf26e0c73b/7ca15b4c-f492-4905-8f20-90035aa28490.db encrypted=True
CHILD_RESULT mode=--peer scenario= encrypted=True exit=10
PEER_COMMITTED
TWO_COLD_INDEXED_MODELS_VERIFIED __WORKSPACE__/temporary/p133-pin-proof-2c92227181a94018908197bf26e0c73b/7ca15b4c-f492-4905-8f20-90035aa28490.db
CHILD_START mode=--control scenario=normal-pin path=__WORKSPACE__/temporary/p133-pin-proof-2c92227181a94018908197bf26e0c73b/157ac1e6-c4d6-4d3f-86d6-ef13a218333e.db encrypted=True
CHILD_RESULT mode=--control scenario=normal-pin encrypted=True exit=10
LEASED_LOCAL_ANCHOR_CONFIRMED
PIN_OPERATION_POSITIVE_HOLDS_ZERO
CHILD_START mode=--peer scenario= path=__WORKSPACE__/temporary/p133-pin-proof-2c92227181a94018908197bf26e0c73b/157ac1e6-c4d6-4d3f-86d6-ef13a218333e.db encrypted=True
CHILD_RESULT mode=--peer scenario= encrypted=True exit=10
PEER_COMMITTED
TWO_COLD_INDEXED_MODELS_VERIFIED __WORKSPACE__/temporary/p133-pin-proof-2c92227181a94018908197bf26e0c73b/157ac1e6-c4d6-4d3f-86d6-ef13a218333e.db
TWO_COLD_INDEXED_MODELS_VERIFIED __WORKSPACE__/temporary/p133-pin-proof-2c92227181a94018908197bf26e0c73b/157ac1e6-c4d6-4d3f-86d6-ef13a218333e.db.other
CONTROL_VERIFIED normal-pin
CASE_FIXED
CHILD_START mode=--control scenario=other-database path=__WORKSPACE__/temporary/p133-pin-proof-2c92227181a94018908197bf26e0c73b/b928e3f5-cdf0-4559-ba1c-7ae5add26d71.db encrypted=True
CHILD_RESULT mode=--control scenario=other-database encrypted=True exit=10
LEASED_LOCAL_ANCHOR_CONFIRMED
LEASED_LOCAL_ANCHOR_CONFIRMED
PIN_OPERATION_POSITIVE_HOLDS_ZERO
CHILD_START mode=--peer scenario= path=__WORKSPACE__/temporary/p133-pin-proof-2c92227181a94018908197bf26e0c73b/b928e3f5-cdf0-4559-ba1c-7ae5add26d71.db encrypted=True
CHILD_RESULT mode=--peer scenario= encrypted=True exit=10
PEER_COMMITTED
TWO_COLD_INDEXED_MODELS_VERIFIED __WORKSPACE__/temporary/p133-pin-proof-2c92227181a94018908197bf26e0c73b/b928e3f5-cdf0-4559-ba1c-7ae5add26d71.db
TWO_COLD_INDEXED_MODELS_VERIFIED __WORKSPACE__/temporary/p133-pin-proof-2c92227181a94018908197bf26e0c73b/b928e3f5-cdf0-4559-ba1c-7ae5add26d71.db.other
CONTROL_VERIFIED other-database
CASE_FIXED
CHILD_START mode=--control scenario=idle-handoff path=__WORKSPACE__/temporary/p133-pin-proof-2c92227181a94018908197bf26e0c73b/3d5a42b9-4303-4fa9-8c93-109053bb5bfc.db encrypted=True
CHILD_RESULT mode=--control scenario=idle-handoff encrypted=True exit=10
LEASED_LOCAL_ANCHOR_CONFIRMED
CHILD_START mode=--peer scenario= path=__WORKSPACE__/temporary/p133-pin-proof-2c92227181a94018908197bf26e0c73b/3d5a42b9-4303-4fa9-8c93-109053bb5bfc.db encrypted=True
CHILD_RESULT mode=--peer scenario= encrypted=True exit=10
PEER_COMMITTED
TWO_COLD_INDEXED_MODELS_VERIFIED __WORKSPACE__/temporary/p133-pin-proof-2c92227181a94018908197bf26e0c73b/3d5a42b9-4303-4fa9-8c93-109053bb5bfc.db
CONTROL_VERIFIED idle-handoff
CASE_FIXED
CHILD_START mode=--control scenario=no-anchor path=__WORKSPACE__/temporary/p133-pin-proof-2c92227181a94018908197bf26e0c73b/67954be8-fd34-409a-918a-12a9d961b5c0.db encrypted=True
CHILD_RESULT mode=--control scenario=no-anchor encrypted=True exit=10
CHILD_START mode=--peer scenario= path=__WORKSPACE__/temporary/p133-pin-proof-2c92227181a94018908197bf26e0c73b/67954be8-fd34-409a-918a-12a9d961b5c0.db encrypted=True
CHILD_RESULT mode=--peer scenario= encrypted=True exit=10
PEER_COMMITTED
TWO_COLD_INDEXED_MODELS_VERIFIED __WORKSPACE__/temporary/p133-pin-proof-2c92227181a94018908197bf26e0c73b/67954be8-fd34-409a-918a-12a9d961b5c0.db
TWO_COLD_INDEXED_MODELS_VERIFIED __WORKSPACE__/temporary/p133-pin-proof-2c92227181a94018908197bf26e0c73b/67954be8-fd34-409a-918a-12a9d961b5c0.db.other
CONTROL_VERIFIED no-anchor
CASE_FIXED
VERIFIED_FIXED
{"type":"result","timestamp":"2026-09-30T17:18:11.5863843+00:00","text":"Native dependency cases, independent controls and cold models verified.","success":false}
