{"type":"configuration","timestamp":"2026-09-30T19:01:42.5771616+00:00","payload":{"useProjectReference":false,"liteDBPackageVersion":"0.0.0-knownbad.569ba13c3b38"}}
DATABASE_ROOT __WORKSPACE__/temporary/p133-pin-proof-97ceb8ee4e844937bd87b2025ad2aa34
CHILD_START mode=--case scenario=pin-begin-same path=__WORKSPACE__/temporary/p133-pin-proof-97ceb8ee4e844937bd87b2025ad2aa34/758c01a0-39e6-41b3-981b-f77f51af2b8e.db encrypted=False
CHILD_RESULT mode=--case scenario=pin-begin-same encrypted=False exit=20
LEASED_LOCAL_ANCHOR_CONFIRMED
PIN_OPERATION_POSITIVE_HOLDS_ZERO
CALLBACK_NATIVE_EXCLUSION_VERIFIED
ORDINARY_CALLBACK_DEFAULT_BEGIN_ENTERED pin-begin-same
PIN_OPERATION_POSITIVE_HOLDS_ZERO
DEFAULT_BEGIN_NATIVE_DEPENDENCY_CONFIRMED cachedChildCheckedOut childNativeWaiters>0 localGateAcquired nativeExcluded
CALLBACK_NATIVE_DEPENDENCY_VERIFIED
CHILD_START mode=--peer scenario= path=__WORKSPACE__/temporary/p133-pin-proof-97ceb8ee4e844937bd87b2025ad2aa34/758c01a0-39e6-41b3-981b-f77f51af2b8e.db encrypted=False
CHILD_RESULT mode=--peer scenario= encrypted=False exit=10
PEER_COMMITTED
TWO_COLD_INDEXED_MODELS_VERIFIED __WORKSPACE__/temporary/p133-pin-proof-97ceb8ee4e844937bd87b2025ad2aa34/758c01a0-39e6-41b3-981b-f77f51af2b8e.db
CHILD_START mode=--case scenario=pin-begin-peer path=__WORKSPACE__/temporary/p133-pin-proof-97ceb8ee4e844937bd87b2025ad2aa34/1bfc406c-d7d5-4202-80e0-927d8be8f1df.db encrypted=False
CHILD_RESULT mode=--case scenario=pin-begin-peer encrypted=False exit=20
LEASED_LOCAL_ANCHOR_CONFIRMED
PIN_OPERATION_POSITIVE_HOLDS_ZERO
CALLBACK_NATIVE_EXCLUSION_VERIFIED
ORDINARY_CALLBACK_DEFAULT_BEGIN_ENTERED pin-begin-peer
PIN_OPERATION_POSITIVE_HOLDS_ZERO
DEFAULT_BEGIN_NATIVE_DEPENDENCY_CONFIRMED cachedChildCheckedOut childNativeWaiters>0 localGateAcquired nativeExcluded
CALLBACK_NATIVE_DEPENDENCY_VERIFIED
CHILD_START mode=--peer scenario= path=__WORKSPACE__/temporary/p133-pin-proof-97ceb8ee4e844937bd87b2025ad2aa34/1bfc406c-d7d5-4202-80e0-927d8be8f1df.db encrypted=False
CHILD_RESULT mode=--peer scenario= encrypted=False exit=10
PEER_COMMITTED
TWO_COLD_INDEXED_MODELS_VERIFIED __WORKSPACE__/temporary/p133-pin-proof-97ceb8ee4e844937bd87b2025ad2aa34/1bfc406c-d7d5-4202-80e0-927d8be8f1df.db
CHILD_START mode=--case scenario=reader-begin-same path=__WORKSPACE__/temporary/p133-pin-proof-97ceb8ee4e844937bd87b2025ad2aa34/d1b51c0a-d884-45b5-8269-3617169a8c93.db encrypted=False
CHILD_RESULT mode=--case scenario=reader-begin-same encrypted=False exit=20
CALLBACK_NATIVE_EXCLUSION_VERIFIED
ORDINARY_CALLBACK_DEFAULT_BEGIN_ENTERED reader-begin-same
DEFAULT_BEGIN_NATIVE_DEPENDENCY_CONFIRMED cachedChildCheckedOut childNativeWaiters>0 localGateAcquired nativeExcluded
CALLBACK_NATIVE_DEPENDENCY_VERIFIED
CHILD_START mode=--peer scenario= path=__WORKSPACE__/temporary/p133-pin-proof-97ceb8ee4e844937bd87b2025ad2aa34/d1b51c0a-d884-45b5-8269-3617169a8c93.db encrypted=False
CHILD_RESULT mode=--peer scenario= encrypted=False exit=10
PEER_COMMITTED
TWO_COLD_INDEXED_MODELS_VERIFIED __WORKSPACE__/temporary/p133-pin-proof-97ceb8ee4e844937bd87b2025ad2aa34/d1b51c0a-d884-45b5-8269-3617169a8c93.db
CHILD_START mode=--case scenario=reader-begin-peer path=__WORKSPACE__/temporary/p133-pin-proof-97ceb8ee4e844937bd87b2025ad2aa34/56cebee2-fd04-41ea-9893-b26d516921ee.db encrypted=False
CHILD_RESULT mode=--case scenario=reader-begin-peer encrypted=False exit=20
CALLBACK_NATIVE_EXCLUSION_VERIFIED
ORDINARY_CALLBACK_DEFAULT_BEGIN_ENTERED reader-begin-peer
DEFAULT_BEGIN_NATIVE_DEPENDENCY_CONFIRMED cachedChildCheckedOut childNativeWaiters>0 localGateAcquired nativeExcluded
CALLBACK_NATIVE_DEPENDENCY_VERIFIED
CHILD_START mode=--peer scenario= path=__WORKSPACE__/temporary/p133-pin-proof-97ceb8ee4e844937bd87b2025ad2aa34/56cebee2-fd04-41ea-9893-b26d516921ee.db encrypted=False
CHILD_RESULT mode=--peer scenario= encrypted=False exit=10
PEER_COMMITTED
TWO_COLD_INDEXED_MODELS_VERIFIED __WORKSPACE__/temporary/p133-pin-proof-97ceb8ee4e844937bd87b2025ad2aa34/56cebee2-fd04-41ea-9893-b26d516921ee.db
CHILD_START mode=--control scenario=leased-begin-same path=__WORKSPACE__/temporary/p133-pin-proof-97ceb8ee4e844937bd87b2025ad2aa34/f211e7f8-7803-42ba-a628-58c2d98ea05f.db encrypted=False
CHILD_RESULT mode=--control scenario=leased-begin-same encrypted=False exit=10
LEASED_LOCAL_ANCHOR_CONFIRMED
CHILD_START mode=--peer scenario= path=__WORKSPACE__/temporary/p133-pin-proof-97ceb8ee4e844937bd87b2025ad2aa34/f211e7f8-7803-42ba-a628-58c2d98ea05f.db encrypted=False
CHILD_RESULT mode=--peer scenario= encrypted=False exit=10
PEER_COMMITTED
TWO_COLD_INDEXED_MODELS_VERIFIED __WORKSPACE__/temporary/p133-pin-proof-97ceb8ee4e844937bd87b2025ad2aa34/f211e7f8-7803-42ba-a628-58c2d98ea05f.db
CONTROL_VERIFIED leased-begin-same
CASE_FIXED
CHILD_START mode=--control scenario=leased-begin-peer path=__WORKSPACE__/temporary/p133-pin-proof-97ceb8ee4e844937bd87b2025ad2aa34/fb04b361-fb87-4876-b450-4c278fb9ba17.db encrypted=False
CHILD_RESULT mode=--control scenario=leased-begin-peer encrypted=False exit=10
LEASED_LOCAL_ANCHOR_CONFIRMED
CHILD_START mode=--peer scenario= path=__WORKSPACE__/temporary/p133-pin-proof-97ceb8ee4e844937bd87b2025ad2aa34/fb04b361-fb87-4876-b450-4c278fb9ba17.db encrypted=False
CHILD_RESULT mode=--peer scenario= encrypted=False exit=10
PEER_COMMITTED
TWO_COLD_INDEXED_MODELS_VERIFIED __WORKSPACE__/temporary/p133-pin-proof-97ceb8ee4e844937bd87b2025ad2aa34/fb04b361-fb87-4876-b450-4c278fb9ba17.db
CONTROL_VERIFIED leased-begin-peer
CASE_FIXED
CHILD_START mode=--control scenario=idle-handoff path=__WORKSPACE__/temporary/p133-pin-proof-97ceb8ee4e844937bd87b2025ad2aa34/8b3a97a9-8d7d-4123-a251-195cacda16f9.db encrypted=False
CHILD_RESULT mode=--control scenario=idle-handoff encrypted=False exit=10
LEASED_LOCAL_ANCHOR_CONFIRMED
CHILD_START mode=--peer scenario= path=__WORKSPACE__/temporary/p133-pin-proof-97ceb8ee4e844937bd87b2025ad2aa34/8b3a97a9-8d7d-4123-a251-195cacda16f9.db encrypted=False
CHILD_RESULT mode=--peer scenario= encrypted=False exit=10
PEER_COMMITTED
TWO_COLD_INDEXED_MODELS_VERIFIED __WORKSPACE__/temporary/p133-pin-proof-97ceb8ee4e844937bd87b2025ad2aa34/8b3a97a9-8d7d-4123-a251-195cacda16f9.db
CONTROL_VERIFIED idle-handoff
CASE_FIXED
CHILD_START mode=--case scenario=pin-begin-same path=__WORKSPACE__/temporary/p133-pin-proof-97ceb8ee4e844937bd87b2025ad2aa34/9a8ff888-5f3b-4cd7-b463-e5e207714d89.db encrypted=True
CHILD_RESULT mode=--case scenario=pin-begin-same encrypted=True exit=20
LEASED_LOCAL_ANCHOR_CONFIRMED
PIN_OPERATION_POSITIVE_HOLDS_ZERO
CALLBACK_NATIVE_EXCLUSION_VERIFIED
ORDINARY_CALLBACK_DEFAULT_BEGIN_ENTERED pin-begin-same
PIN_OPERATION_POSITIVE_HOLDS_ZERO
DEFAULT_BEGIN_NATIVE_DEPENDENCY_CONFIRMED cachedChildCheckedOut childNativeWaiters>0 localGateAcquired nativeExcluded
CALLBACK_NATIVE_DEPENDENCY_VERIFIED
CHILD_START mode=--peer scenario= path=__WORKSPACE__/temporary/p133-pin-proof-97ceb8ee4e844937bd87b2025ad2aa34/9a8ff888-5f3b-4cd7-b463-e5e207714d89.db encrypted=True
CHILD_RESULT mode=--peer scenario= encrypted=True exit=10
PEER_COMMITTED
TWO_COLD_INDEXED_MODELS_VERIFIED __WORKSPACE__/temporary/p133-pin-proof-97ceb8ee4e844937bd87b2025ad2aa34/9a8ff888-5f3b-4cd7-b463-e5e207714d89.db
CHILD_START mode=--case scenario=pin-begin-peer path=__WORKSPACE__/temporary/p133-pin-proof-97ceb8ee4e844937bd87b2025ad2aa34/db79b570-bfeb-45ed-af21-c51b0c3f40a5.db encrypted=True
CHILD_RESULT mode=--case scenario=pin-begin-peer encrypted=True exit=20
LEASED_LOCAL_ANCHOR_CONFIRMED
PIN_OPERATION_POSITIVE_HOLDS_ZERO
CALLBACK_NATIVE_EXCLUSION_VERIFIED
ORDINARY_CALLBACK_DEFAULT_BEGIN_ENTERED pin-begin-peer
PIN_OPERATION_POSITIVE_HOLDS_ZERO
DEFAULT_BEGIN_NATIVE_DEPENDENCY_CONFIRMED cachedChildCheckedOut childNativeWaiters>0 localGateAcquired nativeExcluded
CALLBACK_NATIVE_DEPENDENCY_VERIFIED
CHILD_START mode=--peer scenario= path=__WORKSPACE__/temporary/p133-pin-proof-97ceb8ee4e844937bd87b2025ad2aa34/db79b570-bfeb-45ed-af21-c51b0c3f40a5.db encrypted=True
CHILD_RESULT mode=--peer scenario= encrypted=True exit=10
PEER_COMMITTED
TWO_COLD_INDEXED_MODELS_VERIFIED __WORKSPACE__/temporary/p133-pin-proof-97ceb8ee4e844937bd87b2025ad2aa34/db79b570-bfeb-45ed-af21-c51b0c3f40a5.db
CHILD_START mode=--case scenario=reader-begin-same path=__WORKSPACE__/temporary/p133-pin-proof-97ceb8ee4e844937bd87b2025ad2aa34/09290aba-541c-491d-a781-5b89b92e934d.db encrypted=True
CHILD_RESULT mode=--case scenario=reader-begin-same encrypted=True exit=20
CALLBACK_NATIVE_EXCLUSION_VERIFIED
ORDINARY_CALLBACK_DEFAULT_BEGIN_ENTERED reader-begin-same
DEFAULT_BEGIN_NATIVE_DEPENDENCY_CONFIRMED cachedChildCheckedOut childNativeWaiters>0 localGateAcquired nativeExcluded
CALLBACK_NATIVE_DEPENDENCY_VERIFIED
CHILD_START mode=--peer scenario= path=__WORKSPACE__/temporary/p133-pin-proof-97ceb8ee4e844937bd87b2025ad2aa34/09290aba-541c-491d-a781-5b89b92e934d.db encrypted=True
CHILD_RESULT mode=--peer scenario= encrypted=True exit=10
PEER_COMMITTED
TWO_COLD_INDEXED_MODELS_VERIFIED __WORKSPACE__/temporary/p133-pin-proof-97ceb8ee4e844937bd87b2025ad2aa34/09290aba-541c-491d-a781-5b89b92e934d.db
CHILD_START mode=--case scenario=reader-begin-peer path=__WORKSPACE__/temporary/p133-pin-proof-97ceb8ee4e844937bd87b2025ad2aa34/438552fb-d54f-46e9-a5f9-2b9532b051b3.db encrypted=True
CHILD_RESULT mode=--case scenario=reader-begin-peer encrypted=True exit=20
CALLBACK_NATIVE_EXCLUSION_VERIFIED
ORDINARY_CALLBACK_DEFAULT_BEGIN_ENTERED reader-begin-peer
DEFAULT_BEGIN_NATIVE_DEPENDENCY_CONFIRMED cachedChildCheckedOut childNativeWaiters>0 localGateAcquired nativeExcluded
CALLBACK_NATIVE_DEPENDENCY_VERIFIED
CHILD_START mode=--peer scenario= path=__WORKSPACE__/temporary/p133-pin-proof-97ceb8ee4e844937bd87b2025ad2aa34/438552fb-d54f-46e9-a5f9-2b9532b051b3.db encrypted=True
CHILD_RESULT mode=--peer scenario= encrypted=True exit=10
PEER_COMMITTED
TWO_COLD_INDEXED_MODELS_VERIFIED __WORKSPACE__/temporary/p133-pin-proof-97ceb8ee4e844937bd87b2025ad2aa34/438552fb-d54f-46e9-a5f9-2b9532b051b3.db
CHILD_START mode=--control scenario=leased-begin-same path=__WORKSPACE__/temporary/p133-pin-proof-97ceb8ee4e844937bd87b2025ad2aa34/554017fa-545b-4d66-8724-26ab343dc7ae.db encrypted=True
CHILD_RESULT mode=--control scenario=leased-begin-same encrypted=True exit=10
LEASED_LOCAL_ANCHOR_CONFIRMED
CHILD_START mode=--peer scenario= path=__WORKSPACE__/temporary/p133-pin-proof-97ceb8ee4e844937bd87b2025ad2aa34/554017fa-545b-4d66-8724-26ab343dc7ae.db encrypted=True
CHILD_RESULT mode=--peer scenario= encrypted=True exit=10
PEER_COMMITTED
TWO_COLD_INDEXED_MODELS_VERIFIED __WORKSPACE__/temporary/p133-pin-proof-97ceb8ee4e844937bd87b2025ad2aa34/554017fa-545b-4d66-8724-26ab343dc7ae.db
CONTROL_VERIFIED leased-begin-same
CASE_FIXED
CHILD_START mode=--control scenario=leased-begin-peer path=__WORKSPACE__/temporary/p133-pin-proof-97ceb8ee4e844937bd87b2025ad2aa34/ac0c4255-e822-4873-87ee-ce03f1e01481.db encrypted=True
CHILD_RESULT mode=--control scenario=leased-begin-peer encrypted=True exit=10
LEASED_LOCAL_ANCHOR_CONFIRMED
CHILD_START mode=--peer scenario= path=__WORKSPACE__/temporary/p133-pin-proof-97ceb8ee4e844937bd87b2025ad2aa34/ac0c4255-e822-4873-87ee-ce03f1e01481.db encrypted=True
CHILD_RESULT mode=--peer scenario= encrypted=True exit=10
PEER_COMMITTED
TWO_COLD_INDEXED_MODELS_VERIFIED __WORKSPACE__/temporary/p133-pin-proof-97ceb8ee4e844937bd87b2025ad2aa34/ac0c4255-e822-4873-87ee-ce03f1e01481.db
CONTROL_VERIFIED leased-begin-peer
CASE_FIXED
CHILD_START mode=--control scenario=idle-handoff path=__WORKSPACE__/temporary/p133-pin-proof-97ceb8ee4e844937bd87b2025ad2aa34/5206aa02-b180-4289-88ad-13c8f6a82f36.db encrypted=True
CHILD_RESULT mode=--control scenario=idle-handoff encrypted=True exit=10
LEASED_LOCAL_ANCHOR_CONFIRMED
CHILD_START mode=--peer scenario= path=__WORKSPACE__/temporary/p133-pin-proof-97ceb8ee4e844937bd87b2025ad2aa34/5206aa02-b180-4289-88ad-13c8f6a82f36.db encrypted=True
CHILD_RESULT mode=--peer scenario= encrypted=True exit=10
PEER_COMMITTED
TWO_COLD_INDEXED_MODELS_VERIFIED __WORKSPACE__/temporary/p133-pin-proof-97ceb8ee4e844937bd87b2025ad2aa34/5206aa02-b180-4289-88ad-13c8f6a82f36.db
CONTROL_VERIFIED idle-handoff
CASE_FIXED
BUG_REPRODUCED
{"type":"result","timestamp":"2026-09-30T19:01:59.4864537+00:00","text":"Native dependency cases, independent controls and cold models verified.","success":true}
