Test run for __WORKSPACE__/artifacts_temp/integration/LiteDB.Tests/bin/Release/net10.0/LiteDB.Tests.dll (.NETCoreApp,Version=v10.0)
The following Tests are available:
    LiteDB.Tests.Internals.TransactionHandleProcess_Tests.First_shared_handle_preserves_caller_culture_and_existing_persisted_collation
    LiteDB.Tests.Internals.TransactionHandleProcess_Tests.Session_close_progresses_while_callers_exhaust_the_thread_pool(shared: False, active: False)
    LiteDB.Tests.Internals.TransactionHandleProcess_Tests.Session_close_progresses_while_callers_exhaust_the_thread_pool(shared: False, active: True)
    LiteDB.Tests.Internals.TransactionHandleProcess_Tests.Session_close_progresses_while_callers_exhaust_the_thread_pool(shared: True, active: False)
    LiteDB.Tests.Internals.TransactionHandleProcess_Tests.Session_close_progresses_while_callers_exhaust_the_thread_pool(shared: True, active: True)
    LiteDB.Tests.Internals.TransactionHandleProcess_Tests.Process_death_releases_handle_ownership_without_committing_partial_wal(shared: False, password: null)
    LiteDB.Tests.Internals.TransactionHandleProcess_Tests.Process_death_releases_handle_ownership_without_committing_partial_wal(shared: False, password: "secret")
    LiteDB.Tests.Internals.TransactionHandleProcess_Tests.Process_death_releases_handle_ownership_without_committing_partial_wal(shared: True, password: null)
    LiteDB.Tests.Internals.TransactionHandleProcess_Tests.Process_death_releases_handle_ownership_without_committing_partial_wal(shared: True, password: "secret")
    LiteDB.Tests.Internals.TransactionHandleProcess_Tests.Process_death_during_reused_shared_handle_preserves_committed_model(password: null)
    LiteDB.Tests.Internals.TransactionHandleProcess_Tests.Process_death_during_reused_shared_handle_preserves_committed_model(password: "secret")
    LiteDB.Tests.Internals.TransactionHandleProcess_Tests.Acknowledged_shared_commit_survives_death_before_session_checkpoint(password: null)
    LiteDB.Tests.Internals.TransactionHandleProcess_Tests.Acknowledged_shared_commit_survives_death_before_session_checkpoint(password: "secret")
    LiteDB.Tests.Internals.TransactionHandleProcess_Tests.Independent_process_waits_for_shared_handle_then_acquires_before_handle_disposal(password: null)
    LiteDB.Tests.Internals.TransactionHandleProcess_Tests.Independent_process_waits_for_shared_handle_then_acquires_before_handle_disposal(password: "secret")
    LiteDB.Tests.Internals.TransactionHandleProcess_Tests.Bounded_begin_preserves_remote_owner_and_retries_after_release(cancel: False)
    LiteDB.Tests.Internals.TransactionHandleProcess_Tests.Bounded_begin_preserves_remote_owner_and_retries_after_release(cancel: True)
    LiteDB.Tests.Engine.TransactionHandleAbandonment_Tests.Completed_handle_does_not_root_abandoned_session_and_active_handle(shared: False, promote: False)
    LiteDB.Tests.Engine.TransactionHandleAbandonment_Tests.Completed_handle_does_not_root_abandoned_session_and_active_handle(shared: False, promote: True)
    LiteDB.Tests.Engine.TransactionHandleAbandonment_Tests.Completed_handle_does_not_root_abandoned_session_and_active_handle(shared: True, promote: False)
    LiteDB.Tests.Engine.TransactionHandleAbandonment_Tests.Completed_handle_does_not_root_abandoned_session_and_active_handle(shared: True, promote: True)
    LiteDB.Tests.Engine.TransactionHandleAdmissionLifetime_Tests.Caller_cancellation_and_session_close_drain_pending_begin_without_touching_peer(cancelFirst: False)
    LiteDB.Tests.Engine.TransactionHandleAdmissionLifetime_Tests.Caller_cancellation_and_session_close_drain_pending_begin_without_touching_peer(cancelFirst: True)
    LiteDB.Tests.Engine.TransactionHandleAdmissionLifetime_Tests.Admission_cancellation_remains_primary_when_stream_cleanup_also_fails
    LiteDB.Tests.Engine.TransactionHandleAdmissionLifetime_Tests.Admission_does_not_root_abandoned_handle_through_callback_or_execution_context(asyncLocal: False)
    LiteDB.Tests.Engine.TransactionHandleAdmissionLifetime_Tests.Admission_does_not_root_abandoned_handle_through_callback_or_execution_context(asyncLocal: True)
    LiteDB.Tests.Engine.TransactionHandleAdmission_Tests.Invalid_and_precanceled_options_do_not_admit_and_zero_attempts_without_waiting
    LiteDB.Tests.Engine.TransactionHandleAdmission_Tests.Local_wait_cancellation_preserves_owner_and_allows_retry
    LiteDB.Tests.Engine.TransactionHandleAdmission_Tests.Native_wait_timeout_or_cancellation_preserves_independent_legacy_owner(cancel: False)
    LiteDB.Tests.Engine.TransactionHandleAdmission_Tests.Native_wait_timeout_or_cancellation_preserves_independent_legacy_owner(cancel: True)
    LiteDB.Tests.Engine.TransactionHandleAdmission_Tests.Both_shared_waits_spend_one_deadline
    LiteDB.Tests.Engine.TransactionHandleAdmission_Tests.Cancellation_after_acquisition_releases_ownership_before_reporting_failure(at: "local-acquired")
    LiteDB.Tests.Engine.TransactionHandleAdmission_Tests.Cancellation_after_acquisition_releases_ownership_before_reporting_failure(at: "native-acquired")
    LiteDB.Tests.Engine.TransactionHandleAdmission_Tests.Cancellation_after_acquisition_releases_ownership_before_reporting_failure(at: "storage-opened")
    LiteDB.Tests.Engine.TransactionHandleAdmission_Tests.Cancellation_after_return_does_not_cancel_transaction_or_commit(shared: False)
    LiteDB.Tests.Engine.TransactionHandleAdmission_Tests.Cancellation_after_return_does_not_cancel_transaction_or_commit(shared: True)
    LiteDB.Tests.Engine.TransactionHandleBinding_Tests.Mapper_reentry_cannot_complete_or_escape_the_enclosing_operation(shared: False)
    LiteDB.Tests.Engine.TransactionHandleBinding_Tests.Mapper_reentry_cannot_complete_or_escape_the_enclosing_operation(shared: True)
    LiteDB.Tests.Engine.TransactionHandleBinding_Tests.Mapping_is_inside_the_same_handle_overlap_guard
    LiteDB.Tests.Engine.TransactionHandleBinding_Tests.Bound_indexes_queries_and_deferred_objects_preserve_their_owner(shared: False)
    LiteDB.Tests.Engine.TransactionHandleBinding_Tests.Bound_indexes_queries_and_deferred_objects_preserve_their_owner(shared: True)
    LiteDB.Tests.Engine.TransactionHandleBinding_Tests.Unsupported_external_query_output_does_not_abort_prior_writes
    LiteDB.Tests.Engine.TransactionHandleBinding_Tests.Read_only_handles_query_and_complete_without_granting_writes(shared: False)
    LiteDB.Tests.Engine.TransactionHandleBinding_Tests.Read_only_handles_query_and_complete_without_granting_writes(shared: True)
    LiteDB.Tests.Engine.TransactionHandleBoundDisposeRace_Tests.Disposal_between_child_capture_and_admission_does_not_abort_writes(shared: False, enumerator: False, password: null)
    LiteDB.Tests.Engine.TransactionHandleBoundDisposeRace_Tests.Disposal_between_child_capture_and_admission_does_not_abort_writes(shared: False, enumerator: True, password: null)
    LiteDB.Tests.Engine.TransactionHandleBoundDisposeRace_Tests.Disposal_between_child_capture_and_admission_does_not_abort_writes(shared: True, enumerator: False, password: null)
    LiteDB.Tests.Engine.TransactionHandleBoundDisposeRace_Tests.Disposal_between_child_capture_and_admission_does_not_abort_writes(shared: True, enumerator: True, password: null)
    LiteDB.Tests.Engine.TransactionHandleBoundDisposeRace_Tests.Disposal_between_child_capture_and_admission_does_not_abort_writes(shared: False, enumerator: False, password: "secret")
    LiteDB.Tests.Engine.TransactionHandleBoundDisposeRace_Tests.Disposal_between_child_capture_and_admission_does_not_abort_writes(shared: False, enumerator: True, password: "secret")
    LiteDB.Tests.Engine.TransactionHandleBoundDisposeRace_Tests.Disposal_between_child_capture_and_admission_does_not_abort_writes(shared: True, enumerator: False, password: "secret")
    LiteDB.Tests.Engine.TransactionHandleBoundDisposeRace_Tests.Disposal_between_child_capture_and_admission_does_not_abort_writes(shared: True, enumerator: True, password: "secret")
    LiteDB.Tests.Engine.TransactionHandleBoundDisposeRace_Tests.Actual_reader_operation_and_disposal_failures_still_abort(shared: False, disposal: False)
    LiteDB.Tests.Engine.TransactionHandleBoundDisposeRace_Tests.Actual_reader_operation_and_disposal_failures_still_abort(shared: False, disposal: True)
    LiteDB.Tests.Engine.TransactionHandleBoundDisposeRace_Tests.Actual_reader_operation_and_disposal_failures_still_abort(shared: True, disposal: False)
    LiteDB.Tests.Engine.TransactionHandleBoundDisposeRace_Tests.Actual_reader_operation_and_disposal_failures_still_abort(shared: True, disposal: True)
    LiteDB.Tests.Engine.TransactionHandleCallbackHandoff_Tests.Public_admission_handoff_preserves_current_callback_marker(shared: False, password: null)
    LiteDB.Tests.Engine.TransactionHandleCallbackHandoff_Tests.Public_admission_handoff_preserves_current_callback_marker(shared: False, password: "secret")
    LiteDB.Tests.Engine.TransactionHandleCallbackHandoff_Tests.Public_admission_handoff_preserves_current_callback_marker(shared: True, password: null)
    LiteDB.Tests.Engine.TransactionHandleCallbackHandoff_Tests.Public_admission_handoff_preserves_current_callback_marker(shared: True, password: "secret")
    LiteDB.Tests.Engine.TransactionHandleCallbackLock_Tests.Same_collection_callback_refuses_self_wait_without_enlisting_independent_work(password: null, handoff: False)
    LiteDB.Tests.Engine.TransactionHandleCallbackLock_Tests.Same_collection_callback_refuses_self_wait_without_enlisting_independent_work(password: "secret", handoff: False)
    LiteDB.Tests.Engine.TransactionHandleCallbackLock_Tests.Same_collection_callback_refuses_self_wait_without_enlisting_independent_work(password: null, handoff: True)
    LiteDB.Tests.Engine.TransactionHandleCallbackLock_Tests.Same_collection_callback_refuses_self_wait_without_enlisting_independent_work(password: "secret", handoff: True)
    LiteDB.Tests.Engine.TransactionHandleCallbackLock_Tests.Original_thread_may_wait_for_idle_handle_completed_by_another_thread(password: null)
    LiteDB.Tests.Engine.TransactionHandleCallbackLock_Tests.Original_thread_may_wait_for_idle_handle_completed_by_another_thread(password: "secret")
    LiteDB.Tests.Engine.TransactionHandleCallbackLock_Tests.Repeated_public_handoff_restores_binding_before_admitting_next_callback
    LiteDB.Tests.Engine.TransactionHandleCallbackScopeRetention_Tests.Idle_caller_thread_does_not_root_completed_application_graph(password: null, fail: False)
    LiteDB.Tests.Engine.TransactionHandleCallbackScopeRetention_Tests.Idle_caller_thread_does_not_root_completed_application_graph(password: null, fail: True)
    LiteDB.Tests.Engine.TransactionHandleCallbackScopeRetention_Tests.Idle_caller_thread_does_not_root_completed_application_graph(password: "secret", fail: False)
    LiteDB.Tests.Engine.TransactionHandleCallbackScopeRetention_Tests.Idle_caller_thread_does_not_root_completed_application_graph(password: "secret", fail: True)
    LiteDB.Tests.Engine.TransactionHandleChildCloseRace_Tests.Admitted_child_call_finishes_when_disposal_hands_cleanup_to_session(shared: False, enumerator: False, password: null)
    LiteDB.Tests.Engine.TransactionHandleChildCloseRace_Tests.Admitted_child_call_finishes_when_disposal_hands_cleanup_to_session(shared: False, enumerator: True, password: null)
    LiteDB.Tests.Engine.TransactionHandleChildCloseRace_Tests.Admitted_child_call_finishes_when_disposal_hands_cleanup_to_session(shared: True, enumerator: False, password: null)
    LiteDB.Tests.Engine.TransactionHandleChildCloseRace_Tests.Admitted_child_call_finishes_when_disposal_hands_cleanup_to_session(shared: True, enumerator: True, password: null)
    LiteDB.Tests.Engine.TransactionHandleChildCloseRace_Tests.Admitted_child_call_finishes_when_disposal_hands_cleanup_to_session(shared: False, enumerator: False, password: "secret")
    LiteDB.Tests.Engine.TransactionHandleChildCloseRace_Tests.Admitted_child_call_finishes_when_disposal_hands_cleanup_to_session(shared: False, enumerator: True, password: "secret")
    LiteDB.Tests.Engine.TransactionHandleChildCloseRace_Tests.Admitted_child_call_finishes_when_disposal_hands_cleanup_to_session(shared: True, enumerator: False, password: "secret")
    LiteDB.Tests.Engine.TransactionHandleChildCloseRace_Tests.Admitted_child_call_finishes_when_disposal_hands_cleanup_to_session(shared: True, enumerator: True, password: "secret")
    LiteDB.Tests.Engine.TransactionHandleChildLifetime_Tests.Failed_reused_open_or_core_close_discards_child_and_preserves_committed_data(password: null, failOpen: False)
    LiteDB.Tests.Engine.TransactionHandleChildLifetime_Tests.Failed_reused_open_or_core_close_discards_child_and_preserves_committed_data(password: null, failOpen: True)
    LiteDB.Tests.Engine.TransactionHandleChildLifetime_Tests.Failed_reused_open_or_core_close_discards_child_and_preserves_committed_data(password: "secret", failOpen: False)
    LiteDB.Tests.Engine.TransactionHandleChildLifetime_Tests.Failed_reused_open_or_core_close_discards_child_and_preserves_committed_data(password: "secret", failOpen: True)
    LiteDB.Tests.Engine.TransactionHandleChildLifetime_Tests.Reused_wrapper_after_failed_wal_write_reopens_without_unconfirmed_rows(password: null)
    LiteDB.Tests.Engine.TransactionHandleChildLifetime_Tests.Reused_wrapper_after_failed_wal_write_reopens_without_unconfirmed_rows(password: "secret")
    LiteDB.Tests.Engine.TransactionHandleChildLifetime_Tests.Retained_completed_handle_and_idle_worker_do_not_root_cached_or_abandoned_session(abandonActive: False)
    LiteDB.Tests.Engine.TransactionHandleChildLifetime_Tests.Retained_completed_handle_and_idle_worker_do_not_root_cached_or_abandoned_session(abandonActive: True)
    LiteDB.Tests.Engine.TransactionHandleChildReadPolicy_Tests.Replacing_callers_settings_delegate_does_not_change_constructed_shared_connection(initial: False, replacement: True)
    LiteDB.Tests.Engine.TransactionHandleChildReadPolicy_Tests.Replacing_callers_settings_delegate_does_not_change_constructed_shared_connection(initial: True, replacement: False)
    LiteDB.Tests.Engine.TransactionHandleChildReadPolicy_Tests.Replacing_callers_settings_delegate_does_not_change_constructed_shared_connection(initial: True, replacement: True)
    LiteDB.Tests.Engine.TransactionHandleChildReadPolicy_Tests.Reused_wrapper_observes_changes_to_the_original_delegate_target
    LiteDB.Tests.Engine.TransactionHandleChildReuse_Tests.Reused_holder_and_wrapper_release_writer_and_refresh_after_external_commit(password: null)
    LiteDB.Tests.Engine.TransactionHandleChildReuse_Tests.Reused_holder_and_wrapper_release_writer_and_refresh_after_external_commit(password: "secret")
    LiteDB.Tests.Engine.TransactionHandleChildReuse_Tests.Cached_wrapper_native_wait_timeout_or_cancellation_allows_retry(password: null, cancel: False)
    LiteDB.Tests.Engine.TransactionHandleChildReuse_Tests.Cached_wrapper_native_wait_timeout_or_cancellation_allows_retry(password: null, cancel: True)
    LiteDB.Tests.Engine.TransactionHandleChildReuse_Tests.Cached_wrapper_native_wait_timeout_or_cancellation_allows_retry(password: "secret", cancel: False)
    LiteDB.Tests.Engine.TransactionHandleChildReuse_Tests.Cached_wrapper_native_wait_timeout_or_cancellation_allows_retry(password: "secret", cancel: True)
    LiteDB.Tests.Engine.TransactionHandleChildReuse_Tests.Handle_only_facade_preserves_direct_process_admission_between_handles(password: null)
    LiteDB.Tests.Engine.TransactionHandleChildReuse_Tests.Handle_only_facade_preserves_direct_process_admission_between_handles(password: "secret")
    LiteDB.Tests.Engine.TransactionHandleChildRuntime_Tests.Reused_holder_and_wrapper_refresh_after_independent_thread_writer_on_every_runtime(password: null)
    LiteDB.Tests.Engine.TransactionHandleChildRuntime_Tests.Reused_holder_and_wrapper_refresh_after_independent_thread_writer_on_every_runtime(password: "secret")
    LiteDB.Tests.Engine.TransactionHandleChildSettings_Tests.Rebuild_invalidates_cached_child_when_password_or_collation_changes(before: null, after: "new-secret", changeCollation: False)
    LiteDB.Tests.Engine.TransactionHandleChildSettings_Tests.Rebuild_invalidates_cached_child_when_password_or_collation_changes(before: "old-secret", after: "new-secret", changeCollation: False)
    LiteDB.Tests.Engine.TransactionHandleChildSettings_Tests.Rebuild_invalidates_cached_child_when_password_or_collation_changes(before: "old-secret", after: null, changeCollation: False)
    LiteDB.Tests.Engine.TransactionHandleChildSettings_Tests.Rebuild_invalidates_cached_child_when_password_or_collation_changes(before: null, after: null, changeCollation: True)
    LiteDB.Tests.Engine.TransactionHandleChildSettings_Tests.Changed_serialized_collation_policy_is_not_hidden_by_cached_wrapper
    LiteDB.Tests.Engine.TransactionHandleCleanupScheduler_Tests.Reused_worker_restores_caller_and_suppressed_contexts
    LiteDB.Tests.Engine.TransactionHandleCleanupScheduler_Tests.Busy_cleanup_workers_do_not_limit_another_session
    LiteDB.Tests.Engine.TransactionHandleCleanupScheduler_Tests.Completed_callback_graph_is_collectible_while_its_worker_is_still_idle
    LiteDB.Tests.Engine.TransactionHandleCleanupScheduler_Tests.Dispatch_after_expiry_removal_runs_once_on_another_worker
    LiteDB.Tests.Engine.TransactionHandleCleanupScheduler_Tests.Reused_cleanup_preserves_committed_data_and_rolls_back_each_idle_handle(shared: False)
    LiteDB.Tests.Engine.TransactionHandleCleanupScheduler_Tests.Reused_cleanup_preserves_committed_data_and_rolls_back_each_idle_handle(shared: True)
    LiteDB.Tests.Engine.TransactionHandleCloseCleanup_Tests.Concurrent_retries_dispatch_and_release_exactly_once
    LiteDB.Tests.Engine.TransactionHandleCloseCleanup_Tests.Idle_final_release_is_bounded_and_does_not_block_other_sessions
    LiteDB.Tests.Engine.TransactionHandleCloseCleanup_Tests.Failed_cleanup_dispatch_retains_ownership_and_retry_completes
    LiteDB.Tests.Engine.TransactionHandleCloseCleanup_Tests.Close_deadline_also_covers_idle_rollback_and_cleanup_reentry_is_rejected
    LiteDB.Tests.Engine.TransactionHandleCloseCleanup_Tests.Deferred_fatal_close_preserves_outer_maintenance_ownership
    LiteDB.Tests.Engine.TransactionHandleCommitPrecondition_Tests.Open_cursor_commit_refusal_keeps_handle_active_and_completion_releases_locks(shared: False, rollback: False)
    LiteDB.Tests.Engine.TransactionHandleCommitPrecondition_Tests.Open_cursor_commit_refusal_keeps_handle_active_and_completion_releases_locks(shared: False, rollback: True)
    LiteDB.Tests.Engine.TransactionHandleCommitPrecondition_Tests.Open_cursor_commit_refusal_keeps_handle_active_and_completion_releases_locks(shared: True, rollback: False)
    LiteDB.Tests.Engine.TransactionHandleCommitPrecondition_Tests.Open_cursor_commit_refusal_keeps_handle_active_and_completion_releases_locks(shared: True, rollback: True)
    LiteDB.Tests.Engine.TransactionHandleContext_Tests.Windows_impersonation_is_refused_before_handle_acquisition(occupied: False)
    LiteDB.Tests.Engine.TransactionHandleContext_Tests.Windows_impersonation_is_refused_before_handle_acquisition(occupied: True)
    LiteDB.Tests.Engine.TransactionHandleDisposeSafety_Tests.Disposed_bound_objects_refuse_use_without_aborting_prior_writes(shared: False)
    LiteDB.Tests.Engine.TransactionHandleDisposeSafety_Tests.Disposed_bound_objects_refuse_use_without_aborting_prior_writes(shared: True)
    LiteDB.Tests.Engine.TransactionHandleDisposeSafety_Tests.Disposal_after_close_admission_is_revoked_does_not_mask_user_exception(shared: False)
    LiteDB.Tests.Engine.TransactionHandleDisposeSafety_Tests.Disposal_after_close_admission_is_revoked_does_not_mask_user_exception(shared: True)
    LiteDB.Tests.Engine.TransactionHandleDisposeSafety_Tests.Disposal_while_close_worker_rolls_back_is_idempotent(shared: False)
    LiteDB.Tests.Engine.TransactionHandleDisposeSafety_Tests.Disposal_while_close_worker_rolls_back_is_idempotent(shared: True)
    LiteDB.Tests.Engine.TransactionHandleDisposeSafety_Tests.Disposing_healthy_handle_after_peer_fatal_failure_does_not_repeat_peer_error(password: null)
    LiteDB.Tests.Engine.TransactionHandleDisposeSafety_Tests.Disposing_healthy_handle_after_peer_fatal_failure_does_not_repeat_peer_error(password: "secret")
    LiteDB.Tests.Engine.TransactionHandleDisposeSafety_Tests.Reentrant_disposal_is_rejected_without_waiting_or_aborting(shared: False)
    LiteDB.Tests.Engine.TransactionHandleDisposeSafety_Tests.Reentrant_disposal_is_rejected_without_waiting_or_aborting(shared: True)
    LiteDB.Tests.Engine.TransactionHandleDisposeSafety_Tests.Deferred_fatal_teardown_does_not_repeat_peer_error_on_healthy_disposal(password: null, cleanupOrder: 0)
    LiteDB.Tests.Engine.TransactionHandleDisposeSafety_Tests.Deferred_fatal_teardown_does_not_repeat_peer_error_on_healthy_disposal(password: "secret", cleanupOrder: 0)
    LiteDB.Tests.Engine.TransactionHandleDisposeSafety_Tests.Deferred_fatal_teardown_does_not_repeat_peer_error_on_healthy_disposal(password: null, cleanupOrder: 1)
    LiteDB.Tests.Engine.TransactionHandleDisposeSafety_Tests.Deferred_fatal_teardown_does_not_repeat_peer_error_on_healthy_disposal(password: "secret", cleanupOrder: 1)
    LiteDB.Tests.Engine.TransactionHandleDisposeSafety_Tests.Deferred_fatal_teardown_does_not_repeat_peer_error_on_healthy_disposal(password: null, cleanupOrder: 2)
    LiteDB.Tests.Engine.TransactionHandleDisposeSafety_Tests.Deferred_fatal_teardown_does_not_repeat_peer_error_on_healthy_disposal(password: "secret", cleanupOrder: 2)
    LiteDB.Tests.Engine.TransactionHandleFailure_Tests.Failed_wal_publication_never_reports_commit_or_disposal_as_rollback(shared: False, encrypted: False)
    LiteDB.Tests.Engine.TransactionHandleFailure_Tests.Failed_wal_publication_never_reports_commit_or_disposal_as_rollback(shared: False, encrypted: True)
    LiteDB.Tests.Engine.TransactionHandleFailure_Tests.Failed_wal_publication_never_reports_commit_or_disposal_as_rollback(shared: True, encrypted: False)
    LiteDB.Tests.Engine.TransactionHandleFailure_Tests.Failed_wal_publication_never_reports_commit_or_disposal_as_rollback(shared: True, encrypted: True)
    LiteDB.Tests.Engine.TransactionHandleFailure_Tests.Committed_outcome_survives_post_commit_cleanup_failure(shared: False)
    LiteDB.Tests.Engine.TransactionHandleFailure_Tests.Committed_outcome_survives_post_commit_cleanup_failure(shared: True)
    LiteDB.Tests.Engine.TransactionHandleFailure_Tests.Failed_durable_flush_is_indeterminate_and_recovery_keeps_acknowledged_data(password: null)
    LiteDB.Tests.Engine.TransactionHandleFailure_Tests.Failed_durable_flush_is_indeterminate_and_recovery_keeps_acknowledged_data(password: "secret")
    LiteDB.Tests.Engine.TransactionHandleFailure_Tests.Rejected_reentrant_core_disposal_does_not_dispose_legacy_slots
    LiteDB.Tests.Engine.TransactionHandleFailure_Tests.Statement_error_survives_rollback_cleanup_failure(shared: False)
    LiteDB.Tests.Engine.TransactionHandleFailure_Tests.Statement_error_survives_rollback_cleanup_failure(shared: True)
    LiteDB.Tests.Engine.TransactionHandleFatalCleanupRace_Tests.Cleanup_discriminates_published_peer_failure_from_its_own_failure(peer: False, invalidData: False, distinctFailure: False)
    LiteDB.Tests.Engine.TransactionHandleFatalCleanupRace_Tests.Cleanup_discriminates_published_peer_failure_from_its_own_failure(peer: False, invalidData: True, distinctFailure: False)
    LiteDB.Tests.Engine.TransactionHandleFatalCleanupRace_Tests.Cleanup_discriminates_published_peer_failure_from_its_own_failure(peer: True, invalidData: False, distinctFailure: False)
    LiteDB.Tests.Engine.TransactionHandleFatalCleanupRace_Tests.Cleanup_discriminates_published_peer_failure_from_its_own_failure(peer: True, invalidData: True, distinctFailure: False)
    LiteDB.Tests.Engine.TransactionHandleFatalCleanupRace_Tests.Cleanup_discriminates_published_peer_failure_from_its_own_failure(peer: False, invalidData: False, distinctFailure: True)
    LiteDB.Tests.Engine.TransactionHandleFatalCleanupRace_Tests.Cleanup_discriminates_published_peer_failure_from_its_own_failure(peer: False, invalidData: True, distinctFailure: True)
    LiteDB.Tests.Engine.TransactionHandleFeatureCoverage_Tests.Independent_direct_handles_overlap_and_preserve_each_others_commit_and_rollback
    LiteDB.Tests.Engine.TransactionHandleFeatureCoverage_Tests.Writable_handle_rejects_drop_and_rename_without_losing_prior_writes(shared: False)
    LiteDB.Tests.Engine.TransactionHandleFeatureCoverage_Tests.Writable_handle_rejects_drop_and_rename_without_losing_prior_writes(shared: True)
    LiteDB.Tests.Engine.TransactionHandleFeatureCoverage_Tests.Handle_metadata_queries_read_existing_collections_and_bound_uncommitted_indexes(shared: False)
    LiteDB.Tests.Engine.TransactionHandleFeatureCoverage_Tests.Handle_metadata_queries_read_existing_collections_and_bound_uncommitted_indexes(shared: True)
    LiteDB.Tests.Engine.TransactionHandleFeatureCoverage_Tests.Custom_engine_rejection_leaves_legacy_and_ordinary_operations_usable
    LiteDB.Tests.Engine.TransactionHandleFeatureCoverage_Tests.Shared_legacy_owner_rejects_same_thread_handle_without_aborting_legacy_transaction
    LiteDB.Tests.Engine.TransactionHandleHolderScheduler_Tests.Reused_worker_restores_caller_and_suppressed_contexts
    LiteDB.Tests.Engine.TransactionHandleHolderScheduler_Tests.Busy_cleanup_workers_do_not_limit_another_session
    LiteDB.Tests.Engine.TransactionHandleHolderScheduler_Tests.Completed_callback_graph_is_collectible_while_its_worker_is_still_idle
    LiteDB.Tests.Engine.TransactionHandleHolderScheduler_Tests.Dispatch_after_expiry_removal_runs_once_on_another_worker
    LiteDB.Tests.Engine.TransactionHandleInclude_Tests.Include_vector_scores_and_Into_keep_exact_handle_binding(shared: False)
    LiteDB.Tests.Engine.TransactionHandleInclude_Tests.Include_vector_scores_and_Into_keep_exact_handle_binding(shared: True)
    LiteDB.Tests.Engine.TransactionHandleLateCallbackClose_Tests.Late_callback_close_refuses_only_a_self_dependent_drain(mode: 0, password: null)
    LiteDB.Tests.Engine.TransactionHandleLateCallbackClose_Tests.Late_callback_close_refuses_only_a_self_dependent_drain(mode: 0, password: "secret")
    LiteDB.Tests.Engine.TransactionHandleLateCallbackClose_Tests.Late_callback_close_refuses_only_a_self_dependent_drain(mode: 1, password: null)
    LiteDB.Tests.Engine.TransactionHandleLateCallbackClose_Tests.Late_callback_close_refuses_only_a_self_dependent_drain(mode: 1, password: "secret")
    LiteDB.Tests.Engine.TransactionHandleLateCallbackClose_Tests.Late_callback_close_refuses_only_a_self_dependent_drain(mode: 2, password: null)
    LiteDB.Tests.Engine.TransactionHandleLateCallbackClose_Tests.Late_callback_close_refuses_only_a_self_dependent_drain(mode: 2, password: "secret")
    LiteDB.Tests.Engine.TransactionHandleLateCallbackClose_Tests.Late_callback_close_refuses_only_a_self_dependent_drain(mode: 3, password: null)
    LiteDB.Tests.Engine.TransactionHandleLateCallbackClose_Tests.Late_callback_close_refuses_only_a_self_dependent_drain(mode: 3, password: "secret")
    LiteDB.Tests.Engine.TransactionHandleLateCallbackClose_Tests.Late_callback_close_refuses_only_a_self_dependent_drain(mode: 4, password: null)
    LiteDB.Tests.Engine.TransactionHandleLateCallbackClose_Tests.Late_callback_close_refuses_only_a_self_dependent_drain(mode: 4, password: "secret")
    LiteDB.Tests.Engine.TransactionHandleLateCallbackClose_Tests.Late_callback_close_refuses_only_a_self_dependent_drain(mode: 5, password: null)
    LiteDB.Tests.Engine.TransactionHandleLateCallbackClose_Tests.Late_callback_close_refuses_only_a_self_dependent_drain(mode: 5, password: "secret")
    LiteDB.Tests.Engine.TransactionHandleLateCallbackClose_Tests.Cross_thread_close_drains_late_callback_without_refusing_it(mode: 0, password: null)
    LiteDB.Tests.Engine.TransactionHandleLateCallbackClose_Tests.Cross_thread_close_drains_late_callback_without_refusing_it(mode: 0, password: "secret")
    LiteDB.Tests.Engine.TransactionHandleLateCallbackClose_Tests.Cross_thread_close_drains_late_callback_without_refusing_it(mode: 4, password: null)
    LiteDB.Tests.Engine.TransactionHandleLateCallbackClose_Tests.Cross_thread_close_drains_late_callback_without_refusing_it(mode: 4, password: "secret")
    LiteDB.Tests.Engine.TransactionHandleLateCallbackClose_Tests.Cross_thread_close_drains_late_callback_without_refusing_it(mode: 5, password: null)
    LiteDB.Tests.Engine.TransactionHandleLateCallbackClose_Tests.Cross_thread_close_drains_late_callback_without_refusing_it(mode: 5, password: "secret")
    LiteDB.Tests.Engine.TransactionHandleLifetime_Tests.Completed_and_failed_handles_release_ownership_without_disposal(shared: False)
    LiteDB.Tests.Engine.TransactionHandleLifetime_Tests.Completed_and_failed_handles_release_ownership_without_disposal(shared: True)
    LiteDB.Tests.Engine.TransactionHandleLifetime_Tests.Close_timeout_retains_work_then_cleans_up_without_a_retry(shared: False)
    LiteDB.Tests.Engine.TransactionHandleLifetime_Tests.Close_timeout_retains_work_then_cleans_up_without_a_retry(shared: True)
    LiteDB.Tests.Engine.TransactionHandleLifetime_Tests.Closing_shared_session_cancels_pending_begins_and_settles_idle_owner
    LiteDB.Tests.Engine.TransactionHandleLifetime_Tests.Closing_pending_shared_begin_preserves_an_independent_legacy_owner
    LiteDB.Tests.Engine.TransactionHandleMaintenanceProgress_Tests.Waiting_maintenance_holds_new_operations_but_allows_nested_completion
    LiteDB.Tests.Engine.TransactionHandleMaintenanceProgress_Tests.Close_waiter_does_not_interrupt_the_current_maintenance_generation
    LiteDB.Tests.Engine.TransactionHandleMaintenanceProgress_Tests.Maintenance_timeout_removes_pending_admission_and_reader_can_retry
    LiteDB.Tests.Engine.TransactionHandleMaintenanceProgress_Tests.Rebuild_drains_existing_transaction_or_foreign_cursor_before_new_work(cursor: False)
    LiteDB.Tests.Engine.TransactionHandleMaintenanceProgress_Tests.Rebuild_drains_existing_transaction_or_foreign_cursor_before_new_work(cursor: True)
    LiteDB.Tests.Engine.TransactionHandleMaintenanceProgress_Tests.Maintenance_progresses_under_sustained_ordinary_reads(close: False)
    LiteDB.Tests.Engine.TransactionHandleMaintenanceProgress_Tests.Maintenance_progresses_under_sustained_ordinary_reads(close: True)
    LiteDB.Tests.Engine.TransactionHandleMaintenanceProgress_Tests.Raw_close_interrupts_collection_waiter_and_cold_reopen_keeps_only_committed_rows
    LiteDB.Tests.Engine.TransactionHandleModel_Tests.Seeded_handoffs_match_committed_model_after_each_cold_reopen(shared: False, seed: 1323064)
    LiteDB.Tests.Engine.TransactionHandleModel_Tests.Seeded_handoffs_match_committed_model_after_each_cold_reopen(shared: False, seed: 30673041)
    LiteDB.Tests.Engine.TransactionHandleModel_Tests.Seeded_handoffs_match_committed_model_after_each_cold_reopen(shared: True, seed: 1323064)
    LiteDB.Tests.Engine.TransactionHandleModel_Tests.Seeded_handoffs_match_committed_model_after_each_cold_reopen(shared: True, seed: 30673041)
    LiteDB.Tests.Engine.TransactionHandleModel_Tests.Same_thread_independent_handles_cannot_recurse_into_the_same_collection_write_lock
    LiteDB.Tests.Engine.TransactionHandleModel_Tests.Read_only_handle_on_writable_host_preserves_peer_policy
    LiteDB.Tests.Engine.TransactionHandleOrdinaryCallbackBegin_Tests.Pinned_input_without_holds_refuses_handle_before_admission(password: null, peerFacade: False)
    LiteDB.Tests.Engine.TransactionHandleOrdinaryCallbackBegin_Tests.Pinned_input_without_holds_refuses_handle_before_admission(password: "secret", peerFacade: False)
    LiteDB.Tests.Engine.TransactionHandleOrdinaryCallbackBegin_Tests.Pinned_input_without_holds_refuses_handle_before_admission(password: null, peerFacade: True)
    LiteDB.Tests.Engine.TransactionHandleOrdinaryCallbackBegin_Tests.Pinned_input_without_holds_refuses_handle_before_admission(password: "secret", peerFacade: True)
    LiteDB.Tests.Engine.TransactionHandleOrdinaryCallbackBegin_Tests.Transferred_mutex_reader_refuses_handle_before_admission(password: null, lockingQuery: False, peerFacade: False)
    LiteDB.Tests.Engine.TransactionHandleOrdinaryCallbackBegin_Tests.Transferred_mutex_reader_refuses_handle_before_admission(password: "secret", lockingQuery: False, peerFacade: False)
    LiteDB.Tests.Engine.TransactionHandleOrdinaryCallbackBegin_Tests.Transferred_mutex_reader_refuses_handle_before_admission(password: null, lockingQuery: True, peerFacade: False)
    LiteDB.Tests.Engine.TransactionHandleOrdinaryCallbackBegin_Tests.Transferred_mutex_reader_refuses_handle_before_admission(password: "secret", lockingQuery: True, peerFacade: False)
    LiteDB.Tests.Engine.TransactionHandleOrdinaryCallbackBegin_Tests.Transferred_mutex_reader_refuses_handle_before_admission(password: null, lockingQuery: False, peerFacade: True)
    LiteDB.Tests.Engine.TransactionHandleOrdinaryCallbackBegin_Tests.Transferred_mutex_reader_refuses_handle_before_admission(password: "secret", lockingQuery: False, peerFacade: True)
    LiteDB.Tests.Engine.TransactionHandleOrdinaryCallbackBegin_Tests.Transferred_mutex_reader_refuses_handle_before_admission(password: null, lockingQuery: True, peerFacade: True)
    LiteDB.Tests.Engine.TransactionHandleOrdinaryCallbackBegin_Tests.Transferred_mutex_reader_refuses_handle_before_admission(password: "secret", lockingQuery: True, peerFacade: True)
    LiteDB.Tests.Engine.TransactionHandleOrdinaryCallbackBegin_Tests.Independent_leased_reader_callback_can_begin_handle(password: null, transferred: False)
    LiteDB.Tests.Engine.TransactionHandleOrdinaryCallbackBegin_Tests.Independent_leased_reader_callback_can_begin_handle(password: "secret", transferred: False)
    LiteDB.Tests.Engine.TransactionHandleOrdinaryCallbackBegin_Tests.Independent_leased_reader_callback_can_begin_handle(password: null, transferred: True)
    LiteDB.Tests.Engine.TransactionHandleOrdinaryCallbackBegin_Tests.Independent_leased_reader_callback_can_begin_handle(password: "secret", transferred: True)
    LiteDB.Tests.Engine.TransactionHandleOrdinaryCallbackControl_Tests.Nested_other_database_calls_restore_outer_ownership_after_exception(password: null)
    LiteDB.Tests.Engine.TransactionHandleOrdinaryCallbackControl_Tests.Nested_other_database_calls_restore_outer_ownership_after_exception(password: "secret")
    LiteDB.Tests.Engine.TransactionHandleOrdinaryCallbackControl_Tests.Initial_query_callback_refuses_peer_before_snapshot_publication(password: null)
    LiteDB.Tests.Engine.TransactionHandleOrdinaryCallbackControl_Tests.Initial_query_callback_refuses_peer_before_snapshot_publication(password: "secret")
    LiteDB.Tests.Engine.TransactionHandleOrdinaryCallbackControl_Tests.Throwing_transferred_reader_callback_restores_scope_and_releases_owner(password: null)
    LiteDB.Tests.Engine.TransactionHandleOrdinaryCallbackControl_Tests.Throwing_transferred_reader_callback_restores_scope_and_releases_owner(password: "secret")
    LiteDB.Tests.Engine.TransactionHandlePostedRelease_Tests.Zero_timeout_refuses_posted_legacy_release_while_bounded_retry_waits_for_it
    LiteDB.Tests.Engine.TransactionHandleRawCloseDependency_Tests.Close_wakes_fresh_work_already_waiting_behind_rebuild
    LiteDB.Tests.Engine.TransactionHandleRawCloseDependency_Tests.Raw_close_rejects_fresh_callback_dependency_before_draining_callback
    LiteDB.Tests.Engine.TransactionHandleRawEngine_Tests.Uncaught_raw_reentry_aborts_statement_and_cannot_escape_to_autocommit
    LiteDB.Tests.Engine.TransactionHandleRawEngine_Tests.Raw_engine_reentry_from_mapping_or_bulk_input_cannot_complete_the_handle(bulk: False)
    LiteDB.Tests.Engine.TransactionHandleRawEngine_Tests.Raw_engine_reentry_from_mapping_or_bulk_input_cannot_complete_the_handle(bulk: True)
    LiteDB.Tests.Engine.TransactionHandleReaderOperation_Tests.Source_advancement_retains_operation_through_second_row_transform
    LiteDB.Tests.Engine.TransactionHandleSettingsLifetime_Tests.Shared_holder_does_not_root_application_fields_in_settings_or_collation(customSettings: False)
    LiteDB.Tests.Engine.TransactionHandleSettingsLifetime_Tests.Shared_holder_does_not_root_application_fields_in_settings_or_collation(customSettings: True)
    LiteDB.Tests.Engine.TransactionHandleSettingsLifetime_Tests.Derived_settings_snapshot_preserves_explicit_and_profile_transaction_limits(explicitLimit: False)
    LiteDB.Tests.Engine.TransactionHandleSettingsLifetime_Tests.Derived_settings_snapshot_preserves_explicit_and_profile_transaction_limits(explicitLimit: True)
    LiteDB.Tests.Engine.TransactionHandleSharedAdmission_Tests.Closing_cancels_waiting_shared_call_before_draining_legacy_owner(password: null, pinned: False)
    LiteDB.Tests.Engine.TransactionHandleSharedAdmission_Tests.Closing_cancels_waiting_shared_call_before_draining_legacy_owner(password: "secret", pinned: False)
    LiteDB.Tests.Engine.TransactionHandleSharedAdmission_Tests.Closing_cancels_waiting_shared_call_before_draining_legacy_owner(password: null, pinned: True)
    LiteDB.Tests.Engine.TransactionHandleSharedAdmission_Tests.Closing_cancels_waiting_shared_call_before_draining_legacy_owner(password: "secret", pinned: True)
    LiteDB.Tests.Engine.TransactionHandleSharedAdmission_Tests.Closing_cancels_native_wait_without_releasing_another_facades_owner(legacyWaiter: False)
    LiteDB.Tests.Engine.TransactionHandleSharedAdmission_Tests.Closing_cancels_native_wait_without_releasing_another_facades_owner(legacyWaiter: True)
    LiteDB.Tests.Engine.TransactionHandleSharedCallbackBegin_Tests.Callback_begin_refuses_same_namespace_before_local_admission(password: null, peerFacade: False)
    LiteDB.Tests.Engine.TransactionHandleSharedCallbackBegin_Tests.Callback_begin_refuses_same_namespace_before_local_admission(password: "secret", peerFacade: False)
    LiteDB.Tests.Engine.TransactionHandleSharedCallbackBegin_Tests.Callback_begin_refuses_same_namespace_before_local_admission(password: null, peerFacade: True)
    LiteDB.Tests.Engine.TransactionHandleSharedCallbackBegin_Tests.Callback_begin_refuses_same_namespace_before_local_admission(password: "secret", peerFacade: True)
    LiteDB.Tests.Engine.TransactionHandleSharedCallbackControl_Tests.Coordinated_same_database_read_stays_independent_inside_shared_callback(password: null)
    LiteDB.Tests.Engine.TransactionHandleSharedCallbackControl_Tests.Coordinated_same_database_read_stays_independent_inside_shared_callback(password: "secret")
    LiteDB.Tests.Engine.TransactionHandleSharedCallbackControl_Tests.Uncaught_callback_refusal_rolls_back_and_releases_execution_dependency(password: null)
    LiteDB.Tests.Engine.TransactionHandleSharedCallbackControl_Tests.Uncaught_callback_refusal_rolls_back_and_releases_execution_dependency(password: "secret")
    LiteDB.Tests.Engine.TransactionHandleSharedCallbackControl_Tests.Nested_other_database_handle_keeps_outer_dependency_and_restores_it(password: null, otherShared: False)
    LiteDB.Tests.Engine.TransactionHandleSharedCallbackControl_Tests.Nested_other_database_handle_keeps_outer_dependency_and_restores_it(password: "secret", otherShared: False)
    LiteDB.Tests.Engine.TransactionHandleSharedCallbackControl_Tests.Nested_other_database_handle_keeps_outer_dependency_and_restores_it(password: null, otherShared: True)
    LiteDB.Tests.Engine.TransactionHandleSharedCallbackControl_Tests.Nested_other_database_handle_keeps_outer_dependency_and_restores_it(password: "secret", otherShared: True)
    LiteDB.Tests.Engine.TransactionHandleSharedCallbackControl_Tests.Ordinary_other_database_callback_cannot_erase_enclosing_shared_dependency(password: null)
    LiteDB.Tests.Engine.TransactionHandleSharedCallbackControl_Tests.Ordinary_other_database_callback_cannot_erase_enclosing_shared_dependency(password: "secret")
    LiteDB.Tests.Engine.TransactionHandleSharedCallbackControl_Tests.Ordinary_wait_for_idle_handle_can_finish_after_cross_thread_completion(password: null)
    LiteDB.Tests.Engine.TransactionHandleSharedCallbackControl_Tests.Ordinary_wait_for_idle_handle_can_finish_after_cross_thread_completion(password: "secret")
    LiteDB.Tests.Engine.TransactionHandleSharedCallbackControl_Tests.Ordinary_admission_cancellation_does_not_release_an_idle_handle(password: null)
    LiteDB.Tests.Engine.TransactionHandleSharedCallbackControl_Tests.Ordinary_admission_cancellation_does_not_release_an_idle_handle(password: "secret")
    LiteDB.Tests.Engine.TransactionHandleSharedCallback_Tests.Input_callback_refuses_same_namespace_before_native_wait(password: null, write: False, peerFacade: False)
    LiteDB.Tests.Engine.TransactionHandleSharedCallback_Tests.Input_callback_refuses_same_namespace_before_native_wait(password: "secret", write: False, peerFacade: False)
    LiteDB.Tests.Engine.TransactionHandleSharedCallback_Tests.Input_callback_refuses_same_namespace_before_native_wait(password: null, write: True, peerFacade: False)
    LiteDB.Tests.Engine.TransactionHandleSharedCallback_Tests.Input_callback_refuses_same_namespace_before_native_wait(password: "secret", write: True, peerFacade: False)
    LiteDB.Tests.Engine.TransactionHandleSharedCallback_Tests.Input_callback_refuses_same_namespace_before_native_wait(password: null, write: False, peerFacade: True)
    LiteDB.Tests.Engine.TransactionHandleSharedCallback_Tests.Input_callback_refuses_same_namespace_before_native_wait(password: "secret", write: False, peerFacade: True)
    LiteDB.Tests.Engine.TransactionHandleSharedCallback_Tests.Input_callback_refuses_same_namespace_before_native_wait(password: null, write: True, peerFacade: True)
    LiteDB.Tests.Engine.TransactionHandleSharedCallback_Tests.Input_callback_refuses_same_namespace_before_native_wait(password: "secret", write: True, peerFacade: True)
    LiteDB.Tests.Engine.TransactionHandleSharedCallback_Tests.Late_reader_callback_refuses_native_wait_after_handoff(password: null, write: False)
    LiteDB.Tests.Engine.TransactionHandleSharedCallback_Tests.Late_reader_callback_refuses_native_wait_after_handoff(password: "secret", write: False)
    LiteDB.Tests.Engine.TransactionHandleSharedCallback_Tests.Late_reader_callback_refuses_native_wait_after_handoff(password: null, write: True)
    LiteDB.Tests.Engine.TransactionHandleSharedCallback_Tests.Late_reader_callback_refuses_native_wait_after_handoff(password: "secret", write: True)
    LiteDB.Tests.Engine.TransactionHandleSharedCleanup_Tests.Holder_stream_callback_rejects_indirect_session_close(parentClose: False)
    LiteDB.Tests.Engine.TransactionHandleSharedCleanup_Tests.Holder_stream_callback_rejects_indirect_session_close(parentClose: True)
    LiteDB.Tests.Engine.TransactionHandleSharedCleanup_Tests.Shared_caller_stream_handle_rejects_before_stream_access(property: "DataStream")
    LiteDB.Tests.Engine.TransactionHandleSharedCleanup_Tests.Shared_caller_stream_handle_rejects_before_stream_access(property: "LogStream")
    LiteDB.Tests.Engine.TransactionHandleSharedCleanup_Tests.Shared_caller_stream_handle_rejects_before_stream_access(property: "TempStream")
    LiteDB.Tests.Engine.TransactionHandleSharedCleanup_Tests.Fatal_cleanup_preserves_primary_and_adds_secondary_failure
    LiteDB.Tests.Engine.TransactionHandleSharedNested_Tests.Handle_begin_rejects_callers_locking_reader_or_pinned_legacy_transaction(legacy: False)
    LiteDB.Tests.Engine.TransactionHandleSharedNested_Tests.Handle_begin_rejects_callers_locking_reader_or_pinned_legacy_transaction(legacy: True)
    LiteDB.Tests.Engine.TransactionHandleSharedPinCallback_Tests.Leased_anchor_does_not_allow_handle_callback_to_start_a_self_dependent_pin(password: null, commit: False, facade: False)
    LiteDB.Tests.Engine.TransactionHandleSharedPinCallback_Tests.Leased_anchor_does_not_allow_handle_callback_to_start_a_self_dependent_pin(password: "secret", commit: False, facade: False)
    LiteDB.Tests.Engine.TransactionHandleSharedPinCallback_Tests.Leased_anchor_does_not_allow_handle_callback_to_start_a_self_dependent_pin(password: null, commit: True, facade: False)
    LiteDB.Tests.Engine.TransactionHandleSharedPinCallback_Tests.Leased_anchor_does_not_allow_handle_callback_to_start_a_self_dependent_pin(password: "secret", commit: True, facade: False)
    LiteDB.Tests.Engine.TransactionHandleSharedPinCallback_Tests.Leased_anchor_does_not_allow_handle_callback_to_start_a_self_dependent_pin(password: null, commit: False, facade: True)
    LiteDB.Tests.Engine.TransactionHandleSharedPinCallback_Tests.Leased_anchor_does_not_allow_handle_callback_to_start_a_self_dependent_pin(password: "secret", commit: False, facade: True)
    LiteDB.Tests.Engine.TransactionHandleSharedPinCallback_Tests.Leased_anchor_does_not_allow_handle_callback_to_start_a_self_dependent_pin(password: null, commit: True, facade: True)
    LiteDB.Tests.Engine.TransactionHandleSharedPinCallback_Tests.Leased_anchor_does_not_allow_handle_callback_to_start_a_self_dependent_pin(password: "secret", commit: True, facade: True)
    LiteDB.Tests.Engine.TransactionHandleSharedPinCallback_Tests.Ordinary_write_with_leased_anchor_still_starts_and_releases_a_pin(password: null)
    LiteDB.Tests.Engine.TransactionHandleSharedPinCallback_Tests.Ordinary_write_with_leased_anchor_still_starts_and_releases_a_pin(password: "secret")
    LiteDB.Tests.Engine.TransactionHandleSharedPinCallback_Tests.Handle_callback_can_start_an_independent_other_database_pin(password: null)
    LiteDB.Tests.Engine.TransactionHandleSharedPinCallback_Tests.Handle_callback_can_start_an_independent_other_database_pin(password: "secret")
    LiteDB.Tests.Engine.TransactionHandleSharedPinCallback_Tests.Leased_anchor_pin_start_may_wait_for_an_idle_handle_completed_elsewhere(password: null)
    LiteDB.Tests.Engine.TransactionHandleSharedPinCallback_Tests.Leased_anchor_pin_start_may_wait_for_an_idle_handle_completed_elsewhere(password: "secret")
    LiteDB.Tests.Engine.TransactionHandleSharedPinCancellation_Tests.Closing_cancels_pin_acquisition_without_releasing_another_facades_owner(encrypted: False)
    LiteDB.Tests.Engine.TransactionHandleSharedPinCancellation_Tests.Closing_cancels_pin_acquisition_without_releasing_another_facades_owner(encrypted: True)
    LiteDB.Tests.Engine.TransactionHandleSharedPolicy_Tests.Shared_private_storage_cannot_claim_persistent_handle_commits(filename: ":memory:")
    LiteDB.Tests.Engine.TransactionHandleSharedPolicy_Tests.Shared_private_storage_cannot_claim_persistent_handle_commits(filename: ":temp:")
    LiteDB.Tests.Engine.TransactionHandleSharedPolicy_Tests.Handle_degradation_survives_reopen_without_suppressing_later_device_sync(password: null)
    LiteDB.Tests.Engine.TransactionHandleSharedPolicy_Tests.Handle_degradation_survives_reopen_without_suppressing_later_device_sync(password: "secret")
    LiteDB.Tests.Engine.TransactionHandleSharedPolicy_Tests.Callback_enabled_handles_use_one_lifetime_holder_without_lingering_mutex_helpers
    LiteDB.Tests.Engine.TransactionHandleTurnstileCancellation_Tests.Cancellation_releases_only_the_waiters_turn(holdTurn: False)
    LiteDB.Tests.Engine.TransactionHandleTurnstileCancellation_Tests.Cancellation_releases_only_the_waiters_turn(holdTurn: True)
    LiteDB.Tests.Engine.TransactionHandleTurnstileCancellation_Tests.Abandoned_ownership_retains_the_existing_contract(abandonTurn: False)
    LiteDB.Tests.Engine.TransactionHandleTurnstileCancellation_Tests.Abandoned_ownership_retains_the_existing_contract(abandonTurn: True)
    LiteDB.Tests.Engine.TransactionHandleTurnstileCancellation_Tests.Contended_wait_preserves_release_and_abandonment(holdTurn: False, abandon: False)
    LiteDB.Tests.Engine.TransactionHandleTurnstileCancellation_Tests.Contended_wait_preserves_release_and_abandonment(holdTurn: False, abandon: True)
    LiteDB.Tests.Engine.TransactionHandleTurnstileCancellation_Tests.Contended_wait_preserves_release_and_abandonment(holdTurn: True, abandon: False)
    LiteDB.Tests.Engine.TransactionHandleTurnstileCancellation_Tests.Contended_wait_preserves_release_and_abandonment(holdTurn: True, abandon: True)
    LiteDB.Tests.Engine.TransactionHandleTurnstileCancellation_Tests.Already_cancelled_wait_never_acquires_an_available_mutex
    LiteDB.Tests.Engine.TransactionHandle_Tests.Creator_retirement_and_sequential_handoff_preserve_commit_and_rollback(shared: False, encrypted: False)
    LiteDB.Tests.Engine.TransactionHandle_Tests.Creator_retirement_and_sequential_handoff_preserve_commit_and_rollback(shared: False, encrypted: True)
    LiteDB.Tests.Engine.TransactionHandle_Tests.Creator_retirement_and_sequential_handoff_preserve_commit_and_rollback(shared: True, encrypted: False)
    LiteDB.Tests.Engine.TransactionHandle_Tests.Creator_retirement_and_sequential_handoff_preserve_commit_and_rollback(shared: True, encrypted: True)
    LiteDB.Tests.Engine.TransactionHandle_Tests.Handles_and_ordinary_calls_do_not_enlist_in_each_other
    LiteDB.Tests.Engine.TransactionHandle_Tests.Unbound_calls_inside_bound_input_do_not_join_and_statement_failure_is_terminal
    LiteDB.Tests.Engine.TransactionHandle_Tests.Cursors_block_commit_and_bound_queries_never_escape_after_completion(shared: False)
    LiteDB.Tests.Engine.TransactionHandle_Tests.Cursors_block_commit_and_bound_queries_never_escape_after_completion(shared: True)
    LiteDB.Tests.Engine.TransactionHandle_Tests.Overlap_is_rejected_without_aborting_active_work_and_close_drains_it
