Test run for __WORKSPACE__/artifacts_temp/integration/LiteDB.Tests/bin/Release/net10.0/LiteDB.Tests.dll (.NETCoreApp,Version=v10.0)
The following Tests are available:
    LiteDB.Internals.MvccSharedLifecycle_Tests.RebuildRejectsLiveReadersAndSucceedsAfterTheyClose
    LiteDB.Internals.MvccSharedProcess_Tests.KillingCheckpointerAtEveryPublicationBoundaryRecovers(password: null, stage: "data-page")
    LiteDB.Internals.MvccSharedProcess_Tests.KillingCheckpointerAtEveryPublicationBoundaryRecovers(password: null, stage: "data-flushed")
    LiteDB.Internals.MvccSharedProcess_Tests.KillingCheckpointerAtEveryPublicationBoundaryRecovers(password: null, stage: "before-reclaim")
    LiteDB.Internals.MvccSharedProcess_Tests.KillingCheckpointerAtEveryPublicationBoundaryRecovers(password: null, stage: "after-reclaim")
    LiteDB.Internals.MvccSharedProcess_Tests.KillingCheckpointerAtEveryPublicationBoundaryRecovers(password: "secret", stage: "data-page")
    LiteDB.Internals.MvccSharedProcess_Tests.KillingCheckpointerAtEveryPublicationBoundaryRecovers(password: "secret", stage: "data-flushed")
    LiteDB.Internals.MvccSharedProcess_Tests.KillingCheckpointerAtEveryPublicationBoundaryRecovers(password: "secret", stage: "before-reclaim")
    LiteDB.Internals.MvccSharedProcess_Tests.KillingCheckpointerAtEveryPublicationBoundaryRecovers(password: "secret", stage: "after-reclaim")
    LiteDB.Internals.MvccSharedRegistry_Tests.FailureWhileBuffering_IsRaisedAfterTheRowsThatPrecededIt
    LiteDB.Internals.MvccSharedRegistry_Tests.ReadersOfOneConnectionAtDifferentVersionsEachKeepTheirFrames
    LiteDB.Internals.SharedCoordinationUpgradeProcess_Tests.Newer_authority_falls_back_without_overwriting_its_files(password: null)
    LiteDB.Internals.SharedCoordinationUpgradeProcess_Tests.Newer_authority_falls_back_without_overwriting_its_files(password: "secret")
    LiteDB.Internals.SharedDurability_Tests.UnsupportedSync_RemainsVisibleAfterSharedEngineReopens(password: null)
    LiteDB.Internals.SharedDurability_Tests.UnsupportedSync_RemainsVisibleAfterSharedEngineReopens(password: "secret")
    LiteDB.Internals.SharedFileHandles_Tests.Volumes_without_posix_delete_open_files_per_operation
    LiteDB.Internals.SharedFileHandles_Tests.Direct_mode_is_refused_while_a_shared_connection_is_open
    LiteDB.Internals.SharedFollowupProcess_Tests.Yield_oracle_rejects_native_wait_without_a_completed_write(password: null)
    LiteDB.Internals.SharedFollowupProcess_Tests.Yield_oracle_rejects_native_wait_without_a_completed_write(password: "secret")
    LiteDB.Internals.SharedPageReads_Tests.ReusedHint_ValidatesIdentityAfterPin_AndReturnsTemporaryPin
    LiteDB.Internals.SharedSafetyProcess_Tests.RelativeConnection_KeepsDatabaseAndLeaseIdentityAfterDirectoryChange(password: null, when: "before")
    LiteDB.Internals.SharedSafetyProcess_Tests.RelativeConnection_KeepsDatabaseAndLeaseIdentityAfterDirectoryChange(password: null, when: "after")
    LiteDB.Internals.SharedSafetyProcess_Tests.RelativeConnection_KeepsDatabaseAndLeaseIdentityAfterDirectoryChange(password: "secret", when: "before")
    LiteDB.Internals.SharedSafetyProcess_Tests.RelativeConnection_KeepsDatabaseAndLeaseIdentityAfterDirectoryChange(password: "secret", when: "after")
    LiteDB.Internals.SharedSlotGenerations_Tests.Three_generations_in_one_process_survive_reuse_and_oldest_reader_departure(password: null, kill: False)
    LiteDB.Internals.SharedSlotGenerations_Tests.Three_generations_in_one_process_survive_reuse_and_oldest_reader_departure(password: "secret", kill: False)
    LiteDB.Internals.SharedSlotGenerations_Tests.Three_generations_in_one_process_survive_reuse_and_oldest_reader_departure(password: null, kill: True)
    LiteDB.Internals.SharedSlotGenerations_Tests.Three_generations_in_one_process_survive_reuse_and_oldest_reader_departure(password: "secret", kill: True)
    LiteDB.Internals.SharedStorageProcess_Tests.KilledWriters_PreserveAcknowledgedPayloadsIndexesAndLiveSnapshot(password: null, storage: Legacy)
    LiteDB.Internals.SharedStorageProcess_Tests.KilledWriters_PreserveAcknowledgedPayloadsIndexesAndLiveSnapshot(password: "secret", storage: Legacy)
    LiteDB.Internals.SharedStorageProcess_Tests.KilledWriters_PreserveAcknowledgedPayloadsIndexesAndLiveSnapshot(password: null, storage: Auto)
    LiteDB.Internals.SharedStorageProcess_Tests.KilledWriters_PreserveAcknowledgedPayloadsIndexesAndLiveSnapshot(password: "secret", storage: Auto)
    LiteDB.Internals.SharedStorageProcess_Tests.DamagedDataPage_RejectsRepeatedSharedReadsAndPreservesEvidence(password: null, storage: Legacy)
    LiteDB.Internals.SharedStorageProcess_Tests.DamagedDataPage_RejectsRepeatedSharedReadsAndPreservesEvidence(password: "secret", storage: Legacy)
    LiteDB.Internals.SharedStorageProcess_Tests.DamagedDataPage_RejectsRepeatedSharedReadsAndPreservesEvidence(password: null, storage: Auto)
    LiteDB.Internals.SharedStorageProcess_Tests.DamagedDataPage_RejectsRepeatedSharedReadsAndPreservesEvidence(password: "secret", storage: Auto)
