Test run for __WORKSPACE__/artifacts_temp/integration/LiteDB.Tests/bin/Release/net10.0/LiteDB.Tests.dll (.NETCoreApp,Version=v10.0)
The following Tests are available:
    LiteDB.Internals.MemoryCacheWritableOwnership_Tests.Stale_shared_hint_cannot_pin_a_frame_transferred_to_a_writer
    LiteDB.Internals.MvccSharedLifecycle_Tests.QueryConstructionFailureReleasesEngineMutexAndLease
    LiteDB.Internals.MvccSharedProcess_Tests.ConcurrentWriterProcessesSerializeWALPublication
    LiteDB.Internals.MvccSharedRegistry_Tests.EmptyResultHasNoValues
    LiteDB.Internals.MvccSharedRegistry_Tests.LeaseThatCannotBeProbed_CountsAsLiveInsteadOfFailingTheCheckpoint
    LiteDB.Internals.SharedCommitFailure_Tests.SharedCommit_DeviceFailuresRecoverWholeTransactionsAndReleaseWriterOwnership(password: null, storage: Legacy, explicitTransaction: False, fault: "none")
    LiteDB.Internals.SharedCommitFailure_Tests.SharedCommit_DeviceFailuresRecoverWholeTransactionsAndReleaseWriterOwnership(password: null, storage: Legacy, explicitTransaction: False, fault: "lost")
    LiteDB.Internals.SharedCommitFailure_Tests.SharedCommit_DeviceFailuresRecoverWholeTransactionsAndReleaseWriterOwnership(password: null, storage: Legacy, explicitTransaction: False, fault: "torn")
    LiteDB.Internals.SharedCommitFailure_Tests.SharedCommit_DeviceFailuresRecoverWholeTransactionsAndReleaseWriterOwnership(password: null, storage: Legacy, explicitTransaction: False, fault: "after-sync")
    LiteDB.Internals.SharedCommitFailure_Tests.SharedCommit_DeviceFailuresRecoverWholeTransactionsAndReleaseWriterOwnership(password: null, storage: Legacy, explicitTransaction: True, fault: "none")
    LiteDB.Internals.SharedCommitFailure_Tests.SharedCommit_DeviceFailuresRecoverWholeTransactionsAndReleaseWriterOwnership(password: null, storage: Legacy, explicitTransaction: True, fault: "lost")
    LiteDB.Internals.SharedCommitFailure_Tests.SharedCommit_DeviceFailuresRecoverWholeTransactionsAndReleaseWriterOwnership(password: null, storage: Legacy, explicitTransaction: True, fault: "torn")
    LiteDB.Internals.SharedCommitFailure_Tests.SharedCommit_DeviceFailuresRecoverWholeTransactionsAndReleaseWriterOwnership(password: null, storage: Legacy, explicitTransaction: True, fault: "after-sync")
    LiteDB.Internals.SharedCommitFailure_Tests.SharedCommit_DeviceFailuresRecoverWholeTransactionsAndReleaseWriterOwnership(password: null, storage: Auto, explicitTransaction: False, fault: "none")
    LiteDB.Internals.SharedCommitFailure_Tests.SharedCommit_DeviceFailuresRecoverWholeTransactionsAndReleaseWriterOwnership(password: null, storage: Auto, explicitTransaction: False, fault: "lost")
    LiteDB.Internals.SharedCommitFailure_Tests.SharedCommit_DeviceFailuresRecoverWholeTransactionsAndReleaseWriterOwnership(password: null, storage: Auto, explicitTransaction: False, fault: "torn")
    LiteDB.Internals.SharedCommitFailure_Tests.SharedCommit_DeviceFailuresRecoverWholeTransactionsAndReleaseWriterOwnership(password: null, storage: Auto, explicitTransaction: False, fault: "after-sync")
    LiteDB.Internals.SharedCommitFailure_Tests.SharedCommit_DeviceFailuresRecoverWholeTransactionsAndReleaseWriterOwnership(password: null, storage: Auto, explicitTransaction: True, fault: "none")
    LiteDB.Internals.SharedCommitFailure_Tests.SharedCommit_DeviceFailuresRecoverWholeTransactionsAndReleaseWriterOwnership(password: null, storage: Auto, explicitTransaction: True, fault: "lost")
    LiteDB.Internals.SharedCommitFailure_Tests.SharedCommit_DeviceFailuresRecoverWholeTransactionsAndReleaseWriterOwnership(password: null, storage: Auto, explicitTransaction: True, fault: "torn")
    LiteDB.Internals.SharedCommitFailure_Tests.SharedCommit_DeviceFailuresRecoverWholeTransactionsAndReleaseWriterOwnership(password: null, storage: Auto, explicitTransaction: True, fault: "after-sync")
    LiteDB.Internals.SharedCommitFailure_Tests.SharedCommit_DeviceFailuresRecoverWholeTransactionsAndReleaseWriterOwnership(password: "secret", storage: Legacy, explicitTransaction: False, fault: "none")
    LiteDB.Internals.SharedCommitFailure_Tests.SharedCommit_DeviceFailuresRecoverWholeTransactionsAndReleaseWriterOwnership(password: "secret", storage: Legacy, explicitTransaction: False, fault: "lost")
    LiteDB.Internals.SharedCommitFailure_Tests.SharedCommit_DeviceFailuresRecoverWholeTransactionsAndReleaseWriterOwnership(password: "secret", storage: Legacy, explicitTransaction: False, fault: "torn")
    LiteDB.Internals.SharedCommitFailure_Tests.SharedCommit_DeviceFailuresRecoverWholeTransactionsAndReleaseWriterOwnership(password: "secret", storage: Legacy, explicitTransaction: False, fault: "after-sync")
    LiteDB.Internals.SharedCommitFailure_Tests.SharedCommit_DeviceFailuresRecoverWholeTransactionsAndReleaseWriterOwnership(password: "secret", storage: Legacy, explicitTransaction: True, fault: "none")
    LiteDB.Internals.SharedCommitFailure_Tests.SharedCommit_DeviceFailuresRecoverWholeTransactionsAndReleaseWriterOwnership(password: "secret", storage: Legacy, explicitTransaction: True, fault: "lost")
    LiteDB.Internals.SharedCommitFailure_Tests.SharedCommit_DeviceFailuresRecoverWholeTransactionsAndReleaseWriterOwnership(password: "secret", storage: Legacy, explicitTransaction: True, fault: "torn")
    LiteDB.Internals.SharedCommitFailure_Tests.SharedCommit_DeviceFailuresRecoverWholeTransactionsAndReleaseWriterOwnership(password: "secret", storage: Legacy, explicitTransaction: True, fault: "after-sync")
    LiteDB.Internals.SharedCommitFailure_Tests.SharedCommit_DeviceFailuresRecoverWholeTransactionsAndReleaseWriterOwnership(password: "secret", storage: Auto, explicitTransaction: False, fault: "none")
    LiteDB.Internals.SharedCommitFailure_Tests.SharedCommit_DeviceFailuresRecoverWholeTransactionsAndReleaseWriterOwnership(password: "secret", storage: Auto, explicitTransaction: False, fault: "lost")
    LiteDB.Internals.SharedCommitFailure_Tests.SharedCommit_DeviceFailuresRecoverWholeTransactionsAndReleaseWriterOwnership(password: "secret", storage: Auto, explicitTransaction: False, fault: "torn")
    LiteDB.Internals.SharedCommitFailure_Tests.SharedCommit_DeviceFailuresRecoverWholeTransactionsAndReleaseWriterOwnership(password: "secret", storage: Auto, explicitTransaction: False, fault: "after-sync")
    LiteDB.Internals.SharedCommitFailure_Tests.SharedCommit_DeviceFailuresRecoverWholeTransactionsAndReleaseWriterOwnership(password: "secret", storage: Auto, explicitTransaction: True, fault: "none")
    LiteDB.Internals.SharedCommitFailure_Tests.SharedCommit_DeviceFailuresRecoverWholeTransactionsAndReleaseWriterOwnership(password: "secret", storage: Auto, explicitTransaction: True, fault: "lost")
    LiteDB.Internals.SharedCommitFailure_Tests.SharedCommit_DeviceFailuresRecoverWholeTransactionsAndReleaseWriterOwnership(password: "secret", storage: Auto, explicitTransaction: True, fault: "torn")
    LiteDB.Internals.SharedCommitFailure_Tests.SharedCommit_DeviceFailuresRecoverWholeTransactionsAndReleaseWriterOwnership(password: "secret", storage: Auto, explicitTransaction: True, fault: "after-sync")
    LiteDB.Internals.SharedDurability_Tests.SharedCommit_HonorsDurabilitySettingAtConfirmation(password: null, durable: False, explicitTransaction: False)
    LiteDB.Internals.SharedDurability_Tests.SharedCommit_HonorsDurabilitySettingAtConfirmation(password: null, durable: False, explicitTransaction: True)
    LiteDB.Internals.SharedDurability_Tests.SharedCommit_HonorsDurabilitySettingAtConfirmation(password: null, durable: True, explicitTransaction: False)
    LiteDB.Internals.SharedDurability_Tests.SharedCommit_HonorsDurabilitySettingAtConfirmation(password: null, durable: True, explicitTransaction: True)
    LiteDB.Internals.SharedDurability_Tests.SharedCommit_HonorsDurabilitySettingAtConfirmation(password: "secret", durable: False, explicitTransaction: False)
    LiteDB.Internals.SharedDurability_Tests.SharedCommit_HonorsDurabilitySettingAtConfirmation(password: "secret", durable: False, explicitTransaction: True)
    LiteDB.Internals.SharedDurability_Tests.SharedCommit_HonorsDurabilitySettingAtConfirmation(password: "secret", durable: True, explicitTransaction: False)
    LiteDB.Internals.SharedDurability_Tests.SharedCommit_HonorsDurabilitySettingAtConfirmation(password: "secret", durable: True, explicitTransaction: True)
    LiteDB.Internals.SharedFileHandles_Tests.Commits_and_checkpoints_by_other_processes_are_visible
    LiteDB.Internals.SharedFileHandles_Tests.Rebuild_by_another_connection_replaces_the_files_behind_cached_handles
    LiteDB.Internals.SharedFollowupProcess_Tests.A_pinned_write_loop_yields_to_another_process_before_its_hold_limit(password: null)
    LiteDB.Internals.SharedFollowupProcess_Tests.A_pinned_write_loop_yields_to_another_process_before_its_hold_limit(password: "secret")
    LiteDB.Internals.SharedMappedProcess_Tests.Death_during_partial_lease_or_writer_open_recovers_without_lost_data(mode: "mapped-slot-half", password: null)
    LiteDB.Internals.SharedMappedProcess_Tests.Death_during_partial_lease_or_writer_open_recovers_without_lost_data(mode: "mapped-opening", password: null)
    LiteDB.Internals.SharedMappedProcess_Tests.Death_during_partial_lease_or_writer_open_recovers_without_lost_data(mode: "mapped-recovering", password: null)
    LiteDB.Internals.SharedMappedProcess_Tests.Death_during_partial_lease_or_writer_open_recovers_without_lost_data(mode: "mapped-recovering", password: "secret")
    LiteDB.Internals.SharedPageReads_Tests.HintCollision_DoesNotReturnAnotherPageOrOrigin
