Test run for __WORKSPACE__/artifacts_temp/integration/LiteDB.Tests/bin/Release/net10.0/LiteDB.Tests.dll (.NETCoreApp,Version=v10.0)
The following Tests are available:
    LiteDB.Internals.MvccSharedLifecycle_Tests.SameSharedEngineSupportsOldAndNewReadersWithAutomaticCheckpoints(readOnly: False)
    LiteDB.Internals.MvccSharedLifecycle_Tests.SameSharedEngineSupportsOldAndNewReadersWithAutomaticCheckpoints(readOnly: True)
    LiteDB.Internals.MvccSharedProcess_Tests.KillingPartialCheckpointerDoesNotInvalidateAnotherProcessesReader(password: null)
    LiteDB.Internals.MvccSharedProcess_Tests.KillingPartialCheckpointerDoesNotInvalidateAnotherProcessesReader(password: "secret")
    LiteDB.Internals.MvccSharedRegistry_Tests.SmallResultCompletesWithoutLease_AndKeepsItsSnapshot
    LiteDB.Internals.MvccSharedRegistry_Tests.LargeResultStreamsFromLeasedSnapshot_AndRegistryIsRemovedAfterwards
    LiteDB.Internals.SharedCoordinationUpgradeProcess_Tests.Repeated_death_during_upgrade_and_recovery_preserves_committed_data(suffix: "-shared-live", stage: "created", password: null)
    LiteDB.Internals.SharedCoordinationUpgradeProcess_Tests.Repeated_death_during_upgrade_and_recovery_preserves_committed_data(suffix: "-shared-live", stage: "written", password: null)
    LiteDB.Internals.SharedCoordinationUpgradeProcess_Tests.Repeated_death_during_upgrade_and_recovery_preserves_committed_data(suffix: "-shared-live", stage: "flushed", password: null)
    LiteDB.Internals.SharedCoordinationUpgradeProcess_Tests.Repeated_death_during_upgrade_and_recovery_preserves_committed_data(suffix: "-shared-live", stage: "published", password: null)
    LiteDB.Internals.SharedCoordinationUpgradeProcess_Tests.Repeated_death_during_upgrade_and_recovery_preserves_committed_data(suffix: "-shared-state", stage: "created", password: null)
    LiteDB.Internals.SharedCoordinationUpgradeProcess_Tests.Repeated_death_during_upgrade_and_recovery_preserves_committed_data(suffix: "-shared-state", stage: "written", password: null)
    LiteDB.Internals.SharedCoordinationUpgradeProcess_Tests.Repeated_death_during_upgrade_and_recovery_preserves_committed_data(suffix: "-shared-state", stage: "flushed", password: null)
    LiteDB.Internals.SharedCoordinationUpgradeProcess_Tests.Repeated_death_during_upgrade_and_recovery_preserves_committed_data(suffix: "-shared-state", stage: "published", password: null)
    LiteDB.Internals.SharedCoordinationUpgradeProcess_Tests.Repeated_death_during_upgrade_and_recovery_preserves_committed_data(suffix: "-shared-state", stage: "retired", password: null)
    LiteDB.Internals.SharedCoordinationUpgradeProcess_Tests.Repeated_death_during_upgrade_and_recovery_preserves_committed_data(suffix: "-shared-disabled", stage: "retired", password: null)
    LiteDB.Internals.SharedCoordinationUpgradeProcess_Tests.Repeated_death_during_upgrade_and_recovery_preserves_committed_data(suffix: "-shared-live", stage: "retired", password: null)
    LiteDB.Internals.SharedCoordinationUpgradeProcess_Tests.Repeated_death_during_upgrade_and_recovery_preserves_committed_data(suffix: "-shared-live", stage: "created", password: "secret")
    LiteDB.Internals.SharedCoordinationUpgradeProcess_Tests.Repeated_death_during_upgrade_and_recovery_preserves_committed_data(suffix: "-shared-live", stage: "written", password: "secret")
    LiteDB.Internals.SharedCoordinationUpgradeProcess_Tests.Repeated_death_during_upgrade_and_recovery_preserves_committed_data(suffix: "-shared-live", stage: "flushed", password: "secret")
    LiteDB.Internals.SharedCoordinationUpgradeProcess_Tests.Repeated_death_during_upgrade_and_recovery_preserves_committed_data(suffix: "-shared-live", stage: "published", password: "secret")
    LiteDB.Internals.SharedCoordinationUpgradeProcess_Tests.Repeated_death_during_upgrade_and_recovery_preserves_committed_data(suffix: "-shared-state", stage: "created", password: "secret")
    LiteDB.Internals.SharedCoordinationUpgradeProcess_Tests.Repeated_death_during_upgrade_and_recovery_preserves_committed_data(suffix: "-shared-state", stage: "written", password: "secret")
    LiteDB.Internals.SharedCoordinationUpgradeProcess_Tests.Repeated_death_during_upgrade_and_recovery_preserves_committed_data(suffix: "-shared-state", stage: "flushed", password: "secret")
    LiteDB.Internals.SharedCoordinationUpgradeProcess_Tests.Repeated_death_during_upgrade_and_recovery_preserves_committed_data(suffix: "-shared-state", stage: "published", password: "secret")
    LiteDB.Internals.SharedCoordinationUpgradeProcess_Tests.Repeated_death_during_upgrade_and_recovery_preserves_committed_data(suffix: "-shared-state", stage: "retired", password: "secret")
    LiteDB.Internals.SharedCoordinationUpgradeProcess_Tests.Repeated_death_during_upgrade_and_recovery_preserves_committed_data(suffix: "-shared-disabled", stage: "retired", password: "secret")
    LiteDB.Internals.SharedCoordinationUpgradeProcess_Tests.Repeated_death_during_upgrade_and_recovery_preserves_committed_data(suffix: "-shared-live", stage: "retired", password: "secret")
    LiteDB.Internals.SharedCoordinationUpgradeProcess_Tests.Cold_database_replacement_never_reuses_the_saved_authority(password: null)
    LiteDB.Internals.SharedCoordinationUpgradeProcess_Tests.Cold_database_replacement_never_reuses_the_saved_authority(password: "secret")
    LiteDB.Internals.SharedFileHandles_Tests.Ntfs_volumes_report_posix_delete_and_keep_the_cache
    LiteDB.Internals.SharedFileHandles_Tests.A_killed_process_holding_cached_handles_does_not_block_its_peers
    LiteDB.Internals.SharedFollowupProcess_Tests.Killing_a_scoped_owner_recovers_acknowledged_data_and_admits_a_queued_process
    LiteDB.Internals.SharedMappedProcess_Tests.Checkpoint_and_reader_death_at_native_admission_boundaries(password: null, stage: "cached-status", kill: False)
    LiteDB.Internals.SharedMappedProcess_Tests.Checkpoint_and_reader_death_at_native_admission_boundaries(password: null, stage: "lease-published", kill: False)
    LiteDB.Internals.SharedMappedProcess_Tests.Checkpoint_and_reader_death_at_native_admission_boundaries(password: "secret", stage: "cached-status", kill: False)
    LiteDB.Internals.SharedMappedProcess_Tests.Checkpoint_and_reader_death_at_native_admission_boundaries(password: "secret", stage: "lease-published", kill: False)
    LiteDB.Internals.SharedMappedProcess_Tests.Checkpoint_and_reader_death_at_native_admission_boundaries(password: null, stage: "cached-status", kill: True)
    LiteDB.Internals.SharedMappedProcess_Tests.Checkpoint_and_reader_death_at_native_admission_boundaries(password: null, stage: "lease-published", kill: True)
    LiteDB.Internals.SharedUnsyncableLog_Tests.Fresh_shared_engines_never_reuse_slots_cleared_on_a_log_that_cannot_sync
    LiteDB.Internals.WalRecoveryReport_Tests.SharedReopen_PreservesTheLastRecoveryReport(password: null, corrupt: False)
    LiteDB.Internals.WalRecoveryReport_Tests.SharedReopen_PreservesTheLastRecoveryReport(password: "secret", corrupt: False)
    LiteDB.Internals.WalRecoveryReport_Tests.SharedReopen_PreservesTheLastRecoveryReport(password: null, corrupt: True)
    LiteDB.Internals.WalRecoveryReport_Tests.SharedReopen_PreservesTheLastRecoveryReport(password: "secret", corrupt: True)
