Test run for __WORKSPACE__/artifacts_temp/integration/LiteDB.Tests/bin/Release/net10.0/LiteDB.Tests.dll (.NETCoreApp,Version=v10.0)
The following Tests are available:
    LiteDB.Internals.MvccSharedLifecycle_Tests.ExplicitTransactionsAndRepeatedBeginBalanceMutexOwnership
    LiteDB.Internals.MvccSharedLifecycle_Tests.TwoSortingReadersUseIndependentTemporaryStorage(password: null)
    LiteDB.Internals.MvccSharedLifecycle_Tests.TwoSortingReadersUseIndependentTemporaryStorage(password: "secret")
    LiteDB.Internals.MvccSharedProcess_Tests.ProcessesKeepDistinctSnapshots_AndBackfillStopsAtOldestLiveReader(password: null)
    LiteDB.Internals.MvccSharedProcess_Tests.ProcessesKeepDistinctSnapshots_AndBackfillStopsAtOldestLiveReader(password: "secret")
    LiteDB.Internals.MvccSharedProcess_Tests.KilledReaderReleasesLease_AndKilledWriterDoesNotPublishUncommittedFrames(password: null)
    LiteDB.Internals.MvccSharedProcess_Tests.KilledReaderReleasesLease_AndKilledWriterDoesNotPublishUncommittedFrames(password: "secret")
    LiteDB.Internals.MvccSharedRegistry_Tests.LargeResultWithReadTransform_ExecutesEachUserCallbackOnce
    LiteDB.Internals.MvccSharedRegistry_Tests.UnreadableRegistrySkipsCheckpointWhileExternalReaderIsLive
    LiteDB.Internals.SharedCoordinationUpgradeProcess_Tests.A_live_legacy_participant_blocks_upgrade_until_native_death(password: null)
    LiteDB.Internals.SharedCoordinationUpgradeProcess_Tests.A_live_legacy_participant_blocks_upgrade_until_native_death(password: "secret")
    LiteDB.Internals.SharedFileHandles_Tests.Operations_reuse_the_open_handles
    LiteDB.Internals.SharedFileHandles_Tests.Changes_by_another_connection_are_visible_after_its_checkpoint_replaced_the_wal(password: null)
    LiteDB.Internals.SharedFileHandles_Tests.Changes_by_another_connection_are_visible_after_its_checkpoint_replaced_the_wal(password: "secret")
    LiteDB.Internals.SharedFollowupProcess_Tests.Killing_a_waiter_while_it_owns_the_turnstile_does_not_abandon_the_database
    LiteDB.Internals.SharedMappedProcess_Tests.Death_during_control_creation_preserves_data_and_recovers_mapped_reads(suffix: "-shared-live", stage: "created", password: null)
    LiteDB.Internals.SharedMappedProcess_Tests.Death_during_control_creation_preserves_data_and_recovers_mapped_reads(suffix: "-shared-live", stage: "created", password: "secret")
    LiteDB.Internals.SharedMappedProcess_Tests.Death_during_control_creation_preserves_data_and_recovers_mapped_reads(suffix: "-shared-live", stage: "written", password: null)
    LiteDB.Internals.SharedMappedProcess_Tests.Death_during_control_creation_preserves_data_and_recovers_mapped_reads(suffix: "-shared-live", stage: "written", password: "secret")
    LiteDB.Internals.SharedMappedProcess_Tests.Death_during_control_creation_preserves_data_and_recovers_mapped_reads(suffix: "-shared-live", stage: "flushed", password: null)
    LiteDB.Internals.SharedMappedProcess_Tests.Death_during_control_creation_preserves_data_and_recovers_mapped_reads(suffix: "-shared-live", stage: "flushed", password: "secret")
    LiteDB.Internals.SharedMappedProcess_Tests.Death_during_control_creation_preserves_data_and_recovers_mapped_reads(suffix: "-shared-live", stage: "published", password: null)
    LiteDB.Internals.SharedMappedProcess_Tests.Death_during_control_creation_preserves_data_and_recovers_mapped_reads(suffix: "-shared-live", stage: "published", password: "secret")
    LiteDB.Internals.SharedMappedProcess_Tests.Death_during_control_creation_preserves_data_and_recovers_mapped_reads(suffix: "-shared-state", stage: "created", password: null)
    LiteDB.Internals.SharedMappedProcess_Tests.Death_during_control_creation_preserves_data_and_recovers_mapped_reads(suffix: "-shared-state", stage: "created", password: "secret")
    LiteDB.Internals.SharedMappedProcess_Tests.Death_during_control_creation_preserves_data_and_recovers_mapped_reads(suffix: "-shared-state", stage: "written", password: null)
    LiteDB.Internals.SharedMappedProcess_Tests.Death_during_control_creation_preserves_data_and_recovers_mapped_reads(suffix: "-shared-state", stage: "written", password: "secret")
    LiteDB.Internals.SharedMappedProcess_Tests.Death_during_control_creation_preserves_data_and_recovers_mapped_reads(suffix: "-shared-state", stage: "flushed", password: null)
    LiteDB.Internals.SharedMappedProcess_Tests.Death_during_control_creation_preserves_data_and_recovers_mapped_reads(suffix: "-shared-state", stage: "flushed", password: "secret")
    LiteDB.Internals.SharedMappedProcess_Tests.Death_during_control_creation_preserves_data_and_recovers_mapped_reads(suffix: "-shared-state", stage: "published", password: null)
    LiteDB.Internals.SharedMappedProcess_Tests.Death_during_control_creation_preserves_data_and_recovers_mapped_reads(suffix: "-shared-state", stage: "published", password: "secret")
    LiteDB.Internals.SharedMappedProcess_Tests.Death_during_control_creation_preserves_data_and_recovers_mapped_reads(suffix: "-shared-disabled", stage: "created", password: null)
    LiteDB.Internals.SharedMappedProcess_Tests.Death_during_control_creation_preserves_data_and_recovers_mapped_reads(suffix: "-shared-disabled", stage: "created", password: "secret")
    LiteDB.Internals.SharedMappedProcess_Tests.Death_during_control_creation_preserves_data_and_recovers_mapped_reads(suffix: "-shared-disabled", stage: "written", password: null)
    LiteDB.Internals.SharedMappedProcess_Tests.Death_during_control_creation_preserves_data_and_recovers_mapped_reads(suffix: "-shared-disabled", stage: "written", password: "secret")
    LiteDB.Internals.SharedMappedProcess_Tests.Death_during_control_creation_preserves_data_and_recovers_mapped_reads(suffix: "-shared-disabled", stage: "flushed", password: null)
    LiteDB.Internals.SharedMappedProcess_Tests.Death_during_control_creation_preserves_data_and_recovers_mapped_reads(suffix: "-shared-disabled", stage: "flushed", password: "secret")
    LiteDB.Internals.SharedMappedProcess_Tests.Death_during_control_creation_preserves_data_and_recovers_mapped_reads(suffix: "-shared-disabled", stage: "published", password: null)
    LiteDB.Internals.SharedMappedProcess_Tests.Death_during_control_creation_preserves_data_and_recovers_mapped_reads(suffix: "-shared-disabled", stage: "published", password: "secret")
    LiteDB.Internals.SharedPageReads_Tests.ConcurrentSharing_WithEviction_PreservesBytesAndFrameAccounting
    LiteDB.Internals.SharedStorageProcess_Tests.DamagedWalTail_IsReportedWithoutPartialTransactionsAndReadOnlyMutation(password: null, storage: Legacy)
    LiteDB.Internals.SharedStorageProcess_Tests.DamagedWalTail_IsReportedWithoutPartialTransactionsAndReadOnlyMutation(password: "secret", storage: Legacy)
    LiteDB.Internals.SharedStorageProcess_Tests.DamagedWalTail_IsReportedWithoutPartialTransactionsAndReadOnlyMutation(password: null, storage: Auto)
    LiteDB.Internals.SharedStorageProcess_Tests.DamagedWalTail_IsReportedWithoutPartialTransactionsAndReadOnlyMutation(password: "secret", storage: Auto)
    LiteDB.Internals.StreamPoolLifecycle_Tests.Factory_IsSoleOwner_OfSharedBaseStream
