{"type":"configuration","timestamp":"2026-09-30T19:02:03.8872315+00:00","payload":{"useProjectReference":true,"liteDBPackageVersion":"0.0.0-knownbad.569ba13c3b38"}}
DATABASE_ROOT __WORKSPACE__/temporary/p133-pin-proof-607407172b3d466fbc4512c5a897dee4
CHILD_START mode=--case scenario=pin-begin-same path=__WORKSPACE__/temporary/p133-pin-proof-607407172b3d466fbc4512c5a897dee4/f025a155-a0f8-4ecd-8b13-b7ea7f6a3d35.db encrypted=False
CHILD_RESULT mode=--case scenario=pin-begin-same encrypted=False exit=10
LEASED_LOCAL_ANCHOR_CONFIRMED
PIN_OPERATION_POSITIVE_HOLDS_ZERO
CALLBACK_NATIVE_EXCLUSION_VERIFIED
ORDINARY_CALLBACK_DEFAULT_BEGIN_ENTERED pin-begin-same
CALLBACK_NATIVE_EXCLUSION_VERIFIED
CASE_FIXED
CHILD_START mode=--peer scenario= path=__WORKSPACE__/temporary/p133-pin-proof-607407172b3d466fbc4512c5a897dee4/f025a155-a0f8-4ecd-8b13-b7ea7f6a3d35.db encrypted=False
CHILD_RESULT mode=--peer scenario= encrypted=False exit=10
PEER_COMMITTED
TWO_COLD_INDEXED_MODELS_VERIFIED __WORKSPACE__/temporary/p133-pin-proof-607407172b3d466fbc4512c5a897dee4/f025a155-a0f8-4ecd-8b13-b7ea7f6a3d35.db
CHILD_START mode=--case scenario=pin-begin-peer path=__WORKSPACE__/temporary/p133-pin-proof-607407172b3d466fbc4512c5a897dee4/cbec7318-4e9e-4236-acaf-cc9773c79bec.db encrypted=False
CHILD_RESULT mode=--case scenario=pin-begin-peer encrypted=False exit=10
LEASED_LOCAL_ANCHOR_CONFIRMED
PIN_OPERATION_POSITIVE_HOLDS_ZERO
CALLBACK_NATIVE_EXCLUSION_VERIFIED
ORDINARY_CALLBACK_DEFAULT_BEGIN_ENTERED pin-begin-peer
CALLBACK_NATIVE_EXCLUSION_VERIFIED
CASE_FIXED
CHILD_START mode=--peer scenario= path=__WORKSPACE__/temporary/p133-pin-proof-607407172b3d466fbc4512c5a897dee4/cbec7318-4e9e-4236-acaf-cc9773c79bec.db encrypted=False
CHILD_RESULT mode=--peer scenario= encrypted=False exit=10
PEER_COMMITTED
TWO_COLD_INDEXED_MODELS_VERIFIED __WORKSPACE__/temporary/p133-pin-proof-607407172b3d466fbc4512c5a897dee4/cbec7318-4e9e-4236-acaf-cc9773c79bec.db
CHILD_START mode=--case scenario=reader-begin-same path=__WORKSPACE__/temporary/p133-pin-proof-607407172b3d466fbc4512c5a897dee4/0d892719-a558-4080-8947-ea046e2d42a2.db encrypted=False
CHILD_RESULT mode=--case scenario=reader-begin-same encrypted=False exit=10
CALLBACK_NATIVE_EXCLUSION_VERIFIED
ORDINARY_CALLBACK_DEFAULT_BEGIN_ENTERED reader-begin-same
CALLBACK_NATIVE_EXCLUSION_VERIFIED
CASE_FIXED
CHILD_START mode=--peer scenario= path=__WORKSPACE__/temporary/p133-pin-proof-607407172b3d466fbc4512c5a897dee4/0d892719-a558-4080-8947-ea046e2d42a2.db encrypted=False
CHILD_RESULT mode=--peer scenario= encrypted=False exit=10
PEER_COMMITTED
TWO_COLD_INDEXED_MODELS_VERIFIED __WORKSPACE__/temporary/p133-pin-proof-607407172b3d466fbc4512c5a897dee4/0d892719-a558-4080-8947-ea046e2d42a2.db
CHILD_START mode=--case scenario=reader-begin-peer path=__WORKSPACE__/temporary/p133-pin-proof-607407172b3d466fbc4512c5a897dee4/450b5a26-ba81-4c73-85b0-de29263f4964.db encrypted=False
CHILD_RESULT mode=--case scenario=reader-begin-peer encrypted=False exit=10
CALLBACK_NATIVE_EXCLUSION_VERIFIED
ORDINARY_CALLBACK_DEFAULT_BEGIN_ENTERED reader-begin-peer
CALLBACK_NATIVE_EXCLUSION_VERIFIED
CASE_FIXED
CHILD_START mode=--peer scenario= path=__WORKSPACE__/temporary/p133-pin-proof-607407172b3d466fbc4512c5a897dee4/450b5a26-ba81-4c73-85b0-de29263f4964.db encrypted=False
CHILD_RESULT mode=--peer scenario= encrypted=False exit=10
PEER_COMMITTED
TWO_COLD_INDEXED_MODELS_VERIFIED __WORKSPACE__/temporary/p133-pin-proof-607407172b3d466fbc4512c5a897dee4/450b5a26-ba81-4c73-85b0-de29263f4964.db
CHILD_START mode=--control scenario=leased-begin-same path=__WORKSPACE__/temporary/p133-pin-proof-607407172b3d466fbc4512c5a897dee4/660735cb-a07b-4174-a363-b24e4c4ffcbf.db encrypted=False
CHILD_RESULT mode=--control scenario=leased-begin-same encrypted=False exit=10
LEASED_LOCAL_ANCHOR_CONFIRMED
CHILD_START mode=--peer scenario= path=__WORKSPACE__/temporary/p133-pin-proof-607407172b3d466fbc4512c5a897dee4/660735cb-a07b-4174-a363-b24e4c4ffcbf.db encrypted=False
CHILD_RESULT mode=--peer scenario= encrypted=False exit=10
PEER_COMMITTED
TWO_COLD_INDEXED_MODELS_VERIFIED __WORKSPACE__/temporary/p133-pin-proof-607407172b3d466fbc4512c5a897dee4/660735cb-a07b-4174-a363-b24e4c4ffcbf.db
CONTROL_VERIFIED leased-begin-same
CASE_FIXED
CHILD_START mode=--control scenario=leased-begin-peer path=__WORKSPACE__/temporary/p133-pin-proof-607407172b3d466fbc4512c5a897dee4/11f8081d-7bc5-4422-afd3-8b7afe0db716.db encrypted=False
CHILD_RESULT mode=--control scenario=leased-begin-peer encrypted=False exit=10
LEASED_LOCAL_ANCHOR_CONFIRMED
CHILD_START mode=--peer scenario= path=__WORKSPACE__/temporary/p133-pin-proof-607407172b3d466fbc4512c5a897dee4/11f8081d-7bc5-4422-afd3-8b7afe0db716.db encrypted=False
CHILD_RESULT mode=--peer scenario= encrypted=False exit=10
PEER_COMMITTED
TWO_COLD_INDEXED_MODELS_VERIFIED __WORKSPACE__/temporary/p133-pin-proof-607407172b3d466fbc4512c5a897dee4/11f8081d-7bc5-4422-afd3-8b7afe0db716.db
CONTROL_VERIFIED leased-begin-peer
CASE_FIXED
CHILD_START mode=--control scenario=idle-handoff path=__WORKSPACE__/temporary/p133-pin-proof-607407172b3d466fbc4512c5a897dee4/2a98ea51-56cd-4b65-9a48-1953a68e47e7.db encrypted=False
CHILD_RESULT mode=--control scenario=idle-handoff encrypted=False exit=10
LEASED_LOCAL_ANCHOR_CONFIRMED
CHILD_START mode=--peer scenario= path=__WORKSPACE__/temporary/p133-pin-proof-607407172b3d466fbc4512c5a897dee4/2a98ea51-56cd-4b65-9a48-1953a68e47e7.db encrypted=False
CHILD_RESULT mode=--peer scenario= encrypted=False exit=10
PEER_COMMITTED
TWO_COLD_INDEXED_MODELS_VERIFIED __WORKSPACE__/temporary/p133-pin-proof-607407172b3d466fbc4512c5a897dee4/2a98ea51-56cd-4b65-9a48-1953a68e47e7.db
CONTROL_VERIFIED idle-handoff
CASE_FIXED
CHILD_START mode=--case scenario=pin-begin-same path=__WORKSPACE__/temporary/p133-pin-proof-607407172b3d466fbc4512c5a897dee4/bd5847d5-f251-4a38-85bf-27b003fedd1d.db encrypted=True
CHILD_RESULT mode=--case scenario=pin-begin-same encrypted=True exit=10
LEASED_LOCAL_ANCHOR_CONFIRMED
PIN_OPERATION_POSITIVE_HOLDS_ZERO
CALLBACK_NATIVE_EXCLUSION_VERIFIED
ORDINARY_CALLBACK_DEFAULT_BEGIN_ENTERED pin-begin-same
CALLBACK_NATIVE_EXCLUSION_VERIFIED
CASE_FIXED
CHILD_START mode=--peer scenario= path=__WORKSPACE__/temporary/p133-pin-proof-607407172b3d466fbc4512c5a897dee4/bd5847d5-f251-4a38-85bf-27b003fedd1d.db encrypted=True
CHILD_RESULT mode=--peer scenario= encrypted=True exit=10
PEER_COMMITTED
TWO_COLD_INDEXED_MODELS_VERIFIED __WORKSPACE__/temporary/p133-pin-proof-607407172b3d466fbc4512c5a897dee4/bd5847d5-f251-4a38-85bf-27b003fedd1d.db
CHILD_START mode=--case scenario=pin-begin-peer path=__WORKSPACE__/temporary/p133-pin-proof-607407172b3d466fbc4512c5a897dee4/9a1edd11-50f6-44c7-81ba-a873121e9a6b.db encrypted=True
CHILD_RESULT mode=--case scenario=pin-begin-peer encrypted=True exit=10
LEASED_LOCAL_ANCHOR_CONFIRMED
PIN_OPERATION_POSITIVE_HOLDS_ZERO
CALLBACK_NATIVE_EXCLUSION_VERIFIED
ORDINARY_CALLBACK_DEFAULT_BEGIN_ENTERED pin-begin-peer
CALLBACK_NATIVE_EXCLUSION_VERIFIED
CASE_FIXED
CHILD_START mode=--peer scenario= path=__WORKSPACE__/temporary/p133-pin-proof-607407172b3d466fbc4512c5a897dee4/9a1edd11-50f6-44c7-81ba-a873121e9a6b.db encrypted=True
CHILD_RESULT mode=--peer scenario= encrypted=True exit=10
PEER_COMMITTED
TWO_COLD_INDEXED_MODELS_VERIFIED __WORKSPACE__/temporary/p133-pin-proof-607407172b3d466fbc4512c5a897dee4/9a1edd11-50f6-44c7-81ba-a873121e9a6b.db
CHILD_START mode=--case scenario=reader-begin-same path=__WORKSPACE__/temporary/p133-pin-proof-607407172b3d466fbc4512c5a897dee4/daa76fb6-f923-42a8-a01e-b7e7954adefc.db encrypted=True
CHILD_RESULT mode=--case scenario=reader-begin-same encrypted=True exit=10
CALLBACK_NATIVE_EXCLUSION_VERIFIED
ORDINARY_CALLBACK_DEFAULT_BEGIN_ENTERED reader-begin-same
CALLBACK_NATIVE_EXCLUSION_VERIFIED
CASE_FIXED
CHILD_START mode=--peer scenario= path=__WORKSPACE__/temporary/p133-pin-proof-607407172b3d466fbc4512c5a897dee4/daa76fb6-f923-42a8-a01e-b7e7954adefc.db encrypted=True
CHILD_RESULT mode=--peer scenario= encrypted=True exit=10
PEER_COMMITTED
TWO_COLD_INDEXED_MODELS_VERIFIED __WORKSPACE__/temporary/p133-pin-proof-607407172b3d466fbc4512c5a897dee4/daa76fb6-f923-42a8-a01e-b7e7954adefc.db
CHILD_START mode=--case scenario=reader-begin-peer path=__WORKSPACE__/temporary/p133-pin-proof-607407172b3d466fbc4512c5a897dee4/31e525f5-9bfb-4ea5-8227-2e527a14de4e.db encrypted=True
CHILD_RESULT mode=--case scenario=reader-begin-peer encrypted=True exit=10
CALLBACK_NATIVE_EXCLUSION_VERIFIED
ORDINARY_CALLBACK_DEFAULT_BEGIN_ENTERED reader-begin-peer
CALLBACK_NATIVE_EXCLUSION_VERIFIED
CASE_FIXED
CHILD_START mode=--peer scenario= path=__WORKSPACE__/temporary/p133-pin-proof-607407172b3d466fbc4512c5a897dee4/31e525f5-9bfb-4ea5-8227-2e527a14de4e.db encrypted=True
CHILD_RESULT mode=--peer scenario= encrypted=True exit=10
PEER_COMMITTED
TWO_COLD_INDEXED_MODELS_VERIFIED __WORKSPACE__/temporary/p133-pin-proof-607407172b3d466fbc4512c5a897dee4/31e525f5-9bfb-4ea5-8227-2e527a14de4e.db
CHILD_START mode=--control scenario=leased-begin-same path=__WORKSPACE__/temporary/p133-pin-proof-607407172b3d466fbc4512c5a897dee4/5866424b-aa44-4290-9b20-400c1ea89c2f.db encrypted=True
CHILD_RESULT mode=--control scenario=leased-begin-same encrypted=True exit=10
LEASED_LOCAL_ANCHOR_CONFIRMED
CHILD_START mode=--peer scenario= path=__WORKSPACE__/temporary/p133-pin-proof-607407172b3d466fbc4512c5a897dee4/5866424b-aa44-4290-9b20-400c1ea89c2f.db encrypted=True
CHILD_RESULT mode=--peer scenario= encrypted=True exit=10
PEER_COMMITTED
TWO_COLD_INDEXED_MODELS_VERIFIED __WORKSPACE__/temporary/p133-pin-proof-607407172b3d466fbc4512c5a897dee4/5866424b-aa44-4290-9b20-400c1ea89c2f.db
CONTROL_VERIFIED leased-begin-same
CASE_FIXED
CHILD_START mode=--control scenario=leased-begin-peer path=__WORKSPACE__/temporary/p133-pin-proof-607407172b3d466fbc4512c5a897dee4/fac2b8f9-dccb-46e4-b0bf-547d2816f85b.db encrypted=True
CHILD_RESULT mode=--control scenario=leased-begin-peer encrypted=True exit=10
LEASED_LOCAL_ANCHOR_CONFIRMED
CHILD_START mode=--peer scenario= path=__WORKSPACE__/temporary/p133-pin-proof-607407172b3d466fbc4512c5a897dee4/fac2b8f9-dccb-46e4-b0bf-547d2816f85b.db encrypted=True
CHILD_RESULT mode=--peer scenario= encrypted=True exit=10
PEER_COMMITTED
TWO_COLD_INDEXED_MODELS_VERIFIED __WORKSPACE__/temporary/p133-pin-proof-607407172b3d466fbc4512c5a897dee4/fac2b8f9-dccb-46e4-b0bf-547d2816f85b.db
CONTROL_VERIFIED leased-begin-peer
CASE_FIXED
CHILD_START mode=--control scenario=idle-handoff path=__WORKSPACE__/temporary/p133-pin-proof-607407172b3d466fbc4512c5a897dee4/613c1f5c-9bea-460a-98d8-7defd74d86d1.db encrypted=True
CHILD_RESULT mode=--control scenario=idle-handoff encrypted=True exit=10
LEASED_LOCAL_ANCHOR_CONFIRMED
CHILD_START mode=--peer scenario= path=__WORKSPACE__/temporary/p133-pin-proof-607407172b3d466fbc4512c5a897dee4/613c1f5c-9bea-460a-98d8-7defd74d86d1.db encrypted=True
CHILD_RESULT mode=--peer scenario= encrypted=True exit=10
PEER_COMMITTED
TWO_COLD_INDEXED_MODELS_VERIFIED __WORKSPACE__/temporary/p133-pin-proof-607407172b3d466fbc4512c5a897dee4/613c1f5c-9bea-460a-98d8-7defd74d86d1.db
CONTROL_VERIFIED idle-handoff
CASE_FIXED
VERIFIED_FIXED
{"type":"result","timestamp":"2026-09-30T19:02:13.2601278+00:00","text":"Native dependency cases, independent controls and cold models verified.","success":false}
