upstream-direct-ordinary-read-1-0-0-dev: 93187.0 ops/s, verified
upstream-direct-ordinary-read-1-0-1-parent: 85375.0 ops/s, verified
upstream-direct-ordinary-read-1-0-2-final: 78788.5 ops/s, verified
upstream-direct-ordinary-read-1-1-0-final: 83764.2 ops/s, verified
upstream-direct-ordinary-read-1-1-1-parent: 90245.7 ops/s, verified
upstream-direct-ordinary-read-1-1-2-dev: 94117.8 ops/s, verified
upstream-direct-ordinary-read-1-2-0-dev: 93273.9 ops/s, verified
upstream-direct-ordinary-read-1-2-1-parent: 87030.2 ops/s, verified
upstream-direct-ordinary-read-1-2-2-final: 78973.2 ops/s, verified
upstream-direct-ordinary-read-1-3-0-final: 80302.9 ops/s, verified
upstream-direct-ordinary-read-1-3-1-parent: 89615.8 ops/s, verified
upstream-direct-ordinary-read-1-3-2-dev: 96324.6 ops/s, verified
upstream-direct-legacy-read-1-0-0-dev: 95247.8 ops/s, verified
upstream-direct-legacy-read-1-0-1-parent: 86337.3 ops/s, verified
upstream-direct-legacy-read-1-0-2-final: 72633.6 ops/s, verified
upstream-direct-legacy-read-1-1-0-final: 73174.4 ops/s, verified
upstream-direct-legacy-read-1-1-1-parent: 85621.9 ops/s, verified
upstream-direct-legacy-read-1-1-2-dev: 96514.7 ops/s, verified
upstream-direct-legacy-read-1-2-0-dev: 94407.2 ops/s, verified
upstream-direct-legacy-read-1-2-1-parent: 85437.1 ops/s, verified
upstream-direct-legacy-read-1-2-2-final: 72122.5 ops/s, verified
upstream-direct-legacy-read-1-3-0-final: 70990.8 ops/s, verified
upstream-direct-legacy-read-1-3-1-parent: 86935.5 ops/s, verified
upstream-direct-legacy-read-1-3-2-dev: 92928.7 ops/s, verified
upstream-direct-ordinary-open-1-0-0-dev: 7193.2 ops/s, verified
upstream-direct-ordinary-open-1-0-1-parent: 16948.6 ops/s, verified
upstream-direct-ordinary-open-1-0-2-final: 11174.9 ops/s, verified
upstream-direct-ordinary-open-1-1-0-final: 11354.9 ops/s, verified
upstream-direct-ordinary-open-1-1-1-parent: 16707.9 ops/s, verified
upstream-direct-ordinary-open-1-1-2-dev: 7090.4 ops/s, verified
upstream-direct-ordinary-open-1-2-0-dev: 7202.9 ops/s, verified
upstream-direct-ordinary-open-1-2-1-parent: 17371.4 ops/s, verified
upstream-direct-ordinary-open-1-2-2-final: 11112.8 ops/s, verified
upstream-direct-ordinary-open-1-3-0-final: 11328.9 ops/s, verified
upstream-direct-ordinary-open-1-3-1-parent: 16750.7 ops/s, verified
upstream-direct-ordinary-open-1-3-2-dev: 7096.9 ops/s, verified
upstream-shared-ordinary-read-1-0-0-dev: 50741.3 ops/s, verified
upstream-shared-ordinary-read-1-0-1-parent: 50152.3 ops/s, verified
upstream-shared-ordinary-read-1-0-2-final: 46528.9 ops/s, verified
upstream-shared-ordinary-read-1-1-0-final: 47066.0 ops/s, verified
upstream-shared-ordinary-read-1-1-1-parent: 51346.0 ops/s, verified
upstream-shared-ordinary-read-1-1-2-dev: 51026.7 ops/s, verified
upstream-shared-ordinary-read-1-2-0-dev: 49852.5 ops/s, verified
upstream-shared-ordinary-read-1-2-1-parent: 49165.7 ops/s, verified
upstream-shared-ordinary-read-1-2-2-final: 46999.7 ops/s, verified
upstream-shared-ordinary-read-1-3-0-final: 47932.2 ops/s, verified
upstream-shared-ordinary-read-1-3-1-parent: 50529.0 ops/s, verified
upstream-shared-ordinary-read-1-3-2-dev: 50892.5 ops/s, verified
upstream-shared-legacy-read-1-0-0-dev: 8363.7 ops/s, verified
upstream-shared-legacy-read-1-0-1-parent: 7862.8 ops/s, verified
upstream-shared-legacy-read-1-0-2-final: 7677.5 ops/s, verified
upstream-shared-legacy-read-1-1-0-final: 7581.6 ops/s, verified
upstream-shared-legacy-read-1-1-1-parent: 7949.6 ops/s, verified
upstream-shared-legacy-read-1-1-2-dev: 8332.1 ops/s, verified
upstream-shared-legacy-read-1-2-0-dev: 8365.9 ops/s, verified
upstream-shared-legacy-read-1-2-1-parent: 7996.5 ops/s, verified
upstream-shared-legacy-read-1-2-2-final: 7570.5 ops/s, verified
upstream-shared-legacy-read-1-3-0-final: 7571.1 ops/s, verified
upstream-shared-legacy-read-1-3-1-parent: 7856.4 ops/s, verified
upstream-shared-legacy-read-1-3-2-dev: 8305.3 ops/s, verified
