{"type":"configuration","timestamp":"2026-09-30T16:59:29.722403+00:00","payload":{"useProjectReference":false,"liteDBPackageVersion":"0.0.0-knownbad.569ba13c3b38"}}
DATABASE_ROOT __WORKSPACE__/temporary/p133-pin-proof-36b2723821b240c4b04ee82506ca5f8d
CHILD_START mode=--case scenario=pin-begin-same path=__WORKSPACE__/temporary/p133-pin-proof-36b2723821b240c4b04ee82506ca5f8d/478ab765-11db-4f8b-884f-0ccd30e7ef46.db encrypted=False
CHILD_RESULT mode=--case scenario=pin-begin-same encrypted=False exit=20
LEASED_LOCAL_ANCHOR_CONFIRMED
PIN_OPERATION_POSITIVE_HOLDS_ZERO
ORDINARY_CALLBACK_BOUNDED_BEGIN_ENTERED pin-begin-same
EXACT_NATIVE_ADMISSION_TIMEOUT
ORDINARY_CALLBACK_DEFAULT_BEGIN_ENTERED pin-begin-same
PIN_OPERATION_POSITIVE_HOLDS_ZERO
DEFAULT_BEGIN_NATIVE_DEPENDENCY_CONFIRMED priorExactNativeTimeout localGateAcquired nativeExcluded
CALLBACK_NATIVE_DEPENDENCY_VERIFIED
CHILD_START mode=--peer scenario= path=__WORKSPACE__/temporary/p133-pin-proof-36b2723821b240c4b04ee82506ca5f8d/478ab765-11db-4f8b-884f-0ccd30e7ef46.db encrypted=False
CHILD_RESULT mode=--peer scenario= encrypted=False exit=10
PEER_COMMITTED
TWO_COLD_INDEXED_MODELS_VERIFIED __WORKSPACE__/temporary/p133-pin-proof-36b2723821b240c4b04ee82506ca5f8d/478ab765-11db-4f8b-884f-0ccd30e7ef46.db
CHILD_START mode=--case scenario=pin-begin-peer path=__WORKSPACE__/temporary/p133-pin-proof-36b2723821b240c4b04ee82506ca5f8d/39bf0d79-1747-4e01-aec3-10a9c21012ce.db encrypted=False
CHILD_RESULT mode=--case scenario=pin-begin-peer encrypted=False exit=20
LEASED_LOCAL_ANCHOR_CONFIRMED
PIN_OPERATION_POSITIVE_HOLDS_ZERO
ORDINARY_CALLBACK_BOUNDED_BEGIN_ENTERED pin-begin-peer
EXACT_NATIVE_ADMISSION_TIMEOUT
ORDINARY_CALLBACK_DEFAULT_BEGIN_ENTERED pin-begin-peer
PIN_OPERATION_POSITIVE_HOLDS_ZERO
DEFAULT_BEGIN_NATIVE_DEPENDENCY_CONFIRMED priorExactNativeTimeout localGateAcquired nativeExcluded
CALLBACK_NATIVE_DEPENDENCY_VERIFIED
CHILD_START mode=--peer scenario= path=__WORKSPACE__/temporary/p133-pin-proof-36b2723821b240c4b04ee82506ca5f8d/39bf0d79-1747-4e01-aec3-10a9c21012ce.db encrypted=False
CHILD_RESULT mode=--peer scenario= encrypted=False exit=10
PEER_COMMITTED
TWO_COLD_INDEXED_MODELS_VERIFIED __WORKSPACE__/temporary/p133-pin-proof-36b2723821b240c4b04ee82506ca5f8d/39bf0d79-1747-4e01-aec3-10a9c21012ce.db
CHILD_START mode=--case scenario=reader-begin-same path=__WORKSPACE__/temporary/p133-pin-proof-36b2723821b240c4b04ee82506ca5f8d/398c8ac2-19b7-4920-b857-ea6cd3cae993.db encrypted=False
CHILD_RESULT mode=--case scenario=reader-begin-same encrypted=False exit=20
ORDINARY_CALLBACK_BOUNDED_BEGIN_ENTERED reader-begin-same
EXACT_NATIVE_ADMISSION_TIMEOUT
ORDINARY_CALLBACK_DEFAULT_BEGIN_ENTERED reader-begin-same
DEFAULT_BEGIN_NATIVE_DEPENDENCY_CONFIRMED priorExactNativeTimeout localGateAcquired nativeExcluded
CALLBACK_NATIVE_DEPENDENCY_VERIFIED
CHILD_START mode=--peer scenario= path=__WORKSPACE__/temporary/p133-pin-proof-36b2723821b240c4b04ee82506ca5f8d/398c8ac2-19b7-4920-b857-ea6cd3cae993.db encrypted=False
CHILD_RESULT mode=--peer scenario= encrypted=False exit=10
PEER_COMMITTED
TWO_COLD_INDEXED_MODELS_VERIFIED __WORKSPACE__/temporary/p133-pin-proof-36b2723821b240c4b04ee82506ca5f8d/398c8ac2-19b7-4920-b857-ea6cd3cae993.db
CHILD_START mode=--case scenario=reader-begin-peer path=__WORKSPACE__/temporary/p133-pin-proof-36b2723821b240c4b04ee82506ca5f8d/5e540787-ec16-4fa2-8314-96a5bffad026.db encrypted=False
CHILD_RESULT mode=--case scenario=reader-begin-peer encrypted=False exit=20
ORDINARY_CALLBACK_BOUNDED_BEGIN_ENTERED reader-begin-peer
EXACT_NATIVE_ADMISSION_TIMEOUT
ORDINARY_CALLBACK_DEFAULT_BEGIN_ENTERED reader-begin-peer
DEFAULT_BEGIN_NATIVE_DEPENDENCY_CONFIRMED priorExactNativeTimeout localGateAcquired nativeExcluded
CALLBACK_NATIVE_DEPENDENCY_VERIFIED
CHILD_START mode=--peer scenario= path=__WORKSPACE__/temporary/p133-pin-proof-36b2723821b240c4b04ee82506ca5f8d/5e540787-ec16-4fa2-8314-96a5bffad026.db encrypted=False
CHILD_RESULT mode=--peer scenario= encrypted=False exit=10
PEER_COMMITTED
TWO_COLD_INDEXED_MODELS_VERIFIED __WORKSPACE__/temporary/p133-pin-proof-36b2723821b240c4b04ee82506ca5f8d/5e540787-ec16-4fa2-8314-96a5bffad026.db
CHILD_START mode=--control scenario=leased-begin-same path=__WORKSPACE__/temporary/p133-pin-proof-36b2723821b240c4b04ee82506ca5f8d/d5b54858-8b90-415d-9d3e-eebfe1999722.db encrypted=False
CHILD_RESULT mode=--control scenario=leased-begin-same encrypted=False exit=10
LEASED_LOCAL_ANCHOR_CONFIRMED
CHILD_START mode=--peer scenario= path=__WORKSPACE__/temporary/p133-pin-proof-36b2723821b240c4b04ee82506ca5f8d/d5b54858-8b90-415d-9d3e-eebfe1999722.db encrypted=False
CHILD_RESULT mode=--peer scenario= encrypted=False exit=10
PEER_COMMITTED
TWO_COLD_INDEXED_MODELS_VERIFIED __WORKSPACE__/temporary/p133-pin-proof-36b2723821b240c4b04ee82506ca5f8d/d5b54858-8b90-415d-9d3e-eebfe1999722.db
CONTROL_VERIFIED leased-begin-same
CASE_FIXED
CHILD_START mode=--control scenario=leased-begin-peer path=__WORKSPACE__/temporary/p133-pin-proof-36b2723821b240c4b04ee82506ca5f8d/67c3752d-e6fb-4b00-98d5-7a5670421ed2.db encrypted=False
CHILD_RESULT mode=--control scenario=leased-begin-peer encrypted=False exit=10
LEASED_LOCAL_ANCHOR_CONFIRMED
CHILD_START mode=--peer scenario= path=__WORKSPACE__/temporary/p133-pin-proof-36b2723821b240c4b04ee82506ca5f8d/67c3752d-e6fb-4b00-98d5-7a5670421ed2.db encrypted=False
CHILD_RESULT mode=--peer scenario= encrypted=False exit=10
PEER_COMMITTED
TWO_COLD_INDEXED_MODELS_VERIFIED __WORKSPACE__/temporary/p133-pin-proof-36b2723821b240c4b04ee82506ca5f8d/67c3752d-e6fb-4b00-98d5-7a5670421ed2.db
CONTROL_VERIFIED leased-begin-peer
CASE_FIXED
CHILD_START mode=--control scenario=idle-handoff path=__WORKSPACE__/temporary/p133-pin-proof-36b2723821b240c4b04ee82506ca5f8d/51c49360-a828-49de-a655-9eb782534fd2.db encrypted=False
CHILD_RESULT mode=--control scenario=idle-handoff encrypted=False exit=10
LEASED_LOCAL_ANCHOR_CONFIRMED
CHILD_START mode=--peer scenario= path=__WORKSPACE__/temporary/p133-pin-proof-36b2723821b240c4b04ee82506ca5f8d/51c49360-a828-49de-a655-9eb782534fd2.db encrypted=False
CHILD_RESULT mode=--peer scenario= encrypted=False exit=10
PEER_COMMITTED
TWO_COLD_INDEXED_MODELS_VERIFIED __WORKSPACE__/temporary/p133-pin-proof-36b2723821b240c4b04ee82506ca5f8d/51c49360-a828-49de-a655-9eb782534fd2.db
CONTROL_VERIFIED idle-handoff
CASE_FIXED
CHILD_START mode=--case scenario=pin-begin-same path=__WORKSPACE__/temporary/p133-pin-proof-36b2723821b240c4b04ee82506ca5f8d/d57a4755-1dce-45d1-b4ba-c3e51f7450c7.db encrypted=True
CHILD_RESULT mode=--case scenario=pin-begin-same encrypted=True exit=20
LEASED_LOCAL_ANCHOR_CONFIRMED
PIN_OPERATION_POSITIVE_HOLDS_ZERO
ORDINARY_CALLBACK_BOUNDED_BEGIN_ENTERED pin-begin-same
EXACT_NATIVE_ADMISSION_TIMEOUT
ORDINARY_CALLBACK_DEFAULT_BEGIN_ENTERED pin-begin-same
PIN_OPERATION_POSITIVE_HOLDS_ZERO
DEFAULT_BEGIN_NATIVE_DEPENDENCY_CONFIRMED priorExactNativeTimeout localGateAcquired nativeExcluded
CALLBACK_NATIVE_DEPENDENCY_VERIFIED
CHILD_START mode=--peer scenario= path=__WORKSPACE__/temporary/p133-pin-proof-36b2723821b240c4b04ee82506ca5f8d/d57a4755-1dce-45d1-b4ba-c3e51f7450c7.db encrypted=True
CHILD_RESULT mode=--peer scenario= encrypted=True exit=10
PEER_COMMITTED
TWO_COLD_INDEXED_MODELS_VERIFIED __WORKSPACE__/temporary/p133-pin-proof-36b2723821b240c4b04ee82506ca5f8d/d57a4755-1dce-45d1-b4ba-c3e51f7450c7.db
CHILD_START mode=--case scenario=pin-begin-peer path=__WORKSPACE__/temporary/p133-pin-proof-36b2723821b240c4b04ee82506ca5f8d/8b66a10d-1f30-444b-beb5-87fe93eab9ce.db encrypted=True
CHILD_RESULT mode=--case scenario=pin-begin-peer encrypted=True exit=20
LEASED_LOCAL_ANCHOR_CONFIRMED
PIN_OPERATION_POSITIVE_HOLDS_ZERO
ORDINARY_CALLBACK_BOUNDED_BEGIN_ENTERED pin-begin-peer
EXACT_NATIVE_ADMISSION_TIMEOUT
ORDINARY_CALLBACK_DEFAULT_BEGIN_ENTERED pin-begin-peer
PIN_OPERATION_POSITIVE_HOLDS_ZERO
DEFAULT_BEGIN_NATIVE_DEPENDENCY_CONFIRMED priorExactNativeTimeout localGateAcquired nativeExcluded
CALLBACK_NATIVE_DEPENDENCY_VERIFIED
CHILD_START mode=--peer scenario= path=__WORKSPACE__/temporary/p133-pin-proof-36b2723821b240c4b04ee82506ca5f8d/8b66a10d-1f30-444b-beb5-87fe93eab9ce.db encrypted=True
CHILD_RESULT mode=--peer scenario= encrypted=True exit=10
PEER_COMMITTED
TWO_COLD_INDEXED_MODELS_VERIFIED __WORKSPACE__/temporary/p133-pin-proof-36b2723821b240c4b04ee82506ca5f8d/8b66a10d-1f30-444b-beb5-87fe93eab9ce.db
CHILD_START mode=--case scenario=reader-begin-same path=__WORKSPACE__/temporary/p133-pin-proof-36b2723821b240c4b04ee82506ca5f8d/bb91c950-864a-45fc-9a40-4eb3a96970eb.db encrypted=True
CHILD_RESULT mode=--case scenario=reader-begin-same encrypted=True exit=20
ORDINARY_CALLBACK_BOUNDED_BEGIN_ENTERED reader-begin-same
EXACT_NATIVE_ADMISSION_TIMEOUT
ORDINARY_CALLBACK_DEFAULT_BEGIN_ENTERED reader-begin-same
DEFAULT_BEGIN_NATIVE_DEPENDENCY_CONFIRMED priorExactNativeTimeout localGateAcquired nativeExcluded
CALLBACK_NATIVE_DEPENDENCY_VERIFIED
CHILD_START mode=--peer scenario= path=__WORKSPACE__/temporary/p133-pin-proof-36b2723821b240c4b04ee82506ca5f8d/bb91c950-864a-45fc-9a40-4eb3a96970eb.db encrypted=True
CHILD_RESULT mode=--peer scenario= encrypted=True exit=10
PEER_COMMITTED
TWO_COLD_INDEXED_MODELS_VERIFIED __WORKSPACE__/temporary/p133-pin-proof-36b2723821b240c4b04ee82506ca5f8d/bb91c950-864a-45fc-9a40-4eb3a96970eb.db
CHILD_START mode=--case scenario=reader-begin-peer path=__WORKSPACE__/temporary/p133-pin-proof-36b2723821b240c4b04ee82506ca5f8d/51ec820e-fda8-4b73-9a05-d6ab9287cbe1.db encrypted=True
CHILD_RESULT mode=--case scenario=reader-begin-peer encrypted=True exit=20
ORDINARY_CALLBACK_BOUNDED_BEGIN_ENTERED reader-begin-peer
EXACT_NATIVE_ADMISSION_TIMEOUT
ORDINARY_CALLBACK_DEFAULT_BEGIN_ENTERED reader-begin-peer
DEFAULT_BEGIN_NATIVE_DEPENDENCY_CONFIRMED priorExactNativeTimeout localGateAcquired nativeExcluded
CALLBACK_NATIVE_DEPENDENCY_VERIFIED
CHILD_START mode=--peer scenario= path=__WORKSPACE__/temporary/p133-pin-proof-36b2723821b240c4b04ee82506ca5f8d/51ec820e-fda8-4b73-9a05-d6ab9287cbe1.db encrypted=True
CHILD_RESULT mode=--peer scenario= encrypted=True exit=10
PEER_COMMITTED
TWO_COLD_INDEXED_MODELS_VERIFIED __WORKSPACE__/temporary/p133-pin-proof-36b2723821b240c4b04ee82506ca5f8d/51ec820e-fda8-4b73-9a05-d6ab9287cbe1.db
CHILD_START mode=--control scenario=leased-begin-same path=__WORKSPACE__/temporary/p133-pin-proof-36b2723821b240c4b04ee82506ca5f8d/6016797a-0a54-43ad-b6cf-7e6a4551603d.db encrypted=True
CHILD_RESULT mode=--control scenario=leased-begin-same encrypted=True exit=10
LEASED_LOCAL_ANCHOR_CONFIRMED
CHILD_START mode=--peer scenario= path=__WORKSPACE__/temporary/p133-pin-proof-36b2723821b240c4b04ee82506ca5f8d/6016797a-0a54-43ad-b6cf-7e6a4551603d.db encrypted=True
CHILD_RESULT mode=--peer scenario= encrypted=True exit=10
PEER_COMMITTED
TWO_COLD_INDEXED_MODELS_VERIFIED __WORKSPACE__/temporary/p133-pin-proof-36b2723821b240c4b04ee82506ca5f8d/6016797a-0a54-43ad-b6cf-7e6a4551603d.db
CONTROL_VERIFIED leased-begin-same
CASE_FIXED
CHILD_START mode=--control scenario=leased-begin-peer path=__WORKSPACE__/temporary/p133-pin-proof-36b2723821b240c4b04ee82506ca5f8d/2eabe3e4-7260-4e36-8662-ef7b505d0ee7.db encrypted=True
CHILD_RESULT mode=--control scenario=leased-begin-peer encrypted=True exit=10
LEASED_LOCAL_ANCHOR_CONFIRMED
CHILD_START mode=--peer scenario= path=__WORKSPACE__/temporary/p133-pin-proof-36b2723821b240c4b04ee82506ca5f8d/2eabe3e4-7260-4e36-8662-ef7b505d0ee7.db encrypted=True
CHILD_RESULT mode=--peer scenario= encrypted=True exit=10
PEER_COMMITTED
TWO_COLD_INDEXED_MODELS_VERIFIED __WORKSPACE__/temporary/p133-pin-proof-36b2723821b240c4b04ee82506ca5f8d/2eabe3e4-7260-4e36-8662-ef7b505d0ee7.db
CONTROL_VERIFIED leased-begin-peer
CASE_FIXED
CHILD_START mode=--control scenario=idle-handoff path=__WORKSPACE__/temporary/p133-pin-proof-36b2723821b240c4b04ee82506ca5f8d/a35088e4-b22a-41d9-a01e-41e9478abe69.db encrypted=True
CHILD_RESULT mode=--control scenario=idle-handoff encrypted=True exit=10
LEASED_LOCAL_ANCHOR_CONFIRMED
CHILD_START mode=--peer scenario= path=__WORKSPACE__/temporary/p133-pin-proof-36b2723821b240c4b04ee82506ca5f8d/a35088e4-b22a-41d9-a01e-41e9478abe69.db encrypted=True
CHILD_RESULT mode=--peer scenario= encrypted=True exit=10
PEER_COMMITTED
TWO_COLD_INDEXED_MODELS_VERIFIED __WORKSPACE__/temporary/p133-pin-proof-36b2723821b240c4b04ee82506ca5f8d/a35088e4-b22a-41d9-a01e-41e9478abe69.db
CONTROL_VERIFIED idle-handoff
CASE_FIXED
BUG_REPRODUCED
{"type":"result","timestamp":"2026-09-30T16:59:51.4472965+00:00","text":"Native dependency cases, independent controls and cold models verified.","success":true}
