{"type":"configuration","timestamp":"2026-09-30T17:16:22.6361672+00:00","payload":{"useProjectReference":false,"liteDBPackageVersion":"0.0.0-knownbad.569ba13c3b38"}}
DATABASE_ROOT __WORKSPACE__/temporary/p133-pin-proof-5afd547bc4db410eb3292b354c64611a
CHILD_START mode=--case scenario=pin-begin-same path=__WORKSPACE__/temporary/p133-pin-proof-5afd547bc4db410eb3292b354c64611a/bea5112d-cf8b-44f8-92ee-1ceea6e75ae5.db encrypted=False
CHILD_RESULT mode=--case scenario=pin-begin-same encrypted=False exit=20
LEASED_LOCAL_ANCHOR_CONFIRMED
PIN_OPERATION_POSITIVE_HOLDS_ZERO
CALLBACK_NATIVE_EXCLUSION_VERIFIED
ORDINARY_CALLBACK_DEFAULT_BEGIN_ENTERED pin-begin-same
PIN_OPERATION_POSITIVE_HOLDS_ZERO
DEFAULT_BEGIN_NATIVE_DEPENDENCY_CONFIRMED cachedChildCheckedOut childNativeWaiters>0 localGateAcquired nativeExcluded
CALLBACK_NATIVE_DEPENDENCY_VERIFIED
CHILD_START mode=--peer scenario= path=__WORKSPACE__/temporary/p133-pin-proof-5afd547bc4db410eb3292b354c64611a/bea5112d-cf8b-44f8-92ee-1ceea6e75ae5.db encrypted=False
CHILD_RESULT mode=--peer scenario= encrypted=False exit=10
PEER_COMMITTED
TWO_COLD_INDEXED_MODELS_VERIFIED __WORKSPACE__/temporary/p133-pin-proof-5afd547bc4db410eb3292b354c64611a/bea5112d-cf8b-44f8-92ee-1ceea6e75ae5.db
CHILD_START mode=--case scenario=pin-begin-peer path=__WORKSPACE__/temporary/p133-pin-proof-5afd547bc4db410eb3292b354c64611a/3d0f636a-9f44-47fe-8944-2a21016eb935.db encrypted=False
CHILD_RESULT mode=--case scenario=pin-begin-peer encrypted=False exit=20
LEASED_LOCAL_ANCHOR_CONFIRMED
PIN_OPERATION_POSITIVE_HOLDS_ZERO
CALLBACK_NATIVE_EXCLUSION_VERIFIED
ORDINARY_CALLBACK_DEFAULT_BEGIN_ENTERED pin-begin-peer
PIN_OPERATION_POSITIVE_HOLDS_ZERO
DEFAULT_BEGIN_NATIVE_DEPENDENCY_CONFIRMED cachedChildCheckedOut childNativeWaiters>0 localGateAcquired nativeExcluded
CALLBACK_NATIVE_DEPENDENCY_VERIFIED
CHILD_START mode=--peer scenario= path=__WORKSPACE__/temporary/p133-pin-proof-5afd547bc4db410eb3292b354c64611a/3d0f636a-9f44-47fe-8944-2a21016eb935.db encrypted=False
CHILD_RESULT mode=--peer scenario= encrypted=False exit=10
PEER_COMMITTED
TWO_COLD_INDEXED_MODELS_VERIFIED __WORKSPACE__/temporary/p133-pin-proof-5afd547bc4db410eb3292b354c64611a/3d0f636a-9f44-47fe-8944-2a21016eb935.db
CHILD_START mode=--case scenario=reader-begin-same path=__WORKSPACE__/temporary/p133-pin-proof-5afd547bc4db410eb3292b354c64611a/bc60c5d3-6642-49ef-be53-7295c4a28c83.db encrypted=False
CHILD_RESULT mode=--case scenario=reader-begin-same encrypted=False exit=20
CALLBACK_NATIVE_EXCLUSION_VERIFIED
ORDINARY_CALLBACK_DEFAULT_BEGIN_ENTERED reader-begin-same
DEFAULT_BEGIN_NATIVE_DEPENDENCY_CONFIRMED cachedChildCheckedOut childNativeWaiters>0 localGateAcquired nativeExcluded
CALLBACK_NATIVE_DEPENDENCY_VERIFIED
CHILD_START mode=--peer scenario= path=__WORKSPACE__/temporary/p133-pin-proof-5afd547bc4db410eb3292b354c64611a/bc60c5d3-6642-49ef-be53-7295c4a28c83.db encrypted=False
CHILD_RESULT mode=--peer scenario= encrypted=False exit=10
PEER_COMMITTED
TWO_COLD_INDEXED_MODELS_VERIFIED __WORKSPACE__/temporary/p133-pin-proof-5afd547bc4db410eb3292b354c64611a/bc60c5d3-6642-49ef-be53-7295c4a28c83.db
CHILD_START mode=--case scenario=reader-begin-peer path=__WORKSPACE__/temporary/p133-pin-proof-5afd547bc4db410eb3292b354c64611a/4e944d9b-17f2-414b-93c5-1741b1531f1e.db encrypted=False
CHILD_RESULT mode=--case scenario=reader-begin-peer encrypted=False exit=20
CALLBACK_NATIVE_EXCLUSION_VERIFIED
ORDINARY_CALLBACK_DEFAULT_BEGIN_ENTERED reader-begin-peer
DEFAULT_BEGIN_NATIVE_DEPENDENCY_CONFIRMED cachedChildCheckedOut childNativeWaiters>0 localGateAcquired nativeExcluded
CALLBACK_NATIVE_DEPENDENCY_VERIFIED
CHILD_START mode=--peer scenario= path=__WORKSPACE__/temporary/p133-pin-proof-5afd547bc4db410eb3292b354c64611a/4e944d9b-17f2-414b-93c5-1741b1531f1e.db encrypted=False
CHILD_RESULT mode=--peer scenario= encrypted=False exit=10
PEER_COMMITTED
TWO_COLD_INDEXED_MODELS_VERIFIED __WORKSPACE__/temporary/p133-pin-proof-5afd547bc4db410eb3292b354c64611a/4e944d9b-17f2-414b-93c5-1741b1531f1e.db
CHILD_START mode=--control scenario=leased-begin-same path=__WORKSPACE__/temporary/p133-pin-proof-5afd547bc4db410eb3292b354c64611a/afcc0b5d-ed95-4114-bf5c-b00d7d6edc0a.db encrypted=False
CHILD_RESULT mode=--control scenario=leased-begin-same encrypted=False exit=10
LEASED_LOCAL_ANCHOR_CONFIRMED
CHILD_START mode=--peer scenario= path=__WORKSPACE__/temporary/p133-pin-proof-5afd547bc4db410eb3292b354c64611a/afcc0b5d-ed95-4114-bf5c-b00d7d6edc0a.db encrypted=False
CHILD_RESULT mode=--peer scenario= encrypted=False exit=10
PEER_COMMITTED
TWO_COLD_INDEXED_MODELS_VERIFIED __WORKSPACE__/temporary/p133-pin-proof-5afd547bc4db410eb3292b354c64611a/afcc0b5d-ed95-4114-bf5c-b00d7d6edc0a.db
CONTROL_VERIFIED leased-begin-same
CASE_FIXED
CHILD_START mode=--control scenario=leased-begin-peer path=__WORKSPACE__/temporary/p133-pin-proof-5afd547bc4db410eb3292b354c64611a/5ba6a082-3b09-4a93-98ce-112b95f5835f.db encrypted=False
CHILD_RESULT mode=--control scenario=leased-begin-peer encrypted=False exit=10
LEASED_LOCAL_ANCHOR_CONFIRMED
CHILD_START mode=--peer scenario= path=__WORKSPACE__/temporary/p133-pin-proof-5afd547bc4db410eb3292b354c64611a/5ba6a082-3b09-4a93-98ce-112b95f5835f.db encrypted=False
CHILD_RESULT mode=--peer scenario= encrypted=False exit=10
PEER_COMMITTED
TWO_COLD_INDEXED_MODELS_VERIFIED __WORKSPACE__/temporary/p133-pin-proof-5afd547bc4db410eb3292b354c64611a/5ba6a082-3b09-4a93-98ce-112b95f5835f.db
CONTROL_VERIFIED leased-begin-peer
CASE_FIXED
CHILD_START mode=--control scenario=idle-handoff path=__WORKSPACE__/temporary/p133-pin-proof-5afd547bc4db410eb3292b354c64611a/470fb2a2-28c4-4a74-836d-f7a7c7380540.db encrypted=False
CHILD_RESULT mode=--control scenario=idle-handoff encrypted=False exit=10
LEASED_LOCAL_ANCHOR_CONFIRMED
CHILD_START mode=--peer scenario= path=__WORKSPACE__/temporary/p133-pin-proof-5afd547bc4db410eb3292b354c64611a/470fb2a2-28c4-4a74-836d-f7a7c7380540.db encrypted=False
CHILD_RESULT mode=--peer scenario= encrypted=False exit=10
PEER_COMMITTED
TWO_COLD_INDEXED_MODELS_VERIFIED __WORKSPACE__/temporary/p133-pin-proof-5afd547bc4db410eb3292b354c64611a/470fb2a2-28c4-4a74-836d-f7a7c7380540.db
CONTROL_VERIFIED idle-handoff
CASE_FIXED
CHILD_START mode=--case scenario=pin-begin-same path=__WORKSPACE__/temporary/p133-pin-proof-5afd547bc4db410eb3292b354c64611a/5139b326-3fc9-4a41-83bb-daa1621c6db0.db encrypted=True
CHILD_RESULT mode=--case scenario=pin-begin-same encrypted=True exit=20
LEASED_LOCAL_ANCHOR_CONFIRMED
PIN_OPERATION_POSITIVE_HOLDS_ZERO
CALLBACK_NATIVE_EXCLUSION_VERIFIED
ORDINARY_CALLBACK_DEFAULT_BEGIN_ENTERED pin-begin-same
PIN_OPERATION_POSITIVE_HOLDS_ZERO
DEFAULT_BEGIN_NATIVE_DEPENDENCY_CONFIRMED cachedChildCheckedOut childNativeWaiters>0 localGateAcquired nativeExcluded
CALLBACK_NATIVE_DEPENDENCY_VERIFIED
CHILD_START mode=--peer scenario= path=__WORKSPACE__/temporary/p133-pin-proof-5afd547bc4db410eb3292b354c64611a/5139b326-3fc9-4a41-83bb-daa1621c6db0.db encrypted=True
CHILD_RESULT mode=--peer scenario= encrypted=True exit=10
PEER_COMMITTED
TWO_COLD_INDEXED_MODELS_VERIFIED __WORKSPACE__/temporary/p133-pin-proof-5afd547bc4db410eb3292b354c64611a/5139b326-3fc9-4a41-83bb-daa1621c6db0.db
CHILD_START mode=--case scenario=pin-begin-peer path=__WORKSPACE__/temporary/p133-pin-proof-5afd547bc4db410eb3292b354c64611a/6253a499-f0c7-4168-80a7-d60c93e3140f.db encrypted=True
CHILD_RESULT mode=--case scenario=pin-begin-peer encrypted=True exit=20
LEASED_LOCAL_ANCHOR_CONFIRMED
PIN_OPERATION_POSITIVE_HOLDS_ZERO
CALLBACK_NATIVE_EXCLUSION_VERIFIED
ORDINARY_CALLBACK_DEFAULT_BEGIN_ENTERED pin-begin-peer
PIN_OPERATION_POSITIVE_HOLDS_ZERO
DEFAULT_BEGIN_NATIVE_DEPENDENCY_CONFIRMED cachedChildCheckedOut childNativeWaiters>0 localGateAcquired nativeExcluded
CALLBACK_NATIVE_DEPENDENCY_VERIFIED
CHILD_START mode=--peer scenario= path=__WORKSPACE__/temporary/p133-pin-proof-5afd547bc4db410eb3292b354c64611a/6253a499-f0c7-4168-80a7-d60c93e3140f.db encrypted=True
CHILD_RESULT mode=--peer scenario= encrypted=True exit=10
PEER_COMMITTED
TWO_COLD_INDEXED_MODELS_VERIFIED __WORKSPACE__/temporary/p133-pin-proof-5afd547bc4db410eb3292b354c64611a/6253a499-f0c7-4168-80a7-d60c93e3140f.db
CHILD_START mode=--case scenario=reader-begin-same path=__WORKSPACE__/temporary/p133-pin-proof-5afd547bc4db410eb3292b354c64611a/c6dfad81-fdbe-4909-ba70-4900a6fcf787.db encrypted=True
CHILD_RESULT mode=--case scenario=reader-begin-same encrypted=True exit=20
CALLBACK_NATIVE_EXCLUSION_VERIFIED
ORDINARY_CALLBACK_DEFAULT_BEGIN_ENTERED reader-begin-same
DEFAULT_BEGIN_NATIVE_DEPENDENCY_CONFIRMED cachedChildCheckedOut childNativeWaiters>0 localGateAcquired nativeExcluded
CALLBACK_NATIVE_DEPENDENCY_VERIFIED
CHILD_START mode=--peer scenario= path=__WORKSPACE__/temporary/p133-pin-proof-5afd547bc4db410eb3292b354c64611a/c6dfad81-fdbe-4909-ba70-4900a6fcf787.db encrypted=True
CHILD_RESULT mode=--peer scenario= encrypted=True exit=10
PEER_COMMITTED
TWO_COLD_INDEXED_MODELS_VERIFIED __WORKSPACE__/temporary/p133-pin-proof-5afd547bc4db410eb3292b354c64611a/c6dfad81-fdbe-4909-ba70-4900a6fcf787.db
CHILD_START mode=--case scenario=reader-begin-peer path=__WORKSPACE__/temporary/p133-pin-proof-5afd547bc4db410eb3292b354c64611a/0dc4b3e8-f438-4fbf-b5f4-0b328bf2e5fc.db encrypted=True
CHILD_RESULT mode=--case scenario=reader-begin-peer encrypted=True exit=20
CALLBACK_NATIVE_EXCLUSION_VERIFIED
ORDINARY_CALLBACK_DEFAULT_BEGIN_ENTERED reader-begin-peer
DEFAULT_BEGIN_NATIVE_DEPENDENCY_CONFIRMED cachedChildCheckedOut childNativeWaiters>0 localGateAcquired nativeExcluded
CALLBACK_NATIVE_DEPENDENCY_VERIFIED
CHILD_START mode=--peer scenario= path=__WORKSPACE__/temporary/p133-pin-proof-5afd547bc4db410eb3292b354c64611a/0dc4b3e8-f438-4fbf-b5f4-0b328bf2e5fc.db encrypted=True
CHILD_RESULT mode=--peer scenario= encrypted=True exit=10
PEER_COMMITTED
TWO_COLD_INDEXED_MODELS_VERIFIED __WORKSPACE__/temporary/p133-pin-proof-5afd547bc4db410eb3292b354c64611a/0dc4b3e8-f438-4fbf-b5f4-0b328bf2e5fc.db
CHILD_START mode=--control scenario=leased-begin-same path=__WORKSPACE__/temporary/p133-pin-proof-5afd547bc4db410eb3292b354c64611a/a8ed14fe-870a-4ddf-b238-f1e2de1b2385.db encrypted=True
CHILD_RESULT mode=--control scenario=leased-begin-same encrypted=True exit=10
LEASED_LOCAL_ANCHOR_CONFIRMED
CHILD_START mode=--peer scenario= path=__WORKSPACE__/temporary/p133-pin-proof-5afd547bc4db410eb3292b354c64611a/a8ed14fe-870a-4ddf-b238-f1e2de1b2385.db encrypted=True
CHILD_RESULT mode=--peer scenario= encrypted=True exit=10
PEER_COMMITTED
TWO_COLD_INDEXED_MODELS_VERIFIED __WORKSPACE__/temporary/p133-pin-proof-5afd547bc4db410eb3292b354c64611a/a8ed14fe-870a-4ddf-b238-f1e2de1b2385.db
CONTROL_VERIFIED leased-begin-same
CASE_FIXED
CHILD_START mode=--control scenario=leased-begin-peer path=__WORKSPACE__/temporary/p133-pin-proof-5afd547bc4db410eb3292b354c64611a/9ae45f6c-1a2a-4704-92e2-53477f321cfa.db encrypted=True
CHILD_RESULT mode=--control scenario=leased-begin-peer encrypted=True exit=10
LEASED_LOCAL_ANCHOR_CONFIRMED
CHILD_START mode=--peer scenario= path=__WORKSPACE__/temporary/p133-pin-proof-5afd547bc4db410eb3292b354c64611a/9ae45f6c-1a2a-4704-92e2-53477f321cfa.db encrypted=True
CHILD_RESULT mode=--peer scenario= encrypted=True exit=10
PEER_COMMITTED
TWO_COLD_INDEXED_MODELS_VERIFIED __WORKSPACE__/temporary/p133-pin-proof-5afd547bc4db410eb3292b354c64611a/9ae45f6c-1a2a-4704-92e2-53477f321cfa.db
CONTROL_VERIFIED leased-begin-peer
CASE_FIXED
CHILD_START mode=--control scenario=idle-handoff path=__WORKSPACE__/temporary/p133-pin-proof-5afd547bc4db410eb3292b354c64611a/737fc73c-f8b6-476e-a412-06487b5d120a.db encrypted=True
CHILD_RESULT mode=--control scenario=idle-handoff encrypted=True exit=10
LEASED_LOCAL_ANCHOR_CONFIRMED
CHILD_START mode=--peer scenario= path=__WORKSPACE__/temporary/p133-pin-proof-5afd547bc4db410eb3292b354c64611a/737fc73c-f8b6-476e-a412-06487b5d120a.db encrypted=True
CHILD_RESULT mode=--peer scenario= encrypted=True exit=10
PEER_COMMITTED
TWO_COLD_INDEXED_MODELS_VERIFIED __WORKSPACE__/temporary/p133-pin-proof-5afd547bc4db410eb3292b354c64611a/737fc73c-f8b6-476e-a412-06487b5d120a.db
CONTROL_VERIFIED idle-handoff
CASE_FIXED
BUG_REPRODUCED
{"type":"result","timestamp":"2026-09-30T17:16:39.9854312+00:00","text":"Native dependency cases, independent controls and cold models verified.","success":true}
