{"type":"configuration","timestamp":"2026-09-30T17:14:10.2246511+00:00","payload":{"useProjectReference":false,"liteDBPackageVersion":"0.0.0-knownbad.569ba13c3b38"}}
DATABASE_ROOT __WORKSPACE__/temporary/p133-pin-proof-765b15d6735a47b49cd3a5f4eac8ea73
CHILD_START mode=--case scenario=write-commit path=__WORKSPACE__/temporary/p133-pin-proof-765b15d6735a47b49cd3a5f4eac8ea73/2c1c9f89-c01b-4ac7-baa2-5d90b5b1eee8.db encrypted=False
CHILD_RESULT mode=--case scenario=write-commit encrypted=False exit=20
LEASED_LOCAL_ANCHOR_CONFIRMED
LEASED_LOCAL_ANCHOR_CONFIRMED
CALLBACK_NATIVE_EXCLUSION_VERIFIED
PIN_WRITE_CALLBACK_ENTERED
START_PIN_NATIVE_WAIT_CONFIRMED parentWaiters>0 occupiedTurnstile nativeExcluded
CALLBACK_NATIVE_DEPENDENCY_VERIFIED
CHILD_START mode=--peer scenario= path=__WORKSPACE__/temporary/p133-pin-proof-765b15d6735a47b49cd3a5f4eac8ea73/2c1c9f89-c01b-4ac7-baa2-5d90b5b1eee8.db encrypted=False
CHILD_RESULT mode=--peer scenario= encrypted=False exit=10
PEER_COMMITTED
TWO_COLD_INDEXED_MODELS_VERIFIED __WORKSPACE__/temporary/p133-pin-proof-765b15d6735a47b49cd3a5f4eac8ea73/2c1c9f89-c01b-4ac7-baa2-5d90b5b1eee8.db
CHILD_START mode=--case scenario=write-rollback path=__WORKSPACE__/temporary/p133-pin-proof-765b15d6735a47b49cd3a5f4eac8ea73/605b431c-c376-4bb5-b0b3-7fd9ecc0d671.db encrypted=False
CHILD_RESULT mode=--case scenario=write-rollback encrypted=False exit=20
LEASED_LOCAL_ANCHOR_CONFIRMED
LEASED_LOCAL_ANCHOR_CONFIRMED
CALLBACK_NATIVE_EXCLUSION_VERIFIED
PIN_WRITE_CALLBACK_ENTERED
START_PIN_NATIVE_WAIT_CONFIRMED parentWaiters>0 occupiedTurnstile nativeExcluded
CALLBACK_NATIVE_DEPENDENCY_VERIFIED
CHILD_START mode=--peer scenario= path=__WORKSPACE__/temporary/p133-pin-proof-765b15d6735a47b49cd3a5f4eac8ea73/605b431c-c376-4bb5-b0b3-7fd9ecc0d671.db encrypted=False
CHILD_RESULT mode=--peer scenario= encrypted=False exit=10
PEER_COMMITTED
TWO_COLD_INDEXED_MODELS_VERIFIED __WORKSPACE__/temporary/p133-pin-proof-765b15d6735a47b49cd3a5f4eac8ea73/605b431c-c376-4bb5-b0b3-7fd9ecc0d671.db
CHILD_START mode=--control scenario=normal-pin path=__WORKSPACE__/temporary/p133-pin-proof-765b15d6735a47b49cd3a5f4eac8ea73/eb02d471-a41e-4f47-8376-42cb35b35d24.db encrypted=False
CHILD_RESULT mode=--control scenario=normal-pin encrypted=False exit=10
LEASED_LOCAL_ANCHOR_CONFIRMED
PIN_OPERATION_POSITIVE_HOLDS_ZERO
CHILD_START mode=--peer scenario= path=__WORKSPACE__/temporary/p133-pin-proof-765b15d6735a47b49cd3a5f4eac8ea73/eb02d471-a41e-4f47-8376-42cb35b35d24.db encrypted=False
CHILD_RESULT mode=--peer scenario= encrypted=False exit=10
PEER_COMMITTED
TWO_COLD_INDEXED_MODELS_VERIFIED __WORKSPACE__/temporary/p133-pin-proof-765b15d6735a47b49cd3a5f4eac8ea73/eb02d471-a41e-4f47-8376-42cb35b35d24.db
TWO_COLD_INDEXED_MODELS_VERIFIED __WORKSPACE__/temporary/p133-pin-proof-765b15d6735a47b49cd3a5f4eac8ea73/eb02d471-a41e-4f47-8376-42cb35b35d24.db.other
CONTROL_VERIFIED normal-pin
CASE_FIXED
CHILD_START mode=--control scenario=other-database path=__WORKSPACE__/temporary/p133-pin-proof-765b15d6735a47b49cd3a5f4eac8ea73/a352467b-8efc-46c1-a41e-6a7ac5d169d8.db encrypted=False
CHILD_RESULT mode=--control scenario=other-database encrypted=False exit=10
LEASED_LOCAL_ANCHOR_CONFIRMED
LEASED_LOCAL_ANCHOR_CONFIRMED
PIN_OPERATION_POSITIVE_HOLDS_ZERO
CHILD_START mode=--peer scenario= path=__WORKSPACE__/temporary/p133-pin-proof-765b15d6735a47b49cd3a5f4eac8ea73/a352467b-8efc-46c1-a41e-6a7ac5d169d8.db encrypted=False
CHILD_RESULT mode=--peer scenario= encrypted=False exit=10
PEER_COMMITTED
TWO_COLD_INDEXED_MODELS_VERIFIED __WORKSPACE__/temporary/p133-pin-proof-765b15d6735a47b49cd3a5f4eac8ea73/a352467b-8efc-46c1-a41e-6a7ac5d169d8.db
TWO_COLD_INDEXED_MODELS_VERIFIED __WORKSPACE__/temporary/p133-pin-proof-765b15d6735a47b49cd3a5f4eac8ea73/a352467b-8efc-46c1-a41e-6a7ac5d169d8.db.other
CONTROL_VERIFIED other-database
CASE_FIXED
CHILD_START mode=--control scenario=idle-handoff path=__WORKSPACE__/temporary/p133-pin-proof-765b15d6735a47b49cd3a5f4eac8ea73/f2a4d8e7-95e0-4c2d-ab23-7a9995bea1a1.db encrypted=False
CHILD_RESULT mode=--control scenario=idle-handoff encrypted=False exit=10
LEASED_LOCAL_ANCHOR_CONFIRMED
CHILD_START mode=--peer scenario= path=__WORKSPACE__/temporary/p133-pin-proof-765b15d6735a47b49cd3a5f4eac8ea73/f2a4d8e7-95e0-4c2d-ab23-7a9995bea1a1.db encrypted=False
CHILD_RESULT mode=--peer scenario= encrypted=False exit=10
PEER_COMMITTED
TWO_COLD_INDEXED_MODELS_VERIFIED __WORKSPACE__/temporary/p133-pin-proof-765b15d6735a47b49cd3a5f4eac8ea73/f2a4d8e7-95e0-4c2d-ab23-7a9995bea1a1.db
CONTROL_VERIFIED idle-handoff
CASE_FIXED
CHILD_START mode=--control scenario=no-anchor path=__WORKSPACE__/temporary/p133-pin-proof-765b15d6735a47b49cd3a5f4eac8ea73/3099ef2a-7f3c-42c0-aefd-3d9470fe8927.db encrypted=False
CHILD_RESULT mode=--control scenario=no-anchor encrypted=False exit=10
CHILD_START mode=--peer scenario= path=__WORKSPACE__/temporary/p133-pin-proof-765b15d6735a47b49cd3a5f4eac8ea73/3099ef2a-7f3c-42c0-aefd-3d9470fe8927.db encrypted=False
CHILD_RESULT mode=--peer scenario= encrypted=False exit=10
PEER_COMMITTED
TWO_COLD_INDEXED_MODELS_VERIFIED __WORKSPACE__/temporary/p133-pin-proof-765b15d6735a47b49cd3a5f4eac8ea73/3099ef2a-7f3c-42c0-aefd-3d9470fe8927.db
TWO_COLD_INDEXED_MODELS_VERIFIED __WORKSPACE__/temporary/p133-pin-proof-765b15d6735a47b49cd3a5f4eac8ea73/3099ef2a-7f3c-42c0-aefd-3d9470fe8927.db.other
CONTROL_VERIFIED no-anchor
CASE_FIXED
CHILD_START mode=--case scenario=write-commit path=__WORKSPACE__/temporary/p133-pin-proof-765b15d6735a47b49cd3a5f4eac8ea73/486306e8-2508-45de-8c09-658fea9545b7.db encrypted=True
CHILD_RESULT mode=--case scenario=write-commit encrypted=True exit=20
LEASED_LOCAL_ANCHOR_CONFIRMED
LEASED_LOCAL_ANCHOR_CONFIRMED
CALLBACK_NATIVE_EXCLUSION_VERIFIED
PIN_WRITE_CALLBACK_ENTERED
START_PIN_NATIVE_WAIT_CONFIRMED parentWaiters>0 occupiedTurnstile nativeExcluded
CALLBACK_NATIVE_DEPENDENCY_VERIFIED
CHILD_START mode=--peer scenario= path=__WORKSPACE__/temporary/p133-pin-proof-765b15d6735a47b49cd3a5f4eac8ea73/486306e8-2508-45de-8c09-658fea9545b7.db encrypted=True
CHILD_RESULT mode=--peer scenario= encrypted=True exit=10
PEER_COMMITTED
TWO_COLD_INDEXED_MODELS_VERIFIED __WORKSPACE__/temporary/p133-pin-proof-765b15d6735a47b49cd3a5f4eac8ea73/486306e8-2508-45de-8c09-658fea9545b7.db
CHILD_START mode=--case scenario=write-rollback path=__WORKSPACE__/temporary/p133-pin-proof-765b15d6735a47b49cd3a5f4eac8ea73/d4d066a2-5e81-4335-9bd5-316deb71155a.db encrypted=True
CHILD_RESULT mode=--case scenario=write-rollback encrypted=True exit=20
LEASED_LOCAL_ANCHOR_CONFIRMED
LEASED_LOCAL_ANCHOR_CONFIRMED
CALLBACK_NATIVE_EXCLUSION_VERIFIED
PIN_WRITE_CALLBACK_ENTERED
START_PIN_NATIVE_WAIT_CONFIRMED parentWaiters>0 occupiedTurnstile nativeExcluded
CALLBACK_NATIVE_DEPENDENCY_VERIFIED
CHILD_START mode=--peer scenario= path=__WORKSPACE__/temporary/p133-pin-proof-765b15d6735a47b49cd3a5f4eac8ea73/d4d066a2-5e81-4335-9bd5-316deb71155a.db encrypted=True
CHILD_RESULT mode=--peer scenario= encrypted=True exit=10
PEER_COMMITTED
TWO_COLD_INDEXED_MODELS_VERIFIED __WORKSPACE__/temporary/p133-pin-proof-765b15d6735a47b49cd3a5f4eac8ea73/d4d066a2-5e81-4335-9bd5-316deb71155a.db
CHILD_START mode=--control scenario=normal-pin path=__WORKSPACE__/temporary/p133-pin-proof-765b15d6735a47b49cd3a5f4eac8ea73/f6fbfefa-7585-487c-be71-4f2b4ad0e276.db encrypted=True
CHILD_RESULT mode=--control scenario=normal-pin encrypted=True exit=10
LEASED_LOCAL_ANCHOR_CONFIRMED
PIN_OPERATION_POSITIVE_HOLDS_ZERO
CHILD_START mode=--peer scenario= path=__WORKSPACE__/temporary/p133-pin-proof-765b15d6735a47b49cd3a5f4eac8ea73/f6fbfefa-7585-487c-be71-4f2b4ad0e276.db encrypted=True
CHILD_RESULT mode=--peer scenario= encrypted=True exit=10
PEER_COMMITTED
TWO_COLD_INDEXED_MODELS_VERIFIED __WORKSPACE__/temporary/p133-pin-proof-765b15d6735a47b49cd3a5f4eac8ea73/f6fbfefa-7585-487c-be71-4f2b4ad0e276.db
TWO_COLD_INDEXED_MODELS_VERIFIED __WORKSPACE__/temporary/p133-pin-proof-765b15d6735a47b49cd3a5f4eac8ea73/f6fbfefa-7585-487c-be71-4f2b4ad0e276.db.other
CONTROL_VERIFIED normal-pin
CASE_FIXED
CHILD_START mode=--control scenario=other-database path=__WORKSPACE__/temporary/p133-pin-proof-765b15d6735a47b49cd3a5f4eac8ea73/8d46b3ab-4c27-4e12-9cd2-eec9d692d195.db encrypted=True
CHILD_RESULT mode=--control scenario=other-database encrypted=True exit=10
LEASED_LOCAL_ANCHOR_CONFIRMED
LEASED_LOCAL_ANCHOR_CONFIRMED
PIN_OPERATION_POSITIVE_HOLDS_ZERO
CHILD_START mode=--peer scenario= path=__WORKSPACE__/temporary/p133-pin-proof-765b15d6735a47b49cd3a5f4eac8ea73/8d46b3ab-4c27-4e12-9cd2-eec9d692d195.db encrypted=True
CHILD_RESULT mode=--peer scenario= encrypted=True exit=10
PEER_COMMITTED
TWO_COLD_INDEXED_MODELS_VERIFIED __WORKSPACE__/temporary/p133-pin-proof-765b15d6735a47b49cd3a5f4eac8ea73/8d46b3ab-4c27-4e12-9cd2-eec9d692d195.db
TWO_COLD_INDEXED_MODELS_VERIFIED __WORKSPACE__/temporary/p133-pin-proof-765b15d6735a47b49cd3a5f4eac8ea73/8d46b3ab-4c27-4e12-9cd2-eec9d692d195.db.other
CONTROL_VERIFIED other-database
CASE_FIXED
CHILD_START mode=--control scenario=idle-handoff path=__WORKSPACE__/temporary/p133-pin-proof-765b15d6735a47b49cd3a5f4eac8ea73/3df1fdba-9ace-43fe-809b-b1dd73ad41dc.db encrypted=True
CHILD_RESULT mode=--control scenario=idle-handoff encrypted=True exit=10
LEASED_LOCAL_ANCHOR_CONFIRMED
CHILD_START mode=--peer scenario= path=__WORKSPACE__/temporary/p133-pin-proof-765b15d6735a47b49cd3a5f4eac8ea73/3df1fdba-9ace-43fe-809b-b1dd73ad41dc.db encrypted=True
CHILD_RESULT mode=--peer scenario= encrypted=True exit=10
PEER_COMMITTED
TWO_COLD_INDEXED_MODELS_VERIFIED __WORKSPACE__/temporary/p133-pin-proof-765b15d6735a47b49cd3a5f4eac8ea73/3df1fdba-9ace-43fe-809b-b1dd73ad41dc.db
CONTROL_VERIFIED idle-handoff
CASE_FIXED
CHILD_START mode=--control scenario=no-anchor path=__WORKSPACE__/temporary/p133-pin-proof-765b15d6735a47b49cd3a5f4eac8ea73/b03e62c0-67f2-452c-8877-2a4c3572d486.db encrypted=True
CHILD_RESULT mode=--control scenario=no-anchor encrypted=True exit=10
CHILD_START mode=--peer scenario= path=__WORKSPACE__/temporary/p133-pin-proof-765b15d6735a47b49cd3a5f4eac8ea73/b03e62c0-67f2-452c-8877-2a4c3572d486.db encrypted=True
CHILD_RESULT mode=--peer scenario= encrypted=True exit=10
PEER_COMMITTED
TWO_COLD_INDEXED_MODELS_VERIFIED __WORKSPACE__/temporary/p133-pin-proof-765b15d6735a47b49cd3a5f4eac8ea73/b03e62c0-67f2-452c-8877-2a4c3572d486.db
TWO_COLD_INDEXED_MODELS_VERIFIED __WORKSPACE__/temporary/p133-pin-proof-765b15d6735a47b49cd3a5f4eac8ea73/b03e62c0-67f2-452c-8877-2a4c3572d486.db.other
CONTROL_VERIFIED no-anchor
CASE_FIXED
BUG_REPRODUCED
{"type":"result","timestamp":"2026-09-30T17:14:24.189199+00:00","text":"Native dependency cases, independent controls and cold models verified.","success":true}
