{"type":"configuration","timestamp":"2026-09-30T16:59:26.8837307+00:00","payload":{"useProjectReference":false,"liteDBPackageVersion":"0.0.0-knownbad.569ba13c3b38"}}
DATABASE_ROOT __WORKSPACE__/temporary/p133-pin-proof-8b0440ccc99e4555bf25d2a3abc89152
CHILD_START mode=--case scenario=write-commit path=__WORKSPACE__/temporary/p133-pin-proof-8b0440ccc99e4555bf25d2a3abc89152/bb79548e-c384-4a9e-a2b6-3d409b4ba8b3.db encrypted=False
CHILD_RESULT mode=--case scenario=write-commit encrypted=False exit=20
LEASED_LOCAL_ANCHOR_CONFIRMED
LEASED_LOCAL_ANCHOR_CONFIRMED
PIN_WRITE_CALLBACK_ENTERED
START_PIN_NATIVE_WAIT_CONFIRMED parentWaiters>0 occupiedTurnstile nativeExcluded
CALLBACK_NATIVE_DEPENDENCY_VERIFIED
CHILD_START mode=--peer scenario= path=__WORKSPACE__/temporary/p133-pin-proof-8b0440ccc99e4555bf25d2a3abc89152/bb79548e-c384-4a9e-a2b6-3d409b4ba8b3.db encrypted=False
CHILD_RESULT mode=--peer scenario= encrypted=False exit=10
PEER_COMMITTED
TWO_COLD_INDEXED_MODELS_VERIFIED __WORKSPACE__/temporary/p133-pin-proof-8b0440ccc99e4555bf25d2a3abc89152/bb79548e-c384-4a9e-a2b6-3d409b4ba8b3.db
CHILD_START mode=--case scenario=write-rollback path=__WORKSPACE__/temporary/p133-pin-proof-8b0440ccc99e4555bf25d2a3abc89152/61bda629-a387-489e-8566-4cd5d22af0da.db encrypted=False
CHILD_RESULT mode=--case scenario=write-rollback encrypted=False exit=20
LEASED_LOCAL_ANCHOR_CONFIRMED
LEASED_LOCAL_ANCHOR_CONFIRMED
PIN_WRITE_CALLBACK_ENTERED
START_PIN_NATIVE_WAIT_CONFIRMED parentWaiters>0 occupiedTurnstile nativeExcluded
CALLBACK_NATIVE_DEPENDENCY_VERIFIED
CHILD_START mode=--peer scenario= path=__WORKSPACE__/temporary/p133-pin-proof-8b0440ccc99e4555bf25d2a3abc89152/61bda629-a387-489e-8566-4cd5d22af0da.db encrypted=False
CHILD_RESULT mode=--peer scenario= encrypted=False exit=10
PEER_COMMITTED
TWO_COLD_INDEXED_MODELS_VERIFIED __WORKSPACE__/temporary/p133-pin-proof-8b0440ccc99e4555bf25d2a3abc89152/61bda629-a387-489e-8566-4cd5d22af0da.db
CHILD_START mode=--control scenario=normal-pin path=__WORKSPACE__/temporary/p133-pin-proof-8b0440ccc99e4555bf25d2a3abc89152/3dc73965-a44e-4a29-a60b-e6ee6e45bf8e.db encrypted=False
CHILD_RESULT mode=--control scenario=normal-pin encrypted=False exit=10
LEASED_LOCAL_ANCHOR_CONFIRMED
PIN_OPERATION_POSITIVE_HOLDS_ZERO
CHILD_START mode=--peer scenario= path=__WORKSPACE__/temporary/p133-pin-proof-8b0440ccc99e4555bf25d2a3abc89152/3dc73965-a44e-4a29-a60b-e6ee6e45bf8e.db encrypted=False
CHILD_RESULT mode=--peer scenario= encrypted=False exit=10
PEER_COMMITTED
TWO_COLD_INDEXED_MODELS_VERIFIED __WORKSPACE__/temporary/p133-pin-proof-8b0440ccc99e4555bf25d2a3abc89152/3dc73965-a44e-4a29-a60b-e6ee6e45bf8e.db
TWO_COLD_INDEXED_MODELS_VERIFIED __WORKSPACE__/temporary/p133-pin-proof-8b0440ccc99e4555bf25d2a3abc89152/3dc73965-a44e-4a29-a60b-e6ee6e45bf8e.db.other
CONTROL_VERIFIED normal-pin
CASE_FIXED
CHILD_START mode=--control scenario=other-database path=__WORKSPACE__/temporary/p133-pin-proof-8b0440ccc99e4555bf25d2a3abc89152/0d023d2c-466a-426d-b279-e01b82633fc1.db encrypted=False
CHILD_RESULT mode=--control scenario=other-database encrypted=False exit=10
LEASED_LOCAL_ANCHOR_CONFIRMED
CHILD_START mode=--peer scenario= path=__WORKSPACE__/temporary/p133-pin-proof-8b0440ccc99e4555bf25d2a3abc89152/0d023d2c-466a-426d-b279-e01b82633fc1.db encrypted=False
CHILD_RESULT mode=--peer scenario= encrypted=False exit=10
PEER_COMMITTED
TWO_COLD_INDEXED_MODELS_VERIFIED __WORKSPACE__/temporary/p133-pin-proof-8b0440ccc99e4555bf25d2a3abc89152/0d023d2c-466a-426d-b279-e01b82633fc1.db
TWO_COLD_INDEXED_MODELS_VERIFIED __WORKSPACE__/temporary/p133-pin-proof-8b0440ccc99e4555bf25d2a3abc89152/0d023d2c-466a-426d-b279-e01b82633fc1.db.other
CONTROL_VERIFIED other-database
CASE_FIXED
CHILD_START mode=--control scenario=idle-handoff path=__WORKSPACE__/temporary/p133-pin-proof-8b0440ccc99e4555bf25d2a3abc89152/4a646cb5-ea62-41f2-a451-c23726af7a45.db encrypted=False
CHILD_RESULT mode=--control scenario=idle-handoff encrypted=False exit=10
LEASED_LOCAL_ANCHOR_CONFIRMED
CHILD_START mode=--peer scenario= path=__WORKSPACE__/temporary/p133-pin-proof-8b0440ccc99e4555bf25d2a3abc89152/4a646cb5-ea62-41f2-a451-c23726af7a45.db encrypted=False
CHILD_RESULT mode=--peer scenario= encrypted=False exit=10
PEER_COMMITTED
TWO_COLD_INDEXED_MODELS_VERIFIED __WORKSPACE__/temporary/p133-pin-proof-8b0440ccc99e4555bf25d2a3abc89152/4a646cb5-ea62-41f2-a451-c23726af7a45.db
CONTROL_VERIFIED idle-handoff
CASE_FIXED
CHILD_START mode=--control scenario=no-anchor path=__WORKSPACE__/temporary/p133-pin-proof-8b0440ccc99e4555bf25d2a3abc89152/2853f25b-0ba2-43fa-9f53-fb50a9c05605.db encrypted=False
CHILD_RESULT mode=--control scenario=no-anchor encrypted=False exit=10
CHILD_START mode=--peer scenario= path=__WORKSPACE__/temporary/p133-pin-proof-8b0440ccc99e4555bf25d2a3abc89152/2853f25b-0ba2-43fa-9f53-fb50a9c05605.db encrypted=False
CHILD_RESULT mode=--peer scenario= encrypted=False exit=10
PEER_COMMITTED
TWO_COLD_INDEXED_MODELS_VERIFIED __WORKSPACE__/temporary/p133-pin-proof-8b0440ccc99e4555bf25d2a3abc89152/2853f25b-0ba2-43fa-9f53-fb50a9c05605.db
TWO_COLD_INDEXED_MODELS_VERIFIED __WORKSPACE__/temporary/p133-pin-proof-8b0440ccc99e4555bf25d2a3abc89152/2853f25b-0ba2-43fa-9f53-fb50a9c05605.db.other
CONTROL_VERIFIED no-anchor
CASE_FIXED
CHILD_START mode=--case scenario=write-commit path=__WORKSPACE__/temporary/p133-pin-proof-8b0440ccc99e4555bf25d2a3abc89152/c98c0bea-a26b-456a-9387-22de4968f2aa.db encrypted=True
CHILD_RESULT mode=--case scenario=write-commit encrypted=True exit=20
LEASED_LOCAL_ANCHOR_CONFIRMED
LEASED_LOCAL_ANCHOR_CONFIRMED
PIN_WRITE_CALLBACK_ENTERED
START_PIN_NATIVE_WAIT_CONFIRMED parentWaiters>0 occupiedTurnstile nativeExcluded
CALLBACK_NATIVE_DEPENDENCY_VERIFIED
CHILD_START mode=--peer scenario= path=__WORKSPACE__/temporary/p133-pin-proof-8b0440ccc99e4555bf25d2a3abc89152/c98c0bea-a26b-456a-9387-22de4968f2aa.db encrypted=True
CHILD_RESULT mode=--peer scenario= encrypted=True exit=10
PEER_COMMITTED
TWO_COLD_INDEXED_MODELS_VERIFIED __WORKSPACE__/temporary/p133-pin-proof-8b0440ccc99e4555bf25d2a3abc89152/c98c0bea-a26b-456a-9387-22de4968f2aa.db
CHILD_START mode=--case scenario=write-rollback path=__WORKSPACE__/temporary/p133-pin-proof-8b0440ccc99e4555bf25d2a3abc89152/5e0f308d-b947-4dbb-93dd-1492d5451e12.db encrypted=True
CHILD_RESULT mode=--case scenario=write-rollback encrypted=True exit=20
LEASED_LOCAL_ANCHOR_CONFIRMED
LEASED_LOCAL_ANCHOR_CONFIRMED
PIN_WRITE_CALLBACK_ENTERED
START_PIN_NATIVE_WAIT_CONFIRMED parentWaiters>0 occupiedTurnstile nativeExcluded
CALLBACK_NATIVE_DEPENDENCY_VERIFIED
CHILD_START mode=--peer scenario= path=__WORKSPACE__/temporary/p133-pin-proof-8b0440ccc99e4555bf25d2a3abc89152/5e0f308d-b947-4dbb-93dd-1492d5451e12.db encrypted=True
CHILD_RESULT mode=--peer scenario= encrypted=True exit=10
PEER_COMMITTED
TWO_COLD_INDEXED_MODELS_VERIFIED __WORKSPACE__/temporary/p133-pin-proof-8b0440ccc99e4555bf25d2a3abc89152/5e0f308d-b947-4dbb-93dd-1492d5451e12.db
CHILD_START mode=--control scenario=normal-pin path=__WORKSPACE__/temporary/p133-pin-proof-8b0440ccc99e4555bf25d2a3abc89152/caea5866-7e97-4bbd-8295-9dd21893f00c.db encrypted=True
CHILD_RESULT mode=--control scenario=normal-pin encrypted=True exit=10
LEASED_LOCAL_ANCHOR_CONFIRMED
PIN_OPERATION_POSITIVE_HOLDS_ZERO
CHILD_START mode=--peer scenario= path=__WORKSPACE__/temporary/p133-pin-proof-8b0440ccc99e4555bf25d2a3abc89152/caea5866-7e97-4bbd-8295-9dd21893f00c.db encrypted=True
CHILD_RESULT mode=--peer scenario= encrypted=True exit=10
PEER_COMMITTED
TWO_COLD_INDEXED_MODELS_VERIFIED __WORKSPACE__/temporary/p133-pin-proof-8b0440ccc99e4555bf25d2a3abc89152/caea5866-7e97-4bbd-8295-9dd21893f00c.db
TWO_COLD_INDEXED_MODELS_VERIFIED __WORKSPACE__/temporary/p133-pin-proof-8b0440ccc99e4555bf25d2a3abc89152/caea5866-7e97-4bbd-8295-9dd21893f00c.db.other
CONTROL_VERIFIED normal-pin
CASE_FIXED
CHILD_START mode=--control scenario=other-database path=__WORKSPACE__/temporary/p133-pin-proof-8b0440ccc99e4555bf25d2a3abc89152/4ac608c9-d02e-4e9d-8163-a110ab4fc9f5.db encrypted=True
CHILD_RESULT mode=--control scenario=other-database encrypted=True exit=10
LEASED_LOCAL_ANCHOR_CONFIRMED
CHILD_START mode=--peer scenario= path=__WORKSPACE__/temporary/p133-pin-proof-8b0440ccc99e4555bf25d2a3abc89152/4ac608c9-d02e-4e9d-8163-a110ab4fc9f5.db encrypted=True
CHILD_RESULT mode=--peer scenario= encrypted=True exit=10
PEER_COMMITTED
TWO_COLD_INDEXED_MODELS_VERIFIED __WORKSPACE__/temporary/p133-pin-proof-8b0440ccc99e4555bf25d2a3abc89152/4ac608c9-d02e-4e9d-8163-a110ab4fc9f5.db
TWO_COLD_INDEXED_MODELS_VERIFIED __WORKSPACE__/temporary/p133-pin-proof-8b0440ccc99e4555bf25d2a3abc89152/4ac608c9-d02e-4e9d-8163-a110ab4fc9f5.db.other
CONTROL_VERIFIED other-database
CASE_FIXED
CHILD_START mode=--control scenario=idle-handoff path=__WORKSPACE__/temporary/p133-pin-proof-8b0440ccc99e4555bf25d2a3abc89152/02b504a2-9b90-44b7-b49a-f1bdbab18275.db encrypted=True
CHILD_RESULT mode=--control scenario=idle-handoff encrypted=True exit=10
LEASED_LOCAL_ANCHOR_CONFIRMED
CHILD_START mode=--peer scenario= path=__WORKSPACE__/temporary/p133-pin-proof-8b0440ccc99e4555bf25d2a3abc89152/02b504a2-9b90-44b7-b49a-f1bdbab18275.db encrypted=True
CHILD_RESULT mode=--peer scenario= encrypted=True exit=10
PEER_COMMITTED
TWO_COLD_INDEXED_MODELS_VERIFIED __WORKSPACE__/temporary/p133-pin-proof-8b0440ccc99e4555bf25d2a3abc89152/02b504a2-9b90-44b7-b49a-f1bdbab18275.db
CONTROL_VERIFIED idle-handoff
CASE_FIXED
CHILD_START mode=--control scenario=no-anchor path=__WORKSPACE__/temporary/p133-pin-proof-8b0440ccc99e4555bf25d2a3abc89152/70ac6c87-5208-4577-b33d-601fd9459ba1.db encrypted=True
CHILD_RESULT mode=--control scenario=no-anchor encrypted=True exit=10
CHILD_START mode=--peer scenario= path=__WORKSPACE__/temporary/p133-pin-proof-8b0440ccc99e4555bf25d2a3abc89152/70ac6c87-5208-4577-b33d-601fd9459ba1.db encrypted=True
CHILD_RESULT mode=--peer scenario= encrypted=True exit=10
PEER_COMMITTED
TWO_COLD_INDEXED_MODELS_VERIFIED __WORKSPACE__/temporary/p133-pin-proof-8b0440ccc99e4555bf25d2a3abc89152/70ac6c87-5208-4577-b33d-601fd9459ba1.db
TWO_COLD_INDEXED_MODELS_VERIFIED __WORKSPACE__/temporary/p133-pin-proof-8b0440ccc99e4555bf25d2a3abc89152/70ac6c87-5208-4577-b33d-601fd9459ba1.db.other
CONTROL_VERIFIED no-anchor
CASE_FIXED
BUG_REPRODUCED
{"type":"result","timestamp":"2026-09-30T16:59:40.5983117+00:00","text":"Native dependency cases, independent controls and cold models verified.","success":true}
