{"type":"configuration","timestamp":"2026-09-30T19:01:30.2709103+00:00","payload":{"useProjectReference":true,"liteDBPackageVersion":"0.0.0-knownbad.569ba13c3b38"}}
DATABASE_ROOT __WORKSPACE__/temporary/p133-pin-proof-5258fa852b134fe4a31b2679d1c5009b
CHILD_START mode=--case scenario=write-commit path=__WORKSPACE__/temporary/p133-pin-proof-5258fa852b134fe4a31b2679d1c5009b/ae4324ca-d830-45fb-8dba-20117483851f.db encrypted=False
CHILD_RESULT mode=--case scenario=write-commit encrypted=False exit=10
LEASED_LOCAL_ANCHOR_CONFIRMED
LEASED_LOCAL_ANCHOR_CONFIRMED
CALLBACK_NATIVE_EXCLUSION_VERIFIED
PIN_WRITE_CALLBACK_ENTERED
CALLBACK_NATIVE_EXCLUSION_VERIFIED
CASE_FIXED
CHILD_START mode=--peer scenario= path=__WORKSPACE__/temporary/p133-pin-proof-5258fa852b134fe4a31b2679d1c5009b/ae4324ca-d830-45fb-8dba-20117483851f.db encrypted=False
CHILD_RESULT mode=--peer scenario= encrypted=False exit=10
PEER_COMMITTED
TWO_COLD_INDEXED_MODELS_VERIFIED __WORKSPACE__/temporary/p133-pin-proof-5258fa852b134fe4a31b2679d1c5009b/ae4324ca-d830-45fb-8dba-20117483851f.db
CHILD_START mode=--case scenario=write-rollback path=__WORKSPACE__/temporary/p133-pin-proof-5258fa852b134fe4a31b2679d1c5009b/5266032f-9643-45e1-852a-b9df0e40e160.db encrypted=False
CHILD_RESULT mode=--case scenario=write-rollback encrypted=False exit=10
LEASED_LOCAL_ANCHOR_CONFIRMED
LEASED_LOCAL_ANCHOR_CONFIRMED
CALLBACK_NATIVE_EXCLUSION_VERIFIED
PIN_WRITE_CALLBACK_ENTERED
CALLBACK_NATIVE_EXCLUSION_VERIFIED
CASE_FIXED
CHILD_START mode=--peer scenario= path=__WORKSPACE__/temporary/p133-pin-proof-5258fa852b134fe4a31b2679d1c5009b/5266032f-9643-45e1-852a-b9df0e40e160.db encrypted=False
CHILD_RESULT mode=--peer scenario= encrypted=False exit=10
PEER_COMMITTED
TWO_COLD_INDEXED_MODELS_VERIFIED __WORKSPACE__/temporary/p133-pin-proof-5258fa852b134fe4a31b2679d1c5009b/5266032f-9643-45e1-852a-b9df0e40e160.db
CHILD_START mode=--control scenario=normal-pin path=__WORKSPACE__/temporary/p133-pin-proof-5258fa852b134fe4a31b2679d1c5009b/21abcd51-9d9b-4315-9ef6-65ab276628e4.db encrypted=False
CHILD_RESULT mode=--control scenario=normal-pin encrypted=False exit=10
LEASED_LOCAL_ANCHOR_CONFIRMED
PIN_OPERATION_POSITIVE_HOLDS_ZERO
CHILD_START mode=--peer scenario= path=__WORKSPACE__/temporary/p133-pin-proof-5258fa852b134fe4a31b2679d1c5009b/21abcd51-9d9b-4315-9ef6-65ab276628e4.db encrypted=False
CHILD_RESULT mode=--peer scenario= encrypted=False exit=10
PEER_COMMITTED
TWO_COLD_INDEXED_MODELS_VERIFIED __WORKSPACE__/temporary/p133-pin-proof-5258fa852b134fe4a31b2679d1c5009b/21abcd51-9d9b-4315-9ef6-65ab276628e4.db
TWO_COLD_INDEXED_MODELS_VERIFIED __WORKSPACE__/temporary/p133-pin-proof-5258fa852b134fe4a31b2679d1c5009b/21abcd51-9d9b-4315-9ef6-65ab276628e4.db.other
CONTROL_VERIFIED normal-pin
CASE_FIXED
CHILD_START mode=--control scenario=other-database path=__WORKSPACE__/temporary/p133-pin-proof-5258fa852b134fe4a31b2679d1c5009b/47a17439-6cfa-4d9d-bf45-0d0db1c1632b.db encrypted=False
CHILD_RESULT mode=--control scenario=other-database encrypted=False exit=10
LEASED_LOCAL_ANCHOR_CONFIRMED
LEASED_LOCAL_ANCHOR_CONFIRMED
PIN_OPERATION_POSITIVE_HOLDS_ZERO
CHILD_START mode=--peer scenario= path=__WORKSPACE__/temporary/p133-pin-proof-5258fa852b134fe4a31b2679d1c5009b/47a17439-6cfa-4d9d-bf45-0d0db1c1632b.db encrypted=False
CHILD_RESULT mode=--peer scenario= encrypted=False exit=10
PEER_COMMITTED
TWO_COLD_INDEXED_MODELS_VERIFIED __WORKSPACE__/temporary/p133-pin-proof-5258fa852b134fe4a31b2679d1c5009b/47a17439-6cfa-4d9d-bf45-0d0db1c1632b.db
TWO_COLD_INDEXED_MODELS_VERIFIED __WORKSPACE__/temporary/p133-pin-proof-5258fa852b134fe4a31b2679d1c5009b/47a17439-6cfa-4d9d-bf45-0d0db1c1632b.db.other
CONTROL_VERIFIED other-database
CASE_FIXED
CHILD_START mode=--control scenario=idle-handoff path=__WORKSPACE__/temporary/p133-pin-proof-5258fa852b134fe4a31b2679d1c5009b/6274548a-c94c-4188-a280-c55b1acdb9d1.db encrypted=False
CHILD_RESULT mode=--control scenario=idle-handoff encrypted=False exit=10
LEASED_LOCAL_ANCHOR_CONFIRMED
CHILD_START mode=--peer scenario= path=__WORKSPACE__/temporary/p133-pin-proof-5258fa852b134fe4a31b2679d1c5009b/6274548a-c94c-4188-a280-c55b1acdb9d1.db encrypted=False
CHILD_RESULT mode=--peer scenario= encrypted=False exit=10
PEER_COMMITTED
TWO_COLD_INDEXED_MODELS_VERIFIED __WORKSPACE__/temporary/p133-pin-proof-5258fa852b134fe4a31b2679d1c5009b/6274548a-c94c-4188-a280-c55b1acdb9d1.db
CONTROL_VERIFIED idle-handoff
CASE_FIXED
CHILD_START mode=--control scenario=no-anchor path=__WORKSPACE__/temporary/p133-pin-proof-5258fa852b134fe4a31b2679d1c5009b/9c10e81c-7654-4f0d-a23c-5290bdbab79a.db encrypted=False
CHILD_RESULT mode=--control scenario=no-anchor encrypted=False exit=10
CHILD_START mode=--peer scenario= path=__WORKSPACE__/temporary/p133-pin-proof-5258fa852b134fe4a31b2679d1c5009b/9c10e81c-7654-4f0d-a23c-5290bdbab79a.db encrypted=False
CHILD_RESULT mode=--peer scenario= encrypted=False exit=10
PEER_COMMITTED
TWO_COLD_INDEXED_MODELS_VERIFIED __WORKSPACE__/temporary/p133-pin-proof-5258fa852b134fe4a31b2679d1c5009b/9c10e81c-7654-4f0d-a23c-5290bdbab79a.db
TWO_COLD_INDEXED_MODELS_VERIFIED __WORKSPACE__/temporary/p133-pin-proof-5258fa852b134fe4a31b2679d1c5009b/9c10e81c-7654-4f0d-a23c-5290bdbab79a.db.other
CONTROL_VERIFIED no-anchor
CASE_FIXED
CHILD_START mode=--case scenario=write-commit path=__WORKSPACE__/temporary/p133-pin-proof-5258fa852b134fe4a31b2679d1c5009b/2e7bf51f-e00f-46a4-92eb-504f42c3d986.db encrypted=True
CHILD_RESULT mode=--case scenario=write-commit encrypted=True exit=10
LEASED_LOCAL_ANCHOR_CONFIRMED
LEASED_LOCAL_ANCHOR_CONFIRMED
CALLBACK_NATIVE_EXCLUSION_VERIFIED
PIN_WRITE_CALLBACK_ENTERED
CALLBACK_NATIVE_EXCLUSION_VERIFIED
CASE_FIXED
CHILD_START mode=--peer scenario= path=__WORKSPACE__/temporary/p133-pin-proof-5258fa852b134fe4a31b2679d1c5009b/2e7bf51f-e00f-46a4-92eb-504f42c3d986.db encrypted=True
CHILD_RESULT mode=--peer scenario= encrypted=True exit=10
PEER_COMMITTED
TWO_COLD_INDEXED_MODELS_VERIFIED __WORKSPACE__/temporary/p133-pin-proof-5258fa852b134fe4a31b2679d1c5009b/2e7bf51f-e00f-46a4-92eb-504f42c3d986.db
CHILD_START mode=--case scenario=write-rollback path=__WORKSPACE__/temporary/p133-pin-proof-5258fa852b134fe4a31b2679d1c5009b/0120f577-1e85-44bc-96b2-f867a1565099.db encrypted=True
CHILD_RESULT mode=--case scenario=write-rollback encrypted=True exit=10
LEASED_LOCAL_ANCHOR_CONFIRMED
LEASED_LOCAL_ANCHOR_CONFIRMED
CALLBACK_NATIVE_EXCLUSION_VERIFIED
PIN_WRITE_CALLBACK_ENTERED
CALLBACK_NATIVE_EXCLUSION_VERIFIED
CASE_FIXED
CHILD_START mode=--peer scenario= path=__WORKSPACE__/temporary/p133-pin-proof-5258fa852b134fe4a31b2679d1c5009b/0120f577-1e85-44bc-96b2-f867a1565099.db encrypted=True
CHILD_RESULT mode=--peer scenario= encrypted=True exit=10
PEER_COMMITTED
TWO_COLD_INDEXED_MODELS_VERIFIED __WORKSPACE__/temporary/p133-pin-proof-5258fa852b134fe4a31b2679d1c5009b/0120f577-1e85-44bc-96b2-f867a1565099.db
CHILD_START mode=--control scenario=normal-pin path=__WORKSPACE__/temporary/p133-pin-proof-5258fa852b134fe4a31b2679d1c5009b/638a46ba-a5be-4f66-9b0d-24ff800b82a7.db encrypted=True
CHILD_RESULT mode=--control scenario=normal-pin encrypted=True exit=10
LEASED_LOCAL_ANCHOR_CONFIRMED
PIN_OPERATION_POSITIVE_HOLDS_ZERO
CHILD_START mode=--peer scenario= path=__WORKSPACE__/temporary/p133-pin-proof-5258fa852b134fe4a31b2679d1c5009b/638a46ba-a5be-4f66-9b0d-24ff800b82a7.db encrypted=True
CHILD_RESULT mode=--peer scenario= encrypted=True exit=10
PEER_COMMITTED
TWO_COLD_INDEXED_MODELS_VERIFIED __WORKSPACE__/temporary/p133-pin-proof-5258fa852b134fe4a31b2679d1c5009b/638a46ba-a5be-4f66-9b0d-24ff800b82a7.db
TWO_COLD_INDEXED_MODELS_VERIFIED __WORKSPACE__/temporary/p133-pin-proof-5258fa852b134fe4a31b2679d1c5009b/638a46ba-a5be-4f66-9b0d-24ff800b82a7.db.other
CONTROL_VERIFIED normal-pin
CASE_FIXED
CHILD_START mode=--control scenario=other-database path=__WORKSPACE__/temporary/p133-pin-proof-5258fa852b134fe4a31b2679d1c5009b/492b6103-c626-4009-8c3c-7a9d5e28129e.db encrypted=True
CHILD_RESULT mode=--control scenario=other-database encrypted=True exit=10
LEASED_LOCAL_ANCHOR_CONFIRMED
LEASED_LOCAL_ANCHOR_CONFIRMED
PIN_OPERATION_POSITIVE_HOLDS_ZERO
CHILD_START mode=--peer scenario= path=__WORKSPACE__/temporary/p133-pin-proof-5258fa852b134fe4a31b2679d1c5009b/492b6103-c626-4009-8c3c-7a9d5e28129e.db encrypted=True
CHILD_RESULT mode=--peer scenario= encrypted=True exit=10
PEER_COMMITTED
TWO_COLD_INDEXED_MODELS_VERIFIED __WORKSPACE__/temporary/p133-pin-proof-5258fa852b134fe4a31b2679d1c5009b/492b6103-c626-4009-8c3c-7a9d5e28129e.db
TWO_COLD_INDEXED_MODELS_VERIFIED __WORKSPACE__/temporary/p133-pin-proof-5258fa852b134fe4a31b2679d1c5009b/492b6103-c626-4009-8c3c-7a9d5e28129e.db.other
CONTROL_VERIFIED other-database
CASE_FIXED
CHILD_START mode=--control scenario=idle-handoff path=__WORKSPACE__/temporary/p133-pin-proof-5258fa852b134fe4a31b2679d1c5009b/1f74a4be-1405-4789-a9a6-bba978b07a4b.db encrypted=True
CHILD_RESULT mode=--control scenario=idle-handoff encrypted=True exit=10
LEASED_LOCAL_ANCHOR_CONFIRMED
CHILD_START mode=--peer scenario= path=__WORKSPACE__/temporary/p133-pin-proof-5258fa852b134fe4a31b2679d1c5009b/1f74a4be-1405-4789-a9a6-bba978b07a4b.db encrypted=True
CHILD_RESULT mode=--peer scenario= encrypted=True exit=10
PEER_COMMITTED
TWO_COLD_INDEXED_MODELS_VERIFIED __WORKSPACE__/temporary/p133-pin-proof-5258fa852b134fe4a31b2679d1c5009b/1f74a4be-1405-4789-a9a6-bba978b07a4b.db
CONTROL_VERIFIED idle-handoff
CASE_FIXED
CHILD_START mode=--control scenario=no-anchor path=__WORKSPACE__/temporary/p133-pin-proof-5258fa852b134fe4a31b2679d1c5009b/8e38eba1-4bb6-428c-a0bd-3dfe966b3c0c.db encrypted=True
CHILD_RESULT mode=--control scenario=no-anchor encrypted=True exit=10
CHILD_START mode=--peer scenario= path=__WORKSPACE__/temporary/p133-pin-proof-5258fa852b134fe4a31b2679d1c5009b/8e38eba1-4bb6-428c-a0bd-3dfe966b3c0c.db encrypted=True
CHILD_RESULT mode=--peer scenario= encrypted=True exit=10
PEER_COMMITTED
TWO_COLD_INDEXED_MODELS_VERIFIED __WORKSPACE__/temporary/p133-pin-proof-5258fa852b134fe4a31b2679d1c5009b/8e38eba1-4bb6-428c-a0bd-3dfe966b3c0c.db
TWO_COLD_INDEXED_MODELS_VERIFIED __WORKSPACE__/temporary/p133-pin-proof-5258fa852b134fe4a31b2679d1c5009b/8e38eba1-4bb6-428c-a0bd-3dfe966b3c0c.db.other
CONTROL_VERIFIED no-anchor
CASE_FIXED
VERIFIED_FIXED
{"type":"result","timestamp":"2026-09-30T19:01:39.5072698+00:00","text":"Native dependency cases, independent controls and cold models verified.","success":false}
