startup 10 prestack shared point 0 0.2103 p99 0.5869
startup 10 baseline shared point 0 0.4103 p99 0.8533
startup 10 candidate shared point 0 0.2367 p99 0.7603
startup 10 prestack shared scan 0 8.3592 p99 11.2362
startup 10 baseline shared scan 0 10.4847 p99 13.4072
startup 10 candidate shared scan 0 8.7476 p99 13.6874
startup 8 prestack shared point 0 0.2329 p99 0.6762
startup 8 baseline shared point 0 0.4522 p99 0.9511
startup 8 candidate shared point 0 0.2254 p99 0.6983
startup 8 prestack shared scan 0 8.4518 p99 11.5004
startup 8 baseline shared scan 0 11.5389 p99 14.0911
startup 8 candidate shared scan 0 8.1369 p99 11.3803
startup 8 candidate shared point 1 0.2380 p99 0.7043
startup 8 baseline shared point 1 0.4503 p99 0.9425
startup 8 prestack shared point 1 0.2421 p99 0.6881
startup 8 candidate shared scan 1 8.6055 p99 10.8901
startup 8 baseline shared scan 1 10.7930 p99 13.6897
startup 8 prestack shared scan 1 8.4257 p99 10.3250
startup 10 candidate shared point 1 0.2227 p99 0.6004
startup 10 baseline shared point 1 0.4218 p99 0.8614
startup 10 prestack shared point 1 0.2114 p99 0.5805
startup 10 candidate shared scan 1 8.4051 p99 10.7670
startup 10 baseline shared scan 1 10.7790 p99 12.4783
startup 10 prestack shared scan 1 8.2688 p99 11.7887
startup 10 prestack shared point 2 0.2059 p99 0.5802
startup 10 baseline shared point 2 0.4152 p99 0.8414
startup 10 candidate shared point 2 0.2193 p99 0.6019
startup 10 prestack shared scan 2 8.1578 p99 10.7092
startup 10 baseline shared scan 2 10.6275 p99 14.2730
startup 10 candidate shared scan 2 8.4372 p99 11.9755
startup 8 prestack shared point 2 0.2417 p99 0.8014
startup 8 baseline shared point 2 0.4576 p99 0.9468
startup 8 candidate shared point 2 0.2401 p99 0.7246
startup 8 prestack shared scan 2 7.8982 p99 11.2655
startup 8 baseline shared scan 2 10.5279 p99 13.0672
startup 8 candidate shared scan 2 9.1687 p99 13.8441
steady 10 prestack shared point 0 0.0917 p99 0.4041
steady 10 baseline shared point 0 0.1683 p99 0.5159
steady 10 candidate shared point 0 0.1076 p99 0.4513
steady 10 prestack shared scan 0 2.4122 p99 5.9141
steady 10 baseline shared scan 0 2.8061 p99 4.2295
steady 10 candidate shared scan 0 2.3927 p99 5.4412
steady 10 prestack shared mixed 0 1.1920 p99 10.5838
steady 10 baseline shared mixed 0 1.0630 p99 5.8987
steady 10 candidate shared mixed 0 0.9038 p99 5.7040
steady 8 prestack shared point 0 0.1210 p99 0.5220
steady 8 baseline shared point 0 0.2044 p99 0.6119
steady 8 candidate shared point 0 0.1159 p99 0.5295
steady 8 prestack shared scan 0 2.7032 p99 5.6568
steady 8 baseline shared scan 0 3.3187 p99 5.5779
steady 8 candidate shared scan 0 2.8582 p99 5.9436
steady 8 prestack shared mixed 0 1.3251 p99 11.5678
steady 8 baseline shared mixed 0 1.0886 p99 5.9420
steady 8 candidate shared mixed 0 0.9289 p99 5.9873
steady 8 candidate shared point 1 0.1106 p99 0.5245
steady 8 baseline shared point 1 0.2082 p99 0.6098
steady 8 prestack shared point 1 0.1200 p99 0.5165
steady 8 candidate shared scan 1 2.9194 p99 5.9290
steady 8 baseline shared scan 1 3.2835 p99 6.0784
steady 8 prestack shared scan 1 2.8411 p99 5.6548
steady 8 candidate shared mixed 1 0.9518 p99 6.2918
steady 8 baseline shared mixed 1 1.0418 p99 6.2869
steady 8 prestack shared mixed 1 1.2521 p99 10.7118
steady 10 candidate shared point 1 0.1080 p99 0.4557
steady 10 baseline shared point 1 0.1656 p99 0.5207
steady 10 prestack shared point 1 0.0977 p99 0.4128
steady 10 candidate shared scan 1 2.4494 p99 5.4444
steady 10 baseline shared scan 1 2.7330 p99 3.2706
steady 10 prestack shared scan 1 2.4571 p99 5.2955
steady 10 candidate shared mixed 1 0.9201 p99 5.7110
steady 10 baseline shared mixed 1 1.0191 p99 5.7916
steady 10 prestack shared mixed 1 1.2014 p99 10.6037
steady 10 prestack shared point 2 0.0979 p99 0.4224
steady 10 baseline shared point 2 0.1635 p99 0.5069
steady 10 candidate shared point 2 0.1045 p99 0.4402
steady 10 prestack shared scan 2 2.4509 p99 5.2285
steady 10 baseline shared scan 2 2.9501 p99 5.0308
steady 10 candidate shared scan 2 2.4432 p99 5.2794
steady 10 prestack shared mixed 2 1.1923 p99 10.5975
steady 10 baseline shared mixed 2 1.0057 p99 5.8865
steady 10 candidate shared mixed 2 0.9638 p99 5.7322
steady 8 prestack shared point 2 0.1183 p99 0.5041
steady 8 baseline shared point 2 0.2157 p99 0.6442
steady 8 candidate shared point 2 0.1147 p99 0.5320
steady 8 prestack shared scan 2 2.7810 p99 5.5756
steady 8 baseline shared scan 2 3.3013 p99 5.5558
steady 8 candidate shared scan 2 2.8595 p99 5.8241
steady 8 prestack shared mixed 2 1.2149 p99 10.6236
steady 8 baseline shared mixed 2 1.0538 p99 5.8406
steady 8 candidate shared mixed 2 0.9363 p99 5.9175
steady 10 baseline direct scan 0 1.4878 p99 2.6693
steady 10 candidate direct scan 0 1.2052 p99 1.5250
steady 8 baseline direct scan 0 1.8337 p99 3.3161
steady 8 candidate direct scan 0 1.4422 p99 1.8348
steady 10 candidate direct scan 1 1.2755 p99 1.5945
steady 10 baseline direct scan 1 1.3906 p99 1.8141
steady 8 candidate direct scan 1 1.4961 p99 2.4794
steady 8 baseline direct scan 1 1.7380 p99 2.6234
steady 10 baseline direct scan 2 1.3759 p99 1.5293
steady 10 candidate direct scan 2 1.2998 p99 2.3257
steady 8 baseline direct scan 2 1.7129 p99 2.2505
steady 8 candidate direct scan 2 1.5691 p99 2.6259
All correctness, production-identity and final-WAL checks passed.
