upstream-direct-ordinary-read-1-0-0-dev: 94537.5 ops/s, verified
upstream-direct-ordinary-read-1-0-1-parent: 89528.2 ops/s, verified
upstream-direct-ordinary-read-1-0-2-final: 81146.2 ops/s, verified
upstream-direct-ordinary-read-1-1-0-final: 83368.4 ops/s, verified
upstream-direct-ordinary-read-1-1-1-parent: 86312.8 ops/s, verified
upstream-direct-ordinary-read-1-1-2-dev: 94911.4 ops/s, verified
upstream-direct-ordinary-read-1-2-0-dev: 89319.2 ops/s, verified
upstream-direct-ordinary-read-1-2-1-parent: 87307.8 ops/s, verified
upstream-direct-ordinary-read-1-2-2-final: 75885.2 ops/s, verified
upstream-direct-ordinary-read-1-3-0-final: 83896.4 ops/s, verified
upstream-direct-ordinary-read-1-3-1-parent: 90962.5 ops/s, verified
upstream-direct-ordinary-read-1-3-2-dev: 95510.3 ops/s, verified
upstream-direct-legacy-read-1-0-0-dev: 93294.7 ops/s, verified
upstream-direct-legacy-read-1-0-1-parent: 85212.3 ops/s, verified
upstream-direct-legacy-read-1-0-2-final: 75015.9 ops/s, verified
upstream-direct-legacy-read-1-1-0-final: 73290.9 ops/s, verified
upstream-direct-legacy-read-1-1-1-parent: 88877.7 ops/s, verified
upstream-direct-legacy-read-1-1-2-dev: 92429.7 ops/s, verified
upstream-direct-legacy-read-1-2-0-dev: 94540.8 ops/s, verified
upstream-direct-legacy-read-1-2-1-parent: 86496.0 ops/s, verified
upstream-direct-legacy-read-1-2-2-final: 70436.0 ops/s, verified
upstream-direct-legacy-read-1-3-0-final: 73464.4 ops/s, verified
upstream-direct-legacy-read-1-3-1-parent: 87623.5 ops/s, verified
upstream-direct-legacy-read-1-3-2-dev: 97938.1 ops/s, verified
upstream-direct-ordinary-open-1-0-0-dev: 7049.3 ops/s, verified
upstream-direct-ordinary-open-1-0-1-parent: 16349.7 ops/s, verified
upstream-direct-ordinary-open-1-0-2-final: 10762.7 ops/s, verified
upstream-direct-ordinary-open-1-1-0-final: 11037.5 ops/s, verified
upstream-direct-ordinary-open-1-1-1-parent: 17019.9 ops/s, verified
upstream-direct-ordinary-open-1-1-2-dev: 7222.3 ops/s, verified
upstream-direct-ordinary-open-1-2-0-dev: 7216.0 ops/s, verified
upstream-direct-ordinary-open-1-2-1-parent: 16771.8 ops/s, verified
upstream-direct-ordinary-open-1-2-2-final: 11121.4 ops/s, verified
upstream-direct-ordinary-open-1-3-0-final: 11051.4 ops/s, verified
upstream-direct-ordinary-open-1-3-1-parent: 17064.6 ops/s, verified
upstream-direct-ordinary-open-1-3-2-dev: 7060.2 ops/s, verified
upstream-shared-ordinary-read-1-0-0-dev: 49486.9 ops/s, verified
upstream-shared-ordinary-read-1-0-1-parent: 47864.1 ops/s, verified
upstream-shared-ordinary-read-1-0-2-final: 46823.0 ops/s, verified
upstream-shared-ordinary-read-1-1-0-final: 46399.2 ops/s, verified
upstream-shared-ordinary-read-1-1-1-parent: 52371.3 ops/s, verified
upstream-shared-ordinary-read-1-1-2-dev: 51330.4 ops/s, verified
upstream-shared-ordinary-read-1-2-0-dev: 49536.6 ops/s, verified
upstream-shared-ordinary-read-1-2-1-parent: 51777.7 ops/s, verified
upstream-shared-ordinary-read-1-2-2-final: 45720.4 ops/s, verified
upstream-shared-ordinary-read-1-3-0-final: 43706.6 ops/s, verified
upstream-shared-ordinary-read-1-3-1-parent: 50859.5 ops/s, verified
upstream-shared-ordinary-read-1-3-2-dev: 52350.4 ops/s, verified
upstream-shared-legacy-read-1-0-0-dev: 8532.8 ops/s, verified
upstream-shared-legacy-read-1-0-1-parent: 7922.3 ops/s, verified
upstream-shared-legacy-read-1-0-2-final: 7652.2 ops/s, verified
upstream-shared-legacy-read-1-1-0-final: 7880.2 ops/s, verified
upstream-shared-legacy-read-1-1-1-parent: 7831.0 ops/s, verified
upstream-shared-legacy-read-1-1-2-dev: 8237.9 ops/s, verified
upstream-shared-legacy-read-1-2-0-dev: 8342.7 ops/s, verified
upstream-shared-legacy-read-1-2-1-parent: 8029.5 ops/s, verified
upstream-shared-legacy-read-1-2-2-final: 7674.4 ops/s, verified
upstream-shared-legacy-read-1-3-0-final: 7666.1 ops/s, verified
upstream-shared-legacy-read-1-3-1-parent: 7978.9 ops/s, verified
upstream-shared-legacy-read-1-3-2-dev: 8517.9 ops/s, verified
