<?xml version="1.0" encoding="utf-8"?>
<TestRun id="deed1b01-b04b-4f24-824d-b81e82c564a6" name="@dev-build-server 2026-09-30 10:12:47" xmlns="http://microsoft.com/schemas/VisualStudio/TeamTest/2010">
  <Times creation="2026-09-30T10:12:47.6023473+00:00" queuing="2026-09-30T10:12:47.6023474+00:00" start="2026-09-30T10:12:45.7760290+00:00" finish="2026-09-30T10:12:53.7029598+00:00" />
  <TestSettings name="default" id="455a1d5f-0b7d-41d1-8e91-3e085a9201fa">
    <Deployment runDeploymentRoot="_dev-build-server_2026-09-30_10_12_47" />
  </TestSettings>
  <Results>
    <UnitTestResult executionId="0561eb35-9536-4605-8e3c-abd1f2b10abb" testId="d3085df6-a0c4-91e6-1159-a259966f8d33" testName="LiteDB.Tests.Engine.TransactionHandleRawEngine_Tests.Raw_engine_reentry_from_mapping_or_bulk_input_cannot_complete_the_handle(bulk: True)" computerName="dev-build-server" duration="00:00:00.0858051" startTime="2026-09-30T10:12:52.8149875+00:00" endTime="2026-09-30T10:12:52.8149876+00:00" testType="13cdc9d9-ddb5-4fa4-a97d-d965ccfc6d4b" outcome="Passed" testListId="8c84fa94-04c1-424b-9868-57a2d4851a1d" relativeResultsDirectory="0561eb35-9536-4605-8e3c-abd1f2b10abb" />
    <UnitTestResult executionId="f3382e9a-2555-4823-9643-5680fa03566e" testId="45eed039-82e7-8a7d-2bc9-04262fdcbd82" testName="LiteDB.Tests.Internals.TransactionCompletion_Tests.Non_io_completion_failure_closes_engine_and_releases_transactions(phase: &quot;commit&quot;)" computerName="dev-build-server" duration="00:00:00.0065754" startTime="2026-09-30T10:12:52.5833377+00:00" endTime="2026-09-30T10:12:52.5833378+00:00" testType="13cdc9d9-ddb5-4fa4-a97d-d965ccfc6d4b" outcome="Passed" testListId="8c84fa94-04c1-424b-9868-57a2d4851a1d" relativeResultsDirectory="f3382e9a-2555-4823-9643-5680fa03566e" />
    <UnitTestResult executionId="2b856e5e-eae8-4e28-9de8-ea8bb76ff115" testId="6aaf13f1-943d-8ff4-7303-a455d7470dbb" testName="LiteDB.Tests.Engine.TransactionHandleMaintenanceProgress_Tests.Raw_close_interrupts_collection_waiter_and_cold_reopen_keeps_only_committed_rows" computerName="dev-build-server" duration="00:00:00.1276057" startTime="2026-09-30T10:12:52.0620962+00:00" endTime="2026-09-30T10:12:52.0620964+00:00" testType="13cdc9d9-ddb5-4fa4-a97d-d965ccfc6d4b" outcome="Passed" testListId="8c84fa94-04c1-424b-9868-57a2d4851a1d" relativeResultsDirectory="2b856e5e-eae8-4e28-9de8-ea8bb76ff115" />
    <UnitTestResult executionId="3638a5e1-b7ea-416f-aea3-ec4ef2dab66b" testId="02ed9e58-5f48-e12f-822e-e2d10bcf607c" testName="LiteDB.Tests.Internals.TransactionCompletion_Tests.Non_io_completion_failure_closes_engine_and_releases_transactions(phase: &quot;automatic rollback&quot;)" computerName="dev-build-server" duration="00:00:00.0018078" startTime="2026-09-30T10:12:52.5875315+00:00" endTime="2026-09-30T10:12:52.5875319+00:00" testType="13cdc9d9-ddb5-4fa4-a97d-d965ccfc6d4b" outcome="Passed" testListId="8c84fa94-04c1-424b-9868-57a2d4851a1d" relativeResultsDirectory="3638a5e1-b7ea-416f-aea3-ec4ef2dab66b" />
    <UnitTestResult executionId="b3f7d6cf-7919-4c11-950b-a2b094cf1635" testId="5c2d1e42-6b2f-a723-d817-6a729c359616" testName="LiteDB.Tests.Engine.TransactionHandleRawCloseDependency_Tests.Close_wakes_fresh_work_already_waiting_behind_rebuild" computerName="dev-build-server" duration="00:00:00.0036452" startTime="2026-09-30T10:12:52.9520646+00:00" endTime="2026-09-30T10:12:52.9520647+00:00" testType="13cdc9d9-ddb5-4fa4-a97d-d965ccfc6d4b" outcome="Passed" testListId="8c84fa94-04c1-424b-9868-57a2d4851a1d" relativeResultsDirectory="b3f7d6cf-7919-4c11-950b-a2b094cf1635" />
    <UnitTestResult executionId="d26943df-c6bc-4027-9c04-9d409a8638aa" testId="874817e1-daa1-dc9e-1429-4b2367529f20" testName="LiteDB.Tests.Engine.TransactionHandleRawEngine_Tests.Raw_engine_reentry_from_mapping_or_bulk_input_cannot_complete_the_handle(bulk: False)" computerName="dev-build-server" duration="00:00:00.0473069" startTime="2026-09-30T10:12:52.8624545+00:00" endTime="2026-09-30T10:12:52.8624547+00:00" testType="13cdc9d9-ddb5-4fa4-a97d-d965ccfc6d4b" outcome="Passed" testListId="8c84fa94-04c1-424b-9868-57a2d4851a1d" relativeResultsDirectory="d26943df-c6bc-4027-9c04-9d409a8638aa" />
    <UnitTestResult executionId="28593de1-8a43-4fab-8b85-72c06f479203" testId="a9f94c9c-df7c-a46b-3e01-d88045041766" testName="LiteDB.Tests.Engine.TransactionHandleRawCloseDependency_Tests.Raw_close_rejects_fresh_callback_dependency_before_draining_callback" computerName="dev-build-server" duration="00:00:00.0484643" startTime="2026-09-30T10:12:52.9475386+00:00" endTime="2026-09-30T10:12:52.9475387+00:00" testType="13cdc9d9-ddb5-4fa4-a97d-d965ccfc6d4b" outcome="Passed" testListId="8c84fa94-04c1-424b-9868-57a2d4851a1d" relativeResultsDirectory="28593de1-8a43-4fab-8b85-72c06f479203" />
    <UnitTestResult executionId="182a4e68-5442-4e11-9117-a60b0519365c" testId="11b2e334-b859-59b1-8a69-fa6da2fbe837" testName="LiteDB.Tests.Engine.TransactionHandleMaintenanceProgress_Tests.Rebuild_drains_existing_transaction_or_foreign_cursor_before_new_work(cursor: False)" computerName="dev-build-server" duration="00:00:00.1196458" startTime="2026-09-30T10:12:51.6272116+00:00" endTime="2026-09-30T10:12:51.6272117+00:00" testType="13cdc9d9-ddb5-4fa4-a97d-d965ccfc6d4b" outcome="Passed" testListId="8c84fa94-04c1-424b-9868-57a2d4851a1d" relativeResultsDirectory="182a4e68-5442-4e11-9117-a60b0519365c" />
    <UnitTestResult executionId="bf1d7943-6ea3-435c-8884-683548602a9c" testId="e3e3c0a3-8f94-8ee6-f0cc-4cfec9dbbee7" testName="LiteDB.Tests.Engine.CompactBsonRebuild_Tests.Bson_rebuild_persists_v11_without_schemas_and_reopens_without_conversion(password: &quot;secret&quot;, connectionType: Shared)" computerName="dev-build-server" duration="00:00:02.1126820" startTime="2026-09-30T10:12:49.4733959+00:00" endTime="2026-09-30T10:12:49.4733960+00:00" testType="13cdc9d9-ddb5-4fa4-a97d-d965ccfc6d4b" outcome="Passed" testListId="8c84fa94-04c1-424b-9868-57a2d4851a1d" relativeResultsDirectory="bf1d7943-6ea3-435c-8884-683548602a9c" />
    <UnitTestResult executionId="be53826f-ca85-4f58-b0f2-12821cd0182e" testId="eeef286e-a9fd-b001-3ecd-5269d96f8b69" testName="LiteDB.Tests.Engine.CompactBsonRebuild_Tests.Bson_rebuild_persists_v11_without_schemas_and_reopens_without_conversion(password: null, connectionType: Shared)" computerName="dev-build-server" duration="00:00:01.7368182" startTime="2026-09-30T10:12:51.2113943+00:00" endTime="2026-09-30T10:12:51.2113943+00:00" testType="13cdc9d9-ddb5-4fa4-a97d-d965ccfc6d4b" outcome="Passed" testListId="8c84fa94-04c1-424b-9868-57a2d4851a1d" relativeResultsDirectory="be53826f-ca85-4f58-b0f2-12821cd0182e" />
    <UnitTestResult executionId="2b8a0219-6072-4a75-8be1-d2f0c97454fd" testId="d3ebc0cf-5bf8-1eac-c098-1613c2b6c784" testName="LiteDB.Tests.Engine.TransactionHandleMaintenanceProgress_Tests.Rebuild_drains_existing_transaction_or_foreign_cursor_before_new_work(cursor: True)" computerName="dev-build-server" duration="00:00:00.0984638" startTime="2026-09-30T10:12:51.7266183+00:00" endTime="2026-09-30T10:12:51.7266184+00:00" testType="13cdc9d9-ddb5-4fa4-a97d-d965ccfc6d4b" outcome="Passed" testListId="8c84fa94-04c1-424b-9868-57a2d4851a1d" relativeResultsDirectory="2b8a0219-6072-4a75-8be1-d2f0c97454fd" />
    <UnitTestResult executionId="1ebe4cce-11b4-4c01-aeee-c8cde63e6271" testId="487d4fd2-c961-2c79-3f3b-2d6161da051f" testName="LiteDB.Tests.Internals.TransactionCompletion_Tests.Non_io_completion_failure_closes_engine_and_releases_transactions(phase: &quot;rollback&quot;)" computerName="dev-build-server" duration="00:00:00.0022172" startTime="2026-09-30T10:12:52.5856453+00:00" endTime="2026-09-30T10:12:52.5856454+00:00" testType="13cdc9d9-ddb5-4fa4-a97d-d965ccfc6d4b" outcome="Passed" testListId="8c84fa94-04c1-424b-9868-57a2d4851a1d" relativeResultsDirectory="1ebe4cce-11b4-4c01-aeee-c8cde63e6271" />
    <UnitTestResult executionId="4c86fa9e-71d7-4d74-939b-6be7f02fcd82" testId="520cef8f-67ad-0265-d5e8-c018193adeb2" testName="LiteDB.Tests.Engine.TransactionHandleMaintenanceProgress_Tests.Waiting_maintenance_holds_new_operations_but_allows_nested_completion" computerName="dev-build-server" duration="00:00:00.0026156" startTime="2026-09-30T10:12:51.9302218+00:00" endTime="2026-09-30T10:12:51.9302219+00:00" testType="13cdc9d9-ddb5-4fa4-a97d-d965ccfc6d4b" outcome="Passed" testListId="8c84fa94-04c1-424b-9868-57a2d4851a1d" relativeResultsDirectory="4c86fa9e-71d7-4d74-939b-6be7f02fcd82" />
    <UnitTestResult executionId="6edf7046-c176-4623-848e-0d50e58fe5d9" testId="7daca40e-c525-2645-e240-235c8c52a853" testName="LiteDB.Tests.Engine.TransactionHandleMaintenanceProgress_Tests.Maintenance_progresses_under_sustained_ordinary_reads(close: False)" computerName="dev-build-server" duration="00:00:00.1383475" startTime="2026-09-30T10:12:51.8658285+00:00" endTime="2026-09-30T10:12:51.8658286+00:00" testType="13cdc9d9-ddb5-4fa4-a97d-d965ccfc6d4b" outcome="Passed" testListId="8c84fa94-04c1-424b-9868-57a2d4851a1d" relativeResultsDirectory="6edf7046-c176-4623-848e-0d50e58fe5d9" />
    <UnitTestResult executionId="49675b48-4714-467a-8369-a83079d2ed6c" testId="1f0a28db-df18-20a2-6911-96851a597ba7" testName="LiteDB.Tests.Engine.Rebuild_Tests.Rebuild_After_DropCollection" computerName="dev-build-server" duration="00:00:00.1767521" startTime="2026-09-30T10:12:53.6177692+00:00" endTime="2026-09-30T10:12:53.6177693+00:00" testType="13cdc9d9-ddb5-4fa4-a97d-d965ccfc6d4b" outcome="Passed" testListId="8c84fa94-04c1-424b-9868-57a2d4851a1d" relativeResultsDirectory="49675b48-4714-467a-8369-a83079d2ed6c" />
    <UnitTestResult executionId="f14c9592-5f3d-4fca-95ba-12b518adadb8" testId="2a6b9491-2d77-89c4-8858-56216c762c09" testName="LiteDB.Tests.Engine.CompactBsonRebuild_Tests.Bson_rebuild_persists_v11_without_schemas_and_reopens_without_conversion(password: null, connectionType: Direct)" computerName="dev-build-server" duration="00:00:00.3619925" startTime="2026-09-30T10:12:47.3582146+00:00" endTime="2026-09-30T10:12:47.3582279+00:00" testType="13cdc9d9-ddb5-4fa4-a97d-d965ccfc6d4b" outcome="Passed" testListId="8c84fa94-04c1-424b-9868-57a2d4851a1d" relativeResultsDirectory="f14c9592-5f3d-4fca-95ba-12b518adadb8" />
    <UnitTestResult executionId="a4bcbf15-b49b-4268-96eb-7f9b3511357f" testId="448bb9c1-c865-e426-85bb-022b708ca15d" testName="LiteDB.Tests.Engine.TransactionHandleRawEngine_Tests.Uncaught_raw_reentry_aborts_statement_and_cannot_escape_to_autocommit" computerName="dev-build-server" duration="00:00:00.0357701" startTime="2026-09-30T10:12:52.8984009+00:00" endTime="2026-09-30T10:12:52.8984010+00:00" testType="13cdc9d9-ddb5-4fa4-a97d-d965ccfc6d4b" outcome="Passed" testListId="8c84fa94-04c1-424b-9868-57a2d4851a1d" relativeResultsDirectory="a4bcbf15-b49b-4268-96eb-7f9b3511357f" />
    <UnitTestResult executionId="9b4a9b9d-773d-4b45-b802-d47dc895fa6d" testId="bdcc9e08-355f-8360-74d6-0c72a34c615d" testName="LiteDB.Tests.Engine.CompactBsonRebuild_Tests.Bson_rebuild_persists_v11_without_schemas_and_reopens_without_conversion(password: &quot;secret&quot;, connectionType: Direct)" computerName="dev-build-server" duration="00:00:00.2915228" startTime="2026-09-30T10:12:51.5034554+00:00" endTime="2026-09-30T10:12:51.5034555+00:00" testType="13cdc9d9-ddb5-4fa4-a97d-d965ccfc6d4b" outcome="Passed" testListId="8c84fa94-04c1-424b-9868-57a2d4851a1d" relativeResultsDirectory="9b4a9b9d-773d-4b45-b802-d47dc895fa6d" />
    <UnitTestResult executionId="36a313b2-aeef-4062-94bc-2532b368e120" testId="7f28f74f-281b-a6cb-6452-19ace6e69673" testName="LiteDB.Tests.Engine.Rebuild_Tests.Rebuild_Sql_Without_Options_Keeps_Password_Collation_And_Data" computerName="dev-build-server" duration="00:00:00.2193289" startTime="2026-09-30T10:12:53.1717257+00:00" endTime="2026-09-30T10:12:53.1717258+00:00" testType="13cdc9d9-ddb5-4fa4-a97d-d965ccfc6d4b" outcome="Passed" testListId="8c84fa94-04c1-424b-9868-57a2d4851a1d" relativeResultsDirectory="36a313b2-aeef-4062-94bc-2532b368e120" />
    <UnitTestResult executionId="842cbab1-8003-40f2-9f6e-b4f0575c2c81" testId="b9bb7c44-86c9-84c1-5e61-b61a15284d6b" testName="LiteDB.Tests.Internals.TransactionCompletion_Tests.Later_concurrent_failures_preserve_the_first_fatal_cause" computerName="dev-build-server" duration="00:00:00.0054514" startTime="2026-09-30T10:12:52.5766533+00:00" endTime="2026-09-30T10:12:52.5766533+00:00" testType="13cdc9d9-ddb5-4fa4-a97d-d965ccfc6d4b" outcome="Passed" testListId="8c84fa94-04c1-424b-9868-57a2d4851a1d" relativeResultsDirectory="842cbab1-8003-40f2-9f6e-b4f0575c2c81" />
    <UnitTestResult executionId="c1bf3090-f44f-4d9b-b837-7fdb02575d3e" testId="5f169ea3-5f84-7fdf-078f-203a09fad39e" testName="LiteDB.Tests.Engine.TransactionHandleMaintenanceProgress_Tests.Close_waiter_does_not_interrupt_the_current_maintenance_generation" computerName="dev-build-server" duration="00:00:00.0036701" startTime="2026-09-30T10:12:51.9343664+00:00" endTime="2026-09-30T10:12:51.9343664+00:00" testType="13cdc9d9-ddb5-4fa4-a97d-d965ccfc6d4b" outcome="Passed" testListId="8c84fa94-04c1-424b-9868-57a2d4851a1d" relativeResultsDirectory="c1bf3090-f44f-4d9b-b837-7fdb02575d3e" />
    <UnitTestResult executionId="a5dbdf27-77bc-47be-9623-4f64b43f0004" testId="76ca5ad2-1fc9-ab70-4f61-b5ca4dcbfeaf" testName="LiteDB.Tests.Engine.Rebuild_Tests.Rebuild_Change_Culture_Error" computerName="dev-build-server" duration="00:00:00.0010000" startTime="2026-09-30T10:12:53.4408199+00:00" endTime="2026-09-30T10:12:53.4408199+00:00" testType="13cdc9d9-ddb5-4fa4-a97d-d965ccfc6d4b" outcome="NotExecuted" testListId="8c84fa94-04c1-424b-9868-57a2d4851a1d" relativeResultsDirectory="a5dbdf27-77bc-47be-9623-4f64b43f0004">
      <Output>
        <ErrorInfo>
          <Message>Not supported yet: rebuilding 'ana'/'ANA' from en-US/None to en-US/IgnoreCase throws LiteException 'Cannot insert duplicate key in unique index '_id'' from RebuildContent instead of recording the collision in _rebuild_errors and keeping en-US/None.</Message>
        </ErrorInfo>
      </Output>
    </UnitTestResult>
    <UnitTestResult executionId="7d58f148-8497-416f-91de-193b68726cee" testId="98b7529b-6a39-f6dc-15db-9a6389da00d9" testName="LiteDB.Tests.Engine.TransactionHandleMaintenanceProgress_Tests.Maintenance_progresses_under_sustained_ordinary_reads(close: True)" computerName="dev-build-server" duration="00:00:00.0614039" startTime="2026-09-30T10:12:51.9274230+00:00" endTime="2026-09-30T10:12:51.9274231+00:00" testType="13cdc9d9-ddb5-4fa4-a97d-d965ccfc6d4b" outcome="Passed" testListId="8c84fa94-04c1-424b-9868-57a2d4851a1d" relativeResultsDirectory="7d58f148-8497-416f-91de-193b68726cee" />
    <UnitTestResult executionId="c4a586a5-c91c-4200-b2b1-234c4c71d80c" testId="ea3bfaaa-fe5c-a7dd-5468-24d19c527e98" testName="LiteDB.Tests.Engine.TransactionHandleReaderOperation_Tests.Source_advancement_retains_operation_through_second_row_transform" computerName="dev-build-server" duration="00:00:00.1407121" startTime="2026-09-30T10:12:52.7288775+00:00" endTime="2026-09-30T10:12:52.7288775+00:00" testType="13cdc9d9-ddb5-4fa4-a97d-d965ccfc6d4b" outcome="Passed" testListId="8c84fa94-04c1-424b-9868-57a2d4851a1d" relativeResultsDirectory="c4a586a5-c91c-4200-b2b1-234c4c71d80c" />
    <UnitTestResult executionId="caa52975-edbf-4207-967c-e03c823b2748" testId="450bfb9d-ca18-438e-cf17-5e1ff615ebea" testName="LiteDB.Tests.Engine.Rebuild_Tests.Rebuild_Large_Files" computerName="dev-build-server" duration="00:00:00.2675153" startTime="2026-09-30T10:12:53.4394605+00:00" endTime="2026-09-30T10:12:53.4394605+00:00" testType="13cdc9d9-ddb5-4fa4-a97d-d965ccfc6d4b" outcome="Passed" testListId="8c84fa94-04c1-424b-9868-57a2d4851a1d" relativeResultsDirectory="caa52975-edbf-4207-967c-e03c823b2748" />
    <UnitTestResult executionId="f3df17bd-5b59-416f-9f18-02c16da36bf8" testId="a335c5d8-bc50-e795-bd00-06d360ed336c" testName="LiteDB.Tests.Engine.TransactionHandleMaintenanceProgress_Tests.Maintenance_timeout_removes_pending_admission_and_reader_can_retry" computerName="dev-build-server" duration="00:00:00.5060577" startTime="2026-09-30T10:12:52.5686682+00:00" endTime="2026-09-30T10:12:52.5686683+00:00" testType="13cdc9d9-ddb5-4fa4-a97d-d965ccfc6d4b" outcome="Passed" testListId="8c84fa94-04c1-424b-9868-57a2d4851a1d" relativeResultsDirectory="f3df17bd-5b59-416f-9f18-02c16da36bf8" />
  </Results>
  <TestDefinitions>
    <UnitTest name="LiteDB.Tests.Engine.TransactionHandleMaintenanceProgress_Tests.Close_waiter_does_not_interrupt_the_current_maintenance_generation" storage="__WORKSPACE__/temporary/pr133-maintenance-followup/litedb.tests/bin/release/net8.0/litedb.tests.dll" id="5f169ea3-5f84-7fdf-078f-203a09fad39e">
      <Execution id="c1bf3090-f44f-4d9b-b837-7fdb02575d3e" />
      <TestMethod codeBase="__WORKSPACE__/temporary/pr133-maintenance-followup/LiteDB.Tests/bin/Release/net8.0/LiteDB.Tests.dll" adapterTypeName="executor://xunit/VsTestRunner2/netcoreapp" className="LiteDB.Tests.Engine.TransactionHandleMaintenanceProgress_Tests" name="Close_waiter_does_not_interrupt_the_current_maintenance_generation" />
    </UnitTest>
    <UnitTest name="LiteDB.Tests.Engine.TransactionHandleRawEngine_Tests.Raw_engine_reentry_from_mapping_or_bulk_input_cannot_complete_the_handle(bulk: True)" storage="__WORKSPACE__/temporary/pr133-maintenance-followup/litedb.tests/bin/release/net8.0/litedb.tests.dll" id="d3085df6-a0c4-91e6-1159-a259966f8d33">
      <Execution id="0561eb35-9536-4605-8e3c-abd1f2b10abb" />
      <TestMethod codeBase="__WORKSPACE__/temporary/pr133-maintenance-followup/LiteDB.Tests/bin/Release/net8.0/LiteDB.Tests.dll" adapterTypeName="executor://xunit/VsTestRunner2/netcoreapp" className="LiteDB.Tests.Engine.TransactionHandleRawEngine_Tests" name="Raw_engine_reentry_from_mapping_or_bulk_input_cannot_complete_the_handle" />
    </UnitTest>
    <UnitTest name="LiteDB.Tests.Engine.CompactBsonRebuild_Tests.Bson_rebuild_persists_v11_without_schemas_and_reopens_without_conversion(password: null, connectionType: Direct)" storage="__WORKSPACE__/temporary/pr133-maintenance-followup/litedb.tests/bin/release/net8.0/litedb.tests.dll" id="2a6b9491-2d77-89c4-8858-56216c762c09">
      <Execution id="f14c9592-5f3d-4fca-95ba-12b518adadb8" />
      <TestMethod codeBase="__WORKSPACE__/temporary/pr133-maintenance-followup/LiteDB.Tests/bin/Release/net8.0/LiteDB.Tests.dll" adapterTypeName="executor://xunit/VsTestRunner2/netcoreapp" className="LiteDB.Tests.Engine.CompactBsonRebuild_Tests" name="Bson_rebuild_persists_v11_without_schemas_and_reopens_without_conversion" />
    </UnitTest>
    <UnitTest name="LiteDB.Tests.Engine.TransactionHandleRawCloseDependency_Tests.Raw_close_rejects_fresh_callback_dependency_before_draining_callback" storage="__WORKSPACE__/temporary/pr133-maintenance-followup/litedb.tests/bin/release/net8.0/litedb.tests.dll" id="a9f94c9c-df7c-a46b-3e01-d88045041766">
      <Execution id="28593de1-8a43-4fab-8b85-72c06f479203" />
      <TestMethod codeBase="__WORKSPACE__/temporary/pr133-maintenance-followup/LiteDB.Tests/bin/Release/net8.0/LiteDB.Tests.dll" adapterTypeName="executor://xunit/VsTestRunner2/netcoreapp" className="LiteDB.Tests.Engine.TransactionHandleRawCloseDependency_Tests" name="Raw_close_rejects_fresh_callback_dependency_before_draining_callback" />
    </UnitTest>
    <UnitTest name="LiteDB.Tests.Engine.TransactionHandleMaintenanceProgress_Tests.Rebuild_drains_existing_transaction_or_foreign_cursor_before_new_work(cursor: True)" storage="__WORKSPACE__/temporary/pr133-maintenance-followup/litedb.tests/bin/release/net8.0/litedb.tests.dll" id="d3ebc0cf-5bf8-1eac-c098-1613c2b6c784">
      <Execution id="2b8a0219-6072-4a75-8be1-d2f0c97454fd" />
      <TestMethod codeBase="__WORKSPACE__/temporary/pr133-maintenance-followup/LiteDB.Tests/bin/Release/net8.0/LiteDB.Tests.dll" adapterTypeName="executor://xunit/VsTestRunner2/netcoreapp" className="LiteDB.Tests.Engine.TransactionHandleMaintenanceProgress_Tests" name="Rebuild_drains_existing_transaction_or_foreign_cursor_before_new_work" />
    </UnitTest>
    <UnitTest name="LiteDB.Tests.Engine.Rebuild_Tests.Rebuild_Sql_Without_Options_Keeps_Password_Collation_And_Data" storage="__WORKSPACE__/temporary/pr133-maintenance-followup/litedb.tests/bin/release/net8.0/litedb.tests.dll" id="7f28f74f-281b-a6cb-6452-19ace6e69673">
      <Execution id="36a313b2-aeef-4062-94bc-2532b368e120" />
      <TestMethod codeBase="__WORKSPACE__/temporary/pr133-maintenance-followup/LiteDB.Tests/bin/Release/net8.0/LiteDB.Tests.dll" adapterTypeName="executor://xunit/VsTestRunner2/netcoreapp" className="LiteDB.Tests.Engine.Rebuild_Tests" name="Rebuild_Sql_Without_Options_Keeps_Password_Collation_And_Data" />
    </UnitTest>
    <UnitTest name="LiteDB.Tests.Internals.TransactionCompletion_Tests.Non_io_completion_failure_closes_engine_and_releases_transactions(phase: &quot;automatic rollback&quot;)" storage="__WORKSPACE__/temporary/pr133-maintenance-followup/litedb.tests/bin/release/net8.0/litedb.tests.dll" id="02ed9e58-5f48-e12f-822e-e2d10bcf607c">
      <Execution id="3638a5e1-b7ea-416f-aea3-ec4ef2dab66b" />
      <TestMethod codeBase="__WORKSPACE__/temporary/pr133-maintenance-followup/LiteDB.Tests/bin/Release/net8.0/LiteDB.Tests.dll" adapterTypeName="executor://xunit/VsTestRunner2/netcoreapp" className="LiteDB.Tests.Internals.TransactionCompletion_Tests" name="Non_io_completion_failure_closes_engine_and_releases_transactions" />
    </UnitTest>
    <UnitTest name="LiteDB.Tests.Engine.CompactBsonRebuild_Tests.Bson_rebuild_persists_v11_without_schemas_and_reopens_without_conversion(password: &quot;secret&quot;, connectionType: Shared)" storage="__WORKSPACE__/temporary/pr133-maintenance-followup/litedb.tests/bin/release/net8.0/litedb.tests.dll" id="e3e3c0a3-8f94-8ee6-f0cc-4cfec9dbbee7">
      <Execution id="bf1d7943-6ea3-435c-8884-683548602a9c" />
      <TestMethod codeBase="__WORKSPACE__/temporary/pr133-maintenance-followup/LiteDB.Tests/bin/Release/net8.0/LiteDB.Tests.dll" adapterTypeName="executor://xunit/VsTestRunner2/netcoreapp" className="LiteDB.Tests.Engine.CompactBsonRebuild_Tests" name="Bson_rebuild_persists_v11_without_schemas_and_reopens_without_conversion" />
    </UnitTest>
    <UnitTest name="LiteDB.Tests.Engine.Rebuild_Tests.Rebuild_After_DropCollection" storage="__WORKSPACE__/temporary/pr133-maintenance-followup/litedb.tests/bin/release/net8.0/litedb.tests.dll" id="1f0a28db-df18-20a2-6911-96851a597ba7">
      <Execution id="49675b48-4714-467a-8369-a83079d2ed6c" />
      <TestMethod codeBase="__WORKSPACE__/temporary/pr133-maintenance-followup/LiteDB.Tests/bin/Release/net8.0/LiteDB.Tests.dll" adapterTypeName="executor://xunit/VsTestRunner2/netcoreapp" className="LiteDB.Tests.Engine.Rebuild_Tests" name="Rebuild_After_DropCollection" />
    </UnitTest>
    <UnitTest name="LiteDB.Tests.Engine.TransactionHandleMaintenanceProgress_Tests.Maintenance_timeout_removes_pending_admission_and_reader_can_retry" storage="__WORKSPACE__/temporary/pr133-maintenance-followup/litedb.tests/bin/release/net8.0/litedb.tests.dll" id="a335c5d8-bc50-e795-bd00-06d360ed336c">
      <Execution id="f3df17bd-5b59-416f-9f18-02c16da36bf8" />
      <TestMethod codeBase="__WORKSPACE__/temporary/pr133-maintenance-followup/LiteDB.Tests/bin/Release/net8.0/LiteDB.Tests.dll" adapterTypeName="executor://xunit/VsTestRunner2/netcoreapp" className="LiteDB.Tests.Engine.TransactionHandleMaintenanceProgress_Tests" name="Maintenance_timeout_removes_pending_admission_and_reader_can_retry" />
    </UnitTest>
    <UnitTest name="LiteDB.Tests.Engine.CompactBsonRebuild_Tests.Bson_rebuild_persists_v11_without_schemas_and_reopens_without_conversion(password: &quot;secret&quot;, connectionType: Direct)" storage="__WORKSPACE__/temporary/pr133-maintenance-followup/litedb.tests/bin/release/net8.0/litedb.tests.dll" id="bdcc9e08-355f-8360-74d6-0c72a34c615d">
      <Execution id="9b4a9b9d-773d-4b45-b802-d47dc895fa6d" />
      <TestMethod codeBase="__WORKSPACE__/temporary/pr133-maintenance-followup/LiteDB.Tests/bin/Release/net8.0/LiteDB.Tests.dll" adapterTypeName="executor://xunit/VsTestRunner2/netcoreapp" className="LiteDB.Tests.Engine.CompactBsonRebuild_Tests" name="Bson_rebuild_persists_v11_without_schemas_and_reopens_without_conversion" />
    </UnitTest>
    <UnitTest name="LiteDB.Tests.Engine.TransactionHandleMaintenanceProgress_Tests.Raw_close_interrupts_collection_waiter_and_cold_reopen_keeps_only_committed_rows" storage="__WORKSPACE__/temporary/pr133-maintenance-followup/litedb.tests/bin/release/net8.0/litedb.tests.dll" id="6aaf13f1-943d-8ff4-7303-a455d7470dbb">
      <Execution id="2b856e5e-eae8-4e28-9de8-ea8bb76ff115" />
      <TestMethod codeBase="__WORKSPACE__/temporary/pr133-maintenance-followup/LiteDB.Tests/bin/Release/net8.0/LiteDB.Tests.dll" adapterTypeName="executor://xunit/VsTestRunner2/netcoreapp" className="LiteDB.Tests.Engine.TransactionHandleMaintenanceProgress_Tests" name="Raw_close_interrupts_collection_waiter_and_cold_reopen_keeps_only_committed_rows" />
    </UnitTest>
    <UnitTest name="LiteDB.Tests.Engine.TransactionHandleMaintenanceProgress_Tests.Waiting_maintenance_holds_new_operations_but_allows_nested_completion" storage="__WORKSPACE__/temporary/pr133-maintenance-followup/litedb.tests/bin/release/net8.0/litedb.tests.dll" id="520cef8f-67ad-0265-d5e8-c018193adeb2">
      <Execution id="4c86fa9e-71d7-4d74-939b-6be7f02fcd82" />
      <TestMethod codeBase="__WORKSPACE__/temporary/pr133-maintenance-followup/LiteDB.Tests/bin/Release/net8.0/LiteDB.Tests.dll" adapterTypeName="executor://xunit/VsTestRunner2/netcoreapp" className="LiteDB.Tests.Engine.TransactionHandleMaintenanceProgress_Tests" name="Waiting_maintenance_holds_new_operations_but_allows_nested_completion" />
    </UnitTest>
    <UnitTest name="LiteDB.Tests.Engine.TransactionHandleMaintenanceProgress_Tests.Maintenance_progresses_under_sustained_ordinary_reads(close: False)" storage="__WORKSPACE__/temporary/pr133-maintenance-followup/litedb.tests/bin/release/net8.0/litedb.tests.dll" id="7daca40e-c525-2645-e240-235c8c52a853">
      <Execution id="6edf7046-c176-4623-848e-0d50e58fe5d9" />
      <TestMethod codeBase="__WORKSPACE__/temporary/pr133-maintenance-followup/LiteDB.Tests/bin/Release/net8.0/LiteDB.Tests.dll" adapterTypeName="executor://xunit/VsTestRunner2/netcoreapp" className="LiteDB.Tests.Engine.TransactionHandleMaintenanceProgress_Tests" name="Maintenance_progresses_under_sustained_ordinary_reads" />
    </UnitTest>
    <UnitTest name="LiteDB.Tests.Internals.TransactionCompletion_Tests.Non_io_completion_failure_closes_engine_and_releases_transactions(phase: &quot;commit&quot;)" storage="__WORKSPACE__/temporary/pr133-maintenance-followup/litedb.tests/bin/release/net8.0/litedb.tests.dll" id="45eed039-82e7-8a7d-2bc9-04262fdcbd82">
      <Execution id="f3382e9a-2555-4823-9643-5680fa03566e" />
      <TestMethod codeBase="__WORKSPACE__/temporary/pr133-maintenance-followup/LiteDB.Tests/bin/Release/net8.0/LiteDB.Tests.dll" adapterTypeName="executor://xunit/VsTestRunner2/netcoreapp" className="LiteDB.Tests.Internals.TransactionCompletion_Tests" name="Non_io_completion_failure_closes_engine_and_releases_transactions" />
    </UnitTest>
    <UnitTest name="LiteDB.Tests.Engine.Rebuild_Tests.Rebuild_Change_Culture_Error" storage="__WORKSPACE__/temporary/pr133-maintenance-followup/litedb.tests/bin/release/net8.0/litedb.tests.dll" id="76ca5ad2-1fc9-ab70-4f61-b5ca4dcbfeaf">
      <Execution id="a5dbdf27-77bc-47be-9623-4f64b43f0004" />
      <TestMethod codeBase="__WORKSPACE__/temporary/pr133-maintenance-followup/LiteDB.Tests/bin/Release/net8.0/LiteDB.Tests.dll" adapterTypeName="executor://xunit/VsTestRunner2/netcoreapp" className="LiteDB.Tests.Engine.Rebuild_Tests" name="Rebuild_Change_Culture_Error" />
    </UnitTest>
    <UnitTest name="LiteDB.Tests.Engine.TransactionHandleRawEngine_Tests.Raw_engine_reentry_from_mapping_or_bulk_input_cannot_complete_the_handle(bulk: False)" storage="__WORKSPACE__/temporary/pr133-maintenance-followup/litedb.tests/bin/release/net8.0/litedb.tests.dll" id="874817e1-daa1-dc9e-1429-4b2367529f20">
      <Execution id="d26943df-c6bc-4027-9c04-9d409a8638aa" />
      <TestMethod codeBase="__WORKSPACE__/temporary/pr133-maintenance-followup/LiteDB.Tests/bin/Release/net8.0/LiteDB.Tests.dll" adapterTypeName="executor://xunit/VsTestRunner2/netcoreapp" className="LiteDB.Tests.Engine.TransactionHandleRawEngine_Tests" name="Raw_engine_reentry_from_mapping_or_bulk_input_cannot_complete_the_handle" />
    </UnitTest>
    <UnitTest name="LiteDB.Tests.Engine.TransactionHandleReaderOperation_Tests.Source_advancement_retains_operation_through_second_row_transform" storage="__WORKSPACE__/temporary/pr133-maintenance-followup/litedb.tests/bin/release/net8.0/litedb.tests.dll" id="ea3bfaaa-fe5c-a7dd-5468-24d19c527e98">
      <Execution id="c4a586a5-c91c-4200-b2b1-234c4c71d80c" />
      <TestMethod codeBase="__WORKSPACE__/temporary/pr133-maintenance-followup/LiteDB.Tests/bin/Release/net8.0/LiteDB.Tests.dll" adapterTypeName="executor://xunit/VsTestRunner2/netcoreapp" className="LiteDB.Tests.Engine.TransactionHandleReaderOperation_Tests" name="Source_advancement_retains_operation_through_second_row_transform" />
    </UnitTest>
    <UnitTest name="LiteDB.Tests.Engine.TransactionHandleMaintenanceProgress_Tests.Maintenance_progresses_under_sustained_ordinary_reads(close: True)" storage="__WORKSPACE__/temporary/pr133-maintenance-followup/litedb.tests/bin/release/net8.0/litedb.tests.dll" id="98b7529b-6a39-f6dc-15db-9a6389da00d9">
      <Execution id="7d58f148-8497-416f-91de-193b68726cee" />
      <TestMethod codeBase="__WORKSPACE__/temporary/pr133-maintenance-followup/LiteDB.Tests/bin/Release/net8.0/LiteDB.Tests.dll" adapterTypeName="executor://xunit/VsTestRunner2/netcoreapp" className="LiteDB.Tests.Engine.TransactionHandleMaintenanceProgress_Tests" name="Maintenance_progresses_under_sustained_ordinary_reads" />
    </UnitTest>
    <UnitTest name="LiteDB.Tests.Engine.TransactionHandleMaintenanceProgress_Tests.Rebuild_drains_existing_transaction_or_foreign_cursor_before_new_work(cursor: False)" storage="__WORKSPACE__/temporary/pr133-maintenance-followup/litedb.tests/bin/release/net8.0/litedb.tests.dll" id="11b2e334-b859-59b1-8a69-fa6da2fbe837">
      <Execution id="182a4e68-5442-4e11-9117-a60b0519365c" />
      <TestMethod codeBase="__WORKSPACE__/temporary/pr133-maintenance-followup/LiteDB.Tests/bin/Release/net8.0/LiteDB.Tests.dll" adapterTypeName="executor://xunit/VsTestRunner2/netcoreapp" className="LiteDB.Tests.Engine.TransactionHandleMaintenanceProgress_Tests" name="Rebuild_drains_existing_transaction_or_foreign_cursor_before_new_work" />
    </UnitTest>
    <UnitTest name="LiteDB.Tests.Engine.TransactionHandleRawCloseDependency_Tests.Close_wakes_fresh_work_already_waiting_behind_rebuild" storage="__WORKSPACE__/temporary/pr133-maintenance-followup/litedb.tests/bin/release/net8.0/litedb.tests.dll" id="5c2d1e42-6b2f-a723-d817-6a729c359616">
      <Execution id="b3f7d6cf-7919-4c11-950b-a2b094cf1635" />
      <TestMethod codeBase="__WORKSPACE__/temporary/pr133-maintenance-followup/LiteDB.Tests/bin/Release/net8.0/LiteDB.Tests.dll" adapterTypeName="executor://xunit/VsTestRunner2/netcoreapp" className="LiteDB.Tests.Engine.TransactionHandleRawCloseDependency_Tests" name="Close_wakes_fresh_work_already_waiting_behind_rebuild" />
    </UnitTest>
    <UnitTest name="LiteDB.Tests.Internals.TransactionCompletion_Tests.Later_concurrent_failures_preserve_the_first_fatal_cause" storage="__WORKSPACE__/temporary/pr133-maintenance-followup/litedb.tests/bin/release/net8.0/litedb.tests.dll" id="b9bb7c44-86c9-84c1-5e61-b61a15284d6b">
      <Execution id="842cbab1-8003-40f2-9f6e-b4f0575c2c81" />
      <TestMethod codeBase="__WORKSPACE__/temporary/pr133-maintenance-followup/LiteDB.Tests/bin/Release/net8.0/LiteDB.Tests.dll" adapterTypeName="executor://xunit/VsTestRunner2/netcoreapp" className="LiteDB.Tests.Internals.TransactionCompletion_Tests" name="Later_concurrent_failures_preserve_the_first_fatal_cause" />
    </UnitTest>
    <UnitTest name="LiteDB.Tests.Engine.TransactionHandleRawEngine_Tests.Uncaught_raw_reentry_aborts_statement_and_cannot_escape_to_autocommit" storage="__WORKSPACE__/temporary/pr133-maintenance-followup/litedb.tests/bin/release/net8.0/litedb.tests.dll" id="448bb9c1-c865-e426-85bb-022b708ca15d">
      <Execution id="a4bcbf15-b49b-4268-96eb-7f9b3511357f" />
      <TestMethod codeBase="__WORKSPACE__/temporary/pr133-maintenance-followup/LiteDB.Tests/bin/Release/net8.0/LiteDB.Tests.dll" adapterTypeName="executor://xunit/VsTestRunner2/netcoreapp" className="LiteDB.Tests.Engine.TransactionHandleRawEngine_Tests" name="Uncaught_raw_reentry_aborts_statement_and_cannot_escape_to_autocommit" />
    </UnitTest>
    <UnitTest name="LiteDB.Tests.Internals.TransactionCompletion_Tests.Non_io_completion_failure_closes_engine_and_releases_transactions(phase: &quot;rollback&quot;)" storage="__WORKSPACE__/temporary/pr133-maintenance-followup/litedb.tests/bin/release/net8.0/litedb.tests.dll" id="487d4fd2-c961-2c79-3f3b-2d6161da051f">
      <Execution id="1ebe4cce-11b4-4c01-aeee-c8cde63e6271" />
      <TestMethod codeBase="__WORKSPACE__/temporary/pr133-maintenance-followup/LiteDB.Tests/bin/Release/net8.0/LiteDB.Tests.dll" adapterTypeName="executor://xunit/VsTestRunner2/netcoreapp" className="LiteDB.Tests.Internals.TransactionCompletion_Tests" name="Non_io_completion_failure_closes_engine_and_releases_transactions" />
    </UnitTest>
    <UnitTest name="LiteDB.Tests.Engine.CompactBsonRebuild_Tests.Bson_rebuild_persists_v11_without_schemas_and_reopens_without_conversion(password: null, connectionType: Shared)" storage="__WORKSPACE__/temporary/pr133-maintenance-followup/litedb.tests/bin/release/net8.0/litedb.tests.dll" id="eeef286e-a9fd-b001-3ecd-5269d96f8b69">
      <Execution id="be53826f-ca85-4f58-b0f2-12821cd0182e" />
      <TestMethod codeBase="__WORKSPACE__/temporary/pr133-maintenance-followup/LiteDB.Tests/bin/Release/net8.0/LiteDB.Tests.dll" adapterTypeName="executor://xunit/VsTestRunner2/netcoreapp" className="LiteDB.Tests.Engine.CompactBsonRebuild_Tests" name="Bson_rebuild_persists_v11_without_schemas_and_reopens_without_conversion" />
    </UnitTest>
    <UnitTest name="LiteDB.Tests.Engine.Rebuild_Tests.Rebuild_Large_Files" storage="__WORKSPACE__/temporary/pr133-maintenance-followup/litedb.tests/bin/release/net8.0/litedb.tests.dll" id="450bfb9d-ca18-438e-cf17-5e1ff615ebea">
      <Execution id="caa52975-edbf-4207-967c-e03c823b2748" />
      <TestMethod codeBase="__WORKSPACE__/temporary/pr133-maintenance-followup/LiteDB.Tests/bin/Release/net8.0/LiteDB.Tests.dll" adapterTypeName="executor://xunit/VsTestRunner2/netcoreapp" className="LiteDB.Tests.Engine.Rebuild_Tests" name="Rebuild_Large_Files" />
    </UnitTest>
  </TestDefinitions>
  <TestEntries>
    <TestEntry testId="d3085df6-a0c4-91e6-1159-a259966f8d33" executionId="0561eb35-9536-4605-8e3c-abd1f2b10abb" testListId="8c84fa94-04c1-424b-9868-57a2d4851a1d" />
    <TestEntry testId="45eed039-82e7-8a7d-2bc9-04262fdcbd82" executionId="f3382e9a-2555-4823-9643-5680fa03566e" testListId="8c84fa94-04c1-424b-9868-57a2d4851a1d" />
    <TestEntry testId="6aaf13f1-943d-8ff4-7303-a455d7470dbb" executionId="2b856e5e-eae8-4e28-9de8-ea8bb76ff115" testListId="8c84fa94-04c1-424b-9868-57a2d4851a1d" />
    <TestEntry testId="02ed9e58-5f48-e12f-822e-e2d10bcf607c" executionId="3638a5e1-b7ea-416f-aea3-ec4ef2dab66b" testListId="8c84fa94-04c1-424b-9868-57a2d4851a1d" />
    <TestEntry testId="5c2d1e42-6b2f-a723-d817-6a729c359616" executionId="b3f7d6cf-7919-4c11-950b-a2b094cf1635" testListId="8c84fa94-04c1-424b-9868-57a2d4851a1d" />
    <TestEntry testId="874817e1-daa1-dc9e-1429-4b2367529f20" executionId="d26943df-c6bc-4027-9c04-9d409a8638aa" testListId="8c84fa94-04c1-424b-9868-57a2d4851a1d" />
    <TestEntry testId="a9f94c9c-df7c-a46b-3e01-d88045041766" executionId="28593de1-8a43-4fab-8b85-72c06f479203" testListId="8c84fa94-04c1-424b-9868-57a2d4851a1d" />
    <TestEntry testId="11b2e334-b859-59b1-8a69-fa6da2fbe837" executionId="182a4e68-5442-4e11-9117-a60b0519365c" testListId="8c84fa94-04c1-424b-9868-57a2d4851a1d" />
    <TestEntry testId="e3e3c0a3-8f94-8ee6-f0cc-4cfec9dbbee7" executionId="bf1d7943-6ea3-435c-8884-683548602a9c" testListId="8c84fa94-04c1-424b-9868-57a2d4851a1d" />
    <TestEntry testId="eeef286e-a9fd-b001-3ecd-5269d96f8b69" executionId="be53826f-ca85-4f58-b0f2-12821cd0182e" testListId="8c84fa94-04c1-424b-9868-57a2d4851a1d" />
    <TestEntry testId="d3ebc0cf-5bf8-1eac-c098-1613c2b6c784" executionId="2b8a0219-6072-4a75-8be1-d2f0c97454fd" testListId="8c84fa94-04c1-424b-9868-57a2d4851a1d" />
    <TestEntry testId="487d4fd2-c961-2c79-3f3b-2d6161da051f" executionId="1ebe4cce-11b4-4c01-aeee-c8cde63e6271" testListId="8c84fa94-04c1-424b-9868-57a2d4851a1d" />
    <TestEntry testId="520cef8f-67ad-0265-d5e8-c018193adeb2" executionId="4c86fa9e-71d7-4d74-939b-6be7f02fcd82" testListId="8c84fa94-04c1-424b-9868-57a2d4851a1d" />
    <TestEntry testId="7daca40e-c525-2645-e240-235c8c52a853" executionId="6edf7046-c176-4623-848e-0d50e58fe5d9" testListId="8c84fa94-04c1-424b-9868-57a2d4851a1d" />
    <TestEntry testId="1f0a28db-df18-20a2-6911-96851a597ba7" executionId="49675b48-4714-467a-8369-a83079d2ed6c" testListId="8c84fa94-04c1-424b-9868-57a2d4851a1d" />
    <TestEntry testId="2a6b9491-2d77-89c4-8858-56216c762c09" executionId="f14c9592-5f3d-4fca-95ba-12b518adadb8" testListId="8c84fa94-04c1-424b-9868-57a2d4851a1d" />
    <TestEntry testId="448bb9c1-c865-e426-85bb-022b708ca15d" executionId="a4bcbf15-b49b-4268-96eb-7f9b3511357f" testListId="8c84fa94-04c1-424b-9868-57a2d4851a1d" />
    <TestEntry testId="bdcc9e08-355f-8360-74d6-0c72a34c615d" executionId="9b4a9b9d-773d-4b45-b802-d47dc895fa6d" testListId="8c84fa94-04c1-424b-9868-57a2d4851a1d" />
    <TestEntry testId="7f28f74f-281b-a6cb-6452-19ace6e69673" executionId="36a313b2-aeef-4062-94bc-2532b368e120" testListId="8c84fa94-04c1-424b-9868-57a2d4851a1d" />
    <TestEntry testId="b9bb7c44-86c9-84c1-5e61-b61a15284d6b" executionId="842cbab1-8003-40f2-9f6e-b4f0575c2c81" testListId="8c84fa94-04c1-424b-9868-57a2d4851a1d" />
    <TestEntry testId="5f169ea3-5f84-7fdf-078f-203a09fad39e" executionId="c1bf3090-f44f-4d9b-b837-7fdb02575d3e" testListId="8c84fa94-04c1-424b-9868-57a2d4851a1d" />
    <TestEntry testId="76ca5ad2-1fc9-ab70-4f61-b5ca4dcbfeaf" executionId="a5dbdf27-77bc-47be-9623-4f64b43f0004" testListId="8c84fa94-04c1-424b-9868-57a2d4851a1d" />
    <TestEntry testId="98b7529b-6a39-f6dc-15db-9a6389da00d9" executionId="7d58f148-8497-416f-91de-193b68726cee" testListId="8c84fa94-04c1-424b-9868-57a2d4851a1d" />
    <TestEntry testId="ea3bfaaa-fe5c-a7dd-5468-24d19c527e98" executionId="c4a586a5-c91c-4200-b2b1-234c4c71d80c" testListId="8c84fa94-04c1-424b-9868-57a2d4851a1d" />
    <TestEntry testId="450bfb9d-ca18-438e-cf17-5e1ff615ebea" executionId="caa52975-edbf-4207-967c-e03c823b2748" testListId="8c84fa94-04c1-424b-9868-57a2d4851a1d" />
    <TestEntry testId="a335c5d8-bc50-e795-bd00-06d360ed336c" executionId="f3df17bd-5b59-416f-9f18-02c16da36bf8" testListId="8c84fa94-04c1-424b-9868-57a2d4851a1d" />
  </TestEntries>
  <TestLists>
    <TestList name="Results Not in a List" id="8c84fa94-04c1-424b-9868-57a2d4851a1d" />
    <TestList name="All Loaded Results" id="19431567-8539-422a-85d7-44ee4e166bda" />
  </TestLists>
  <ResultSummary outcome="Completed">
    <Counters total="26" executed="25" passed="25" failed="0" error="0" timeout="0" aborted="0" inconclusive="0" passedButRunAborted="0" notRunnable="0" notExecuted="0" disconnected="0" warning="0" completed="0" inProgress="0" pending="0" />
    <Output>
      <StdOut>[xUnit.net 00:00:00.00] xUnit.net VSTest Adapter v2.8.2+699d445a1a (64-bit .NET 8.0.30)
[xUnit.net 00:00:00.13]   Discovering: LiteDB.Tests
[xUnit.net 00:00:00.86]   Discovered:  LiteDB.Tests
[xUnit.net 00:00:00.88]   Starting:    LiteDB.Tests
[xUnit.net 00:00:07.35]       Not supported yet: rebuilding 'ana'/'ANA' from en-US/None to en-US/IgnoreCase throws LiteException 'Cannot insert duplicate key in unique index '_id'' from RebuildContent instead of recording the collision in _rebuild_errors and keeping en-US/None.
[xUnit.net 00:00:07.53]   Finished:    LiteDB.Tests
Test 'LiteDB.Tests.Engine.Rebuild_Tests.Rebuild_Change_Culture_Error' was skipped in the test run.
</StdOut>
    </Output>
    <RunInfos>
      <RunInfo computerName="dev-build-server" outcome="Warning" timestamp="2026-09-30T10:12:53.4406218+00:00">
        <Text>[xUnit.net 00:00:07.35]     LiteDB.Tests.Engine.Rebuild_Tests.Rebuild_Change_Culture_Error [SKIP]</Text>
      </RunInfo>
    </RunInfos>
  </ResultSummary>
</TestRun>