<?xml version="1.0" encoding="utf-8"?>
<TestRun id="4cd4e789-3ce3-408c-9580-cf5a8bef3c2b" name="@dev-build-server 2026-09-30 10:22:38" xmlns="http://microsoft.com/schemas/VisualStudio/TeamTest/2010">
  <Times creation="2026-09-30T10:22:38.4779534+00:00" queuing="2026-09-30T10:22:38.4779534+00:00" start="2026-09-30T10:22:36.6761683+00:00" finish="2026-09-30T10:22:45.4859767+00:00" />
  <TestSettings name="default" id="9c20cfb0-0f53-46fe-8aeb-4a584e7961f1">
    <Deployment runDeploymentRoot="_dev-build-server_2026-09-30_10_22_38" />
  </TestSettings>
  <Results>
    <UnitTestResult executionId="d9535543-7515-48fd-ac44-046d77066ca5" testId="3aec4e38-0cad-2bbd-fd55-644cf9afd285" testName="LiteDB.Tests.Engine.SharedDisposalFailure_Tests.Pin_close_failure_finishes_connection_cleanup_and_preserves_leased_reader(password: &quot;secret&quot;, failures: 0)" computerName="dev-build-server" duration="00:00:00.8263637" startTime="2026-09-30T10:22:44.1768278+00:00" endTime="2026-09-30T10:22:44.1768279+00:00" testType="13cdc9d9-ddb5-4fa4-a97d-d965ccfc6d4b" outcome="Passed" testListId="8c84fa94-04c1-424b-9868-57a2d4851a1d" relativeResultsDirectory="d9535543-7515-48fd-ac44-046d77066ca5" />
    <UnitTestResult executionId="e0bc864b-afdd-4aa1-98eb-0b5ede6ed154" testId="fae40436-b112-0f98-da32-3408ea6b6481" testName="LiteDB.Tests.Engine.SharedScopedCalls_Tests.A_reader_opened_by_a_lazy_write_can_outlive_the_call_and_close_off_thread" computerName="dev-build-server" duration="00:00:00.0695756" startTime="2026-09-30T10:22:40.9600173+00:00" endTime="2026-09-30T10:22:40.9600174+00:00" testType="13cdc9d9-ddb5-4fa4-a97d-d965ccfc6d4b" outcome="Passed" testListId="8c84fa94-04c1-424b-9868-57a2d4851a1d" relativeResultsDirectory="e0bc864b-afdd-4aa1-98eb-0b5ede6ed154" />
    <UnitTestResult executionId="a42575c3-0390-4db2-85c2-012c2ad98e2c" testId="2581795a-707c-da57-84e4-3582fe7d6357" testName="LiteDB.Tests.Engine.SharedReaderPin_Tests.Pin_owner_hands_off_to_each_repeated_waiter" computerName="dev-build-server" duration="00:00:00.2946239" startTime="2026-09-30T10:22:38.1260046+00:00" endTime="2026-09-30T10:22:38.1260047+00:00" testType="13cdc9d9-ddb5-4fa4-a97d-d965ccfc6d4b" outcome="Passed" testListId="8c84fa94-04c1-424b-9868-57a2d4851a1d" relativeResultsDirectory="a42575c3-0390-4db2-85c2-012c2ad98e2c" />
    <UnitTestResult executionId="b16e47a1-b787-4fbb-901e-70050046cef3" testId="b7d6ee39-b7a4-1567-f4e3-f5149f950d1c" testName="LiteDB.Tests.Engine.SharedDisposalFailure_Tests.Pin_close_failure_finishes_connection_cleanup_and_preserves_leased_reader(password: &quot;secret&quot;, failures: 2)" computerName="dev-build-server" duration="00:00:00.7267703" startTime="2026-09-30T10:22:43.3501782+00:00" endTime="2026-09-30T10:22:43.3501783+00:00" testType="13cdc9d9-ddb5-4fa4-a97d-d965ccfc6d4b" outcome="Passed" testListId="8c84fa94-04c1-424b-9868-57a2d4851a1d" relativeResultsDirectory="b16e47a1-b787-4fbb-901e-70050046cef3" />
    <UnitTestResult executionId="dc31a7ae-463e-4187-8ef3-b1e41963f864" testId="54516442-17fa-350e-89eb-4a4841622be9" testName="LiteDB.Tests.Engine.SharedScopedCalls_Tests.Failed_registration_followed_only_by_small_reads_does_not_disable_checkpoints" computerName="dev-build-server" duration="00:00:00.0972723" startTime="2026-09-30T10:22:41.1032253+00:00" endTime="2026-09-30T10:22:41.1032254+00:00" testType="13cdc9d9-ddb5-4fa4-a97d-d965ccfc6d4b" outcome="Passed" testListId="8c84fa94-04c1-424b-9868-57a2d4851a1d" relativeResultsDirectory="dc31a7ae-463e-4187-8ef3-b1e41963f864" />
    <UnitTestResult executionId="d84beee2-bb20-4e76-88b3-70ec75f38879" testId="6d0bc738-85fd-4dcc-72d6-51a40d4fea84" testName="LiteDB.Tests.Engine.SharedDisposalFailure_Tests.Pin_close_failure_finishes_connection_cleanup_and_preserves_leased_reader(password: null, failures: 0)" computerName="dev-build-server" duration="00:00:00.6235261" startTime="2026-09-30T10:22:41.8066588+00:00" endTime="2026-09-30T10:22:41.8066589+00:00" testType="13cdc9d9-ddb5-4fa4-a97d-d965ccfc6d4b" outcome="Passed" testListId="8c84fa94-04c1-424b-9868-57a2d4851a1d" relativeResultsDirectory="d84beee2-bb20-4e76-88b3-70ec75f38879" />
    <UnitTestResult executionId="4829ac9b-53e8-4cd6-9a08-473f5b7962a4" testId="9ba207cd-52ab-b5de-c8bb-6facf2e4a715" testName="LiteDB.Tests.Engine.SharedReaderPin_Tests.Reader_disposed_after_an_await_ends_the_pin" computerName="dev-build-server" duration="00:00:00.1143682" startTime="2026-09-30T10:22:38.3990721+00:00" endTime="2026-09-30T10:22:38.3990721+00:00" testType="13cdc9d9-ddb5-4fa4-a97d-d965ccfc6d4b" outcome="Passed" testListId="8c84fa94-04c1-424b-9868-57a2d4851a1d" relativeResultsDirectory="4829ac9b-53e8-4cd6-9a08-473f5b7962a4" />
    <UnitTestResult executionId="83d53ef8-b512-4e05-84d3-abc3a1064dbc" testId="bdc3fc1e-7253-8e30-3a71-6ec8e09ffe21" testName="LiteDB.Tests.Engine.SharedFinalCheckpointContract_Tests.Parent_final_checkpoint_remains_best_effort_and_failed_attempt_keeps_committed_wal(password: &quot;secret&quot;, fail: False)" computerName="dev-build-server" duration="00:00:00.1410352" startTime="2026-09-30T10:22:40.8884477+00:00" endTime="2026-09-30T10:22:40.8884478+00:00" testType="13cdc9d9-ddb5-4fa4-a97d-d965ccfc6d4b" outcome="Passed" testListId="8c84fa94-04c1-424b-9868-57a2d4851a1d" relativeResultsDirectory="83d53ef8-b512-4e05-84d3-abc3a1064dbc" />
    <UnitTestResult executionId="5f244166-f793-42d2-932b-465cba61fcfe" testId="3f7f8400-0b32-2d4b-7bd4-2e7dd7e1c19d" testName="LiteDB.Tests.Engine.SharedFinalCheckpointContract_Tests.Parent_final_checkpoint_remains_best_effort_and_failed_attempt_keeps_committed_wal(password: null, fail: True)" computerName="dev-build-server" duration="00:00:00.0443665" startTime="2026-09-30T10:22:40.7472522+00:00" endTime="2026-09-30T10:22:40.7472522+00:00" testType="13cdc9d9-ddb5-4fa4-a97d-d965ccfc6d4b" outcome="Passed" testListId="8c84fa94-04c1-424b-9868-57a2d4851a1d" relativeResultsDirectory="5f244166-f793-42d2-932b-465cba61fcfe" />
    <UnitTestResult executionId="c96060ac-3228-4de9-b3c2-34737efa72f6" testId="cbe91fb9-2d06-0370-2194-2ab86fab86aa" testName="LiteDB.Tests.Engine.SharedReaderPin_Tests.Another_process_waits_only_while_the_pin_is_in_use" computerName="dev-build-server" duration="00:00:00.8198077" startTime="2026-09-30T10:22:39.3475288+00:00" endTime="2026-09-30T10:22:39.3475288+00:00" testType="13cdc9d9-ddb5-4fa4-a97d-d965ccfc6d4b" outcome="Passed" testListId="8c84fa94-04c1-424b-9868-57a2d4851a1d" relativeResultsDirectory="c96060ac-3228-4de9-b3c2-34737efa72f6" />
    <UnitTestResult executionId="4f5ec3fe-f929-4d11-9795-9f7fe3773009" testId="ae5d9ae8-ddba-8ecd-88b7-a8d4a8965d0d" testName="LiteDB.Tests.Engine.SharedReaderPin_Tests.Pinned_transaction_rejects_completion_from_another_thread" computerName="dev-build-server" duration="00:00:00.1186910" startTime="2026-09-30T10:22:40.4384446+00:00" endTime="2026-09-30T10:22:40.4384447+00:00" testType="13cdc9d9-ddb5-4fa4-a97d-d965ccfc6d4b" outcome="Passed" testListId="8c84fa94-04c1-424b-9868-57a2d4851a1d" relativeResultsDirectory="4f5ec3fe-f929-4d11-9795-9f7fe3773009" />
    <UnitTestResult executionId="03b74cb9-1cdf-4207-b2ea-4c9057dcf848" testId="06be6e14-04aa-9e49-c6a1-7f0b65a5dad4" testName="LiteDB.Tests.Engine.SharedFinalCheckpointContract_Tests.Parent_final_checkpoint_remains_best_effort_and_failed_attempt_keeps_committed_wal(password: null, fail: False)" computerName="dev-build-server" duration="00:00:00.0932874" startTime="2026-09-30T10:22:40.5335911+00:00" endTime="2026-09-30T10:22:40.5335912+00:00" testType="13cdc9d9-ddb5-4fa4-a97d-d965ccfc6d4b" outcome="Passed" testListId="8c84fa94-04c1-424b-9868-57a2d4851a1d" relativeResultsDirectory="03b74cb9-1cdf-4207-b2ea-4c9057dcf848" />
    <UnitTestResult executionId="ac344bab-0b82-46ed-acb9-1291f4932b9e" testId="cf2acf11-4dd6-b1ec-1078-054a6f8f8819" testName="LiteDB.Tests.Engine.SharedDisposalFailure_Tests.Pin_close_failure_finishes_connection_cleanup_and_preserves_leased_reader(password: null, failures: 2)" computerName="dev-build-server" duration="00:00:00.5286946" startTime="2026-09-30T10:22:45.3979374+00:00" endTime="2026-09-30T10:22:45.3979375+00:00" testType="13cdc9d9-ddb5-4fa4-a97d-d965ccfc6d4b" outcome="Passed" testListId="8c84fa94-04c1-424b-9868-57a2d4851a1d" relativeResultsDirectory="ac344bab-0b82-46ed-acb9-1291f4932b9e" />
    <UnitTestResult executionId="fbd03ab1-7f4b-406d-83a8-97fc81a5bb46" testId="095b9310-8eea-c2e9-b72b-7232bf6407fd" testName="LiteDB.Tests.Engine.SharedReaderPin_Tests.Write_query_reader_under_a_pin_can_be_disposed_on_another_thread" computerName="dev-build-server" duration="00:00:00.1198937" startTime="2026-09-30T10:22:40.1303847+00:00" endTime="2026-09-30T10:22:40.1303849+00:00" testType="13cdc9d9-ddb5-4fa4-a97d-d965ccfc6d4b" outcome="Passed" testListId="8c84fa94-04c1-424b-9868-57a2d4851a1d" relativeResultsDirectory="fbd03ab1-7f4b-406d-83a8-97fc81a5bb46" />
    <UnitTestResult executionId="42fbf8b2-432d-44fe-9cea-95f8ae5e4f25" testId="7a1e25ae-98e5-db96-bfa6-69365d38cd69" testName="LiteDB.Tests.Engine.SharedReaderPin_Tests.Pinning_thread_that_exits_without_disposing_its_reader_releases_the_mutex" computerName="dev-build-server" duration="00:00:00.1744919" startTime="2026-09-30T10:22:39.7712853+00:00" endTime="2026-09-30T10:22:39.7712855+00:00" testType="13cdc9d9-ddb5-4fa4-a97d-d965ccfc6d4b" outcome="Passed" testListId="8c84fa94-04c1-424b-9868-57a2d4851a1d" relativeResultsDirectory="42fbf8b2-432d-44fe-9cea-95f8ae5e4f25" />
    <UnitTestResult executionId="74d4263f-023c-42a1-a17e-82fcccb3bcc7" testId="5ae33888-979f-405a-7361-d58d0ac52cbd" testName="LiteDB.Tests.Engine.SharedReaderPin_Tests.Dispose_on_another_thread_ends_the_pin_without_throwing" computerName="dev-build-server" duration="00:00:00.1406376" startTime="2026-09-30T10:22:39.4884057+00:00" endTime="2026-09-30T10:22:39.4884058+00:00" testType="13cdc9d9-ddb5-4fa4-a97d-d965ccfc6d4b" outcome="Passed" testListId="8c84fa94-04c1-424b-9868-57a2d4851a1d" relativeResultsDirectory="74d4263f-023c-42a1-a17e-82fcccb3bcc7" />
    <UnitTestResult executionId="0bf4f5b7-23c3-45c9-92ff-e15271f513c6" testId="1e4f867e-906c-39c4-8aac-5005eed5449e" testName="LiteDB.Tests.Engine.SharedDataReaderDispose_Tests.Concurrent_disposal_ends_the_ownership_once" computerName="dev-build-server" duration="00:00:00.0439858" startTime="2026-09-30T10:22:37.8264982+00:00" endTime="2026-09-30T10:22:37.8265143+00:00" testType="13cdc9d9-ddb5-4fa4-a97d-d965ccfc6d4b" outcome="Passed" testListId="8c84fa94-04c1-424b-9868-57a2d4851a1d" relativeResultsDirectory="0bf4f5b7-23c3-45c9-92ff-e15271f513c6" />
    <UnitTestResult executionId="ec2cc8c0-c084-4c0f-81b7-b6df9710169c" testId="8bae3d3c-f4af-eaa5-2193-883421e5888c" testName="LiteDB.Tests.Engine.SharedFinalCheckpointContract_Tests.Parent_final_checkpoint_remains_best_effort_and_failed_attempt_keeps_committed_wal(password: &quot;secret&quot;, fail: True)" computerName="dev-build-server" duration="00:00:00.1690167" startTime="2026-09-30T10:22:40.7027738+00:00" endTime="2026-09-30T10:22:40.7027739+00:00" testType="13cdc9d9-ddb5-4fa4-a97d-d965ccfc6d4b" outcome="Passed" testListId="8c84fa94-04c1-424b-9868-57a2d4851a1d" relativeResultsDirectory="ec2cc8c0-c084-4c0f-81b7-b6df9710169c" />
    <UnitTestResult executionId="9f49bbc5-b889-4933-b81d-a695d1b42be4" testId="da5e444d-2ecb-f79b-8572-4a24ab4b966b" testName="LiteDB.Tests.Engine.SharedReaderPin_Tests.Tight_write_loop_lets_another_thread_of_the_same_instance_in" computerName="dev-build-server" duration="00:00:00.0908907" startTime="2026-09-30T10:22:40.3194771+00:00" endTime="2026-09-30T10:22:40.3194773+00:00" testType="13cdc9d9-ddb5-4fa4-a97d-d965ccfc6d4b" outcome="Passed" testListId="8c84fa94-04c1-424b-9868-57a2d4851a1d" relativeResultsDirectory="9f49bbc5-b889-4933-b81d-a695d1b42be4" />
    <UnitTestResult executionId="6aa6ef77-e57b-4b83-9406-cb9bcd1a1ca7" testId="d6b970af-c726-db63-d865-8dfdba544412" testName="LiteDB.Tests.Engine.SharedReaderPin_Tests.Failed_write_inside_the_iteration_keeps_the_pin_balanced" computerName="dev-build-server" duration="00:00:00.2388017" startTime="2026-09-30T10:22:40.0103280+00:00" endTime="2026-09-30T10:22:40.0103281+00:00" testType="13cdc9d9-ddb5-4fa4-a97d-d965ccfc6d4b" outcome="Passed" testListId="8c84fa94-04c1-424b-9868-57a2d4851a1d" relativeResultsDirectory="6aa6ef77-e57b-4b83-9406-cb9bcd1a1ca7" />
    <UnitTestResult executionId="25c8abe5-6d47-4306-8381-af9049b0373e" testId="41d7c62e-49c8-183e-8dd3-822161b1bc3c" testName="LiteDB.Tests.Engine.SharedReaderPin_Tests.Reader_disposed_off_the_pinning_thread_ends_the_pin_while_its_owner_idles" computerName="dev-build-server" duration="00:00:00.1078357" startTime="2026-09-30T10:22:39.5964672+00:00" endTime="2026-09-30T10:22:39.5964674+00:00" testType="13cdc9d9-ddb5-4fa4-a97d-d965ccfc6d4b" outcome="Passed" testListId="8c84fa94-04c1-424b-9868-57a2d4851a1d" relativeResultsDirectory="25c8abe5-6d47-4306-8381-af9049b0373e" />
    <UnitTestResult executionId="3ce3856a-4189-451b-a39d-f5dca5aff48a" testId="560fe22b-03cd-7c41-5185-d7e0a4927cb7" testName="LiteDB.Tests.Engine.SharedDisposalFailure_Tests.Pin_close_failure_finishes_connection_cleanup_and_preserves_leased_reader(password: &quot;secret&quot;, failures: 1)" computerName="dev-build-server" duration="00:00:00.8163618" startTime="2026-09-30T10:22:42.6231960+00:00" endTime="2026-09-30T10:22:42.6231961+00:00" testType="13cdc9d9-ddb5-4fa4-a97d-d965ccfc6d4b" outcome="Passed" testListId="8c84fa94-04c1-424b-9868-57a2d4851a1d" relativeResultsDirectory="3ce3856a-4189-451b-a39d-f5dca5aff48a" />
    <UnitTestResult executionId="957d54f7-2363-440a-9700-39516d01b01d" testId="9cbd0592-a908-2eae-84be-6d2442b9c5a6" testName="LiteDB.Tests.Engine.SharedReaderPin_Tests.Nested_readers_share_one_pin_until_the_last_is_disposed" computerName="dev-build-server" duration="00:00:00.1270501" startTime="2026-09-30T10:22:38.5271693+00:00" endTime="2026-09-30T10:22:38.5271693+00:00" testType="13cdc9d9-ddb5-4fa4-a97d-d965ccfc6d4b" outcome="Passed" testListId="8c84fa94-04c1-424b-9868-57a2d4851a1d" relativeResultsDirectory="957d54f7-2363-440a-9700-39516d01b01d" />
    <UnitTestResult executionId="125a62b0-9101-4c6d-86c5-df746d54c0e1" testId="420b69d2-dfcc-4ed4-8539-6e36bfd05364" testName="LiteDB.Tests.Engine.SharedReaderPin_Tests.Idle_pin_expires_for_a_live_owner_that_keeps_its_reader_open" computerName="dev-build-server" duration="00:00:00.1561399" startTime="2026-09-30T10:22:38.2825054+00:00" endTime="2026-09-30T10:22:38.2825055+00:00" testType="13cdc9d9-ddb5-4fa4-a97d-d965ccfc6d4b" outcome="Passed" testListId="8c84fa94-04c1-424b-9868-57a2d4851a1d" relativeResultsDirectory="125a62b0-9101-4c6d-86c5-df746d54c0e1" />
    <UnitTestResult executionId="eb1fb28c-a8ff-4362-bd4a-d18a3b024ac3" testId="dd0f6ce6-ba17-fb62-e486-7b9c1b980ee1" testName="LiteDB.Tests.Engine.SharedReaderPin_Tests.Another_thread_of_the_same_instance_ends_an_idle_pin" computerName="dev-build-server" duration="00:00:00.0977629" startTime="2026-09-30T10:22:40.2283727+00:00" endTime="2026-09-30T10:22:40.2283728+00:00" testType="13cdc9d9-ddb5-4fa4-a97d-d965ccfc6d4b" outcome="Passed" testListId="8c84fa94-04c1-424b-9868-57a2d4851a1d" relativeResultsDirectory="eb1fb28c-a8ff-4362-bd4a-d18a3b024ac3" />
    <UnitTestResult executionId="61ec3a80-370e-49fe-bd81-599e26a3f882" testId="b1dc31aa-3e8f-bf82-78ec-f89482d62d59" testName="LiteDB.Tests.Engine.SharedDisposalFailure_Tests.Pin_close_failure_finishes_connection_cleanup_and_preserves_leased_reader(password: null, failures: 1)" computerName="dev-build-server" duration="00:00:00.6919430" startTime="2026-09-30T10:22:44.8690351+00:00" endTime="2026-09-30T10:22:44.8690352+00:00" testType="13cdc9d9-ddb5-4fa4-a97d-d965ccfc6d4b" outcome="Passed" testListId="8c84fa94-04c1-424b-9868-57a2d4851a1d" relativeResultsDirectory="61ec3a80-370e-49fe-bd81-599e26a3f882" />
    <UnitTestResult executionId="373f8fb5-3102-442f-a8c2-2f7211198e1d" testId="d55f80c0-9f22-c631-14b9-070cf32078a4" testName="LiteDB.Tests.Engine.SharedScopedCalls_Tests.A_read_transform_may_open_a_reader_that_is_disposed_off_thread" computerName="dev-build-server" duration="00:00:00.0454926" startTime="2026-09-30T10:22:41.0056970+00:00" endTime="2026-09-30T10:22:41.0056978+00:00" testType="13cdc9d9-ddb5-4fa4-a97d-d965ccfc6d4b" outcome="Passed" testListId="8c84fa94-04c1-424b-9868-57a2d4851a1d" relativeResultsDirectory="373f8fb5-3102-442f-a8c2-2f7211198e1d" />
    <UnitTestResult executionId="8741cc90-4d8c-4da2-bc23-a1c35faf801f" testId="bbc37144-3c4c-59fa-9922-a2a778c696ef" testName="LiteDB.Tests.Engine.SharedScopedCalls_Tests.Failed_lease_after_a_successful_probe_retries_before_execution_and_preserves_off_thread_disposal" computerName="dev-build-server" duration="00:00:00.0793402" startTime="2026-09-30T10:22:41.1828200+00:00" endTime="2026-09-30T10:22:41.1828201+00:00" testType="13cdc9d9-ddb5-4fa4-a97d-d965ccfc6d4b" outcome="Passed" testListId="8c84fa94-04c1-424b-9868-57a2d4851a1d" relativeResultsDirectory="8741cc90-4d8c-4da2-bc23-a1c35faf801f" />
  </Results>
  <TestDefinitions>
    <UnitTest name="LiteDB.Tests.Engine.SharedFinalCheckpointContract_Tests.Parent_final_checkpoint_remains_best_effort_and_failed_attempt_keeps_committed_wal(password: &quot;secret&quot;, fail: False)" storage="__LOCAL_HOME__/.t3/worktrees/litedb/t3code-0cc13448/artifacts_temp/fix-shared-disposal/litedb.tests/bin/release/net10.0/litedb.tests.dll" id="bdc3fc1e-7253-8e30-3a71-6ec8e09ffe21">
      <Execution id="83d53ef8-b512-4e05-84d3-abc3a1064dbc" />
      <TestMethod codeBase="__WORKSPACE__/artifacts_temp/fix-shared-disposal/LiteDB.Tests/bin/Release/net10.0/LiteDB.Tests.dll" adapterTypeName="executor://xunit/VsTestRunner2/netcoreapp" className="LiteDB.Tests.Engine.SharedFinalCheckpointContract_Tests" name="Parent_final_checkpoint_remains_best_effort_and_failed_attempt_keeps_committed_wal" />
    </UnitTest>
    <UnitTest name="LiteDB.Tests.Engine.SharedDisposalFailure_Tests.Pin_close_failure_finishes_connection_cleanup_and_preserves_leased_reader(password: null, failures: 1)" storage="__LOCAL_HOME__/.t3/worktrees/litedb/t3code-0cc13448/artifacts_temp/fix-shared-disposal/litedb.tests/bin/release/net10.0/litedb.tests.dll" id="b1dc31aa-3e8f-bf82-78ec-f89482d62d59">
      <Execution id="61ec3a80-370e-49fe-bd81-599e26a3f882" />
      <TestMethod codeBase="__WORKSPACE__/artifacts_temp/fix-shared-disposal/LiteDB.Tests/bin/Release/net10.0/LiteDB.Tests.dll" adapterTypeName="executor://xunit/VsTestRunner2/netcoreapp" className="LiteDB.Tests.Engine.SharedDisposalFailure_Tests" name="Pin_close_failure_finishes_connection_cleanup_and_preserves_leased_reader" />
    </UnitTest>
    <UnitTest name="LiteDB.Tests.Engine.SharedScopedCalls_Tests.Failed_lease_after_a_successful_probe_retries_before_execution_and_preserves_off_thread_disposal" storage="__LOCAL_HOME__/.t3/worktrees/litedb/t3code-0cc13448/artifacts_temp/fix-shared-disposal/litedb.tests/bin/release/net10.0/litedb.tests.dll" id="bbc37144-3c4c-59fa-9922-a2a778c696ef">
      <Execution id="8741cc90-4d8c-4da2-bc23-a1c35faf801f" />
      <TestMethod codeBase="__WORKSPACE__/artifacts_temp/fix-shared-disposal/LiteDB.Tests/bin/Release/net10.0/LiteDB.Tests.dll" adapterTypeName="executor://xunit/VsTestRunner2/netcoreapp" className="LiteDB.Tests.Engine.SharedScopedCalls_Tests" name="Failed_lease_after_a_successful_probe_retries_before_execution_and_preserves_off_thread_disposal" />
    </UnitTest>
    <UnitTest name="LiteDB.Tests.Engine.SharedReaderPin_Tests.Dispose_on_another_thread_ends_the_pin_without_throwing" storage="__LOCAL_HOME__/.t3/worktrees/litedb/t3code-0cc13448/artifacts_temp/fix-shared-disposal/litedb.tests/bin/release/net10.0/litedb.tests.dll" id="5ae33888-979f-405a-7361-d58d0ac52cbd">
      <Execution id="74d4263f-023c-42a1-a17e-82fcccb3bcc7" />
      <TestMethod codeBase="__WORKSPACE__/artifacts_temp/fix-shared-disposal/LiteDB.Tests/bin/Release/net10.0/LiteDB.Tests.dll" adapterTypeName="executor://xunit/VsTestRunner2/netcoreapp" className="LiteDB.Tests.Engine.SharedReaderPin_Tests" name="Dispose_on_another_thread_ends_the_pin_without_throwing" />
    </UnitTest>
    <UnitTest name="LiteDB.Tests.Engine.SharedReaderPin_Tests.Idle_pin_expires_for_a_live_owner_that_keeps_its_reader_open" storage="__LOCAL_HOME__/.t3/worktrees/litedb/t3code-0cc13448/artifacts_temp/fix-shared-disposal/litedb.tests/bin/release/net10.0/litedb.tests.dll" id="420b69d2-dfcc-4ed4-8539-6e36bfd05364">
      <Execution id="125a62b0-9101-4c6d-86c5-df746d54c0e1" />
      <TestMethod codeBase="__WORKSPACE__/artifacts_temp/fix-shared-disposal/LiteDB.Tests/bin/Release/net10.0/LiteDB.Tests.dll" adapterTypeName="executor://xunit/VsTestRunner2/netcoreapp" className="LiteDB.Tests.Engine.SharedReaderPin_Tests" name="Idle_pin_expires_for_a_live_owner_that_keeps_its_reader_open" />
    </UnitTest>
    <UnitTest name="LiteDB.Tests.Engine.SharedReaderPin_Tests.Pinning_thread_that_exits_without_disposing_its_reader_releases_the_mutex" storage="__LOCAL_HOME__/.t3/worktrees/litedb/t3code-0cc13448/artifacts_temp/fix-shared-disposal/litedb.tests/bin/release/net10.0/litedb.tests.dll" id="7a1e25ae-98e5-db96-bfa6-69365d38cd69">
      <Execution id="42fbf8b2-432d-44fe-9cea-95f8ae5e4f25" />
      <TestMethod codeBase="__WORKSPACE__/artifacts_temp/fix-shared-disposal/LiteDB.Tests/bin/Release/net10.0/LiteDB.Tests.dll" adapterTypeName="executor://xunit/VsTestRunner2/netcoreapp" className="LiteDB.Tests.Engine.SharedReaderPin_Tests" name="Pinning_thread_that_exits_without_disposing_its_reader_releases_the_mutex" />
    </UnitTest>
    <UnitTest name="LiteDB.Tests.Engine.SharedDisposalFailure_Tests.Pin_close_failure_finishes_connection_cleanup_and_preserves_leased_reader(password: null, failures: 2)" storage="__LOCAL_HOME__/.t3/worktrees/litedb/t3code-0cc13448/artifacts_temp/fix-shared-disposal/litedb.tests/bin/release/net10.0/litedb.tests.dll" id="cf2acf11-4dd6-b1ec-1078-054a6f8f8819">
      <Execution id="ac344bab-0b82-46ed-acb9-1291f4932b9e" />
      <TestMethod codeBase="__WORKSPACE__/artifacts_temp/fix-shared-disposal/LiteDB.Tests/bin/Release/net10.0/LiteDB.Tests.dll" adapterTypeName="executor://xunit/VsTestRunner2/netcoreapp" className="LiteDB.Tests.Engine.SharedDisposalFailure_Tests" name="Pin_close_failure_finishes_connection_cleanup_and_preserves_leased_reader" />
    </UnitTest>
    <UnitTest name="LiteDB.Tests.Engine.SharedScopedCalls_Tests.A_read_transform_may_open_a_reader_that_is_disposed_off_thread" storage="__LOCAL_HOME__/.t3/worktrees/litedb/t3code-0cc13448/artifacts_temp/fix-shared-disposal/litedb.tests/bin/release/net10.0/litedb.tests.dll" id="d55f80c0-9f22-c631-14b9-070cf32078a4">
      <Execution id="373f8fb5-3102-442f-a8c2-2f7211198e1d" />
      <TestMethod codeBase="__WORKSPACE__/artifacts_temp/fix-shared-disposal/LiteDB.Tests/bin/Release/net10.0/LiteDB.Tests.dll" adapterTypeName="executor://xunit/VsTestRunner2/netcoreapp" className="LiteDB.Tests.Engine.SharedScopedCalls_Tests" name="A_read_transform_may_open_a_reader_that_is_disposed_off_thread" />
    </UnitTest>
    <UnitTest name="LiteDB.Tests.Engine.SharedFinalCheckpointContract_Tests.Parent_final_checkpoint_remains_best_effort_and_failed_attempt_keeps_committed_wal(password: null, fail: True)" storage="__LOCAL_HOME__/.t3/worktrees/litedb/t3code-0cc13448/artifacts_temp/fix-shared-disposal/litedb.tests/bin/release/net10.0/litedb.tests.dll" id="3f7f8400-0b32-2d4b-7bd4-2e7dd7e1c19d">
      <Execution id="5f244166-f793-42d2-932b-465cba61fcfe" />
      <TestMethod codeBase="__WORKSPACE__/artifacts_temp/fix-shared-disposal/LiteDB.Tests/bin/Release/net10.0/LiteDB.Tests.dll" adapterTypeName="executor://xunit/VsTestRunner2/netcoreapp" className="LiteDB.Tests.Engine.SharedFinalCheckpointContract_Tests" name="Parent_final_checkpoint_remains_best_effort_and_failed_attempt_keeps_committed_wal" />
    </UnitTest>
    <UnitTest name="LiteDB.Tests.Engine.SharedReaderPin_Tests.Write_query_reader_under_a_pin_can_be_disposed_on_another_thread" storage="__LOCAL_HOME__/.t3/worktrees/litedb/t3code-0cc13448/artifacts_temp/fix-shared-disposal/litedb.tests/bin/release/net10.0/litedb.tests.dll" id="095b9310-8eea-c2e9-b72b-7232bf6407fd">
      <Execution id="fbd03ab1-7f4b-406d-83a8-97fc81a5bb46" />
      <TestMethod codeBase="__WORKSPACE__/artifacts_temp/fix-shared-disposal/LiteDB.Tests/bin/Release/net10.0/LiteDB.Tests.dll" adapterTypeName="executor://xunit/VsTestRunner2/netcoreapp" className="LiteDB.Tests.Engine.SharedReaderPin_Tests" name="Write_query_reader_under_a_pin_can_be_disposed_on_another_thread" />
    </UnitTest>
    <UnitTest name="LiteDB.Tests.Engine.SharedScopedCalls_Tests.Failed_registration_followed_only_by_small_reads_does_not_disable_checkpoints" storage="__LOCAL_HOME__/.t3/worktrees/litedb/t3code-0cc13448/artifacts_temp/fix-shared-disposal/litedb.tests/bin/release/net10.0/litedb.tests.dll" id="54516442-17fa-350e-89eb-4a4841622be9">
      <Execution id="dc31a7ae-463e-4187-8ef3-b1e41963f864" />
      <TestMethod codeBase="__WORKSPACE__/artifacts_temp/fix-shared-disposal/LiteDB.Tests/bin/Release/net10.0/LiteDB.Tests.dll" adapterTypeName="executor://xunit/VsTestRunner2/netcoreapp" className="LiteDB.Tests.Engine.SharedScopedCalls_Tests" name="Failed_registration_followed_only_by_small_reads_does_not_disable_checkpoints" />
    </UnitTest>
    <UnitTest name="LiteDB.Tests.Engine.SharedReaderPin_Tests.Reader_disposed_off_the_pinning_thread_ends_the_pin_while_its_owner_idles" storage="__LOCAL_HOME__/.t3/worktrees/litedb/t3code-0cc13448/artifacts_temp/fix-shared-disposal/litedb.tests/bin/release/net10.0/litedb.tests.dll" id="41d7c62e-49c8-183e-8dd3-822161b1bc3c">
      <Execution id="25c8abe5-6d47-4306-8381-af9049b0373e" />
      <TestMethod codeBase="__WORKSPACE__/artifacts_temp/fix-shared-disposal/LiteDB.Tests/bin/Release/net10.0/LiteDB.Tests.dll" adapterTypeName="executor://xunit/VsTestRunner2/netcoreapp" className="LiteDB.Tests.Engine.SharedReaderPin_Tests" name="Reader_disposed_off_the_pinning_thread_ends_the_pin_while_its_owner_idles" />
    </UnitTest>
    <UnitTest name="LiteDB.Tests.Engine.SharedScopedCalls_Tests.A_reader_opened_by_a_lazy_write_can_outlive_the_call_and_close_off_thread" storage="__LOCAL_HOME__/.t3/worktrees/litedb/t3code-0cc13448/artifacts_temp/fix-shared-disposal/litedb.tests/bin/release/net10.0/litedb.tests.dll" id="fae40436-b112-0f98-da32-3408ea6b6481">
      <Execution id="e0bc864b-afdd-4aa1-98eb-0b5ede6ed154" />
      <TestMethod codeBase="__WORKSPACE__/artifacts_temp/fix-shared-disposal/LiteDB.Tests/bin/Release/net10.0/LiteDB.Tests.dll" adapterTypeName="executor://xunit/VsTestRunner2/netcoreapp" className="LiteDB.Tests.Engine.SharedScopedCalls_Tests" name="A_reader_opened_by_a_lazy_write_can_outlive_the_call_and_close_off_thread" />
    </UnitTest>
    <UnitTest name="LiteDB.Tests.Engine.SharedReaderPin_Tests.Failed_write_inside_the_iteration_keeps_the_pin_balanced" storage="__LOCAL_HOME__/.t3/worktrees/litedb/t3code-0cc13448/artifacts_temp/fix-shared-disposal/litedb.tests/bin/release/net10.0/litedb.tests.dll" id="d6b970af-c726-db63-d865-8dfdba544412">
      <Execution id="6aa6ef77-e57b-4b83-9406-cb9bcd1a1ca7" />
      <TestMethod codeBase="__WORKSPACE__/artifacts_temp/fix-shared-disposal/LiteDB.Tests/bin/Release/net10.0/LiteDB.Tests.dll" adapterTypeName="executor://xunit/VsTestRunner2/netcoreapp" className="LiteDB.Tests.Engine.SharedReaderPin_Tests" name="Failed_write_inside_the_iteration_keeps_the_pin_balanced" />
    </UnitTest>
    <UnitTest name="LiteDB.Tests.Engine.SharedReaderPin_Tests.Pinned_transaction_rejects_completion_from_another_thread" storage="__LOCAL_HOME__/.t3/worktrees/litedb/t3code-0cc13448/artifacts_temp/fix-shared-disposal/litedb.tests/bin/release/net10.0/litedb.tests.dll" id="ae5d9ae8-ddba-8ecd-88b7-a8d4a8965d0d">
      <Execution id="4f5ec3fe-f929-4d11-9795-9f7fe3773009" />
      <TestMethod codeBase="__WORKSPACE__/artifacts_temp/fix-shared-disposal/LiteDB.Tests/bin/Release/net10.0/LiteDB.Tests.dll" adapterTypeName="executor://xunit/VsTestRunner2/netcoreapp" className="LiteDB.Tests.Engine.SharedReaderPin_Tests" name="Pinned_transaction_rejects_completion_from_another_thread" />
    </UnitTest>
    <UnitTest name="LiteDB.Tests.Engine.SharedReaderPin_Tests.Reader_disposed_after_an_await_ends_the_pin" storage="__LOCAL_HOME__/.t3/worktrees/litedb/t3code-0cc13448/artifacts_temp/fix-shared-disposal/litedb.tests/bin/release/net10.0/litedb.tests.dll" id="9ba207cd-52ab-b5de-c8bb-6facf2e4a715">
      <Execution id="4829ac9b-53e8-4cd6-9a08-473f5b7962a4" />
      <TestMethod codeBase="__WORKSPACE__/artifacts_temp/fix-shared-disposal/LiteDB.Tests/bin/Release/net10.0/LiteDB.Tests.dll" adapterTypeName="executor://xunit/VsTestRunner2/netcoreapp" className="LiteDB.Tests.Engine.SharedReaderPin_Tests" name="Reader_disposed_after_an_await_ends_the_pin" />
    </UnitTest>
    <UnitTest name="LiteDB.Tests.Engine.SharedReaderPin_Tests.Another_thread_of_the_same_instance_ends_an_idle_pin" storage="__LOCAL_HOME__/.t3/worktrees/litedb/t3code-0cc13448/artifacts_temp/fix-shared-disposal/litedb.tests/bin/release/net10.0/litedb.tests.dll" id="dd0f6ce6-ba17-fb62-e486-7b9c1b980ee1">
      <Execution id="eb1fb28c-a8ff-4362-bd4a-d18a3b024ac3" />
      <TestMethod codeBase="__WORKSPACE__/artifacts_temp/fix-shared-disposal/LiteDB.Tests/bin/Release/net10.0/LiteDB.Tests.dll" adapterTypeName="executor://xunit/VsTestRunner2/netcoreapp" className="LiteDB.Tests.Engine.SharedReaderPin_Tests" name="Another_thread_of_the_same_instance_ends_an_idle_pin" />
    </UnitTest>
    <UnitTest name="LiteDB.Tests.Engine.SharedReaderPin_Tests.Nested_readers_share_one_pin_until_the_last_is_disposed" storage="__LOCAL_HOME__/.t3/worktrees/litedb/t3code-0cc13448/artifacts_temp/fix-shared-disposal/litedb.tests/bin/release/net10.0/litedb.tests.dll" id="9cbd0592-a908-2eae-84be-6d2442b9c5a6">
      <Execution id="957d54f7-2363-440a-9700-39516d01b01d" />
      <TestMethod codeBase="__WORKSPACE__/artifacts_temp/fix-shared-disposal/LiteDB.Tests/bin/Release/net10.0/LiteDB.Tests.dll" adapterTypeName="executor://xunit/VsTestRunner2/netcoreapp" className="LiteDB.Tests.Engine.SharedReaderPin_Tests" name="Nested_readers_share_one_pin_until_the_last_is_disposed" />
    </UnitTest>
    <UnitTest name="LiteDB.Tests.Engine.SharedDataReaderDispose_Tests.Concurrent_disposal_ends_the_ownership_once" storage="__LOCAL_HOME__/.t3/worktrees/litedb/t3code-0cc13448/artifacts_temp/fix-shared-disposal/litedb.tests/bin/release/net10.0/litedb.tests.dll" id="1e4f867e-906c-39c4-8aac-5005eed5449e">
      <Execution id="0bf4f5b7-23c3-45c9-92ff-e15271f513c6" />
      <TestMethod codeBase="__WORKSPACE__/artifacts_temp/fix-shared-disposal/LiteDB.Tests/bin/Release/net10.0/LiteDB.Tests.dll" adapterTypeName="executor://xunit/VsTestRunner2/netcoreapp" className="LiteDB.Tests.Engine.SharedDataReaderDispose_Tests" name="Concurrent_disposal_ends_the_ownership_once" />
    </UnitTest>
    <UnitTest name="LiteDB.Tests.Engine.SharedDisposalFailure_Tests.Pin_close_failure_finishes_connection_cleanup_and_preserves_leased_reader(password: null, failures: 0)" storage="__LOCAL_HOME__/.t3/worktrees/litedb/t3code-0cc13448/artifacts_temp/fix-shared-disposal/litedb.tests/bin/release/net10.0/litedb.tests.dll" id="6d0bc738-85fd-4dcc-72d6-51a40d4fea84">
      <Execution id="d84beee2-bb20-4e76-88b3-70ec75f38879" />
      <TestMethod codeBase="__WORKSPACE__/artifacts_temp/fix-shared-disposal/LiteDB.Tests/bin/Release/net10.0/LiteDB.Tests.dll" adapterTypeName="executor://xunit/VsTestRunner2/netcoreapp" className="LiteDB.Tests.Engine.SharedDisposalFailure_Tests" name="Pin_close_failure_finishes_connection_cleanup_and_preserves_leased_reader" />
    </UnitTest>
    <UnitTest name="LiteDB.Tests.Engine.SharedReaderPin_Tests.Tight_write_loop_lets_another_thread_of_the_same_instance_in" storage="__LOCAL_HOME__/.t3/worktrees/litedb/t3code-0cc13448/artifacts_temp/fix-shared-disposal/litedb.tests/bin/release/net10.0/litedb.tests.dll" id="da5e444d-2ecb-f79b-8572-4a24ab4b966b">
      <Execution id="9f49bbc5-b889-4933-b81d-a695d1b42be4" />
      <TestMethod codeBase="__WORKSPACE__/artifacts_temp/fix-shared-disposal/LiteDB.Tests/bin/Release/net10.0/LiteDB.Tests.dll" adapterTypeName="executor://xunit/VsTestRunner2/netcoreapp" className="LiteDB.Tests.Engine.SharedReaderPin_Tests" name="Tight_write_loop_lets_another_thread_of_the_same_instance_in" />
    </UnitTest>
    <UnitTest name="LiteDB.Tests.Engine.SharedReaderPin_Tests.Pin_owner_hands_off_to_each_repeated_waiter" storage="__LOCAL_HOME__/.t3/worktrees/litedb/t3code-0cc13448/artifacts_temp/fix-shared-disposal/litedb.tests/bin/release/net10.0/litedb.tests.dll" id="2581795a-707c-da57-84e4-3582fe7d6357">
      <Execution id="a42575c3-0390-4db2-85c2-012c2ad98e2c" />
      <TestMethod codeBase="__WORKSPACE__/artifacts_temp/fix-shared-disposal/LiteDB.Tests/bin/Release/net10.0/LiteDB.Tests.dll" adapterTypeName="executor://xunit/VsTestRunner2/netcoreapp" className="LiteDB.Tests.Engine.SharedReaderPin_Tests" name="Pin_owner_hands_off_to_each_repeated_waiter" />
    </UnitTest>
    <UnitTest name="LiteDB.Tests.Engine.SharedDisposalFailure_Tests.Pin_close_failure_finishes_connection_cleanup_and_preserves_leased_reader(password: &quot;secret&quot;, failures: 0)" storage="__LOCAL_HOME__/.t3/worktrees/litedb/t3code-0cc13448/artifacts_temp/fix-shared-disposal/litedb.tests/bin/release/net10.0/litedb.tests.dll" id="3aec4e38-0cad-2bbd-fd55-644cf9afd285">
      <Execution id="d9535543-7515-48fd-ac44-046d77066ca5" />
      <TestMethod codeBase="__WORKSPACE__/artifacts_temp/fix-shared-disposal/LiteDB.Tests/bin/Release/net10.0/LiteDB.Tests.dll" adapterTypeName="executor://xunit/VsTestRunner2/netcoreapp" className="LiteDB.Tests.Engine.SharedDisposalFailure_Tests" name="Pin_close_failure_finishes_connection_cleanup_and_preserves_leased_reader" />
    </UnitTest>
    <UnitTest name="LiteDB.Tests.Engine.SharedReaderPin_Tests.Another_process_waits_only_while_the_pin_is_in_use" storage="__LOCAL_HOME__/.t3/worktrees/litedb/t3code-0cc13448/artifacts_temp/fix-shared-disposal/litedb.tests/bin/release/net10.0/litedb.tests.dll" id="cbe91fb9-2d06-0370-2194-2ab86fab86aa">
      <Execution id="c96060ac-3228-4de9-b3c2-34737efa72f6" />
      <TestMethod codeBase="__WORKSPACE__/artifacts_temp/fix-shared-disposal/LiteDB.Tests/bin/Release/net10.0/LiteDB.Tests.dll" adapterTypeName="executor://xunit/VsTestRunner2/netcoreapp" className="LiteDB.Tests.Engine.SharedReaderPin_Tests" name="Another_process_waits_only_while_the_pin_is_in_use" />
    </UnitTest>
    <UnitTest name="LiteDB.Tests.Engine.SharedDisposalFailure_Tests.Pin_close_failure_finishes_connection_cleanup_and_preserves_leased_reader(password: &quot;secret&quot;, failures: 1)" storage="__LOCAL_HOME__/.t3/worktrees/litedb/t3code-0cc13448/artifacts_temp/fix-shared-disposal/litedb.tests/bin/release/net10.0/litedb.tests.dll" id="560fe22b-03cd-7c41-5185-d7e0a4927cb7">
      <Execution id="3ce3856a-4189-451b-a39d-f5dca5aff48a" />
      <TestMethod codeBase="__WORKSPACE__/artifacts_temp/fix-shared-disposal/LiteDB.Tests/bin/Release/net10.0/LiteDB.Tests.dll" adapterTypeName="executor://xunit/VsTestRunner2/netcoreapp" className="LiteDB.Tests.Engine.SharedDisposalFailure_Tests" name="Pin_close_failure_finishes_connection_cleanup_and_preserves_leased_reader" />
    </UnitTest>
    <UnitTest name="LiteDB.Tests.Engine.SharedDisposalFailure_Tests.Pin_close_failure_finishes_connection_cleanup_and_preserves_leased_reader(password: &quot;secret&quot;, failures: 2)" storage="__LOCAL_HOME__/.t3/worktrees/litedb/t3code-0cc13448/artifacts_temp/fix-shared-disposal/litedb.tests/bin/release/net10.0/litedb.tests.dll" id="b7d6ee39-b7a4-1567-f4e3-f5149f950d1c">
      <Execution id="b16e47a1-b787-4fbb-901e-70050046cef3" />
      <TestMethod codeBase="__WORKSPACE__/artifacts_temp/fix-shared-disposal/LiteDB.Tests/bin/Release/net10.0/LiteDB.Tests.dll" adapterTypeName="executor://xunit/VsTestRunner2/netcoreapp" className="LiteDB.Tests.Engine.SharedDisposalFailure_Tests" name="Pin_close_failure_finishes_connection_cleanup_and_preserves_leased_reader" />
    </UnitTest>
    <UnitTest name="LiteDB.Tests.Engine.SharedFinalCheckpointContract_Tests.Parent_final_checkpoint_remains_best_effort_and_failed_attempt_keeps_committed_wal(password: null, fail: False)" storage="__LOCAL_HOME__/.t3/worktrees/litedb/t3code-0cc13448/artifacts_temp/fix-shared-disposal/litedb.tests/bin/release/net10.0/litedb.tests.dll" id="06be6e14-04aa-9e49-c6a1-7f0b65a5dad4">
      <Execution id="03b74cb9-1cdf-4207-b2ea-4c9057dcf848" />
      <TestMethod codeBase="__WORKSPACE__/artifacts_temp/fix-shared-disposal/LiteDB.Tests/bin/Release/net10.0/LiteDB.Tests.dll" adapterTypeName="executor://xunit/VsTestRunner2/netcoreapp" className="LiteDB.Tests.Engine.SharedFinalCheckpointContract_Tests" name="Parent_final_checkpoint_remains_best_effort_and_failed_attempt_keeps_committed_wal" />
    </UnitTest>
    <UnitTest name="LiteDB.Tests.Engine.SharedFinalCheckpointContract_Tests.Parent_final_checkpoint_remains_best_effort_and_failed_attempt_keeps_committed_wal(password: &quot;secret&quot;, fail: True)" storage="__LOCAL_HOME__/.t3/worktrees/litedb/t3code-0cc13448/artifacts_temp/fix-shared-disposal/litedb.tests/bin/release/net10.0/litedb.tests.dll" id="8bae3d3c-f4af-eaa5-2193-883421e5888c">
      <Execution id="ec2cc8c0-c084-4c0f-81b7-b6df9710169c" />
      <TestMethod codeBase="__WORKSPACE__/artifacts_temp/fix-shared-disposal/LiteDB.Tests/bin/Release/net10.0/LiteDB.Tests.dll" adapterTypeName="executor://xunit/VsTestRunner2/netcoreapp" className="LiteDB.Tests.Engine.SharedFinalCheckpointContract_Tests" name="Parent_final_checkpoint_remains_best_effort_and_failed_attempt_keeps_committed_wal" />
    </UnitTest>
  </TestDefinitions>
  <TestEntries>
    <TestEntry testId="3aec4e38-0cad-2bbd-fd55-644cf9afd285" executionId="d9535543-7515-48fd-ac44-046d77066ca5" testListId="8c84fa94-04c1-424b-9868-57a2d4851a1d" />
    <TestEntry testId="fae40436-b112-0f98-da32-3408ea6b6481" executionId="e0bc864b-afdd-4aa1-98eb-0b5ede6ed154" testListId="8c84fa94-04c1-424b-9868-57a2d4851a1d" />
    <TestEntry testId="2581795a-707c-da57-84e4-3582fe7d6357" executionId="a42575c3-0390-4db2-85c2-012c2ad98e2c" testListId="8c84fa94-04c1-424b-9868-57a2d4851a1d" />
    <TestEntry testId="b7d6ee39-b7a4-1567-f4e3-f5149f950d1c" executionId="b16e47a1-b787-4fbb-901e-70050046cef3" testListId="8c84fa94-04c1-424b-9868-57a2d4851a1d" />
    <TestEntry testId="54516442-17fa-350e-89eb-4a4841622be9" executionId="dc31a7ae-463e-4187-8ef3-b1e41963f864" testListId="8c84fa94-04c1-424b-9868-57a2d4851a1d" />
    <TestEntry testId="6d0bc738-85fd-4dcc-72d6-51a40d4fea84" executionId="d84beee2-bb20-4e76-88b3-70ec75f38879" testListId="8c84fa94-04c1-424b-9868-57a2d4851a1d" />
    <TestEntry testId="9ba207cd-52ab-b5de-c8bb-6facf2e4a715" executionId="4829ac9b-53e8-4cd6-9a08-473f5b7962a4" testListId="8c84fa94-04c1-424b-9868-57a2d4851a1d" />
    <TestEntry testId="bdc3fc1e-7253-8e30-3a71-6ec8e09ffe21" executionId="83d53ef8-b512-4e05-84d3-abc3a1064dbc" testListId="8c84fa94-04c1-424b-9868-57a2d4851a1d" />
    <TestEntry testId="3f7f8400-0b32-2d4b-7bd4-2e7dd7e1c19d" executionId="5f244166-f793-42d2-932b-465cba61fcfe" testListId="8c84fa94-04c1-424b-9868-57a2d4851a1d" />
    <TestEntry testId="cbe91fb9-2d06-0370-2194-2ab86fab86aa" executionId="c96060ac-3228-4de9-b3c2-34737efa72f6" testListId="8c84fa94-04c1-424b-9868-57a2d4851a1d" />
    <TestEntry testId="ae5d9ae8-ddba-8ecd-88b7-a8d4a8965d0d" executionId="4f5ec3fe-f929-4d11-9795-9f7fe3773009" testListId="8c84fa94-04c1-424b-9868-57a2d4851a1d" />
    <TestEntry testId="06be6e14-04aa-9e49-c6a1-7f0b65a5dad4" executionId="03b74cb9-1cdf-4207-b2ea-4c9057dcf848" testListId="8c84fa94-04c1-424b-9868-57a2d4851a1d" />
    <TestEntry testId="cf2acf11-4dd6-b1ec-1078-054a6f8f8819" executionId="ac344bab-0b82-46ed-acb9-1291f4932b9e" testListId="8c84fa94-04c1-424b-9868-57a2d4851a1d" />
    <TestEntry testId="095b9310-8eea-c2e9-b72b-7232bf6407fd" executionId="fbd03ab1-7f4b-406d-83a8-97fc81a5bb46" testListId="8c84fa94-04c1-424b-9868-57a2d4851a1d" />
    <TestEntry testId="7a1e25ae-98e5-db96-bfa6-69365d38cd69" executionId="42fbf8b2-432d-44fe-9cea-95f8ae5e4f25" testListId="8c84fa94-04c1-424b-9868-57a2d4851a1d" />
    <TestEntry testId="5ae33888-979f-405a-7361-d58d0ac52cbd" executionId="74d4263f-023c-42a1-a17e-82fcccb3bcc7" testListId="8c84fa94-04c1-424b-9868-57a2d4851a1d" />
    <TestEntry testId="1e4f867e-906c-39c4-8aac-5005eed5449e" executionId="0bf4f5b7-23c3-45c9-92ff-e15271f513c6" testListId="8c84fa94-04c1-424b-9868-57a2d4851a1d" />
    <TestEntry testId="8bae3d3c-f4af-eaa5-2193-883421e5888c" executionId="ec2cc8c0-c084-4c0f-81b7-b6df9710169c" testListId="8c84fa94-04c1-424b-9868-57a2d4851a1d" />
    <TestEntry testId="da5e444d-2ecb-f79b-8572-4a24ab4b966b" executionId="9f49bbc5-b889-4933-b81d-a695d1b42be4" testListId="8c84fa94-04c1-424b-9868-57a2d4851a1d" />
    <TestEntry testId="d6b970af-c726-db63-d865-8dfdba544412" executionId="6aa6ef77-e57b-4b83-9406-cb9bcd1a1ca7" testListId="8c84fa94-04c1-424b-9868-57a2d4851a1d" />
    <TestEntry testId="41d7c62e-49c8-183e-8dd3-822161b1bc3c" executionId="25c8abe5-6d47-4306-8381-af9049b0373e" testListId="8c84fa94-04c1-424b-9868-57a2d4851a1d" />
    <TestEntry testId="560fe22b-03cd-7c41-5185-d7e0a4927cb7" executionId="3ce3856a-4189-451b-a39d-f5dca5aff48a" testListId="8c84fa94-04c1-424b-9868-57a2d4851a1d" />
    <TestEntry testId="9cbd0592-a908-2eae-84be-6d2442b9c5a6" executionId="957d54f7-2363-440a-9700-39516d01b01d" testListId="8c84fa94-04c1-424b-9868-57a2d4851a1d" />
    <TestEntry testId="420b69d2-dfcc-4ed4-8539-6e36bfd05364" executionId="125a62b0-9101-4c6d-86c5-df746d54c0e1" testListId="8c84fa94-04c1-424b-9868-57a2d4851a1d" />
    <TestEntry testId="dd0f6ce6-ba17-fb62-e486-7b9c1b980ee1" executionId="eb1fb28c-a8ff-4362-bd4a-d18a3b024ac3" testListId="8c84fa94-04c1-424b-9868-57a2d4851a1d" />
    <TestEntry testId="b1dc31aa-3e8f-bf82-78ec-f89482d62d59" executionId="61ec3a80-370e-49fe-bd81-599e26a3f882" testListId="8c84fa94-04c1-424b-9868-57a2d4851a1d" />
    <TestEntry testId="d55f80c0-9f22-c631-14b9-070cf32078a4" executionId="373f8fb5-3102-442f-a8c2-2f7211198e1d" testListId="8c84fa94-04c1-424b-9868-57a2d4851a1d" />
    <TestEntry testId="bbc37144-3c4c-59fa-9922-a2a778c696ef" executionId="8741cc90-4d8c-4da2-bc23-a1c35faf801f" testListId="8c84fa94-04c1-424b-9868-57a2d4851a1d" />
  </TestEntries>
  <TestLists>
    <TestList name="Results Not in a List" id="8c84fa94-04c1-424b-9868-57a2d4851a1d" />
    <TestList name="All Loaded Results" id="19431567-8539-422a-85d7-44ee4e166bda" />
  </TestLists>
  <ResultSummary outcome="Completed">
    <Counters total="28" executed="28" passed="28" failed="0" error="0" timeout="0" aborted="0" inconclusive="0" passedButRunAborted="0" notRunnable="0" notExecuted="0" disconnected="0" warning="0" completed="0" inProgress="0" pending="0" />
    <Output>
      <StdOut>[xUnit.net 00:00:00.00] xUnit.net VSTest Adapter v2.8.2+699d445a1a (64-bit .NET 10.0.11)
[xUnit.net 00:00:00.13]   Discovering: LiteDB.Tests
[xUnit.net 00:00:00.71]   Discovered:  LiteDB.Tests
[xUnit.net 00:00:00.75]   Starting:    LiteDB.Tests
[xUnit.net 00:00:08.41]   Finished:    LiteDB.Tests
</StdOut>
    </Output>
  </ResultSummary>
</TestRun>