2026-09-30T10:57:44.0776030Z Current runner version: '2.337.0'
2026-09-30T10:57:44.0792480Z ##[group]Runner Image Provisioner
2026-09-30T10:57:44.0793230Z Hosted Compute Agent
2026-09-30T10:57:44.0793630Z Version: 20260828.587
2026-09-30T10:57:44.0794070Z Commit: abac92662cab4cc7352de4f9f9d2e2419aad9c29
2026-09-30T10:57:44.0794640Z Build Date: 2026-08-28T16:44:25Z
2026-09-30T10:57:44.0795100Z Worker ID: {fdc8f957-4913-4536-8bc1-ecd7a23899f4}
2026-09-30T10:57:44.0795580Z Azure Region: westus
2026-09-30T10:57:44.0795990Z ##[endgroup]
2026-09-30T10:57:44.0796910Z ##[group]Operating System
2026-09-30T10:57:44.0797320Z macOS
2026-09-30T10:57:44.0797800Z 26.6.2
2026-09-30T10:57:44.0798140Z 25G83
2026-09-30T10:57:44.0798730Z ##[endgroup]
2026-09-30T10:57:44.0799130Z ##[group]Runner Image
2026-09-30T10:57:44.0799590Z Image: macos-26-arm64
2026-09-30T10:57:44.0800030Z Version: 20260907.0351.1
2026-09-30T10:57:44.0801120Z Included Software: https://github.com/actions/runner-images/blob/macos-26-arm64/20260907.0351/images/macos/macos-26-arm64-Readme.md
2026-09-30T10:57:44.0802270Z Image Release: https://github.com/actions/runner-images/releases/tag/macos-26-arm64%2F20260907.0351
2026-09-30T10:57:44.0802930Z ##[endgroup]
2026-09-30T10:57:44.0805100Z ##[group]GITHUB_TOKEN Permissions
2026-09-30T10:57:44.0808680Z Actions: write
2026-09-30T10:57:44.0809330Z ArtifactMetadata: write
2026-09-30T10:57:44.0809930Z Attestations: write
2026-09-30T10:57:44.0810380Z Checks: write
2026-09-30T10:57:44.0810860Z CodeQuality: write
2026-09-30T10:57:44.0811270Z Contents: write
2026-09-30T10:57:44.0811640Z CopilotRequests: write
2026-09-30T10:57:44.0812020Z Deployments: write
2026-09-30T10:57:44.0812450Z Discussions: write
2026-09-30T10:57:44.0812860Z Drives: write
2026-09-30T10:57:44.0813210Z Issues: write
2026-09-30T10:57:44.0813630Z Metadata: read
2026-09-30T10:57:44.0814120Z Models: read
2026-09-30T10:57:44.0814550Z Packages: write
2026-09-30T10:57:44.0814970Z Pages: write
2026-09-30T10:57:44.0815380Z PullRequests: write
2026-09-30T10:57:44.0815810Z RepositoryProjects: write
2026-09-30T10:57:44.0816220Z SecurityEvents: write
2026-09-30T10:57:44.0816580Z Statuses: write
2026-09-30T10:57:44.0817050Z VulnerabilityAlerts: read
2026-09-30T10:57:44.0817460Z ##[endgroup]
2026-09-30T10:57:44.0819640Z Secret source: Actions
2026-09-30T10:57:44.0820290Z Cache mode: write
2026-09-30T10:57:44.0820760Z Prepare workflow directory
2026-09-30T10:57:44.1324890Z Prepare all required actions
2026-09-30T10:57:44.1364630Z Getting action download info
2026-09-30T10:57:44.3288830Z Download action repository 'actions/checkout@v4' (SHA:11d5960a326750d5838078e36cf38b85af677262)
2026-09-30T10:57:44.5377430Z Download action repository 'actions/setup-dotnet@v4' (SHA:67a3573c9a986a3f9c594539f4ab511d57bb3ce9)
2026-09-30T10:57:45.5167360Z Download action repository 'actions/download-artifact@v4' (SHA:d3f86a106a0bac45b974a628896c90dbdf5c8093)
2026-09-30T10:57:46.4576150Z Download action repository 'actions/upload-artifact@v4' (SHA:ea165f8d65b6e75b540449e92b4886f43607fa02)
2026-09-30T10:57:46.7201980Z Uses: JKamsker/LiteDB/.github/workflows/_reusable-ci.yml@refs/pull/133/merge (3f614aa69b15771ed1a63b8b8796172fae8b6648)
2026-09-30T10:57:46.7206900Z ##[group] Inputs
2026-09-30T10:57:46.7207740Z   tier: full
2026-09-30T10:57:46.7211560Z   sdk-matrix: [
  { "display": ".NET 8", "runtimeMajor": 8,  "sdk": "8.0.x",           "framework": "net8.0", "includePrerelease": false, "msbuildProps": "" },
  { "display": ".NET 9", "runtimeMajor": 9,  "sdk": "9.0.x\n8.0.x",    "framework": "net8.0", "includePrerelease": true,  "msbuildProps": "" },
  { "display": ".NET 10", "runtimeMajor": 10, "sdk": "10.0.x",          "framework": "net10.0", "includePrerelease": false, "msbuildProps": "" }
]

2026-09-30T10:57:46.7216210Z ##[endgroup]
2026-09-30T10:57:46.7217010Z Complete job name: build-and-test / Test (macOS .NET 8)
2026-09-30T10:57:46.7852310Z ##[group]Run actions/checkout@v4
2026-09-30T10:57:46.7853460Z with:
2026-09-30T10:57:46.7854120Z   repository: JKamsker/LiteDB
2026-09-30T10:57:46.7860180Z   token: ***
2026-09-30T10:57:46.7861370Z   ssh-strict: true
2026-09-30T10:57:46.7861970Z   ssh-user: git
2026-09-30T10:57:46.7862590Z   persist-credentials: true
2026-09-30T10:57:46.7863260Z   clean: true
2026-09-30T10:57:46.7863960Z   sparse-checkout-cone-mode: true
2026-09-30T10:57:46.7864690Z   fetch-depth: 1
2026-09-30T10:57:46.7865340Z   fetch-tags: false
2026-09-30T10:57:46.7865980Z   show-progress: true
2026-09-30T10:57:46.7866590Z   lfs: false
2026-09-30T10:57:46.7867160Z   submodules: false
2026-09-30T10:57:46.7868270Z   set-safe-directory: true
2026-09-30T10:57:46.7869110Z   allow-unsafe-pr-checkout: false
2026-09-30T10:57:46.7870240Z env:
2026-09-30T10:57:46.7871380Z   LITEDB_RETAINED_FIXTURES: __CI_WORKSPACE__/LiteDB.Tests/TestResults/retained-fixtures
2026-09-30T10:57:46.7872720Z ##[endgroup]
2026-09-30T10:57:47.1389180Z Syncing repository: JKamsker/LiteDB
2026-09-30T10:57:47.1392010Z ##[group]Getting Git version info
2026-09-30T10:57:47.1392900Z Working directory is '__CI_HOME__/work/LiteDB/LiteDB'
2026-09-30T10:57:47.1395830Z [command]/opt/homebrew/bin/git version
2026-09-30T10:57:47.1965510Z git version 2.55.0
2026-09-30T10:57:47.1977970Z ##[endgroup]
2026-09-30T10:57:47.1984500Z Copying '__CI_HOME__/.gitconfig' to '__CI_HOME__/work/_temp/5567ae0c-0bef-48ad-9a7c-37962b301763/.gitconfig'
2026-09-30T10:57:47.1997340Z Temporarily overriding HOME='__CI_HOME__/work/_temp/5567ae0c-0bef-48ad-9a7c-37962b301763' before making global git config changes
2026-09-30T10:57:47.1999210Z Adding repository directory to the temporary git global config as a safe directory
2026-09-30T10:57:47.2009620Z [command]/opt/homebrew/bin/git config --global --add safe.directory __CI_WORKSPACE__
2026-09-30T10:57:47.2145360Z Deleting the contents of '__CI_HOME__/work/LiteDB/LiteDB'
2026-09-30T10:57:47.2150570Z ##[group]Initializing the repository
2026-09-30T10:57:47.2153360Z [command]/opt/homebrew/bin/git init __CI_WORKSPACE__
2026-09-30T10:57:47.2418570Z hint: Using 'master' as the name for the initial branch. This default branch name
2026-09-30T10:57:47.2420380Z hint: will change to "main" in Git 3.0. To configure the initial branch name
2026-09-30T10:57:47.2421820Z hint: to use in all of your new repositories, which will suppress this warning,
2026-09-30T10:57:47.2422840Z hint: call:
2026-09-30T10:57:47.2423400Z hint:
2026-09-30T10:57:47.2424100Z hint: 	git config --global init.defaultBranch <name>
2026-09-30T10:57:47.2424930Z hint:
2026-09-30T10:57:47.2425710Z hint: Names commonly chosen instead of 'master' are 'main', 'trunk' and
2026-09-30T10:57:47.2427750Z hint: 'development'. The just-created branch can be renamed via this command:
2026-09-30T10:57:47.2429960Z hint:
2026-09-30T10:57:47.2431800Z hint: 	git branch -m <name>
2026-09-30T10:57:47.2433510Z hint:
2026-09-30T10:57:47.2434490Z hint: Disable this message with "git config set advice.defaultBranchName false"
2026-09-30T10:57:47.2435860Z Initialized empty Git repository in __CI_WORKSPACE__/.git/
2026-09-30T10:57:47.2443620Z [command]/opt/homebrew/bin/git remote add origin https://github.com/JKamsker/LiteDB
2026-09-30T10:57:47.2551370Z ##[endgroup]
2026-09-30T10:57:47.2595130Z ##[group]Disabling automatic garbage collection
2026-09-30T10:57:47.2597360Z [command]/opt/homebrew/bin/git config --local gc.auto 0
2026-09-30T10:57:47.2660880Z ##[endgroup]
2026-09-30T10:57:47.2662080Z ##[group]Setting up auth
2026-09-30T10:57:47.2663830Z [command]/opt/homebrew/bin/git config --local --name-only --get-regexp core\.sshCommand
2026-09-30T10:57:47.2736210Z [command]/opt/homebrew/bin/git submodule foreach --recursive sh -c "git config --local --name-only --get-regexp 'core\.sshCommand' && git config --local --unset-all 'core.sshCommand' || :"
2026-09-30T10:57:47.3967770Z [command]/opt/homebrew/bin/git config --local --name-only --get-regexp http\.https\:\/\/github\.com\/\.extraheader
2026-09-30T10:57:47.4050290Z [command]/opt/homebrew/bin/git submodule foreach --recursive sh -c "git config --local --name-only --get-regexp 'http\.https\:\/\/github\.com\/\.extraheader' && git config --local --unset-all 'http.https://github.com/.extraheader' || :"
2026-09-30T10:57:47.4992020Z [command]/opt/homebrew/bin/git config --local --name-only --get-regexp ^includeIf\.gitdir:
2026-09-30T10:57:47.5072640Z [command]/opt/homebrew/bin/git submodule foreach --recursive git config --local --show-origin --name-only --get-regexp remote.origin.url
2026-09-30T10:57:47.6579240Z [command]/opt/homebrew/bin/git config --local http.https://github.com/.extraheader AUTHORIZATION: basic ***
2026-09-30T10:57:47.6713110Z ##[endgroup]
2026-09-30T10:57:47.6714280Z ##[group]Fetching the repository
2026-09-30T10:57:48.9908970Z [command]/opt/homebrew/bin/git -c protocol.version=2 fetch --no-tags --prune --no-recurse-submodules --depth=1 origin +3f614aa69b15771ed1a63b8b8796172fae8b6648:refs/remotes/pull/133/merge
2026-09-30T10:57:48.9910300Z From https://github.com/JKamsker/LiteDB
2026-09-30T10:57:48.9912410Z  * [new ref]         3f614aa69b15771ed1a63b8b8796172fae8b6648 -> pull/133/merge
2026-09-30T10:57:48.9914820Z ##[endgroup]
2026-09-30T10:57:48.9915310Z ##[group]Determining the checkout info
2026-09-30T10:57:48.9915830Z ##[endgroup]
2026-09-30T10:57:48.9916230Z [command]/opt/homebrew/bin/git sparse-checkout disable
2026-09-30T10:57:49.0013870Z [command]/opt/homebrew/bin/git config --local --unset-all extensions.worktreeConfig
2026-09-30T10:57:49.0083670Z ##[group]Checking out the ref
2026-09-30T10:57:49.0086430Z [command]/opt/homebrew/bin/git checkout --progress --force refs/remotes/pull/133/merge
2026-09-30T10:57:49.3189590Z HEAD is now at 3f614aa Merge e821ae7479dcb83570031180b0c0e3f4fd167793 into 5dd942a7367c361fadd600be4ce10aace2768b27
2026-09-30T10:57:49.3200490Z ##[endgroup]
2026-09-30T10:57:49.3305180Z [command]/opt/homebrew/bin/git log -1 --format=%H
2026-09-30T10:57:49.3380420Z 3f614aa69b15771ed1a63b8b8796172fae8b6648
2026-09-30T10:57:49.3682320Z ##[group]Run actions/setup-dotnet@v4
2026-09-30T10:57:49.3682570Z with:
2026-09-30T10:57:49.3682720Z   dotnet-version: 8.0.x
2026-09-30T10:57:49.3682930Z   cache: false
2026-09-30T10:57:49.3683060Z env:
2026-09-30T10:57:49.3683390Z   LITEDB_RETAINED_FIXTURES: __CI_WORKSPACE__/LiteDB.Tests/TestResults/retained-fixtures
2026-09-30T10:57:49.3683770Z ##[endgroup]
2026-09-30T10:57:49.5119230Z (node:2562) [DEP0040] DeprecationWarning: The `punycode` module is deprecated. Please use a userland alternative instead.
2026-09-30T10:57:49.5158540Z (Use `node --trace-deprecation ...` to show where the warning was created)
2026-09-30T10:57:49.5160350Z [command]__CI_HOME__/work/_actions/actions/setup-dotnet/v4/externals/install-dotnet.sh --skip-non-versioned-files --runtime dotnet --channel LTS
2026-09-30T10:57:50.4306210Z dotnet-install: Attempting to download using aka.ms link https://builds.dotnet.microsoft.com/dotnet/Runtime/10.0.12/dotnet-runtime-10.0.12-osx-arm64.tar.gz
2026-09-30T10:57:51.9083210Z dotnet-install: Remote file https://builds.dotnet.microsoft.com/dotnet/Runtime/10.0.12/dotnet-runtime-10.0.12-osx-arm64.tar.gz size is 33249724 bytes.
2026-09-30T10:57:51.9186900Z dotnet-install: Extracting archive from https://builds.dotnet.microsoft.com/dotnet/Runtime/10.0.12/dotnet-runtime-10.0.12-osx-arm64.tar.gz
2026-09-30T10:57:52.4211890Z dotnet-install: Downloaded file size is 33249724 bytes.
2026-09-30T10:57:52.4215950Z dotnet-install: The remote and local file sizes are equal.
2026-09-30T10:57:52.4508340Z dotnet-install: Installed version is 10.0.12
2026-09-30T10:57:52.4672210Z dotnet-install: Adding to current process PATH: `__CI_HOME__/.dotnet`. Note: This change will be visible only when sourcing script.
2026-09-30T10:57:52.4675790Z dotnet-install: Note that the script does not resolve dependencies during installation.
2026-09-30T10:57:52.4676840Z dotnet-install: To check the list of dependencies, go to https://learn.microsoft.com/dotnet/core/install, select your operating system and check the "Dependencies" section.
2026-09-30T10:57:52.4677560Z dotnet-install: Installation finished successfully.
2026-09-30T10:57:52.4703550Z [command]__CI_HOME__/work/_actions/actions/setup-dotnet/v4/externals/install-dotnet.sh --skip-non-versioned-files --channel 8.0
2026-09-30T10:57:53.3607280Z dotnet-install: Attempting to download using aka.ms link https://builds.dotnet.microsoft.com/dotnet/Sdk/8.0.425/dotnet-sdk-8.0.425-osx-arm64.tar.gz
2026-09-30T10:57:58.8029210Z dotnet-install: Remote file https://builds.dotnet.microsoft.com/dotnet/Sdk/8.0.425/dotnet-sdk-8.0.425-osx-arm64.tar.gz size is 209896438 bytes.
2026-09-30T10:57:58.8034800Z dotnet-install: Extracting archive from https://builds.dotnet.microsoft.com/dotnet/Sdk/8.0.425/dotnet-sdk-8.0.425-osx-arm64.tar.gz
2026-09-30T10:58:07.5563860Z dotnet-install: Downloaded file size is 209896438 bytes.
2026-09-30T10:58:07.5594840Z dotnet-install: The remote and local file sizes are equal.
2026-09-30T10:58:08.2232780Z dotnet-install: Installed version is 8.0.425
2026-09-30T10:58:08.2640480Z dotnet-install: Adding to current process PATH: `__CI_HOME__/.dotnet`. Note: This change will be visible only when sourcing script.
2026-09-30T10:58:08.2744050Z dotnet-install: Note that the script does not resolve dependencies during installation.
2026-09-30T10:58:08.2848670Z dotnet-install: To check the list of dependencies, go to https://learn.microsoft.com/dotnet/core/install, select your operating system and check the "Dependencies" section.
2026-09-30T10:58:08.2916360Z dotnet-install: Installation finished successfully.
2026-09-30T10:58:08.3337630Z ##[group]Run actions/download-artifact@v4
2026-09-30T10:58:08.3337930Z with:
2026-09-30T10:58:08.3338220Z   name: tests-build-macos
2026-09-30T10:58:08.3338600Z   merge-multiple: false
2026-09-30T10:58:08.3338840Z   repository: JKamsker/LiteDB
2026-09-30T10:58:08.3339170Z   run-id: 36705044676
2026-09-30T10:58:08.3339400Z env:
2026-09-30T10:58:08.3339870Z   LITEDB_RETAINED_FIXTURES: __CI_WORKSPACE__/LiteDB.Tests/TestResults/retained-fixtures
2026-09-30T10:58:08.3340400Z   DOTNET_ROOT: __CI_HOME__/.dotnet
2026-09-30T10:58:08.3340780Z ##[endgroup]
2026-09-30T10:58:08.7534640Z Downloading single artifact
2026-09-30T10:58:08.8112650Z (node:3330) [DEP0040] DeprecationWarning: The `punycode` module is deprecated. Please use a userland alternative instead.
2026-09-30T10:58:08.8184860Z (Use `node --trace-deprecation ...` to show where the warning was created)
2026-09-30T10:58:08.9382060Z Preparing to download the following artifacts:
2026-09-30T10:58:08.9383010Z - tests-build-macos (ID: 11092085743, Size: 39955602, Expected Digest: sha256:4a7d1ae447e21ed7c2bad2b8f3e61d105cb4eadf8c87d15c849a96bb69c826ca)
2026-09-30T10:58:09.0977440Z Redirecting to blob download url: https://productionresultssa18.blob.core.windows.net/actions-results/b2c9bfe9-81f6-86f6-816b-fddb3bc6c705/workflow-job-run-1ae2f629-7a93-56c7-b48b-9818695335e8/artifacts/f68b60ee3eee88148c2c3f9e4be4f9d5f88c82dec9e8d90448f02dff55e0715f.zip
2026-09-30T10:58:09.0981120Z Starting download of artifact to: __CI_WORKSPACE__
2026-09-30T10:58:09.2186140Z (node:3330) [DEP0005] DeprecationWarning: Buffer() is deprecated due to security and usability issues. Please use the Buffer.alloc(), Buffer.allocUnsafe(), or Buffer.from() methods instead.
2026-09-30T10:58:10.1051190Z SHA256 digest of downloaded artifact is 4a7d1ae447e21ed7c2bad2b8f3e61d105cb4eadf8c87d15c849a96bb69c826ca
2026-09-30T10:58:10.1155760Z Artifact download completed successfully.
2026-09-30T10:58:10.1164120Z Total of 1 artifact(s) downloaded
2026-09-30T10:58:10.1164720Z Download artifact has finished successfully
2026-09-30T10:58:10.1284050Z ##[group]Run tar -xzf tests-build-macos.tar.gz
2026-09-30T10:58:10.1284630Z [36;1mtar -xzf tests-build-macos.tar.gz[0m
2026-09-30T10:58:10.1356100Z shell: /bin/bash -e {0}
2026-09-30T10:58:10.1356680Z env:
2026-09-30T10:58:10.1357330Z   LITEDB_RETAINED_FIXTURES: __CI_WORKSPACE__/LiteDB.Tests/TestResults/retained-fixtures
2026-09-30T10:58:10.1357810Z   DOTNET_ROOT: __CI_HOME__/.dotnet
2026-09-30T10:58:10.1358110Z ##[endgroup]
2026-09-30T10:58:10.7514750Z ##[group]Run ./scripts/run-ci-tests.ps1 -RuntimeMajor 8 -Framework "net8.0" -PartitionSuite
2026-09-30T10:58:10.7523160Z [36;1m./scripts/run-ci-tests.ps1 -RuntimeMajor 8 -Framework "net8.0" -PartitionSuite[0m
2026-09-30T10:58:10.7569800Z shell: /usr/local/bin/pwsh -command ". '{0}'"
2026-09-30T10:58:10.7570460Z env:
2026-09-30T10:58:10.7571390Z   LITEDB_RETAINED_FIXTURES: __CI_WORKSPACE__/LiteDB.Tests/TestResults/retained-fixtures
2026-09-30T10:58:10.7572500Z   DOTNET_ROOT: __CI_HOME__/.dotnet
2026-09-30T10:58:10.7574010Z   LITEDB_EVIDENCE_MATRIX: {
  "item": {
    "display": ".NET 8",
    "runtimeMajor": 8,
    "sdk": "8.0.x",
    "framework": "net8.0",
    "includePrerelease": false,
    "msbuildProps": ""
  }
}
2026-09-30T10:58:10.7575570Z ##[endgroup]
2026-09-30T10:58:14.1273080Z dotnet-install: Attempting to download using aka.ms link https://builds.dotnet.microsoft.com/dotnet/Runtime/8.0.31/dotnet-runtime-8.0.31-osx-arm64.tar.gz
2026-09-30T10:58:15.0547810Z dotnet-install: Remote file https://builds.dotnet.microsoft.com/dotnet/Runtime/8.0.31/dotnet-runtime-8.0.31-osx-arm64.tar.gz size is 29086664 bytes.
2026-09-30T10:58:15.0572310Z dotnet-install: Extracting archive from https://builds.dotnet.microsoft.com/dotnet/Runtime/8.0.31/dotnet-runtime-8.0.31-osx-arm64.tar.gz
2026-09-30T10:58:15.6847340Z dotnet-install: Downloaded file size is 29086664 bytes.
2026-09-30T10:58:15.6848030Z dotnet-install: The remote and local file sizes are equal.
2026-09-30T10:58:15.7339060Z dotnet-install: Installed version is 8.0.31
2026-09-30T10:58:15.7655850Z dotnet-install: Binaries of dotnet can be found in __CI_HOME__/work/_temp/litedb-runtime-8-arm64
2026-09-30T10:58:15.7656610Z dotnet-install: Note that the script does not resolve dependencies during installation.
2026-09-30T10:58:15.7658170Z dotnet-install: To check the list of dependencies, go to https://learn.microsoft.com/dotnet/core/install, select your operating system and check the "Dependencies" section.
2026-09-30T10:58:15.7659090Z dotnet-install: Installation finished successfully.
2026-09-30T10:58:15.9147020Z 
2026-09-30T10:58:15.9147790Z Host:
2026-09-30T10:58:15.9148880Z   Version:      8.0.31
2026-09-30T10:58:15.9150010Z   Architecture: arm64
2026-09-30T10:58:15.9206610Z   Commit:       1219a42122
2026-09-30T10:58:15.9207210Z   RID:          osx-arm64
2026-09-30T10:58:15.9207440Z 
2026-09-30T10:58:15.9207570Z .NET SDKs installed:
2026-09-30T10:58:15.9207960Z   No SDKs were found.
2026-09-30T10:58:15.9208230Z 
2026-09-30T10:58:15.9208320Z .NET runtimes installed:
2026-09-30T10:58:15.9208890Z   Microsoft.NETCore.App 8.0.31 [__CI_HOME__/work/_temp/litedb-runtime-8-arm64/shared/Microsoft.NETCore.App]
2026-09-30T10:58:15.9209320Z 
2026-09-30T10:58:15.9209540Z Other architectures found:
2026-09-30T10:58:15.9210110Z   None
2026-09-30T10:58:15.9210200Z 
2026-09-30T10:58:15.9210300Z Environment variables:
2026-09-30T10:58:15.9210780Z   DOTNET_ROOT       [__CI_HOME__/.dotnet]
2026-09-30T10:58:15.9211150Z 
2026-09-30T10:58:15.9211250Z global.json file:
2026-09-30T10:58:15.9211880Z   Not found
2026-09-30T10:58:15.9212100Z 
2026-09-30T10:58:15.9212270Z Learn more:
2026-09-30T10:58:15.9212550Z   https://aka.ms/dotnet/info
2026-09-30T10:58:15.9212810Z 
2026-09-30T10:58:15.9213000Z Download .NET:
2026-09-30T10:58:15.9213480Z   https://aka.ms/dotnet/download
2026-09-30T10:58:15.9931360Z 
2026-09-30T10:58:15.9932170Z Host:
2026-09-30T10:58:15.9933200Z   Version:      8.0.31
2026-09-30T10:58:15.9933920Z   Architecture: arm64
2026-09-30T10:58:15.9934730Z   Commit:       1219a42122
2026-09-30T10:58:15.9935550Z   RID:          osx-arm64
2026-09-30T10:58:15.9935840Z 
2026-09-30T10:58:15.9936090Z .NET SDKs installed:
2026-09-30T10:58:15.9936660Z   No SDKs were found.
2026-09-30T10:58:15.9936940Z 
2026-09-30T10:58:15.9937170Z .NET runtimes installed:
2026-09-30T10:58:15.9938280Z   Microsoft.NETCore.App 8.0.31 [__CI_HOME__/work/_temp/litedb-runtime-8-arm64/shared/Microsoft.NETCore.App]
2026-09-30T10:58:15.9939390Z 
2026-09-30T10:58:15.9941650Z Other architectures found:
2026-09-30T10:58:15.9944080Z   None
2026-09-30T10:58:15.9944400Z 
2026-09-30T10:58:15.9944580Z Environment variables:
2026-09-30T10:58:15.9944880Z   DOTNET_ROOT       [__CI_HOME__/.dotnet]
2026-09-30T10:58:15.9945040Z 
2026-09-30T10:58:15.9945160Z global.json file:
2026-09-30T10:58:15.9945450Z   Not found
2026-09-30T10:58:15.9945650Z 
2026-09-30T10:58:15.9945720Z Learn more:
2026-09-30T10:58:15.9946060Z   https://aka.ms/dotnet/info
2026-09-30T10:58:15.9946280Z 
2026-09-30T10:58:15.9946340Z Download .NET:
2026-09-30T10:58:15.9946620Z   https://aka.ms/dotnet/download
2026-09-30T10:58:27.9445070Z Partition coverage: 2531 test methods, 0 not in exactly one partition.
2026-09-30T10:58:28.1632540Z Running complete-suite partition: issues
2026-09-30T10:58:28.2270610Z 
2026-09-30T10:58:28.2271780Z Host:
2026-09-30T10:58:28.2273120Z   Version:      8.0.31
2026-09-30T10:58:28.2273760Z   Architecture: arm64
2026-09-30T10:58:28.2274520Z   Commit:       1219a42122
2026-09-30T10:58:28.2275400Z   RID:          osx-arm64
2026-09-30T10:58:28.2276010Z 
2026-09-30T10:58:28.2276380Z .NET SDKs installed:
2026-09-30T10:58:28.2277270Z   No SDKs were found.
2026-09-30T10:58:28.2277550Z 
2026-09-30T10:58:28.2277890Z .NET runtimes installed:
2026-09-30T10:58:28.2279150Z   Microsoft.NETCore.App 8.0.31 [__CI_HOME__/work/_temp/litedb-runtime-8-arm64/shared/Microsoft.NETCore.App]
2026-09-30T10:58:28.2280250Z 
2026-09-30T10:58:28.2280650Z Other architectures found:
2026-09-30T10:58:28.2281270Z   None
2026-09-30T10:58:28.2281680Z 
2026-09-30T10:58:28.2282050Z Environment variables:
2026-09-30T10:58:28.2282670Z   DOTNET_ROOT       [__CI_HOME__/.dotnet]
2026-09-30T10:58:28.2283230Z 
2026-09-30T10:58:28.2283520Z global.json file:
2026-09-30T10:58:28.2284250Z   Not found
2026-09-30T10:58:28.2284480Z 
2026-09-30T10:58:28.2284840Z Learn more:
2026-09-30T10:58:28.2285600Z   https://aka.ms/dotnet/info
2026-09-30T10:58:28.2286050Z 
2026-09-30T10:58:28.2286410Z Download .NET:
2026-09-30T10:58:28.2287060Z   https://aka.ms/dotnet/download
2026-09-30T10:58:28.6889680Z VSTest version 18.7.0 (arm64)
2026-09-30T10:58:28.6962950Z 
2026-09-30T10:58:28.8412140Z Starting test execution, please wait...
2026-09-30T10:58:28.8804460Z A total of 1 test files matched the specified pattern.
2026-09-30T10:58:56.2558010Z [xUnit.net 00:00:26.92]     LiteDB.Tests.Issues.Issue2127_Tests+ReproTests.InsertItemBackToBack_Test [SKIP]
2026-09-30T10:58:56.2644070Z   Skipped LiteDB.Tests.Issues.Issue2127_Tests+ReproTests.InsertItemBackToBack_Test [1 ms]
2026-09-30T10:59:13.6069310Z Results File: __CI_WORKSPACE__/LiteDB.Tests/TestResults/TestResults-issues.trx
2026-09-30T10:59:13.6163090Z 
2026-09-30T10:59:13.6236930Z Passed!  - Failed:     0, Passed:  1571, Skipped:     1, Total:  1572, Duration: 42 s - LiteDB.Tests.dll (net8.0)
2026-09-30T10:59:13.7917060Z Running complete-suite partition: rebuild
2026-09-30T10:59:13.8722260Z 
2026-09-30T10:59:13.8722730Z Host:
2026-09-30T10:59:13.8724970Z   Version:      8.0.31
2026-09-30T10:59:13.8725390Z   Architecture: arm64
2026-09-30T10:59:13.8727460Z   Commit:       1219a42122
2026-09-30T10:59:13.8728930Z   RID:          osx-arm64
2026-09-30T10:59:13.8730140Z 
2026-09-30T10:59:13.8730270Z .NET SDKs installed:
2026-09-30T10:59:13.8730640Z   No SDKs were found.
2026-09-30T10:59:13.8730800Z 
2026-09-30T10:59:13.8730940Z .NET runtimes installed:
2026-09-30T10:59:13.8731620Z   Microsoft.NETCore.App 8.0.31 [__CI_HOME__/work/_temp/litedb-runtime-8-arm64/shared/Microsoft.NETCore.App]
2026-09-30T10:59:13.8732030Z 
2026-09-30T10:59:13.8732170Z Other architectures found:
2026-09-30T10:59:13.8732460Z   None
2026-09-30T10:59:13.8732540Z 
2026-09-30T10:59:13.8732840Z Environment variables:
2026-09-30T10:59:13.8733180Z   DOTNET_ROOT       [__CI_HOME__/.dotnet]
2026-09-30T10:59:13.8733390Z 
2026-09-30T10:59:13.8733450Z global.json file:
2026-09-30T10:59:13.8733710Z   Not found
2026-09-30T10:59:13.8734180Z 
2026-09-30T10:59:13.8734350Z Learn more:
2026-09-30T10:59:13.8734560Z   https://aka.ms/dotnet/info
2026-09-30T10:59:13.8742020Z 
2026-09-30T10:59:13.8749500Z Download .NET:
2026-09-30T10:59:13.8750000Z   https://aka.ms/dotnet/download
2026-09-30T10:59:14.1260680Z VSTest version 18.7.0 (arm64)
2026-09-30T10:59:14.1265030Z 
2026-09-30T10:59:14.1868670Z Starting test execution, please wait...
2026-09-30T10:59:14.2061280Z A total of 1 test files matched the specified pattern.
2026-09-30T10:59:21.4946150Z [xUnit.net 00:00:07.02]     LiteDB.Tests.Engine.Rebuild_Tests.Rebuild_Change_Culture_Error [SKIP]
2026-09-30T10:59:21.6321560Z   Skipped LiteDB.Tests.Engine.Rebuild_Tests.Rebuild_Change_Culture_Error [1 ms]
2026-09-30T10:59:21.6484620Z Results File: __CI_WORKSPACE__/LiteDB.Tests/TestResults/TestResults-rebuild.trx
2026-09-30T10:59:21.6486720Z 
2026-09-30T10:59:21.6513200Z Passed!  - Failed:     0, Passed:    87, Skipped:     1, Total:    88, Duration: 6 s - LiteDB.Tests.dll (net8.0)
2026-09-30T10:59:21.6738530Z Running complete-suite partition: engine-compact
2026-09-30T10:59:21.7130870Z 
2026-09-30T10:59:21.7131480Z Host:
2026-09-30T10:59:21.7134100Z   Version:      8.0.31
2026-09-30T10:59:21.7150570Z   Architecture: arm64
2026-09-30T10:59:21.7152520Z   Commit:       1219a42122
2026-09-30T10:59:21.7153480Z   RID:          osx-arm64
2026-09-30T10:59:21.7155360Z 
2026-09-30T10:59:21.7155790Z .NET SDKs installed:
2026-09-30T10:59:21.7156320Z   No SDKs were found.
2026-09-30T10:59:21.7156670Z 
2026-09-30T10:59:21.7157190Z .NET runtimes installed:
2026-09-30T10:59:21.7157870Z   Microsoft.NETCore.App 8.0.31 [__CI_HOME__/work/_temp/litedb-runtime-8-arm64/shared/Microsoft.NETCore.App]
2026-09-30T10:59:21.7158360Z 
2026-09-30T10:59:21.7158500Z Other architectures found:
2026-09-30T10:59:21.7158880Z   None
2026-09-30T10:59:21.7159290Z 
2026-09-30T10:59:21.7159680Z Environment variables:
2026-09-30T10:59:21.7160380Z   DOTNET_ROOT       [__CI_HOME__/.dotnet]
2026-09-30T10:59:21.7160740Z 
2026-09-30T10:59:21.7160890Z global.json file:
2026-09-30T10:59:21.7161160Z   Not found
2026-09-30T10:59:21.7161240Z 
2026-09-30T10:59:21.7161380Z Learn more:
2026-09-30T10:59:21.7161710Z   https://aka.ms/dotnet/info
2026-09-30T10:59:21.7161920Z 
2026-09-30T10:59:21.7161980Z Download .NET:
2026-09-30T10:59:21.7162250Z   https://aka.ms/dotnet/download
2026-09-30T10:59:21.9201440Z VSTest version 18.7.0 (arm64)
2026-09-30T10:59:21.9302150Z 
2026-09-30T10:59:21.9894780Z Starting test execution, please wait...
2026-09-30T10:59:22.0130580Z A total of 1 test files matched the specified pattern.
2026-09-30T11:00:00.2787530Z Results File: __CI_WORKSPACE__/LiteDB.Tests/TestResults/TestResults-engine-compact.trx
2026-09-30T11:00:00.2810670Z 
2026-09-30T11:00:00.2829240Z Passed!  - Failed:     0, Passed:   296, Skipped:     0, Total:   296, Duration: 36 s - LiteDB.Tests.dll (net8.0)
2026-09-30T11:00:00.3924900Z Running complete-suite partition: engine-index
2026-09-30T11:00:00.5746670Z 
2026-09-30T11:00:00.5747440Z Host:
2026-09-30T11:00:00.5748370Z   Version:      8.0.31
2026-09-30T11:00:00.5749040Z   Architecture: arm64
2026-09-30T11:00:00.5749590Z   Commit:       1219a42122
2026-09-30T11:00:00.5750130Z   RID:          osx-arm64
2026-09-30T11:00:00.5750440Z 
2026-09-30T11:00:00.5765980Z .NET SDKs installed:
2026-09-30T11:00:00.5767350Z   No SDKs were found.
2026-09-30T11:00:00.5768460Z 
2026-09-30T11:00:00.5769430Z .NET runtimes installed:
2026-09-30T11:00:00.5771670Z   Microsoft.NETCore.App 8.0.31 [__CI_HOME__/work/_temp/litedb-runtime-8-arm64/shared/Microsoft.NETCore.App]
2026-09-30T11:00:00.5772690Z 
2026-09-30T11:00:00.5773200Z Other architectures found:
2026-09-30T11:00:00.5773990Z   None
2026-09-30T11:00:00.5774370Z 
2026-09-30T11:00:00.5774690Z Environment variables:
2026-09-30T11:00:00.5775390Z   DOTNET_ROOT       [__CI_HOME__/.dotnet]
2026-09-30T11:00:00.5775790Z 
2026-09-30T11:00:00.5776070Z global.json file:
2026-09-30T11:00:00.5776920Z   Not found
2026-09-30T11:00:00.5777320Z 
2026-09-30T11:00:00.5777480Z Learn more:
2026-09-30T11:00:00.5778570Z   https://aka.ms/dotnet/info
2026-09-30T11:00:00.5778920Z 
2026-09-30T11:00:00.5796890Z Download .NET:
2026-09-30T11:00:00.5806870Z   https://aka.ms/dotnet/download
2026-09-30T11:00:00.9308580Z VSTest version 18.7.0 (arm64)
2026-09-30T11:00:00.9309840Z 
2026-09-30T11:00:01.0226040Z Starting test execution, please wait...
2026-09-30T11:00:01.0579180Z A total of 1 test files matched the specified pattern.
2026-09-30T11:00:36.6050450Z Results File: __CI_WORKSPACE__/LiteDB.Tests/TestResults/TestResults-engine-index.trx
2026-09-30T11:00:36.6053640Z 
2026-09-30T11:00:36.6112130Z Passed!  - Failed:     0, Passed:    63, Skipped:     0, Total:    63, Duration: 34 s - LiteDB.Tests.dll (net8.0)
2026-09-30T11:00:36.6913820Z Running complete-suite partition: engine-admission
2026-09-30T11:00:36.7839860Z 
2026-09-30T11:00:36.7846080Z Host:
2026-09-30T11:00:36.7847230Z   Version:      8.0.31
2026-09-30T11:00:36.7847880Z   Architecture: arm64
2026-09-30T11:00:36.7848300Z   Commit:       1219a42122
2026-09-30T11:00:36.7848830Z   RID:          osx-arm64
2026-09-30T11:00:36.7849440Z 
2026-09-30T11:00:36.7849770Z .NET SDKs installed:
2026-09-30T11:00:36.7850340Z   No SDKs were found.
2026-09-30T11:00:36.7850690Z 
2026-09-30T11:00:36.7850900Z .NET runtimes installed:
2026-09-30T11:00:36.7851700Z   Microsoft.NETCore.App 8.0.31 [__CI_HOME__/work/_temp/litedb-runtime-8-arm64/shared/Microsoft.NETCore.App]
2026-09-30T11:00:36.7852290Z 
2026-09-30T11:00:36.7852550Z Other architectures found:
2026-09-30T11:00:36.7853300Z   None
2026-09-30T11:00:36.7853680Z 
2026-09-30T11:00:36.7854210Z Environment variables:
2026-09-30T11:00:36.7855270Z   DOTNET_ROOT       [__CI_HOME__/.dotnet]
2026-09-30T11:00:36.7856320Z 
2026-09-30T11:00:36.7856490Z global.json file:
2026-09-30T11:00:36.7857240Z   Not found
2026-09-30T11:00:36.7857600Z 
2026-09-30T11:00:36.7857960Z Learn more:
2026-09-30T11:00:36.7858330Z   https://aka.ms/dotnet/info
2026-09-30T11:00:36.7858730Z 
2026-09-30T11:00:36.7859000Z Download .NET:
2026-09-30T11:00:36.7859400Z   https://aka.ms/dotnet/download
2026-09-30T11:00:37.1779990Z VSTest version 18.7.0 (arm64)
2026-09-30T11:00:37.1845750Z 
2026-09-30T11:00:37.2731660Z Starting test execution, please wait...
2026-09-30T11:00:37.3005110Z A total of 1 test files matched the specified pattern.
2026-09-30T11:01:01.7166770Z Results File: __CI_WORKSPACE__/LiteDB.Tests/TestResults/TestResults-engine-admission.trx
2026-09-30T11:01:01.7171760Z 
2026-09-30T11:01:01.7199840Z Passed!  - Failed:     0, Passed:   126, Skipped:     0, Total:   126, Duration: 22 s - LiteDB.Tests.dll (net8.0)
2026-09-30T11:01:01.8509130Z Running complete-suite partition: engine-shared
2026-09-30T11:01:02.0635600Z 
2026-09-30T11:01:02.0646000Z Host:
2026-09-30T11:01:02.0657980Z   Version:      8.0.31
2026-09-30T11:01:02.0664580Z   Architecture: arm64
2026-09-30T11:01:02.0675110Z   Commit:       1219a42122
2026-09-30T11:01:02.0677590Z   RID:          osx-arm64
2026-09-30T11:01:02.0678180Z 
2026-09-30T11:01:02.0678450Z .NET SDKs installed:
2026-09-30T11:01:02.0678760Z   No SDKs were found.
2026-09-30T11:01:02.0823640Z 
2026-09-30T11:01:02.1055620Z .NET runtimes installed:
2026-09-30T11:01:02.1147650Z   Microsoft.NETCore.App 8.0.31 [__CI_HOME__/work/_temp/litedb-runtime-8-arm64/shared/Microsoft.NETCore.App]
2026-09-30T11:01:02.1173290Z 
2026-09-30T11:01:02.1174930Z Other architectures found:
2026-09-30T11:01:02.1176300Z   None
2026-09-30T11:01:02.1176940Z 
2026-09-30T11:01:02.1178610Z Environment variables:
2026-09-30T11:01:02.1194050Z   DOTNET_ROOT       [__CI_HOME__/.dotnet]
2026-09-30T11:01:02.1197930Z 
2026-09-30T11:01:02.1201530Z global.json file:
2026-09-30T11:01:02.1203380Z   Not found
2026-09-30T11:01:02.1205000Z 
2026-09-30T11:01:02.1206290Z Learn more:
2026-09-30T11:01:02.1207130Z   https://aka.ms/dotnet/info
2026-09-30T11:01:02.1208090Z 
2026-09-30T11:01:02.1208900Z Download .NET:
2026-09-30T11:01:02.1213830Z   https://aka.ms/dotnet/download
2026-09-30T11:01:02.8589010Z VSTest version 18.7.0 (arm64)
2026-09-30T11:01:02.8689640Z 
2026-09-30T11:01:03.0738580Z Starting test execution, please wait...
2026-09-30T11:01:03.1766540Z A total of 1 test files matched the specified pattern.
2026-09-30T11:01:25.6588370Z [xUnit.net 00:00:21.72]     LiteDB.Tests.Engine.SharedAdmissionLifetime_Tests.Open_retains_admission_when_a_callback_disposes_the_connection [FAIL]
2026-09-30T11:01:25.6605350Z   Failed LiteDB.Tests.Engine.SharedAdmissionLifetime_Tests.Open_retains_admission_when_a_callback_disposes_the_connection [16 ms]
2026-09-30T11:01:25.6606210Z   Error Message:
2026-09-30T11:01:25.6607470Z    Expected a <System.IO.IOException> to be thrown, but found <System.InvalidOperationException>:
2026-09-30T11:01:25.6608500Z System.InvalidOperationException: Cannot close a shared connection from inside its executing operation.
2026-09-30T11:01:25.6610620Z    at LiteDB.SharedEngine.Dispose(Boolean disposing) in __CI_WORKSPACE__/LiteDB/Client/Shared/SharedEngine.Disposal.cs:line 20
2026-09-30T11:01:25.6611940Z    at LiteDB.SharedEngine.Dispose() in __CI_WORKSPACE__/LiteDB/Client/Shared/SharedEngine.cs:line 440
2026-09-30T11:01:25.6613450Z    at LiteDB.Tests.Engine.SharedAdmissionLifetime_Tests.<>c__DisplayClass1_0.<Open_retains_admission_when_a_callback_disposes_the_connection>b__1() in __CI_WORKSPACE__/LiteDB.Tests/Engine/SharedAdmissionLifetime_Tests.cs:line 78
2026-09-30T11:01:25.6615320Z    at LiteDB.SharedEngine.CreateEngine(Boolean recoveredAbandonedOwner, EngineSettings settings) in __CI_WORKSPACE__/LiteDB/Client/Shared/SharedEngine.cs:line 158
2026-09-30T11:01:25.6616610Z    at LiteDB.SharedEngine.OpenEngine(Boolean recoveredAbandonedOwner, Boolean final, Boolean writing) in __CI_WORKSPACE__/LiteDB/Client/Shared/SharedEngine.Coordination.cs:line 41
2026-09-30T11:01:25.6619120Z    at LiteDB.SharedEngine.OpenDatabase(Boolean scoped, Boolean writing, CancellationToken closing, TransactionAdmission admission) in __CI_WORKSPACE__/LiteDB/Client/Shared/SharedEngine.cs:line 134
2026-09-30T11:01:25.6628930Z    at LiteDB.SharedEngine.<>c__DisplayClass7_0`1.<QueryDatabase>b__0() in __CI_WORKSPACE__/LiteDB/Client/Shared/SharedEngine.Calls.cs:line 44
2026-09-30T11:01:25.6630050Z    at LiteDB.SharedEngine.Call[T](Func`1 call) in __CI_WORKSPACE__/LiteDB/Client/Shared/SharedEngine.Calls.cs:line 61
2026-09-30T11:01:25.6631060Z    at LiteDB.SharedEngine.QueryDatabase[T](Func`1 Query) in __CI_WORKSPACE__/LiteDB/Client/Shared/SharedEngine.Calls.cs:line 42
2026-09-30T11:01:25.6632080Z    at LiteDB.SharedEngine.Pragma(String name) in __CI_WORKSPACE__/LiteDB/Client/Shared/SharedEngine.cs:line 345
2026-09-30T11:01:25.6633390Z    at LiteDB.Tests.Engine.SharedAdmissionLifetime_Tests.<>c__DisplayClass1_0.<Open_retains_admission_when_a_callback_disposes_the_connection>b__2() in __CI_WORKSPACE__/LiteDB.Tests/Engine/SharedAdmissionLifetime_Tests.cs:line 82
2026-09-30T11:01:25.6634530Z    at FluentAssertions.Specialized.ActionAssertions.InvokeSubject()
2026-09-30T11:01:25.6635220Z    at FluentAssertions.Specialized.DelegateAssertions`2.InvokeSubjectWithInterception().
2026-09-30T11:01:25.6635950Z   Stack Trace:
2026-09-30T11:01:25.6636520Z      at FluentAssertions.Execution.XUnit2TestFramework.Throw(String message)
2026-09-30T11:01:25.6639290Z    at FluentAssertions.Execution.TestFrameworkProvider.Throw(String message)
2026-09-30T11:01:25.6640070Z    at FluentAssertions.Execution.DefaultAssertionStrategy.HandleFailure(String message)
2026-09-30T11:01:25.6640870Z    at FluentAssertions.Execution.AssertionScope.FailWith(Func`1 failReasonFunc)
2026-09-30T11:01:25.6649120Z    at FluentAssertions.Specialized.DelegateAssertionsBase`2.ThrowInternal[TException](Exception exception, String because, Object[] becauseArgs)
2026-09-30T11:01:25.6650840Z    at FluentAssertions.Specialized.DelegateAssertions`2.Throw[TException](String because, Object[] becauseArgs)
2026-09-30T11:01:25.6657400Z    at LiteDB.Tests.Engine.SharedAdmissionLifetime_Tests.Open_retains_admission_when_a_callback_disposes_the_connection() in __CI_WORKSPACE__/LiteDB.Tests/Engine/SharedAdmissionLifetime_Tests.cs:line 83
2026-09-30T11:01:25.6659540Z    at System.RuntimeMethodHandle.InvokeMethod(Object target, Void** arguments, Signature sig, Boolean isConstructor)
2026-09-30T11:01:25.6674440Z    at System.Reflection.MethodBaseInvoker.InvokeWithNoArgs(Object obj, BindingFlags invokeAttr)
2026-09-30T11:01:49.2149430Z Results File: __CI_WORKSPACE__/LiteDB.Tests/TestResults/TestResults-engine-shared.trx
2026-09-30T11:01:49.2150330Z 
2026-09-30T11:01:49.2174310Z Failed!  - Failed:     1, Passed:   373, Skipped:     0, Total:   374, Duration: 44 s - LiteDB.Tests.dll (net8.0)
2026-09-30T11:01:49.2472810Z Running complete-suite partition: engine
2026-09-30T11:01:49.3166090Z 
2026-09-30T11:01:49.3166460Z Host:
2026-09-30T11:01:49.3166850Z   Version:      8.0.31
2026-09-30T11:01:49.3169320Z   Architecture: arm64
2026-09-30T11:01:49.3169850Z   Commit:       1219a42122
2026-09-30T11:01:49.3170720Z   RID:          osx-arm64
2026-09-30T11:01:49.3170930Z 
2026-09-30T11:01:49.3171210Z .NET SDKs installed:
2026-09-30T11:01:49.3171430Z   No SDKs were found.
2026-09-30T11:01:49.3171610Z 
2026-09-30T11:01:49.3171760Z .NET runtimes installed:
2026-09-30T11:01:49.3172260Z   Microsoft.NETCore.App 8.0.31 [__CI_HOME__/work/_temp/litedb-runtime-8-arm64/shared/Microsoft.NETCore.App]
2026-09-30T11:01:49.3172650Z 
2026-09-30T11:01:49.3172840Z Other architectures found:
2026-09-30T11:01:49.3173160Z   None
2026-09-30T11:01:49.3173310Z 
2026-09-30T11:01:49.3173390Z Environment variables:
2026-09-30T11:01:49.3173670Z   DOTNET_ROOT       [__CI_HOME__/.dotnet]
2026-09-30T11:01:49.3173900Z 
2026-09-30T11:01:49.3174000Z global.json file:
2026-09-30T11:01:49.3174210Z   Not found
2026-09-30T11:01:49.3174350Z 
2026-09-30T11:01:49.3174450Z Learn more:
2026-09-30T11:01:49.3174660Z   https://aka.ms/dotnet/info
2026-09-30T11:01:49.3174850Z 
2026-09-30T11:01:49.3174960Z Download .NET:
2026-09-30T11:01:49.5398600Z   https://aka.ms/dotnet/download
2026-09-30T11:01:49.5398940Z VSTest version 18.7.0 (arm64)
2026-09-30T11:01:49.5403240Z 
2026-09-30T11:01:49.5921610Z Starting test execution, please wait...
2026-09-30T11:01:49.6109610Z A total of 1 test files matched the specified pattern.
2026-09-30T11:02:14.0732820Z [xUnit.net 00:00:24.05]     LiteDB.Tests.Engine.Collation_Tests.Create_Database_Using_Current_Culture [SKIP]
2026-09-30T11:02:14.1316780Z   Skipped LiteDB.Tests.Engine.Collation_Tests.Create_Database_Using_Current_Culture [1 ms]
2026-09-30T11:02:59.2986570Z Results File: __CI_WORKSPACE__/LiteDB.Tests/TestResults/TestResults-engine.trx
2026-09-30T11:02:59.2998170Z 
2026-09-30T11:02:59.3040220Z Passed!  - Failed:     0, Passed:   457, Skipped:     1, Total:   458, Duration: 1 m 8 s - LiteDB.Tests.dll (net8.0)
2026-09-30T11:02:59.4240590Z Running complete-suite partition: query-not-equal
2026-09-30T11:02:59.5310460Z 
2026-09-30T11:02:59.5312050Z Host:
2026-09-30T11:02:59.5312940Z   Version:      8.0.31
2026-09-30T11:02:59.5313760Z   Architecture: arm64
2026-09-30T11:02:59.5314550Z   Commit:       1219a42122
2026-09-30T11:02:59.5315210Z   RID:          osx-arm64
2026-09-30T11:02:59.5315600Z 
2026-09-30T11:02:59.5315930Z .NET SDKs installed:
2026-09-30T11:02:59.5316480Z   No SDKs were found.
2026-09-30T11:02:59.5316830Z 
2026-09-30T11:02:59.5317180Z .NET runtimes installed:
2026-09-30T11:02:59.5318340Z   Microsoft.NETCore.App 8.0.31 [__CI_HOME__/work/_temp/litedb-runtime-8-arm64/shared/Microsoft.NETCore.App]
2026-09-30T11:02:59.5319300Z 
2026-09-30T11:02:59.5319630Z Other architectures found:
2026-09-30T11:02:59.5320270Z   None
2026-09-30T11:02:59.5320600Z 
2026-09-30T11:02:59.5320920Z Environment variables:
2026-09-30T11:02:59.5321530Z   DOTNET_ROOT       [__CI_HOME__/.dotnet]
2026-09-30T11:02:59.5322070Z 
2026-09-30T11:02:59.5322360Z global.json file:
2026-09-30T11:02:59.5322960Z   Not found
2026-09-30T11:02:59.5323310Z 
2026-09-30T11:02:59.5323540Z Learn more:
2026-09-30T11:02:59.5324220Z   https://aka.ms/dotnet/info
2026-09-30T11:02:59.5335620Z 
2026-09-30T11:02:59.5336130Z Download .NET:
2026-09-30T11:02:59.5340950Z   https://aka.ms/dotnet/download
2026-09-30T11:02:59.8313610Z VSTest version 18.7.0 (arm64)
2026-09-30T11:02:59.8328310Z 
2026-09-30T11:02:59.8945540Z Starting test execution, please wait...
2026-09-30T11:02:59.9141140Z A total of 1 test files matched the specified pattern.
2026-09-30T11:03:11.6479810Z Results File: __CI_WORKSPACE__/LiteDB.Tests/TestResults/TestResults-query-not-equal.trx
2026-09-30T11:03:11.6481090Z 
2026-09-30T11:03:11.6499840Z Passed!  - Failed:     0, Passed:    14, Skipped:     0, Total:    14, Duration: 10 s - LiteDB.Tests.dll (net8.0)
2026-09-30T11:03:11.6659260Z Running complete-suite partition: query
2026-09-30T11:03:11.6991250Z 
2026-09-30T11:03:11.6991560Z Host:
2026-09-30T11:03:11.6992180Z   Version:      8.0.31
2026-09-30T11:03:11.6992750Z   Architecture: arm64
2026-09-30T11:03:11.6993020Z   Commit:       1219a42122
2026-09-30T11:03:11.6993320Z   RID:          osx-arm64
2026-09-30T11:03:11.6993460Z 
2026-09-30T11:03:11.6993600Z .NET SDKs installed:
2026-09-30T11:03:11.6993870Z   No SDKs were found.
2026-09-30T11:03:11.6994020Z 
2026-09-30T11:03:11.6994120Z .NET runtimes installed:
2026-09-30T11:03:11.6994640Z   Microsoft.NETCore.App 8.0.31 [__CI_HOME__/work/_temp/litedb-runtime-8-arm64/shared/Microsoft.NETCore.App]
2026-09-30T11:03:11.6995020Z 
2026-09-30T11:03:11.6995150Z Other architectures found:
2026-09-30T11:03:11.6995360Z   None
2026-09-30T11:03:11.6995480Z 
2026-09-30T11:03:11.6995600Z Environment variables:
2026-09-30T11:03:11.6995870Z   DOTNET_ROOT       [__CI_HOME__/.dotnet]
2026-09-30T11:03:11.6996020Z 
2026-09-30T11:03:11.6996120Z global.json file:
2026-09-30T11:03:11.6996350Z   Not found
2026-09-30T11:03:11.6996480Z 
2026-09-30T11:03:11.6996530Z Learn more:
2026-09-30T11:03:11.6996770Z   https://aka.ms/dotnet/info
2026-09-30T11:03:11.6996930Z 
2026-09-30T11:03:11.6997060Z Download .NET:
2026-09-30T11:03:11.6997270Z   https://aka.ms/dotnet/download
2026-09-30T11:03:11.8523200Z VSTest version 18.7.0 (arm64)
2026-09-30T11:03:11.8526570Z 
2026-09-30T11:03:11.8995120Z Starting test execution, please wait...
2026-09-30T11:03:11.9151410Z A total of 1 test files matched the specified pattern.
2026-09-30T11:03:35.7015360Z Results File: __CI_WORKSPACE__/LiteDB.Tests/TestResults/TestResults-query.trx
2026-09-30T11:03:35.7017810Z 
2026-09-30T11:03:35.7046360Z Passed!  - Failed:     0, Passed:   826, Skipped:     0, Total:   826, Duration: 22 s - LiteDB.Tests.dll (net8.0)
2026-09-30T11:03:35.7899350Z Running complete-suite partition: shared-mapped-process
2026-09-30T11:03:35.8638850Z 
2026-09-30T11:03:35.8639330Z Host:
2026-09-30T11:03:35.8640170Z   Version:      8.0.31
2026-09-30T11:03:35.8640570Z   Architecture: arm64
2026-09-30T11:03:35.8640920Z   Commit:       1219a42122
2026-09-30T11:03:35.8641280Z   RID:          osx-arm64
2026-09-30T11:03:35.8641470Z 
2026-09-30T11:03:35.8641650Z .NET SDKs installed:
2026-09-30T11:03:35.8642020Z   No SDKs were found.
2026-09-30T11:03:35.8642310Z 
2026-09-30T11:03:35.8642680Z .NET runtimes installed:
2026-09-30T11:03:35.8643240Z   Microsoft.NETCore.App 8.0.31 [__CI_HOME__/work/_temp/litedb-runtime-8-arm64/shared/Microsoft.NETCore.App]
2026-09-30T11:03:35.8643720Z 
2026-09-30T11:03:35.8643900Z Other architectures found:
2026-09-30T11:03:35.8646100Z   None
2026-09-30T11:03:35.8646250Z 
2026-09-30T11:03:35.8646430Z Environment variables:
2026-09-30T11:03:35.8646850Z   DOTNET_ROOT       [__CI_HOME__/.dotnet]
2026-09-30T11:03:35.8647150Z 
2026-09-30T11:03:35.8647260Z global.json file:
2026-09-30T11:03:35.8647610Z   Not found
2026-09-30T11:03:35.8647810Z 
2026-09-30T11:03:35.8647970Z Learn more:
2026-09-30T11:03:35.8648270Z   https://aka.ms/dotnet/info
2026-09-30T11:03:35.8648530Z 
2026-09-30T11:03:35.8648680Z Download .NET:
2026-09-30T11:03:35.8649000Z   https://aka.ms/dotnet/download
2026-09-30T11:03:36.0867500Z VSTest version 18.7.0 (arm64)
2026-09-30T11:03:36.0871310Z 
2026-09-30T11:03:36.1355730Z Starting test execution, please wait...
2026-09-30T11:03:36.1515970Z A total of 1 test files matched the specified pattern.
2026-09-30T11:04:05.4094780Z Results File: __CI_WORKSPACE__/LiteDB.Tests/TestResults/TestResults-shared-mapped-process.trx
2026-09-30T11:04:05.4096190Z 
2026-09-30T11:04:05.4115050Z Passed!  - Failed:     0, Passed:    36, Skipped:     0, Total:    36, Duration: 28 s - LiteDB.Tests.dll (net8.0)
2026-09-30T11:04:05.4734760Z Running complete-suite partition: shared-process
2026-09-30T11:04:05.5113460Z 
2026-09-30T11:04:05.5113640Z Host:
2026-09-30T11:04:05.5113980Z   Version:      8.0.31
2026-09-30T11:04:05.5114370Z   Architecture: arm64
2026-09-30T11:04:05.5114640Z   Commit:       1219a42122
2026-09-30T11:04:05.5114980Z   RID:          osx-arm64
2026-09-30T11:04:05.5115180Z 
2026-09-30T11:04:05.5115260Z .NET SDKs installed:
2026-09-30T11:04:05.5115550Z   No SDKs were found.
2026-09-30T11:04:05.5115730Z 
2026-09-30T11:04:05.5115900Z .NET runtimes installed:
2026-09-30T11:04:05.5116420Z   Microsoft.NETCore.App 8.0.31 [__CI_HOME__/work/_temp/litedb-runtime-8-arm64/shared/Microsoft.NETCore.App]
2026-09-30T11:04:05.5116850Z 
2026-09-30T11:04:05.5117000Z Other architectures found:
2026-09-30T11:04:05.5117290Z   None
2026-09-30T11:04:05.5117360Z 
2026-09-30T11:04:05.5117510Z Environment variables:
2026-09-30T11:04:05.5117810Z   DOTNET_ROOT       [__CI_HOME__/.dotnet]
2026-09-30T11:04:05.5118040Z 
2026-09-30T11:04:05.5118170Z global.json file:
2026-09-30T11:04:05.5118390Z   Not found
2026-09-30T11:04:05.5118530Z 
2026-09-30T11:04:05.5118630Z Learn more:
2026-09-30T11:04:05.5118840Z   https://aka.ms/dotnet/info
2026-09-30T11:04:05.5119050Z 
2026-09-30T11:04:05.5119200Z Download .NET:
2026-09-30T11:04:05.5119500Z   https://aka.ms/dotnet/download
2026-09-30T11:04:05.7134360Z VSTest version 18.7.0 (arm64)
2026-09-30T11:04:05.7137920Z 
2026-09-30T11:04:05.7608950Z Starting test execution, please wait...
2026-09-30T11:04:05.7782310Z A total of 1 test files matched the specified pattern.
2026-09-30T11:05:09.8173320Z Results File: __CI_WORKSPACE__/LiteDB.Tests/TestResults/TestResults-shared-process.trx
2026-09-30T11:05:09.8174450Z 
2026-09-30T11:05:09.8195600Z Passed!  - Failed:     0, Passed:    55, Skipped:     0, Total:    55, Duration: 1 m 3 s - LiteDB.Tests.dll (net8.0)
2026-09-30T11:05:09.8447270Z Running complete-suite partition: shared
2026-09-30T11:05:09.8888590Z 
2026-09-30T11:05:09.8889220Z Host:
2026-09-30T11:05:09.8889990Z   Version:      8.0.31
2026-09-30T11:05:09.8890640Z   Architecture: arm64
2026-09-30T11:05:09.8891070Z   Commit:       1219a42122
2026-09-30T11:05:09.8891590Z   RID:          osx-arm64
2026-09-30T11:05:09.8891960Z 
2026-09-30T11:05:09.8892270Z .NET SDKs installed:
2026-09-30T11:05:09.8892630Z   No SDKs were found.
2026-09-30T11:05:09.8892940Z 
2026-09-30T11:05:09.8893220Z .NET runtimes installed:
2026-09-30T11:05:09.8893790Z   Microsoft.NETCore.App 8.0.31 [__CI_HOME__/work/_temp/litedb-runtime-8-arm64/shared/Microsoft.NETCore.App]
2026-09-30T11:05:09.8894400Z 
2026-09-30T11:05:09.8894640Z Other architectures found:
2026-09-30T11:05:09.8895080Z   None
2026-09-30T11:05:09.8895410Z 
2026-09-30T11:05:09.8895620Z Environment variables:
2026-09-30T11:05:09.8896070Z   DOTNET_ROOT       [__CI_HOME__/.dotnet]
2026-09-30T11:05:09.8896440Z 
2026-09-30T11:05:09.8896760Z global.json file:
2026-09-30T11:05:09.8897140Z   Not found
2026-09-30T11:05:09.8897420Z 
2026-09-30T11:05:09.8897680Z Learn more:
2026-09-30T11:05:09.8898150Z   https://aka.ms/dotnet/info
2026-09-30T11:05:09.8898530Z 
2026-09-30T11:05:09.8898680Z Download .NET:
2026-09-30T11:05:09.8899090Z   https://aka.ms/dotnet/download
2026-09-30T11:05:10.1056330Z VSTest version 18.7.0 (arm64)
2026-09-30T11:05:10.1062100Z 
2026-09-30T11:05:10.1722190Z Starting test execution, please wait...
2026-09-30T11:05:10.1937180Z A total of 1 test files matched the specified pattern.
2026-09-30T11:05:16.7125720Z Results File: __CI_WORKSPACE__/LiteDB.Tests/TestResults/TestResults-shared.trx
2026-09-30T11:05:16.7127230Z 
2026-09-30T11:05:16.7156100Z Passed!  - Failed:     0, Passed:    55, Skipped:     0, Total:    55, Duration: 5 s - LiteDB.Tests.dll (net8.0)
2026-09-30T11:05:16.7315850Z Running complete-suite partition: mvcc
2026-09-30T11:05:16.7596010Z 
2026-09-30T11:05:16.7596380Z Host:
2026-09-30T11:05:16.7597300Z   Version:      8.0.31
2026-09-30T11:05:16.7597720Z   Architecture: arm64
2026-09-30T11:05:16.7598080Z   Commit:       1219a42122
2026-09-30T11:05:16.7598530Z   RID:          osx-arm64
2026-09-30T11:05:16.7598920Z 
2026-09-30T11:05:16.7599200Z .NET SDKs installed:
2026-09-30T11:05:16.7599510Z   No SDKs were found.
2026-09-30T11:05:16.7599740Z 
2026-09-30T11:05:16.7599950Z .NET runtimes installed:
2026-09-30T11:05:16.7600490Z   Microsoft.NETCore.App 8.0.31 [__CI_HOME__/work/_temp/litedb-runtime-8-arm64/shared/Microsoft.NETCore.App]
2026-09-30T11:05:16.7601030Z 
2026-09-30T11:05:16.7601270Z Other architectures found:
2026-09-30T11:05:16.7601700Z   None
2026-09-30T11:05:16.7601900Z 
2026-09-30T11:05:16.7602090Z Environment variables:
2026-09-30T11:05:16.7602520Z   DOTNET_ROOT       [__CI_HOME__/.dotnet]
2026-09-30T11:05:16.7602820Z 
2026-09-30T11:05:16.7603050Z global.json file:
2026-09-30T11:05:16.7603410Z   Not found
2026-09-30T11:05:16.7603690Z 
2026-09-30T11:05:16.7604000Z Learn more:
2026-09-30T11:05:16.7604340Z   https://aka.ms/dotnet/info
2026-09-30T11:05:16.7604590Z 
2026-09-30T11:05:16.7604810Z Download .NET:
2026-09-30T11:05:16.7605160Z   https://aka.ms/dotnet/download
2026-09-30T11:05:16.9319140Z VSTest version 18.7.0 (arm64)
2026-09-30T11:05:16.9324460Z 
2026-09-30T11:05:16.9858840Z Starting test execution, please wait...
2026-09-30T11:05:17.0088790Z A total of 1 test files matched the specified pattern.
2026-09-30T11:06:57.0880540Z Results File: __CI_WORKSPACE__/LiteDB.Tests/TestResults/TestResults-mvcc.trx
2026-09-30T11:06:57.0881520Z 
2026-09-30T11:06:57.0911610Z Passed!  - Failed:     0, Passed:   403, Skipped:     0, Total:   403, Duration: 1 m 38 s - LiteDB.Tests.dll (net8.0)
2026-09-30T11:06:57.1710910Z Running complete-suite partition: internals
2026-09-30T11:06:57.2428390Z 
2026-09-30T11:06:57.2429080Z Host:
2026-09-30T11:06:57.2429870Z   Version:      8.0.31
2026-09-30T11:06:57.2430450Z   Architecture: arm64
2026-09-30T11:06:57.2431110Z   Commit:       1219a42122
2026-09-30T11:06:57.2431810Z   RID:          osx-arm64
2026-09-30T11:06:57.2432100Z 
2026-09-30T11:06:57.2432550Z .NET SDKs installed:
2026-09-30T11:06:57.2433240Z   No SDKs were found.
2026-09-30T11:06:57.2433750Z 
2026-09-30T11:06:57.2434080Z .NET runtimes installed:
2026-09-30T11:06:57.2435240Z   Microsoft.NETCore.App 8.0.31 [__CI_HOME__/work/_temp/litedb-runtime-8-arm64/shared/Microsoft.NETCore.App]
2026-09-30T11:06:57.2436220Z 
2026-09-30T11:06:57.2436470Z Other architectures found:
2026-09-30T11:06:57.2437380Z   None
2026-09-30T11:06:57.2437920Z 
2026-09-30T11:06:57.2438220Z Environment variables:
2026-09-30T11:06:57.2438500Z   DOTNET_ROOT       [__CI_HOME__/.dotnet]
2026-09-30T11:06:57.2438710Z 
2026-09-30T11:06:57.2438870Z global.json file:
2026-09-30T11:06:57.2439650Z   Not found
2026-09-30T11:06:57.2439820Z 
2026-09-30T11:06:57.2439940Z Learn more:
2026-09-30T11:06:57.2440220Z   https://aka.ms/dotnet/info
2026-09-30T11:06:57.2440410Z 
2026-09-30T11:06:57.2440830Z Download .NET:
2026-09-30T11:06:57.2441160Z   https://aka.ms/dotnet/download
2026-09-30T11:06:57.5297630Z VSTest version 18.7.0 (arm64)
2026-09-30T11:06:57.5298160Z 
2026-09-30T11:06:57.6109020Z Starting test execution, please wait...
2026-09-30T11:06:57.6456900Z A total of 1 test files matched the specified pattern.
2026-09-30T11:08:03.6595660Z Results File: __CI_WORKSPACE__/LiteDB.Tests/TestResults/TestResults-internals.trx
2026-09-30T11:08:03.6596780Z 
2026-09-30T11:08:03.6627760Z Passed!  - Failed:     0, Passed:   435, Skipped:     0, Total:   435, Duration: 1 m 4 s - LiteDB.Tests.dll (net8.0)
2026-09-30T11:08:03.7377620Z Running complete-suite partition: remaining
2026-09-30T11:08:03.8147380Z 
2026-09-30T11:08:03.8147880Z Host:
2026-09-30T11:08:03.8158580Z   Version:      8.0.31
2026-09-30T11:08:03.8164440Z   Architecture: arm64
2026-09-30T11:08:03.8165000Z   Commit:       1219a42122
2026-09-30T11:08:03.8165770Z   RID:          osx-arm64
2026-09-30T11:08:03.8166190Z 
2026-09-30T11:08:03.8166620Z .NET SDKs installed:
2026-09-30T11:08:03.8167360Z   No SDKs were found.
2026-09-30T11:08:03.8168030Z 
2026-09-30T11:08:03.8168370Z .NET runtimes installed:
2026-09-30T11:08:03.8168940Z   Microsoft.NETCore.App 8.0.31 [__CI_HOME__/work/_temp/litedb-runtime-8-arm64/shared/Microsoft.NETCore.App]
2026-09-30T11:08:03.8169290Z 
2026-09-30T11:08:03.8169430Z Other architectures found:
2026-09-30T11:08:03.8169730Z   None
2026-09-30T11:08:03.8169860Z 
2026-09-30T11:08:03.8169940Z Environment variables:
2026-09-30T11:08:03.8170250Z   DOTNET_ROOT       [__CI_HOME__/.dotnet]
2026-09-30T11:08:03.8170490Z 
2026-09-30T11:08:03.8170650Z global.json file:
2026-09-30T11:08:03.8170850Z   Not found
2026-09-30T11:08:03.8171010Z 
2026-09-30T11:08:03.8171100Z Learn more:
2026-09-30T11:08:03.8171500Z   https://aka.ms/dotnet/info
2026-09-30T11:08:03.8171670Z 
2026-09-30T11:08:03.8171910Z Download .NET:
2026-09-30T11:08:03.8172120Z   https://aka.ms/dotnet/download
2026-09-30T11:08:04.0565100Z VSTest version 18.7.0 (arm64)
2026-09-30T11:08:04.0570580Z 
2026-09-30T11:08:04.1253700Z Starting test execution, please wait...
2026-09-30T11:08:04.1459310Z A total of 1 test files matched the specified pattern.
2026-09-30T11:09:15.5257990Z Results File: __CI_WORKSPACE__/LiteDB.Tests/TestResults/TestResults-remaining.trx
2026-09-30T11:09:15.5258950Z 
2026-09-30T11:09:15.5285910Z Passed!  - Failed:     0, Passed:   613, Skipped:     0, Total:   613, Duration: 1 m 10 s - LiteDB.Tests.dll (net8.0)
2026-09-30T11:09:15.7589190Z [31;1mException: [0m__CI_WORKSPACE__/scripts/run-ci-tests.ps1:105[0m
2026-09-30T11:09:15.7590170Z [31;1m[0m[36;1mLine |[0m
2026-09-30T11:09:15.7591910Z [31;1m[0m[36;1m[36;1m 105 | [0m … iled.Count) { [36;1mthrow "Test partitions failed: $($failed -join ', ')"[0m }[0m
2026-09-30T11:09:15.7593250Z [31;1m[0m[36;1m[36;1m[0m[36;1m[0m[36;1m     | [31;1m                 ~~~~~~~~~~~~~~~~~~~~~~~~~~~~~~~~~~~~~~~~~~~~~~~~~~~~~[0m
2026-09-30T11:09:15.7593970Z [31;1m[0m[36;1m[36;1m[0m[36;1m[0m[36;1m[31;1m[31;1m[36;1m     | [31;1mTest partitions failed: engine-shared[0m
2026-09-30T11:09:15.8365600Z ##[error]Process completed with exit code 1.
2026-09-30T11:09:15.8575410Z ##[group]Run actions/upload-artifact@v4
2026-09-30T11:09:15.8575720Z with:
2026-09-30T11:09:15.8575940Z   name: test-results-test-macos-0
2026-09-30T11:09:15.8576340Z   overwrite: true
2026-09-30T11:09:15.8576800Z   path: LiteDB.Tests/TestResults/*.trx
LiteDB.Tests/TestResults/evidence-leg.json
LiteDB.Tests/TestResults/discovered-tests.txt

2026-09-30T11:09:15.8577310Z   if-no-files-found: warn
2026-09-30T11:09:15.8577640Z   compression-level: 6
2026-09-30T11:09:15.8577940Z   include-hidden-files: false
2026-09-30T11:09:15.8578190Z env:
2026-09-30T11:09:15.8578640Z   LITEDB_RETAINED_FIXTURES: __CI_WORKSPACE__/LiteDB.Tests/TestResults/retained-fixtures
2026-09-30T11:09:15.8579130Z   DOTNET_ROOT: __CI_HOME__/.dotnet
2026-09-30T11:09:15.8579450Z ##[endgroup]
2026-09-30T11:09:16.3375130Z (node:20656) [DEP0040] DeprecationWarning: The `punycode` module is deprecated. Please use a userland alternative instead.
2026-09-30T11:09:16.3679460Z (Use `node --trace-deprecation ...` to show where the warning was created)
2026-09-30T11:09:16.4925070Z With the provided path, there will be 17 files uploaded
2026-09-30T11:09:16.5502630Z Artifact name is valid!
2026-09-30T11:09:16.5503560Z Root directory input is valid!
2026-09-30T11:09:16.7210610Z Beginning upload of artifact content to blob storage
2026-09-30T11:09:16.8755000Z (node:20656) [DEP0169] DeprecationWarning: `url.parse()` behavior is not standardized and prone to errors that have security implications. Use the WHATWG URL API instead. CVEs are not issued for `url.parse()` vulnerabilities.
2026-09-30T11:09:16.9669720Z Uploaded bytes 1353435
2026-09-30T11:09:16.9846060Z Finished uploading artifact content to blob storage!
2026-09-30T11:09:16.9847780Z SHA256 digest of uploaded artifact zip is f8f33a46bf4faf196250975715520aacb3cae8a49d1b9a1d7ffad38f98979503
2026-09-30T11:09:16.9849000Z Finalizing artifact upload
2026-09-30T11:09:17.1963140Z Artifact test-results-test-macos-0.zip successfully finalized. Artifact ID 11091708358
2026-09-30T11:09:17.1965530Z Artifact test-results-test-macos-0 has been successfully uploaded! Final size is 1353435 bytes. Artifact ID is 11091708358
2026-09-30T11:09:17.1980130Z Artifact download URL: https://github.com/JKamsker/LiteDB/actions/runs/36705044676/artifacts/11091708358
2026-09-30T11:09:17.2266020Z Prepare all required actions
2026-09-30T11:09:17.2266680Z Getting action download info
2026-09-30T11:09:17.3821880Z ##[group]Run ./.github/actions/retained-fixtures
2026-09-30T11:09:17.3822650Z env:
2026-09-30T11:09:17.3823710Z   LITEDB_RETAINED_FIXTURES: __CI_WORKSPACE__/LiteDB.Tests/TestResults/retained-fixtures
2026-09-30T11:09:17.3824860Z   DOTNET_ROOT: __CI_HOME__/.dotnet
2026-09-30T11:09:17.3825100Z ##[endgroup]
2026-09-30T11:09:17.3876990Z ##[start-action display=Collect retained fixtures;id=__self.__run]
2026-09-30T11:09:17.3906150Z ##[group]Run if [ "$RUNNER_OS" = "Windows" ]; then retained_python=python; else retained_python=python3; fi
2026-09-30T11:09:17.3906820Z [36;1mif [ "$RUNNER_OS" = "Windows" ]; then retained_python=python; else retained_python=python3; fi[0m
2026-09-30T11:09:17.3907440Z [36;1m"$retained_python" scripts/collect-retained-fixtures.py "$LITEDB_RETAINED_FIXTURES"[0m
2026-09-30T11:09:17.4164830Z shell: /bin/bash --noprofile --norc -e -o pipefail {0}
2026-09-30T11:09:17.4165900Z env:
2026-09-30T11:09:17.4166750Z   LITEDB_RETAINED_FIXTURES: __CI_WORKSPACE__/LiteDB.Tests/TestResults/retained-fixtures
2026-09-30T11:09:17.4167260Z   DOTNET_ROOT: __CI_HOME__/.dotnet
2026-09-30T11:09:17.4167490Z ##[endgroup]
2026-09-30T11:09:17.7568770Z ##[end-action id=__self.__run;outcome=success;conclusion=success;duration_ms=369]
2026-09-30T11:09:17.7572370Z ##[start-action display=Upload fixture manifests and copies;id=__self.__actions_upload-artifact]
2026-09-30T11:09:17.7659980Z ##[group]Run actions/upload-artifact@v4
2026-09-30T11:09:17.7660350Z with:
2026-09-30T11:09:17.7661170Z   name: retained-fixtures-test-macos-0
2026-09-30T11:09:17.7661800Z   path: __CI_WORKSPACE__/LiteDB.Tests/TestResults/retained-fixtures/
2026-09-30T11:09:17.7662210Z   if-no-files-found: ignore
2026-09-30T11:09:17.7662570Z   retention-days: 14
2026-09-30T11:09:17.7663780Z   compression-level: 6
2026-09-30T11:09:17.7664110Z   overwrite: false
2026-09-30T11:09:17.7664450Z   include-hidden-files: false
2026-09-30T11:09:17.7664760Z env:
2026-09-30T11:09:17.7665980Z   LITEDB_RETAINED_FIXTURES: __CI_WORKSPACE__/LiteDB.Tests/TestResults/retained-fixtures
2026-09-30T11:09:17.7667530Z   DOTNET_ROOT: __CI_HOME__/.dotnet
2026-09-30T11:09:17.7668380Z ##[endgroup]
2026-09-30T11:09:17.9650010Z (node:20673) [DEP0040] DeprecationWarning: The `punycode` module is deprecated. Please use a userland alternative instead.
2026-09-30T11:09:17.9652090Z (Use `node --trace-deprecation ...` to show where the warning was created)
2026-09-30T11:09:17.9659740Z No files were found with the provided path: __CI_WORKSPACE__/LiteDB.Tests/TestResults/retained-fixtures/. No artifacts will be uploaded.
2026-09-30T11:09:17.9747450Z ##[end-action id=__self.__actions_upload-artifact;outcome=success;conclusion=success;duration_ms=217]
2026-09-30T11:09:17.9887850Z Post job cleanup.
2026-09-30T11:09:18.1307710Z [command]/opt/homebrew/bin/git version
2026-09-30T11:09:18.1682580Z git version 2.55.0
2026-09-30T11:09:18.1708350Z Copying '__CI_HOME__/.gitconfig' to '__CI_HOME__/work/_temp/3977997f-b26f-4abb-b4b2-60ec1ad6b38a/.gitconfig'
2026-09-30T11:09:18.1721260Z Temporarily overriding HOME='__CI_HOME__/work/_temp/3977997f-b26f-4abb-b4b2-60ec1ad6b38a' before making global git config changes
2026-09-30T11:09:18.1724160Z Adding repository directory to the temporary git global config as a safe directory
2026-09-30T11:09:18.1725890Z [command]/opt/homebrew/bin/git config --global --add safe.directory __CI_WORKSPACE__
2026-09-30T11:09:18.1907910Z [command]/opt/homebrew/bin/git config --local --name-only --get-regexp core\.sshCommand
2026-09-30T11:09:18.1982060Z [command]/opt/homebrew/bin/git submodule foreach --recursive sh -c "git config --local --name-only --get-regexp 'core\.sshCommand' && git config --local --unset-all 'core.sshCommand' || :"
2026-09-30T11:09:18.3476530Z [command]/opt/homebrew/bin/git config --local --name-only --get-regexp http\.https\:\/\/github\.com\/\.extraheader
2026-09-30T11:09:18.3605230Z http.https://github.com/.extraheader
2026-09-30T11:09:18.3616150Z [command]/opt/homebrew/bin/git config --local --unset-all http.https://github.com/.extraheader
2026-09-30T11:09:18.3733480Z [command]/opt/homebrew/bin/git submodule foreach --recursive sh -c "git config --local --name-only --get-regexp 'http\.https\:\/\/github\.com\/\.extraheader' && git config --local --unset-all 'http.https://github.com/.extraheader' || :"
2026-09-30T11:09:18.5118990Z [command]/opt/homebrew/bin/git config --local --name-only --get-regexp ^includeIf\.gitdir:
2026-09-30T11:09:18.5227380Z [command]/opt/homebrew/bin/git submodule foreach --recursive git config --local --show-origin --name-only --get-regexp remote.origin.url
2026-09-30T11:09:18.6490770Z Cleaning up orphan processes
2026-09-30T11:09:21.0797930Z ##[warning]Node.js 20 is deprecated. The following actions target Node.js 20 but are being forced to run on Node.js 24: actions/checkout@v4, actions/download-artifact@v4, actions/setup-dotnet@v4, actions/upload-artifact@v4. For more information see: https://github.blog/changelog/2025-09-19-deprecation-of-node-20-on-github-actions-runners/
