2026-09-30T11:10:12.8947665Z Current runner version: '2.337.0'
2026-09-30T11:10:12.8978091Z ##[group]Runner Image Provisioner
2026-09-30T11:10:12.8979104Z Hosted Compute Agent
2026-09-30T11:10:12.8979732Z Version: 20260828.587
2026-09-30T11:10:12.8980417Z Commit: abac92662cab4cc7352de4f9f9d2e2419aad9c29
2026-09-30T11:10:12.8981262Z Build Date: 2026-08-28T16:44:25Z
2026-09-30T11:10:12.8982015Z Worker ID: {034a647a-fb8d-49f9-888b-6008e433817b}
2026-09-30T11:10:12.8982810Z Azure Region: eastus
2026-09-30T11:10:12.8983442Z ##[endgroup]
2026-09-30T11:10:12.8985377Z ##[group]Operating System
2026-09-30T11:10:12.8986245Z Microsoft Windows Server 2025
2026-09-30T11:10:12.8987006Z 10.0.26100
2026-09-30T11:10:12.8987552Z Datacenter
2026-09-30T11:10:12.8988166Z ##[endgroup]
2026-09-30T11:10:12.8988730Z ##[group]Runner Image
2026-09-30T11:10:12.8989399Z Image: windows-2025-vs2026
2026-09-30T11:10:12.8990039Z Version: 20260922.246.2
2026-09-30T11:10:12.8991831Z Included Software: https://github.com/actions/runner-images/blob/win25-vs2026/20260922.246/images/windows/Windows2025-VS2026-Readme.md
2026-09-30T11:10:12.8993963Z Image Release: https://github.com/actions/runner-images/releases/tag/win25-vs2026%2F20260922.246
2026-09-30T11:10:12.8995624Z ##[endgroup]
2026-09-30T11:10:12.8999606Z ##[group]GITHUB_TOKEN Permissions
2026-09-30T11:10:12.9001901Z Actions: write
2026-09-30T11:10:12.9002566Z ArtifactMetadata: write
2026-09-30T11:10:12.9003237Z Attestations: write
2026-09-30T11:10:12.9003853Z Checks: write
2026-09-30T11:10:12.9004525Z CodeQuality: write
2026-09-30T11:10:12.9005261Z Contents: write
2026-09-30T11:10:12.9005944Z CopilotRequests: write
2026-09-30T11:10:12.9006652Z Deployments: write
2026-09-30T11:10:12.9007289Z Discussions: write
2026-09-30T11:10:12.9007903Z Drives: write
2026-09-30T11:10:12.9008461Z Issues: write
2026-09-30T11:10:12.9008999Z Metadata: read
2026-09-30T11:10:12.9009677Z Models: read
2026-09-30T11:10:12.9010268Z Packages: write
2026-09-30T11:10:12.9010859Z Pages: write
2026-09-30T11:10:12.9011753Z PullRequests: write
2026-09-30T11:10:12.9012430Z RepositoryProjects: write
2026-09-30T11:10:12.9013106Z SecurityEvents: write
2026-09-30T11:10:12.9013791Z Statuses: write
2026-09-30T11:10:12.9014387Z VulnerabilityAlerts: read
2026-09-30T11:10:12.9015289Z ##[endgroup]
2026-09-30T11:10:12.9017630Z Secret source: Actions
2026-09-30T11:10:12.9018775Z Cache mode: write
2026-09-30T11:10:12.9019787Z Prepare workflow directory
2026-09-30T11:10:12.9485322Z Prepare all required actions
2026-09-30T11:10:12.9524514Z Getting action download info
2026-09-30T11:10:13.1375067Z Download action repository 'actions/checkout@v4' (SHA:11d5960a326750d5838078e36cf38b85af677262)
2026-09-30T11:10:13.2379802Z Download action repository 'actions/setup-dotnet@v4' (SHA:67a3573c9a986a3f9c594539f4ab511d57bb3ce9)
2026-09-30T11:10:13.4793628Z Download action repository 'actions/download-artifact@v4' (SHA:d3f86a106a0bac45b974a628896c90dbdf5c8093)
2026-09-30T11:10:13.7008908Z Download action repository 'actions/upload-artifact@v4' (SHA:ea165f8d65b6e75b540449e92b4886f43607fa02)
2026-09-30T11:10:13.9885993Z Uses: JKamsker/LiteDB/.github/workflows/_reusable-ci.yml@refs/pull/133/merge (3f614aa69b15771ed1a63b8b8796172fae8b6648)
2026-09-30T11:10:13.9891098Z ##[group] Inputs
2026-09-30T11:10:13.9891845Z   tier: full
2026-09-30T11:10:13.9895265Z   sdk-matrix: [
  { "display": ".NET 8", "runtimeMajor": 8,  "sdk": "8.0.x",           "framework": "net8.0", "includePrerelease": false, "msbuildProps": "" },
  { "display": ".NET 9", "runtimeMajor": 9,  "sdk": "9.0.x\n8.0.x",    "framework": "net8.0", "includePrerelease": true,  "msbuildProps": "" },
  { "display": ".NET 10", "runtimeMajor": 10, "sdk": "10.0.x",          "framework": "net10.0", "includePrerelease": false, "msbuildProps": "" }
]

2026-09-30T11:10:13.9898542Z ##[endgroup]
2026-09-30T11:10:13.9899528Z Complete job name: build-and-test / Test (Windows windows-latest - x86 - .NET 8)
2026-09-30T11:10:14.1231850Z ##[group]Run actions/checkout@v4
2026-09-30T11:10:14.1233290Z with:
2026-09-30T11:10:14.1235528Z   repository: JKamsker/LiteDB
2026-09-30T11:10:14.1241455Z   token: ***
2026-09-30T11:10:14.1242005Z   ssh-strict: true
2026-09-30T11:10:14.1242564Z   ssh-user: git
2026-09-30T11:10:14.1243113Z   persist-credentials: true
2026-09-30T11:10:14.1243749Z   clean: true
2026-09-30T11:10:14.1244324Z   sparse-checkout-cone-mode: true
2026-09-30T11:10:14.1244994Z   fetch-depth: 1
2026-09-30T11:10:14.1245543Z   fetch-tags: false
2026-09-30T11:10:14.1246111Z   show-progress: true
2026-09-30T11:10:14.1246668Z   lfs: false
2026-09-30T11:10:14.1247179Z   submodules: false
2026-09-30T11:10:14.1247751Z   set-safe-directory: true
2026-09-30T11:10:14.1248374Z   allow-unsafe-pr-checkout: false
2026-09-30T11:10:14.1249346Z env:
2026-09-30T11:10:14.1250199Z   LITEDB_RETAINED_FIXTURES: __CI_WORKSPACE__/LiteDB.Tests/TestResults/retained-fixtures
2026-09-30T11:10:14.1251343Z   LITEDB_SHARED_EXPECT_TEMP_VOLUME: 1
2026-09-30T11:10:14.1252012Z ##[endgroup]
2026-09-30T11:10:14.2521956Z Syncing repository: JKamsker/LiteDB
2026-09-30T11:10:14.2524424Z ##[group]Getting Git version info
2026-09-30T11:10:14.2525231Z Working directory is '__CI_HOME__/work\LiteDB\LiteDB'
2026-09-30T11:10:14.3147912Z [command]"C:\Program Files\Git\bin\git.exe" version
2026-09-30T11:10:14.6705302Z git version 2.55.0.windows.5
2026-09-30T11:10:14.6744181Z ##[endgroup]
2026-09-30T11:10:14.6761608Z Temporarily overriding HOME='__CI_HOME__/work\_temp\2eea5c3d-2533-4292-a85e-b951478423a1' before making global git config changes
2026-09-30T11:10:14.6762735Z Adding repository directory to the temporary git global config as a safe directory
2026-09-30T11:10:14.6770595Z [command]"C:\Program Files\Git\bin\git.exe" config --global --add safe.directory __CI_WORKSPACE__
2026-09-30T11:10:14.7366483Z Deleting the contents of '__CI_HOME__/work\LiteDB\LiteDB'
2026-09-30T11:10:14.7371764Z ##[group]Initializing the repository
2026-09-30T11:10:14.7378884Z [command]"C:\Program Files\Git\bin\git.exe" init __CI_WORKSPACE__
2026-09-30T11:10:14.8097713Z Initialized empty Git repository in __CI_WORKSPACE__/.git/
2026-09-30T11:10:14.8135931Z [command]"C:\Program Files\Git\bin\git.exe" remote add origin https://github.com/JKamsker/LiteDB
2026-09-30T11:10:14.8705796Z ##[endgroup]
2026-09-30T11:10:14.8706659Z ##[group]Disabling automatic garbage collection
2026-09-30T11:10:14.8714876Z [command]"C:\Program Files\Git\bin\git.exe" config --local gc.auto 0
2026-09-30T11:10:14.8969107Z ##[endgroup]
2026-09-30T11:10:14.8969707Z ##[group]Setting up auth
2026-09-30T11:10:14.8985181Z [command]"C:\Program Files\Git\bin\git.exe" config --local --name-only --get-regexp core\.sshCommand
2026-09-30T11:10:14.9255202Z [command]"C:\Program Files\Git\bin\git.exe" submodule foreach --recursive "sh -c \"git config --local --name-only --get-regexp 'core\.sshCommand' && git config --local --unset-all 'core.sshCommand' || :\""
2026-09-30T11:10:16.2385459Z [command]"C:\Program Files\Git\bin\git.exe" config --local --name-only --get-regexp http\.https\:\/\/github\.com\/\.extraheader
2026-09-30T11:10:16.2625913Z [command]"C:\Program Files\Git\bin\git.exe" submodule foreach --recursive "sh -c \"git config --local --name-only --get-regexp 'http\.https\:\/\/github\.com\/\.extraheader' && git config --local --unset-all 'http.https://github.com/.extraheader' || :\""
2026-09-30T11:10:16.7240703Z [command]"C:\Program Files\Git\bin\git.exe" config --local --name-only --get-regexp ^includeIf\.gitdir:
2026-09-30T11:10:16.7492898Z [command]"C:\Program Files\Git\bin\git.exe" submodule foreach --recursive "git config --local --show-origin --name-only --get-regexp remote.origin.url"
2026-09-30T11:10:17.2008916Z [command]"C:\Program Files\Git\bin\git.exe" config --local http.https://github.com/.extraheader "AUTHORIZATION: basic ***"
2026-09-30T11:10:17.2293910Z ##[endgroup]
2026-09-30T11:10:17.2294706Z ##[group]Fetching the repository
2026-09-30T11:10:17.2310715Z [command]"C:\Program Files\Git\bin\git.exe" -c protocol.version=2 fetch --no-tags --prune --no-recurse-submodules --depth=1 origin +3f614aa69b15771ed1a63b8b8796172fae8b6648:refs/remotes/pull/133/merge
2026-09-30T11:10:20.1593428Z From https://github.com/JKamsker/LiteDB
2026-09-30T11:10:20.1597060Z  * [new ref]         3f614aa69b15771ed1a63b8b8796172fae8b6648 -> pull/133/merge
2026-09-30T11:10:20.1627232Z ##[endgroup]
2026-09-30T11:10:20.1627703Z ##[group]Determining the checkout info
2026-09-30T11:10:20.1629040Z ##[endgroup]
2026-09-30T11:10:20.1640608Z [command]"C:\Program Files\Git\bin\git.exe" sparse-checkout disable
2026-09-30T11:10:20.2079341Z [command]"C:\Program Files\Git\bin\git.exe" config --local --unset-all extensions.worktreeConfig
2026-09-30T11:10:20.2377936Z ##[group]Checking out the ref
2026-09-30T11:10:20.2388871Z [command]"C:\Program Files\Git\bin\git.exe" checkout --progress --force refs/remotes/pull/133/merge
2026-09-30T11:10:20.6649313Z Note: switching to 'refs/remotes/pull/133/merge'.
2026-09-30T11:10:20.6649923Z 
2026-09-30T11:10:20.6650226Z You are in 'detached HEAD' state. You can look around, make experimental
2026-09-30T11:10:20.6650709Z changes and commit them, and you can discard any commits you make in this
2026-09-30T11:10:20.6651236Z state without impacting any branches by switching back to a branch.
2026-09-30T11:10:20.6651668Z 
2026-09-30T11:10:20.6651820Z If you want to create a new branch to retain commits you create, you may
2026-09-30T11:10:20.6652645Z do so (now or later) by using -c with the switch command. Example:
2026-09-30T11:10:20.6652878Z 
2026-09-30T11:10:20.6652984Z   git switch -c <new-branch-name>
2026-09-30T11:10:20.6653152Z 
2026-09-30T11:10:20.6653233Z Or undo this operation with:
2026-09-30T11:10:20.6653447Z 
2026-09-30T11:10:20.6653570Z   git switch -
2026-09-30T11:10:20.6653683Z 
2026-09-30T11:10:20.6653865Z Turn off this advice by setting config variable advice.detachedHead to false
2026-09-30T11:10:20.6654095Z 
2026-09-30T11:10:20.6654413Z HEAD is now at 3f614aa Merge e821ae7479dcb83570031180b0c0e3f4fd167793 into 5dd942a7367c361fadd600be4ce10aace2768b27
2026-09-30T11:10:20.6768567Z ##[endgroup]
2026-09-30T11:10:20.7124123Z [command]"C:\Program Files\Git\bin\git.exe" log -1 --format=%H
2026-09-30T11:10:20.7344852Z 3f614aa69b15771ed1a63b8b8796172fae8b6648
2026-09-30T11:10:20.7755949Z ##[group]Run actions/setup-dotnet@v4
2026-09-30T11:10:20.7756371Z with:
2026-09-30T11:10:20.7756529Z   dotnet-version: 8.0.x
2026-09-30T11:10:20.7756719Z   cache: false
2026-09-30T11:10:20.7756856Z env:
2026-09-30T11:10:20.7757114Z   LITEDB_RETAINED_FIXTURES: __CI_WORKSPACE__/LiteDB.Tests/TestResults/retained-fixtures
2026-09-30T11:10:20.7757447Z   LITEDB_SHARED_EXPECT_TEMP_VOLUME: 1
2026-09-30T11:10:20.7757635Z ##[endgroup]
2026-09-30T11:10:20.9107298Z (node:8936) [DEP0040] DeprecationWarning: The `punycode` module is deprecated. Please use a userland alternative instead.
2026-09-30T11:10:20.9107854Z (Use `node --trace-deprecation ...` to show where the warning was created)
2026-09-30T11:10:21.0014353Z [command]"C:\Program Files\PowerShell\7\pwsh.exe" -NoLogo -Sta -NoProfile -NonInteractive -ExecutionPolicy Unrestricted -Command & '__CI_HOME__/work\_actions\actions\setup-dotnet\v4\externals\install-dotnet.ps1' -SkipNonVersionedFiles -Runtime dotnet -Channel LTS
2026-09-30T11:10:22.1821289Z dotnet-install: .NET Core Runtime with version '10.0.12' is already installed.
2026-09-30T11:10:22.2903189Z [command]"C:\Program Files\PowerShell\7\pwsh.exe" -NoLogo -Sta -NoProfile -NonInteractive -ExecutionPolicy Unrestricted -Command & '__CI_HOME__/work\_actions\actions\setup-dotnet\v4\externals\install-dotnet.ps1' -SkipNonVersionedFiles -Channel 8.0
2026-09-30T11:10:22.9164322Z dotnet-install: .NET Core SDK with version '8.0.425' is already installed.
2026-09-30T11:10:23.0024090Z ##[group]Run actions/download-artifact@v4
2026-09-30T11:10:23.0024367Z with:
2026-09-30T11:10:23.0024529Z   name: tests-build-windows
2026-09-30T11:10:23.0024699Z   path: .
2026-09-30T11:10:23.0024853Z   merge-multiple: false
2026-09-30T11:10:23.0025025Z   repository: JKamsker/LiteDB
2026-09-30T11:10:23.0025199Z   run-id: 36705044676
2026-09-30T11:10:23.0025525Z env:
2026-09-30T11:10:23.0025781Z   LITEDB_RETAINED_FIXTURES: __CI_WORKSPACE__/LiteDB.Tests/TestResults/retained-fixtures
2026-09-30T11:10:23.0026105Z   LITEDB_SHARED_EXPECT_TEMP_VOLUME: 1
2026-09-30T11:10:23.0026307Z   DOTNET_ROOT: C:\Program Files\dotnet
2026-09-30T11:10:23.0026492Z ##[endgroup]
2026-09-30T11:10:23.1506028Z Downloading single artifact
2026-09-30T11:10:23.1666721Z (node:2204) [DEP0040] DeprecationWarning: The `punycode` module is deprecated. Please use a userland alternative instead.
2026-09-30T11:10:23.1667580Z (Use `node --trace-deprecation ...` to show where the warning was created)
2026-09-30T11:10:23.2720815Z Preparing to download the following artifacts:
2026-09-30T11:10:23.2721462Z - tests-build-windows (ID: 11091504763, Size: 42284746, Expected Digest: sha256:8ef3f3e072c1502b9af75fe9e14c86ce024023ff410c2275bbde411c19c818ee)
2026-09-30T11:10:23.3973464Z Redirecting to blob download url: https://productionresultssa18.blob.core.windows.net/actions-results/b2c9bfe9-81f6-86f6-816b-fddb3bc6c705/workflow-job-run-dd093d5b-0da5-57f9-b54e-bf203321924a/artifacts/a423237836c40f3642fb865e060786e1e859ed0c40243637743f88aa5e75f120.zip
2026-09-30T11:10:23.3975036Z Starting download of artifact to: __CI_WORKSPACE__
2026-09-30T11:10:23.4843232Z (node:2204) [DEP0005] DeprecationWarning: Buffer() is deprecated due to security and usability issues. Please use the Buffer.alloc(), Buffer.allocUnsafe(), or Buffer.from() methods instead.
2026-09-30T11:10:24.8029880Z SHA256 digest of downloaded artifact is 8ef3f3e072c1502b9af75fe9e14c86ce024023ff410c2275bbde411c19c818ee
2026-09-30T11:10:24.8030657Z Artifact download completed successfully.
2026-09-30T11:10:24.8031039Z Total of 1 artifact(s) downloaded
2026-09-30T11:10:24.8041650Z Download artifact has finished successfully
2026-09-30T11:10:24.8327687Z ##[group]Run $diagnostics = Join-Path ([IO.Path]::GetTempPath()) 'litedb-shared-diagnostics-36705044676-3'
2026-09-30T11:10:24.8328341Z [36;1m$diagnostics = Join-Path ([IO.Path]::GetTempPath()) 'litedb-shared-diagnostics-36705044676-3'[0m
2026-09-30T11:10:24.8328995Z [36;1mWrite-Host "Original temp directory: $([IO.Path]::GetTempPath())"[0m
2026-09-30T11:10:24.8329376Z [36;1mWrite-Host "Database and diagnostics root: $diagnostics"[0m
2026-09-30T11:10:24.8329790Z [36;1m"LITEDB_SHARED_DIAGNOSTICS=$diagnostics" | Out-File $env:GITHUB_ENV -Append -Encoding utf8[0m
2026-09-30T11:10:24.8421907Z shell: C:\Program Files\PowerShell\7\pwsh.EXE -command ". '{0}'"
2026-09-30T11:10:24.8422195Z env:
2026-09-30T11:10:24.8422471Z   LITEDB_RETAINED_FIXTURES: __CI_WORKSPACE__/LiteDB.Tests/TestResults/retained-fixtures
2026-09-30T11:10:24.8422808Z   LITEDB_SHARED_EXPECT_TEMP_VOLUME: 1
2026-09-30T11:10:24.8423024Z   DOTNET_ROOT: C:\Program Files\dotnet
2026-09-30T11:10:24.8423254Z ##[endgroup]
2026-09-30T11:10:25.1503381Z Original temp directory: __CI_HOME__\AppData\Local\Temp\
2026-09-30T11:10:25.1520325Z Database and diagnostics root: __CI_HOME__\AppData\Local\Temp\litedb-shared-diagnostics-36705044676-3
2026-09-30T11:10:25.2129035Z ##[group]Run $archive = Join-Path $env:RUNNER_TEMP 'Procdump.zip'
2026-09-30T11:10:25.2129665Z [36;1m$archive = Join-Path $env:RUNNER_TEMP 'Procdump.zip'[0m
2026-09-30T11:10:25.2129994Z [36;1m$directory = Join-Path $env:RUNNER_TEMP 'litedb-procdump'[0m
2026-09-30T11:10:25.2130438Z [36;1mInvoke-WebRequest 'https://download.sysinternals.com/files/Procdump.zip' -OutFile $archive[0m
2026-09-30T11:10:25.2130822Z [36;1mExpand-Archive $archive $directory[0m
2026-09-30T11:10:25.2131090Z [36;1m$executable = Join-Path $directory 'procdump.exe'[0m
2026-09-30T11:10:25.2131382Z [36;1m$signature = Get-AuthenticodeSignature $executable[0m
2026-09-30T11:10:25.2131998Z [36;1mif ($signature.Status -ne 'Valid' -or $signature.SignerCertificate.Subject -notmatch 'O=Microsoft Corporation') {[0m
2026-09-30T11:10:25.2132583Z [36;1m  throw "Untrusted ProcDump signature: $($signature.Status) $($signature.SignerCertificate.Subject)"[0m
2026-09-30T11:10:25.2133137Z [36;1m}[0m
2026-09-30T11:10:25.2133408Z [36;1mGet-FileHash $archive, $executable -Algorithm SHA256 | Format-List[0m
2026-09-30T11:10:25.2133803Z [36;1m(Get-Item $executable).VersionInfo | Format-List FileVersion, ProductVersion[0m
2026-09-30T11:10:25.2134237Z [36;1m"LITEDB_SHARED_PROCDUMP=$executable" | Out-File $env:GITHUB_ENV -Append -Encoding utf8[0m
2026-09-30T11:10:25.2189814Z shell: C:\Program Files\PowerShell\7\pwsh.EXE -command ". '{0}'"
2026-09-30T11:10:25.2190128Z env:
2026-09-30T11:10:25.2190401Z   LITEDB_RETAINED_FIXTURES: __CI_WORKSPACE__/LiteDB.Tests/TestResults/retained-fixtures
2026-09-30T11:10:25.2190743Z   LITEDB_SHARED_EXPECT_TEMP_VOLUME: 1
2026-09-30T11:10:25.2190950Z   DOTNET_ROOT: C:\Program Files\dotnet
2026-09-30T11:10:25.2191327Z   LITEDB_SHARED_DIAGNOSTICS: __CI_HOME__\AppData\Local\Temp\litedb-shared-diagnostics-36705044676-3
2026-09-30T11:10:25.2191699Z ##[endgroup]
2026-09-30T11:10:26.0109029Z 
2026-09-30T11:10:26.0137204Z [32;1mAlgorithm : [0mSHA256
2026-09-30T11:10:26.0137896Z [32;1mHash      : [0m68E057587B0FD654EFA095F76D80D633C0E5C60EA26FD3E7C0011C076BB2D00C
2026-09-30T11:10:26.0138336Z [32;1mPath      : [0m__CI_HOME__/work\_temp\Procdump.zip
2026-09-30T11:10:26.0138492Z 
2026-09-30T11:10:26.0160661Z [32;1mAlgorithm : [0mSHA256
2026-09-30T11:10:26.0161341Z [32;1mHash      : [0m264E7AB0E27DC1545E70D14C9DB8C11D1E402D7E4E2863EBF66964FEE6644F1C
2026-09-30T11:10:26.0162011Z [32;1mPath      : [0m__CI_HOME__/work\_temp\litedb-procdump\procdump.exe
2026-09-30T11:10:26.0162297Z 
2026-09-30T11:10:26.0255670Z 
2026-09-30T11:10:26.0272311Z [32;1mFileVersion    : [0m12.01
2026-09-30T11:10:26.0272675Z [32;1mProductVersion : [0m12.01
2026-09-30T11:10:26.0272820Z 
2026-09-30T11:10:26.1009599Z ##[group]Run ./scripts/run-ci-tests.ps1 -RuntimeMajor 8 -Framework "net8.0" -Architecture "x86" -PartitionSuite
2026-09-30T11:10:26.1010281Z [36;1m./scripts/run-ci-tests.ps1 -RuntimeMajor 8 -Framework "net8.0" -Architecture "x86" -PartitionSuite[0m
2026-09-30T11:10:26.1068268Z shell: C:\Program Files\PowerShell\7\pwsh.EXE -command ". '{0}'"
2026-09-30T11:10:26.1068550Z env:
2026-09-30T11:10:26.1068831Z   LITEDB_RETAINED_FIXTURES: __CI_WORKSPACE__/LiteDB.Tests/TestResults/retained-fixtures
2026-09-30T11:10:26.1069169Z   LITEDB_SHARED_EXPECT_TEMP_VOLUME: 1
2026-09-30T11:10:26.1069379Z   DOTNET_ROOT: C:\Program Files\dotnet
2026-09-30T11:10:26.1069768Z   LITEDB_SHARED_DIAGNOSTICS: __CI_HOME__\AppData\Local\Temp\litedb-shared-diagnostics-36705044676-3
2026-09-30T11:10:26.1070213Z   LITEDB_SHARED_PROCDUMP: __CI_HOME__/work\_temp\litedb-procdump\procdump.exe
2026-09-30T11:10:26.1070938Z   LITEDB_EVIDENCE_MATRIX: {
  "os": "windows-latest",
  "arch": "x86",
  "item": {
    "display": ".NET 8",
    "runtimeMajor": 8,
    "sdk": "8.0.x",
    "framework": "net8.0",
    "includePrerelease": false,
    "msbuildProps": ""
  }
}
2026-09-30T11:10:26.1071517Z ##[endgroup]
2026-09-30T11:10:28.0031108Z dotnet-install: Downloaded file https://builds.dotnet.microsoft.com/dotnet/Runtime/8.0.31/dotnet-runtime-8.0.31-win-x86.zip size is 30566127 bytes.
2026-09-30T11:10:28.0035382Z dotnet-install: Either downloaded or local package size can not be measured. One of them may be corrupted.
2026-09-30T11:10:28.0056352Z dotnet-install: Extracting the archive.
2026-09-30T11:10:28.6281444Z dotnet-install: Binaries of dotnet can be found in __CI_HOME__/work\_temp\litedb-runtime-8-x86\
2026-09-30T11:10:28.6286269Z dotnet-install: Note that the script does not ensure your Windows version is supported during the installation.
2026-09-30T11:10:28.6291568Z dotnet-install: To check the list of supported versions, go to https://learn.microsoft.com/dotnet/core/install/windows#supported-versions
2026-09-30T11:10:28.6296272Z dotnet-install: Installed version is 8.0.31
2026-09-30T11:10:28.6301211Z dotnet-install: Installation finished
2026-09-30T11:10:28.6544389Z 
2026-09-30T11:10:28.6544721Z Host:
2026-09-30T11:10:28.6544952Z   Version:      8.0.31
2026-09-30T11:10:28.6545960Z   Architecture: x86
2026-09-30T11:10:28.6546133Z   Commit:       1219a42122
2026-09-30T11:10:28.6546312Z   RID:          win-x86
2026-09-30T11:10:28.6546416Z 
2026-09-30T11:10:28.6546504Z .NET SDKs installed:
2026-09-30T11:10:28.6546670Z   No SDKs were found.
2026-09-30T11:10:28.6546774Z 
2026-09-30T11:10:28.6546850Z .NET runtimes installed:
2026-09-30T11:10:28.6547249Z   Microsoft.NETCore.App 8.0.31 [__CI_HOME__/work\_temp\litedb-runtime-8-x86\shared\Microsoft.NETCore.App]
2026-09-30T11:10:28.6547716Z 
2026-09-30T11:10:28.6547846Z Other architectures found:
2026-09-30T11:10:28.6548118Z   x64   [C:\Program Files\dotnet]
2026-09-30T11:10:28.6548416Z     registered at [HKLM\SOFTWARE\dotnet\Setup\InstalledVersions\x64\InstallLocation]
2026-09-30T11:10:28.6548676Z 
2026-09-30T11:10:28.6548747Z Environment variables:
2026-09-30T11:10:28.6548939Z   DOTNET_ROOT       [C:\Program Files\dotnet]
2026-09-30T11:10:28.6549093Z 
2026-09-30T11:10:28.6549161Z global.json file:
2026-09-30T11:10:28.6549317Z   Not found
2026-09-30T11:10:28.6549402Z 
2026-09-30T11:10:28.6549455Z Learn more:
2026-09-30T11:10:28.6549617Z   https://aka.ms/dotnet/info
2026-09-30T11:10:28.6549736Z 
2026-09-30T11:10:28.6549800Z Download .NET:
2026-09-30T11:10:28.6549960Z   https://aka.ms/dotnet/download
2026-09-30T11:10:28.6813907Z 
2026-09-30T11:10:28.6814504Z Host:
2026-09-30T11:10:28.6814736Z   Version:      8.0.31
2026-09-30T11:10:28.6814936Z   Architecture: x86
2026-09-30T11:10:28.6815105Z   Commit:       1219a42122
2026-09-30T11:10:28.6815283Z   RID:          win-x86
2026-09-30T11:10:28.6815381Z 
2026-09-30T11:10:28.6815474Z .NET SDKs installed:
2026-09-30T11:10:28.6815638Z   No SDKs were found.
2026-09-30T11:10:28.6815737Z 
2026-09-30T11:10:28.6818132Z .NET runtimes installed:
2026-09-30T11:10:28.6818623Z   Microsoft.NETCore.App 8.0.31 [__CI_HOME__/work\_temp\litedb-runtime-8-x86\shared\Microsoft.NETCore.App]
2026-09-30T11:10:28.6818899Z 
2026-09-30T11:10:28.6818997Z Other architectures found:
2026-09-30T11:10:28.6819204Z   x64   [C:\Program Files\dotnet]
2026-09-30T11:10:28.6819503Z     registered at [HKLM\SOFTWARE\dotnet\Setup\InstalledVersions\x64\InstallLocation]
2026-09-30T11:10:28.6819747Z 
2026-09-30T11:10:28.6819826Z Environment variables:
2026-09-30T11:10:28.6820010Z   DOTNET_ROOT       [C:\Program Files\dotnet]
2026-09-30T11:10:28.6820211Z 
2026-09-30T11:10:28.6820294Z global.json file:
2026-09-30T11:10:28.6820494Z   Not found
2026-09-30T11:10:28.6820629Z 
2026-09-30T11:10:28.6820695Z Learn more:
2026-09-30T11:10:28.6820854Z   https://aka.ms/dotnet/info
2026-09-30T11:10:28.6820981Z 
2026-09-30T11:10:28.6821038Z Download .NET:
2026-09-30T11:10:28.6821194Z   https://aka.ms/dotnet/download
2026-09-30T11:10:36.8553005Z Partition coverage: 2531 test methods, 0 not in exactly one partition.
2026-09-30T11:10:36.9209857Z Running complete-suite partition: issues
2026-09-30T11:10:36.9344295Z 
2026-09-30T11:10:36.9344633Z Host:
2026-09-30T11:10:36.9344850Z   Version:      8.0.31
2026-09-30T11:10:36.9345072Z   Architecture: x86
2026-09-30T11:10:36.9345244Z   Commit:       1219a42122
2026-09-30T11:10:36.9345419Z   RID:          win-x86
2026-09-30T11:10:36.9345526Z 
2026-09-30T11:10:36.9345615Z .NET SDKs installed:
2026-09-30T11:10:36.9345776Z   No SDKs were found.
2026-09-30T11:10:36.9345871Z 
2026-09-30T11:10:36.9345951Z .NET runtimes installed:
2026-09-30T11:10:36.9346264Z   Microsoft.NETCore.App 8.0.31 [__CI_HOME__/work\_temp\litedb-runtime-8-x86\shared\Microsoft.NETCore.App]
2026-09-30T11:10:36.9346534Z 
2026-09-30T11:10:36.9346617Z Other architectures found:
2026-09-30T11:10:36.9346801Z   x64   [C:\Program Files\dotnet]
2026-09-30T11:10:36.9347101Z     registered at [HKLM\SOFTWARE\dotnet\Setup\InstalledVersions\x64\InstallLocation]
2026-09-30T11:10:36.9347510Z 
2026-09-30T11:10:36.9347621Z Environment variables:
2026-09-30T11:10:36.9347947Z   DOTNET_ROOT       [C:\Program Files\dotnet]
2026-09-30T11:10:36.9348096Z 
2026-09-30T11:10:36.9348166Z global.json file:
2026-09-30T11:10:36.9348315Z   Not found
2026-09-30T11:10:36.9348689Z 
2026-09-30T11:10:36.9348743Z Learn more:
2026-09-30T11:10:36.9348909Z   https://aka.ms/dotnet/info
2026-09-30T11:10:36.9349035Z 
2026-09-30T11:10:36.9349098Z Download .NET:
2026-09-30T11:10:36.9349261Z   https://aka.ms/dotnet/download
2026-09-30T11:10:37.1678315Z VSTest version 18.7.0 (x64)
2026-09-30T11:10:37.1706666Z 
2026-09-30T11:10:37.2776142Z Starting test execution, please wait...
2026-09-30T11:10:37.3775411Z A total of 1 test files matched the specified pattern.
2026-09-30T11:10:48.2796607Z [xUnit.net 00:00:10.45]     LiteDB.Tests.Issues.Issue2127_Tests+ReproTests.InsertItemBackToBack_Test [SKIP]
2026-09-30T11:10:48.2989281Z   Skipped LiteDB.Tests.Issues.Issue2127_Tests+ReproTests.InsertItemBackToBack_Test [1 ms]
2026-09-30T11:11:48.6947055Z Results File: __CI_WORKSPACE__\LiteDB.Tests\TestResults\TestResults-issues.trx
2026-09-30T11:11:48.6951316Z 
2026-09-30T11:11:48.7005433Z Passed!  - Failed:     0, Passed:  1570, Skipped:     1, Total:  1571, Duration: 1 m 9 s - LiteDB.Tests.dll (net8.0)
2026-09-30T11:11:48.9394264Z Running complete-suite partition: rebuild
2026-09-30T11:11:48.9561215Z 
2026-09-30T11:11:48.9561575Z Host:
2026-09-30T11:11:48.9561800Z   Version:      8.0.31
2026-09-30T11:11:48.9562001Z   Architecture: x86
2026-09-30T11:11:48.9562183Z   Commit:       1219a42122
2026-09-30T11:11:48.9562367Z   RID:          win-x86
2026-09-30T11:11:48.9562488Z 
2026-09-30T11:11:48.9562576Z .NET SDKs installed:
2026-09-30T11:11:48.9562741Z   No SDKs were found.
2026-09-30T11:11:48.9562845Z 
2026-09-30T11:11:48.9562927Z .NET runtimes installed:
2026-09-30T11:11:48.9563246Z   Microsoft.NETCore.App 8.0.31 [__CI_HOME__/work\_temp\litedb-runtime-8-x86\shared\Microsoft.NETCore.App]
2026-09-30T11:11:48.9563515Z 
2026-09-30T11:11:48.9564773Z Other architectures found:
2026-09-30T11:11:48.9565018Z   x64   [C:\Program Files\dotnet]
2026-09-30T11:11:48.9565538Z     registered at [HKLM\SOFTWARE\dotnet\Setup\InstalledVersions\x64\InstallLocation]
2026-09-30T11:11:48.9565873Z 
2026-09-30T11:11:48.9566002Z Environment variables:
2026-09-30T11:11:48.9566195Z   DOTNET_ROOT       [C:\Program Files\dotnet]
2026-09-30T11:11:48.9566357Z 
2026-09-30T11:11:48.9566420Z global.json file:
2026-09-30T11:11:48.9566586Z   Not found
2026-09-30T11:11:48.9566665Z 
2026-09-30T11:11:48.9566729Z Learn more:
2026-09-30T11:11:48.9566891Z   https://aka.ms/dotnet/info
2026-09-30T11:11:48.9567022Z 
2026-09-30T11:11:48.9567083Z Download .NET:
2026-09-30T11:11:48.9567258Z   https://aka.ms/dotnet/download
2026-09-30T11:11:49.1720203Z VSTest version 18.7.0 (x64)
2026-09-30T11:11:49.1744022Z 
2026-09-30T11:11:49.2594975Z Starting test execution, please wait...
2026-09-30T11:11:49.2906065Z A total of 1 test files matched the specified pattern.
2026-09-30T11:12:28.5885444Z [xUnit.net 00:00:38.86]     LiteDB.Tests.Engine.Rebuild_Tests.Rebuild_Change_Culture_Error [SKIP]
2026-09-30T11:12:28.7033524Z   Skipped LiteDB.Tests.Engine.Rebuild_Tests.Rebuild_Change_Culture_Error [1 ms]
2026-09-30T11:12:29.1644189Z Results File: __CI_WORKSPACE__\LiteDB.Tests\TestResults\TestResults-rebuild.trx
2026-09-30T11:12:29.1646845Z 
2026-09-30T11:12:29.1680644Z Passed!  - Failed:     0, Passed:    87, Skipped:     1, Total:    88, Duration: 38 s - LiteDB.Tests.dll (net8.0)
2026-09-30T11:12:29.2033731Z Running complete-suite partition: engine-compact
2026-09-30T11:12:29.2194411Z 
2026-09-30T11:12:29.2194706Z Host:
2026-09-30T11:12:29.2194941Z   Version:      8.0.31
2026-09-30T11:12:29.2195143Z   Architecture: x86
2026-09-30T11:12:29.2195314Z   Commit:       1219a42122
2026-09-30T11:12:29.2195495Z   RID:          win-x86
2026-09-30T11:12:29.2195604Z 
2026-09-30T11:12:29.2195694Z .NET SDKs installed:
2026-09-30T11:12:29.2195892Z   No SDKs were found.
2026-09-30T11:12:29.2196186Z 
2026-09-30T11:12:29.2196304Z .NET runtimes installed:
2026-09-30T11:12:29.2196632Z   Microsoft.NETCore.App 8.0.31 [__CI_HOME__/work\_temp\litedb-runtime-8-x86\shared\Microsoft.NETCore.App]
2026-09-30T11:12:29.2196913Z 
2026-09-30T11:12:29.2197347Z Other architectures found:
2026-09-30T11:12:29.2197642Z   x64   [C:\Program Files\dotnet]
2026-09-30T11:12:29.2198123Z     registered at [HKLM\SOFTWARE\dotnet\Setup\InstalledVersions\x64\InstallLocation]
2026-09-30T11:12:29.2198515Z 
2026-09-30T11:12:29.2198629Z Environment variables:
2026-09-30T11:12:29.2198926Z   DOTNET_ROOT       [C:\Program Files\dotnet]
2026-09-30T11:12:29.2199161Z 
2026-09-30T11:12:29.2199263Z global.json file:
2026-09-30T11:12:29.2199505Z   Not found
2026-09-30T11:12:29.2199635Z 
2026-09-30T11:12:29.2199722Z Learn more:
2026-09-30T11:12:29.2199957Z   https://aka.ms/dotnet/info
2026-09-30T11:12:29.2200082Z 
2026-09-30T11:12:29.2200150Z Download .NET:
2026-09-30T11:12:29.2200324Z   https://aka.ms/dotnet/download
2026-09-30T11:12:29.4133433Z VSTest version 18.7.0 (x64)
2026-09-30T11:12:29.4160192Z 
2026-09-30T11:12:29.5047259Z Starting test execution, please wait...
2026-09-30T11:12:29.5427676Z A total of 1 test files matched the specified pattern.
2026-09-30T11:13:36.4254161Z Results File: __CI_WORKSPACE__\LiteDB.Tests\TestResults\TestResults-engine-compact.trx
2026-09-30T11:13:36.4257797Z 
2026-09-30T11:13:36.4293133Z Passed!  - Failed:     0, Passed:   296, Skipped:     0, Total:   296, Duration: 1 m 5 s - LiteDB.Tests.dll (net8.0)
2026-09-30T11:13:36.4763842Z Running complete-suite partition: engine-index
2026-09-30T11:13:36.4918624Z 
2026-09-30T11:13:36.4919125Z Host:
2026-09-30T11:13:36.4919480Z   Version:      8.0.31
2026-09-30T11:13:36.4919777Z   Architecture: x86
2026-09-30T11:13:36.4920038Z   Commit:       1219a42122
2026-09-30T11:13:36.4920323Z   RID:          win-x86
2026-09-30T11:13:36.4920472Z 
2026-09-30T11:13:36.4920576Z .NET SDKs installed:
2026-09-30T11:13:36.4921058Z   No SDKs were found.
2026-09-30T11:13:36.4921216Z 
2026-09-30T11:13:36.4921348Z .NET runtimes installed:
2026-09-30T11:13:36.4921799Z   Microsoft.NETCore.App 8.0.31 [__CI_HOME__/work\_temp\litedb-runtime-8-x86\shared\Microsoft.NETCore.App]
2026-09-30T11:13:36.4922450Z 
2026-09-30T11:13:36.4922557Z Other architectures found:
2026-09-30T11:13:36.4922807Z   x64   [C:\Program Files\dotnet]
2026-09-30T11:13:36.4923192Z     registered at [HKLM\SOFTWARE\dotnet\Setup\InstalledVersions\x64\InstallLocation]
2026-09-30T11:13:36.4923451Z 
2026-09-30T11:13:36.4923567Z Environment variables:
2026-09-30T11:13:36.4923812Z   DOTNET_ROOT       [C:\Program Files\dotnet]
2026-09-30T11:13:36.4924002Z 
2026-09-30T11:13:36.4924109Z global.json file:
2026-09-30T11:13:36.4924321Z   Not found
2026-09-30T11:13:36.4924421Z 
2026-09-30T11:13:36.4924522Z Learn more:
2026-09-30T11:13:36.4924781Z   https://aka.ms/dotnet/info
2026-09-30T11:13:36.4924976Z 
2026-09-30T11:13:36.4925087Z Download .NET:
2026-09-30T11:13:36.4925425Z   https://aka.ms/dotnet/download
2026-09-30T11:13:36.6859254Z VSTest version 18.7.0 (x64)
2026-09-30T11:13:36.6884704Z 
2026-09-30T11:13:36.7731362Z Starting test execution, please wait...
2026-09-30T11:13:36.8031866Z A total of 1 test files matched the specified pattern.
2026-09-30T11:14:13.2095091Z Results File: __CI_WORKSPACE__\LiteDB.Tests\TestResults\TestResults-engine-index.trx
2026-09-30T11:14:13.2098048Z 
2026-09-30T11:14:13.2131564Z Passed!  - Failed:     0, Passed:    63, Skipped:     0, Total:    63, Duration: 35 s - LiteDB.Tests.dll (net8.0)
2026-09-30T11:14:13.2485063Z Running complete-suite partition: engine-admission
2026-09-30T11:14:13.2647656Z 
2026-09-30T11:14:13.2648144Z Host:
2026-09-30T11:14:13.2648513Z   Version:      8.0.31
2026-09-30T11:14:13.2648868Z   Architecture: x86
2026-09-30T11:14:13.2649225Z   Commit:       1219a42122
2026-09-30T11:14:13.2649556Z   RID:          win-x86
2026-09-30T11:14:13.2649732Z 
2026-09-30T11:14:13.2649918Z .NET SDKs installed:
2026-09-30T11:14:13.2650270Z   No SDKs were found.
2026-09-30T11:14:13.2650478Z 
2026-09-30T11:14:13.2650609Z .NET runtimes installed:
2026-09-30T11:14:13.2651305Z   Microsoft.NETCore.App 8.0.31 [__CI_HOME__/work\_temp\litedb-runtime-8-x86\shared\Microsoft.NETCore.App]
2026-09-30T11:14:13.2651946Z 
2026-09-30T11:14:13.2652086Z Other architectures found:
2026-09-30T11:14:13.2652347Z   x64   [C:\Program Files\dotnet]
2026-09-30T11:14:13.2652761Z     registered at [HKLM\SOFTWARE\dotnet\Setup\InstalledVersions\x64\InstallLocation]
2026-09-30T11:14:13.2653025Z 
2026-09-30T11:14:13.2653149Z Environment variables:
2026-09-30T11:14:13.2653396Z   DOTNET_ROOT       [C:\Program Files\dotnet]
2026-09-30T11:14:13.2653591Z 
2026-09-30T11:14:13.2653673Z global.json file:
2026-09-30T11:14:13.2653909Z   Not found
2026-09-30T11:14:13.2654008Z 
2026-09-30T11:14:13.2654200Z Learn more:
2026-09-30T11:14:13.2654490Z   https://aka.ms/dotnet/info
2026-09-30T11:14:13.2654714Z 
2026-09-30T11:14:13.2654792Z Download .NET:
2026-09-30T11:14:13.2655059Z   https://aka.ms/dotnet/download
2026-09-30T11:14:13.4589176Z VSTest version 18.7.0 (x64)
2026-09-30T11:14:13.4608518Z 
2026-09-30T11:14:13.5492973Z Starting test execution, please wait...
2026-09-30T11:14:13.5792937Z A total of 1 test files matched the specified pattern.
2026-09-30T11:14:53.3178591Z Results File: __CI_WORKSPACE__\LiteDB.Tests\TestResults\TestResults-engine-admission.trx
2026-09-30T11:14:53.3181801Z 
2026-09-30T11:14:53.3217788Z Passed!  - Failed:     0, Passed:   126, Skipped:     0, Total:   126, Duration: 37 s - LiteDB.Tests.dll (net8.0)
2026-09-30T11:14:53.3606321Z Running complete-suite partition: engine-shared
2026-09-30T11:14:53.3767662Z 
2026-09-30T11:14:53.3768146Z Host:
2026-09-30T11:14:53.3768523Z   Version:      8.0.31
2026-09-30T11:14:53.3768902Z   Architecture: x86
2026-09-30T11:14:53.3769220Z   Commit:       1219a42122
2026-09-30T11:14:53.3769569Z   RID:          win-x86
2026-09-30T11:14:53.3769776Z 
2026-09-30T11:14:53.3769894Z .NET SDKs installed:
2026-09-30T11:14:53.3770531Z   No SDKs were found.
2026-09-30T11:14:53.3770705Z 
2026-09-30T11:14:53.3770890Z .NET runtimes installed:
2026-09-30T11:14:53.3771431Z   Microsoft.NETCore.App 8.0.31 [__CI_HOME__/work\_temp\litedb-runtime-8-x86\shared\Microsoft.NETCore.App]
2026-09-30T11:14:53.3771901Z 
2026-09-30T11:14:53.3772028Z Other architectures found:
2026-09-30T11:14:53.3772313Z   x64   [C:\Program Files\dotnet]
2026-09-30T11:14:53.3772677Z     registered at [HKLM\SOFTWARE\dotnet\Setup\InstalledVersions\x64\InstallLocation]
2026-09-30T11:14:53.3772963Z 
2026-09-30T11:14:53.3773063Z Environment variables:
2026-09-30T11:14:53.3773313Z   DOTNET_ROOT       [C:\Program Files\dotnet]
2026-09-30T11:14:53.3773512Z 
2026-09-30T11:14:53.3773616Z global.json file:
2026-09-30T11:14:53.3773879Z   Not found
2026-09-30T11:14:53.3774040Z 
2026-09-30T11:14:53.3774155Z Learn more:
2026-09-30T11:14:53.3774406Z   https://aka.ms/dotnet/info
2026-09-30T11:14:53.3774583Z 
2026-09-30T11:14:53.3774684Z Download .NET:
2026-09-30T11:14:53.3774914Z   https://aka.ms/dotnet/download
2026-09-30T11:14:53.5811680Z VSTest version 18.7.0 (x64)
2026-09-30T11:14:53.5833270Z 
2026-09-30T11:14:53.6639603Z Starting test execution, please wait...
2026-09-30T11:14:53.6942028Z A total of 1 test files matched the specified pattern.
2026-09-30T11:16:20.4063105Z [xUnit.net 00:01:26.29]     LiteDB.Tests.Engine.SharedAdmissionLifetime_Tests.Open_retains_admission_when_a_callback_disposes_the_connection [FAIL]
2026-09-30T11:16:20.4521890Z   Failed LiteDB.Tests.Engine.SharedAdmissionLifetime_Tests.Open_retains_admission_when_a_callback_disposes_the_connection [69 ms]
2026-09-30T11:16:20.4522747Z   Error Message:
2026-09-30T11:16:20.4523320Z    Expected a <System.IO.IOException> to be thrown, but found <System.InvalidOperationException>:
2026-09-30T11:16:20.4524339Z System.InvalidOperationException: Cannot close a shared connection from inside its executing operation.
2026-09-30T11:16:20.4525415Z    at LiteDB.SharedEngine.Dispose(Boolean disposing) in __CI_WORKSPACE__\LiteDB\Client\Shared\SharedEngine.Disposal.cs:line 20
2026-09-30T11:16:20.4526441Z    at LiteDB.SharedEngine.Dispose() in __CI_WORKSPACE__\LiteDB\Client\Shared\SharedEngine.cs:line 440
2026-09-30T11:16:20.4527899Z    at LiteDB.Tests.Engine.SharedAdmissionLifetime_Tests.<>c__DisplayClass1_0.<Open_retains_admission_when_a_callback_disposes_the_connection>b__1() in __CI_WORKSPACE__\LiteDB.Tests\Engine\SharedAdmissionLifetime_Tests.cs:line 78
2026-09-30T11:16:20.4531243Z    at LiteDB.SharedEngine.CreateEngine(Boolean recoveredAbandonedOwner, EngineSettings settings) in __CI_WORKSPACE__\LiteDB\Client\Shared\SharedEngine.cs:line 158
2026-09-30T11:16:20.4532896Z    at LiteDB.SharedEngine.OpenEngine(Boolean recoveredAbandonedOwner, Boolean final, Boolean writing) in __CI_WORKSPACE__\LiteDB\Client\Shared\SharedEngine.Coordination.cs:line 41
2026-09-30T11:16:20.4534849Z    at LiteDB.SharedEngine.OpenDatabase(Boolean scoped, Boolean writing, CancellationToken closing, TransactionAdmission admission) in __CI_WORKSPACE__\LiteDB\Client\Shared\SharedEngine.cs:line 134
2026-09-30T11:16:20.4536446Z    at LiteDB.SharedEngine.<>c__DisplayClass7_0`1.<QueryDatabase>b__0() in __CI_WORKSPACE__\LiteDB\Client\Shared\SharedEngine.Calls.cs:line 44
2026-09-30T11:16:20.4537555Z    at LiteDB.SharedEngine.Call[T](Func`1 call) in __CI_WORKSPACE__\LiteDB\Client\Shared\SharedEngine.Calls.cs:line 61
2026-09-30T11:16:20.4538651Z    at LiteDB.SharedEngine.QueryDatabase[T](Func`1 Query) in __CI_WORKSPACE__\LiteDB\Client\Shared\SharedEngine.Calls.cs:line 42
2026-09-30T11:16:20.4539702Z    at LiteDB.SharedEngine.Pragma(String name) in __CI_WORKSPACE__\LiteDB\Client\Shared\SharedEngine.cs:line 345
2026-09-30T11:16:20.4541217Z    at LiteDB.Tests.Engine.SharedAdmissionLifetime_Tests.<>c__DisplayClass1_0.<Open_retains_admission_when_a_callback_disposes_the_connection>b__2() in __CI_WORKSPACE__\LiteDB.Tests\Engine\SharedAdmissionLifetime_Tests.cs:line 82
2026-09-30T11:16:20.4543514Z    at FluentAssertions.Specialized.DelegateAssertions`2.InvokeSubjectWithInterception().
2026-09-30T11:16:20.4544211Z   Stack Trace:
2026-09-30T11:16:20.4544708Z      at FluentAssertions.Execution.XUnit2TestFramework.Throw(String message)
2026-09-30T11:16:20.4545501Z    at FluentAssertions.Execution.TestFrameworkProvider.Throw(String message)
2026-09-30T11:16:20.4546399Z    at FluentAssertions.Execution.DefaultAssertionStrategy.HandleFailure(String message)
2026-09-30T11:16:20.4547331Z    at FluentAssertions.Execution.AssertionScope.FailWith(Func`1 failReasonFunc)
2026-09-30T11:16:20.4548108Z    at FluentAssertions.Execution.AssertionScope.FailWith(Func`1 failReasonFunc)
2026-09-30T11:16:20.4548913Z    at FluentAssertions.Execution.AssertionScope.FailWith(String message, Object[] args)
2026-09-30T11:16:20.4550152Z    at FluentAssertions.Specialized.DelegateAssertionsBase`2.ThrowInternal[TException](Exception exception, String because, Object[] becauseArgs)
2026-09-30T11:16:20.4551391Z    at FluentAssertions.Specialized.DelegateAssertions`2.Throw[TException](String because, Object[] becauseArgs)
2026-09-30T11:16:20.4552892Z    at LiteDB.Tests.Engine.SharedAdmissionLifetime_Tests.Open_retains_admission_when_a_callback_disposes_the_connection() in __CI_WORKSPACE__\LiteDB.Tests\Engine\SharedAdmissionLifetime_Tests.cs:line 83
2026-09-30T11:16:20.4554428Z    at System.RuntimeMethodHandle.InvokeMethod(Object target, Void** arguments, Signature sig, Boolean isConstructor)
2026-09-30T11:16:20.4555724Z    at System.Reflection.MethodBaseInvoker.InvokeWithNoArgs(Object obj, BindingFlags invokeAttr)
2026-09-30T11:16:44.4470859Z Results File: __CI_WORKSPACE__\LiteDB.Tests\TestResults\TestResults-engine-shared.trx
2026-09-30T11:16:44.4475203Z 
2026-09-30T11:16:44.4514379Z Failed!  - Failed:     1, Passed:   373, Skipped:     0, Total:   374, Duration: 1 m 49 s - LiteDB.Tests.dll (net8.0)
2026-09-30T11:16:44.4847145Z Running complete-suite partition: engine
2026-09-30T11:16:44.5019030Z 
2026-09-30T11:16:44.5019494Z Host:
2026-09-30T11:16:44.5019963Z   Version:      8.0.31
2026-09-30T11:16:44.5020306Z   Architecture: x86
2026-09-30T11:16:44.5020594Z   Commit:       1219a42122
2026-09-30T11:16:44.5020818Z   RID:          win-x86
2026-09-30T11:16:44.5020974Z 
2026-09-30T11:16:44.5021652Z .NET SDKs installed:
2026-09-30T11:16:44.5022009Z   No SDKs were found.
2026-09-30T11:16:44.5022192Z 
2026-09-30T11:16:44.5022327Z .NET runtimes installed:
2026-09-30T11:16:44.5022849Z   Microsoft.NETCore.App 8.0.31 [__CI_HOME__/work\_temp\litedb-runtime-8-x86\shared\Microsoft.NETCore.App]
2026-09-30T11:16:44.5023290Z 
2026-09-30T11:16:44.5023444Z Other architectures found:
2026-09-30T11:16:44.5023727Z   x64   [C:\Program Files\dotnet]
2026-09-30T11:16:44.5024200Z     registered at [HKLM\SOFTWARE\dotnet\Setup\InstalledVersions\x64\InstallLocation]
2026-09-30T11:16:44.5024620Z 
2026-09-30T11:16:44.5024772Z Environment variables:
2026-09-30T11:16:44.5025115Z   DOTNET_ROOT       [C:\Program Files\dotnet]
2026-09-30T11:16:44.5025374Z 
2026-09-30T11:16:44.5025526Z global.json file:
2026-09-30T11:16:44.5025811Z   Not found
2026-09-30T11:16:44.5025955Z 
2026-09-30T11:16:44.5026066Z Learn more:
2026-09-30T11:16:44.5026319Z   https://aka.ms/dotnet/info
2026-09-30T11:16:44.5026521Z 
2026-09-30T11:16:44.5026670Z Download .NET:
2026-09-30T11:16:44.5026948Z   https://aka.ms/dotnet/download
2026-09-30T11:16:44.7045536Z VSTest version 18.7.0 (x64)
2026-09-30T11:16:44.7059236Z 
2026-09-30T11:16:44.7982766Z Starting test execution, please wait...
2026-09-30T11:16:44.8303057Z A total of 1 test files matched the specified pattern.
2026-09-30T11:18:12.9227830Z [xUnit.net 00:01:27.67]     LiteDB.Tests.Engine.Collation_Tests.Create_Database_Using_Current_Culture [SKIP]
2026-09-30T11:18:13.9702143Z   Skipped LiteDB.Tests.Engine.Collation_Tests.Create_Database_Using_Current_Culture [1 ms]
2026-09-30T11:18:58.9439848Z Results File: __CI_WORKSPACE__\LiteDB.Tests\TestResults\TestResults-engine.trx
2026-09-30T11:18:58.9443656Z 
2026-09-30T11:18:58.9481521Z Passed!  - Failed:     0, Passed:   457, Skipped:     1, Total:   458, Duration: 2 m 12 s - LiteDB.Tests.dll (net8.0)
2026-09-30T11:18:59.0036201Z Running complete-suite partition: query-not-equal
2026-09-30T11:18:59.0197352Z 
2026-09-30T11:18:59.0197755Z Host:
2026-09-30T11:18:59.0198150Z   Version:      8.0.31
2026-09-30T11:18:59.0198463Z   Architecture: x86
2026-09-30T11:18:59.0198693Z   Commit:       1219a42122
2026-09-30T11:18:59.0199153Z   RID:          win-x86
2026-09-30T11:18:59.0199371Z 
2026-09-30T11:18:59.0199551Z .NET SDKs installed:
2026-09-30T11:18:59.0199901Z   No SDKs were found.
2026-09-30T11:18:59.0200070Z 
2026-09-30T11:18:59.0200234Z .NET runtimes installed:
2026-09-30T11:18:59.0200733Z   Microsoft.NETCore.App 8.0.31 [__CI_HOME__/work\_temp\litedb-runtime-8-x86\shared\Microsoft.NETCore.App]
2026-09-30T11:18:59.0201179Z 
2026-09-30T11:18:59.0201306Z Other architectures found:
2026-09-30T11:18:59.0201556Z   x64   [C:\Program Files\dotnet]
2026-09-30T11:18:59.0201926Z     registered at [HKLM\SOFTWARE\dotnet\Setup\InstalledVersions\x64\InstallLocation]
2026-09-30T11:18:59.0202209Z 
2026-09-30T11:18:59.0202326Z Environment variables:
2026-09-30T11:18:59.0202568Z   DOTNET_ROOT       [C:\Program Files\dotnet]
2026-09-30T11:18:59.0202739Z 
2026-09-30T11:18:59.0202848Z global.json file:
2026-09-30T11:18:59.0203057Z   Not found
2026-09-30T11:18:59.0203185Z 
2026-09-30T11:18:59.0203285Z Learn more:
2026-09-30T11:18:59.0203507Z   https://aka.ms/dotnet/info
2026-09-30T11:18:59.0203706Z 
2026-09-30T11:18:59.0203834Z Download .NET:
2026-09-30T11:18:59.0204125Z   https://aka.ms/dotnet/download
2026-09-30T11:18:59.2168328Z VSTest version 18.7.0 (x64)
2026-09-30T11:18:59.2190240Z 
2026-09-30T11:18:59.3029164Z Starting test execution, please wait...
2026-09-30T11:18:59.3332712Z A total of 1 test files matched the specified pattern.
2026-09-30T11:19:10.0731838Z Results File: __CI_WORKSPACE__\LiteDB.Tests\TestResults\TestResults-query-not-equal.trx
2026-09-30T11:19:10.0735106Z 
2026-09-30T11:19:10.0770870Z Passed!  - Failed:     0, Passed:    14, Skipped:     0, Total:    14, Duration: 9 s - LiteDB.Tests.dll (net8.0)
2026-09-30T11:19:10.1091051Z Running complete-suite partition: query
2026-09-30T11:19:10.1247550Z 
2026-09-30T11:19:10.1248359Z Host:
2026-09-30T11:19:10.1248717Z   Version:      8.0.31
2026-09-30T11:19:10.1249102Z   Architecture: x86
2026-09-30T11:19:10.1249416Z   Commit:       1219a42122
2026-09-30T11:19:10.1249748Z   RID:          win-x86
2026-09-30T11:19:10.1249956Z 
2026-09-30T11:19:10.1250097Z .NET SDKs installed:
2026-09-30T11:19:10.1250442Z   No SDKs were found.
2026-09-30T11:19:10.1250616Z 
2026-09-30T11:19:10.1250795Z .NET runtimes installed:
2026-09-30T11:19:10.1251361Z   Microsoft.NETCore.App 8.0.31 [__CI_HOME__/work\_temp\litedb-runtime-8-x86\shared\Microsoft.NETCore.App]
2026-09-30T11:19:10.1252508Z 
2026-09-30T11:19:10.1252689Z Other architectures found:
2026-09-30T11:19:10.1253097Z   x64   [C:\Program Files\dotnet]
2026-09-30T11:19:10.1253985Z     registered at [HKLM\SOFTWARE\dotnet\Setup\InstalledVersions\x64\InstallLocation]
2026-09-30T11:19:10.1254588Z 
2026-09-30T11:19:10.1254942Z Environment variables:
2026-09-30T11:19:10.1255395Z   DOTNET_ROOT       [C:\Program Files\dotnet]
2026-09-30T11:19:10.1255668Z 
2026-09-30T11:19:10.1255801Z global.json file:
2026-09-30T11:19:10.1256057Z   Not found
2026-09-30T11:19:10.1256212Z 
2026-09-30T11:19:10.1256304Z Learn more:
2026-09-30T11:19:10.1256581Z   https://aka.ms/dotnet/info
2026-09-30T11:19:10.1256791Z 
2026-09-30T11:19:10.1257156Z Download .NET:
2026-09-30T11:19:10.1257536Z   https://aka.ms/dotnet/download
2026-09-30T11:19:10.3253493Z VSTest version 18.7.0 (x64)
2026-09-30T11:19:10.3275703Z 
2026-09-30T11:19:10.4091101Z Starting test execution, please wait...
2026-09-30T11:19:10.4402281Z A total of 1 test files matched the specified pattern.
2026-09-30T11:19:44.8035261Z Results File: __CI_WORKSPACE__\LiteDB.Tests\TestResults\TestResults-query.trx
2026-09-30T11:19:44.8039463Z 
2026-09-30T11:19:44.8079691Z Passed!  - Failed:     0, Passed:   826, Skipped:     0, Total:   826, Duration: 33 s - LiteDB.Tests.dll (net8.0)
2026-09-30T11:19:44.8927058Z Running complete-suite partition: shared-mapped-process
2026-09-30T11:19:44.9085753Z 
2026-09-30T11:19:44.9086221Z Host:
2026-09-30T11:19:44.9086544Z   Version:      8.0.31
2026-09-30T11:19:44.9086801Z   Architecture: x86
2026-09-30T11:19:44.9087043Z   Commit:       1219a42122
2026-09-30T11:19:44.9087288Z   RID:          win-x86
2026-09-30T11:19:44.9087441Z 
2026-09-30T11:19:44.9087571Z .NET SDKs installed:
2026-09-30T11:19:44.9087793Z   No SDKs were found.
2026-09-30T11:19:44.9087937Z 
2026-09-30T11:19:44.9088033Z .NET runtimes installed:
2026-09-30T11:19:44.9088423Z   Microsoft.NETCore.App 8.0.31 [__CI_HOME__/work\_temp\litedb-runtime-8-x86\shared\Microsoft.NETCore.App]
2026-09-30T11:19:44.9088876Z 
2026-09-30T11:19:44.9089407Z Other architectures found:
2026-09-30T11:19:44.9089683Z   x64   [C:\Program Files\dotnet]
2026-09-30T11:19:44.9090082Z     registered at [HKLM\SOFTWARE\dotnet\Setup\InstalledVersions\x64\InstallLocation]
2026-09-30T11:19:44.9090379Z 
2026-09-30T11:19:44.9090478Z Environment variables:
2026-09-30T11:19:44.9090759Z   DOTNET_ROOT       [C:\Program Files\dotnet]
2026-09-30T11:19:44.9090936Z 
2026-09-30T11:19:44.9091044Z global.json file:
2026-09-30T11:19:44.9091258Z   Not found
2026-09-30T11:19:44.9091384Z 
2026-09-30T11:19:44.9091482Z Learn more:
2026-09-30T11:19:44.9091730Z   https://aka.ms/dotnet/info
2026-09-30T11:19:44.9091875Z 
2026-09-30T11:19:44.9092033Z Download .NET:
2026-09-30T11:19:44.9092325Z   https://aka.ms/dotnet/download
2026-09-30T11:19:45.1126718Z VSTest version 18.7.0 (x64)
2026-09-30T11:19:45.1149512Z 
2026-09-30T11:19:45.1969118Z Starting test execution, please wait...
2026-09-30T11:19:45.2285471Z A total of 1 test files matched the specified pattern.
2026-09-30T11:20:48.1249326Z Results File: __CI_WORKSPACE__\LiteDB.Tests\TestResults\TestResults-shared-mapped-process.trx
2026-09-30T11:20:48.1253049Z 
2026-09-30T11:20:48.1288602Z Passed!  - Failed:     0, Passed:    36, Skipped:     0, Total:    36, Duration: 1 m 1 s - LiteDB.Tests.dll (net8.0)
2026-09-30T11:20:48.1742067Z Running complete-suite partition: shared-process
2026-09-30T11:20:48.1972788Z 
2026-09-30T11:20:48.1973355Z Host:
2026-09-30T11:20:48.1973628Z   Version:      8.0.31
2026-09-30T11:20:48.1973919Z   Architecture: x86
2026-09-30T11:20:48.1974154Z   Commit:       1219a42122
2026-09-30T11:20:48.1974402Z   RID:          win-x86
2026-09-30T11:20:48.1974545Z 
2026-09-30T11:20:48.1974647Z .NET SDKs installed:
2026-09-30T11:20:48.1974897Z   No SDKs were found.
2026-09-30T11:20:48.1975015Z 
2026-09-30T11:20:48.1975141Z .NET runtimes installed:
2026-09-30T11:20:48.1975523Z   Microsoft.NETCore.App 8.0.31 [__CI_HOME__/work\_temp\litedb-runtime-8-x86\shared\Microsoft.NETCore.App]
2026-09-30T11:20:48.1976578Z 
2026-09-30T11:20:48.1976695Z Other architectures found:
2026-09-30T11:20:48.1976984Z   x64   [C:\Program Files\dotnet]
2026-09-30T11:20:48.1977376Z     registered at [HKLM\SOFTWARE\dotnet\Setup\InstalledVersions\x64\InstallLocation]
2026-09-30T11:20:48.1977667Z 
2026-09-30T11:20:48.1977763Z Environment variables:
2026-09-30T11:20:48.1978011Z   DOTNET_ROOT       [C:\Program Files\dotnet]
2026-09-30T11:20:48.1978218Z 
2026-09-30T11:20:48.1978322Z global.json file:
2026-09-30T11:20:48.1978535Z   Not found
2026-09-30T11:20:48.1978659Z 
2026-09-30T11:20:48.1978735Z Learn more:
2026-09-30T11:20:48.1979008Z   https://aka.ms/dotnet/info
2026-09-30T11:20:48.1979238Z 
2026-09-30T11:20:48.1979385Z Download .NET:
2026-09-30T11:20:48.1979607Z   https://aka.ms/dotnet/download
2026-09-30T11:20:48.3991681Z VSTest version 18.7.0 (x64)
2026-09-30T11:20:48.4015079Z 
2026-09-30T11:20:48.5031844Z Starting test execution, please wait...
2026-09-30T11:20:48.5398396Z A total of 1 test files matched the specified pattern.
2026-09-30T11:23:15.2760758Z Results File: __CI_WORKSPACE__\LiteDB.Tests\TestResults\TestResults-shared-process.trx
2026-09-30T11:23:15.2763748Z 
2026-09-30T11:23:15.2797270Z Passed!  - Failed:     0, Passed:    55, Skipped:     0, Total:    55, Duration: 2 m 25 s - LiteDB.Tests.dll (net8.0)
2026-09-30T11:23:15.3155370Z Running complete-suite partition: shared
2026-09-30T11:23:15.3318713Z 
2026-09-30T11:23:15.3319130Z Host:
2026-09-30T11:23:15.3319496Z   Version:      8.0.31
2026-09-30T11:23:15.3319837Z   Architecture: x86
2026-09-30T11:23:15.3320142Z   Commit:       1219a42122
2026-09-30T11:23:15.3320448Z   RID:          win-x86
2026-09-30T11:23:15.3320632Z 
2026-09-30T11:23:15.3321017Z .NET SDKs installed:
2026-09-30T11:23:15.3321461Z   No SDKs were found.
2026-09-30T11:23:15.3321697Z 
2026-09-30T11:23:15.3321847Z .NET runtimes installed:
2026-09-30T11:23:15.3322420Z   Microsoft.NETCore.App 8.0.31 [__CI_HOME__/work\_temp\litedb-runtime-8-x86\shared\Microsoft.NETCore.App]
2026-09-30T11:23:15.3322912Z 
2026-09-30T11:23:15.3323121Z Other architectures found:
2026-09-30T11:23:15.3323444Z   x64   [C:\Program Files\dotnet]
2026-09-30T11:23:15.3324000Z     registered at [HKLM\SOFTWARE\dotnet\Setup\InstalledVersions\x64\InstallLocation]
2026-09-30T11:23:15.3324461Z 
2026-09-30T11:23:15.3324644Z Environment variables:
2026-09-30T11:23:15.3325015Z   DOTNET_ROOT       [C:\Program Files\dotnet]
2026-09-30T11:23:15.3325347Z 
2026-09-30T11:23:15.3325480Z global.json file:
2026-09-30T11:23:15.3325774Z   Not found
2026-09-30T11:23:15.3325954Z 
2026-09-30T11:23:15.3326095Z Learn more:
2026-09-30T11:23:15.3326408Z   https://aka.ms/dotnet/info
2026-09-30T11:23:15.3326652Z 
2026-09-30T11:23:15.3326767Z Download .NET:
2026-09-30T11:23:15.3327090Z   https://aka.ms/dotnet/download
2026-09-30T11:23:15.5262066Z VSTest version 18.7.0 (x64)
2026-09-30T11:23:15.5283914Z 
2026-09-30T11:23:15.6155635Z Starting test execution, please wait...
2026-09-30T11:23:15.6463286Z A total of 1 test files matched the specified pattern.
2026-09-30T11:23:29.2968480Z Results File: __CI_WORKSPACE__\LiteDB.Tests\TestResults\TestResults-shared.trx
2026-09-30T11:23:29.2971995Z 
2026-09-30T11:23:29.3012643Z Passed!  - Failed:     0, Passed:    55, Skipped:     0, Total:    55, Duration: 12 s - LiteDB.Tests.dll (net8.0)
2026-09-30T11:23:29.3361825Z Running complete-suite partition: mvcc
2026-09-30T11:23:29.3494665Z 
2026-09-30T11:23:29.3494959Z Host:
2026-09-30T11:23:29.3495211Z   Version:      8.0.31
2026-09-30T11:23:29.3495493Z   Architecture: x86
2026-09-30T11:23:29.3495714Z   Commit:       1219a42122
2026-09-30T11:23:29.3495961Z   RID:          win-x86
2026-09-30T11:23:29.3496106Z 
2026-09-30T11:23:29.3496205Z .NET SDKs installed:
2026-09-30T11:23:29.3496449Z   No SDKs were found.
2026-09-30T11:23:29.3496561Z 
2026-09-30T11:23:29.3496682Z .NET runtimes installed:
2026-09-30T11:23:29.3497061Z   Microsoft.NETCore.App 8.0.31 [__CI_HOME__/work\_temp\litedb-runtime-8-x86\shared\Microsoft.NETCore.App]
2026-09-30T11:23:29.3497398Z 
2026-09-30T11:23:29.3497562Z Other architectures found:
2026-09-30T11:23:29.3498003Z   x64   [C:\Program Files\dotnet]
2026-09-30T11:23:29.3498542Z     registered at [HKLM\SOFTWARE\dotnet\Setup\InstalledVersions\x64\InstallLocation]
2026-09-30T11:23:29.3498834Z 
2026-09-30T11:23:29.3498929Z Environment variables:
2026-09-30T11:23:29.3499173Z   DOTNET_ROOT       [C:\Program Files\dotnet]
2026-09-30T11:23:29.3499380Z 
2026-09-30T11:23:29.3499483Z global.json file:
2026-09-30T11:23:29.3499708Z   Not found
2026-09-30T11:23:29.3499836Z 
2026-09-30T11:23:29.3499910Z Learn more:
2026-09-30T11:23:29.3500126Z   https://aka.ms/dotnet/info
2026-09-30T11:23:29.3500297Z 
2026-09-30T11:23:29.3500401Z Download .NET:
2026-09-30T11:23:29.3500622Z   https://aka.ms/dotnet/download
2026-09-30T11:23:29.5447570Z VSTest version 18.7.0 (x64)
2026-09-30T11:23:29.5468766Z 
2026-09-30T11:23:29.6281222Z Starting test execution, please wait...
2026-09-30T11:23:29.6588343Z A total of 1 test files matched the specified pattern.
2026-09-30T11:25:54.0953414Z Results File: __CI_WORKSPACE__\LiteDB.Tests\TestResults\TestResults-mvcc.trx
2026-09-30T11:25:54.0958447Z 
2026-09-30T11:25:54.0998034Z Passed!  - Failed:     0, Passed:   403, Skipped:     0, Total:   403, Duration: 2 m 23 s - LiteDB.Tests.dll (net8.0)
2026-09-30T11:25:54.1593010Z Running complete-suite partition: internals
2026-09-30T11:25:54.1801667Z 
2026-09-30T11:25:54.1802361Z Host:
2026-09-30T11:25:54.1802888Z   Version:      8.0.31
2026-09-30T11:25:54.1803381Z   Architecture: x86
2026-09-30T11:25:54.1803847Z   Commit:       1219a42122
2026-09-30T11:25:54.1804309Z   RID:          win-x86
2026-09-30T11:25:54.1804628Z 
2026-09-30T11:25:54.1804877Z .NET SDKs installed:
2026-09-30T11:25:54.1805849Z   No SDKs were found.
2026-09-30T11:25:54.1806334Z 
2026-09-30T11:25:54.1806618Z .NET runtimes installed:
2026-09-30T11:25:54.1807542Z   Microsoft.NETCore.App 8.0.31 [__CI_HOME__/work\_temp\litedb-runtime-8-x86\shared\Microsoft.NETCore.App]
2026-09-30T11:25:54.1808943Z 
2026-09-30T11:25:54.1809294Z Other architectures found:
2026-09-30T11:25:54.1809842Z   x64   [C:\Program Files\dotnet]
2026-09-30T11:25:54.1810573Z     registered at [HKLM\SOFTWARE\dotnet\Setup\InstalledVersions\x64\InstallLocation]
2026-09-30T11:25:54.1811167Z 
2026-09-30T11:25:54.1811514Z Environment variables:
2026-09-30T11:25:54.1812009Z   DOTNET_ROOT       [C:\Program Files\dotnet]
2026-09-30T11:25:54.1812430Z 
2026-09-30T11:25:54.1812688Z global.json file:
2026-09-30T11:25:54.1813103Z   Not found
2026-09-30T11:25:54.1813360Z 
2026-09-30T11:25:54.1813602Z Learn more:
2026-09-30T11:25:54.1814015Z   https://aka.ms/dotnet/info
2026-09-30T11:25:54.1814371Z 
2026-09-30T11:25:54.1814609Z Download .NET:
2026-09-30T11:25:54.1815033Z   https://aka.ms/dotnet/download
2026-09-30T11:25:54.4005731Z VSTest version 18.7.0 (x64)
2026-09-30T11:25:54.4030116Z 
2026-09-30T11:25:54.4875984Z Starting test execution, please wait...
2026-09-30T11:25:54.5174855Z A total of 1 test files matched the specified pattern.
2026-09-30T11:27:11.8173006Z Results File: __CI_WORKSPACE__\LiteDB.Tests\TestResults\TestResults-internals.trx
2026-09-30T11:27:11.8176596Z 
2026-09-30T11:27:11.8222861Z Passed!  - Failed:     0, Passed:   435, Skipped:     0, Total:   435, Duration: 1 m 15 s - LiteDB.Tests.dll (net8.0)
2026-09-30T11:27:11.8876814Z Running complete-suite partition: remaining
2026-09-30T11:27:11.9077120Z 
2026-09-30T11:27:11.9077728Z Host:
2026-09-30T11:27:11.9078245Z   Version:      8.0.31
2026-09-30T11:27:11.9078766Z   Architecture: x86
2026-09-30T11:27:11.9079195Z   Commit:       1219a42122
2026-09-30T11:27:11.9079645Z   RID:          win-x86
2026-09-30T11:27:11.9079966Z 
2026-09-30T11:27:11.9080254Z .NET SDKs installed:
2026-09-30T11:27:11.9081546Z   No SDKs were found.
2026-09-30T11:27:11.9081900Z 
2026-09-30T11:27:11.9082151Z .NET runtimes installed:
2026-09-30T11:27:11.9082839Z   Microsoft.NETCore.App 8.0.31 [__CI_HOME__/work\_temp\litedb-runtime-8-x86\shared\Microsoft.NETCore.App]
2026-09-30T11:27:11.9083859Z 
2026-09-30T11:27:11.9084252Z Other architectures found:
2026-09-30T11:27:11.9085295Z   x64   [C:\Program Files\dotnet]
2026-09-30T11:27:11.9086057Z     registered at [HKLM\SOFTWARE\dotnet\Setup\InstalledVersions\x64\InstallLocation]
2026-09-30T11:27:11.9086655Z 
2026-09-30T11:27:11.9086921Z Environment variables:
2026-09-30T11:27:11.9087378Z   DOTNET_ROOT       [C:\Program Files\dotnet]
2026-09-30T11:27:11.9087805Z 
2026-09-30T11:27:11.9088023Z global.json file:
2026-09-30T11:27:11.9088470Z   Not found
2026-09-30T11:27:11.9088717Z 
2026-09-30T11:27:11.9088963Z Learn more:
2026-09-30T11:27:11.9089377Z   https://aka.ms/dotnet/info
2026-09-30T11:27:11.9089737Z 
2026-09-30T11:27:11.9089988Z Download .NET:
2026-09-30T11:27:11.9090406Z   https://aka.ms/dotnet/download
2026-09-30T11:27:12.1291756Z VSTest version 18.7.0 (x64)
2026-09-30T11:27:12.1313620Z 
2026-09-30T11:27:12.2248232Z Starting test execution, please wait...
2026-09-30T11:27:12.2601113Z A total of 1 test files matched the specified pattern.
2026-09-30T11:29:11.3545628Z Results File: __CI_WORKSPACE__\LiteDB.Tests\TestResults\TestResults-remaining.trx
2026-09-30T11:29:11.3550511Z 
2026-09-30T11:29:11.3591329Z Passed!  - Failed:     0, Passed:   613, Skipped:     0, Total:   613, Duration: 1 m 57 s - LiteDB.Tests.dll (net8.0)
2026-09-30T11:29:11.5309729Z [31;1mException: [0m__CI_WORKSPACE__\scripts\run-ci-tests.ps1:105[0m
2026-09-30T11:29:11.5310476Z [31;1m[0m[36;1mLine |[0m
2026-09-30T11:29:11.5311258Z [31;1m[0m[36;1m[36;1m 105 | [0m … iled.Count) { [36;1mthrow "Test partitions failed: $($failed -join ', ')"[0m }[0m
2026-09-30T11:29:11.5312198Z [31;1m[0m[36;1m[36;1m[0m[36;1m[0m[36;1m     | [31;1m                 ~~~~~~~~~~~~~~~~~~~~~~~~~~~~~~~~~~~~~~~~~~~~~~~~~~~~~[0m
2026-09-30T11:29:11.5312804Z [31;1m[0m[36;1m[36;1m[0m[36;1m[0m[36;1m[31;1m[31;1m[36;1m     | [31;1mTest partitions failed: engine-shared[0m
2026-09-30T11:29:11.5611278Z ##[error]Process completed with exit code 1.
2026-09-30T11:29:11.5835008Z ##[group]Run actions/upload-artifact@v4
2026-09-30T11:29:11.5835331Z with:
2026-09-30T11:29:11.5835612Z   name: shared-worker-binaries-windows-latest-x86-.NET 8
2026-09-30T11:29:11.5836100Z   path: LiteDB.Tests/bin/Release/net8.0/
__CI_HOME__/work\_temp/litedb-runtime-8-x86/shared/Microsoft.NETCore.App/

2026-09-30T11:29:11.5836517Z   if-no-files-found: warn
2026-09-30T11:29:11.5836767Z   retention-days: 14
2026-09-30T11:29:11.5836988Z   compression-level: 6
2026-09-30T11:29:11.5837207Z   overwrite: false
2026-09-30T11:29:11.5837459Z   include-hidden-files: false
2026-09-30T11:29:11.5837692Z env:
2026-09-30T11:29:11.5838016Z   LITEDB_RETAINED_FIXTURES: __CI_WORKSPACE__/LiteDB.Tests/TestResults/retained-fixtures
2026-09-30T11:29:11.5838402Z   LITEDB_SHARED_EXPECT_TEMP_VOLUME: 1
2026-09-30T11:29:11.5838699Z   DOTNET_ROOT: C:\Program Files\dotnet
2026-09-30T11:29:11.5839196Z   LITEDB_SHARED_DIAGNOSTICS: __CI_HOME__\AppData\Local\Temp\litedb-shared-diagnostics-36705044676-3
2026-09-30T11:29:11.5839707Z   LITEDB_SHARED_PROCDUMP: __CI_HOME__/work\_temp\litedb-procdump\procdump.exe
2026-09-30T11:29:11.5840015Z ##[endgroup]
2026-09-30T11:29:11.7593591Z (node:4736) [DEP0040] DeprecationWarning: The `punycode` module is deprecated. Please use a userland alternative instead.
2026-09-30T11:29:11.7594589Z (Use `node --trace-deprecation ...` to show where the warning was created)
2026-09-30T11:29:11.8386764Z Multiple search paths detected. Calculating the least common ancestor of all paths
2026-09-30T11:29:11.8389550Z The least common ancestor is D:\a. This will be the root directory of the artifact
2026-09-30T11:29:11.8390405Z With the provided path, there will be 297 files uploaded
2026-09-30T11:29:11.8394791Z Artifact name is valid!
2026-09-30T11:29:11.8395941Z Root directory input is valid!
2026-09-30T11:29:12.0307330Z Beginning upload of artifact content to blob storage
2026-09-30T11:29:12.7507478Z (node:4736) [DEP0169] DeprecationWarning: `url.parse()` behavior is not standardized and prone to errors that have security implications. Use the WHATWG URL API instead. CVEs are not issued for `url.parse()` vulnerabilities.
2026-09-30T11:29:12.9571966Z Uploaded bytes 8388608
2026-09-30T11:29:13.4383808Z Uploaded bytes 16777216
2026-09-30T11:29:14.0276401Z Uploaded bytes 25165824
2026-09-30T11:29:14.4955687Z Uploaded bytes 33554432
2026-09-30T11:29:14.8313723Z Uploaded bytes 38928687
2026-09-30T11:29:14.8498906Z Finished uploading artifact content to blob storage!
2026-09-30T11:29:14.8502145Z SHA256 digest of uploaded artifact zip is fd04c02eec5a603bbd1b4b4827fa60482472de0551793fdfb5f12e1fb862d1c5
2026-09-30T11:29:14.8504100Z Finalizing artifact upload
2026-09-30T11:29:15.0418374Z Artifact shared-worker-binaries-windows-latest-x86-.NET 8.zip successfully finalized. Artifact ID 11092729099
2026-09-30T11:29:15.0420046Z Artifact shared-worker-binaries-windows-latest-x86-.NET 8 has been successfully uploaded! Final size is 38928687 bytes. Artifact ID is 11092729099
2026-09-30T11:29:15.0432091Z Artifact download URL: https://github.com/JKamsker/LiteDB/actions/runs/36705044676/artifacts/11092729099
2026-09-30T11:29:15.0718061Z ##[group]Run actions/upload-artifact@v4
2026-09-30T11:29:15.0718453Z with:
2026-09-30T11:29:15.0718741Z   name: shared-worker-timeouts-windows-latest-x86-.NET 8
2026-09-30T11:29:15.0719190Z   path: __CI_HOME__\AppData\Local\Temp\litedb-shared-diagnostics-36705044676-3/
2026-09-30T11:29:15.0719620Z   retention-days: 14
2026-09-30T11:29:15.0719852Z   if-no-files-found: ignore
2026-09-30T11:29:15.0720109Z   compression-level: 6
2026-09-30T11:29:15.0720333Z   overwrite: false
2026-09-30T11:29:15.0720557Z   include-hidden-files: false
2026-09-30T11:29:15.0721116Z env:
2026-09-30T11:29:15.0721435Z   LITEDB_RETAINED_FIXTURES: __CI_WORKSPACE__/LiteDB.Tests/TestResults/retained-fixtures
2026-09-30T11:29:15.0721847Z   LITEDB_SHARED_EXPECT_TEMP_VOLUME: 1
2026-09-30T11:29:15.0722124Z   DOTNET_ROOT: C:\Program Files\dotnet
2026-09-30T11:29:15.0722549Z   LITEDB_SHARED_DIAGNOSTICS: __CI_HOME__\AppData\Local\Temp\litedb-shared-diagnostics-36705044676-3
2026-09-30T11:29:15.0723141Z   LITEDB_SHARED_PROCDUMP: __CI_HOME__/work\_temp\litedb-procdump\procdump.exe
2026-09-30T11:29:15.0723459Z ##[endgroup]
2026-09-30T11:29:15.3038524Z (node:3048) [DEP0040] DeprecationWarning: The `punycode` module is deprecated. Please use a userland alternative instead.
2026-09-30T11:29:15.3039796Z (Use `node --trace-deprecation ...` to show where the warning was created)
2026-09-30T11:29:15.3075608Z No files were found with the provided path: __CI_HOME__\AppData\Local\Temp\litedb-shared-diagnostics-36705044676-3/. No artifacts will be uploaded.
2026-09-30T11:29:15.3384491Z ##[group]Run actions/upload-artifact@v4
2026-09-30T11:29:15.3384959Z with:
2026-09-30T11:29:15.3385258Z   name: test-results-test-windows-3
2026-09-30T11:29:15.3385600Z   overwrite: true
2026-09-30T11:29:15.3386303Z   path: LiteDB.Tests/TestResults/*.trx
LiteDB.Tests/TestResults/evidence-leg.json
LiteDB.Tests/TestResults/discovered-tests.txt

2026-09-30T11:29:15.3387082Z   if-no-files-found: warn
2026-09-30T11:29:15.3413491Z   compression-level: 6
2026-09-30T11:29:15.3413830Z   include-hidden-files: false
2026-09-30T11:29:15.3414137Z env:
2026-09-30T11:29:15.3414614Z   LITEDB_RETAINED_FIXTURES: __CI_WORKSPACE__/LiteDB.Tests/TestResults/retained-fixtures
2026-09-30T11:29:15.3416477Z   LITEDB_SHARED_EXPECT_TEMP_VOLUME: 1
2026-09-30T11:29:15.3416813Z   DOTNET_ROOT: C:\Program Files\dotnet
2026-09-30T11:29:15.3417700Z   LITEDB_SHARED_DIAGNOSTICS: __CI_HOME__\AppData\Local\Temp\litedb-shared-diagnostics-36705044676-3
2026-09-30T11:29:15.3418474Z   LITEDB_SHARED_PROCDUMP: __CI_HOME__/work\_temp\litedb-procdump\procdump.exe
2026-09-30T11:29:15.3418914Z ##[endgroup]
2026-09-30T11:29:15.5158305Z (node:3492) [DEP0040] DeprecationWarning: The `punycode` module is deprecated. Please use a userland alternative instead.
2026-09-30T11:29:15.5159228Z (Use `node --trace-deprecation ...` to show where the warning was created)
2026-09-30T11:29:15.5234720Z With the provided path, there will be 17 files uploaded
2026-09-30T11:29:15.6262817Z Artifact name is valid!
2026-09-30T11:29:15.6264723Z Root directory input is valid!
2026-09-30T11:29:15.7859091Z Beginning upload of artifact content to blob storage
2026-09-30T11:29:15.9280237Z (node:3492) [DEP0169] DeprecationWarning: `url.parse()` behavior is not standardized and prone to errors that have security implications. Use the WHATWG URL API instead. CVEs are not issued for `url.parse()` vulnerabilities.
2026-09-30T11:29:16.0256860Z Uploaded bytes 1349333
2026-09-30T11:29:16.0438726Z Finished uploading artifact content to blob storage!
2026-09-30T11:29:16.0439801Z SHA256 digest of uploaded artifact zip is 8307be659dcb8ae44e7748ae9b787a3c6adc2f100fc2ed744f027e7062118280
2026-09-30T11:29:16.0440470Z Finalizing artifact upload
2026-09-30T11:29:16.2796882Z Artifact test-results-test-windows-3.zip successfully finalized. Artifact ID 11092843754
2026-09-30T11:29:16.2798367Z Artifact test-results-test-windows-3 has been successfully uploaded! Final size is 1349333 bytes. Artifact ID is 11092843754
2026-09-30T11:29:16.2808069Z Artifact download URL: https://github.com/JKamsker/LiteDB/actions/runs/36705044676/artifacts/11092843754
2026-09-30T11:29:16.3133969Z Prepare all required actions
2026-09-30T11:29:16.3134644Z Getting action download info
2026-09-30T11:29:16.4465727Z ##[group]Run ./.github/actions/retained-fixtures
2026-09-30T11:29:16.4465971Z env:
2026-09-30T11:29:16.4466251Z   LITEDB_RETAINED_FIXTURES: __CI_WORKSPACE__/LiteDB.Tests/TestResults/retained-fixtures
2026-09-30T11:29:16.4466590Z   LITEDB_SHARED_EXPECT_TEMP_VOLUME: 1
2026-09-30T11:29:16.4466817Z   DOTNET_ROOT: C:\Program Files\dotnet
2026-09-30T11:29:16.4467205Z   LITEDB_SHARED_DIAGNOSTICS: __CI_HOME__\AppData\Local\Temp\litedb-shared-diagnostics-36705044676-3
2026-09-30T11:29:16.4467664Z   LITEDB_SHARED_PROCDUMP: __CI_HOME__/work\_temp\litedb-procdump\procdump.exe
2026-09-30T11:29:16.4467927Z ##[endgroup]
2026-09-30T11:29:16.4514801Z ##[start-action display=Collect retained fixtures;id=__self.__run]
2026-09-30T11:29:16.4634904Z ##[group]Run if [ "$RUNNER_OS" = "Windows" ]; then retained_python=python; else retained_python=python3; fi
2026-09-30T11:29:16.4635465Z [36;1mif [ "$RUNNER_OS" = "Windows" ]; then retained_python=python; else retained_python=python3; fi[0m
2026-09-30T11:29:16.4635958Z [36;1m"$retained_python" scripts/collect-retained-fixtures.py "$LITEDB_RETAINED_FIXTURES"[0m
2026-09-30T11:29:16.4648753Z shell: C:\Program Files\Git\bin\bash.EXE --noprofile --norc -e -o pipefail {0}
2026-09-30T11:29:16.4649062Z env:
2026-09-30T11:29:16.4649349Z   LITEDB_RETAINED_FIXTURES: __CI_WORKSPACE__/LiteDB.Tests/TestResults/retained-fixtures
2026-09-30T11:29:16.4649693Z   LITEDB_SHARED_EXPECT_TEMP_VOLUME: 1
2026-09-30T11:29:16.4649913Z   DOTNET_ROOT: C:\Program Files\dotnet
2026-09-30T11:29:16.4650296Z   LITEDB_SHARED_DIAGNOSTICS: __CI_HOME__\AppData\Local\Temp\litedb-shared-diagnostics-36705044676-3
2026-09-30T11:29:16.4650760Z   LITEDB_SHARED_PROCDUMP: __CI_HOME__/work\_temp\litedb-procdump\procdump.exe
2026-09-30T11:29:16.4651028Z ##[endgroup]
2026-09-30T11:29:17.5756735Z ##[end-action id=__self.__run;outcome=success;conclusion=success;duration_ms=1124]
2026-09-30T11:29:17.5759482Z ##[start-action display=Upload fixture manifests and copies;id=__self.__actions_upload-artifact]
2026-09-30T11:29:17.5894594Z ##[group]Run actions/upload-artifact@v4
2026-09-30T11:29:17.5894828Z with:
2026-09-30T11:29:17.5895391Z   name: retained-fixtures-test-windows-3
2026-09-30T11:29:17.5895689Z   path: __CI_WORKSPACE__/LiteDB.Tests/TestResults/retained-fixtures/
2026-09-30T11:29:17.5895971Z   if-no-files-found: ignore
2026-09-30T11:29:17.5896161Z   retention-days: 14
2026-09-30T11:29:17.5896330Z   compression-level: 6
2026-09-30T11:29:17.5896509Z   overwrite: false
2026-09-30T11:29:17.5896681Z   include-hidden-files: false
2026-09-30T11:29:17.5896876Z env:
2026-09-30T11:29:17.5897141Z   LITEDB_RETAINED_FIXTURES: __CI_WORKSPACE__/LiteDB.Tests/TestResults/retained-fixtures
2026-09-30T11:29:17.5897481Z   LITEDB_SHARED_EXPECT_TEMP_VOLUME: 1
2026-09-30T11:29:17.5897703Z   DOTNET_ROOT: C:\Program Files\dotnet
2026-09-30T11:29:17.5898109Z   LITEDB_SHARED_DIAGNOSTICS: __CI_HOME__\AppData\Local\Temp\litedb-shared-diagnostics-36705044676-3
2026-09-30T11:29:17.5898578Z   LITEDB_SHARED_PROCDUMP: __CI_HOME__/work\_temp\litedb-procdump\procdump.exe
2026-09-30T11:29:17.5898847Z ##[endgroup]
2026-09-30T11:29:17.7721875Z (node:8528) [DEP0040] DeprecationWarning: The `punycode` module is deprecated. Please use a userland alternative instead.
2026-09-30T11:29:17.7722805Z (Use `node --trace-deprecation ...` to show where the warning was created)
2026-09-30T11:29:17.7743227Z No files were found with the provided path: __CI_WORKSPACE__/LiteDB.Tests/TestResults/retained-fixtures/. No artifacts will be uploaded.
2026-09-30T11:29:17.7859404Z ##[end-action id=__self.__actions_upload-artifact;outcome=success;conclusion=success;duration_ms=209]
2026-09-30T11:29:17.8067850Z Post job cleanup.
2026-09-30T11:29:17.9807548Z [command]"C:\Program Files\Git\bin\git.exe" version
2026-09-30T11:29:18.0125647Z git version 2.55.0.windows.5
2026-09-30T11:29:18.0199581Z Temporarily overriding HOME='__CI_HOME__/work\_temp\ab1e2783-4ab1-4936-8005-20d838752336' before making global git config changes
2026-09-30T11:29:18.0200642Z Adding repository directory to the temporary git global config as a safe directory
2026-09-30T11:29:18.0208565Z [command]"C:\Program Files\Git\bin\git.exe" config --global --add safe.directory __CI_WORKSPACE__
2026-09-30T11:29:18.0497856Z [command]"C:\Program Files\Git\bin\git.exe" config --local --name-only --get-regexp core\.sshCommand
2026-09-30T11:29:18.0802432Z [command]"C:\Program Files\Git\bin\git.exe" submodule foreach --recursive "sh -c \"git config --local --name-only --get-regexp 'core\.sshCommand' && git config --local --unset-all 'core.sshCommand' || :\""
2026-09-30T11:29:18.6434597Z [command]"C:\Program Files\Git\bin\git.exe" config --local --name-only --get-regexp http\.https\:\/\/github\.com\/\.extraheader
2026-09-30T11:29:18.6721355Z http.https://github.com/.extraheader
2026-09-30T11:29:18.6766728Z [command]"C:\Program Files\Git\bin\git.exe" config --local --unset-all http.https://github.com/.extraheader
2026-09-30T11:29:18.7091391Z [command]"C:\Program Files\Git\bin\git.exe" submodule foreach --recursive "sh -c \"git config --local --name-only --get-regexp 'http\.https\:\/\/github\.com\/\.extraheader' && git config --local --unset-all 'http.https://github.com/.extraheader' || :\""
2026-09-30T11:29:19.2227228Z [command]"C:\Program Files\Git\bin\git.exe" config --local --name-only --get-regexp ^includeIf\.gitdir:
2026-09-30T11:29:19.2486068Z [command]"C:\Program Files\Git\bin\git.exe" submodule foreach --recursive "git config --local --show-origin --name-only --get-regexp remote.origin.url"
2026-09-30T11:29:19.7544450Z Cleaning up orphan processes
2026-09-30T11:29:19.7863084Z ##[warning]Node.js 20 is deprecated. The following actions target Node.js 20 but are being forced to run on Node.js 24: actions/checkout@v4, actions/download-artifact@v4, actions/setup-dotnet@v4, actions/upload-artifact@v4. For more information see: https://github.blog/changelog/2025-09-19-deprecation-of-node-20-on-github-actions-runners/
