2026-09-30T11:12:02.0285814Z Current runner version: '2.337.0'
2026-09-30T11:12:02.0323268Z ##[group]Runner Image Provisioner
2026-09-30T11:12:02.0324595Z Hosted Compute Agent
2026-09-30T11:12:02.0325443Z Version: 20260828.587
2026-09-30T11:12:02.0326437Z Commit: abac92662cab4cc7352de4f9f9d2e2419aad9c29
2026-09-30T11:12:02.0327602Z Build Date: 2026-08-28T16:44:25Z
2026-09-30T11:12:02.0328692Z Worker ID: {ee6275d3-7153-4efd-a1af-59d505ed0716}
2026-09-30T11:12:02.0329907Z Azure Region: northcentralus
2026-09-30T11:12:02.0330848Z ##[endgroup]
2026-09-30T11:12:02.0333502Z ##[group]Operating System
2026-09-30T11:12:02.0334665Z Microsoft Windows Server 2025
2026-09-30T11:12:02.0335626Z 10.0.26100
2026-09-30T11:12:02.0336491Z Datacenter
2026-09-30T11:12:02.0337319Z ##[endgroup]
2026-09-30T11:12:02.0338149Z ##[group]Runner Image
2026-09-30T11:12:02.0339151Z Image: windows-2025-vs2026
2026-09-30T11:12:02.0340147Z Version: 20260922.246.2
2026-09-30T11:12:02.0342879Z Included Software: https://github.com/actions/runner-images/blob/win25-vs2026/20260922.246/images/windows/Windows2025-VS2026-Readme.md
2026-09-30T11:12:02.0345847Z Image Release: https://github.com/actions/runner-images/releases/tag/win25-vs2026%2F20260922.246
2026-09-30T11:12:02.0347686Z ##[endgroup]
2026-09-30T11:12:02.0353799Z ##[group]GITHUB_TOKEN Permissions
2026-09-30T11:12:02.0356859Z Actions: write
2026-09-30T11:12:02.0357780Z ArtifactMetadata: write
2026-09-30T11:12:02.0358833Z Attestations: write
2026-09-30T11:12:02.0359738Z Checks: write
2026-09-30T11:12:02.0360628Z CodeQuality: write
2026-09-30T11:12:02.0361509Z Contents: write
2026-09-30T11:12:02.0362422Z CopilotRequests: write
2026-09-30T11:12:02.0363404Z Deployments: write
2026-09-30T11:12:02.0364279Z Discussions: write
2026-09-30T11:12:02.0365112Z Drives: write
2026-09-30T11:12:02.0366012Z Issues: write
2026-09-30T11:12:02.0366864Z Metadata: read
2026-09-30T11:12:02.0367880Z Models: read
2026-09-30T11:12:02.0368672Z Packages: write
2026-09-30T11:12:02.0369482Z Pages: write
2026-09-30T11:12:02.0370911Z PullRequests: write
2026-09-30T11:12:02.0371816Z RepositoryProjects: write
2026-09-30T11:12:02.0373231Z SecurityEvents: write
2026-09-30T11:12:02.0374161Z Statuses: write
2026-09-30T11:12:02.0375018Z VulnerabilityAlerts: read
2026-09-30T11:12:02.0375994Z ##[endgroup]
2026-09-30T11:12:02.0379155Z Secret source: Actions
2026-09-30T11:12:02.0380629Z Cache mode: write
2026-09-30T11:12:02.0381993Z Prepare workflow directory
2026-09-30T11:12:02.1046878Z Prepare all required actions
2026-09-30T11:12:02.1110931Z Getting action download info
2026-09-30T11:12:02.3459253Z Download action repository 'actions/checkout@v4' (SHA:11d5960a326750d5838078e36cf38b85af677262)
2026-09-30T11:12:02.4854032Z Download action repository 'actions/setup-dotnet@v4' (SHA:67a3573c9a986a3f9c594539f4ab511d57bb3ce9)
2026-09-30T11:12:02.8577948Z Download action repository 'actions/download-artifact@v4' (SHA:d3f86a106a0bac45b974a628896c90dbdf5c8093)
2026-09-30T11:12:03.2211261Z Download action repository 'actions/upload-artifact@v4' (SHA:ea165f8d65b6e75b540449e92b4886f43607fa02)
2026-09-30T11:12:03.5642603Z Uses: JKamsker/LiteDB/.github/workflows/_reusable-ci.yml@refs/pull/133/merge (3f614aa69b15771ed1a63b8b8796172fae8b6648)
2026-09-30T11:12:03.5647478Z ##[group] Inputs
2026-09-30T11:12:03.5648061Z   tier: full
2026-09-30T11:12:03.5650901Z   sdk-matrix: [
  { "display": ".NET 8", "runtimeMajor": 8,  "sdk": "8.0.x",           "framework": "net8.0", "includePrerelease": false, "msbuildProps": "" },
  { "display": ".NET 9", "runtimeMajor": 9,  "sdk": "9.0.x\n8.0.x",    "framework": "net8.0", "includePrerelease": true,  "msbuildProps": "" },
  { "display": ".NET 10", "runtimeMajor": 10, "sdk": "10.0.x",          "framework": "net10.0", "includePrerelease": false, "msbuildProps": "" }
]

2026-09-30T11:12:03.5653303Z ##[endgroup]
2026-09-30T11:12:03.5654014Z Complete job name: build-and-test / Test (Windows windows-latest - x64 - .NET 8)
2026-09-30T11:12:03.7306260Z ##[group]Run actions/checkout@v4
2026-09-30T11:12:03.7310363Z with:
2026-09-30T11:12:03.7310891Z   repository: JKamsker/LiteDB
2026-09-30T11:12:03.7315581Z   token: ***
2026-09-30T11:12:03.7316101Z   ssh-strict: true
2026-09-30T11:12:03.7316579Z   ssh-user: git
2026-09-30T11:12:03.7317037Z   persist-credentials: true
2026-09-30T11:12:03.7317555Z   clean: true
2026-09-30T11:12:03.7318042Z   sparse-checkout-cone-mode: true
2026-09-30T11:12:03.7318587Z   fetch-depth: 1
2026-09-30T11:12:03.7319029Z   fetch-tags: false
2026-09-30T11:12:03.7319485Z   show-progress: true
2026-09-30T11:12:03.7319950Z   lfs: false
2026-09-30T11:12:03.7320379Z   submodules: false
2026-09-30T11:12:03.7320842Z   set-safe-directory: true
2026-09-30T11:12:03.7321361Z   allow-unsafe-pr-checkout: false
2026-09-30T11:12:03.7322173Z env:
2026-09-30T11:12:03.7322874Z   LITEDB_RETAINED_FIXTURES: __CI_WORKSPACE__/LiteDB.Tests/TestResults/retained-fixtures
2026-09-30T11:12:03.7323782Z   LITEDB_SHARED_EXPECT_TEMP_VOLUME: 1
2026-09-30T11:12:03.7324332Z ##[endgroup]
2026-09-30T11:12:03.8915263Z Syncing repository: JKamsker/LiteDB
2026-09-30T11:12:03.8917371Z ##[group]Getting Git version info
2026-09-30T11:12:03.8918104Z Working directory is '__CI_HOME__/work\LiteDB\LiteDB'
2026-09-30T11:12:03.9942774Z [command]"C:\Program Files\Git\bin\git.exe" version
2026-09-30T11:12:04.4163988Z git version 2.55.0.windows.5
2026-09-30T11:12:04.4216520Z ##[endgroup]
2026-09-30T11:12:04.4238544Z Temporarily overriding HOME='__CI_HOME__/work\_temp\cf06e0c6-2441-4dc5-9010-360e72902a32' before making global git config changes
2026-09-30T11:12:04.4241272Z Adding repository directory to the temporary git global config as a safe directory
2026-09-30T11:12:04.4250065Z [command]"C:\Program Files\Git\bin\git.exe" config --global --add safe.directory __CI_WORKSPACE__
2026-09-30T11:12:04.4924942Z Deleting the contents of '__CI_HOME__/work\LiteDB\LiteDB'
2026-09-30T11:12:04.4931282Z ##[group]Initializing the repository
2026-09-30T11:12:04.4940281Z [command]"C:\Program Files\Git\bin\git.exe" init __CI_WORKSPACE__
2026-09-30T11:12:04.6088171Z Initialized empty Git repository in __CI_WORKSPACE__/.git/
2026-09-30T11:12:04.6133582Z [command]"C:\Program Files\Git\bin\git.exe" remote add origin https://github.com/JKamsker/LiteDB
2026-09-30T11:12:04.6881546Z ##[endgroup]
2026-09-30T11:12:04.6882875Z ##[group]Disabling automatic garbage collection
2026-09-30T11:12:04.6891409Z [command]"C:\Program Files\Git\bin\git.exe" config --local gc.auto 0
2026-09-30T11:12:04.7263859Z ##[endgroup]
2026-09-30T11:12:04.7265069Z ##[group]Setting up auth
2026-09-30T11:12:04.7277301Z [command]"C:\Program Files\Git\bin\git.exe" config --local --name-only --get-regexp core\.sshCommand
2026-09-30T11:12:04.7599022Z [command]"C:\Program Files\Git\bin\git.exe" submodule foreach --recursive "sh -c \"git config --local --name-only --get-regexp 'core\.sshCommand' && git config --local --unset-all 'core.sshCommand' || :\""
2026-09-30T11:12:06.4621942Z [command]"C:\Program Files\Git\bin\git.exe" config --local --name-only --get-regexp http\.https\:\/\/github\.com\/\.extraheader
2026-09-30T11:12:06.4965676Z [command]"C:\Program Files\Git\bin\git.exe" submodule foreach --recursive "sh -c \"git config --local --name-only --get-regexp 'http\.https\:\/\/github\.com\/\.extraheader' && git config --local --unset-all 'http.https://github.com/.extraheader' || :\""
2026-09-30T11:12:07.1065664Z [command]"C:\Program Files\Git\bin\git.exe" config --local --name-only --get-regexp ^includeIf\.gitdir:
2026-09-30T11:12:07.1397439Z [command]"C:\Program Files\Git\bin\git.exe" submodule foreach --recursive "git config --local --show-origin --name-only --get-regexp remote.origin.url"
2026-09-30T11:12:07.7195661Z [command]"C:\Program Files\Git\bin\git.exe" config --local http.https://github.com/.extraheader "AUTHORIZATION: basic ***"
2026-09-30T11:12:07.7524567Z ##[endgroup]
2026-09-30T11:12:07.7525469Z ##[group]Fetching the repository
2026-09-30T11:12:07.7547088Z [command]"C:\Program Files\Git\bin\git.exe" -c protocol.version=2 fetch --no-tags --prune --no-recurse-submodules --depth=1 origin +3f614aa69b15771ed1a63b8b8796172fae8b6648:refs/remotes/pull/133/merge
2026-09-30T11:12:09.4254949Z From https://github.com/JKamsker/LiteDB
2026-09-30T11:12:09.4256483Z  * [new ref]         3f614aa69b15771ed1a63b8b8796172fae8b6648 -> pull/133/merge
2026-09-30T11:12:09.4297695Z ##[endgroup]
2026-09-30T11:12:09.4302418Z ##[group]Determining the checkout info
2026-09-30T11:12:09.4303219Z ##[endgroup]
2026-09-30T11:12:09.4312736Z [command]"C:\Program Files\Git\bin\git.exe" sparse-checkout disable
2026-09-30T11:12:09.4770083Z [command]"C:\Program Files\Git\bin\git.exe" config --local --unset-all extensions.worktreeConfig
2026-09-30T11:12:09.5104159Z ##[group]Checking out the ref
2026-09-30T11:12:09.5114347Z [command]"C:\Program Files\Git\bin\git.exe" checkout --progress --force refs/remotes/pull/133/merge
2026-09-30T11:12:10.0919409Z Note: switching to 'refs/remotes/pull/133/merge'.
2026-09-30T11:12:10.0920040Z 
2026-09-30T11:12:10.0920461Z You are in 'detached HEAD' state. You can look around, make experimental
2026-09-30T11:12:10.0921388Z changes and commit them, and you can discard any commits you make in this
2026-09-30T11:12:10.0922100Z state without impacting any branches by switching back to a branch.
2026-09-30T11:12:10.0922403Z 
2026-09-30T11:12:10.0922598Z If you want to create a new branch to retain commits you create, you may
2026-09-30T11:12:10.0923095Z do so (now or later) by using -c with the switch command. Example:
2026-09-30T11:12:10.0923389Z 
2026-09-30T11:12:10.0923485Z   git switch -c <new-branch-name>
2026-09-30T11:12:10.0923674Z 
2026-09-30T11:12:10.0923764Z Or undo this operation with:
2026-09-30T11:12:10.0923965Z 
2026-09-30T11:12:10.0924098Z   git switch -
2026-09-30T11:12:10.0924217Z 
2026-09-30T11:12:10.0924427Z Turn off this advice by setting config variable advice.detachedHead to false
2026-09-30T11:12:10.0924735Z 
2026-09-30T11:12:10.0925128Z HEAD is now at 3f614aa Merge e821ae7479dcb83570031180b0c0e3f4fd167793 into 5dd942a7367c361fadd600be4ce10aace2768b27
2026-09-30T11:12:10.1051564Z ##[endgroup]
2026-09-30T11:12:10.1502849Z [command]"C:\Program Files\Git\bin\git.exe" log -1 --format=%H
2026-09-30T11:12:10.1788139Z 3f614aa69b15771ed1a63b8b8796172fae8b6648
2026-09-30T11:12:10.2394098Z ##[group]Run actions/setup-dotnet@v4
2026-09-30T11:12:10.2394438Z with:
2026-09-30T11:12:10.2394627Z   dotnet-version: 8.0.x
2026-09-30T11:12:10.2394915Z   cache: false
2026-09-30T11:12:10.2395200Z env:
2026-09-30T11:12:10.2395547Z   LITEDB_RETAINED_FIXTURES: __CI_WORKSPACE__/LiteDB.Tests/TestResults/retained-fixtures
2026-09-30T11:12:10.2395981Z   LITEDB_SHARED_EXPECT_TEMP_VOLUME: 1
2026-09-30T11:12:10.2396221Z ##[endgroup]
2026-09-30T11:12:10.4263259Z (node:8468) [DEP0040] DeprecationWarning: The `punycode` module is deprecated. Please use a userland alternative instead.
2026-09-30T11:12:10.4263996Z (Use `node --trace-deprecation ...` to show where the warning was created)
2026-09-30T11:12:10.5354590Z [command]"C:\Program Files\PowerShell\7\pwsh.exe" -NoLogo -Sta -NoProfile -NonInteractive -ExecutionPolicy Unrestricted -Command & '__CI_HOME__/work\_actions\actions\setup-dotnet\v4\externals\install-dotnet.ps1' -SkipNonVersionedFiles -Runtime dotnet -Channel LTS
2026-09-30T11:12:12.0003850Z dotnet-install: .NET Core Runtime with version '10.0.12' is already installed.
2026-09-30T11:12:12.1623118Z [command]"C:\Program Files\PowerShell\7\pwsh.exe" -NoLogo -Sta -NoProfile -NonInteractive -ExecutionPolicy Unrestricted -Command & '__CI_HOME__/work\_actions\actions\setup-dotnet\v4\externals\install-dotnet.ps1' -SkipNonVersionedFiles -Channel 8.0
2026-09-30T11:12:12.9611261Z dotnet-install: .NET Core SDK with version '8.0.425' is already installed.
2026-09-30T11:12:13.0706889Z ##[group]Run actions/download-artifact@v4
2026-09-30T11:12:13.0707232Z with:
2026-09-30T11:12:13.0707419Z   name: tests-build-windows
2026-09-30T11:12:13.0707631Z   path: .
2026-09-30T11:12:13.0707812Z   merge-multiple: false
2026-09-30T11:12:13.0708027Z   repository: JKamsker/LiteDB
2026-09-30T11:12:13.0708442Z   run-id: 36705044676
2026-09-30T11:12:13.0708618Z env:
2026-09-30T11:12:13.0708947Z   LITEDB_RETAINED_FIXTURES: __CI_WORKSPACE__/LiteDB.Tests/TestResults/retained-fixtures
2026-09-30T11:12:13.0709794Z   LITEDB_SHARED_EXPECT_TEMP_VOLUME: 1
2026-09-30T11:12:13.0710054Z   DOTNET_ROOT: C:\Program Files\dotnet
2026-09-30T11:12:13.0710285Z ##[endgroup]
2026-09-30T11:12:13.2588593Z Downloading single artifact
2026-09-30T11:12:13.2801419Z (node:7308) [DEP0040] DeprecationWarning: The `punycode` module is deprecated. Please use a userland alternative instead.
2026-09-30T11:12:13.2802162Z (Use `node --trace-deprecation ...` to show where the warning was created)
2026-09-30T11:12:13.4233681Z Preparing to download the following artifacts:
2026-09-30T11:12:13.4234701Z - tests-build-windows (ID: 11091504763, Size: 42284746, Expected Digest: sha256:8ef3f3e072c1502b9af75fe9e14c86ce024023ff410c2275bbde411c19c818ee)
2026-09-30T11:12:13.6065421Z Redirecting to blob download url: https://productionresultssa18.blob.core.windows.net/actions-results/b2c9bfe9-81f6-86f6-816b-fddb3bc6c705/workflow-job-run-dd093d5b-0da5-57f9-b54e-bf203321924a/artifacts/a423237836c40f3642fb865e060786e1e859ed0c40243637743f88aa5e75f120.zip
2026-09-30T11:12:13.6068216Z Starting download of artifact to: __CI_WORKSPACE__
2026-09-30T11:12:13.7683042Z (node:7308) [DEP0005] DeprecationWarning: Buffer() is deprecated due to security and usability issues. Please use the Buffer.alloc(), Buffer.allocUnsafe(), or Buffer.from() methods instead.
2026-09-30T11:12:15.3207117Z SHA256 digest of downloaded artifact is 8ef3f3e072c1502b9af75fe9e14c86ce024023ff410c2275bbde411c19c818ee
2026-09-30T11:12:15.3207925Z Artifact download completed successfully.
2026-09-30T11:12:15.3208249Z Total of 1 artifact(s) downloaded
2026-09-30T11:12:15.3217376Z Download artifact has finished successfully
2026-09-30T11:12:15.3595081Z ##[group]Run $diagnostics = Join-Path ([IO.Path]::GetTempPath()) 'litedb-shared-diagnostics-36705044676-0'
2026-09-30T11:12:15.3596322Z [36;1m$diagnostics = Join-Path ([IO.Path]::GetTempPath()) 'litedb-shared-diagnostics-36705044676-0'[0m
2026-09-30T11:12:15.3596988Z [36;1mWrite-Host "Original temp directory: $([IO.Path]::GetTempPath())"[0m
2026-09-30T11:12:15.3597455Z [36;1mWrite-Host "Database and diagnostics root: $diagnostics"[0m
2026-09-30T11:12:15.3597988Z [36;1m"LITEDB_SHARED_DIAGNOSTICS=$diagnostics" | Out-File $env:GITHUB_ENV -Append -Encoding utf8[0m
2026-09-30T11:12:15.4085045Z shell: C:\Program Files\PowerShell\7\pwsh.EXE -command ". '{0}'"
2026-09-30T11:12:15.4085510Z env:
2026-09-30T11:12:15.4085972Z   LITEDB_RETAINED_FIXTURES: __CI_WORKSPACE__/LiteDB.Tests/TestResults/retained-fixtures
2026-09-30T11:12:15.4086582Z   LITEDB_SHARED_EXPECT_TEMP_VOLUME: 1
2026-09-30T11:12:15.4086939Z   DOTNET_ROOT: C:\Program Files\dotnet
2026-09-30T11:12:15.4087301Z ##[endgroup]
2026-09-30T11:12:15.8074034Z Original temp directory: __CI_HOME__\AppData\Local\Temp\
2026-09-30T11:12:15.8099860Z Database and diagnostics root: __CI_HOME__\AppData\Local\Temp\litedb-shared-diagnostics-36705044676-0
2026-09-30T11:12:15.9003053Z ##[group]Run ./scripts/run-ci-tests.ps1 -RuntimeMajor 8 -Framework "net8.0" -Architecture "x64" -PartitionSuite
2026-09-30T11:12:15.9003948Z [36;1m./scripts/run-ci-tests.ps1 -RuntimeMajor 8 -Framework "net8.0" -Architecture "x64" -PartitionSuite[0m
2026-09-30T11:12:15.9079923Z shell: C:\Program Files\PowerShell\7\pwsh.EXE -command ". '{0}'"
2026-09-30T11:12:15.9080274Z env:
2026-09-30T11:12:15.9080623Z   LITEDB_RETAINED_FIXTURES: __CI_WORKSPACE__/LiteDB.Tests/TestResults/retained-fixtures
2026-09-30T11:12:15.9081072Z   LITEDB_SHARED_EXPECT_TEMP_VOLUME: 1
2026-09-30T11:12:15.9081329Z   DOTNET_ROOT: C:\Program Files\dotnet
2026-09-30T11:12:15.9081829Z   LITEDB_SHARED_DIAGNOSTICS: __CI_HOME__\AppData\Local\Temp\litedb-shared-diagnostics-36705044676-0
2026-09-30T11:12:15.9082985Z   LITEDB_EVIDENCE_MATRIX: {
  "os": "windows-latest",
  "arch": "x64",
  "item": {
    "display": ".NET 8",
    "runtimeMajor": 8,
    "sdk": "8.0.x",
    "framework": "net8.0",
    "includePrerelease": false,
    "msbuildProps": ""
  }
}
2026-09-30T11:12:15.9083974Z ##[endgroup]
2026-09-30T11:12:18.1178494Z dotnet-install: Downloaded file https://builds.dotnet.microsoft.com/dotnet/Runtime/8.0.31/dotnet-runtime-8.0.31-win-x64.zip size is 33322727 bytes.
2026-09-30T11:12:18.1185647Z dotnet-install: Either downloaded or local package size can not be measured. One of them may be corrupted.
2026-09-30T11:12:18.1214754Z dotnet-install: Extracting the archive.
2026-09-30T11:12:18.8424497Z dotnet-install: Binaries of dotnet can be found in __CI_HOME__/work\_temp\litedb-runtime-8-x64\
2026-09-30T11:12:18.8433212Z dotnet-install: Note that the script does not ensure your Windows version is supported during the installation.
2026-09-30T11:12:18.8440865Z dotnet-install: To check the list of supported versions, go to https://learn.microsoft.com/dotnet/core/install/windows#supported-versions
2026-09-30T11:12:18.8448605Z dotnet-install: Installed version is 8.0.31
2026-09-30T11:12:18.8455676Z dotnet-install: Installation finished
2026-09-30T11:12:18.8606747Z 
2026-09-30T11:12:18.8607154Z Host:
2026-09-30T11:12:18.8607799Z   Version:      8.0.31
2026-09-30T11:12:18.8608171Z   Architecture: x64
2026-09-30T11:12:18.8608498Z   Commit:       1219a42122
2026-09-30T11:12:18.8608890Z   RID:          win-x64
2026-09-30T11:12:18.8609097Z 
2026-09-30T11:12:18.8609250Z .NET SDKs installed:
2026-09-30T11:12:18.8609565Z   No SDKs were found.
2026-09-30T11:12:18.8609761Z 
2026-09-30T11:12:18.8609908Z .NET runtimes installed:
2026-09-30T11:12:18.8610552Z   Microsoft.NETCore.App 8.0.31 [__CI_HOME__/work\_temp\litedb-runtime-8-x64\shared\Microsoft.NETCore.App]
2026-09-30T11:12:18.8611206Z 
2026-09-30T11:12:18.8611397Z Other architectures found:
2026-09-30T11:12:18.8611804Z   x86   [C:\Program Files (x86)\dotnet]
2026-09-30T11:12:18.8612525Z     registered at [HKLM\SOFTWARE\dotnet\Setup\InstalledVersions\x86\InstallLocation]
2026-09-30T11:12:18.8613220Z 
2026-09-30T11:12:18.8613410Z Environment variables:
2026-09-30T11:12:18.8613854Z   DOTNET_ROOT       [C:\Program Files\dotnet]
2026-09-30T11:12:18.8614236Z 
2026-09-30T11:12:18.8614376Z global.json file:
2026-09-30T11:12:18.8615021Z   Not found
2026-09-30T11:12:18.8615218Z 
2026-09-30T11:12:18.8615342Z Learn more:
2026-09-30T11:12:18.8615672Z   https://aka.ms/dotnet/info
2026-09-30T11:12:18.8615954Z 
2026-09-30T11:12:18.8616074Z Download .NET:
2026-09-30T11:12:18.8616428Z   https://aka.ms/dotnet/download
2026-09-30T11:12:18.8904784Z 
2026-09-30T11:12:18.8905192Z Host:
2026-09-30T11:12:18.8905542Z   Version:      8.0.31
2026-09-30T11:12:18.8905819Z   Architecture: x64
2026-09-30T11:12:18.8906061Z   Commit:       1219a42122
2026-09-30T11:12:18.8906300Z   RID:          win-x64
2026-09-30T11:12:18.8906447Z 
2026-09-30T11:12:18.8906561Z .NET SDKs installed:
2026-09-30T11:12:18.8906793Z   No SDKs were found.
2026-09-30T11:12:18.8906931Z 
2026-09-30T11:12:18.8907042Z .NET runtimes installed:
2026-09-30T11:12:18.8910133Z   Microsoft.NETCore.App 8.0.31 [__CI_HOME__/work\_temp\litedb-runtime-8-x64\shared\Microsoft.NETCore.App]
2026-09-30T11:12:18.8910675Z 
2026-09-30T11:12:18.8910802Z Other architectures found:
2026-09-30T11:12:18.8911522Z   x86   [C:\Program Files (x86)\dotnet]
2026-09-30T11:12:18.8912003Z     registered at [HKLM\SOFTWARE\dotnet\Setup\InstalledVersions\x86\InstallLocation]
2026-09-30T11:12:18.8912498Z 
2026-09-30T11:12:18.8913041Z Environment variables:
2026-09-30T11:12:18.8913536Z   DOTNET_ROOT       [C:\Program Files\dotnet]
2026-09-30T11:12:18.8913892Z 
2026-09-30T11:12:18.8914028Z global.json file:
2026-09-30T11:12:18.8914337Z   Not found
2026-09-30T11:12:18.8914504Z 
2026-09-30T11:12:18.8914613Z Learn more:
2026-09-30T11:12:18.8914925Z   https://aka.ms/dotnet/info
2026-09-30T11:12:18.8915187Z 
2026-09-30T11:12:18.8915310Z Download .NET:
2026-09-30T11:12:18.8915644Z   https://aka.ms/dotnet/download
2026-09-30T11:12:29.2662362Z Partition coverage: 2531 test methods, 0 not in exactly one partition.
2026-09-30T11:12:29.3523137Z Running complete-suite partition: issues
2026-09-30T11:12:29.3666588Z 
2026-09-30T11:12:29.3667000Z Host:
2026-09-30T11:12:29.3667328Z   Version:      8.0.31
2026-09-30T11:12:29.3667584Z   Architecture: x64
2026-09-30T11:12:29.3667802Z   Commit:       1219a42122
2026-09-30T11:12:29.3668031Z   RID:          win-x64
2026-09-30T11:12:29.3668167Z 
2026-09-30T11:12:29.3668283Z .NET SDKs installed:
2026-09-30T11:12:29.3668495Z   No SDKs were found.
2026-09-30T11:12:29.3668629Z 
2026-09-30T11:12:29.3668727Z .NET runtimes installed:
2026-09-30T11:12:29.3669165Z   Microsoft.NETCore.App 8.0.31 [__CI_HOME__/work\_temp\litedb-runtime-8-x64\shared\Microsoft.NETCore.App]
2026-09-30T11:12:29.3669730Z 
2026-09-30T11:12:29.3670095Z Other architectures found:
2026-09-30T11:12:29.3670461Z   x86   [C:\Program Files (x86)\dotnet]
2026-09-30T11:12:29.3670922Z     registered at [HKLM\SOFTWARE\dotnet\Setup\InstalledVersions\x86\InstallLocation]
2026-09-30T11:12:29.3671336Z 
2026-09-30T11:12:29.3671444Z Environment variables:
2026-09-30T11:12:29.3671715Z   DOTNET_ROOT       [C:\Program Files\dotnet]
2026-09-30T11:12:29.3671927Z 
2026-09-30T11:12:29.3672014Z global.json file:
2026-09-30T11:12:29.3672214Z   Not found
2026-09-30T11:12:29.3672328Z 
2026-09-30T11:12:29.3672405Z Learn more:
2026-09-30T11:12:29.3672614Z   https://aka.ms/dotnet/info
2026-09-30T11:12:29.3672785Z 
2026-09-30T11:12:29.3672868Z Download .NET:
2026-09-30T11:12:29.3673085Z   https://aka.ms/dotnet/download
2026-09-30T11:12:29.6558308Z VSTest version 18.7.0 (x64)
2026-09-30T11:12:29.6590286Z 
2026-09-30T11:12:29.8029532Z Starting test execution, please wait...
2026-09-30T11:12:29.9052989Z A total of 1 test files matched the specified pattern.
2026-09-30T11:12:47.1786038Z [xUnit.net 00:00:16.79]     LiteDB.Tests.Issues.Issue2127_Tests+ReproTests.InsertItemBackToBack_Test [SKIP]
2026-09-30T11:12:47.4320751Z   Skipped LiteDB.Tests.Issues.Issue2127_Tests+ReproTests.InsertItemBackToBack_Test [1 ms]
2026-09-30T11:14:02.6620262Z Results File: __CI_WORKSPACE__\LiteDB.Tests\TestResults\TestResults-issues.trx
2026-09-30T11:14:02.6624832Z 
2026-09-30T11:14:02.6679415Z Passed!  - Failed:     0, Passed:  1570, Skipped:     1, Total:  1571, Duration: 1 m 30 s - LiteDB.Tests.dll (net8.0)
2026-09-30T11:14:02.9184000Z Running complete-suite partition: rebuild
2026-09-30T11:14:02.9443297Z 
2026-09-30T11:14:02.9444595Z Host:
2026-09-30T11:14:02.9445323Z   Version:      8.0.31
2026-09-30T11:14:02.9445702Z   Architecture: x64
2026-09-30T11:14:02.9446006Z   Commit:       1219a42122
2026-09-30T11:14:02.9446254Z   RID:          win-x64
2026-09-30T11:14:02.9446408Z 
2026-09-30T11:14:02.9446537Z .NET SDKs installed:
2026-09-30T11:14:02.9446891Z   No SDKs were found.
2026-09-30T11:14:02.9447081Z 
2026-09-30T11:14:02.9447294Z .NET runtimes installed:
2026-09-30T11:14:02.9447923Z   Microsoft.NETCore.App 8.0.31 [__CI_HOME__/work\_temp\litedb-runtime-8-x64\shared\Microsoft.NETCore.App]
2026-09-30T11:14:02.9448379Z 
2026-09-30T11:14:02.9448536Z Other architectures found:
2026-09-30T11:14:02.9450050Z   x86   [C:\Program Files (x86)\dotnet]
2026-09-30T11:14:02.9450609Z     registered at [HKLM\SOFTWARE\dotnet\Setup\InstalledVersions\x86\InstallLocation]
2026-09-30T11:14:02.9451037Z 
2026-09-30T11:14:02.9451230Z Environment variables:
2026-09-30T11:14:02.9452128Z   DOTNET_ROOT       [C:\Program Files\dotnet]
2026-09-30T11:14:02.9452489Z 
2026-09-30T11:14:02.9452629Z global.json file:
2026-09-30T11:14:02.9452941Z   Not found
2026-09-30T11:14:02.9453118Z 
2026-09-30T11:14:02.9453231Z Learn more:
2026-09-30T11:14:02.9453560Z   https://aka.ms/dotnet/info
2026-09-30T11:14:02.9453810Z 
2026-09-30T11:14:02.9453927Z Download .NET:
2026-09-30T11:14:02.9454262Z   https://aka.ms/dotnet/download
2026-09-30T11:14:03.2261670Z VSTest version 18.7.0 (x64)
2026-09-30T11:14:03.2291157Z 
2026-09-30T11:14:03.3365912Z Starting test execution, please wait...
2026-09-30T11:14:03.3753064Z A total of 1 test files matched the specified pattern.
2026-09-30T11:14:51.6417323Z [xUnit.net 00:00:47.86]     LiteDB.Tests.Engine.Rebuild_Tests.Rebuild_Change_Culture_Error [SKIP]
2026-09-30T11:14:52.1582818Z   Skipped LiteDB.Tests.Engine.Rebuild_Tests.Rebuild_Change_Culture_Error [1 ms]
2026-09-30T11:14:52.1887609Z Results File: __CI_WORKSPACE__\LiteDB.Tests\TestResults\TestResults-rebuild.trx
2026-09-30T11:14:52.1892191Z 
2026-09-30T11:14:52.1936691Z Passed!  - Failed:     0, Passed:    87, Skipped:     1, Total:    88, Duration: 47 s - LiteDB.Tests.dll (net8.0)
2026-09-30T11:14:52.2378857Z Running complete-suite partition: engine-compact
2026-09-30T11:14:52.2541276Z 
2026-09-30T11:14:52.2541735Z Host:
2026-09-30T11:14:52.2542206Z   Version:      8.0.31
2026-09-30T11:14:52.2542654Z   Architecture: x64
2026-09-30T11:14:52.2543048Z   Commit:       1219a42122
2026-09-30T11:14:52.2543451Z   RID:          win-x64
2026-09-30T11:14:52.2543682Z 
2026-09-30T11:14:52.2543855Z .NET SDKs installed:
2026-09-30T11:14:52.2544201Z   No SDKs were found.
2026-09-30T11:14:52.2544502Z 
2026-09-30T11:14:52.2544705Z .NET runtimes installed:
2026-09-30T11:14:52.2545477Z   Microsoft.NETCore.App 8.0.31 [__CI_HOME__/work\_temp\litedb-runtime-8-x64\shared\Microsoft.NETCore.App]
2026-09-30T11:14:52.2545977Z 
2026-09-30T11:14:52.2546114Z Other architectures found:
2026-09-30T11:14:52.2546431Z   x86   [C:\Program Files (x86)\dotnet]
2026-09-30T11:14:52.2546983Z     registered at [HKLM\SOFTWARE\dotnet\Setup\InstalledVersions\x86\InstallLocation]
2026-09-30T11:14:52.2547436Z 
2026-09-30T11:14:52.2547563Z Environment variables:
2026-09-30T11:14:52.2547877Z   DOTNET_ROOT       [C:\Program Files\dotnet]
2026-09-30T11:14:52.2548140Z 
2026-09-30T11:14:52.2548236Z global.json file:
2026-09-30T11:14:52.2548480Z   Not found
2026-09-30T11:14:52.2548603Z 
2026-09-30T11:14:52.2548699Z Learn more:
2026-09-30T11:14:52.2548941Z   https://aka.ms/dotnet/info
2026-09-30T11:14:52.2549149Z 
2026-09-30T11:14:52.2549247Z Download .NET:
2026-09-30T11:14:52.2549601Z   https://aka.ms/dotnet/download
2026-09-30T11:14:52.5268531Z VSTest version 18.7.0 (x64)
2026-09-30T11:14:52.5297311Z 
2026-09-30T11:14:52.6549330Z Starting test execution, please wait...
2026-09-30T11:14:52.6930177Z A total of 1 test files matched the specified pattern.
2026-09-30T11:16:01.1779493Z Results File: __CI_WORKSPACE__\LiteDB.Tests\TestResults\TestResults-engine-compact.trx
2026-09-30T11:16:01.1783928Z 
2026-09-30T11:16:01.1829862Z Passed!  - Failed:     0, Passed:   296, Skipped:     0, Total:   296, Duration: 1 m 6 s - LiteDB.Tests.dll (net8.0)
2026-09-30T11:16:01.2478626Z Running complete-suite partition: engine-index
2026-09-30T11:16:01.2650598Z 
2026-09-30T11:16:01.2651100Z Host:
2026-09-30T11:16:01.2651949Z   Version:      8.0.31
2026-09-30T11:16:01.2652454Z   Architecture: x64
2026-09-30T11:16:01.2652908Z   Commit:       1219a42122
2026-09-30T11:16:01.2653384Z   RID:          win-x64
2026-09-30T11:16:01.2653658Z 
2026-09-30T11:16:01.2653841Z .NET SDKs installed:
2026-09-30T11:16:01.2654407Z   No SDKs were found.
2026-09-30T11:16:01.2654673Z 
2026-09-30T11:16:01.2655302Z .NET runtimes installed:
2026-09-30T11:16:01.2656155Z   Microsoft.NETCore.App 8.0.31 [__CI_HOME__/work\_temp\litedb-runtime-8-x64\shared\Microsoft.NETCore.App]
2026-09-30T11:16:01.2656769Z 
2026-09-30T11:16:01.2656911Z Other architectures found:
2026-09-30T11:16:01.2657298Z   x86   [C:\Program Files (x86)\dotnet]
2026-09-30T11:16:01.2657868Z     registered at [HKLM\SOFTWARE\dotnet\Setup\InstalledVersions\x86\InstallLocation]
2026-09-30T11:16:01.2658330Z 
2026-09-30T11:16:01.2658459Z Environment variables:
2026-09-30T11:16:01.2658811Z   DOTNET_ROOT       [C:\Program Files\dotnet]
2026-09-30T11:16:01.2659226Z 
2026-09-30T11:16:01.2659843Z global.json file:
2026-09-30T11:16:01.2660300Z   Not found
2026-09-30T11:16:01.2660546Z 
2026-09-30T11:16:01.2660690Z Learn more:
2026-09-30T11:16:01.2661103Z   https://aka.ms/dotnet/info
2026-09-30T11:16:01.2661446Z 
2026-09-30T11:16:01.2661625Z Download .NET:
2026-09-30T11:16:01.2662356Z   https://aka.ms/dotnet/download
2026-09-30T11:16:01.5550948Z VSTest version 18.7.0 (x64)
2026-09-30T11:16:01.5587999Z 
2026-09-30T11:16:01.6923651Z Starting test execution, please wait...
2026-09-30T11:16:01.7339234Z A total of 1 test files matched the specified pattern.
2026-09-30T11:16:40.8343809Z Results File: __CI_WORKSPACE__\LiteDB.Tests\TestResults\TestResults-engine-index.trx
2026-09-30T11:16:40.8347716Z 
2026-09-30T11:16:40.8390586Z Passed!  - Failed:     0, Passed:    63, Skipped:     0, Total:    63, Duration: 37 s - LiteDB.Tests.dll (net8.0)
2026-09-30T11:16:40.8799384Z Running complete-suite partition: engine-admission
2026-09-30T11:16:40.8961783Z 
2026-09-30T11:16:40.8962312Z Host:
2026-09-30T11:16:40.8962878Z   Version:      8.0.31
2026-09-30T11:16:40.8963405Z   Architecture: x64
2026-09-30T11:16:40.8963812Z   Commit:       1219a42122
2026-09-30T11:16:40.8964535Z   RID:          win-x64
2026-09-30T11:16:40.8964887Z 
2026-09-30T11:16:40.8965100Z .NET SDKs installed:
2026-09-30T11:16:40.8965656Z   No SDKs were found.
2026-09-30T11:16:40.8965908Z 
2026-09-30T11:16:40.8966164Z .NET runtimes installed:
2026-09-30T11:16:40.8966970Z   Microsoft.NETCore.App 8.0.31 [__CI_HOME__/work\_temp\litedb-runtime-8-x64\shared\Microsoft.NETCore.App]
2026-09-30T11:16:40.8967715Z 
2026-09-30T11:16:40.8967930Z Other architectures found:
2026-09-30T11:16:40.8968517Z   x86   [C:\Program Files (x86)\dotnet]
2026-09-30T11:16:40.8969326Z     registered at [HKLM\SOFTWARE\dotnet\Setup\InstalledVersions\x86\InstallLocation]
2026-09-30T11:16:40.8970114Z 
2026-09-30T11:16:40.8970345Z Environment variables:
2026-09-30T11:16:40.8971271Z   DOTNET_ROOT       [C:\Program Files\dotnet]
2026-09-30T11:16:40.8971538Z 
2026-09-30T11:16:40.8971682Z global.json file:
2026-09-30T11:16:40.8971974Z   Not found
2026-09-30T11:16:40.8972144Z 
2026-09-30T11:16:40.8972246Z Learn more:
2026-09-30T11:16:40.8972571Z   https://aka.ms/dotnet/info
2026-09-30T11:16:40.8972782Z 
2026-09-30T11:16:40.8972915Z Download .NET:
2026-09-30T11:16:40.8973235Z   https://aka.ms/dotnet/download
2026-09-30T11:16:41.1444679Z VSTest version 18.7.0 (x64)
2026-09-30T11:16:41.1469166Z 
2026-09-30T11:16:41.2521081Z Starting test execution, please wait...
2026-09-30T11:16:41.2901342Z A total of 1 test files matched the specified pattern.
2026-09-30T11:17:20.5823459Z Results File: __CI_WORKSPACE__\LiteDB.Tests\TestResults\TestResults-engine-admission.trx
2026-09-30T11:17:20.5828020Z 
2026-09-30T11:17:20.5871704Z Passed!  - Failed:     0, Passed:   126, Skipped:     0, Total:   126, Duration: 37 s - LiteDB.Tests.dll (net8.0)
2026-09-30T11:17:20.6307193Z Running complete-suite partition: engine-shared
2026-09-30T11:17:20.6472074Z 
2026-09-30T11:17:20.6472510Z Host:
2026-09-30T11:17:20.6472944Z   Version:      8.0.31
2026-09-30T11:17:20.6473291Z   Architecture: x64
2026-09-30T11:17:20.6473569Z   Commit:       1219a42122
2026-09-30T11:17:20.6473864Z   RID:          win-x64
2026-09-30T11:17:20.6474055Z 
2026-09-30T11:17:20.6474188Z .NET SDKs installed:
2026-09-30T11:17:20.6474540Z   No SDKs were found.
2026-09-30T11:17:20.6474996Z 
2026-09-30T11:17:20.6475287Z .NET runtimes installed:
2026-09-30T11:17:20.6476182Z   Microsoft.NETCore.App 8.0.31 [__CI_HOME__/work\_temp\litedb-runtime-8-x64\shared\Microsoft.NETCore.App]
2026-09-30T11:17:20.6477003Z 
2026-09-30T11:17:20.6477138Z Other architectures found:
2026-09-30T11:17:20.6477480Z   x86   [C:\Program Files (x86)\dotnet]
2026-09-30T11:17:20.6477972Z     registered at [HKLM\SOFTWARE\dotnet\Setup\InstalledVersions\x86\InstallLocation]
2026-09-30T11:17:20.6478367Z 
2026-09-30T11:17:20.6478484Z Environment variables:
2026-09-30T11:17:20.6478782Z   DOTNET_ROOT       [C:\Program Files\dotnet]
2026-09-30T11:17:20.6479040Z 
2026-09-30T11:17:20.6479166Z global.json file:
2026-09-30T11:17:20.6479428Z   Not found
2026-09-30T11:17:20.6479581Z 
2026-09-30T11:17:20.6479674Z Learn more:
2026-09-30T11:17:20.6479941Z   https://aka.ms/dotnet/info
2026-09-30T11:17:20.6480154Z 
2026-09-30T11:17:20.6480647Z Download .NET:
2026-09-30T11:17:20.6481054Z   https://aka.ms/dotnet/download
2026-09-30T11:17:20.9055389Z VSTest version 18.7.0 (x64)
2026-09-30T11:17:20.9085191Z 
2026-09-30T11:17:21.0137369Z Starting test execution, please wait...
2026-09-30T11:17:21.0547021Z A total of 1 test files matched the specified pattern.
2026-09-30T11:17:36.5513021Z [xUnit.net 00:00:15.09]     LiteDB.Tests.Engine.SharedAdmissionLifetime_Tests.Open_retains_admission_when_a_callback_disposes_the_connection [FAIL]
2026-09-30T11:17:37.2110831Z   Failed LiteDB.Tests.Engine.SharedAdmissionLifetime_Tests.Open_retains_admission_when_a_callback_disposes_the_connection [70 ms]
2026-09-30T11:17:37.2112122Z   Error Message:
2026-09-30T11:17:37.2112904Z    Expected a <System.IO.IOException> to be thrown, but found <System.InvalidOperationException>:
2026-09-30T11:17:37.2114352Z System.InvalidOperationException: Cannot close a shared connection from inside its executing operation.
2026-09-30T11:17:37.2115872Z    at LiteDB.SharedEngine.Dispose(Boolean disposing) in __CI_WORKSPACE__\LiteDB\Client\Shared\SharedEngine.Disposal.cs:line 20
2026-09-30T11:17:37.2116862Z    at LiteDB.SharedEngine.Dispose() in __CI_WORKSPACE__\LiteDB\Client\Shared\SharedEngine.cs:line 440
2026-09-30T11:17:37.2118178Z    at LiteDB.Tests.Engine.SharedAdmissionLifetime_Tests.<>c__DisplayClass1_0.<Open_retains_admission_when_a_callback_disposes_the_connection>b__1() in __CI_WORKSPACE__\LiteDB.Tests\Engine\SharedAdmissionLifetime_Tests.cs:line 78
2026-09-30T11:17:37.2119808Z    at LiteDB.SharedEngine.CreateEngine(Boolean recoveredAbandonedOwner, EngineSettings settings) in __CI_WORKSPACE__\LiteDB\Client\Shared\SharedEngine.cs:line 158
2026-09-30T11:17:37.2121104Z    at LiteDB.SharedEngine.OpenEngine(Boolean recoveredAbandonedOwner, Boolean final, Boolean writing) in __CI_WORKSPACE__\LiteDB\Client\Shared\SharedEngine.Coordination.cs:line 41
2026-09-30T11:17:37.2122476Z    at LiteDB.SharedEngine.OpenDatabase(Boolean scoped, Boolean writing, CancellationToken closing, TransactionAdmission admission) in __CI_WORKSPACE__\LiteDB\Client\Shared\SharedEngine.cs:line 134
2026-09-30T11:17:37.2123716Z    at LiteDB.SharedEngine.<>c__DisplayClass7_0`1.<QueryDatabase>b__0() in __CI_WORKSPACE__\LiteDB\Client\Shared\SharedEngine.Calls.cs:line 44
2026-09-30T11:17:37.2124620Z    at LiteDB.SharedEngine.Call[T](Func`1 call) in __CI_WORKSPACE__\LiteDB\Client\Shared\SharedEngine.Calls.cs:line 61
2026-09-30T11:17:37.2125481Z    at LiteDB.SharedEngine.QueryDatabase[T](Func`1 Query) in __CI_WORKSPACE__\LiteDB\Client\Shared\SharedEngine.Calls.cs:line 42
2026-09-30T11:17:37.2126340Z    at LiteDB.SharedEngine.Pragma(String name) in __CI_WORKSPACE__\LiteDB\Client\Shared\SharedEngine.cs:line 345
2026-09-30T11:17:37.2127597Z    at LiteDB.Tests.Engine.SharedAdmissionLifetime_Tests.<>c__DisplayClass1_0.<Open_retains_admission_when_a_callback_disposes_the_connection>b__2() in __CI_WORKSPACE__\LiteDB.Tests\Engine\SharedAdmissionLifetime_Tests.cs:line 82
2026-09-30T11:17:37.2128717Z    at FluentAssertions.Specialized.ActionAssertions.InvokeSubject()
2026-09-30T11:17:37.2130391Z    at FluentAssertions.Specialized.DelegateAssertions`2.InvokeSubjectWithInterception().
2026-09-30T11:17:37.2130998Z   Stack Trace:
2026-09-30T11:17:37.2131410Z      at FluentAssertions.Execution.XUnit2TestFramework.Throw(String message)
2026-09-30T11:17:37.2132031Z    at FluentAssertions.Execution.TestFrameworkProvider.Throw(String message)
2026-09-30T11:17:37.2132693Z    at FluentAssertions.Execution.DefaultAssertionStrategy.HandleFailure(String message)
2026-09-30T11:17:37.2133399Z    at FluentAssertions.Execution.AssertionScope.FailWith(Func`1 failReasonFunc)
2026-09-30T11:17:37.2134024Z    at FluentAssertions.Execution.AssertionScope.FailWith(Func`1 failReasonFunc)
2026-09-30T11:17:37.2134678Z    at FluentAssertions.Execution.AssertionScope.FailWith(String message, Object[] args)
2026-09-30T11:17:37.2135826Z    at FluentAssertions.Specialized.DelegateAssertionsBase`2.ThrowInternal[TException](Exception exception, String because, Object[] becauseArgs)
2026-09-30T11:17:37.2137487Z    at FluentAssertions.Specialized.DelegateAssertions`2.Throw[TException](String because, Object[] becauseArgs)
2026-09-30T11:17:37.2138678Z    at LiteDB.Tests.Engine.SharedAdmissionLifetime_Tests.Open_retains_admission_when_a_callback_disposes_the_connection() in __CI_WORKSPACE__\LiteDB.Tests\Engine\SharedAdmissionLifetime_Tests.cs:line 83
2026-09-30T11:17:37.2139845Z    at System.RuntimeMethodHandle.InvokeMethod(Object target, Void** arguments, Signature sig, Boolean isConstructor)
2026-09-30T11:17:37.2140933Z    at System.Reflection.MethodBaseInvoker.InvokeWithNoArgs(Object obj, BindingFlags invokeAttr)
2026-09-30T11:19:26.5547785Z Results File: __CI_WORKSPACE__\LiteDB.Tests\TestResults\TestResults-engine-shared.trx
2026-09-30T11:19:26.5552136Z 
2026-09-30T11:19:26.5598922Z Failed!  - Failed:     1, Passed:   373, Skipped:     0, Total:   374, Duration: 2 m 3 s - LiteDB.Tests.dll (net8.0)
2026-09-30T11:19:26.5990997Z Running complete-suite partition: engine
2026-09-30T11:19:26.6194070Z 
2026-09-30T11:19:26.6194592Z Host:
2026-09-30T11:19:26.6195080Z   Version:      8.0.31
2026-09-30T11:19:26.6195563Z   Architecture: x64
2026-09-30T11:19:26.6196014Z   Commit:       1219a42122
2026-09-30T11:19:26.6196474Z   RID:          win-x64
2026-09-30T11:19:26.6196774Z 
2026-09-30T11:19:26.6197024Z .NET SDKs installed:
2026-09-30T11:19:26.6197489Z   No SDKs were found.
2026-09-30T11:19:26.6197779Z 
2026-09-30T11:19:26.6197962Z .NET runtimes installed:
2026-09-30T11:19:26.6198803Z   Microsoft.NETCore.App 8.0.31 [__CI_HOME__/work\_temp\litedb-runtime-8-x64\shared\Microsoft.NETCore.App]
2026-09-30T11:19:26.6199439Z 
2026-09-30T11:19:26.6199701Z Other architectures found:
2026-09-30T11:19:26.6200234Z   x86   [C:\Program Files (x86)\dotnet]
2026-09-30T11:19:26.6201639Z     registered at [HKLM\SOFTWARE\dotnet\Setup\InstalledVersions\x86\InstallLocation]
2026-09-30T11:19:26.6202414Z 
2026-09-30T11:19:26.6202651Z Environment variables:
2026-09-30T11:19:26.6203187Z   DOTNET_ROOT       [C:\Program Files\dotnet]
2026-09-30T11:19:26.6203612Z 
2026-09-30T11:19:26.6203761Z global.json file:
2026-09-30T11:19:26.6204157Z   Not found
2026-09-30T11:19:26.6204384Z 
2026-09-30T11:19:26.6204561Z Learn more:
2026-09-30T11:19:26.6204968Z   https://aka.ms/dotnet/info
2026-09-30T11:19:26.6205301Z 
2026-09-30T11:19:26.6205452Z Download .NET:
2026-09-30T11:19:26.6205875Z   https://aka.ms/dotnet/download
2026-09-30T11:19:26.8734014Z VSTest version 18.7.0 (x64)
2026-09-30T11:19:26.8764972Z 
2026-09-30T11:19:26.9819530Z Starting test execution, please wait...
2026-09-30T11:19:27.0219228Z A total of 1 test files matched the specified pattern.
2026-09-30T11:20:27.9437045Z [xUnit.net 00:01:00.52]     LiteDB.Tests.Engine.Collation_Tests.Create_Database_Using_Current_Culture [SKIP]
2026-09-30T11:20:27.9444488Z   Skipped LiteDB.Tests.Engine.Collation_Tests.Create_Database_Using_Current_Culture [1 ms]
2026-09-30T11:21:48.2508535Z Results File: __CI_WORKSPACE__\LiteDB.Tests\TestResults\TestResults-engine.trx
2026-09-30T11:21:48.2513575Z 
2026-09-30T11:21:48.2560459Z Passed!  - Failed:     0, Passed:   457, Skipped:     1, Total:   458, Duration: 2 m 19 s - LiteDB.Tests.dll (net8.0)
2026-09-30T11:21:48.3274252Z Running complete-suite partition: query-not-equal
2026-09-30T11:21:48.3453494Z 
2026-09-30T11:21:48.3453969Z Host:
2026-09-30T11:21:48.3457445Z   Version:      8.0.31
2026-09-30T11:21:48.3458025Z   Architecture: x64
2026-09-30T11:21:48.3458522Z   Commit:       1219a42122
2026-09-30T11:21:48.3458964Z   RID:          win-x64
2026-09-30T11:21:48.3459215Z 
2026-09-30T11:21:48.3459390Z .NET SDKs installed:
2026-09-30T11:21:48.3459820Z   No SDKs were found.
2026-09-30T11:21:48.3460063Z 
2026-09-30T11:21:48.3460298Z .NET runtimes installed:
2026-09-30T11:21:48.3461432Z   Microsoft.NETCore.App 8.0.31 [__CI_HOME__/work\_temp\litedb-runtime-8-x64\shared\Microsoft.NETCore.App]
2026-09-30T11:21:48.3461981Z 
2026-09-30T11:21:48.3462171Z Other architectures found:
2026-09-30T11:21:48.3462915Z   x86   [C:\Program Files (x86)\dotnet]
2026-09-30T11:21:48.3463517Z     registered at [HKLM\SOFTWARE\dotnet\Setup\InstalledVersions\x86\InstallLocation]
2026-09-30T11:21:48.3464013Z 
2026-09-30T11:21:48.3464151Z Environment variables:
2026-09-30T11:21:48.3464517Z   DOTNET_ROOT       [C:\Program Files\dotnet]
2026-09-30T11:21:48.3464754Z 
2026-09-30T11:21:48.3464889Z global.json file:
2026-09-30T11:21:48.3465159Z   Not found
2026-09-30T11:21:48.3465318Z 
2026-09-30T11:21:48.3465411Z Learn more:
2026-09-30T11:21:48.3465716Z   https://aka.ms/dotnet/info
2026-09-30T11:21:48.3465904Z 
2026-09-30T11:21:48.3466038Z Download .NET:
2026-09-30T11:21:48.3466319Z   https://aka.ms/dotnet/download
2026-09-30T11:21:48.6225937Z VSTest version 18.7.0 (x64)
2026-09-30T11:21:48.6256139Z 
2026-09-30T11:21:48.7336560Z Starting test execution, please wait...
2026-09-30T11:21:48.7777779Z A total of 1 test files matched the specified pattern.
2026-09-30T11:22:03.7301398Z Results File: __CI_WORKSPACE__\LiteDB.Tests\TestResults\TestResults-query-not-equal.trx
2026-09-30T11:22:03.7304677Z 
2026-09-30T11:22:03.7347553Z Passed!  - Failed:     0, Passed:    14, Skipped:     0, Total:    14, Duration: 13 s - LiteDB.Tests.dll (net8.0)
2026-09-30T11:22:03.7733442Z Running complete-suite partition: query
2026-09-30T11:22:03.7865986Z 
2026-09-30T11:22:03.7866421Z Host:
2026-09-30T11:22:03.7866849Z   Version:      8.0.31
2026-09-30T11:22:03.7867195Z   Architecture: x64
2026-09-30T11:22:03.7867505Z   Commit:       1219a42122
2026-09-30T11:22:03.7867814Z   RID:          win-x64
2026-09-30T11:22:03.7867984Z 
2026-09-30T11:22:03.7868151Z .NET SDKs installed:
2026-09-30T11:22:03.7868452Z   No SDKs were found.
2026-09-30T11:22:03.7868670Z 
2026-09-30T11:22:03.7868921Z .NET runtimes installed:
2026-09-30T11:22:03.7869797Z   Microsoft.NETCore.App 8.0.31 [__CI_HOME__/work\_temp\litedb-runtime-8-x64\shared\Microsoft.NETCore.App]
2026-09-30T11:22:03.7870486Z 
2026-09-30T11:22:03.7870661Z Other architectures found:
2026-09-30T11:22:03.7870988Z   x86   [C:\Program Files (x86)\dotnet]
2026-09-30T11:22:03.7871486Z     registered at [HKLM\SOFTWARE\dotnet\Setup\InstalledVersions\x86\InstallLocation]
2026-09-30T11:22:03.7871885Z 
2026-09-30T11:22:03.7872031Z Environment variables:
2026-09-30T11:22:03.7872418Z   DOTNET_ROOT       [C:\Program Files\dotnet]
2026-09-30T11:22:03.7872824Z 
2026-09-30T11:22:03.7872940Z global.json file:
2026-09-30T11:22:03.7873862Z   Not found
2026-09-30T11:22:03.7874152Z 
2026-09-30T11:22:03.7874352Z Learn more:
2026-09-30T11:22:03.7874779Z   https://aka.ms/dotnet/info
2026-09-30T11:22:03.7875134Z 
2026-09-30T11:22:03.7875291Z Download .NET:
2026-09-30T11:22:03.7875766Z   https://aka.ms/dotnet/download
2026-09-30T11:22:04.0414881Z VSTest version 18.7.0 (x64)
2026-09-30T11:22:04.0444012Z 
2026-09-30T11:22:04.1603352Z Starting test execution, please wait...
2026-09-30T11:22:04.2033783Z A total of 1 test files matched the specified pattern.
2026-09-30T11:22:54.7743105Z Results File: __CI_WORKSPACE__\LiteDB.Tests\TestResults\TestResults-query.trx
2026-09-30T11:22:54.7746620Z 
2026-09-30T11:22:54.7798960Z Passed!  - Failed:     0, Passed:   826, Skipped:     0, Total:   826, Duration: 48 s - LiteDB.Tests.dll (net8.0)
2026-09-30T11:22:54.8824301Z Running complete-suite partition: shared-mapped-process
2026-09-30T11:22:54.8989614Z 
2026-09-30T11:22:54.8989973Z Host:
2026-09-30T11:22:54.8990404Z   Version:      8.0.31
2026-09-30T11:22:54.8990780Z   Architecture: x64
2026-09-30T11:22:54.8991078Z   Commit:       1219a42122
2026-09-30T11:22:54.8991386Z   RID:          win-x64
2026-09-30T11:22:54.8991581Z 
2026-09-30T11:22:54.8991747Z .NET SDKs installed:
2026-09-30T11:22:54.8992034Z   No SDKs were found.
2026-09-30T11:22:54.8992181Z 
2026-09-30T11:22:54.8992338Z .NET runtimes installed:
2026-09-30T11:22:54.8993070Z   Microsoft.NETCore.App 8.0.31 [__CI_HOME__/work\_temp\litedb-runtime-8-x64\shared\Microsoft.NETCore.App]
2026-09-30T11:22:54.8993690Z 
2026-09-30T11:22:54.8994149Z Other architectures found:
2026-09-30T11:22:54.8994503Z   x86   [C:\Program Files (x86)\dotnet]
2026-09-30T11:22:54.8995026Z     registered at [HKLM\SOFTWARE\dotnet\Setup\InstalledVersions\x86\InstallLocation]
2026-09-30T11:22:54.8995453Z 
2026-09-30T11:22:54.8995576Z Environment variables:
2026-09-30T11:22:54.8995932Z   DOTNET_ROOT       [C:\Program Files\dotnet]
2026-09-30T11:22:54.8996174Z 
2026-09-30T11:22:54.8996296Z global.json file:
2026-09-30T11:22:54.8996551Z   Not found
2026-09-30T11:22:54.8996774Z 
2026-09-30T11:22:54.8996921Z Learn more:
2026-09-30T11:22:54.8997865Z   https://aka.ms/dotnet/info
2026-09-30T11:22:54.8998200Z 
2026-09-30T11:22:54.8998408Z Download .NET:
2026-09-30T11:22:54.8998927Z   https://aka.ms/dotnet/download
2026-09-30T11:22:55.1617855Z VSTest version 18.7.0 (x64)
2026-09-30T11:22:55.1647601Z 
2026-09-30T11:22:55.2771279Z Starting test execution, please wait...
2026-09-30T11:22:55.3185187Z A total of 1 test files matched the specified pattern.
2026-09-30T11:23:56.7301143Z Results File: __CI_WORKSPACE__\LiteDB.Tests\TestResults\TestResults-shared-mapped-process.trx
2026-09-30T11:23:56.7304658Z 
2026-09-30T11:23:56.7357052Z Passed!  - Failed:     0, Passed:    36, Skipped:     0, Total:    36, Duration: 59 s - LiteDB.Tests.dll (net8.0)
2026-09-30T11:23:56.7773729Z Running complete-suite partition: shared-process
2026-09-30T11:23:56.7935989Z 
2026-09-30T11:23:56.7936478Z Host:
2026-09-30T11:23:56.7937401Z   Version:      8.0.31
2026-09-30T11:23:56.7937898Z   Architecture: x64
2026-09-30T11:23:56.7938281Z   Commit:       1219a42122
2026-09-30T11:23:56.7938673Z   RID:          win-x64
2026-09-30T11:23:56.7938970Z 
2026-09-30T11:23:56.7939205Z .NET SDKs installed:
2026-09-30T11:23:56.7939691Z   No SDKs were found.
2026-09-30T11:23:56.7939995Z 
2026-09-30T11:23:56.7940478Z .NET runtimes installed:
2026-09-30T11:23:56.7941330Z   Microsoft.NETCore.App 8.0.31 [__CI_HOME__/work\_temp\litedb-runtime-8-x64\shared\Microsoft.NETCore.App]
2026-09-30T11:23:56.7942001Z 
2026-09-30T11:23:56.7942220Z Other architectures found:
2026-09-30T11:23:56.7942721Z   x86   [C:\Program Files (x86)\dotnet]
2026-09-30T11:23:56.7943557Z     registered at [HKLM\SOFTWARE\dotnet\Setup\InstalledVersions\x86\InstallLocation]
2026-09-30T11:23:56.7944627Z 
2026-09-30T11:23:56.7944813Z Environment variables:
2026-09-30T11:23:56.7945185Z   DOTNET_ROOT       [C:\Program Files\dotnet]
2026-09-30T11:23:56.7945449Z 
2026-09-30T11:23:56.7945550Z global.json file:
2026-09-30T11:23:56.7945810Z   Not found
2026-09-30T11:23:56.7945958Z 
2026-09-30T11:23:56.7946082Z Learn more:
2026-09-30T11:23:56.7946334Z   https://aka.ms/dotnet/info
2026-09-30T11:23:56.7946546Z 
2026-09-30T11:23:56.7946641Z Download .NET:
2026-09-30T11:23:56.7946917Z   https://aka.ms/dotnet/download
2026-09-30T11:23:57.0425070Z VSTest version 18.7.0 (x64)
2026-09-30T11:23:57.0455072Z 
2026-09-30T11:23:57.1603027Z Starting test execution, please wait...
2026-09-30T11:23:57.2091522Z A total of 1 test files matched the specified pattern.
2026-09-30T11:26:21.6803101Z Results File: __CI_WORKSPACE__\LiteDB.Tests\TestResults\TestResults-shared-process.trx
2026-09-30T11:26:21.6805355Z 
2026-09-30T11:26:21.6846889Z Passed!  - Failed:     0, Passed:    55, Skipped:     0, Total:    55, Duration: 2 m 22 s - LiteDB.Tests.dll (net8.0)
2026-09-30T11:26:21.7240249Z Running complete-suite partition: shared
2026-09-30T11:26:21.7416577Z 
2026-09-30T11:26:21.7416933Z Host:
2026-09-30T11:26:21.7417278Z   Version:      8.0.31
2026-09-30T11:26:21.7417620Z   Architecture: x64
2026-09-30T11:26:21.7417899Z   Commit:       1219a42122
2026-09-30T11:26:21.7418179Z   RID:          win-x64
2026-09-30T11:26:21.7418356Z 
2026-09-30T11:26:21.7418477Z .NET SDKs installed:
2026-09-30T11:26:21.7418788Z   No SDKs were found.
2026-09-30T11:26:21.7418936Z 
2026-09-30T11:26:21.7419079Z .NET runtimes installed:
2026-09-30T11:26:21.7419560Z   Microsoft.NETCore.App 8.0.31 [__CI_HOME__/work\_temp\litedb-runtime-8-x64\shared\Microsoft.NETCore.App]
2026-09-30T11:26:21.7420580Z 
2026-09-30T11:26:21.7421206Z Other architectures found:
2026-09-30T11:26:21.7421687Z   x86   [C:\Program Files (x86)\dotnet]
2026-09-30T11:26:21.7422179Z     registered at [HKLM\SOFTWARE\dotnet\Setup\InstalledVersions\x86\InstallLocation]
2026-09-30T11:26:21.7422569Z 
2026-09-30T11:26:21.7422714Z Environment variables:
2026-09-30T11:26:21.7423018Z   DOTNET_ROOT       [C:\Program Files\dotnet]
2026-09-30T11:26:21.7423263Z 
2026-09-30T11:26:21.7423358Z global.json file:
2026-09-30T11:26:21.7423643Z   Not found
2026-09-30T11:26:21.7423761Z 
2026-09-30T11:26:21.7423885Z Learn more:
2026-09-30T11:26:21.7424281Z   https://aka.ms/dotnet/info
2026-09-30T11:26:21.7425074Z 
2026-09-30T11:26:21.7425242Z Download .NET:
2026-09-30T11:26:21.7425758Z   https://aka.ms/dotnet/download
2026-09-30T11:26:21.9910447Z VSTest version 18.7.0 (x64)
2026-09-30T11:26:21.9935481Z 
2026-09-30T11:26:22.0944467Z Starting test execution, please wait...
2026-09-30T11:26:22.1337047Z A total of 1 test files matched the specified pattern.
2026-09-30T11:26:47.2029059Z Results File: __CI_WORKSPACE__\LiteDB.Tests\TestResults\TestResults-shared.trx
2026-09-30T11:26:47.2031568Z 
2026-09-30T11:26:47.2072453Z Passed!  - Failed:     0, Passed:    55, Skipped:     0, Total:    55, Duration: 23 s - LiteDB.Tests.dll (net8.0)
2026-09-30T11:26:47.2446298Z Running complete-suite partition: mvcc
2026-09-30T11:26:47.2575561Z 
2026-09-30T11:26:47.2575906Z Host:
2026-09-30T11:26:47.2576553Z   Version:      8.0.31
2026-09-30T11:26:47.2577169Z   Architecture: x64
2026-09-30T11:26:47.2577778Z   Commit:       1219a42122
2026-09-30T11:26:47.2578431Z   RID:          win-x64
2026-09-30T11:26:47.2578888Z 
2026-09-30T11:26:47.2579245Z .NET SDKs installed:
2026-09-30T11:26:47.2580925Z   No SDKs were found.
2026-09-30T11:26:47.2581544Z 
2026-09-30T11:26:47.2582236Z .NET runtimes installed:
2026-09-30T11:26:47.2583873Z   Microsoft.NETCore.App 8.0.31 [__CI_HOME__/work\_temp\litedb-runtime-8-x64\shared\Microsoft.NETCore.App]
2026-09-30T11:26:47.2584649Z 
2026-09-30T11:26:47.2584929Z Other architectures found:
2026-09-30T11:26:47.2585464Z   x86   [C:\Program Files (x86)\dotnet]
2026-09-30T11:26:47.2586393Z     registered at [HKLM\SOFTWARE\dotnet\Setup\InstalledVersions\x86\InstallLocation]
2026-09-30T11:26:47.2587092Z 
2026-09-30T11:26:47.2587370Z Environment variables:
2026-09-30T11:26:47.2587713Z   DOTNET_ROOT       [C:\Program Files\dotnet]
2026-09-30T11:26:47.2587975Z 
2026-09-30T11:26:47.2588072Z global.json file:
2026-09-30T11:26:47.2588504Z   Not found
2026-09-30T11:26:47.2588700Z 
2026-09-30T11:26:47.2588821Z Learn more:
2026-09-30T11:26:47.2589156Z   https://aka.ms/dotnet/info
2026-09-30T11:26:47.2589918Z 
2026-09-30T11:26:47.2590124Z Download .NET:
2026-09-30T11:26:47.2590666Z   https://aka.ms/dotnet/download
2026-09-30T11:26:47.5038322Z VSTest version 18.7.0 (x64)
2026-09-30T11:26:47.5066684Z 
2026-09-30T11:26:47.6104920Z Starting test execution, please wait...
2026-09-30T11:26:47.6501399Z A total of 1 test files matched the specified pattern.
2026-09-30T11:28:58.9388151Z Results File: __CI_WORKSPACE__\LiteDB.Tests\TestResults\TestResults-mvcc.trx
2026-09-30T11:28:58.9391876Z 
2026-09-30T11:28:58.9437501Z Passed!  - Failed:     0, Passed:   403, Skipped:     0, Total:   403, Duration: 2 m 9 s - LiteDB.Tests.dll (net8.0)
2026-09-30T11:28:59.0162412Z Running complete-suite partition: internals
2026-09-30T11:28:59.0328338Z 
2026-09-30T11:28:59.0328765Z Host:
2026-09-30T11:28:59.0332442Z   Version:      8.0.31
2026-09-30T11:28:59.0333007Z   Architecture: x64
2026-09-30T11:28:59.0333362Z   Commit:       1219a42122
2026-09-30T11:28:59.0333700Z   RID:          win-x64
2026-09-30T11:28:59.0333908Z 
2026-09-30T11:28:59.0334051Z .NET SDKs installed:
2026-09-30T11:28:59.0334353Z   No SDKs were found.
2026-09-30T11:28:59.0334558Z 
2026-09-30T11:28:59.0334720Z .NET runtimes installed:
2026-09-30T11:28:59.0335268Z   Microsoft.NETCore.App 8.0.31 [__CI_HOME__/work\_temp\litedb-runtime-8-x64\shared\Microsoft.NETCore.App]
2026-09-30T11:28:59.0336579Z 
2026-09-30T11:28:59.0336870Z Other architectures found:
2026-09-30T11:28:59.0337422Z   x86   [C:\Program Files (x86)\dotnet]
2026-09-30T11:28:59.0338271Z     registered at [HKLM\SOFTWARE\dotnet\Setup\InstalledVersions\x86\InstallLocation]
2026-09-30T11:28:59.0338872Z 
2026-09-30T11:28:59.0339114Z Environment variables:
2026-09-30T11:28:59.0339606Z   DOTNET_ROOT       [C:\Program Files\dotnet]
2026-09-30T11:28:59.0340009Z 
2026-09-30T11:28:59.0340191Z global.json file:
2026-09-30T11:28:59.0340569Z   Not found
2026-09-30T11:28:59.0340764Z 
2026-09-30T11:28:59.0340944Z Learn more:
2026-09-30T11:28:59.0341341Z   https://aka.ms/dotnet/info
2026-09-30T11:28:59.0341669Z 
2026-09-30T11:28:59.0341855Z Download .NET:
2026-09-30T11:28:59.0342266Z   https://aka.ms/dotnet/download
2026-09-30T11:28:59.2886175Z VSTest version 18.7.0 (x64)
2026-09-30T11:28:59.2914732Z 
2026-09-30T11:28:59.3922004Z Starting test execution, please wait...
2026-09-30T11:28:59.4360709Z A total of 1 test files matched the specified pattern.
2026-09-30T11:30:13.4294649Z Results File: __CI_WORKSPACE__\LiteDB.Tests\TestResults\TestResults-internals.trx
2026-09-30T11:30:13.4298707Z 
2026-09-30T11:30:13.4343174Z Passed!  - Failed:     0, Passed:   435, Skipped:     0, Total:   435, Duration: 1 m 12 s - LiteDB.Tests.dll (net8.0)
2026-09-30T11:30:13.5512324Z Running complete-suite partition: remaining
2026-09-30T11:30:13.5711631Z 
2026-09-30T11:30:13.5712109Z Host:
2026-09-30T11:30:13.5712638Z   Version:      8.0.31
2026-09-30T11:30:13.5713552Z   Architecture: x64
2026-09-30T11:30:13.5714101Z   Commit:       1219a42122
2026-09-30T11:30:13.5714712Z   RID:          win-x64
2026-09-30T11:30:13.5715060Z 
2026-09-30T11:30:13.5715383Z .NET SDKs installed:
2026-09-30T11:30:13.5716711Z   No SDKs were found.
2026-09-30T11:30:13.5717114Z 
2026-09-30T11:30:13.5717675Z .NET runtimes installed:
2026-09-30T11:30:13.5718811Z   Microsoft.NETCore.App 8.0.31 [__CI_HOME__/work\_temp\litedb-runtime-8-x64\shared\Microsoft.NETCore.App]
2026-09-30T11:30:13.5720718Z 
2026-09-30T11:30:13.5721057Z Other architectures found:
2026-09-30T11:30:13.5721719Z   x86   [C:\Program Files (x86)\dotnet]
2026-09-30T11:30:13.5722635Z     registered at [HKLM\SOFTWARE\dotnet\Setup\InstalledVersions\x86\InstallLocation]
2026-09-30T11:30:13.5723426Z 
2026-09-30T11:30:13.5723694Z Environment variables:
2026-09-30T11:30:13.5724350Z   DOTNET_ROOT       [C:\Program Files\dotnet]
2026-09-30T11:30:13.5724810Z 
2026-09-30T11:30:13.5725073Z global.json file:
2026-09-30T11:30:13.5725571Z   Not found
2026-09-30T11:30:13.5725901Z 
2026-09-30T11:30:13.5726187Z Learn more:
2026-09-30T11:30:13.5726698Z   https://aka.ms/dotnet/info
2026-09-30T11:30:13.5727118Z 
2026-09-30T11:30:13.5727339Z Download .NET:
2026-09-30T11:30:13.5727878Z   https://aka.ms/dotnet/download
2026-09-30T11:30:13.8533695Z VSTest version 18.7.0 (x64)
2026-09-30T11:30:13.8558511Z 
2026-09-30T11:30:13.9647078Z Starting test execution, please wait...
2026-09-30T11:30:14.0152512Z A total of 1 test files matched the specified pattern.
2026-09-30T11:32:30.7441387Z Results File: __CI_WORKSPACE__\LiteDB.Tests\TestResults\TestResults-remaining.trx
2026-09-30T11:32:30.7445050Z 
2026-09-30T11:32:30.7490499Z Passed!  - Failed:     0, Passed:   613, Skipped:     0, Total:   613, Duration: 2 m 14 s - LiteDB.Tests.dll (net8.0)
2026-09-30T11:32:31.0616798Z [31;1mException: [0m__CI_WORKSPACE__\scripts\run-ci-tests.ps1:105[0m
2026-09-30T11:32:31.0617608Z [31;1m[0m[36;1mLine |[0m
2026-09-30T11:32:31.0618690Z [31;1m[0m[36;1m[36;1m 105 | [0m … iled.Count) { [36;1mthrow "Test partitions failed: $($failed -join ', ')"[0m }[0m
2026-09-30T11:32:31.0619894Z [31;1m[0m[36;1m[36;1m[0m[36;1m[0m[36;1m     | [31;1m                 ~~~~~~~~~~~~~~~~~~~~~~~~~~~~~~~~~~~~~~~~~~~~~~~~~~~~~[0m
2026-09-30T11:32:31.0620934Z [31;1m[0m[36;1m[36;1m[0m[36;1m[0m[36;1m[31;1m[31;1m[36;1m     | [31;1mTest partitions failed: engine-shared[0m
2026-09-30T11:32:31.0963538Z ##[error]Process completed with exit code 1.
2026-09-30T11:32:31.1241635Z ##[group]Run actions/upload-artifact@v4
2026-09-30T11:32:31.1242234Z with:
2026-09-30T11:32:31.1242691Z   name: shared-worker-timeouts-windows-latest-x64-.NET 8
2026-09-30T11:32:31.1243277Z   path: __CI_HOME__\AppData\Local\Temp\litedb-shared-diagnostics-36705044676-0/
2026-09-30T11:32:31.1243792Z   retention-days: 14
2026-09-30T11:32:31.1244099Z   if-no-files-found: ignore
2026-09-30T11:32:31.1244391Z   compression-level: 6
2026-09-30T11:32:31.1244662Z   overwrite: false
2026-09-30T11:32:31.1245054Z   include-hidden-files: false
2026-09-30T11:32:31.1245491Z env:
2026-09-30T11:32:31.1245901Z   LITEDB_RETAINED_FIXTURES: __CI_WORKSPACE__/LiteDB.Tests/TestResults/retained-fixtures
2026-09-30T11:32:31.1246404Z   LITEDB_SHARED_EXPECT_TEMP_VOLUME: 1
2026-09-30T11:32:31.1246732Z   DOTNET_ROOT: C:\Program Files\dotnet
2026-09-30T11:32:31.1247535Z   LITEDB_SHARED_DIAGNOSTICS: __CI_HOME__\AppData\Local\Temp\litedb-shared-diagnostics-36705044676-0
2026-09-30T11:32:31.1248192Z ##[endgroup]
2026-09-30T11:32:31.3206538Z (node:5556) [DEP0040] DeprecationWarning: The `punycode` module is deprecated. Please use a userland alternative instead.
2026-09-30T11:32:31.3234076Z (Use `node --trace-deprecation ...` to show where the warning was created)
2026-09-30T11:32:31.3254614Z No files were found with the provided path: __CI_HOME__\AppData\Local\Temp\litedb-shared-diagnostics-36705044676-0/. No artifacts will be uploaded.
2026-09-30T11:32:31.3567234Z ##[group]Run actions/upload-artifact@v4
2026-09-30T11:32:31.3567586Z with:
2026-09-30T11:32:31.3567797Z   name: test-results-test-windows-0
2026-09-30T11:32:31.3568056Z   overwrite: true
2026-09-30T11:32:31.3568603Z   path: LiteDB.Tests/TestResults/*.trx
LiteDB.Tests/TestResults/evidence-leg.json
LiteDB.Tests/TestResults/discovered-tests.txt

2026-09-30T11:32:31.3569190Z   if-no-files-found: warn
2026-09-30T11:32:31.3569415Z   compression-level: 6
2026-09-30T11:32:31.3569642Z   include-hidden-files: false
2026-09-30T11:32:31.3569856Z env:
2026-09-30T11:32:31.3570190Z   LITEDB_RETAINED_FIXTURES: __CI_WORKSPACE__/LiteDB.Tests/TestResults/retained-fixtures
2026-09-30T11:32:31.3570628Z   LITEDB_SHARED_EXPECT_TEMP_VOLUME: 1
2026-09-30T11:32:31.3570884Z   DOTNET_ROOT: C:\Program Files\dotnet
2026-09-30T11:32:31.3571367Z   LITEDB_SHARED_DIAGNOSTICS: __CI_HOME__\AppData\Local\Temp\litedb-shared-diagnostics-36705044676-0
2026-09-30T11:32:31.3571852Z ##[endgroup]
2026-09-30T11:32:31.5566587Z (node:1372) [DEP0040] DeprecationWarning: The `punycode` module is deprecated. Please use a userland alternative instead.
2026-09-30T11:32:31.5567749Z (Use `node --trace-deprecation ...` to show where the warning was created)
2026-09-30T11:32:31.5682382Z With the provided path, there will be 17 files uploaded
2026-09-30T11:32:31.7344829Z Artifact name is valid!
2026-09-30T11:32:31.7347455Z Root directory input is valid!
2026-09-30T11:32:31.9169389Z Beginning upload of artifact content to blob storage
2026-09-30T11:32:32.1051164Z (node:1372) [DEP0169] DeprecationWarning: `url.parse()` behavior is not standardized and prone to errors that have security implications. Use the WHATWG URL API instead. CVEs are not issued for `url.parse()` vulnerabilities.
2026-09-30T11:32:32.4364918Z Uploaded bytes 1348859
2026-09-30T11:32:32.4749554Z Finished uploading artifact content to blob storage!
2026-09-30T11:32:32.4750860Z SHA256 digest of uploaded artifact zip is 0851f2116c76aee987521edc06f490a7cf3e29ce024348629fc1d230737082e7
2026-09-30T11:32:32.4752438Z Finalizing artifact upload
2026-09-30T11:32:32.7033493Z Artifact test-results-test-windows-0.zip successfully finalized. Artifact ID 11093153344
2026-09-30T11:32:32.7035053Z Artifact test-results-test-windows-0 has been successfully uploaded! Final size is 1348859 bytes. Artifact ID is 11093153344
2026-09-30T11:32:32.7047393Z Artifact download URL: https://github.com/JKamsker/LiteDB/actions/runs/36705044676/artifacts/11093153344
2026-09-30T11:32:32.7516548Z Prepare all required actions
2026-09-30T11:32:32.7517375Z Getting action download info
2026-09-30T11:32:32.9344696Z ##[group]Run ./.github/actions/retained-fixtures
2026-09-30T11:32:32.9345070Z env:
2026-09-30T11:32:32.9345992Z   LITEDB_RETAINED_FIXTURES: __CI_WORKSPACE__/LiteDB.Tests/TestResults/retained-fixtures
2026-09-30T11:32:32.9346530Z   LITEDB_SHARED_EXPECT_TEMP_VOLUME: 1
2026-09-30T11:32:32.9346872Z   DOTNET_ROOT: C:\Program Files\dotnet
2026-09-30T11:32:32.9347487Z   LITEDB_SHARED_DIAGNOSTICS: __CI_HOME__\AppData\Local\Temp\litedb-shared-diagnostics-36705044676-0
2026-09-30T11:32:32.9348071Z ##[endgroup]
2026-09-30T11:32:32.9409137Z ##[start-action display=Collect retained fixtures;id=__self.__run]
2026-09-30T11:32:32.9564803Z ##[group]Run if [ "$RUNNER_OS" = "Windows" ]; then retained_python=python; else retained_python=python3; fi
2026-09-30T11:32:32.9565672Z [36;1mif [ "$RUNNER_OS" = "Windows" ]; then retained_python=python; else retained_python=python3; fi[0m
2026-09-30T11:32:32.9566396Z [36;1m"$retained_python" scripts/collect-retained-fixtures.py "$LITEDB_RETAINED_FIXTURES"[0m
2026-09-30T11:32:32.9581739Z shell: C:\Program Files\Git\bin\bash.EXE --noprofile --norc -e -o pipefail {0}
2026-09-30T11:32:32.9582500Z env:
2026-09-30T11:32:32.9582988Z   LITEDB_RETAINED_FIXTURES: __CI_WORKSPACE__/LiteDB.Tests/TestResults/retained-fixtures
2026-09-30T11:32:32.9583533Z   LITEDB_SHARED_EXPECT_TEMP_VOLUME: 1
2026-09-30T11:32:32.9583876Z   DOTNET_ROOT: C:\Program Files\dotnet
2026-09-30T11:32:32.9584435Z   LITEDB_SHARED_DIAGNOSTICS: __CI_HOME__\AppData\Local\Temp\litedb-shared-diagnostics-36705044676-0
2026-09-30T11:32:32.9585031Z ##[endgroup]
2026-09-30T11:32:34.3474424Z ##[end-action id=__self.__run;outcome=success;conclusion=success;duration_ms=1406]
2026-09-30T11:32:34.3477339Z ##[start-action display=Upload fixture manifests and copies;id=__self.__actions_upload-artifact]
2026-09-30T11:32:34.3630386Z ##[group]Run actions/upload-artifact@v4
2026-09-30T11:32:34.3630663Z with:
2026-09-30T11:32:34.3630867Z   name: retained-fixtures-test-windows-0
2026-09-30T11:32:34.3631234Z   path: __CI_WORKSPACE__/LiteDB.Tests/TestResults/retained-fixtures/
2026-09-30T11:32:34.3631595Z   if-no-files-found: ignore
2026-09-30T11:32:34.3631818Z   retention-days: 14
2026-09-30T11:32:34.3632021Z   compression-level: 6
2026-09-30T11:32:34.3632224Z   overwrite: false
2026-09-30T11:32:34.3632421Z   include-hidden-files: false
2026-09-30T11:32:34.3632638Z env:
2026-09-30T11:32:34.3632971Z   LITEDB_RETAINED_FIXTURES: __CI_WORKSPACE__/LiteDB.Tests/TestResults/retained-fixtures
2026-09-30T11:32:34.3633406Z   LITEDB_SHARED_EXPECT_TEMP_VOLUME: 1
2026-09-30T11:32:34.3633662Z   DOTNET_ROOT: C:\Program Files\dotnet
2026-09-30T11:32:34.3634153Z   LITEDB_SHARED_DIAGNOSTICS: __CI_HOME__\AppData\Local\Temp\litedb-shared-diagnostics-36705044676-0
2026-09-30T11:32:34.3634645Z ##[endgroup]
2026-09-30T11:32:34.5784929Z (node:9192) [DEP0040] DeprecationWarning: The `punycode` module is deprecated. Please use a userland alternative instead.
2026-09-30T11:32:34.5786323Z (Use `node --trace-deprecation ...` to show where the warning was created)
2026-09-30T11:32:34.5811843Z No files were found with the provided path: __CI_WORKSPACE__/LiteDB.Tests/TestResults/retained-fixtures/. No artifacts will be uploaded.
2026-09-30T11:32:34.5956152Z ##[end-action id=__self.__actions_upload-artifact;outcome=success;conclusion=success;duration_ms=247]
2026-09-30T11:32:34.6210122Z Post job cleanup.
2026-09-30T11:32:34.8530346Z [command]"C:\Program Files\Git\bin\git.exe" version
2026-09-30T11:32:34.8864991Z git version 2.55.0.windows.5
2026-09-30T11:32:34.8941808Z Temporarily overriding HOME='__CI_HOME__/work\_temp\c45717b5-c1af-483d-bd96-0c9dc1a9d3ad' before making global git config changes
2026-09-30T11:32:34.8943177Z Adding repository directory to the temporary git global config as a safe directory
2026-09-30T11:32:34.8954286Z [command]"C:\Program Files\Git\bin\git.exe" config --global --add safe.directory __CI_WORKSPACE__
2026-09-30T11:32:34.9282567Z [command]"C:\Program Files\Git\bin\git.exe" config --local --name-only --get-regexp core\.sshCommand
2026-09-30T11:32:34.9589885Z [command]"C:\Program Files\Git\bin\git.exe" submodule foreach --recursive "sh -c \"git config --local --name-only --get-regexp 'core\.sshCommand' && git config --local --unset-all 'core.sshCommand' || :\""
2026-09-30T11:32:35.5125452Z [command]"C:\Program Files\Git\bin\git.exe" config --local --name-only --get-regexp http\.https\:\/\/github\.com\/\.extraheader
2026-09-30T11:32:35.5388180Z http.https://github.com/.extraheader
2026-09-30T11:32:35.5435023Z [command]"C:\Program Files\Git\bin\git.exe" config --local --unset-all http.https://github.com/.extraheader
2026-09-30T11:32:35.5733438Z [command]"C:\Program Files\Git\bin\git.exe" submodule foreach --recursive "sh -c \"git config --local --name-only --get-regexp 'http\.https\:\/\/github\.com\/\.extraheader' && git config --local --unset-all 'http.https://github.com/.extraheader' || :\""
2026-09-30T11:32:36.1441723Z [command]"C:\Program Files\Git\bin\git.exe" config --local --name-only --get-regexp ^includeIf\.gitdir:
2026-09-30T11:32:36.1745707Z [command]"C:\Program Files\Git\bin\git.exe" submodule foreach --recursive "git config --local --show-origin --name-only --get-regexp remote.origin.url"
2026-09-30T11:32:36.7510975Z Cleaning up orphan processes
2026-09-30T11:32:36.7806211Z ##[warning]Node.js 20 is deprecated. The following actions target Node.js 20 but are being forced to run on Node.js 24: actions/checkout@v4, actions/download-artifact@v4, actions/setup-dotnet@v4, actions/upload-artifact@v4. For more information see: https://github.blog/changelog/2025-09-19-deprecation-of-node-20-on-github-actions-runners/
