2026-09-30T11:11:27.1450289Z Current runner version: '2.337.0'
2026-09-30T11:11:27.1476037Z ##[group]Runner Image Provisioner
2026-09-30T11:11:27.1477051Z Hosted Compute Agent
2026-09-30T11:11:27.1477681Z Version: 20260901.588
2026-09-30T11:11:27.1478385Z Commit: f88ec8081b781fac6c440065ac7ff9e710ce3d0b
2026-09-30T11:11:27.1479159Z Build Date: 2026-09-01T19:56:44Z
2026-09-30T11:11:27.1480365Z Worker ID: {cf5f57a4-0095-4cd1-93e3-b9fb94548bf3}
2026-09-30T11:11:27.1481258Z Azure Region: westus
2026-09-30T11:11:27.1481855Z ##[endgroup]
2026-09-30T11:11:27.1483461Z ##[group]Operating System
2026-09-30T11:11:27.1484330Z Ubuntu
2026-09-30T11:11:27.1485084Z 24.04.5
2026-09-30T11:11:27.1485693Z LTS
2026-09-30T11:11:27.1486254Z ##[endgroup]
2026-09-30T11:11:27.1486855Z ##[group]Runner Image
2026-09-30T11:11:27.1487525Z Image: ubuntu-24.04
2026-09-30T11:11:27.1488141Z Version: 20260927.320.1
2026-09-30T11:11:27.1489834Z Included Software: https://github.com/actions/runner-images/blob/ubuntu24/20260927.320/images/ubuntu/Ubuntu2404-Readme.md
2026-09-30T11:11:27.1491533Z Image Release: https://github.com/actions/runner-images/releases/tag/ubuntu24%2F20260927.320
2026-09-30T11:11:27.1492685Z ##[endgroup]
2026-09-30T11:11:27.1495820Z ##[group]GITHUB_TOKEN Permissions
2026-09-30T11:11:27.1498170Z Actions: write
2026-09-30T11:11:27.1498830Z ArtifactMetadata: write
2026-09-30T11:11:27.1499858Z Attestations: write
2026-09-30T11:11:27.1500502Z Checks: write
2026-09-30T11:11:27.1501058Z CodeQuality: write
2026-09-30T11:11:27.1501755Z Contents: write
2026-09-30T11:11:27.1502374Z CopilotRequests: write
2026-09-30T11:11:27.1503030Z Deployments: write
2026-09-30T11:11:27.1503668Z Discussions: write
2026-09-30T11:11:27.1504267Z Drives: write
2026-09-30T11:11:27.1504886Z Issues: write
2026-09-30T11:11:27.1505438Z Metadata: read
2026-09-30T11:11:27.1506138Z Models: read
2026-09-30T11:11:27.1506748Z Packages: write
2026-09-30T11:11:27.1507334Z Pages: write
2026-09-30T11:11:27.1507963Z PullRequests: write
2026-09-30T11:11:27.1508577Z RepositoryProjects: write
2026-09-30T11:11:27.1509256Z SecurityEvents: write
2026-09-30T11:11:27.1510082Z Statuses: write
2026-09-30T11:11:27.1510668Z VulnerabilityAlerts: read
2026-09-30T11:11:27.1511338Z ##[endgroup]
2026-09-30T11:11:27.1513502Z Secret source: Actions
2026-09-30T11:11:27.1514602Z Cache mode: write
2026-09-30T11:11:27.1515356Z Prepare workflow directory
2026-09-30T11:11:27.2096469Z Prepare all required actions
2026-09-30T11:11:27.2147474Z Getting action download info
2026-09-30T11:11:27.5621196Z Download action repository 'actions/checkout@v4' (SHA:11d5960a326750d5838078e36cf38b85af677262)
2026-09-30T11:11:27.6651480Z Download action repository 'actions/download-artifact@v4' (SHA:d3f86a106a0bac45b974a628896c90dbdf5c8093)
2026-09-30T11:11:28.1263366Z Download action repository 'actions/upload-artifact@v4' (SHA:ea165f8d65b6e75b540449e92b4886f43607fa02)
2026-09-30T11:11:28.3268900Z Uses: JKamsker/LiteDB/.github/workflows/_reusable-ci.yml@refs/pull/133/merge (3f614aa69b15771ed1a63b8b8796172fae8b6648)
2026-09-30T11:11:28.3274217Z ##[group] Inputs
2026-09-30T11:11:28.3274811Z   tier: full
2026-09-30T11:11:28.3277199Z   sdk-matrix: [
  { "display": ".NET 8", "runtimeMajor": 8,  "sdk": "8.0.x",           "framework": "net8.0", "includePrerelease": false, "msbuildProps": "" },
  { "display": ".NET 9", "runtimeMajor": 9,  "sdk": "9.0.x\n8.0.x",    "framework": "net8.0", "includePrerelease": true,  "msbuildProps": "" },
  { "display": ".NET 10", "runtimeMajor": 10, "sdk": "10.0.x",          "framework": "net10.0", "includePrerelease": false, "msbuildProps": "" }
]

2026-09-30T11:11:28.3280061Z ##[endgroup]
2026-09-30T11:11:28.3280818Z Complete job name: build-and-test / Native admission (glibc 2.31 - ubuntu-latest)
2026-09-30T11:11:28.4056285Z ##[group]Run actions/checkout@v4
2026-09-30T11:11:28.4057243Z with:
2026-09-30T11:11:28.4057751Z   repository: JKamsker/LiteDB
2026-09-30T11:11:28.4062122Z   token: ***
2026-09-30T11:11:28.4062613Z   ssh-strict: true
2026-09-30T11:11:28.4063094Z   ssh-user: git
2026-09-30T11:11:28.4063592Z   persist-credentials: true
2026-09-30T11:11:28.4064396Z   clean: true
2026-09-30T11:11:28.4064892Z   sparse-checkout-cone-mode: true
2026-09-30T11:11:28.4065453Z   fetch-depth: 1
2026-09-30T11:11:28.4065919Z   fetch-tags: false
2026-09-30T11:11:28.4066403Z   show-progress: true
2026-09-30T11:11:28.4066896Z   lfs: false
2026-09-30T11:11:28.4067352Z   submodules: false
2026-09-30T11:11:28.4067831Z   set-safe-directory: true
2026-09-30T11:11:28.4068382Z   allow-unsafe-pr-checkout: false
2026-09-30T11:11:28.4069245Z env:
2026-09-30T11:11:28.4070585Z   LITEDB_RETAINED_FIXTURES: __CI_WORKSPACE__/LiteDB.Tests/TestResults/retained-fixtures
2026-09-30T11:11:28.4071582Z ##[endgroup]
2026-09-30T11:11:28.5104746Z Syncing repository: JKamsker/LiteDB
2026-09-30T11:11:28.5107674Z ##[group]Getting Git version info
2026-09-30T11:11:28.5108678Z Working directory is '__CI_HOME__/work/LiteDB/LiteDB'
2026-09-30T11:11:28.5110364Z [command]/usr/bin/git version
2026-09-30T11:11:28.5183669Z git version 2.55.0
2026-09-30T11:11:28.5243699Z ##[endgroup]
2026-09-30T11:11:28.5260649Z Temporarily overriding HOME='__CI_HOME__/work/_temp/3632d6db-039c-4adb-8695-d2c6b5e6ab3f' before making global git config changes
2026-09-30T11:11:28.5263339Z Adding repository directory to the temporary git global config as a safe directory
2026-09-30T11:11:28.5266426Z [command]/usr/bin/git config --global --add safe.directory __CI_WORKSPACE__
2026-09-30T11:11:28.5326227Z Deleting the contents of '__CI_HOME__/work/LiteDB/LiteDB'
2026-09-30T11:11:28.5329734Z ##[group]Initializing the repository
2026-09-30T11:11:28.5333752Z [command]/usr/bin/git init __CI_WORKSPACE__
2026-09-30T11:11:28.5481332Z hint: Using 'master' as the name for the initial branch. This default branch name
2026-09-30T11:11:28.5483251Z hint: will change to "main" in Git 3.0. To configure the initial branch name
2026-09-30T11:11:28.5485486Z hint: to use in all of your new repositories, which will suppress this warning,
2026-09-30T11:11:28.5486867Z hint: call:
2026-09-30T11:11:28.5487595Z hint:
2026-09-30T11:11:28.5488564Z hint: 	git config --global init.defaultBranch <name>
2026-09-30T11:11:28.5490056Z hint:
2026-09-30T11:11:28.5491140Z hint: Names commonly chosen instead of 'master' are 'main', 'trunk' and
2026-09-30T11:11:28.5492852Z hint: 'development'. The just-created branch can be renamed via this command:
2026-09-30T11:11:28.5494241Z hint:
2026-09-30T11:11:28.5495065Z hint: 	git branch -m <name>
2026-09-30T11:11:28.5495980Z hint:
2026-09-30T11:11:28.5497141Z hint: Disable this message with "git config set advice.defaultBranchName false"
2026-09-30T11:11:28.5498913Z Initialized empty Git repository in __CI_WORKSPACE__/.git/
2026-09-30T11:11:28.5501323Z [command]/usr/bin/git remote add origin https://github.com/JKamsker/LiteDB
2026-09-30T11:11:28.5550549Z ##[endgroup]
2026-09-30T11:11:28.5552041Z ##[group]Disabling automatic garbage collection
2026-09-30T11:11:28.5555527Z [command]/usr/bin/git config --local gc.auto 0
2026-09-30T11:11:28.5598866Z ##[endgroup]
2026-09-30T11:11:28.5600462Z ##[group]Setting up auth
2026-09-30T11:11:28.5607754Z [command]/usr/bin/git config --local --name-only --get-regexp core\.sshCommand
2026-09-30T11:11:28.5652544Z [command]/usr/bin/git submodule foreach --recursive sh -c "git config --local --name-only --get-regexp 'core\.sshCommand' && git config --local --unset-all 'core.sshCommand' || :"
2026-09-30T11:11:28.6049250Z [command]/usr/bin/git config --local --name-only --get-regexp http\.https\:\/\/github\.com\/\.extraheader
2026-09-30T11:11:28.6089954Z [command]/usr/bin/git submodule foreach --recursive sh -c "git config --local --name-only --get-regexp 'http\.https\:\/\/github\.com\/\.extraheader' && git config --local --unset-all 'http.https://github.com/.extraheader' || :"
2026-09-30T11:11:28.6315070Z [command]/usr/bin/git config --local --name-only --get-regexp ^includeIf\.gitdir:
2026-09-30T11:11:28.6353616Z [command]/usr/bin/git submodule foreach --recursive git config --local --show-origin --name-only --get-regexp remote.origin.url
2026-09-30T11:11:28.6578086Z [command]/usr/bin/git config --local http.https://github.com/.extraheader AUTHORIZATION: basic ***
2026-09-30T11:11:28.6641361Z ##[endgroup]
2026-09-30T11:11:28.6642748Z ##[group]Fetching the repository
2026-09-30T11:11:28.6644414Z [command]/usr/bin/git -c protocol.version=2 fetch --no-tags --prune --no-recurse-submodules --depth=1 origin +3f614aa69b15771ed1a63b8b8796172fae8b6648:refs/remotes/pull/133/merge
2026-09-30T11:11:29.8199088Z From https://github.com/JKamsker/LiteDB
2026-09-30T11:11:29.8202560Z  * [new ref]         3f614aa69b15771ed1a63b8b8796172fae8b6648 -> pull/133/merge
2026-09-30T11:11:29.8206527Z ##[endgroup]
2026-09-30T11:11:29.8207892Z ##[group]Determining the checkout info
2026-09-30T11:11:29.8209798Z ##[endgroup]
2026-09-30T11:11:29.8211633Z [command]/usr/bin/git sparse-checkout disable
2026-09-30T11:11:29.8277066Z [command]/usr/bin/git config --local --unset-all extensions.worktreeConfig
2026-09-30T11:11:29.8310707Z ##[group]Checking out the ref
2026-09-30T11:11:29.8313712Z [command]/usr/bin/git checkout --progress --force refs/remotes/pull/133/merge
2026-09-30T11:11:29.9616924Z Note: switching to 'refs/remotes/pull/133/merge'.
2026-09-30T11:11:29.9618590Z 
2026-09-30T11:11:29.9620172Z You are in 'detached HEAD' state. You can look around, make experimental
2026-09-30T11:11:29.9623519Z changes and commit them, and you can discard any commits you make in this
2026-09-30T11:11:29.9626831Z state without impacting any branches by switching back to a branch.
2026-09-30T11:11:29.9628391Z 
2026-09-30T11:11:29.9629264Z If you want to create a new branch to retain commits you create, you may
2026-09-30T11:11:29.9632297Z do so (now or later) by using -c with the switch command. Example:
2026-09-30T11:11:29.9633548Z 
2026-09-30T11:11:29.9634059Z   git switch -c <new-branch-name>
2026-09-30T11:11:29.9634931Z 
2026-09-30T11:11:29.9635458Z Or undo this operation with:
2026-09-30T11:11:29.9636296Z 
2026-09-30T11:11:29.9636806Z   git switch -
2026-09-30T11:11:29.9637452Z 
2026-09-30T11:11:29.9638483Z Turn off this advice by setting config variable advice.detachedHead to false
2026-09-30T11:11:29.9640272Z 
2026-09-30T11:11:29.9641972Z HEAD is now at 3f614aa Merge e821ae7479dcb83570031180b0c0e3f4fd167793 into 5dd942a7367c361fadd600be4ce10aace2768b27
2026-09-30T11:11:29.9647203Z ##[endgroup]
2026-09-30T11:11:29.9683673Z [command]/usr/bin/git log -1 --format=%H
2026-09-30T11:11:29.9711929Z 3f614aa69b15771ed1a63b8b8796172fae8b6648
2026-09-30T11:11:30.0036754Z ##[group]Run actions/download-artifact@v4
2026-09-30T11:11:30.0038047Z with:
2026-09-30T11:11:30.0038913Z   name: tests-build-linux
2026-09-30T11:11:30.0040355Z   merge-multiple: false
2026-09-30T11:11:30.0041418Z   repository: JKamsker/LiteDB
2026-09-30T11:11:30.0042486Z   run-id: 36705044676
2026-09-30T11:11:30.0043398Z env:
2026-09-30T11:11:30.0045138Z   LITEDB_RETAINED_FIXTURES: __CI_WORKSPACE__/LiteDB.Tests/TestResults/retained-fixtures
2026-09-30T11:11:30.0047280Z ##[endgroup]
2026-09-30T11:11:30.1735046Z Downloading single artifact
2026-09-30T11:11:30.1871683Z (node:2294) [DEP0040] DeprecationWarning: The `punycode` module is deprecated. Please use a userland alternative instead.
2026-09-30T11:11:30.1876451Z (Use `node --trace-deprecation ...` to show where the warning was created)
2026-09-30T11:11:30.4417228Z Preparing to download the following artifacts:
2026-09-30T11:11:30.4420585Z - tests-build-linux (ID: 11092895133, Size: 40924912, Expected Digest: sha256:9a817022d420035f3b1baccd31fb0174439b1ef76f9606992832fa7b21b9432f)
2026-09-30T11:11:30.6817116Z Redirecting to blob download url: https://productionresultssa18.blob.core.windows.net/actions-results/b2c9bfe9-81f6-86f6-816b-fddb3bc6c705/workflow-job-run-1d241edd-237b-5cc3-9eff-733c9396c058/artifacts/799830fbb823578604daec1b2b37aa7877ec9b16b5eb82ed2bc92fc868613cf2.zip
2026-09-30T11:11:30.6826722Z Starting download of artifact to: __CI_WORKSPACE__
2026-09-30T11:11:30.9796745Z (node:2294) [DEP0005] DeprecationWarning: Buffer() is deprecated due to security and usability issues. Please use the Buffer.alloc(), Buffer.allocUnsafe(), or Buffer.from() methods instead.
2026-09-30T11:11:33.1236406Z SHA256 digest of downloaded artifact is 9a817022d420035f3b1baccd31fb0174439b1ef76f9606992832fa7b21b9432f
2026-09-30T11:11:33.1237492Z Artifact download completed successfully.
2026-09-30T11:11:33.1238195Z Total of 1 artifact(s) downloaded
2026-09-30T11:11:33.1247243Z Download artifact has finished successfully
2026-09-30T11:11:33.1469710Z ##[group]Run tar -xzf tests-build-linux.tar.gz
2026-09-30T11:11:33.1470223Z [36;1mtar -xzf tests-build-linux.tar.gz[0m
2026-09-30T11:11:33.1748215Z shell: /usr/bin/bash -e {0}
2026-09-30T11:11:33.1748583Z env:
2026-09-30T11:11:33.1749165Z   LITEDB_RETAINED_FIXTURES: __CI_WORKSPACE__/LiteDB.Tests/TestResults/retained-fixtures
2026-09-30T11:11:33.1750153Z ##[endgroup]
2026-09-30T11:11:33.9911155Z ##[group]Run bash scripts/test-native-admission-glibc.sh
2026-09-30T11:11:33.9911699Z [36;1mbash scripts/test-native-admission-glibc.sh[0m
2026-09-30T11:11:33.9975430Z shell: /usr/bin/bash -e {0}
2026-09-30T11:11:33.9975754Z env:
2026-09-30T11:11:33.9976274Z   LITEDB_RETAINED_FIXTURES: __CI_WORKSPACE__/LiteDB.Tests/TestResults/retained-fixtures
2026-09-30T11:11:33.9976899Z   LITEDB_EVIDENCE_MATRIX: {
  "os": "ubuntu-latest"
}
2026-09-30T11:11:33.9977273Z ##[endgroup]
2026-09-30T11:11:34.5680972Z #0 building with "default" instance using docker driver
2026-09-30T11:11:34.5681902Z 
2026-09-30T11:11:34.5682610Z #1 [internal] load build definition from native-admission-glibc231.Dockerfile
2026-09-30T11:11:34.5683498Z #1 transferring dockerfile: 1.18kB done
2026-09-30T11:11:34.5684281Z #1 DONE 0.0s
2026-09-30T11:11:34.5684713Z 
2026-09-30T11:11:34.5685422Z #2 [internal] load metadata for mcr.microsoft.com/dotnet/sdk:8.0
2026-09-30T11:11:34.5686083Z #2 DONE 0.1s
2026-09-30T11:11:34.5686404Z 
2026-09-30T11:11:34.5686857Z #3 [internal] load metadata for mcr.microsoft.com/dotnet/runtime-deps:6.0-bullseye-slim
2026-09-30T11:11:34.6942577Z #3 DONE 0.2s
2026-09-30T11:11:34.8108623Z 
2026-09-30T11:11:34.8111828Z #4 [internal] load .dockerignore
2026-09-30T11:11:34.8114438Z #4 transferring context: 2B done
2026-09-30T11:11:34.8114951Z #4 DONE 0.0s
2026-09-30T11:11:34.8115172Z 
2026-09-30T11:11:34.8116056Z #5 [stage-1 1/3] FROM mcr.microsoft.com/dotnet/runtime-deps:6.0-bullseye-slim@sha256:e6db4775c7adaf8cedb2e9c8172916cf11985c44ca67d2657b57e689dce18702
2026-09-30T11:11:34.8117948Z #5 resolve mcr.microsoft.com/dotnet/runtime-deps:6.0-bullseye-slim@sha256:e6db4775c7adaf8cedb2e9c8172916cf11985c44ca67d2657b57e689dce18702 done
2026-09-30T11:11:34.8119984Z #5 sha256:e6db4775c7adaf8cedb2e9c8172916cf11985c44ca67d2657b57e689dce18702 1.08kB / 1.08kB done
2026-09-30T11:11:34.8121228Z #5 sha256:77587ac65e4fa8ca25473b5055fc01f30552d17e08696868be80ddf94804966d 741B / 741B done
2026-09-30T11:11:34.8122995Z #5 sha256:1477e05f4dd17be5b65e232676be47800fd9d3c836e4a025b8e494f27acdbdf1 1.16kB / 1.16kB done
2026-09-30T11:11:34.8126009Z #5 sha256:89320e7119e225692d79aaeb4989a18d7f97daafdb2b3782f84a0a8de31a09de 0B / 30.25MB 0.1s
2026-09-30T11:11:34.8127609Z #5 sha256:8715c03abd5b55a9bf49a087f3e225a0e8550c9d79ad233c7a018f207e02a781 14.97MB / 14.97MB 0.1s
2026-09-30T11:11:35.0138306Z #5 sha256:89320e7119e225692d79aaeb4989a18d7f97daafdb2b3782f84a0a8de31a09de 30.25MB / 30.25MB 0.2s done
2026-09-30T11:11:35.0141091Z #5 sha256:8715c03abd5b55a9bf49a087f3e225a0e8550c9d79ad233c7a018f207e02a781 14.97MB / 14.97MB 0.1s done
2026-09-30T11:11:35.0142898Z #5 extracting sha256:89320e7119e225692d79aaeb4989a18d7f97daafdb2b3782f84a0a8de31a09de
2026-09-30T11:11:36.7213606Z #5 extracting sha256:89320e7119e225692d79aaeb4989a18d7f97daafdb2b3782f84a0a8de31a09de 1.7s done
2026-09-30T11:11:36.8239846Z #5 extracting sha256:8715c03abd5b55a9bf49a087f3e225a0e8550c9d79ad233c7a018f207e02a781
2026-09-30T11:11:37.3489831Z #5 extracting sha256:8715c03abd5b55a9bf49a087f3e225a0e8550c9d79ad233c7a018f207e02a781 0.5s done
2026-09-30T11:11:37.9487118Z #5 DONE 3.2s
2026-09-30T11:11:37.9487950Z 
2026-09-30T11:11:37.9489832Z #6 [dotnet 1/1] FROM mcr.microsoft.com/dotnet/sdk:8.0@sha256:78235e09001f52b6592c458ac010775ebac6725422e80cd0c1650590f67b2743
2026-09-30T11:11:37.9491391Z #6 resolve mcr.microsoft.com/dotnet/sdk:8.0@sha256:78235e09001f52b6592c458ac010775ebac6725422e80cd0c1650590f67b2743 done
2026-09-30T11:11:37.9499953Z #6 sha256:78235e09001f52b6592c458ac010775ebac6725422e80cd0c1650590f67b2743 1.08kB / 1.08kB done
2026-09-30T11:11:37.9500816Z #6 sha256:a23af37ba126607678300c53b039bf2969ceee78b2f7562c4e7768fe98f13663 4.98kB / 4.98kB done
2026-09-30T11:11:37.9501980Z #6 sha256:774043ccc8ccd0d0833a9ee0792142ab7ad93df971e59dd248fbf82db16d0150 28.24MB / 28.24MB 0.1s done
2026-09-30T11:11:37.9502717Z #6 sha256:7ff19b091200c3a3a1bf1eefa6abae9efd7995d8e3298e66aa0d6905872bf642 2.64kB / 2.64kB done
2026-09-30T11:11:37.9504107Z #6 extracting sha256:774043ccc8ccd0d0833a9ee0792142ab7ad93df971e59dd248fbf82db16d0150 1.6s done
2026-09-30T11:11:37.9505411Z #6 sha256:ee1492dc990ed95b74023879e6d1e3bdb18e9f569d84a1adf685acd9fd00d3af 11.10MB / 11.10MB 0.3s done
2026-09-30T11:11:37.9506697Z #6 sha256:22b2c17d9e73347f93c758c80b0119ca3d1f5c31f3452cb86c9a03c8befa0fe0 163B / 163B 0.2s done
2026-09-30T11:11:37.9507950Z #6 sha256:f16c21f09acad5dea121358b6d25c741ab581ede6adaf60864276743e06228ba 18.74MB / 18.74MB 0.2s done
2026-09-30T11:11:37.9509223Z #6 sha256:dd379948ad63de480027f7ce1b9b17e112f57d1d491e4de368c27984930d9310 3.33kB / 3.33kB 0.1s done
2026-09-30T11:11:37.9520717Z #6 sha256:ea66d5482c94dec749d2acb78e5c15ba42e5386c5025b71f891f2b685df3c002 32.26MB / 32.26MB 0.3s done
2026-09-30T11:11:37.9522010Z #6 sha256:18759a18c67f9dda8fc596ea63f99f17f21f60f49d98284f4ef8b3f34fd333dd 17.61MB / 17.61MB 0.4s done
2026-09-30T11:11:37.9523307Z #6 sha256:02d75287a8c84be5fb8ec4accd5dbe410bd88e292e3054557f634bef8e1104a5 177.91MB / 177.91MB 0.9s done
2026-09-30T11:11:37.9524498Z #6 sha256:76ee9e5ccd0bc158356d2d1e9fea2a20bc00b596838263f5517469e14612ef5c 31.09MB / 31.09MB 0.4s done
2026-09-30T11:11:37.9525762Z #6 sha256:c9867add3f434b3939909dceb264b615b00974f2098481c3a79269d737c31977 2.70kB / 2.70kB 0.4s done
2026-09-30T11:11:37.9526979Z #6 sha256:7fb0f141c3bbfe15e5003b6d537c15abc9dc0af9aa321940189af1440d099770 17.05MB / 17.05MB 0.5s done
2026-09-30T11:11:37.9528171Z #6 extracting sha256:f16c21f09acad5dea121358b6d25c741ab581ede6adaf60864276743e06228ba 0.4s done
2026-09-30T11:11:40.0196702Z #6 extracting sha256:dd379948ad63de480027f7ce1b9b17e112f57d1d491e4de368c27984930d9310 done
2026-09-30T11:11:40.0198555Z #6 extracting sha256:ea66d5482c94dec749d2acb78e5c15ba42e5386c5025b71f891f2b685df3c002
2026-09-30T11:11:40.4268927Z #6 extracting sha256:ea66d5482c94dec749d2acb78e5c15ba42e5386c5025b71f891f2b685df3c002 0.4s done
2026-09-30T11:11:40.5831583Z #6 extracting sha256:22b2c17d9e73347f93c758c80b0119ca3d1f5c31f3452cb86c9a03c8befa0fe0 done
2026-09-30T11:11:40.5840927Z #6 extracting sha256:ee1492dc990ed95b74023879e6d1e3bdb18e9f569d84a1adf685acd9fd00d3af 0.1s
2026-09-30T11:11:40.7697267Z #6 extracting sha256:ee1492dc990ed95b74023879e6d1e3bdb18e9f569d84a1adf685acd9fd00d3af 0.2s done
2026-09-30T11:11:40.7698732Z #6 extracting sha256:76ee9e5ccd0bc158356d2d1e9fea2a20bc00b596838263f5517469e14612ef5c 0.1s
2026-09-30T11:11:41.6526328Z #6 extracting sha256:76ee9e5ccd0bc158356d2d1e9fea2a20bc00b596838263f5517469e14612ef5c 1.0s done
2026-09-30T11:11:41.7763161Z #6 extracting sha256:02d75287a8c84be5fb8ec4accd5dbe410bd88e292e3054557f634bef8e1104a5
2026-09-30T11:11:44.7445882Z #6 ...
2026-09-30T11:11:44.7446203Z 
2026-09-30T11:11:44.7453286Z #7 [stage-1 2/3] RUN printf '%s\n'       'deb [check-valid-until=no] https://snapshot.debian.org/archive/debian/20260801T000000Z bullseye main'       'deb [check-valid-until=no] https://snapshot.debian.org/archive/debian-security/20260801T000000Z bullseye-security main'       'deb [check-valid-until=no] https://snapshot.debian.org/archive/debian/20260801T000000Z bullseye-updates main'       > /etc/apt/sources.list     && apt-get update && apt-get install -y --no-install-recommends python3     && rm -rf /var/lib/apt/lists/*
2026-09-30T11:11:44.7457624Z #7 0.961 Get:1 https://snapshot.debian.org/archive/debian/20260801T000000Z bullseye InRelease [75.1 kB]
2026-09-30T11:11:44.7459096Z #7 1.045 Get:2 https://snapshot.debian.org/archive/debian-security/20260801T000000Z bullseye-security InRelease [27.2 kB]
2026-09-30T11:11:44.7461128Z #7 1.194 Get:3 https://snapshot.debian.org/archive/debian/20260801T000000Z bullseye-updates InRelease [44.0 kB]
2026-09-30T11:11:44.7462564Z #7 1.286 Get:4 https://snapshot.debian.org/archive/debian/20260801T000000Z bullseye/main amd64 Packages [8066 kB]
2026-09-30T11:11:44.7464295Z #7 1.959 Get:5 https://snapshot.debian.org/archive/debian-security/20260801T000000Z bullseye-security/main amd64 Packages [467 kB]
2026-09-30T11:11:44.7466111Z #7 1.964 Get:6 https://snapshot.debian.org/archive/debian/20260801T000000Z bullseye-updates/main amd64 Packages [18.8 kB]
2026-09-30T11:11:44.7467527Z #7 3.029 Fetched 8698 kB in 2s (4125 kB/s)
2026-09-30T11:11:44.7468279Z #7 3.029 Reading package lists...
2026-09-30T11:11:44.7468807Z #7 3.610 Reading package lists...
2026-09-30T11:11:44.7469326Z #7 4.144 Building dependency tree...
2026-09-30T11:11:44.7480354Z #7 4.279 Reading state information...
2026-09-30T11:11:44.7481045Z #7 4.393 The following additional packages will be installed:
2026-09-30T11:11:44.7481939Z #7 4.393   libexpat1 libmpdec3 libncursesw6 libpython3-stdlib libpython3.9-minimal
2026-09-30T11:11:44.7483032Z #7 4.393   libpython3.9-stdlib libreadline8 libsqlite3-0 media-types python3-minimal
2026-09-30T11:11:44.7483938Z #7 4.394   python3.9 python3.9-minimal readline-common
2026-09-30T11:11:44.7484554Z #7 4.394 Suggested packages:
2026-09-30T11:11:44.7485284Z #7 4.394   python3-doc python3-tk python3-venv python3.9-venv python3.9-doc binutils
2026-09-30T11:11:44.7486106Z #7 4.394   binfmt-support readline-doc
2026-09-30T11:11:44.7486635Z #7 4.394 Recommended packages:
2026-09-30T11:11:44.7487112Z #7 4.394   libgpm2
2026-09-30T11:11:44.7487665Z #7 4.484 The following NEW packages will be installed:
2026-09-30T11:11:44.7488536Z #7 4.484   libexpat1 libmpdec3 libncursesw6 libpython3-stdlib libpython3.9-minimal
2026-09-30T11:11:44.7489849Z #7 4.484   libpython3.9-stdlib libreadline8 libsqlite3-0 media-types python3
2026-09-30T11:11:44.7490770Z #7 4.485   python3-minimal python3.9 python3.9-minimal readline-common
2026-09-30T11:11:44.7491652Z #7 5.455 0 upgraded, 14 newly installed, 0 to remove and 25 not upgraded.
2026-09-30T11:11:44.7492393Z #7 5.455 Need to get 6390 kB of archives.
2026-09-30T11:11:44.7493126Z #7 5.455 After this operation, 22.9 MB of additional disk space will be used.
2026-09-30T11:11:44.7494722Z #7 5.455 Get:1 https://snapshot.debian.org/archive/debian-security/20260801T000000Z bullseye-security/main amd64 libpython3.9-minimal amd64 3.9.2-1+deb11u7 [807 kB]
2026-09-30T11:11:44.7496849Z #7 5.463 Get:2 https://snapshot.debian.org/archive/debian-security/20260801T000000Z bullseye-security/main amd64 libexpat1 amd64 2.2.10-2+deb11u7 [99.2 kB]
2026-09-30T11:11:44.7498947Z #7 5.464 Get:3 https://snapshot.debian.org/archive/debian-security/20260801T000000Z bullseye-security/main amd64 python3.9-minimal amd64 3.9.2-1+deb11u7 [1944 kB]
2026-09-30T11:11:44.7501143Z #7 5.477 Get:4 https://snapshot.debian.org/archive/debian/20260801T000000Z bullseye/main amd64 python3-minimal amd64 3.9.2-3 [38.2 kB]
2026-09-30T11:11:44.7502811Z #7 5.477 Get:5 https://snapshot.debian.org/archive/debian/20260801T000000Z bullseye/main amd64 media-types all 4.0.0 [30.3 kB]
2026-09-30T11:11:44.7504481Z #7 5.477 Get:6 https://snapshot.debian.org/archive/debian/20260801T000000Z bullseye/main amd64 libmpdec3 amd64 2.5.1-1 [87.7 kB]
2026-09-30T11:11:44.7506234Z #7 5.477 Get:7 https://snapshot.debian.org/archive/debian/20260801T000000Z bullseye/main amd64 libncursesw6 amd64 6.2+20201114-2+deb11u2 [132 kB]
2026-09-30T11:11:44.7508005Z #7 5.479 Get:8 https://snapshot.debian.org/archive/debian/20260801T000000Z bullseye/main amd64 readline-common all 8.1-1 [73.7 kB]
2026-09-30T11:11:44.7510069Z #7 5.480 Get:9 https://snapshot.debian.org/archive/debian/20260801T000000Z bullseye/main amd64 libreadline8 amd64 8.1-1 [169 kB]
2026-09-30T11:11:44.7512241Z #7 5.481 Get:10 https://snapshot.debian.org/archive/debian-security/20260801T000000Z bullseye-security/main amd64 libsqlite3-0 amd64 3.34.1-3+deb11u1 [797 kB]
2026-09-30T11:11:44.7514716Z #7 5.485 Get:11 https://snapshot.debian.org/archive/debian-security/20260801T000000Z bullseye-security/main amd64 libpython3.9-stdlib amd64 3.9.2-1+deb11u7 [1685 kB]
2026-09-30T11:11:44.7516863Z #7 5.495 Get:12 https://snapshot.debian.org/archive/debian-security/20260801T000000Z bullseye-security/main amd64 python3.9 amd64 3.9.2-1+deb11u7 [468 kB]
2026-09-30T11:11:44.7518751Z #7 5.498 Get:13 https://snapshot.debian.org/archive/debian/20260801T000000Z bullseye/main amd64 libpython3-stdlib amd64 3.9.2-3 [21.4 kB]
2026-09-30T11:11:44.7521004Z #7 5.498 Get:14 https://snapshot.debian.org/archive/debian/20260801T000000Z bullseye/main amd64 python3 amd64 3.9.2-3 [37.9 kB]
2026-09-30T11:11:44.7522376Z #7 5.605 debconf: delaying package configuration, since apt-utils is not installed
2026-09-30T11:11:44.7523216Z #7 5.632 Fetched 6390 kB in 1s (6339 kB/s)
2026-09-30T11:11:44.7523998Z #7 5.646 Selecting previously unselected package libpython3.9-minimal:amd64.
2026-09-30T11:11:44.7524775Z #7 5.646 (Reading database ... 
2026-09-30T11:11:44.7525254Z (Reading database ... 5%
2026-09-30T11:11:44.7525703Z (Reading database ... 10%
2026-09-30T11:11:44.7526156Z (Reading database ... 15%
2026-09-30T11:11:44.7526593Z (Reading database ... 20%
2026-09-30T11:11:44.7527032Z (Reading database ... 25%
2026-09-30T11:11:44.7527490Z (Reading database ... 30%
2026-09-30T11:11:44.7527928Z (Reading database ... 35%
2026-09-30T11:11:44.7528370Z (Reading database ... 40%
2026-09-30T11:11:44.7528812Z (Reading database ... 45%
2026-09-30T11:11:44.7529255Z (Reading database ... 50%
2026-09-30T11:11:44.7529943Z (Reading database ... 55%
2026-09-30T11:11:44.7530387Z (Reading database ... 60%
2026-09-30T11:11:44.7530836Z (Reading database ... 65%
2026-09-30T11:11:44.7531302Z (Reading database ... 70%
2026-09-30T11:11:44.7531757Z (Reading database ... 75%
2026-09-30T11:11:44.7532196Z (Reading database ... 80%
2026-09-30T11:11:44.7532633Z (Reading database ... 85%
2026-09-30T11:11:44.7533064Z (Reading database ... 90%
2026-09-30T11:11:44.7533567Z (Reading database ... 95%
2026-09-30T11:11:44.7534085Z (Reading database ... 100%
2026-09-30T11:11:44.7534737Z (Reading database ... 6994 files and directories currently installed.)
2026-09-30T11:11:44.7535715Z #7 5.656 Preparing to unpack .../libpython3.9-minimal_3.9.2-1+deb11u7_amd64.deb ...
2026-09-30T11:11:44.7536674Z #7 5.657 Unpacking libpython3.9-minimal:amd64 (3.9.2-1+deb11u7) ...
2026-09-30T11:11:44.7537513Z #7 5.766 Selecting previously unselected package libexpat1:amd64.
2026-09-30T11:11:44.7538364Z #7 5.767 Preparing to unpack .../libexpat1_2.2.10-2+deb11u7_amd64.deb ...
2026-09-30T11:11:44.7539168Z #7 5.769 Unpacking libexpat1:amd64 (2.2.10-2+deb11u7) ...
2026-09-30T11:11:44.7540374Z #7 5.792 Selecting previously unselected package python3.9-minimal.
2026-09-30T11:11:44.7541321Z #7 5.793 Preparing to unpack .../python3.9-minimal_3.9.2-1+deb11u7_amd64.deb ...
2026-09-30T11:11:44.7542197Z #7 5.798 Unpacking python3.9-minimal (3.9.2-1+deb11u7) ...
2026-09-30T11:11:44.7542958Z #7 5.977 Setting up libpython3.9-minimal:amd64 (3.9.2-1+deb11u7) ...
2026-09-30T11:11:44.7543721Z #7 5.981 Setting up libexpat1:amd64 (2.2.10-2+deb11u7) ...
2026-09-30T11:11:44.7544423Z #7 5.984 Setting up python3.9-minimal (3.9.2-1+deb11u7) ...
2026-09-30T11:11:44.7545206Z #7 6.674 Selecting previously unselected package python3-minimal.
2026-09-30T11:11:44.7545973Z #7 6.674 (Reading database ... 
2026-09-30T11:11:44.7546445Z (Reading database ... 5%
2026-09-30T11:11:44.7546908Z (Reading database ... 10%
2026-09-30T11:11:44.7547345Z (Reading database ... 15%
2026-09-30T11:11:44.7547816Z (Reading database ... 20%
2026-09-30T11:11:44.7548263Z (Reading database ... 25%
2026-09-30T11:11:44.7548729Z (Reading database ... 30%
2026-09-30T11:11:44.7549852Z (Reading database ... 35%
2026-09-30T11:11:44.7550314Z (Reading database ... 40%
2026-09-30T11:11:44.7550755Z (Reading database ... 45%
2026-09-30T11:11:44.7551184Z (Reading database ... 50%
2026-09-30T11:11:44.7551628Z (Reading database ... 55%
2026-09-30T11:11:44.7552096Z (Reading database ... 60%
2026-09-30T11:11:44.7552537Z (Reading database ... 65%
2026-09-30T11:11:44.7552983Z (Reading database ... 70%
2026-09-30T11:11:44.7553437Z (Reading database ... 75%
2026-09-30T11:11:44.7553881Z (Reading database ... 80%
2026-09-30T11:11:44.7554338Z (Reading database ... 85%
2026-09-30T11:11:44.7554789Z (Reading database ... 90%
2026-09-30T11:11:44.7555225Z (Reading database ... 95%
2026-09-30T11:11:44.7555677Z (Reading database ... 100%
2026-09-30T11:11:44.7556313Z (Reading database ... 7288 files and directories currently installed.)
2026-09-30T11:11:44.7557403Z #7 6.681 Preparing to unpack .../0-python3-minimal_3.9.2-3_amd64.deb ...
2026-09-30T11:11:44.7558207Z #7 6.681 Unpacking python3-minimal (3.9.2-3) ...
2026-09-30T11:11:44.7558926Z #7 6.701 Selecting previously unselected package media-types.
2026-09-30T11:11:44.7559953Z #7 6.702 Preparing to unpack .../1-media-types_4.0.0_all.deb ...
2026-09-30T11:11:44.7560656Z #7 6.703 Unpacking media-types (4.0.0) ...
2026-09-30T11:11:44.7561366Z #7 6.720 Selecting previously unselected package libmpdec3:amd64.
2026-09-30T11:11:44.7562175Z #7 6.721 Preparing to unpack .../2-libmpdec3_2.5.1-1_amd64.deb ...
2026-09-30T11:11:44.7562906Z #7 6.722 Unpacking libmpdec3:amd64 (2.5.1-1) ...
2026-09-30T11:11:44.7563644Z #7 6.745 Selecting previously unselected package libncursesw6:amd64.
2026-09-30T11:11:44.7564575Z #7 6.746 Preparing to unpack .../3-libncursesw6_6.2+20201114-2+deb11u2_amd64.deb ...
2026-09-30T11:11:44.7565489Z #7 6.748 Unpacking libncursesw6:amd64 (6.2+20201114-2+deb11u2) ...
2026-09-30T11:11:44.7566327Z #7 6.771 Selecting previously unselected package readline-common.
2026-09-30T11:11:44.7567201Z #7 6.773 Preparing to unpack .../4-readline-common_8.1-1_all.deb ...
2026-09-30T11:11:44.7567949Z #7 6.774 Unpacking readline-common (8.1-1) ...
2026-09-30T11:11:44.7568678Z #7 6.795 Selecting previously unselected package libreadline8:amd64.
2026-09-30T11:11:44.8683388Z #7 6.797 Preparing to unpack .../5-libreadline8_8.1-1_amd64.deb ...
2026-09-30T11:11:44.8684094Z #7 6.798 Unpacking libreadline8:amd64 (8.1-1) ...
2026-09-30T11:11:44.8684730Z #7 6.838 Selecting previously unselected package libsqlite3-0:amd64.
2026-09-30T11:11:44.8685508Z #7 6.840 Preparing to unpack .../6-libsqlite3-0_3.34.1-3+deb11u1_amd64.deb ...
2026-09-30T11:11:44.8686203Z #7 6.841 Unpacking libsqlite3-0:amd64 (3.34.1-3+deb11u1) ...
2026-09-30T11:11:44.8686887Z #7 6.918 Selecting previously unselected package libpython3.9-stdlib:amd64.
2026-09-30T11:11:44.9980568Z #7 6.920 Preparing to unpack .../7-libpython3.9-stdlib_3.9.2-1+deb11u7_amd64.deb ...
2026-09-30T11:11:44.9985940Z #7 6.921 Unpacking libpython3.9-stdlib:amd64 (3.9.2-1+deb11u7) ...
2026-09-30T11:11:45.0976806Z #7 7.097 Selecting previously unselected package python3.9.
2026-09-30T11:11:45.0977397Z #7 7.099 Preparing to unpack .../8-python3.9_3.9.2-1+deb11u7_amd64.deb ...
2026-09-30T11:11:45.0978189Z #7 7.100 Unpacking python3.9 (3.9.2-1+deb11u7) ...
2026-09-30T11:11:45.0978987Z #7 7.126 Selecting previously unselected package libpython3-stdlib:amd64.
2026-09-30T11:11:45.0980700Z #7 7.127 Preparing to unpack .../9-libpython3-stdlib_3.9.2-3_amd64.deb ...
2026-09-30T11:11:45.0981525Z #7 7.128 Unpacking libpython3-stdlib:amd64 (3.9.2-3) ...
2026-09-30T11:11:45.0982195Z #7 7.148 Setting up python3-minimal (3.9.2-3) ...
2026-09-30T11:11:45.3485414Z #7 7.312 Selecting previously unselected package python3.
2026-09-30T11:11:45.3490339Z #7 7.312 (Reading database ... 
2026-09-30T11:11:45.3490970Z (Reading database ... 5%
2026-09-30T11:11:45.3492683Z (Reading database ... 10%
2026-09-30T11:11:45.3493220Z (Reading database ... 15%
2026-09-30T11:11:45.3493697Z (Reading database ... 20%
2026-09-30T11:11:45.3494156Z (Reading database ... 25%
2026-09-30T11:11:45.3494895Z (Reading database ... 30%
2026-09-30T11:11:45.3495322Z (Reading database ... 35%
2026-09-30T11:11:45.3495739Z (Reading database ... 40%
2026-09-30T11:11:45.3496148Z (Reading database ... 45%
2026-09-30T11:11:45.3496551Z (Reading database ... 50%
2026-09-30T11:11:45.3496950Z (Reading database ... 55%
2026-09-30T11:11:45.3497355Z (Reading database ... 60%
2026-09-30T11:11:45.3497760Z (Reading database ... 65%
2026-09-30T11:11:45.3498169Z (Reading database ... 70%
2026-09-30T11:11:45.3498581Z (Reading database ... 75%
2026-09-30T11:11:45.3498984Z (Reading database ... 80%
2026-09-30T11:11:45.3499661Z (Reading database ... 85%
2026-09-30T11:11:45.3500075Z (Reading database ... 90%
2026-09-30T11:11:45.3500490Z (Reading database ... 95%
2026-09-30T11:11:45.3500900Z (Reading database ... 100%
2026-09-30T11:11:45.3501690Z (Reading database ... 7727 files and directories currently installed.)
2026-09-30T11:11:45.3502513Z #7 7.319 Preparing to unpack .../python3_3.9.2-3_amd64.deb ...
2026-09-30T11:11:45.3503150Z #7 7.323 Unpacking python3 (3.9.2-3) ...
2026-09-30T11:11:45.3503665Z #7 7.340 Setting up media-types (4.0.0) ...
2026-09-30T11:11:45.3504277Z #7 7.347 Setting up libsqlite3-0:amd64 (3.34.1-3+deb11u1) ...
2026-09-30T11:11:45.3504989Z #7 7.364 Setting up libncursesw6:amd64 (6.2+20201114-2+deb11u2) ...
2026-09-30T11:11:45.3505659Z #7 7.378 Setting up libmpdec3:amd64 (2.5.1-1) ...
2026-09-30T11:11:45.3506230Z #7 7.385 Setting up readline-common (8.1-1) ...
2026-09-30T11:11:45.5189697Z #7 7.399 Setting up libreadline8:amd64 (8.1-1) ...
2026-09-30T11:11:45.5190602Z #7 7.410 Setting up libpython3.9-stdlib:amd64 (3.9.2-1+deb11u7) ...
2026-09-30T11:11:45.5191429Z #7 7.414 Setting up libpython3-stdlib:amd64 (3.9.2-3) ...
2026-09-30T11:11:45.5192126Z #7 7.419 Setting up python3.9 (3.9.2-1+deb11u7) ...
2026-09-30T11:11:46.0392774Z #7 8.089 Setting up python3 (3.9.2-3) ...
2026-09-30T11:11:46.2883027Z #7 8.096 running python rtupdate hooks for python3.9...
2026-09-30T11:11:46.2884120Z #7 8.096 running python post-rtupdate hooks for python3.9...
2026-09-30T11:11:46.2885274Z #7 8.188 Processing triggers for libc-bin (2.31-13+deb11u11) ...
2026-09-30T11:11:46.3461590Z #7 DONE 8.4s
2026-09-30T11:11:46.3462657Z 
2026-09-30T11:11:46.3463928Z #6 [dotnet 1/1] FROM mcr.microsoft.com/dotnet/sdk:8.0@sha256:78235e09001f52b6592c458ac010775ebac6725422e80cd0c1650590f67b2743
2026-09-30T11:11:46.3465897Z #6 extracting sha256:02d75287a8c84be5fb8ec4accd5dbe410bd88e292e3054557f634bef8e1104a5 3.5s done
2026-09-30T11:11:46.4517487Z #6 extracting sha256:18759a18c67f9dda8fc596ea63f99f17f21f60f49d98284f4ef8b3f34fd333dd 0.1s
2026-09-30T11:11:46.5855236Z #6 extracting sha256:18759a18c67f9dda8fc596ea63f99f17f21f60f49d98284f4ef8b3f34fd333dd 0.1s done
2026-09-30T11:11:46.5857628Z #6 extracting sha256:c9867add3f434b3939909dceb264b615b00974f2098481c3a79269d737c31977 done
2026-09-30T11:11:46.5859221Z #6 extracting sha256:7fb0f141c3bbfe15e5003b6d537c15abc9dc0af9aa321940189af1440d099770 0.1s
2026-09-30T11:11:46.7896873Z #6 extracting sha256:7fb0f141c3bbfe15e5003b6d537c15abc9dc0af9aa321940189af1440d099770 0.3s done
2026-09-30T11:11:46.9927328Z #6 DONE 12.1s
2026-09-30T11:11:47.6432549Z 
2026-09-30T11:11:47.6433221Z #8 [stage-1 3/3] COPY --from=dotnet /usr/share/dotnet /usr/share/dotnet
2026-09-30T11:11:49.6567596Z #8 DONE 2.0s
2026-09-30T11:11:49.8085725Z 
2026-09-30T11:11:49.8100501Z #9 exporting to image
2026-09-30T11:11:49.8101014Z #9 exporting layers
2026-09-30T11:11:51.3992960Z #9 exporting layers 1.7s done
2026-09-30T11:11:51.4157195Z #9 writing image sha256:89149dc1b5050bd4219545249e30083a07d557ee3b1f31f590153d561cffa092 done
2026-09-30T11:11:51.4158261Z #9 naming to docker.io/library/litedb-admission-glibc231 done
2026-09-30T11:11:51.4158951Z #9 DONE 1.7s
2026-09-30T11:11:51.8798971Z .NET SDK:
2026-09-30T11:11:51.8800386Z  Version:           8.0.425
2026-09-30T11:11:51.8804136Z  Commit:            4a98f641c7
2026-09-30T11:11:51.9399991Z  Workload version:  8.0.400-manifests.ac071bc2
2026-09-30T11:11:51.9408688Z  MSBuild version:   17.11.48+02bf66295
2026-09-30T11:11:51.9409763Z 
2026-09-30T11:11:51.9409944Z Runtime Environment:
2026-09-30T11:11:51.9417373Z  OS Name:     debian
2026-09-30T11:11:51.9417942Z  OS Version:  11
2026-09-30T11:11:51.9441198Z  OS Platform: Linux
2026-09-30T11:11:51.9518040Z  RID:         linux-x64
2026-09-30T11:11:51.9519126Z  Base Path:   /usr/share/dotnet/sdk/8.0.425/
2026-09-30T11:11:51.9520404Z 
2026-09-30T11:11:51.9520899Z .NET workloads installed:
2026-09-30T11:11:51.9546352Z Configured to use loose manifests when installing new manifests.
2026-09-30T11:11:51.9547119Z There are no installed workloads to display.
2026-09-30T11:11:51.9554167Z 
2026-09-30T11:11:51.9554591Z Host:
2026-09-30T11:11:51.9555010Z   Version:      8.0.31
2026-09-30T11:11:51.9555439Z   Architecture: x64
2026-09-30T11:11:51.9555848Z   Commit:       1219a42122
2026-09-30T11:11:51.9556045Z 
2026-09-30T11:11:51.9556407Z .NET SDKs installed:
2026-09-30T11:11:51.9556717Z   8.0.425 [/usr/share/dotnet/sdk]
2026-09-30T11:11:51.9556931Z 
2026-09-30T11:11:51.9557064Z .NET runtimes installed:
2026-09-30T11:11:51.9557592Z   Microsoft.AspNetCore.App 8.0.31 [/usr/share/dotnet/shared/Microsoft.AspNetCore.App]
2026-09-30T11:11:51.9558296Z   Microsoft.NETCore.App 8.0.31 [/usr/share/dotnet/shared/Microsoft.NETCore.App]
2026-09-30T11:11:51.9558721Z 
2026-09-30T11:11:51.9558883Z Other architectures found:
2026-09-30T11:11:51.9559177Z   None
2026-09-30T11:11:51.9559538Z 
2026-09-30T11:11:51.9559697Z Environment variables:
2026-09-30T11:11:51.9559980Z   DOTNET_ROOT       [/usr/share/dotnet]
2026-09-30T11:11:51.9560224Z 
2026-09-30T11:11:51.9560365Z global.json file:
2026-09-30T11:11:51.9560693Z   Not found
2026-09-30T11:11:51.9560851Z 
2026-09-30T11:11:51.9561000Z Learn more:
2026-09-30T11:11:51.9561323Z   https://aka.ms/dotnet/info
2026-09-30T11:11:51.9561531Z 
2026-09-30T11:11:51.9561663Z Download .NET:
2026-09-30T11:11:51.9561966Z   https://aka.ms/dotnet/download
2026-09-30T11:11:52.5560551Z An issue was encountered verifying workloads. For more information, run "dotnet workload update".
2026-09-30T11:11:52.6269082Z VSTest version 17.11.1 (x64)
2026-09-30T11:11:52.6328764Z 
2026-09-30T11:11:54.6199968Z Running native selection partition: handles
2026-09-30T11:11:54.9036913Z An issue was encountered verifying workloads. For more information, run "dotnet workload update".
2026-09-30T11:11:54.9717840Z VSTest version 17.11.1 (x64)
2026-09-30T11:11:54.9775685Z 
2026-09-30T11:11:55.0755204Z Starting test execution, please wait...
2026-09-30T11:11:55.1048222Z A total of 1 test files matched the specified pattern.
2026-09-30T11:12:32.0807001Z Results File: /results/NativeAdmission-glibc231-x64-handles.trx
2026-09-30T11:12:32.0808599Z 
2026-09-30T11:12:32.0852672Z Passed!  - Failed:     0, Passed:   237, Skipped:     0, Total:   237, Duration: 35 s - LiteDB.Tests.dll (net8.0)
2026-09-30T11:12:32.1808676Z Running native selection partition: admission
2026-09-30T11:12:32.5218915Z An issue was encountered verifying workloads. For more information, run "dotnet workload update".
2026-09-30T11:12:32.5939836Z VSTest version 17.11.1 (x64)
2026-09-30T11:12:32.5995980Z 
2026-09-30T11:12:32.6912291Z Starting test execution, please wait...
2026-09-30T11:12:32.7196159Z A total of 1 test files matched the specified pattern.
2026-09-30T11:13:35.0122193Z Results File: /results/NativeAdmission-glibc231-x64-admission.trx
2026-09-30T11:13:35.0126062Z 
2026-09-30T11:13:35.0169844Z Passed!  - Failed:     0, Passed:   202, Skipped:     0, Total:   202, Duration: 1 m - LiteDB.Tests.dll (net8.0)
2026-09-30T11:13:35.1239760Z Running native selection partition: remaining
2026-09-30T11:13:35.4538509Z An issue was encountered verifying workloads. For more information, run "dotnet workload update".
2026-09-30T11:13:35.5246439Z VSTest version 17.11.1 (x64)
2026-09-30T11:13:35.5302239Z 
2026-09-30T11:13:35.6292784Z Starting test execution, please wait...
2026-09-30T11:13:35.6571390Z A total of 1 test files matched the specified pattern.
2026-09-30T11:13:40.1508174Z [xUnit.net 00:00:04.13]     LiteDB.Tests.Engine.Rebuild_Tests.Rebuild_Change_Culture_Error [SKIP]
2026-09-30T11:13:40.3141581Z   Skipped LiteDB.Tests.Engine.Rebuild_Tests.Rebuild_Change_Culture_Error [1 ms]
2026-09-30T11:13:57.3021471Z [xUnit.net 00:00:21.28]     LiteDB.Tests.Engine.SharedAdmissionLifetime_Tests.Open_retains_admission_when_a_callback_disposes_the_connection [FAIL]
2026-09-30T11:13:58.7522700Z   Failed LiteDB.Tests.Engine.SharedAdmissionLifetime_Tests.Open_retains_admission_when_a_callback_disposes_the_connection [46 ms]
2026-09-30T11:13:58.7526503Z   Error Message:
2026-09-30T11:13:58.7527403Z    Expected a <System.IO.IOException> to be thrown, but found <System.InvalidOperationException>:
2026-09-30T11:13:58.7528729Z System.InvalidOperationException: Cannot close a shared connection from inside its executing operation.
2026-09-30T11:13:58.7530977Z    at LiteDB.SharedEngine.Dispose(Boolean disposing) in __CI_WORKSPACE__/LiteDB/Client/Shared/SharedEngine.Disposal.cs:line 20
2026-09-30T11:13:58.7532679Z    at LiteDB.SharedEngine.Dispose() in __CI_WORKSPACE__/LiteDB/Client/Shared/SharedEngine.cs:line 440
2026-09-30T11:13:58.7535092Z    at LiteDB.Tests.Engine.SharedAdmissionLifetime_Tests.<>c__DisplayClass1_0.<Open_retains_admission_when_a_callback_disposes_the_connection>b__1() in __CI_WORKSPACE__/LiteDB.Tests/Engine/SharedAdmissionLifetime_Tests.cs:line 78
2026-09-30T11:13:58.7537669Z    at LiteDB.SharedEngine.CreateEngine(Boolean recoveredAbandonedOwner, EngineSettings settings) in __CI_WORKSPACE__/LiteDB/Client/Shared/SharedEngine.cs:line 158
2026-09-30T11:13:58.7540058Z    at LiteDB.SharedEngine.OpenEngine(Boolean recoveredAbandonedOwner, Boolean final, Boolean writing) in __CI_WORKSPACE__/LiteDB/Client/Shared/SharedEngine.Coordination.cs:line 41
2026-09-30T11:13:58.7542799Z    at LiteDB.SharedEngine.OpenDatabase(Boolean scoped, Boolean writing, CancellationToken closing, TransactionAdmission admission) in __CI_WORKSPACE__/LiteDB/Client/Shared/SharedEngine.cs:line 134
2026-09-30T11:13:58.7545247Z    at LiteDB.SharedEngine.<>c__DisplayClass7_0`1.<QueryDatabase>b__0() in __CI_WORKSPACE__/LiteDB/Client/Shared/SharedEngine.Calls.cs:line 44
2026-09-30T11:13:58.7547369Z    at LiteDB.SharedEngine.Call[T](Func`1 call) in __CI_WORKSPACE__/LiteDB/Client/Shared/SharedEngine.Calls.cs:line 61
2026-09-30T11:13:58.7549101Z    at LiteDB.SharedEngine.QueryDatabase[T](Func`1 Query) in __CI_WORKSPACE__/LiteDB/Client/Shared/SharedEngine.Calls.cs:line 42
2026-09-30T11:13:58.7551080Z    at LiteDB.SharedEngine.Pragma(String name) in __CI_WORKSPACE__/LiteDB/Client/Shared/SharedEngine.cs:line 345
2026-09-30T11:13:58.7553467Z    at LiteDB.Tests.Engine.SharedAdmissionLifetime_Tests.<>c__DisplayClass1_0.<Open_retains_admission_when_a_callback_disposes_the_connection>b__2() in __CI_WORKSPACE__/LiteDB.Tests/Engine/SharedAdmissionLifetime_Tests.cs:line 82
2026-09-30T11:13:58.7554786Z    at FluentAssertions.Specialized.DelegateAssertions`2.InvokeSubjectWithInterception().
2026-09-30T11:13:58.7555300Z   Stack Trace:
2026-09-30T11:13:58.7555708Z      at FluentAssertions.Execution.XUnit2TestFramework.Throw(String message)
2026-09-30T11:13:58.7556327Z    at FluentAssertions.Execution.TestFrameworkProvider.Throw(String message)
2026-09-30T11:13:58.7556969Z    at FluentAssertions.Execution.DefaultAssertionStrategy.HandleFailure(String message)
2026-09-30T11:13:58.7557635Z    at FluentAssertions.Execution.AssertionScope.FailWith(Func`1 failReasonFunc)
2026-09-30T11:13:58.7558502Z    at FluentAssertions.Specialized.DelegateAssertionsBase`2.ThrowInternal[TException](Exception exception, String because, Object[] becauseArgs)
2026-09-30T11:13:58.7559751Z    at FluentAssertions.Specialized.DelegateAssertions`2.Throw[TException](String because, Object[] becauseArgs)
2026-09-30T11:13:58.7560983Z    at LiteDB.Tests.Engine.SharedAdmissionLifetime_Tests.Open_retains_admission_when_a_callback_disposes_the_connection() in __CI_WORKSPACE__/LiteDB.Tests/Engine/SharedAdmissionLifetime_Tests.cs:line 83
2026-09-30T11:13:58.7563375Z    at System.RuntimeMethodHandle.InvokeMethod(Object target, Void** arguments, Signature sig, Boolean isConstructor)
2026-09-30T11:13:58.7564186Z    at System.Reflection.MethodBaseInvoker.InvokeWithNoArgs(Object obj, BindingFlags invokeAttr)
2026-09-30T11:14:00.9250793Z Results File: /results/NativeAdmission-glibc231-x64-remaining.trx
2026-09-30T11:14:00.9253356Z 
2026-09-30T11:14:00.9299852Z Failed!  - Failed:     1, Passed:   217, Skipped:     1, Total:   219, Duration: 23 s - LiteDB.Tests.dll (net8.0)
2026-09-30T11:14:01.0282296Z ##[error]Process completed with exit code 1.
2026-09-30T11:14:01.0372243Z ##[group]Run actions/upload-artifact@v4
2026-09-30T11:14:01.0372591Z with:
2026-09-30T11:14:01.0372857Z   name: test-results-test-native-glibc231-0
2026-09-30T11:14:01.0374050Z   path: LiteDB.Tests/TestResults/NativeAdmission-glibc231-*.trx
LiteDB.Tests/TestResults/NativeAdmission-bind-*
LiteDB.Tests/TestResults/evidence-leg.json
LiteDB.Tests/TestResults/discovered-tests.txt
LiteDB.Tests/TestResults/native-partitions.json

2026-09-30T11:14:01.0375236Z   if-no-files-found: warn
2026-09-30T11:14:01.0375516Z   compression-level: 6
2026-09-30T11:14:01.0375778Z   overwrite: false
2026-09-30T11:14:01.0376038Z   include-hidden-files: false
2026-09-30T11:14:01.0376310Z env:
2026-09-30T11:14:01.0376783Z   LITEDB_RETAINED_FIXTURES: __CI_WORKSPACE__/LiteDB.Tests/TestResults/retained-fixtures
2026-09-30T11:14:01.0377329Z ##[endgroup]
2026-09-30T11:14:01.2163426Z (node:9015) [DEP0040] DeprecationWarning: The `punycode` module is deprecated. Please use a userland alternative instead.
2026-09-30T11:14:01.2164204Z (Use `node --trace-deprecation ...` to show where the warning was created)
2026-09-30T11:14:01.2251797Z With the provided path, there will be 6 files uploaded
2026-09-30T11:14:01.2252695Z Artifact name is valid!
2026-09-30T11:14:01.2253142Z Root directory input is valid!
2026-09-30T11:14:01.5869916Z Beginning upload of artifact content to blob storage
2026-09-30T11:14:01.6301250Z (node:9015) [DEP0169] DeprecationWarning: `url.parse()` behavior is not standardized and prone to errors that have security implications. Use the WHATWG URL API instead. CVEs are not issued for `url.parse()` vulnerabilities.
2026-09-30T11:14:02.0697743Z Uploaded bytes 161454
2026-09-30T11:14:02.1416879Z Finished uploading artifact content to blob storage!
2026-09-30T11:14:02.1418033Z SHA256 digest of uploaded artifact zip is 8a895b370955a687f6496328601785ff46aaa7d3884874d8b4471128107ae12b
2026-09-30T11:14:02.1420126Z Finalizing artifact upload
2026-09-30T11:14:02.4170695Z Artifact test-results-test-native-glibc231-0.zip successfully finalized. Artifact ID 11092118178
2026-09-30T11:14:02.4172848Z Artifact test-results-test-native-glibc231-0 has been successfully uploaded! Final size is 161454 bytes. Artifact ID is 11092118178
2026-09-30T11:14:02.4180271Z Artifact download URL: https://github.com/JKamsker/LiteDB/actions/runs/36705044676/artifacts/11092118178
2026-09-30T11:14:02.4328341Z ##[group]Run actions/upload-artifact@v4
2026-09-30T11:14:02.4328684Z with:
2026-09-30T11:14:02.4328968Z   name: retained-fixtures-glibc-ubuntu-latest
2026-09-30T11:14:02.4329614Z   path: LiteDB.Tests/TestResults/retained-fixtures/
2026-09-30T11:14:02.4330040Z   if-no-files-found: ignore
2026-09-30T11:14:02.4330321Z   compression-level: 6
2026-09-30T11:14:02.4330579Z   overwrite: false
2026-09-30T11:14:02.4330854Z   include-hidden-files: false
2026-09-30T11:14:02.4331130Z env:
2026-09-30T11:14:02.4331610Z   LITEDB_RETAINED_FIXTURES: __CI_WORKSPACE__/LiteDB.Tests/TestResults/retained-fixtures
2026-09-30T11:14:02.4332132Z ##[endgroup]
2026-09-30T11:14:02.6110376Z (node:9027) [DEP0040] DeprecationWarning: The `punycode` module is deprecated. Please use a userland alternative instead.
2026-09-30T11:14:02.6111759Z (Use `node --trace-deprecation ...` to show where the warning was created)
2026-09-30T11:14:02.6128510Z No files were found with the provided path: LiteDB.Tests/TestResults/retained-fixtures/. No artifacts will be uploaded.
2026-09-30T11:14:02.6390498Z Post job cleanup.
2026-09-30T11:14:02.7327178Z [command]/usr/bin/git version
2026-09-30T11:14:02.7375550Z git version 2.55.0
2026-09-30T11:14:02.7421034Z Temporarily overriding HOME='__CI_HOME__/work/_temp/5be4617a-1eb6-42d0-b158-afb7405c47e3' before making global git config changes
2026-09-30T11:14:02.7422236Z Adding repository directory to the temporary git global config as a safe directory
2026-09-30T11:14:02.7427727Z [command]/usr/bin/git config --global --add safe.directory __CI_WORKSPACE__
2026-09-30T11:14:02.7470395Z [command]/usr/bin/git config --local --name-only --get-regexp core\.sshCommand
2026-09-30T11:14:02.7507295Z [command]/usr/bin/git submodule foreach --recursive sh -c "git config --local --name-only --get-regexp 'core\.sshCommand' && git config --local --unset-all 'core.sshCommand' || :"
2026-09-30T11:14:02.7777475Z [command]/usr/bin/git config --local --name-only --get-regexp http\.https\:\/\/github\.com\/\.extraheader
2026-09-30T11:14:02.7810104Z http.https://github.com/.extraheader
2026-09-30T11:14:02.7822407Z [command]/usr/bin/git config --local --unset-all http.https://github.com/.extraheader
2026-09-30T11:14:02.7865531Z [command]/usr/bin/git submodule foreach --recursive sh -c "git config --local --name-only --get-regexp 'http\.https\:\/\/github\.com\/\.extraheader' && git config --local --unset-all 'http.https://github.com/.extraheader' || :"
2026-09-30T11:14:02.8132402Z [command]/usr/bin/git config --local --name-only --get-regexp ^includeIf\.gitdir:
2026-09-30T11:14:02.8182013Z [command]/usr/bin/git submodule foreach --recursive git config --local --show-origin --name-only --get-regexp remote.origin.url
2026-09-30T11:14:02.8646977Z Cleaning up orphan processes
2026-09-30T11:14:02.8974603Z ##[warning]Node.js 20 is deprecated. The following actions target Node.js 20 but are being forced to run on Node.js 24: actions/checkout@v4, actions/download-artifact@v4, actions/upload-artifact@v4. For more information see: https://github.blog/changelog/2025-09-19-deprecation-of-node-20-on-github-actions-runners/
