2026-09-30T10:58:41.1626952Z Current runner version: '2.337.0'
2026-09-30T10:58:41.1652592Z ##[group]Runner Image Provisioner
2026-09-30T10:58:41.1653453Z Hosted Compute Agent
2026-09-30T10:58:41.1654019Z Version: 20260828.587
2026-09-30T10:58:41.1654602Z Commit: abac92662cab4cc7352de4f9f9d2e2419aad9c29
2026-09-30T10:58:41.1655315Z Build Date: 2026-08-28T16:44:25Z
2026-09-30T10:58:41.1655946Z Worker ID: {b3c9f1a3-b7c1-411e-b722-ca2b0cc09fbd}
2026-09-30T10:58:41.1656630Z Azure Region: westcentralus
2026-09-30T10:58:41.1657242Z ##[endgroup]
2026-09-30T10:58:41.1658697Z ##[group]Operating System
2026-09-30T10:58:41.1659343Z Microsoft Windows Server 2022
2026-09-30T10:58:41.1659922Z 10.0.20348
2026-09-30T10:58:41.1660436Z Datacenter
2026-09-30T10:58:41.1660938Z ##[endgroup]
2026-09-30T10:58:41.1661424Z ##[group]Runner Image
2026-09-30T10:58:41.1661976Z Image: windows-2022
2026-09-30T10:58:41.1662486Z Version: 20260920.314.1
2026-09-30T10:58:41.1663928Z Included Software: https://github.com/actions/runner-images/blob/win22/20260920.314/images/windows/Windows2022-Readme.md
2026-09-30T10:58:41.1665410Z Image Release: https://github.com/actions/runner-images/releases/tag/win22%2F20260920.314
2026-09-30T10:58:41.1666363Z ##[endgroup]
2026-09-30T10:58:41.1669584Z ##[group]GITHUB_TOKEN Permissions
2026-09-30T10:58:41.1671729Z Actions: write
2026-09-30T10:58:41.1672314Z ArtifactMetadata: write
2026-09-30T10:58:41.1672927Z Attestations: write
2026-09-30T10:58:41.1673468Z Checks: write
2026-09-30T10:58:41.1674002Z CodeQuality: write
2026-09-30T10:58:41.1674537Z Contents: write
2026-09-30T10:58:41.1675071Z CopilotRequests: write
2026-09-30T10:58:41.1675622Z Deployments: write
2026-09-30T10:58:41.1676145Z Discussions: write
2026-09-30T10:58:41.1676660Z Drives: write
2026-09-30T10:58:41.1677171Z Issues: write
2026-09-30T10:58:41.1677682Z Metadata: read
2026-09-30T10:58:41.1678228Z Models: read
2026-09-30T10:58:41.1678754Z Packages: write
2026-09-30T10:58:41.1679286Z Pages: write
2026-09-30T10:58:41.1679842Z PullRequests: write
2026-09-30T10:58:41.1680374Z RepositoryProjects: write
2026-09-30T10:58:41.1680919Z SecurityEvents: write
2026-09-30T10:58:41.1681449Z Statuses: write
2026-09-30T10:58:41.1681981Z VulnerabilityAlerts: read
2026-09-30T10:58:41.1682520Z ##[endgroup]
2026-09-30T10:58:41.1684698Z Secret source: Actions
2026-09-30T10:58:41.1685572Z Cache mode: write
2026-09-30T10:58:41.1686263Z Prepare workflow directory
2026-09-30T10:58:41.2297089Z Prepare all required actions
2026-09-30T10:58:41.2344108Z Getting action download info
2026-09-30T10:58:41.5817347Z Download action repository 'actions/checkout@v4' (SHA:11d5960a326750d5838078e36cf38b85af677262)
2026-09-30T10:58:41.7010696Z Download action repository 'actions/setup-dotnet@v4' (SHA:67a3573c9a986a3f9c594539f4ab511d57bb3ce9)
2026-09-30T10:58:42.2755548Z Download action repository 'actions/upload-artifact@v4' (SHA:ea165f8d65b6e75b540449e92b4886f43607fa02)
2026-09-30T10:58:42.5911921Z Uses: JKamsker/LiteDB/.github/workflows/_reusable-ci.yml@refs/pull/133/merge (3f614aa69b15771ed1a63b8b8796172fae8b6648)
2026-09-30T10:58:42.5917683Z ##[group] Inputs
2026-09-30T10:58:42.5918593Z   tier: full
2026-09-30T10:58:42.5923142Z   sdk-matrix: [
  { "display": ".NET 8", "runtimeMajor": 8,  "sdk": "8.0.x",           "framework": "net8.0", "includePrerelease": false, "msbuildProps": "" },
  { "display": ".NET 9", "runtimeMajor": 9,  "sdk": "9.0.x\n8.0.x",    "framework": "net8.0", "includePrerelease": true,  "msbuildProps": "" },
  { "display": ".NET 10", "runtimeMajor": 10, "sdk": "10.0.x",          "framework": "net10.0", "includePrerelease": false, "msbuildProps": "" }
]

2026-09-30T10:58:42.5927835Z ##[endgroup]
2026-09-30T10:58:42.5928842Z Complete job name: build-and-test / Test (Windows net481)
2026-09-30T10:58:42.7551373Z ##[group]Run actions/checkout@v4
2026-09-30T10:58:42.7552854Z with:
2026-09-30T10:58:42.7553682Z   repository: JKamsker/LiteDB
2026-09-30T10:58:42.7561070Z   token: ***
2026-09-30T10:58:42.7561868Z   ssh-strict: true
2026-09-30T10:58:42.7564500Z   ssh-user: git
2026-09-30T10:58:42.7565361Z   persist-credentials: true
2026-09-30T10:58:42.7566269Z   clean: true
2026-09-30T10:58:42.7567121Z   sparse-checkout-cone-mode: true
2026-09-30T10:58:42.7568115Z   fetch-depth: 1
2026-09-30T10:58:42.7568922Z   fetch-tags: false
2026-09-30T10:58:42.7569772Z   show-progress: true
2026-09-30T10:58:42.7570615Z   lfs: false
2026-09-30T10:58:42.7571402Z   submodules: false
2026-09-30T10:58:42.7572241Z   set-safe-directory: true
2026-09-30T10:58:42.7573169Z   allow-unsafe-pr-checkout: false
2026-09-30T10:58:42.7574451Z env:
2026-09-30T10:58:42.7575716Z   LITEDB_RETAINED_FIXTURES: __CI_WORKSPACE__/LiteDB.Tests/TestResults/retained-fixtures
2026-09-30T10:58:42.7577375Z   XUNIT_RUNNER_VERSION: 2.9.2
2026-09-30T10:58:42.7578348Z   LITEDB_EXPECTED_RUNTIME_MAJOR: 4
2026-09-30T10:58:42.7579361Z ##[endgroup]
2026-09-30T10:58:42.8983826Z Syncing repository: JKamsker/LiteDB
2026-09-30T10:58:42.8986556Z ##[group]Getting Git version info
2026-09-30T10:58:42.8987927Z Working directory is '__CI_HOME__/work\LiteDB\LiteDB'
2026-09-30T10:58:42.9968871Z [command]"C:\Program Files\Git\bin\git.exe" version
2026-09-30T10:58:43.3615549Z git version 2.55.0.windows.5
2026-09-30T10:58:43.3658301Z ##[endgroup]
2026-09-30T10:58:43.3676984Z Temporarily overriding HOME='__CI_HOME__/work\_temp\748a01de-6f23-4600-9452-63e0771a529e' before making global git config changes
2026-09-30T10:58:43.3681706Z Adding repository directory to the temporary git global config as a safe directory
2026-09-30T10:58:43.3690879Z [command]"C:\Program Files\Git\bin\git.exe" config --global --add safe.directory __CI_WORKSPACE__
2026-09-30T10:58:43.4234480Z Deleting the contents of '__CI_HOME__/work\LiteDB\LiteDB'
2026-09-30T10:58:43.4241714Z ##[group]Initializing the repository
2026-09-30T10:58:43.4253223Z [command]"C:\Program Files\Git\bin\git.exe" init __CI_WORKSPACE__
2026-09-30T10:58:43.5020890Z Initialized empty Git repository in __CI_WORKSPACE__/.git/
2026-09-30T10:58:43.5059313Z [command]"C:\Program Files\Git\bin\git.exe" remote add origin https://github.com/JKamsker/LiteDB
2026-09-30T10:58:43.5652945Z ##[endgroup]
2026-09-30T10:58:43.5654518Z ##[group]Disabling automatic garbage collection
2026-09-30T10:58:43.5661622Z [command]"C:\Program Files\Git\bin\git.exe" config --local gc.auto 0
2026-09-30T10:58:43.5896914Z ##[endgroup]
2026-09-30T10:58:43.5898470Z ##[group]Setting up auth
2026-09-30T10:58:43.5908640Z [command]"C:\Program Files\Git\bin\git.exe" config --local --name-only --get-regexp core\.sshCommand
2026-09-30T10:58:43.6146147Z [command]"C:\Program Files\Git\bin\git.exe" submodule foreach --recursive "sh -c \"git config --local --name-only --get-regexp 'core\.sshCommand' && git config --local --unset-all 'core.sshCommand' || :\""
2026-09-30T10:58:44.8716507Z [command]"C:\Program Files\Git\bin\git.exe" config --local --name-only --get-regexp http\.https\:\/\/github\.com\/\.extraheader
2026-09-30T10:58:44.8956889Z [command]"C:\Program Files\Git\bin\git.exe" submodule foreach --recursive "sh -c \"git config --local --name-only --get-regexp 'http\.https\:\/\/github\.com\/\.extraheader' && git config --local --unset-all 'http.https://github.com/.extraheader' || :\""
2026-09-30T10:58:45.3636489Z [command]"C:\Program Files\Git\bin\git.exe" config --local --name-only --get-regexp ^includeIf\.gitdir:
2026-09-30T10:58:45.3880482Z [command]"C:\Program Files\Git\bin\git.exe" submodule foreach --recursive "git config --local --show-origin --name-only --get-regexp remote.origin.url"
2026-09-30T10:58:45.8466376Z [command]"C:\Program Files\Git\bin\git.exe" config --local http.https://github.com/.extraheader "AUTHORIZATION: basic ***"
2026-09-30T10:58:45.8698180Z ##[endgroup]
2026-09-30T10:58:45.8699367Z ##[group]Fetching the repository
2026-09-30T10:58:45.8713833Z [command]"C:\Program Files\Git\bin\git.exe" -c protocol.version=2 fetch --no-tags --prune --no-recurse-submodules --depth=1 origin +3f614aa69b15771ed1a63b8b8796172fae8b6648:refs/remotes/pull/133/merge
2026-09-30T10:58:47.6147451Z From https://github.com/JKamsker/LiteDB
2026-09-30T10:58:47.6150183Z  * [new ref]         3f614aa69b15771ed1a63b8b8796172fae8b6648 -> pull/133/merge
2026-09-30T10:58:47.6180727Z ##[endgroup]
2026-09-30T10:58:47.6181251Z ##[group]Determining the checkout info
2026-09-30T10:58:47.6183820Z ##[endgroup]
2026-09-30T10:58:47.6198465Z [command]"C:\Program Files\Git\bin\git.exe" sparse-checkout disable
2026-09-30T10:58:47.6591475Z [command]"C:\Program Files\Git\bin\git.exe" config --local --unset-all extensions.worktreeConfig
2026-09-30T10:58:47.6814924Z ##[group]Checking out the ref
2026-09-30T10:58:47.6823471Z [command]"C:\Program Files\Git\bin\git.exe" checkout --progress --force refs/remotes/pull/133/merge
2026-09-30T10:58:48.1050172Z Note: switching to 'refs/remotes/pull/133/merge'.
2026-09-30T10:58:48.1050710Z 
2026-09-30T10:58:48.1051025Z You are in 'detached HEAD' state. You can look around, make experimental
2026-09-30T10:58:48.1052254Z changes and commit them, and you can discard any commits you make in this
2026-09-30T10:58:48.1053334Z state without impacting any branches by switching back to a branch.
2026-09-30T10:58:48.1053676Z 
2026-09-30T10:58:48.1053891Z If you want to create a new branch to retain commits you create, you may
2026-09-30T10:58:48.1054419Z do so (now or later) by using -c with the switch command. Example:
2026-09-30T10:58:48.1054682Z 
2026-09-30T10:58:48.1054789Z   git switch -c <new-branch-name>
2026-09-30T10:58:48.1054985Z 
2026-09-30T10:58:48.1055093Z Or undo this operation with:
2026-09-30T10:58:48.1056194Z 
2026-09-30T10:58:48.1056345Z   git switch -
2026-09-30T10:58:48.1056488Z 
2026-09-30T10:58:48.1056711Z Turn off this advice by setting config variable advice.detachedHead to false
2026-09-30T10:58:48.1057034Z 
2026-09-30T10:58:48.1057404Z HEAD is now at 3f614aa Merge e821ae7479dcb83570031180b0c0e3f4fd167793 into 5dd942a7367c361fadd600be4ce10aace2768b27
2026-09-30T10:58:48.1154242Z ##[endgroup]
2026-09-30T10:58:48.1457601Z [command]"C:\Program Files\Git\bin\git.exe" log -1 --format=%H
2026-09-30T10:58:48.1656141Z 3f614aa69b15771ed1a63b8b8796172fae8b6648
2026-09-30T10:58:48.2097326Z ##[group]Run actions/setup-dotnet@v4
2026-09-30T10:58:48.2097676Z with:
2026-09-30T10:58:48.2097905Z   dotnet-version: 10.0.x
8.0.x

2026-09-30T10:58:48.2098157Z   cache: false
2026-09-30T10:58:48.2098337Z env:
2026-09-30T10:58:48.2098673Z   LITEDB_RETAINED_FIXTURES: __CI_WORKSPACE__/LiteDB.Tests/TestResults/retained-fixtures
2026-09-30T10:58:48.2099108Z   XUNIT_RUNNER_VERSION: 2.9.2
2026-09-30T10:58:48.2099365Z   LITEDB_EXPECTED_RUNTIME_MAJOR: 4
2026-09-30T10:58:48.2099604Z ##[endgroup]
2026-09-30T10:58:48.3744168Z (node:2520) [DEP0040] DeprecationWarning: The `punycode` module is deprecated. Please use a userland alternative instead.
2026-09-30T10:58:48.3745433Z (Use `node --trace-deprecation ...` to show where the warning was created)
2026-09-30T10:58:48.4849592Z [command]"C:\Program Files\PowerShell\7\pwsh.exe" -NoLogo -Sta -NoProfile -NonInteractive -ExecutionPolicy Unrestricted -Command & '__CI_HOME__/work\_actions\actions\setup-dotnet\v4\externals\install-dotnet.ps1' -SkipNonVersionedFiles -Runtime dotnet -Channel LTS
2026-09-30T10:58:49.9007550Z dotnet-install: .NET Core Runtime with version '10.0.12' is already installed.
2026-09-30T10:58:50.0518838Z [command]"C:\Program Files\PowerShell\7\pwsh.exe" -NoLogo -Sta -NoProfile -NonInteractive -ExecutionPolicy Unrestricted -Command & '__CI_HOME__/work\_actions\actions\setup-dotnet\v4\externals\install-dotnet.ps1' -SkipNonVersionedFiles -Channel 10.0
2026-09-30T10:58:51.0147594Z dotnet-install: .NET Core SDK with version '10.0.401' is already installed.
2026-09-30T10:58:51.1575005Z [command]"C:\Program Files\PowerShell\7\pwsh.exe" -NoLogo -Sta -NoProfile -NonInteractive -ExecutionPolicy Unrestricted -Command & '__CI_HOME__/work\_actions\actions\setup-dotnet\v4\externals\install-dotnet.ps1' -SkipNonVersionedFiles -Runtime dotnet -Channel LTS
2026-09-30T10:58:52.0743452Z dotnet-install: .NET Core Runtime with version '10.0.12' is already installed.
2026-09-30T10:58:52.2180301Z [command]"C:\Program Files\PowerShell\7\pwsh.exe" -NoLogo -Sta -NoProfile -NonInteractive -ExecutionPolicy Unrestricted -Command & '__CI_HOME__/work\_actions\actions\setup-dotnet\v4\externals\install-dotnet.ps1' -SkipNonVersionedFiles -Channel 8.0
2026-09-30T10:58:53.1627672Z dotnet-install: .NET Core SDK with version '8.0.425' is already installed.
2026-09-30T10:58:53.2509290Z ##[group]Run dotnet restore LiteDB.Tests/LiteDB.Tests.csproj /p:TestingEnabled=true
2026-09-30T10:58:53.2510015Z [36;1mdotnet restore LiteDB.Tests/LiteDB.Tests.csproj /p:TestingEnabled=true[0m
2026-09-30T10:58:53.2624997Z shell: C:\Program Files\PowerShell\7\pwsh.EXE -command ". '{0}'"
2026-09-30T10:58:53.2625400Z env:
2026-09-30T10:58:53.2625773Z   LITEDB_RETAINED_FIXTURES: __CI_WORKSPACE__/LiteDB.Tests/TestResults/retained-fixtures
2026-09-30T10:58:53.2626232Z   XUNIT_RUNNER_VERSION: 2.9.2
2026-09-30T10:58:53.2626499Z   LITEDB_EXPECTED_RUNTIME_MAJOR: 4
2026-09-30T10:58:53.2626777Z   DOTNET_ROOT: C:\Program Files\dotnet
2026-09-30T10:58:53.2627065Z ##[endgroup]
2026-09-30T10:59:00.1636798Z   Determining projects to restore...
2026-09-30T10:59:03.3049707Z __CI_WORKSPACE__\LiteDB\LiteDB.csproj : warning NU1510: PackageReference System.ComponentModel.TypeConverter will not be pruned. This package is automatically available and does not need to be referenced explicitly. Remove the PackageReference item. [__CI_WORKSPACE__\LiteDB.Tests\LiteDB.Tests.csproj]
2026-09-30T10:59:03.6656077Z   Restored __CI_WORKSPACE__\LiteDB.Tests.SharedMutexHarness\SharedMutexHarness.csproj (in 175 ms).
2026-09-30T10:59:11.2615541Z   Restored __CI_WORKSPACE__\LiteDB\LiteDB.csproj (in 7.95 sec).
2026-09-30T10:59:14.4932142Z   Restored __CI_WORKSPACE__\LiteDB.Tests\LiteDB.Tests.csproj (in 11.24 sec).
2026-09-30T10:59:14.6403678Z ##[group]Run dotnet build LiteDB.Tests/LiteDB.Tests.csproj --configuration Release --framework net481 --no-restore /p:TestingEnabled=true
2026-09-30T10:59:14.6404741Z [36;1mdotnet build LiteDB.Tests/LiteDB.Tests.csproj --configuration Release --framework net481 --no-restore /p:TestingEnabled=true[0m
2026-09-30T10:59:14.6444894Z shell: C:\Program Files\PowerShell\7\pwsh.EXE -command ". '{0}'"
2026-09-30T10:59:14.6445236Z env:
2026-09-30T10:59:14.6445578Z   LITEDB_RETAINED_FIXTURES: __CI_WORKSPACE__/LiteDB.Tests/TestResults/retained-fixtures
2026-09-30T10:59:14.6446004Z   XUNIT_RUNNER_VERSION: 2.9.2
2026-09-30T10:59:14.6446248Z   LITEDB_EXPECTED_RUNTIME_MAJOR: 4
2026-09-30T10:59:14.6446517Z   DOTNET_ROOT: C:\Program Files\dotnet
2026-09-30T10:59:14.6446772Z ##[endgroup]
2026-09-30T10:59:17.3648081Z __CI_WORKSPACE__\LiteDB\LiteDB.csproj : warning NU1510: PackageReference System.ComponentModel.TypeConverter will not be pruned. This package is automatically available and does not need to be referenced explicitly. Remove the PackageReference item. [TargetFramework=netstandard2.0]
2026-09-30T10:59:23.9078418Z ##[warning]__CI_WORKSPACE__\LiteDB\Client\Mapper\BsonMapper.Deserialize.cs(27,39): warning CS8632: The annotation for nullable reference types should only be used in code within a '#nullable' annotations context. [__CI_WORKSPACE__\LiteDB\LiteDB.csproj::TargetFramework=netstandard2.0]
2026-09-30T10:59:23.9087534Z ##[warning]__CI_WORKSPACE__\LiteDB\Engine\FileReader\FileReaderV8.cs(23,29): warning CS0649: Field 'FileReaderV8.PageInfo.PageType' is never assigned to, and will always have its default value [__CI_WORKSPACE__\LiteDB\LiteDB.csproj::TargetFramework=netstandard2.0]
2026-09-30T10:59:23.9090626Z ##[warning]__CI_WORKSPACE__\LiteDB\Engine\LiteEngine.cs(229,37): warning CS1734: XML comment on 'LiteEngine.InvalidDatafileState' has a paramref tag for 'checkpoint', but there is no parameter by that name [__CI_WORKSPACE__\LiteDB\LiteDB.csproj::TargetFramework=netstandard2.0]
2026-09-30T10:59:23.9093513Z ##[warning]__CI_WORKSPACE__\LiteDB\Engine\LiteEngine.cs(232,42): warning CS1734: XML comment on 'LiteEngine.InvalidDatafileState' has a paramref tag for 'final', but there is no parameter by that name [__CI_WORKSPACE__\LiteDB\LiteDB.csproj::TargetFramework=netstandard2.0]
2026-09-30T10:59:23.9689992Z   LiteDB -> __CI_WORKSPACE__\LiteDB\bin\Release\netstandard2.0\LiteDB.dll
2026-09-30T10:59:38.5896388Z ##[warning]__CI_WORKSPACE__\LiteDB.Tests\Issues\Issue2265_Tests.cs(38,20): warning CS8632: The annotation for nullable reference types should only be used in code within a '#nullable' annotations context. [__CI_WORKSPACE__\LiteDB.Tests\LiteDB.Tests.csproj::TargetFramework=net481]
2026-09-30T10:59:38.5910286Z ##[warning]__CI_WORKSPACE__\LiteDB.Tests\Issues\Issue1829Invocation_Tests.cs(91,58): warning CS1718: Comparison made to same variable; did you mean to compare something else? [__CI_WORKSPACE__\LiteDB.Tests\LiteDB.Tests.csproj::TargetFramework=net481]
2026-09-30T10:59:38.5917514Z ##[warning]__CI_WORKSPACE__\LiteDB.Tests\Issues\Issue1829Invocation_Tests.cs(105,57): warning CS1718: Comparison made to same variable; did you mean to compare something else? [__CI_WORKSPACE__\LiteDB.Tests\LiteDB.Tests.csproj::TargetFramework=net481]
2026-09-30T10:59:38.5926608Z ##[warning]__CI_WORKSPACE__\LiteDB.Tests\Internals\CacheAsync_Tests.cs(86,18): warning xUnit1031: Test methods should not use blocking task operations, as they can cause deadlocks. Use an async test method and await instead. (https://xunit.net/xunit.analyzers/rules/xUnit1031) [__CI_WORKSPACE__\LiteDB.Tests\LiteDB.Tests.csproj::TargetFramework=net481]
2026-09-30T10:59:38.5936457Z ##[warning]__CI_WORKSPACE__\LiteDB.Tests\Engine\TransactionHandle_Tests.cs(146,32): warning xUnit1031: Test methods should not use blocking task operations, as they can cause deadlocks. Use an async test method and await instead. (https://xunit.net/xunit.analyzers/rules/xUnit1031) [__CI_WORKSPACE__\LiteDB.Tests\LiteDB.Tests.csproj::TargetFramework=net481]
2026-09-30T10:59:38.5945859Z ##[warning]__CI_WORKSPACE__\LiteDB.Tests\Engine\TransactionHandleSharedPinCancellation_Tests.cs(56,38): warning xUnit1031: Test methods should not use blocking task operations, as they can cause deadlocks. Use an async test method and await instead. (https://xunit.net/xunit.analyzers/rules/xUnit1031) [__CI_WORKSPACE__\LiteDB.Tests\LiteDB.Tests.csproj::TargetFramework=net481]
2026-09-30T10:59:38.5952735Z ##[warning]__CI_WORKSPACE__\LiteDB.Tests\Engine\TransactionHandleSharedPinCancellation_Tests.cs(57,68): warning xUnit1031: Test methods should not use blocking task operations, as they can cause deadlocks. Use an async test method and await instead. (https://xunit.net/xunit.analyzers/rules/xUnit1031) [__CI_WORKSPACE__\LiteDB.Tests\LiteDB.Tests.csproj::TargetFramework=net481]
2026-09-30T10:59:38.5959201Z ##[warning]__CI_WORKSPACE__\LiteDB.Tests\Engine\TransactionHandleSharedPinCancellation_Tests.cs(66,38): warning xUnit1031: Test methods should not use blocking task operations, as they can cause deadlocks. Use an async test method and await instead. (https://xunit.net/xunit.analyzers/rules/xUnit1031) [__CI_WORKSPACE__\LiteDB.Tests\LiteDB.Tests.csproj::TargetFramework=net481]
2026-09-30T10:59:38.5965536Z ##[warning]__CI_WORKSPACE__\LiteDB.Tests\Engine\TransactionHandleSharedAdmission_Tests.cs(48,34): warning xUnit1031: Test methods should not use blocking task operations, as they can cause deadlocks. Use an async test method and await instead. (https://xunit.net/xunit.analyzers/rules/xUnit1031) [__CI_WORKSPACE__\LiteDB.Tests\LiteDB.Tests.csproj::TargetFramework=net481]
2026-09-30T10:59:38.5972132Z ##[warning]__CI_WORKSPACE__\LiteDB.Tests\Engine\TransactionHandleSharedAdmission_Tests.cs(49,64): warning xUnit1031: Test methods should not use blocking task operations, as they can cause deadlocks. Use an async test method and await instead. (https://xunit.net/xunit.analyzers/rules/xUnit1031) [__CI_WORKSPACE__\LiteDB.Tests\LiteDB.Tests.csproj::TargetFramework=net481]
2026-09-30T10:59:38.5978466Z ##[warning]__CI_WORKSPACE__\LiteDB.Tests\Engine\TransactionHandleSharedAdmission_Tests.cs(54,22): warning xUnit1031: Test methods should not use blocking task operations, as they can cause deadlocks. Use an async test method and await instead. (https://xunit.net/xunit.analyzers/rules/xUnit1031) [__CI_WORKSPACE__\LiteDB.Tests\LiteDB.Tests.csproj::TargetFramework=net481]
2026-09-30T10:59:38.5985871Z ##[warning]__CI_WORKSPACE__\LiteDB.Tests\Engine\TransactionHandleSharedAdmission_Tests.cs(91,34): warning xUnit1031: Test methods should not use blocking task operations, as they can cause deadlocks. Use an async test method and await instead. (https://xunit.net/xunit.analyzers/rules/xUnit1031) [__CI_WORKSPACE__\LiteDB.Tests\LiteDB.Tests.csproj::TargetFramework=net481]
2026-09-30T10:59:38.5992176Z ##[warning]__CI_WORKSPACE__\LiteDB.Tests\Engine\TransactionHandleSharedAdmission_Tests.cs(92,64): warning xUnit1031: Test methods should not use blocking task operations, as they can cause deadlocks. Use an async test method and await instead. (https://xunit.net/xunit.analyzers/rules/xUnit1031) [__CI_WORKSPACE__\LiteDB.Tests\LiteDB.Tests.csproj::TargetFramework=net481]
2026-09-30T10:59:38.5998608Z ##[warning]__CI_WORKSPACE__\LiteDB.Tests\Engine\TransactionHandleRawCloseDependency_Tests.cs(33,35): warning xUnit1031: Test methods should not use blocking task operations, as they can cause deadlocks. Use an async test method and await instead. (https://xunit.net/xunit.analyzers/rules/xUnit1031) [__CI_WORKSPACE__\LiteDB.Tests\LiteDB.Tests.csproj::TargetFramework=net481]
2026-09-30T10:59:38.6007226Z ##[warning]__CI_WORKSPACE__\LiteDB.Tests\Engine\TransactionHandleMaintenanceProgress_Tests.cs(81,32): warning xUnit1031: Test methods should not use blocking task operations, as they can cause deadlocks. Use an async test method and await instead. (https://xunit.net/xunit.analyzers/rules/xUnit1031) [__CI_WORKSPACE__\LiteDB.Tests\LiteDB.Tests.csproj::TargetFramework=net481]
2026-09-30T10:59:38.6014825Z ##[warning]__CI_WORKSPACE__\LiteDB.Tests\Engine\TransactionHandleMaintenanceProgress_Tests.cs(111,41): warning xUnit1031: Test methods should not use blocking task operations, as they can cause deadlocks. Use an async test method and await instead. (https://xunit.net/xunit.analyzers/rules/xUnit1031) [__CI_WORKSPACE__\LiteDB.Tests\LiteDB.Tests.csproj::TargetFramework=net481]
2026-09-30T10:59:38.6022197Z ##[warning]__CI_WORKSPACE__\LiteDB.Tests\Engine\TransactionHandleMaintenanceProgress_Tests.cs(157,41): warning xUnit1031: Test methods should not use blocking task operations, as they can cause deadlocks. Use an async test method and await instead. (https://xunit.net/xunit.analyzers/rules/xUnit1031) [__CI_WORKSPACE__\LiteDB.Tests\LiteDB.Tests.csproj::TargetFramework=net481]
2026-09-30T10:59:38.6029299Z ##[warning]__CI_WORKSPACE__\LiteDB.Tests\Engine\TransactionHandleMaintenanceProgress_Tests.cs(190,31): warning xUnit1031: Test methods should not use blocking task operations, as they can cause deadlocks. Use an async test method and await instead. (https://xunit.net/xunit.analyzers/rules/xUnit1031) [__CI_WORKSPACE__\LiteDB.Tests\LiteDB.Tests.csproj::TargetFramework=net481]
2026-09-30T10:59:38.6036173Z ##[warning]__CI_WORKSPACE__\LiteDB.Tests\Issues\Issue2848_Tests.cs(87,89): warning xUnit1031: Test methods should not use blocking task operations, as they can cause deadlocks. Use an async test method and await instead. (https://xunit.net/xunit.analyzers/rules/xUnit1031) [__CI_WORKSPACE__\LiteDB.Tests\LiteDB.Tests.csproj::TargetFramework=net481]
2026-09-30T10:59:38.6042894Z ##[warning]__CI_WORKSPACE__\LiteDB.Tests\Issues\Issue2814_Tests.cs(57,26): warning xUnit1031: Test methods should not use blocking task operations, as they can cause deadlocks. Use an async test method and await instead. (https://xunit.net/xunit.analyzers/rules/xUnit1031) [__CI_WORKSPACE__\LiteDB.Tests\LiteDB.Tests.csproj::TargetFramework=net481]
2026-09-30T10:59:38.6049402Z ##[warning]__CI_WORKSPACE__\LiteDB.Tests\Issues\Issue2814Admission_Tests.cs(56,78): warning xUnit1031: Test methods should not use blocking task operations, as they can cause deadlocks. Use an async test method and await instead. (https://xunit.net/xunit.analyzers/rules/xUnit1031) [__CI_WORKSPACE__\LiteDB.Tests\LiteDB.Tests.csproj::TargetFramework=net481]
2026-09-30T10:59:38.6056493Z ##[warning]__CI_WORKSPACE__\LiteDB.Tests\Issues\Issue2792SnapshotPublication_Tests.cs(65,57): warning xUnit1031: Test methods should not use blocking task operations, as they can cause deadlocks. Use an async test method and await instead. (https://xunit.net/xunit.analyzers/rules/xUnit1031) [__CI_WORKSPACE__\LiteDB.Tests\LiteDB.Tests.csproj::TargetFramework=net481]
2026-09-30T10:59:38.6063334Z ##[warning]__CI_WORKSPACE__\LiteDB.Tests\Issues\Issue2792SnapshotPublication_Tests.cs(66,37): warning xUnit1031: Test methods should not use blocking task operations, as they can cause deadlocks. Use an async test method and await instead. (https://xunit.net/xunit.analyzers/rules/xUnit1031) [__CI_WORKSPACE__\LiteDB.Tests\LiteDB.Tests.csproj::TargetFramework=net481]
2026-09-30T10:59:38.6070242Z ##[warning]__CI_WORKSPACE__\LiteDB.Tests\Issues\Issue2792_Tests.cs(48,24): warning xUnit1031: Test methods should not use blocking task operations, as they can cause deadlocks. Use an async test method and await instead. (https://xunit.net/xunit.analyzers/rules/xUnit1031) [__CI_WORKSPACE__\LiteDB.Tests\LiteDB.Tests.csproj::TargetFramework=net481]
2026-09-30T10:59:38.6077023Z ##[warning]__CI_WORKSPACE__\LiteDB.Tests\Issues\Issue2792_Tests.cs(53,24): warning xUnit1031: Test methods should not use blocking task operations, as they can cause deadlocks. Use an async test method and await instead. (https://xunit.net/xunit.analyzers/rules/xUnit1031) [__CI_WORKSPACE__\LiteDB.Tests\LiteDB.Tests.csproj::TargetFramework=net481]
2026-09-30T10:59:38.6083859Z ##[warning]__CI_WORKSPACE__\LiteDB.Tests\Issues\Issue2792_Tests.cs(54,44): warning xUnit1031: Test methods should not use blocking task operations, as they can cause deadlocks. Use an async test method and await instead. (https://xunit.net/xunit.analyzers/rules/xUnit1031) [__CI_WORKSPACE__\LiteDB.Tests\LiteDB.Tests.csproj::TargetFramework=net481]
2026-09-30T10:59:38.6090462Z ##[warning]__CI_WORKSPACE__\LiteDB.Tests\Issues\Issue2792_Tests.cs(59,24): warning xUnit1031: Test methods should not use blocking task operations, as they can cause deadlocks. Use an async test method and await instead. (https://xunit.net/xunit.analyzers/rules/xUnit1031) [__CI_WORKSPACE__\LiteDB.Tests\LiteDB.Tests.csproj::TargetFramework=net481]
2026-09-30T10:59:38.6096963Z ##[warning]__CI_WORKSPACE__\LiteDB.Tests\Issues\Issue2792_Tests.cs(60,24): warning xUnit1031: Test methods should not use blocking task operations, as they can cause deadlocks. Use an async test method and await instead. (https://xunit.net/xunit.analyzers/rules/xUnit1031) [__CI_WORKSPACE__\LiteDB.Tests\LiteDB.Tests.csproj::TargetFramework=net481]
2026-09-30T10:59:38.6104444Z ##[warning]__CI_WORKSPACE__\LiteDB.Tests\Issues\Issue2790ReaderLease_Tests.cs(43,37): warning xUnit1030: Test methods should not call ConfigureAwait(false), as it may bypass parallelization limits. Omit ConfigureAwait, or use ConfigureAwait(true) to avoid CA2007. (https://xunit.net/xunit.analyzers/rules/xUnit1030) [__CI_WORKSPACE__\LiteDB.Tests\LiteDB.Tests.csproj::TargetFramework=net481]
2026-09-30T10:59:38.6111747Z ##[warning]__CI_WORKSPACE__\LiteDB.Tests\Issues\Issue2324_Tests.cs(64,33): warning xUnit1031: Test methods should not use blocking task operations, as they can cause deadlocks. Use an async test method and await instead. (https://xunit.net/xunit.analyzers/rules/xUnit1031) [__CI_WORKSPACE__\LiteDB.Tests\LiteDB.Tests.csproj::TargetFramework=net481]
2026-09-30T10:59:38.6118094Z ##[warning]__CI_WORKSPACE__\LiteDB.Tests\Issues\Issue2243ReferenceSchema_Tests.cs(21,13): warning xUnit2013: Do not use Assert.Equal() to check for collection size. Use Assert.Empty instead. (https://xunit.net/xunit.analyzers/rules/xUnit2013) [__CI_WORKSPACE__\LiteDB.Tests\LiteDB.Tests.csproj::TargetFramework=net481]
2026-09-30T10:59:38.6124139Z ##[warning]__CI_WORKSPACE__\LiteDB.Tests\Issues\Issue2243ReferenceSchema_Tests.cs(22,13): warning xUnit2013: Do not use Assert.Equal() to check for collection size. Use Assert.Empty instead. (https://xunit.net/xunit.analyzers/rules/xUnit2013) [__CI_WORKSPACE__\LiteDB.Tests\LiteDB.Tests.csproj::TargetFramework=net481]
2026-09-30T10:59:38.6130409Z ##[warning]__CI_WORKSPACE__\LiteDB.Tests\Issues\Issue2112_Tests.cs(32,13): warning xUnit2013: Do not use Assert.Equal() to check for collection size. Use Assert.Single instead. (https://xunit.net/xunit.analyzers/rules/xUnit2013) [__CI_WORKSPACE__\LiteDB.Tests\LiteDB.Tests.csproj::TargetFramework=net481]
2026-09-30T10:59:38.6136689Z ##[warning]__CI_WORKSPACE__\LiteDB.Tests\Issues\Issue1192DirectDictionary_Tests.cs(186,13): warning xUnit2013: Do not use Assert.Equal() to check for collection size. Use Assert.Empty instead. (https://xunit.net/xunit.analyzers/rules/xUnit2013) [__CI_WORKSPACE__\LiteDB.Tests\LiteDB.Tests.csproj::TargetFramework=net481]
2026-09-30T10:59:38.6143302Z ##[warning]__CI_WORKSPACE__\LiteDB.Tests\Engine\TransactionHandleDisposeSafety_Tests.cs(250,55): warning xUnit1031: Test methods should not use blocking task operations, as they can cause deadlocks. Use an async test method and await instead. (https://xunit.net/xunit.analyzers/rules/xUnit1031) [__CI_WORKSPACE__\LiteDB.Tests\LiteDB.Tests.csproj::TargetFramework=net481]
2026-09-30T10:59:38.6150179Z ##[warning]__CI_WORKSPACE__\LiteDB.Tests\Engine\TransactionHandleAdmission_Tests.cs(83,37): warning xUnit1031: Test methods should not use blocking task operations, as they can cause deadlocks. Use an async test method and await instead. (https://xunit.net/xunit.analyzers/rules/xUnit1031) [__CI_WORKSPACE__\LiteDB.Tests\LiteDB.Tests.csproj::TargetFramework=net481]
2026-09-30T10:59:38.6157265Z ##[warning]__CI_WORKSPACE__\LiteDB.Tests\Engine\TransactionHandleAdmission_Tests.cs(84,112): warning xUnit1031: Test methods should not use blocking task operations, as they can cause deadlocks. Use an async test method and await instead. (https://xunit.net/xunit.analyzers/rules/xUnit1031) [__CI_WORKSPACE__\LiteDB.Tests\LiteDB.Tests.csproj::TargetFramework=net481]
2026-09-30T10:59:38.6164009Z ##[warning]__CI_WORKSPACE__\LiteDB.Tests\Engine\TransactionHandleAdmission_Tests.cs(85,62): warning xUnit1031: Test methods should not use blocking task operations, as they can cause deadlocks. Use an async test method and await instead. (https://xunit.net/xunit.analyzers/rules/xUnit1031) [__CI_WORKSPACE__\LiteDB.Tests\LiteDB.Tests.csproj::TargetFramework=net481]
2026-09-30T10:59:38.6170846Z ##[warning]__CI_WORKSPACE__\LiteDB.Tests\Engine\TransactionHandleAdmission_Tests.cs(130,37): warning xUnit1031: Test methods should not use blocking task operations, as they can cause deadlocks. Use an async test method and await instead. (https://xunit.net/xunit.analyzers/rules/xUnit1031) [__CI_WORKSPACE__\LiteDB.Tests\LiteDB.Tests.csproj::TargetFramework=net481]
2026-09-30T10:59:38.6178426Z ##[warning]__CI_WORKSPACE__\LiteDB.Tests\Engine\TransactionHandleAdmission_Tests.cs(131,57): warning xUnit1031: Test methods should not use blocking task operations, as they can cause deadlocks. Use an async test method and await instead. (https://xunit.net/xunit.analyzers/rules/xUnit1031) [__CI_WORKSPACE__\LiteDB.Tests\LiteDB.Tests.csproj::TargetFramework=net481]
2026-09-30T10:59:38.6185296Z ##[warning]__CI_WORKSPACE__\LiteDB.Tests\Engine\SharedDisposalFailure_Tests.cs(71,35): warning xUnit1031: Test methods should not use blocking task operations, as they can cause deadlocks. Use an async test method and await instead. (https://xunit.net/xunit.analyzers/rules/xUnit1031) [__CI_WORKSPACE__\LiteDB.Tests\LiteDB.Tests.csproj::TargetFramework=net481]
2026-09-30T10:59:38.6192012Z ##[warning]__CI_WORKSPACE__\LiteDB.Tests\Engine\SharedDisposalFailure_Tests.cs(72,54): warning xUnit1031: Test methods should not use blocking task operations, as they can cause deadlocks. Use an async test method and await instead. (https://xunit.net/xunit.analyzers/rules/xUnit1031) [__CI_WORKSPACE__\LiteDB.Tests\LiteDB.Tests.csproj::TargetFramework=net481]
2026-09-30T10:59:38.6199085Z ##[warning]__CI_WORKSPACE__\LiteDB.Tests\Engine\SharedDisposalFailure_Tests.cs(73,49): warning xUnit1031: Test methods should not use blocking task operations, as they can cause deadlocks. Use an async test method and await instead. (https://xunit.net/xunit.analyzers/rules/xUnit1031) [__CI_WORKSPACE__\LiteDB.Tests\LiteDB.Tests.csproj::TargetFramework=net481]
2026-09-30T10:59:38.6205858Z ##[warning]__CI_WORKSPACE__\LiteDB.Tests\Engine\SharedDisposalFailure_Tests.cs(93,37): warning xUnit1031: Test methods should not use blocking task operations, as they can cause deadlocks. Use an async test method and await instead. (https://xunit.net/xunit.analyzers/rules/xUnit1031) [__CI_WORKSPACE__\LiteDB.Tests\LiteDB.Tests.csproj::TargetFramework=net481]
2026-09-30T10:59:38.6212649Z ##[warning]__CI_WORKSPACE__\LiteDB.Tests\Engine\SharedDisposalFailure_Tests.cs(117,23): warning xUnit1031: Test methods should not use blocking task operations, as they can cause deadlocks. Use an async test method and await instead. (https://xunit.net/xunit.analyzers/rules/xUnit1031) [__CI_WORKSPACE__\LiteDB.Tests\LiteDB.Tests.csproj::TargetFramework=net481]
2026-09-30T10:59:38.6219472Z ##[warning]__CI_WORKSPACE__\LiteDB.Tests\Engine\NativeAdmissionIsolation_Tests.cs(56,25): warning xUnit1031: Test methods should not use blocking task operations, as they can cause deadlocks. Use an async test method and await instead. (https://xunit.net/xunit.analyzers/rules/xUnit1031) [__CI_WORKSPACE__\LiteDB.Tests\LiteDB.Tests.csproj::TargetFramework=net481]
2026-09-30T10:59:38.6227385Z ##[warning]__CI_WORKSPACE__\LiteDB.Tests\Engine\NativeAdmissionIsolation_Tests.cs(65,22): warning xUnit1031: Test methods should not use blocking task operations, as they can cause deadlocks. Use an async test method and await instead. (https://xunit.net/xunit.analyzers/rules/xUnit1031) [__CI_WORKSPACE__\LiteDB.Tests\LiteDB.Tests.csproj::TargetFramework=net481]
2026-09-30T10:59:38.6233757Z ##[warning]__CI_WORKSPACE__\LiteDB.Tests\Engine\NativeAdmissionDirectPoolFinalizer_Tests.cs(74,13): warning xUnit2013: Do not use Assert.Equal() to check for collection size. Use Assert.Single instead. (https://xunit.net/xunit.analyzers/rules/xUnit2013) [__CI_WORKSPACE__\LiteDB.Tests\LiteDB.Tests.csproj::TargetFramework=net481]
2026-09-30T10:59:38.6240512Z ##[warning]__CI_WORKSPACE__\LiteDB.Tests\Engine\NativeAdmissionDirectContext_Tests.cs(140,38): warning xUnit1031: Test methods should not use blocking task operations, as they can cause deadlocks. Use an async test method and await instead. (https://xunit.net/xunit.analyzers/rules/xUnit1031) [__CI_WORKSPACE__\LiteDB.Tests\LiteDB.Tests.csproj::TargetFramework=net481]
2026-09-30T10:59:38.6247542Z ##[warning]__CI_WORKSPACE__\LiteDB.Tests\Engine\NativeAdmissionDirectContextLifetime_Tests.cs(151,37): warning xUnit1031: Test methods should not use blocking task operations, as they can cause deadlocks. Use an async test method and await instead. (https://xunit.net/xunit.analyzers/rules/xUnit1031) [__CI_WORKSPACE__\LiteDB.Tests\LiteDB.Tests.csproj::TargetFramework=net481]
2026-09-30T10:59:38.6254794Z ##[warning]__CI_WORKSPACE__\LiteDB.Tests\Engine\CompactSchemaCacheConcurrency_Tests.cs(96,18): warning xUnit1031: Test methods should not use blocking task operations, as they can cause deadlocks. Use an async test method and await instead. (https://xunit.net/xunit.analyzers/rules/xUnit1031) [__CI_WORKSPACE__\LiteDB.Tests\LiteDB.Tests.csproj::TargetFramework=net481]
2026-09-30T10:59:38.6258345Z   LiteDB.Tests -> __CI_WORKSPACE__\LiteDB.Tests\bin\Release\net481\LiteDB.Tests.dll
2026-09-30T10:59:38.6474046Z 
2026-09-30T10:59:38.6475675Z Build succeeded.
2026-09-30T10:59:38.6476479Z 
2026-09-30T10:59:38.6478776Z __CI_WORKSPACE__\LiteDB\LiteDB.csproj : warning NU1510: PackageReference System.ComponentModel.TypeConverter will not be pruned. This package is automatically available and does not need to be referenced explicitly. Remove the PackageReference item. [TargetFramework=netstandard2.0]
2026-09-30T10:59:38.6485580Z ##[warning]__CI_WORKSPACE__\LiteDB\Client\Mapper\BsonMapper.Deserialize.cs(27,39): warning CS8632: The annotation for nullable reference types should only be used in code within a '#nullable' annotations context. [__CI_WORKSPACE__\LiteDB\LiteDB.csproj::TargetFramework=netstandard2.0]
2026-09-30T10:59:38.6492467Z ##[warning]__CI_WORKSPACE__\LiteDB\Engine\FileReader\FileReaderV8.cs(23,29): warning CS0649: Field 'FileReaderV8.PageInfo.PageType' is never assigned to, and will always have its default value [__CI_WORKSPACE__\LiteDB\LiteDB.csproj::TargetFramework=netstandard2.0]
2026-09-30T10:59:38.6500264Z ##[warning]__CI_WORKSPACE__\LiteDB\Engine\LiteEngine.cs(229,37): warning CS1734: XML comment on 'LiteEngine.InvalidDatafileState' has a paramref tag for 'checkpoint', but there is no parameter by that name [__CI_WORKSPACE__\LiteDB\LiteDB.csproj::TargetFramework=netstandard2.0]
2026-09-30T10:59:38.6505534Z ##[warning]__CI_WORKSPACE__\LiteDB\Engine\LiteEngine.cs(232,42): warning CS1734: XML comment on 'LiteEngine.InvalidDatafileState' has a paramref tag for 'final', but there is no parameter by that name [__CI_WORKSPACE__\LiteDB\LiteDB.csproj::TargetFramework=netstandard2.0]
2026-09-30T10:59:38.6510651Z ##[warning]__CI_WORKSPACE__\LiteDB.Tests\Issues\Issue2265_Tests.cs(38,20): warning CS8632: The annotation for nullable reference types should only be used in code within a '#nullable' annotations context. [__CI_WORKSPACE__\LiteDB.Tests\LiteDB.Tests.csproj::TargetFramework=net481]
2026-09-30T10:59:38.6515704Z ##[warning]__CI_WORKSPACE__\LiteDB.Tests\Issues\Issue1829Invocation_Tests.cs(91,58): warning CS1718: Comparison made to same variable; did you mean to compare something else? [__CI_WORKSPACE__\LiteDB.Tests\LiteDB.Tests.csproj::TargetFramework=net481]
2026-09-30T10:59:38.6520197Z ##[warning]__CI_WORKSPACE__\LiteDB.Tests\Issues\Issue1829Invocation_Tests.cs(105,57): warning CS1718: Comparison made to same variable; did you mean to compare something else? [__CI_WORKSPACE__\LiteDB.Tests\LiteDB.Tests.csproj::TargetFramework=net481]
2026-09-30T10:59:38.6526673Z ##[warning]__CI_WORKSPACE__\LiteDB.Tests\Internals\CacheAsync_Tests.cs(86,18): warning xUnit1031: Test methods should not use blocking task operations, as they can cause deadlocks. Use an async test method and await instead. (https://xunit.net/xunit.analyzers/rules/xUnit1031) [__CI_WORKSPACE__\LiteDB.Tests\LiteDB.Tests.csproj::TargetFramework=net481]
2026-09-30T10:59:38.6533269Z ##[warning]__CI_WORKSPACE__\LiteDB.Tests\Engine\TransactionHandle_Tests.cs(146,32): warning xUnit1031: Test methods should not use blocking task operations, as they can cause deadlocks. Use an async test method and await instead. (https://xunit.net/xunit.analyzers/rules/xUnit1031) [__CI_WORKSPACE__\LiteDB.Tests\LiteDB.Tests.csproj::TargetFramework=net481]
2026-09-30T10:59:38.6582239Z ##[warning]__CI_WORKSPACE__\LiteDB.Tests\Engine\TransactionHandleSharedPinCancellation_Tests.cs(56,38): warning xUnit1031: Test methods should not use blocking task operations, as they can cause deadlocks. Use an async test method and await instead. (https://xunit.net/xunit.analyzers/rules/xUnit1031) [__CI_WORKSPACE__\LiteDB.Tests\LiteDB.Tests.csproj::TargetFramework=net481]
2026-09-30T10:59:38.6590408Z ##[warning]__CI_WORKSPACE__\LiteDB.Tests\Engine\TransactionHandleSharedPinCancellation_Tests.cs(57,68): warning xUnit1031: Test methods should not use blocking task operations, as they can cause deadlocks. Use an async test method and await instead. (https://xunit.net/xunit.analyzers/rules/xUnit1031) [__CI_WORKSPACE__\LiteDB.Tests\LiteDB.Tests.csproj::TargetFramework=net481]
2026-09-30T10:59:38.6597912Z ##[warning]__CI_WORKSPACE__\LiteDB.Tests\Engine\TransactionHandleSharedPinCancellation_Tests.cs(66,38): warning xUnit1031: Test methods should not use blocking task operations, as they can cause deadlocks. Use an async test method and await instead. (https://xunit.net/xunit.analyzers/rules/xUnit1031) [__CI_WORKSPACE__\LiteDB.Tests\LiteDB.Tests.csproj::TargetFramework=net481]
2026-09-30T10:59:38.6605195Z ##[warning]__CI_WORKSPACE__\LiteDB.Tests\Engine\TransactionHandleSharedAdmission_Tests.cs(48,34): warning xUnit1031: Test methods should not use blocking task operations, as they can cause deadlocks. Use an async test method and await instead. (https://xunit.net/xunit.analyzers/rules/xUnit1031) [__CI_WORKSPACE__\LiteDB.Tests\LiteDB.Tests.csproj::TargetFramework=net481]
2026-09-30T10:59:38.6612318Z ##[warning]__CI_WORKSPACE__\LiteDB.Tests\Engine\TransactionHandleSharedAdmission_Tests.cs(49,64): warning xUnit1031: Test methods should not use blocking task operations, as they can cause deadlocks. Use an async test method and await instead. (https://xunit.net/xunit.analyzers/rules/xUnit1031) [__CI_WORKSPACE__\LiteDB.Tests\LiteDB.Tests.csproj::TargetFramework=net481]
2026-09-30T10:59:38.6620963Z ##[warning]__CI_WORKSPACE__\LiteDB.Tests\Engine\TransactionHandleSharedAdmission_Tests.cs(54,22): warning xUnit1031: Test methods should not use blocking task operations, as they can cause deadlocks. Use an async test method and await instead. (https://xunit.net/xunit.analyzers/rules/xUnit1031) [__CI_WORKSPACE__\LiteDB.Tests\LiteDB.Tests.csproj::TargetFramework=net481]
2026-09-30T10:59:38.6628208Z ##[warning]__CI_WORKSPACE__\LiteDB.Tests\Engine\TransactionHandleSharedAdmission_Tests.cs(91,34): warning xUnit1031: Test methods should not use blocking task operations, as they can cause deadlocks. Use an async test method and await instead. (https://xunit.net/xunit.analyzers/rules/xUnit1031) [__CI_WORKSPACE__\LiteDB.Tests\LiteDB.Tests.csproj::TargetFramework=net481]
2026-09-30T10:59:38.6636574Z ##[warning]__CI_WORKSPACE__\LiteDB.Tests\Engine\TransactionHandleSharedAdmission_Tests.cs(92,64): warning xUnit1031: Test methods should not use blocking task operations, as they can cause deadlocks. Use an async test method and await instead. (https://xunit.net/xunit.analyzers/rules/xUnit1031) [__CI_WORKSPACE__\LiteDB.Tests\LiteDB.Tests.csproj::TargetFramework=net481]
2026-09-30T10:59:38.6643761Z ##[warning]__CI_WORKSPACE__\LiteDB.Tests\Engine\TransactionHandleRawCloseDependency_Tests.cs(33,35): warning xUnit1031: Test methods should not use blocking task operations, as they can cause deadlocks. Use an async test method and await instead. (https://xunit.net/xunit.analyzers/rules/xUnit1031) [__CI_WORKSPACE__\LiteDB.Tests\LiteDB.Tests.csproj::TargetFramework=net481]
2026-09-30T10:59:38.6651140Z ##[warning]__CI_WORKSPACE__\LiteDB.Tests\Engine\TransactionHandleMaintenanceProgress_Tests.cs(81,32): warning xUnit1031: Test methods should not use blocking task operations, as they can cause deadlocks. Use an async test method and await instead. (https://xunit.net/xunit.analyzers/rules/xUnit1031) [__CI_WORKSPACE__\LiteDB.Tests\LiteDB.Tests.csproj::TargetFramework=net481]
2026-09-30T10:59:38.6658372Z ##[warning]__CI_WORKSPACE__\LiteDB.Tests\Engine\TransactionHandleMaintenanceProgress_Tests.cs(111,41): warning xUnit1031: Test methods should not use blocking task operations, as they can cause deadlocks. Use an async test method and await instead. (https://xunit.net/xunit.analyzers/rules/xUnit1031) [__CI_WORKSPACE__\LiteDB.Tests\LiteDB.Tests.csproj::TargetFramework=net481]
2026-09-30T10:59:38.6665384Z ##[warning]__CI_WORKSPACE__\LiteDB.Tests\Engine\TransactionHandleMaintenanceProgress_Tests.cs(157,41): warning xUnit1031: Test methods should not use blocking task operations, as they can cause deadlocks. Use an async test method and await instead. (https://xunit.net/xunit.analyzers/rules/xUnit1031) [__CI_WORKSPACE__\LiteDB.Tests\LiteDB.Tests.csproj::TargetFramework=net481]
2026-09-30T10:59:38.6672350Z ##[warning]__CI_WORKSPACE__\LiteDB.Tests\Engine\TransactionHandleMaintenanceProgress_Tests.cs(190,31): warning xUnit1031: Test methods should not use blocking task operations, as they can cause deadlocks. Use an async test method and await instead. (https://xunit.net/xunit.analyzers/rules/xUnit1031) [__CI_WORKSPACE__\LiteDB.Tests\LiteDB.Tests.csproj::TargetFramework=net481]
2026-09-30T10:59:38.6679291Z ##[warning]__CI_WORKSPACE__\LiteDB.Tests\Issues\Issue2848_Tests.cs(87,89): warning xUnit1031: Test methods should not use blocking task operations, as they can cause deadlocks. Use an async test method and await instead. (https://xunit.net/xunit.analyzers/rules/xUnit1031) [__CI_WORKSPACE__\LiteDB.Tests\LiteDB.Tests.csproj::TargetFramework=net481]
2026-09-30T10:59:38.6685724Z ##[warning]__CI_WORKSPACE__\LiteDB.Tests\Issues\Issue2814_Tests.cs(57,26): warning xUnit1031: Test methods should not use blocking task operations, as they can cause deadlocks. Use an async test method and await instead. (https://xunit.net/xunit.analyzers/rules/xUnit1031) [__CI_WORKSPACE__\LiteDB.Tests\LiteDB.Tests.csproj::TargetFramework=net481]
2026-09-30T10:59:38.6692140Z ##[warning]__CI_WORKSPACE__\LiteDB.Tests\Issues\Issue2814Admission_Tests.cs(56,78): warning xUnit1031: Test methods should not use blocking task operations, as they can cause deadlocks. Use an async test method and await instead. (https://xunit.net/xunit.analyzers/rules/xUnit1031) [__CI_WORKSPACE__\LiteDB.Tests\LiteDB.Tests.csproj::TargetFramework=net481]
2026-09-30T10:59:38.6698870Z ##[warning]__CI_WORKSPACE__\LiteDB.Tests\Issues\Issue2792SnapshotPublication_Tests.cs(65,57): warning xUnit1031: Test methods should not use blocking task operations, as they can cause deadlocks. Use an async test method and await instead. (https://xunit.net/xunit.analyzers/rules/xUnit1031) [__CI_WORKSPACE__\LiteDB.Tests\LiteDB.Tests.csproj::TargetFramework=net481]
2026-09-30T10:59:38.6705825Z ##[warning]__CI_WORKSPACE__\LiteDB.Tests\Issues\Issue2792SnapshotPublication_Tests.cs(66,37): warning xUnit1031: Test methods should not use blocking task operations, as they can cause deadlocks. Use an async test method and await instead. (https://xunit.net/xunit.analyzers/rules/xUnit1031) [__CI_WORKSPACE__\LiteDB.Tests\LiteDB.Tests.csproj::TargetFramework=net481]
2026-09-30T10:59:38.6712465Z ##[warning]__CI_WORKSPACE__\LiteDB.Tests\Issues\Issue2792_Tests.cs(48,24): warning xUnit1031: Test methods should not use blocking task operations, as they can cause deadlocks. Use an async test method and await instead. (https://xunit.net/xunit.analyzers/rules/xUnit1031) [__CI_WORKSPACE__\LiteDB.Tests\LiteDB.Tests.csproj::TargetFramework=net481]
2026-09-30T10:59:38.6718828Z ##[warning]__CI_WORKSPACE__\LiteDB.Tests\Issues\Issue2792_Tests.cs(53,24): warning xUnit1031: Test methods should not use blocking task operations, as they can cause deadlocks. Use an async test method and await instead. (https://xunit.net/xunit.analyzers/rules/xUnit1031) [__CI_WORKSPACE__\LiteDB.Tests\LiteDB.Tests.csproj::TargetFramework=net481]
2026-09-30T10:59:38.6725557Z ##[warning]__CI_WORKSPACE__\LiteDB.Tests\Issues\Issue2792_Tests.cs(54,44): warning xUnit1031: Test methods should not use blocking task operations, as they can cause deadlocks. Use an async test method and await instead. (https://xunit.net/xunit.analyzers/rules/xUnit1031) [__CI_WORKSPACE__\LiteDB.Tests\LiteDB.Tests.csproj::TargetFramework=net481]
2026-09-30T10:59:38.6732082Z ##[warning]__CI_WORKSPACE__\LiteDB.Tests\Issues\Issue2792_Tests.cs(59,24): warning xUnit1031: Test methods should not use blocking task operations, as they can cause deadlocks. Use an async test method and await instead. (https://xunit.net/xunit.analyzers/rules/xUnit1031) [__CI_WORKSPACE__\LiteDB.Tests\LiteDB.Tests.csproj::TargetFramework=net481]
2026-09-30T10:59:38.6738633Z ##[warning]__CI_WORKSPACE__\LiteDB.Tests\Issues\Issue2792_Tests.cs(60,24): warning xUnit1031: Test methods should not use blocking task operations, as they can cause deadlocks. Use an async test method and await instead. (https://xunit.net/xunit.analyzers/rules/xUnit1031) [__CI_WORKSPACE__\LiteDB.Tests\LiteDB.Tests.csproj::TargetFramework=net481]
2026-09-30T10:59:38.6745613Z ##[warning]__CI_WORKSPACE__\LiteDB.Tests\Issues\Issue2790ReaderLease_Tests.cs(43,37): warning xUnit1030: Test methods should not call ConfigureAwait(false), as it may bypass parallelization limits. Omit ConfigureAwait, or use ConfigureAwait(true) to avoid CA2007. (https://xunit.net/xunit.analyzers/rules/xUnit1030) [__CI_WORKSPACE__\LiteDB.Tests\LiteDB.Tests.csproj::TargetFramework=net481]
2026-09-30T10:59:38.6752609Z ##[warning]__CI_WORKSPACE__\LiteDB.Tests\Issues\Issue2324_Tests.cs(64,33): warning xUnit1031: Test methods should not use blocking task operations, as they can cause deadlocks. Use an async test method and await instead. (https://xunit.net/xunit.analyzers/rules/xUnit1031) [__CI_WORKSPACE__\LiteDB.Tests\LiteDB.Tests.csproj::TargetFramework=net481]
2026-09-30T10:59:38.6758583Z ##[warning]__CI_WORKSPACE__\LiteDB.Tests\Issues\Issue2243ReferenceSchema_Tests.cs(21,13): warning xUnit2013: Do not use Assert.Equal() to check for collection size. Use Assert.Empty instead. (https://xunit.net/xunit.analyzers/rules/xUnit2013) [__CI_WORKSPACE__\LiteDB.Tests\LiteDB.Tests.csproj::TargetFramework=net481]
2026-09-30T10:59:38.6764284Z ##[warning]__CI_WORKSPACE__\LiteDB.Tests\Issues\Issue2243ReferenceSchema_Tests.cs(22,13): warning xUnit2013: Do not use Assert.Equal() to check for collection size. Use Assert.Empty instead. (https://xunit.net/xunit.analyzers/rules/xUnit2013) [__CI_WORKSPACE__\LiteDB.Tests\LiteDB.Tests.csproj::TargetFramework=net481]
2026-09-30T10:59:38.6769930Z ##[warning]__CI_WORKSPACE__\LiteDB.Tests\Issues\Issue2112_Tests.cs(32,13): warning xUnit2013: Do not use Assert.Equal() to check for collection size. Use Assert.Single instead. (https://xunit.net/xunit.analyzers/rules/xUnit2013) [__CI_WORKSPACE__\LiteDB.Tests\LiteDB.Tests.csproj::TargetFramework=net481]
2026-09-30T10:59:38.6776930Z ##[warning]__CI_WORKSPACE__\LiteDB.Tests\Issues\Issue1192DirectDictionary_Tests.cs(186,13): warning xUnit2013: Do not use Assert.Equal() to check for collection size. Use Assert.Empty instead. (https://xunit.net/xunit.analyzers/rules/xUnit2013) [__CI_WORKSPACE__\LiteDB.Tests\LiteDB.Tests.csproj::TargetFramework=net481]
2026-09-30T10:59:38.6783518Z ##[warning]__CI_WORKSPACE__\LiteDB.Tests\Engine\TransactionHandleDisposeSafety_Tests.cs(250,55): warning xUnit1031: Test methods should not use blocking task operations, as they can cause deadlocks. Use an async test method and await instead. (https://xunit.net/xunit.analyzers/rules/xUnit1031) [__CI_WORKSPACE__\LiteDB.Tests\LiteDB.Tests.csproj::TargetFramework=net481]
2026-09-30T10:59:38.6790306Z ##[warning]__CI_WORKSPACE__\LiteDB.Tests\Engine\TransactionHandleAdmission_Tests.cs(83,37): warning xUnit1031: Test methods should not use blocking task operations, as they can cause deadlocks. Use an async test method and await instead. (https://xunit.net/xunit.analyzers/rules/xUnit1031) [__CI_WORKSPACE__\LiteDB.Tests\LiteDB.Tests.csproj::TargetFramework=net481]
2026-09-30T10:59:38.6797237Z ##[warning]__CI_WORKSPACE__\LiteDB.Tests\Engine\TransactionHandleAdmission_Tests.cs(84,112): warning xUnit1031: Test methods should not use blocking task operations, as they can cause deadlocks. Use an async test method and await instead. (https://xunit.net/xunit.analyzers/rules/xUnit1031) [__CI_WORKSPACE__\LiteDB.Tests\LiteDB.Tests.csproj::TargetFramework=net481]
2026-09-30T10:59:38.6804474Z ##[warning]__CI_WORKSPACE__\LiteDB.Tests\Engine\TransactionHandleAdmission_Tests.cs(85,62): warning xUnit1031: Test methods should not use blocking task operations, as they can cause deadlocks. Use an async test method and await instead. (https://xunit.net/xunit.analyzers/rules/xUnit1031) [__CI_WORKSPACE__\LiteDB.Tests\LiteDB.Tests.csproj::TargetFramework=net481]
2026-09-30T10:59:38.6811153Z ##[warning]__CI_WORKSPACE__\LiteDB.Tests\Engine\TransactionHandleAdmission_Tests.cs(130,37): warning xUnit1031: Test methods should not use blocking task operations, as they can cause deadlocks. Use an async test method and await instead. (https://xunit.net/xunit.analyzers/rules/xUnit1031) [__CI_WORKSPACE__\LiteDB.Tests\LiteDB.Tests.csproj::TargetFramework=net481]
2026-09-30T10:59:38.6818107Z ##[warning]__CI_WORKSPACE__\LiteDB.Tests\Engine\TransactionHandleAdmission_Tests.cs(131,57): warning xUnit1031: Test methods should not use blocking task operations, as they can cause deadlocks. Use an async test method and await instead. (https://xunit.net/xunit.analyzers/rules/xUnit1031) [__CI_WORKSPACE__\LiteDB.Tests\LiteDB.Tests.csproj::TargetFramework=net481]
2026-09-30T10:59:38.6824746Z ##[warning]__CI_WORKSPACE__\LiteDB.Tests\Engine\SharedDisposalFailure_Tests.cs(71,35): warning xUnit1031: Test methods should not use blocking task operations, as they can cause deadlocks. Use an async test method and await instead. (https://xunit.net/xunit.analyzers/rules/xUnit1031) [__CI_WORKSPACE__\LiteDB.Tests\LiteDB.Tests.csproj::TargetFramework=net481]
2026-09-30T10:59:38.6831229Z ##[warning]__CI_WORKSPACE__\LiteDB.Tests\Engine\SharedDisposalFailure_Tests.cs(72,54): warning xUnit1031: Test methods should not use blocking task operations, as they can cause deadlocks. Use an async test method and await instead. (https://xunit.net/xunit.analyzers/rules/xUnit1031) [__CI_WORKSPACE__\LiteDB.Tests\LiteDB.Tests.csproj::TargetFramework=net481]
2026-09-30T10:59:38.6837870Z ##[warning]__CI_WORKSPACE__\LiteDB.Tests\Engine\SharedDisposalFailure_Tests.cs(73,49): warning xUnit1031: Test methods should not use blocking task operations, as they can cause deadlocks. Use an async test method and await instead. (https://xunit.net/xunit.analyzers/rules/xUnit1031) [__CI_WORKSPACE__\LiteDB.Tests\LiteDB.Tests.csproj::TargetFramework=net481]
2026-09-30T10:59:38.6844627Z ##[warning]__CI_WORKSPACE__\LiteDB.Tests\Engine\SharedDisposalFailure_Tests.cs(93,37): warning xUnit1031: Test methods should not use blocking task operations, as they can cause deadlocks. Use an async test method and await instead. (https://xunit.net/xunit.analyzers/rules/xUnit1031) [__CI_WORKSPACE__\LiteDB.Tests\LiteDB.Tests.csproj::TargetFramework=net481]
2026-09-30T10:59:38.6851168Z ##[warning]__CI_WORKSPACE__\LiteDB.Tests\Engine\SharedDisposalFailure_Tests.cs(117,23): warning xUnit1031: Test methods should not use blocking task operations, as they can cause deadlocks. Use an async test method and await instead. (https://xunit.net/xunit.analyzers/rules/xUnit1031) [__CI_WORKSPACE__\LiteDB.Tests\LiteDB.Tests.csproj::TargetFramework=net481]
2026-09-30T10:59:38.6857825Z ##[warning]__CI_WORKSPACE__\LiteDB.Tests\Engine\NativeAdmissionIsolation_Tests.cs(56,25): warning xUnit1031: Test methods should not use blocking task operations, as they can cause deadlocks. Use an async test method and await instead. (https://xunit.net/xunit.analyzers/rules/xUnit1031) [__CI_WORKSPACE__\LiteDB.Tests\LiteDB.Tests.csproj::TargetFramework=net481]
2026-09-30T10:59:38.6864453Z ##[warning]__CI_WORKSPACE__\LiteDB.Tests\Engine\NativeAdmissionIsolation_Tests.cs(65,22): warning xUnit1031: Test methods should not use blocking task operations, as they can cause deadlocks. Use an async test method and await instead. (https://xunit.net/xunit.analyzers/rules/xUnit1031) [__CI_WORKSPACE__\LiteDB.Tests\LiteDB.Tests.csproj::TargetFramework=net481]
2026-09-30T10:59:38.6870573Z ##[warning]__CI_WORKSPACE__\LiteDB.Tests\Engine\NativeAdmissionDirectPoolFinalizer_Tests.cs(74,13): warning xUnit2013: Do not use Assert.Equal() to check for collection size. Use Assert.Single instead. (https://xunit.net/xunit.analyzers/rules/xUnit2013) [__CI_WORKSPACE__\LiteDB.Tests\LiteDB.Tests.csproj::TargetFramework=net481]
2026-09-30T10:59:38.6877171Z ##[warning]__CI_WORKSPACE__\LiteDB.Tests\Engine\NativeAdmissionDirectContext_Tests.cs(140,38): warning xUnit1031: Test methods should not use blocking task operations, as they can cause deadlocks. Use an async test method and await instead. (https://xunit.net/xunit.analyzers/rules/xUnit1031) [__CI_WORKSPACE__\LiteDB.Tests\LiteDB.Tests.csproj::TargetFramework=net481]
2026-09-30T10:59:38.6884028Z ##[warning]__CI_WORKSPACE__\LiteDB.Tests\Engine\NativeAdmissionDirectContextLifetime_Tests.cs(151,37): warning xUnit1031: Test methods should not use blocking task operations, as they can cause deadlocks. Use an async test method and await instead. (https://xunit.net/xunit.analyzers/rules/xUnit1031) [__CI_WORKSPACE__\LiteDB.Tests\LiteDB.Tests.csproj::TargetFramework=net481]
2026-09-30T10:59:38.6891046Z ##[warning]__CI_WORKSPACE__\LiteDB.Tests\Engine\CompactSchemaCacheConcurrency_Tests.cs(96,18): warning xUnit1031: Test methods should not use blocking task operations, as they can cause deadlocks. Use an async test method and await instead. (https://xunit.net/xunit.analyzers/rules/xUnit1031) [__CI_WORKSPACE__\LiteDB.Tests\LiteDB.Tests.csproj::TargetFramework=net481]
2026-09-30T10:59:38.6894149Z     56 Warning(s)
2026-09-30T10:59:38.6894485Z     0 Error(s)
2026-09-30T10:59:38.6894700Z 
2026-09-30T10:59:38.6894878Z Time Elapsed 00:00:23.08
2026-09-30T10:59:38.8209373Z ##[group]Run $framework = 'net481'
2026-09-30T10:59:38.8209777Z [36;1m$framework = 'net481'[0m
2026-09-30T10:59:38.8210423Z [36;1m$runner = Join-Path $env:USERPROFILE ".nuget\packages\xunit.runner.console\$env:XUNIT_RUNNER_VERSION\tools\$framework\xunit.console.exe"[0m
2026-09-30T10:59:38.8211513Z [36;1m$assembly = "LiteDB.Tests\bin\Release\$framework\LiteDB.Tests.dll"[0m
2026-09-30T10:59:38.8212002Z [36;1m$results = "LiteDB.Tests\TestResults\TestResults-$framework.xml"[0m
2026-09-30T10:59:38.8212511Z [36;1mNew-Item -ItemType Directory -Force (Split-Path $results) | Out-Null[0m
2026-09-30T10:59:38.8212990Z [36;1m# Record what this leg tested for the Safety evidence job.[0m
2026-09-30T10:59:38.8213329Z [36;1m[ordered]@{[0m
2026-09-30T10:59:38.8213750Z [36;1m  schemaVersion = 1; job = $env:GITHUB_JOB; matrix = ($env:LITEDB_EVIDENCE_MATRIX | ConvertFrom-Json)[0m
2026-09-30T10:59:38.8214439Z [36;1m  sha = (git rev-parse HEAD); tree = (git rev-parse 'HEAD^{tree}'); buildSha = (git rev-parse HEAD)[0m
2026-09-30T10:59:38.8214977Z [36;1m  framework = $framework; format = 'xunit'; discovery = $null[0m
2026-09-30T10:59:38.8215412Z [36;1m  partitions = [ordered]@{ all = "TestResults-$framework.xml" }[0m
2026-09-30T10:59:38.8216006Z [36;1m} | ConvertTo-Json -Depth 8 | Set-Content 'LiteDB.Tests\TestResults\evidence-leg.json' -Encoding utf8[0m
2026-09-30T10:59:38.8216492Z [36;1m[0m
2026-09-30T10:59:38.8216711Z [36;1m& $runner $assembly -nologo -xml $results[0m
2026-09-30T10:59:38.8217058Z [36;1mif ($LASTEXITCODE -ne 0) { exit $LASTEXITCODE }[0m
2026-09-30T10:59:38.8217351Z [36;1m[0m
2026-09-30T10:59:38.8217561Z [36;1m[xml]$report = Get-Content $results[0m
2026-09-30T10:59:38.8217883Z [36;1m$total = [int]$report.assemblies.assembly.total[0m
2026-09-30T10:59:38.8218306Z [36;1mif ($total -eq 0) { throw "The $framework runner discovered zero tests." }[0m
2026-09-30T10:59:38.8258276Z shell: C:\Program Files\PowerShell\7\pwsh.EXE -command ". '{0}'"
2026-09-30T10:59:38.8258633Z env:
2026-09-30T10:59:38.8258979Z   LITEDB_RETAINED_FIXTURES: __CI_WORKSPACE__/LiteDB.Tests/TestResults/retained-fixtures
2026-09-30T10:59:38.8259435Z   XUNIT_RUNNER_VERSION: 2.9.2
2026-09-30T10:59:38.8259684Z   LITEDB_EXPECTED_RUNTIME_MAJOR: 4
2026-09-30T10:59:38.8259948Z   DOTNET_ROOT: C:\Program Files\dotnet
2026-09-30T10:59:38.8260264Z   LITEDB_EVIDENCE_MATRIX: {
  "framework": "net481"
}
2026-09-30T10:59:38.8260553Z ##[endgroup]
2026-09-30T10:59:40.0697671Z   Discovering: LiteDB.Tests
2026-09-30T10:59:40.6720418Z   Discovered:  LiteDB.Tests
2026-09-30T10:59:40.6781383Z   Starting:    LiteDB.Tests
2026-09-30T11:03:43.8584433Z     LiteDB.Tests.Engine.SharedAdmissionLifetime_Tests.Open_retains_admission_when_a_callback_disposes_the_connection [FAIL]
2026-09-30T11:03:43.8586161Z       Expected a <System.IO.IOException> to be thrown, but found <System.InvalidOperationException>:
2026-09-30T11:03:43.8587585Z       System.InvalidOperationException: Cannot close a shared connection from inside its executing operation.
2026-09-30T11:03:43.8588685Z          at LiteDB.SharedEngine.Dispose(Boolean disposing)
2026-09-30T11:03:43.8590597Z          at LiteDB.Tests.Engine.SharedAdmissionLifetime_Tests.<>c__DisplayClass1_0.<Open_retains_admission_when_a_callback_disposes_the_connection>b__1() in __CI_WORKSPACE__\LiteDB.Tests\Engine\SharedAdmissionLifetime_Tests.cs:line 78
2026-09-30T11:03:43.8593685Z          at LiteDB.SharedEngine.CreateEngine(Boolean recoveredAbandonedOwner, EngineSettings settings) in __CI_WORKSPACE__\LiteDB\Client\Shared\SharedEngine.cs:line 153
2026-09-30T11:03:43.8596018Z          at LiteDB.SharedEngine.OpenEngine(Boolean recoveredAbandonedOwner, Boolean final, Boolean writing) in __CI_WORKSPACE__\LiteDB\Client\Shared\SharedEngine.Coordination.cs:line 60
2026-09-30T11:03:43.8600812Z          at LiteDB.SharedEngine.OpenDatabase(Boolean scoped, Boolean writing, CancellationToken closing, TransactionAdmission admission) in __CI_WORKSPACE__\LiteDB\Client\Shared\SharedEngine.cs:line 139
2026-09-30T11:03:43.8603235Z          at LiteDB.SharedEngine.<>c__DisplayClass7_0`1.<QueryDatabase>b__0() in __CI_WORKSPACE__\LiteDB\Client\Shared\SharedEngine.Calls.cs:line 44
2026-09-30T11:03:43.8604993Z          at LiteDB.SharedEngine.Call[T](Func`1 call) in __CI_WORKSPACE__\LiteDB\Client\Shared\SharedEngine.Calls.cs:line 61
2026-09-30T11:03:43.8606419Z          at FluentAssertions.Specialized.DelegateAssertions`2.InvokeSubjectWithInterception().
2026-09-30T11:03:43.8607337Z       Stack Trace:
2026-09-30T11:03:43.8608045Z            at FluentAssertions.Execution.XUnit2TestFramework.Throw(String message)
2026-09-30T11:03:43.8609162Z            at FluentAssertions.Execution.AssertionScope.FailWith(Func`1 failReasonFunc)
2026-09-30T11:03:43.8610772Z            at FluentAssertions.Specialized.DelegateAssertionsBase`2.ThrowInternal[TException](Exception exception, String because, Object[] becauseArgs)
2026-09-30T11:03:43.8612597Z            at FluentAssertions.Specialized.DelegateAssertions`2.Throw[TException](String because, Object[] becauseArgs)
2026-09-30T11:03:43.8614224Z         LiteDB.Tests\Engine\SharedAdmissionLifetime_Tests.cs(83,0): at LiteDB.Tests.Engine.SharedAdmissionLifetime_Tests.Open_retains_admission_when_a_callback_disposes_the_connection()
2026-09-30T11:06:19.0722083Z     LiteDB.Tests.Issues.Issue2298_Tests.We_Dont_Need_Ctor [SKIP]
2026-09-30T11:06:19.0723282Z       System.Text.Json is not supported on this target framework for this scenario.
2026-09-30T11:09:13.4979113Z     LiteDB.Tests.Issues.Issue2127_Tests+ReproTests.InsertItemBackToBack_Test [SKIP]
2026-09-30T11:09:13.4981059Z       Too slow for a unit test in a build process: 100 iterations with a 1 s sleep take ~102 s (passed 5/5 locally on net10.0). The DiskWriterQueue race of #2127 no longer exists; the queue was removed in 198f0a672.
2026-09-30T11:12:45.2109780Z     LiteDB.Tests.Issues.Issue2909_Tests.ObjectId_uses_the_current_process_and_machine_on_NETCoreApp [SKIP]
2026-09-30T11:12:45.2111472Z       The report targets net8.0 and net10.0; .NET Framework retains the netstandard fallback contract.
2026-09-30T11:13:17.7343316Z     LiteDB.Tests.Engine.Collation_Tests.Create_Database_Using_Current_Culture [SKIP]
2026-09-30T11:13:17.7345525Z       Passes only as the first LiteDB use in the process (e.g. run alone locally): Collation.Default snapshots the culture once per process, so after another test created a database this gets 'de-DE/IgnoreCase' (the culture at first use) instead of 'fi/IgnoreCase'.
2026-09-30T11:13:54.8188125Z     LiteDB.Tests.Engine.Rebuild_Tests.Rebuild_Change_Culture_Error [SKIP]
2026-09-30T11:13:54.8190335Z       Not supported yet: rebuilding 'ana'/'ANA' from en-US/None to en-US/IgnoreCase throws LiteException 'Cannot insert duplicate key in unique index '_id'' from RebuildContent instead of recording the collision in _rebuild_errors and keeping en-US/None.
2026-09-30T11:14:13.8762436Z   Finished:    LiteDB.Tests
2026-09-30T11:14:13.9377443Z === TEST EXECUTION SUMMARY ===
2026-09-30T11:14:13.9993221Z    LiteDB.Tests  Total: 4931, Errors: 0, Failed: 1, Skipped: 5, Time: 873.095s
2026-09-30T11:14:14.0606229Z ##[error]Process completed with exit code 1.
2026-09-30T11:14:14.0879876Z Prepare all required actions
2026-09-30T11:14:14.0880728Z Getting action download info
2026-09-30T11:14:14.3711368Z ##[group]Run ./.github/actions/retained-fixtures
2026-09-30T11:14:14.3711751Z env:
2026-09-30T11:14:14.3712181Z   LITEDB_RETAINED_FIXTURES: __CI_WORKSPACE__/LiteDB.Tests/TestResults/retained-fixtures
2026-09-30T11:14:14.3712669Z   XUNIT_RUNNER_VERSION: 2.9.2
2026-09-30T11:14:14.3712976Z   LITEDB_EXPECTED_RUNTIME_MAJOR: 4
2026-09-30T11:14:14.3713232Z   DOTNET_ROOT: C:\Program Files\dotnet
2026-09-30T11:14:14.3713476Z ##[endgroup]
2026-09-30T11:14:14.3773158Z ##[start-action display=Collect retained fixtures;id=__self.__run]
2026-09-30T11:14:14.3897050Z ##[group]Run if [ "$RUNNER_OS" = "Windows" ]; then retained_python=python; else retained_python=python3; fi
2026-09-30T11:14:14.3897793Z [36;1mif [ "$RUNNER_OS" = "Windows" ]; then retained_python=python; else retained_python=python3; fi[0m
2026-09-30T11:14:14.3898567Z [36;1m"$retained_python" scripts/collect-retained-fixtures.py "$LITEDB_RETAINED_FIXTURES"[0m
2026-09-30T11:14:14.3912394Z shell: C:\Program Files\Git\bin\bash.EXE --noprofile --norc -e -o pipefail {0}
2026-09-30T11:14:14.3912854Z env:
2026-09-30T11:14:14.3913262Z   LITEDB_RETAINED_FIXTURES: __CI_WORKSPACE__/LiteDB.Tests/TestResults/retained-fixtures
2026-09-30T11:14:14.3913743Z   XUNIT_RUNNER_VERSION: 2.9.2
2026-09-30T11:14:14.3914037Z   LITEDB_EXPECTED_RUNTIME_MAJOR: 4
2026-09-30T11:14:14.3914354Z   DOTNET_ROOT: C:\Program Files\dotnet
2026-09-30T11:14:14.3914647Z ##[endgroup]
2026-09-30T11:14:15.9022361Z ##[end-action id=__self.__run;outcome=success;conclusion=success;duration_ms=1524]
2026-09-30T11:14:15.9025256Z ##[start-action display=Upload fixture manifests and copies;id=__self.__actions_upload-artifact]
2026-09-30T11:14:15.9153076Z ##[group]Run actions/upload-artifact@v4
2026-09-30T11:14:15.9153371Z with:
2026-09-30T11:14:15.9153645Z   name: retained-fixtures-test-windows-framework-1
2026-09-30T11:14:15.9154137Z   path: __CI_WORKSPACE__/LiteDB.Tests/TestResults/retained-fixtures/
2026-09-30T11:14:15.9154556Z   if-no-files-found: ignore
2026-09-30T11:14:15.9154821Z   retention-days: 14
2026-09-30T11:14:15.9155087Z   compression-level: 6
2026-09-30T11:14:15.9155324Z   overwrite: false
2026-09-30T11:14:15.9155534Z   include-hidden-files: false
2026-09-30T11:14:15.9155757Z env:
2026-09-30T11:14:15.9156093Z   LITEDB_RETAINED_FIXTURES: __CI_WORKSPACE__/LiteDB.Tests/TestResults/retained-fixtures
2026-09-30T11:14:15.9156519Z   XUNIT_RUNNER_VERSION: 2.9.2
2026-09-30T11:14:15.9156759Z   LITEDB_EXPECTED_RUNTIME_MAJOR: 4
2026-09-30T11:14:15.9157021Z   DOTNET_ROOT: C:\Program Files\dotnet
2026-09-30T11:14:15.9157269Z ##[endgroup]
2026-09-30T11:14:16.0972001Z (node:3776) [DEP0040] DeprecationWarning: The `punycode` module is deprecated. Please use a userland alternative instead.
2026-09-30T11:14:16.0972766Z (Use `node --trace-deprecation ...` to show where the warning was created)
2026-09-30T11:14:16.0995106Z No files were found with the provided path: __CI_WORKSPACE__/LiteDB.Tests/TestResults/retained-fixtures/. No artifacts will be uploaded.
2026-09-30T11:14:16.1100948Z ##[end-action id=__self.__actions_upload-artifact;outcome=success;conclusion=success;duration_ms=207]
2026-09-30T11:14:16.1242690Z ##[group]Run actions/upload-artifact@v4
2026-09-30T11:14:16.1243038Z with:
2026-09-30T11:14:16.1243273Z   name: test-results-test-windows-framework-1
2026-09-30T11:14:16.1243568Z   overwrite: true
2026-09-30T11:14:16.1243927Z   path: LiteDB.Tests/TestResults/*.xml
LiteDB.Tests/TestResults/evidence-leg.json

2026-09-30T11:14:16.1244351Z   if-no-files-found: warn
2026-09-30T11:14:16.1244576Z   compression-level: 6
2026-09-30T11:14:16.1244811Z   include-hidden-files: false
2026-09-30T11:14:16.1245038Z env:
2026-09-30T11:14:16.1245371Z   LITEDB_RETAINED_FIXTURES: __CI_WORKSPACE__/LiteDB.Tests/TestResults/retained-fixtures
2026-09-30T11:14:16.1245797Z   XUNIT_RUNNER_VERSION: 2.9.2
2026-09-30T11:14:16.1246778Z   LITEDB_EXPECTED_RUNTIME_MAJOR: 4
2026-09-30T11:14:16.1247040Z   DOTNET_ROOT: C:\Program Files\dotnet
2026-09-30T11:14:16.1247283Z ##[endgroup]
2026-09-30T11:14:16.3124664Z (node:6996) [DEP0040] DeprecationWarning: The `punycode` module is deprecated. Please use a userland alternative instead.
2026-09-30T11:14:16.3126029Z (Use `node --trace-deprecation ...` to show where the warning was created)
2026-09-30T11:14:16.3172588Z With the provided path, there will be 2 files uploaded
2026-09-30T11:14:16.5469547Z Artifact name is valid!
2026-09-30T11:14:16.5472511Z Root directory input is valid!
2026-09-30T11:14:16.7553103Z Beginning upload of artifact content to blob storage
2026-09-30T11:14:16.8029473Z (node:6996) [DEP0169] DeprecationWarning: `url.parse()` behavior is not standardized and prone to errors that have security implications. Use the WHATWG URL API instead. CVEs are not issued for `url.parse()` vulnerabilities.
2026-09-30T11:14:17.1442739Z Uploaded bytes 162967
2026-09-30T11:14:17.2026389Z Finished uploading artifact content to blob storage!
2026-09-30T11:14:17.2027667Z SHA256 digest of uploaded artifact zip is d5543f3c0122c26fcbb15264f6273767a24dbf3af2be26b25d030c688f0e06e1
2026-09-30T11:14:17.2028694Z Finalizing artifact upload
2026-09-30T11:14:17.4374816Z Artifact test-results-test-windows-framework-1.zip successfully finalized. Artifact ID 11092223196
2026-09-30T11:14:17.4376520Z Artifact test-results-test-windows-framework-1 has been successfully uploaded! Final size is 162967 bytes. Artifact ID is 11092223196
2026-09-30T11:14:17.4385353Z Artifact download URL: https://github.com/JKamsker/LiteDB/actions/runs/36705044676/artifacts/11092223196
2026-09-30T11:14:17.4707143Z Post job cleanup.
2026-09-30T11:14:17.6576741Z [command]"C:\Program Files\Git\bin\git.exe" version
2026-09-30T11:14:17.6781432Z git version 2.55.0.windows.5
2026-09-30T11:14:17.6853076Z Temporarily overriding HOME='__CI_HOME__/work\_temp\2741d773-12c1-43b2-bebd-7842ba67a5d6' before making global git config changes
2026-09-30T11:14:17.6854470Z Adding repository directory to the temporary git global config as a safe directory
2026-09-30T11:14:17.6865916Z [command]"C:\Program Files\Git\bin\git.exe" config --global --add safe.directory __CI_WORKSPACE__
2026-09-30T11:14:17.7116724Z [command]"C:\Program Files\Git\bin\git.exe" config --local --name-only --get-regexp core\.sshCommand
2026-09-30T11:14:17.7337761Z [command]"C:\Program Files\Git\bin\git.exe" submodule foreach --recursive "sh -c \"git config --local --name-only --get-regexp 'core\.sshCommand' && git config --local --unset-all 'core.sshCommand' || :\""
2026-09-30T11:14:18.1830535Z [command]"C:\Program Files\Git\bin\git.exe" config --local --name-only --get-regexp http\.https\:\/\/github\.com\/\.extraheader
2026-09-30T11:14:18.2033109Z http.https://github.com/.extraheader
2026-09-30T11:14:18.2070165Z [command]"C:\Program Files\Git\bin\git.exe" config --local --unset-all http.https://github.com/.extraheader
2026-09-30T11:14:18.2305694Z [command]"C:\Program Files\Git\bin\git.exe" submodule foreach --recursive "sh -c \"git config --local --name-only --get-regexp 'http\.https\:\/\/github\.com\/\.extraheader' && git config --local --unset-all 'http.https://github.com/.extraheader' || :\""
2026-09-30T11:14:18.7162597Z [command]"C:\Program Files\Git\bin\git.exe" config --local --name-only --get-regexp ^includeIf\.gitdir:
2026-09-30T11:14:18.7392865Z [command]"C:\Program Files\Git\bin\git.exe" submodule foreach --recursive "git config --local --show-origin --name-only --get-regexp remote.origin.url"
2026-09-30T11:14:19.1852343Z Cleaning up orphan processes
2026-09-30T11:14:19.2031744Z Terminate orphan process: pid (3468) (dotnet)
2026-09-30T11:14:19.2205187Z Terminate orphan process: pid (6844) (dotnet)
2026-09-30T11:14:19.2405004Z Terminate orphan process: pid (5408) (conhost)
2026-09-30T11:14:19.2413605Z ##[warning]Node.js 20 is deprecated. The following actions target Node.js 20 but are being forced to run on Node.js 24: actions/checkout@v4, actions/setup-dotnet@v4, actions/upload-artifact@v4. For more information see: https://github.blog/changelog/2025-09-19-deprecation-of-node-20-on-github-actions-runners/
