{"type":"configuration","timestamp":"2026-09-30T17:15:26.9260624+00:00","payload":{"useProjectReference":true,"liteDBPackageVersion":"0.0.0-knownbad.569ba13c3b38"}}
DATABASE_ROOT __WORKSPACE__/temporary/p133-pin-proof-5649e5bafef3469faa1258335c7a951e
CHILD_START mode=--case scenario=pin-begin-same path=__WORKSPACE__/temporary/p133-pin-proof-5649e5bafef3469faa1258335c7a951e/86877907-f1ed-4d94-95a4-acc75c6bfd1f.db encrypted=False
CHILD_RESULT mode=--case scenario=pin-begin-same encrypted=False exit=10
LEASED_LOCAL_ANCHOR_CONFIRMED
PIN_OPERATION_POSITIVE_HOLDS_ZERO
CALLBACK_NATIVE_EXCLUSION_VERIFIED
ORDINARY_CALLBACK_DEFAULT_BEGIN_ENTERED pin-begin-same
CALLBACK_NATIVE_EXCLUSION_VERIFIED
CASE_FIXED
CHILD_START mode=--peer scenario= path=__WORKSPACE__/temporary/p133-pin-proof-5649e5bafef3469faa1258335c7a951e/86877907-f1ed-4d94-95a4-acc75c6bfd1f.db encrypted=False
CHILD_RESULT mode=--peer scenario= encrypted=False exit=10
PEER_COMMITTED
TWO_COLD_INDEXED_MODELS_VERIFIED __WORKSPACE__/temporary/p133-pin-proof-5649e5bafef3469faa1258335c7a951e/86877907-f1ed-4d94-95a4-acc75c6bfd1f.db
CHILD_START mode=--case scenario=pin-begin-peer path=__WORKSPACE__/temporary/p133-pin-proof-5649e5bafef3469faa1258335c7a951e/71114f9e-8fa8-48ea-8c0d-0dcdb447ef5a.db encrypted=False
CHILD_RESULT mode=--case scenario=pin-begin-peer encrypted=False exit=10
LEASED_LOCAL_ANCHOR_CONFIRMED
PIN_OPERATION_POSITIVE_HOLDS_ZERO
CALLBACK_NATIVE_EXCLUSION_VERIFIED
ORDINARY_CALLBACK_DEFAULT_BEGIN_ENTERED pin-begin-peer
CALLBACK_NATIVE_EXCLUSION_VERIFIED
CASE_FIXED
CHILD_START mode=--peer scenario= path=__WORKSPACE__/temporary/p133-pin-proof-5649e5bafef3469faa1258335c7a951e/71114f9e-8fa8-48ea-8c0d-0dcdb447ef5a.db encrypted=False
CHILD_RESULT mode=--peer scenario= encrypted=False exit=10
PEER_COMMITTED
TWO_COLD_INDEXED_MODELS_VERIFIED __WORKSPACE__/temporary/p133-pin-proof-5649e5bafef3469faa1258335c7a951e/71114f9e-8fa8-48ea-8c0d-0dcdb447ef5a.db
CHILD_START mode=--case scenario=reader-begin-same path=__WORKSPACE__/temporary/p133-pin-proof-5649e5bafef3469faa1258335c7a951e/21aea852-3210-4420-8cf2-df5eaf7a30dc.db encrypted=False
CHILD_RESULT mode=--case scenario=reader-begin-same encrypted=False exit=10
CALLBACK_NATIVE_EXCLUSION_VERIFIED
ORDINARY_CALLBACK_DEFAULT_BEGIN_ENTERED reader-begin-same
CALLBACK_NATIVE_EXCLUSION_VERIFIED
CASE_FIXED
CHILD_START mode=--peer scenario= path=__WORKSPACE__/temporary/p133-pin-proof-5649e5bafef3469faa1258335c7a951e/21aea852-3210-4420-8cf2-df5eaf7a30dc.db encrypted=False
CHILD_RESULT mode=--peer scenario= encrypted=False exit=10
PEER_COMMITTED
TWO_COLD_INDEXED_MODELS_VERIFIED __WORKSPACE__/temporary/p133-pin-proof-5649e5bafef3469faa1258335c7a951e/21aea852-3210-4420-8cf2-df5eaf7a30dc.db
CHILD_START mode=--case scenario=reader-begin-peer path=__WORKSPACE__/temporary/p133-pin-proof-5649e5bafef3469faa1258335c7a951e/0c76b1fc-7f39-44a8-9e72-212224562523.db encrypted=False
CHILD_RESULT mode=--case scenario=reader-begin-peer encrypted=False exit=10
CALLBACK_NATIVE_EXCLUSION_VERIFIED
ORDINARY_CALLBACK_DEFAULT_BEGIN_ENTERED reader-begin-peer
CALLBACK_NATIVE_EXCLUSION_VERIFIED
CASE_FIXED
CHILD_START mode=--peer scenario= path=__WORKSPACE__/temporary/p133-pin-proof-5649e5bafef3469faa1258335c7a951e/0c76b1fc-7f39-44a8-9e72-212224562523.db encrypted=False
CHILD_RESULT mode=--peer scenario= encrypted=False exit=10
PEER_COMMITTED
TWO_COLD_INDEXED_MODELS_VERIFIED __WORKSPACE__/temporary/p133-pin-proof-5649e5bafef3469faa1258335c7a951e/0c76b1fc-7f39-44a8-9e72-212224562523.db
CHILD_START mode=--control scenario=leased-begin-same path=__WORKSPACE__/temporary/p133-pin-proof-5649e5bafef3469faa1258335c7a951e/58643083-81ed-4e7d-b40b-3960813632da.db encrypted=False
CHILD_RESULT mode=--control scenario=leased-begin-same encrypted=False exit=10
LEASED_LOCAL_ANCHOR_CONFIRMED
CHILD_START mode=--peer scenario= path=__WORKSPACE__/temporary/p133-pin-proof-5649e5bafef3469faa1258335c7a951e/58643083-81ed-4e7d-b40b-3960813632da.db encrypted=False
CHILD_RESULT mode=--peer scenario= encrypted=False exit=10
PEER_COMMITTED
TWO_COLD_INDEXED_MODELS_VERIFIED __WORKSPACE__/temporary/p133-pin-proof-5649e5bafef3469faa1258335c7a951e/58643083-81ed-4e7d-b40b-3960813632da.db
CONTROL_VERIFIED leased-begin-same
CASE_FIXED
CHILD_START mode=--control scenario=leased-begin-peer path=__WORKSPACE__/temporary/p133-pin-proof-5649e5bafef3469faa1258335c7a951e/cfbc8f79-29a0-406f-86b9-d0daa56d0867.db encrypted=False
CHILD_RESULT mode=--control scenario=leased-begin-peer encrypted=False exit=10
LEASED_LOCAL_ANCHOR_CONFIRMED
CHILD_START mode=--peer scenario= path=__WORKSPACE__/temporary/p133-pin-proof-5649e5bafef3469faa1258335c7a951e/cfbc8f79-29a0-406f-86b9-d0daa56d0867.db encrypted=False
CHILD_RESULT mode=--peer scenario= encrypted=False exit=10
PEER_COMMITTED
TWO_COLD_INDEXED_MODELS_VERIFIED __WORKSPACE__/temporary/p133-pin-proof-5649e5bafef3469faa1258335c7a951e/cfbc8f79-29a0-406f-86b9-d0daa56d0867.db
CONTROL_VERIFIED leased-begin-peer
CASE_FIXED
CHILD_START mode=--control scenario=idle-handoff path=__WORKSPACE__/temporary/p133-pin-proof-5649e5bafef3469faa1258335c7a951e/17f805cb-aa47-4420-a86b-0bcdfc619567.db encrypted=False
CHILD_RESULT mode=--control scenario=idle-handoff encrypted=False exit=10
LEASED_LOCAL_ANCHOR_CONFIRMED
CHILD_START mode=--peer scenario= path=__WORKSPACE__/temporary/p133-pin-proof-5649e5bafef3469faa1258335c7a951e/17f805cb-aa47-4420-a86b-0bcdfc619567.db encrypted=False
CHILD_RESULT mode=--peer scenario= encrypted=False exit=10
PEER_COMMITTED
TWO_COLD_INDEXED_MODELS_VERIFIED __WORKSPACE__/temporary/p133-pin-proof-5649e5bafef3469faa1258335c7a951e/17f805cb-aa47-4420-a86b-0bcdfc619567.db
CONTROL_VERIFIED idle-handoff
CASE_FIXED
CHILD_START mode=--case scenario=pin-begin-same path=__WORKSPACE__/temporary/p133-pin-proof-5649e5bafef3469faa1258335c7a951e/55f55d3f-76ae-4702-b6b5-daef9322da67.db encrypted=True
CHILD_RESULT mode=--case scenario=pin-begin-same encrypted=True exit=10
LEASED_LOCAL_ANCHOR_CONFIRMED
PIN_OPERATION_POSITIVE_HOLDS_ZERO
CALLBACK_NATIVE_EXCLUSION_VERIFIED
ORDINARY_CALLBACK_DEFAULT_BEGIN_ENTERED pin-begin-same
CALLBACK_NATIVE_EXCLUSION_VERIFIED
CASE_FIXED
CHILD_START mode=--peer scenario= path=__WORKSPACE__/temporary/p133-pin-proof-5649e5bafef3469faa1258335c7a951e/55f55d3f-76ae-4702-b6b5-daef9322da67.db encrypted=True
CHILD_RESULT mode=--peer scenario= encrypted=True exit=10
PEER_COMMITTED
TWO_COLD_INDEXED_MODELS_VERIFIED __WORKSPACE__/temporary/p133-pin-proof-5649e5bafef3469faa1258335c7a951e/55f55d3f-76ae-4702-b6b5-daef9322da67.db
CHILD_START mode=--case scenario=pin-begin-peer path=__WORKSPACE__/temporary/p133-pin-proof-5649e5bafef3469faa1258335c7a951e/17b237b8-34d9-4403-b65f-0ad7961b7688.db encrypted=True
CHILD_RESULT mode=--case scenario=pin-begin-peer encrypted=True exit=10
LEASED_LOCAL_ANCHOR_CONFIRMED
PIN_OPERATION_POSITIVE_HOLDS_ZERO
CALLBACK_NATIVE_EXCLUSION_VERIFIED
ORDINARY_CALLBACK_DEFAULT_BEGIN_ENTERED pin-begin-peer
CALLBACK_NATIVE_EXCLUSION_VERIFIED
CASE_FIXED
CHILD_START mode=--peer scenario= path=__WORKSPACE__/temporary/p133-pin-proof-5649e5bafef3469faa1258335c7a951e/17b237b8-34d9-4403-b65f-0ad7961b7688.db encrypted=True
CHILD_RESULT mode=--peer scenario= encrypted=True exit=10
PEER_COMMITTED
TWO_COLD_INDEXED_MODELS_VERIFIED __WORKSPACE__/temporary/p133-pin-proof-5649e5bafef3469faa1258335c7a951e/17b237b8-34d9-4403-b65f-0ad7961b7688.db
CHILD_START mode=--case scenario=reader-begin-same path=__WORKSPACE__/temporary/p133-pin-proof-5649e5bafef3469faa1258335c7a951e/12f7fb35-1d4a-4f68-ac05-b03f40f4d39c.db encrypted=True
CHILD_RESULT mode=--case scenario=reader-begin-same encrypted=True exit=10
CALLBACK_NATIVE_EXCLUSION_VERIFIED
ORDINARY_CALLBACK_DEFAULT_BEGIN_ENTERED reader-begin-same
CALLBACK_NATIVE_EXCLUSION_VERIFIED
CASE_FIXED
CHILD_START mode=--peer scenario= path=__WORKSPACE__/temporary/p133-pin-proof-5649e5bafef3469faa1258335c7a951e/12f7fb35-1d4a-4f68-ac05-b03f40f4d39c.db encrypted=True
CHILD_RESULT mode=--peer scenario= encrypted=True exit=10
PEER_COMMITTED
TWO_COLD_INDEXED_MODELS_VERIFIED __WORKSPACE__/temporary/p133-pin-proof-5649e5bafef3469faa1258335c7a951e/12f7fb35-1d4a-4f68-ac05-b03f40f4d39c.db
CHILD_START mode=--case scenario=reader-begin-peer path=__WORKSPACE__/temporary/p133-pin-proof-5649e5bafef3469faa1258335c7a951e/7c54021e-250a-487e-b93c-fc62c75067c0.db encrypted=True
CHILD_RESULT mode=--case scenario=reader-begin-peer encrypted=True exit=10
CALLBACK_NATIVE_EXCLUSION_VERIFIED
ORDINARY_CALLBACK_DEFAULT_BEGIN_ENTERED reader-begin-peer
CALLBACK_NATIVE_EXCLUSION_VERIFIED
CASE_FIXED
CHILD_START mode=--peer scenario= path=__WORKSPACE__/temporary/p133-pin-proof-5649e5bafef3469faa1258335c7a951e/7c54021e-250a-487e-b93c-fc62c75067c0.db encrypted=True
CHILD_RESULT mode=--peer scenario= encrypted=True exit=10
PEER_COMMITTED
TWO_COLD_INDEXED_MODELS_VERIFIED __WORKSPACE__/temporary/p133-pin-proof-5649e5bafef3469faa1258335c7a951e/7c54021e-250a-487e-b93c-fc62c75067c0.db
CHILD_START mode=--control scenario=leased-begin-same path=__WORKSPACE__/temporary/p133-pin-proof-5649e5bafef3469faa1258335c7a951e/1937beb6-1a59-47d0-b97f-6cb0b7972d62.db encrypted=True
CHILD_RESULT mode=--control scenario=leased-begin-same encrypted=True exit=10
LEASED_LOCAL_ANCHOR_CONFIRMED
CHILD_START mode=--peer scenario= path=__WORKSPACE__/temporary/p133-pin-proof-5649e5bafef3469faa1258335c7a951e/1937beb6-1a59-47d0-b97f-6cb0b7972d62.db encrypted=True
CHILD_RESULT mode=--peer scenario= encrypted=True exit=10
PEER_COMMITTED
TWO_COLD_INDEXED_MODELS_VERIFIED __WORKSPACE__/temporary/p133-pin-proof-5649e5bafef3469faa1258335c7a951e/1937beb6-1a59-47d0-b97f-6cb0b7972d62.db
CONTROL_VERIFIED leased-begin-same
CASE_FIXED
CHILD_START mode=--control scenario=leased-begin-peer path=__WORKSPACE__/temporary/p133-pin-proof-5649e5bafef3469faa1258335c7a951e/8eac57d9-3805-49ef-85ca-b5ab8dbfe437.db encrypted=True
CHILD_RESULT mode=--control scenario=leased-begin-peer encrypted=True exit=10
LEASED_LOCAL_ANCHOR_CONFIRMED
CHILD_START mode=--peer scenario= path=__WORKSPACE__/temporary/p133-pin-proof-5649e5bafef3469faa1258335c7a951e/8eac57d9-3805-49ef-85ca-b5ab8dbfe437.db encrypted=True
CHILD_RESULT mode=--peer scenario= encrypted=True exit=10
PEER_COMMITTED
TWO_COLD_INDEXED_MODELS_VERIFIED __WORKSPACE__/temporary/p133-pin-proof-5649e5bafef3469faa1258335c7a951e/8eac57d9-3805-49ef-85ca-b5ab8dbfe437.db
CONTROL_VERIFIED leased-begin-peer
CASE_FIXED
CHILD_START mode=--control scenario=idle-handoff path=__WORKSPACE__/temporary/p133-pin-proof-5649e5bafef3469faa1258335c7a951e/e6144353-de1e-4ad0-8373-4d807e7aa0f0.db encrypted=True
CHILD_RESULT mode=--control scenario=idle-handoff encrypted=True exit=10
LEASED_LOCAL_ANCHOR_CONFIRMED
CHILD_START mode=--peer scenario= path=__WORKSPACE__/temporary/p133-pin-proof-5649e5bafef3469faa1258335c7a951e/e6144353-de1e-4ad0-8373-4d807e7aa0f0.db encrypted=True
CHILD_RESULT mode=--peer scenario= encrypted=True exit=10
PEER_COMMITTED
TWO_COLD_INDEXED_MODELS_VERIFIED __WORKSPACE__/temporary/p133-pin-proof-5649e5bafef3469faa1258335c7a951e/e6144353-de1e-4ad0-8373-4d807e7aa0f0.db
CONTROL_VERIFIED idle-handoff
CASE_FIXED
VERIFIED_FIXED
{"type":"result","timestamp":"2026-09-30T17:15:36.6189157+00:00","text":"Native dependency cases, independent controls and cold models verified.","success":false}

STDERR
