2026-10-01T05:50:15.4102056Z Current runner version: '2.337.0'
2026-10-01T05:50:15.4135765Z ##[group]Runner Image Provisioner
2026-10-01T05:50:15.4137125Z Hosted Compute Agent
2026-10-01T05:50:15.4138426Z Version: 20260901.588
2026-10-01T05:50:15.4139535Z Commit: f88ec8081b781fac6c440065ac7ff9e710ce3d0b
2026-10-01T05:50:15.4140865Z Build Date: 2026-09-01T19:56:44Z
2026-10-01T05:50:15.4141990Z Worker ID: {fe37083a-8dc3-41e5-a49b-c301696b27cd}
2026-10-01T05:50:15.4143238Z Azure Region: eastus
2026-10-01T05:50:15.4144222Z ##[endgroup]
2026-10-01T05:50:15.4146446Z ##[group]Operating System
2026-10-01T05:50:15.4147740Z Ubuntu
2026-10-01T05:50:15.4148579Z 24.04.5
2026-10-01T05:50:15.4149503Z LTS
2026-10-01T05:50:15.4150344Z ##[endgroup]
2026-10-01T05:50:15.4151331Z ##[group]Runner Image
2026-10-01T05:50:15.4152391Z Image: ubuntu-24.04
2026-10-01T05:50:15.4153268Z Version: 20260927.320.1
2026-10-01T05:50:15.4155403Z Included Software: https://github.com/actions/runner-images/blob/ubuntu24/20260927.320/images/ubuntu/Ubuntu2404-Readme.md
2026-10-01T05:50:15.4158471Z Image Release: https://github.com/actions/runner-images/releases/tag/ubuntu24%2F20260927.320
2026-10-01T05:50:15.4160135Z ##[endgroup]
2026-10-01T05:50:15.4162141Z ##[group]GITHUB_TOKEN Permissions
2026-10-01T05:50:15.4164733Z Contents: read
2026-10-01T05:50:15.4165807Z Metadata: read
2026-10-01T05:50:15.4166708Z Packages: read
2026-10-01T05:50:15.4167818Z ##[endgroup]
2026-10-01T05:50:15.4170781Z Secret source: None
2026-10-01T05:50:15.4172464Z Cache mode: write
2026-10-01T05:50:15.4173619Z Prepare workflow directory
2026-10-01T05:50:15.4637925Z Prepare all required actions
2026-10-01T05:50:15.4708137Z Getting action download info
2026-10-01T05:50:15.6951297Z Download action repository 'actions/checkout@v4' (SHA:11d5960a326750d5838078e36cf38b85af677262)
2026-10-01T05:50:15.8046767Z Download action repository 'actions/setup-dotnet@v4' (SHA:67a3573c9a986a3f9c594539f4ab511d57bb3ce9)
2026-10-01T05:50:16.0211579Z Download action repository 'actions/download-artifact@v4' (SHA:d3f86a106a0bac45b974a628896c90dbdf5c8093)
2026-10-01T05:50:16.1917516Z Download action repository 'actions/upload-artifact@v4' (SHA:ea165f8d65b6e75b540449e92b4886f43607fa02)
2026-10-01T05:50:16.4255079Z Uses: litedb-org/LiteDB/.github/workflows/_reusable-ci.yml@refs/pull/3077/merge (d4f25e6bda475c117f64720805f5034bcd7a0b48)
2026-10-01T05:50:16.4260988Z ##[group] Inputs
2026-10-01T05:50:16.4261924Z   tier: pr
2026-10-01T05:50:16.4267533Z   sdk-matrix: [
  { "display": ".NET 8", "runtimeMajor": 8,  "sdk": "8.0.x",           "framework": "net8.0", "includePrerelease": false, "msbuildProps": "" },
  { "display": ".NET 9", "runtimeMajor": 9,  "sdk": "9.0.x\n8.0.x",    "framework": "net8.0", "includePrerelease": true,  "msbuildProps": "" },
  { "display": ".NET 10", "runtimeMajor": 10, "sdk": "10.0.x",          "framework": "net10.0", "includePrerelease": false, "msbuildProps": "" }
]

2026-10-01T05:50:16.4272750Z ##[endgroup]
2026-10-01T05:50:16.4273765Z Complete job name: build-and-test / Test (Linux .NET 8)
2026-10-01T05:50:16.5099498Z ##[group]Run actions/checkout@v4
2026-10-01T05:50:16.5100803Z with:
2026-10-01T05:50:16.5101587Z   repository: litedb-org/LiteDB
2026-10-01T05:50:16.5109831Z   token: ***
2026-10-01T05:50:16.5110627Z   ssh-strict: true
2026-10-01T05:50:16.5111429Z   ssh-user: git
2026-10-01T05:50:16.5112236Z   persist-credentials: true
2026-10-01T05:50:16.5113156Z   clean: true
2026-10-01T05:50:16.5113968Z   sparse-checkout-cone-mode: true
2026-10-01T05:50:16.5114932Z   fetch-depth: 1
2026-10-01T05:50:16.5115716Z   fetch-tags: false
2026-10-01T05:50:16.5116525Z   show-progress: true
2026-10-01T05:50:16.5117479Z   lfs: false
2026-10-01T05:50:16.5118244Z   submodules: false
2026-10-01T05:50:16.5119072Z   set-safe-directory: true
2026-10-01T05:50:16.5120021Z   allow-unsafe-pr-checkout: false
2026-10-01T05:50:16.5121278Z ##[endgroup]
2026-10-01T05:50:16.6090034Z Syncing repository: litedb-org/LiteDB
2026-10-01T05:50:16.6092929Z ##[group]Getting Git version info
2026-10-01T05:50:16.6094269Z Working directory is '__CI_HOME__/work/LiteDB/LiteDB'
2026-10-01T05:50:16.6096422Z [command]/usr/bin/git version
2026-10-01T05:50:16.6175670Z git version 2.55.0
2026-10-01T05:50:16.6197815Z ##[endgroup]
2026-10-01T05:50:16.6211674Z Temporarily overriding HOME='__CI_HOME__/work/_temp/9492c44d-6536-4971-b675-c233cc6b34ba' before making global git config changes
2026-10-01T05:50:16.6215192Z Adding repository directory to the temporary git global config as a safe directory
2026-10-01T05:50:16.6218928Z [command]/usr/bin/git config --global --add safe.directory __CI_WORKSPACE__
2026-10-01T05:50:16.6266928Z Deleting the contents of '__CI_HOME__/work/LiteDB/LiteDB'
2026-10-01T05:50:16.6272049Z ##[group]Initializing the repository
2026-10-01T05:50:16.6276113Z [command]/usr/bin/git init __CI_WORKSPACE__
2026-10-01T05:50:16.6403038Z hint: Using 'master' as the name for the initial branch. This default branch name
2026-10-01T05:50:16.6406131Z hint: will change to "main" in Git 3.0. To configure the initial branch name
2026-10-01T05:50:16.6409570Z hint: to use in all of your new repositories, which will suppress this warning,
2026-10-01T05:50:16.6411076Z hint: call:
2026-10-01T05:50:16.6411805Z hint:
2026-10-01T05:50:16.6412905Z hint: 	git config --global init.defaultBranch <name>
2026-10-01T05:50:16.6414072Z hint:
2026-10-01T05:50:16.6415140Z hint: Names commonly chosen instead of 'master' are 'main', 'trunk' and
2026-10-01T05:50:16.6416917Z hint: 'development'. The just-created branch can be renamed via this command:
2026-10-01T05:50:16.6419190Z hint:
2026-10-01T05:50:16.6419967Z hint: 	git branch -m <name>
2026-10-01T05:50:16.6420829Z hint:
2026-10-01T05:50:16.6421988Z hint: Disable this message with "git config set advice.defaultBranchName false"
2026-10-01T05:50:16.6423918Z Initialized empty Git repository in __CI_WORKSPACE__/.git/
2026-10-01T05:50:16.6427023Z [command]/usr/bin/git remote add origin https://github.com/litedb-org/LiteDB
2026-10-01T05:50:16.6469673Z ##[endgroup]
2026-10-01T05:50:16.6471078Z ##[group]Disabling automatic garbage collection
2026-10-01T05:50:16.6472732Z [command]/usr/bin/git config --local gc.auto 0
2026-10-01T05:50:16.6505864Z ##[endgroup]
2026-10-01T05:50:16.6508400Z ##[group]Setting up auth
2026-10-01T05:50:16.6513194Z [command]/usr/bin/git config --local --name-only --get-regexp core\.sshCommand
2026-10-01T05:50:16.6546071Z [command]/usr/bin/git submodule foreach --recursive sh -c "git config --local --name-only --get-regexp 'core\.sshCommand' && git config --local --unset-all 'core.sshCommand' || :"
2026-10-01T05:50:16.6907674Z [command]/usr/bin/git config --local --name-only --get-regexp http\.https\:\/\/github\.com\/\.extraheader
2026-10-01T05:50:16.6938111Z [command]/usr/bin/git submodule foreach --recursive sh -c "git config --local --name-only --get-regexp 'http\.https\:\/\/github\.com\/\.extraheader' && git config --local --unset-all 'http.https://github.com/.extraheader' || :"
2026-10-01T05:50:16.7267644Z [command]/usr/bin/git config --local --name-only --get-regexp ^includeIf\.gitdir:
2026-10-01T05:50:16.7297884Z [command]/usr/bin/git submodule foreach --recursive git config --local --show-origin --name-only --get-regexp remote.origin.url
2026-10-01T05:50:16.7441323Z [command]/usr/bin/git config --local http.https://github.com/.extraheader AUTHORIZATION: basic ***
2026-10-01T05:50:16.7475851Z ##[endgroup]
2026-10-01T05:50:16.7477504Z ##[group]Fetching the repository
2026-10-01T05:50:16.7485563Z [command]/usr/bin/git -c protocol.version=2 fetch --no-tags --prune --no-recurse-submodules --depth=1 origin +d4f25e6bda475c117f64720805f5034bcd7a0b48:refs/remotes/pull/3077/merge
2026-10-01T05:50:17.3358478Z From https://github.com/litedb-org/LiteDB
2026-10-01T05:50:17.3360739Z  * [new ref]         d4f25e6bda475c117f64720805f5034bcd7a0b48 -> pull/3077/merge
2026-10-01T05:50:17.3364257Z ##[endgroup]
2026-10-01T05:50:17.3365359Z ##[group]Determining the checkout info
2026-10-01T05:50:17.3366460Z ##[endgroup]
2026-10-01T05:50:17.3371768Z [command]/usr/bin/git sparse-checkout disable
2026-10-01T05:50:17.3423199Z [command]/usr/bin/git config --local --unset-all extensions.worktreeConfig
2026-10-01T05:50:17.3453692Z ##[group]Checking out the ref
2026-10-01T05:50:17.3458129Z [command]/usr/bin/git checkout --progress --force refs/remotes/pull/3077/merge
2026-10-01T05:50:17.4694173Z Note: switching to 'refs/remotes/pull/3077/merge'.
2026-10-01T05:50:17.4694935Z 
2026-10-01T05:50:17.4695572Z You are in 'detached HEAD' state. You can look around, make experimental
2026-10-01T05:50:17.4696816Z changes and commit them, and you can discard any commits you make in this
2026-10-01T05:50:17.4698288Z state without impacting any branches by switching back to a branch.
2026-10-01T05:50:17.4698981Z 
2026-10-01T05:50:17.4699358Z If you want to create a new branch to retain commits you create, you may
2026-10-01T05:50:17.4700208Z do so (now or later) by using -c with the switch command. Example:
2026-10-01T05:50:17.4700625Z 
2026-10-01T05:50:17.4700873Z   git switch -c <new-branch-name>
2026-10-01T05:50:17.4701262Z 
2026-10-01T05:50:17.4701500Z Or undo this operation with:
2026-10-01T05:50:17.4701801Z 
2026-10-01T05:50:17.4702008Z   git switch -
2026-10-01T05:50:17.4702280Z 
2026-10-01T05:50:17.4702653Z Turn off this advice by setting config variable advice.detachedHead to false
2026-10-01T05:50:17.4703120Z 
2026-10-01T05:50:17.4703636Z HEAD is now at d4f25e6 Merge 9e6111802619d30f5aa38c3fedd039912306aebf into 023c2b4ba8ffe637c955092ff05289d90eafdfb4
2026-10-01T05:50:17.4717546Z ##[endgroup]
2026-10-01T05:50:17.4751515Z [command]/usr/bin/git log -1 --format=%H
2026-10-01T05:50:17.4774437Z d4f25e6bda475c117f64720805f5034bcd7a0b48
2026-10-01T05:50:17.5060296Z ##[group]Run actions/setup-dotnet@v4
2026-10-01T05:50:17.5060815Z with:
2026-10-01T05:50:17.5061206Z   dotnet-version: 8.0.x
2026-10-01T05:50:17.5061630Z   cache: false
2026-10-01T05:50:17.5062009Z ##[endgroup]
2026-10-01T05:50:17.6446015Z (node:2312) [DEP0040] DeprecationWarning: The `punycode` module is deprecated. Please use a userland alternative instead.
2026-10-01T05:50:17.6448073Z (Use `node --trace-deprecation ...` to show where the warning was created)
2026-10-01T05:50:17.6475552Z [command]__CI_HOME__/work/_actions/actions/setup-dotnet/v4/externals/install-dotnet.sh --skip-non-versioned-files --runtime dotnet --channel LTS
2026-10-01T05:50:17.9926243Z dotnet-install: .NET Core Runtime with version '10.0.12' is already installed.
2026-10-01T05:50:17.9975986Z [command]__CI_HOME__/work/_actions/actions/setup-dotnet/v4/externals/install-dotnet.sh --skip-non-versioned-files --channel 8.0
2026-10-01T05:50:18.2056577Z dotnet-install: .NET Core SDK with version '8.0.425' is already installed.
2026-10-01T05:50:18.2242050Z ##[group]Run actions/download-artifact@v4
2026-10-01T05:50:18.2242385Z with:
2026-10-01T05:50:18.2242595Z   name: tests-build-linux
2026-10-01T05:50:18.2242841Z   merge-multiple: false
2026-10-01T05:50:18.2243089Z   repository: litedb-org/LiteDB
2026-10-01T05:50:18.2243339Z   run-id: 36821345272
2026-10-01T05:50:18.2243545Z env:
2026-10-01T05:50:18.2243766Z   DOTNET_ROOT: /usr/share/dotnet
2026-10-01T05:50:18.2244028Z ##[endgroup]
2026-10-01T05:50:18.3684646Z Downloading single artifact
2026-10-01T05:50:18.3829810Z (node:2504) [DEP0040] DeprecationWarning: The `punycode` module is deprecated. Please use a userland alternative instead.
2026-10-01T05:50:18.3830590Z (Use `node --trace-deprecation ...` to show where the warning was created)
2026-10-01T05:50:18.4623271Z Preparing to download the following artifacts:
2026-10-01T05:50:18.4624336Z - tests-build-linux (ID: 11143317113, Size: 37789228, Expected Digest: sha256:e499a970cc8358eb67545adc9bd779ee0029a0995d341f1f436ee67fa4818970)
2026-10-01T05:50:18.5897926Z Redirecting to blob download url: https://productionresultssa1.blob.core.windows.net/actions-results/a0800bde-a4c4-8d25-ad08-764584e17c03/workflow-job-run-d9246c7c-b2d9-563f-b661-431aeef2c1b4/artifacts/799830fbb823578604daec1b2b37aa7877ec9b16b5eb82ed2bc92fc868613cf2.zip
2026-10-01T05:50:18.5899291Z Starting download of artifact to: __CI_WORKSPACE__
2026-10-01T05:50:18.6657477Z (node:2504) [DEP0005] DeprecationWarning: Buffer() is deprecated due to security and usability issues. Please use the Buffer.alloc(), Buffer.allocUnsafe(), or Buffer.from() methods instead.
2026-10-01T05:50:19.2496357Z SHA256 digest of downloaded artifact is e499a970cc8358eb67545adc9bd779ee0029a0995d341f1f436ee67fa4818970
2026-10-01T05:50:19.2497691Z Artifact download completed successfully.
2026-10-01T05:50:19.2498289Z Total of 1 artifact(s) downloaded
2026-10-01T05:50:19.2510163Z Download artifact has finished successfully
2026-10-01T05:50:19.2701819Z ##[group]Run tar -xzf tests-build-linux.tar.gz
2026-10-01T05:50:19.2702325Z [36;1mtar -xzf tests-build-linux.tar.gz[0m
2026-10-01T05:50:19.2974564Z shell: /usr/bin/bash -e {0}
2026-10-01T05:50:19.2974853Z env:
2026-10-01T05:50:19.2975078Z   DOTNET_ROOT: /usr/share/dotnet
2026-10-01T05:50:19.2975350Z ##[endgroup]
2026-10-01T05:50:20.0654658Z ##[group]Run ./scripts/run-ci-tests.ps1 -RuntimeMajor 8 -Framework "net8.0" -PartitionSuite
2026-10-01T05:50:20.0655434Z [36;1m./scripts/run-ci-tests.ps1 -RuntimeMajor 8 -Framework "net8.0" -PartitionSuite[0m
2026-10-01T05:50:20.0680672Z shell: /usr/bin/pwsh -command ". '{0}'"
2026-10-01T05:50:20.0680964Z env:
2026-10-01T05:50:20.0681184Z   DOTNET_ROOT: /usr/share/dotnet
2026-10-01T05:50:20.0681799Z   LITEDB_EVIDENCE_MATRIX: {
  "item": {
    "display": ".NET 8",
    "runtimeMajor": 8,
    "sdk": "8.0.x",
    "framework": "net8.0",
    "includePrerelease": false
  }
}
2026-10-01T05:50:20.0682417Z ##[endgroup]
2026-10-01T05:50:22.2699404Z dotnet-install: Attempting to download using aka.ms link https://builds.dotnet.microsoft.com/dotnet/Runtime/8.0.31/dotnet-runtime-8.0.31-linux-x64.tar.gz
2026-10-01T05:50:22.5361663Z dotnet-install: Remote file https://builds.dotnet.microsoft.com/dotnet/Runtime/8.0.31/dotnet-runtime-8.0.31-linux-x64.tar.gz size is 31298876 bytes.
2026-10-01T05:50:22.5390137Z dotnet-install: Extracting archive from https://builds.dotnet.microsoft.com/dotnet/Runtime/8.0.31/dotnet-runtime-8.0.31-linux-x64.tar.gz
2026-10-01T05:50:23.1578723Z dotnet-install: Downloaded file size is 31298876 bytes.
2026-10-01T05:50:23.1579232Z dotnet-install: The remote and local file sizes are equal.
2026-10-01T05:50:23.1844591Z dotnet-install: Installed version is 8.0.31
2026-10-01T05:50:23.1901749Z dotnet-install: Binaries of dotnet can be found in __CI_HOME__/work/_temp/litedb-runtime-8-x64
2026-10-01T05:50:23.1902695Z dotnet-install: Note that the script does not resolve dependencies during installation.
2026-10-01T05:50:23.1904033Z dotnet-install: To check the list of dependencies, go to https://learn.microsoft.com/dotnet/core/install, select your operating system and check the "Dependencies" section.
2026-10-01T05:50:23.1905072Z dotnet-install: Installation finished successfully.
2026-10-01T05:50:23.1967815Z 
2026-10-01T05:50:23.1968038Z Host:
2026-10-01T05:50:23.1968468Z   Version:      8.0.31
2026-10-01T05:50:23.1968925Z   Architecture: x64
2026-10-01T05:50:23.1969318Z   Commit:       1219a42122
2026-10-01T05:50:23.1969770Z   RID:          linux-x64
2026-10-01T05:50:23.1970019Z 
2026-10-01T05:50:23.1970199Z .NET SDKs installed:
2026-10-01T05:50:23.1970576Z   No SDKs were found.
2026-10-01T05:50:23.1970807Z 
2026-10-01T05:50:23.1970987Z .NET runtimes installed:
2026-10-01T05:50:23.1971769Z   Microsoft.NETCore.App 8.0.31 [__CI_HOME__/work/_temp/litedb-runtime-8-x64/shared/Microsoft.NETCore.App]
2026-10-01T05:50:23.1972453Z 
2026-10-01T05:50:23.1972669Z Other architectures found:
2026-10-01T05:50:23.1973058Z   None
2026-10-01T05:50:23.1973293Z 
2026-10-01T05:50:23.1973470Z Environment variables:
2026-10-01T05:50:23.1973889Z   DOTNET_ROOT       [/usr/share/dotnet]
2026-10-01T05:50:23.1974178Z 
2026-10-01T05:50:23.1974274Z global.json file:
2026-10-01T05:50:23.1974484Z   Not found
2026-10-01T05:50:23.1974598Z 
2026-10-01T05:50:23.1974684Z Learn more:
2026-10-01T05:50:23.1974916Z   https://aka.ms/dotnet/info
2026-10-01T05:50:23.1975085Z 
2026-10-01T05:50:23.1975177Z Download .NET:
2026-10-01T05:50:23.1975642Z   https://aka.ms/dotnet/download
2026-10-01T05:50:23.2524010Z 
2026-10-01T05:50:23.2524275Z Host:
2026-10-01T05:50:23.2524699Z   Version:      8.0.31
2026-10-01T05:50:23.2524965Z   Architecture: x64
2026-10-01T05:50:23.2525198Z   Commit:       1219a42122
2026-10-01T05:50:23.2525514Z   RID:          linux-x64
2026-10-01T05:50:23.2525755Z 
2026-10-01T05:50:23.2525873Z .NET SDKs installed:
2026-10-01T05:50:23.2526228Z   No SDKs were found.
2026-10-01T05:50:23.2526471Z 
2026-10-01T05:50:23.2526662Z .NET runtimes installed:
2026-10-01T05:50:23.2527690Z   Microsoft.NETCore.App 8.0.31 [__CI_HOME__/work/_temp/litedb-runtime-8-x64/shared/Microsoft.NETCore.App]
2026-10-01T05:50:23.2528415Z 
2026-10-01T05:50:23.2528632Z Other architectures found:
2026-10-01T05:50:23.2529040Z   None
2026-10-01T05:50:23.2529244Z 
2026-10-01T05:50:23.2529439Z Environment variables:
2026-10-01T05:50:23.2530251Z   DOTNET_ROOT       [/usr/share/dotnet]
2026-10-01T05:50:23.2530606Z 
2026-10-01T05:50:23.2530757Z global.json file:
2026-10-01T05:50:23.2531137Z   Not found
2026-10-01T05:50:23.2531333Z 
2026-10-01T05:50:23.2531477Z Learn more:
2026-10-01T05:50:23.2531863Z   https://aka.ms/dotnet/info
2026-10-01T05:50:23.2532160Z 
2026-10-01T05:50:23.2532325Z Download .NET:
2026-10-01T05:50:23.2532729Z   https://aka.ms/dotnet/download
2026-10-01T05:50:28.8715297Z Partition coverage: 2297 test methods, 0 not in exactly one partition.
2026-10-01T05:50:28.9147606Z Running complete-suite partition: issues
2026-10-01T05:50:28.9175697Z 
2026-10-01T05:50:28.9176101Z Host:
2026-10-01T05:50:28.9176457Z   Version:      8.0.31
2026-10-01T05:50:28.9176864Z   Architecture: x64
2026-10-01T05:50:28.9177456Z   Commit:       1219a42122
2026-10-01T05:50:28.9177848Z   RID:          linux-x64
2026-10-01T05:50:28.9178098Z 
2026-10-01T05:50:28.9178285Z .NET SDKs installed:
2026-10-01T05:50:28.9178684Z   No SDKs were found.
2026-10-01T05:50:28.9178962Z 
2026-10-01T05:50:28.9179170Z .NET runtimes installed:
2026-10-01T05:50:28.9179996Z   Microsoft.NETCore.App 8.0.31 [__CI_HOME__/work/_temp/litedb-runtime-8-x64/shared/Microsoft.NETCore.App]
2026-10-01T05:50:28.9180763Z 
2026-10-01T05:50:28.9180974Z Other architectures found:
2026-10-01T05:50:28.9181412Z   None
2026-10-01T05:50:28.9181603Z 
2026-10-01T05:50:28.9181799Z Environment variables:
2026-10-01T05:50:28.9182235Z   DOTNET_ROOT       [/usr/share/dotnet]
2026-10-01T05:50:28.9182592Z 
2026-10-01T05:50:28.9182805Z global.json file:
2026-10-01T05:50:28.9183177Z   Not found
2026-10-01T05:50:28.9183376Z 
2026-10-01T05:50:28.9183522Z Learn more:
2026-10-01T05:50:28.9183906Z   https://aka.ms/dotnet/info
2026-10-01T05:50:28.9184217Z 
2026-10-01T05:50:28.9184373Z Download .NET:
2026-10-01T05:50:28.9184771Z   https://aka.ms/dotnet/download
2026-10-01T05:50:29.0859873Z VSTest version 18.7.0 (x64)
2026-10-01T05:50:29.0886991Z 
2026-10-01T05:50:29.1929073Z Starting test execution, please wait...
2026-10-01T05:50:29.2329463Z A total of 1 test files matched the specified pattern.
2026-10-01T05:50:38.6165088Z [xUnit.net 00:00:09.03]     LiteDB.Tests.Issues.Issue2127_Tests+ReproTests.InsertItemBackToBack_Test [SKIP]
2026-10-01T05:50:38.6457694Z   Skipped LiteDB.Tests.Issues.Issue2127_Tests+ReproTests.InsertItemBackToBack_Test [1 ms]
2026-10-01T05:51:03.6365915Z Results File: __CI_WORKSPACE__/LiteDB.Tests/TestResults/TestResults-issues.trx
2026-10-01T05:51:03.6369775Z 
2026-10-01T05:51:03.6417695Z Passed!  - Failed:     0, Passed:  1569, Skipped:     1, Total:  1570, Duration: 32 s - LiteDB.Tests.dll (net8.0)
2026-10-01T05:51:03.8902841Z Running complete-suite partition: rebuild
2026-10-01T05:51:03.8931699Z 
2026-10-01T05:51:03.8931872Z Host:
2026-10-01T05:51:03.8932240Z   Version:      8.0.31
2026-10-01T05:51:03.8953790Z   Architecture: x64
2026-10-01T05:51:03.8954175Z   Commit:       1219a42122
2026-10-01T05:51:03.8954554Z   RID:          linux-x64
2026-10-01T05:51:03.8954789Z 
2026-10-01T05:51:03.8954993Z .NET SDKs installed:
2026-10-01T05:51:03.8955339Z   No SDKs were found.
2026-10-01T05:51:03.8955978Z 
2026-10-01T05:51:03.8956175Z .NET runtimes installed:
2026-10-01T05:51:03.8956913Z   Microsoft.NETCore.App 8.0.31 [__CI_HOME__/work/_temp/litedb-runtime-8-x64/shared/Microsoft.NETCore.App]
2026-10-01T05:51:03.8957818Z 
2026-10-01T05:51:03.8958010Z Other architectures found:
2026-10-01T05:51:03.8958373Z   None
2026-10-01T05:51:03.8958574Z 
2026-10-01T05:51:03.8958755Z Environment variables:
2026-10-01T05:51:03.8959150Z   DOTNET_ROOT       [/usr/share/dotnet]
2026-10-01T05:51:03.8959462Z 
2026-10-01T05:51:03.8959600Z global.json file:
2026-10-01T05:51:03.8959949Z   Not found
2026-10-01T05:51:03.8960142Z 
2026-10-01T05:51:03.8960279Z Learn more:
2026-10-01T05:51:03.8960641Z   https://aka.ms/dotnet/info
2026-10-01T05:51:03.8960935Z 
2026-10-01T05:51:03.8961088Z Download .NET:
2026-10-01T05:51:03.8961457Z   https://aka.ms/dotnet/download
2026-10-01T05:51:04.0468548Z VSTest version 18.7.0 (x64)
2026-10-01T05:51:04.0480634Z 
2026-10-01T05:51:04.1688090Z Starting test execution, please wait...
2026-10-01T05:51:04.2067002Z A total of 1 test files matched the specified pattern.
2026-10-01T05:51:09.3455420Z [xUnit.net 00:00:04.79]     LiteDB.Tests.Engine.Rebuild_Tests.Rebuild_Change_Culture_Error [SKIP]
2026-10-01T05:51:09.4750912Z   Skipped LiteDB.Tests.Engine.Rebuild_Tests.Rebuild_Change_Culture_Error [1 ms]
2026-10-01T05:51:10.7338469Z Results File: __CI_WORKSPACE__/LiteDB.Tests/TestResults/TestResults-rebuild.trx
2026-10-01T05:51:10.7340824Z 
2026-10-01T05:51:10.7379168Z Passed!  - Failed:     0, Passed:    87, Skipped:     1, Total:    88, Duration: 5 s - LiteDB.Tests.dll (net8.0)
2026-10-01T05:51:10.7674701Z Running complete-suite partition: engine-compact
2026-10-01T05:51:10.7698953Z 
2026-10-01T05:51:10.7699138Z Host:
2026-10-01T05:51:10.7699501Z   Version:      8.0.31
2026-10-01T05:51:10.7699896Z   Architecture: x64
2026-10-01T05:51:10.7700266Z   Commit:       1219a42122
2026-10-01T05:51:10.7700617Z   RID:          linux-x64
2026-10-01T05:51:10.7700889Z 
2026-10-01T05:51:10.7701047Z .NET SDKs installed:
2026-10-01T05:51:10.7701439Z   No SDKs were found.
2026-10-01T05:51:10.7701686Z 
2026-10-01T05:51:10.7701882Z .NET runtimes installed:
2026-10-01T05:51:10.7702655Z   Microsoft.NETCore.App 8.0.31 [__CI_HOME__/work/_temp/litedb-runtime-8-x64/shared/Microsoft.NETCore.App]
2026-10-01T05:51:10.7703354Z 
2026-10-01T05:51:10.7703569Z Other architectures found:
2026-10-01T05:51:10.7703981Z   None
2026-10-01T05:51:10.7704181Z 
2026-10-01T05:51:10.7704371Z Environment variables:
2026-10-01T05:51:10.7704796Z   DOTNET_ROOT       [/usr/share/dotnet]
2026-10-01T05:51:10.7705126Z 
2026-10-01T05:51:10.7705313Z global.json file:
2026-10-01T05:51:10.7705681Z   Not found
2026-10-01T05:51:10.7705885Z 
2026-10-01T05:51:10.7706034Z Learn more:
2026-10-01T05:51:10.7706396Z   https://aka.ms/dotnet/info
2026-10-01T05:51:10.7706687Z 
2026-10-01T05:51:10.7706845Z Download .NET:
2026-10-01T05:51:10.7707529Z   https://aka.ms/dotnet/download
2026-10-01T05:51:10.9364689Z VSTest version 18.7.0 (x64)
2026-10-01T05:51:10.9407636Z 
2026-10-01T05:51:11.0275803Z Starting test execution, please wait...
2026-10-01T05:51:11.0643275Z A total of 1 test files matched the specified pattern.
2026-10-01T05:51:41.1204824Z Results File: __CI_WORKSPACE__/LiteDB.Tests/TestResults/TestResults-engine-compact.trx
2026-10-01T05:51:41.1207678Z 
2026-10-01T05:51:41.1246383Z Passed!  - Failed:     0, Passed:   296, Skipped:     0, Total:   296, Duration: 28 s - LiteDB.Tests.dll (net8.0)
2026-10-01T05:51:41.1712868Z Running complete-suite partition: engine-index
2026-10-01T05:51:41.1736446Z 
2026-10-01T05:51:41.1736865Z Host:
2026-10-01T05:51:41.1737448Z   Version:      8.0.31
2026-10-01T05:51:41.1737881Z   Architecture: x64
2026-10-01T05:51:41.1738210Z   Commit:       1219a42122
2026-10-01T05:51:41.1738645Z   RID:          linux-x64
2026-10-01T05:51:41.1738892Z 
2026-10-01T05:51:41.1739082Z .NET SDKs installed:
2026-10-01T05:51:41.1739490Z   No SDKs were found.
2026-10-01T05:51:41.1739733Z 
2026-10-01T05:51:41.1739923Z .NET runtimes installed:
2026-10-01T05:51:41.1741170Z   Microsoft.NETCore.App 8.0.31 [__CI_HOME__/work/_temp/litedb-runtime-8-x64/shared/Microsoft.NETCore.App]
2026-10-01T05:51:41.1741894Z 
2026-10-01T05:51:41.1742111Z Other architectures found:
2026-10-01T05:51:41.1742517Z   None
2026-10-01T05:51:41.1742713Z 
2026-10-01T05:51:41.1742900Z Environment variables:
2026-10-01T05:51:41.1743325Z   DOTNET_ROOT       [/usr/share/dotnet]
2026-10-01T05:51:41.1743651Z 
2026-10-01T05:51:41.1743806Z global.json file:
2026-10-01T05:51:41.1744163Z   Not found
2026-10-01T05:51:41.1744357Z 
2026-10-01T05:51:41.1744493Z Learn more:
2026-10-01T05:51:41.1744874Z   https://aka.ms/dotnet/info
2026-10-01T05:51:41.1745154Z 
2026-10-01T05:51:41.1745298Z Download .NET:
2026-10-01T05:51:41.1745665Z   https://aka.ms/dotnet/download
2026-10-01T05:51:41.3296819Z VSTest version 18.7.0 (x64)
2026-10-01T05:51:41.3339194Z 
2026-10-01T05:51:41.4510308Z Starting test execution, please wait...
2026-10-01T05:51:41.4880583Z A total of 1 test files matched the specified pattern.
2026-10-01T05:52:10.2292050Z Results File: __CI_WORKSPACE__/LiteDB.Tests/TestResults/TestResults-engine-index.trx
2026-10-01T05:52:10.2293978Z 
2026-10-01T05:52:10.2331557Z Passed!  - Failed:     0, Passed:    63, Skipped:     0, Total:    63, Duration: 27 s - LiteDB.Tests.dll (net8.0)
2026-10-01T05:52:10.2612730Z Running complete-suite partition: engine
2026-10-01T05:52:10.2637514Z 
2026-10-01T05:52:10.2637930Z Host:
2026-10-01T05:52:10.2638306Z   Version:      8.0.31
2026-10-01T05:52:10.2638709Z   Architecture: x64
2026-10-01T05:52:10.2639081Z   Commit:       1219a42122
2026-10-01T05:52:10.2639363Z   RID:          linux-x64
2026-10-01T05:52:10.2639608Z 
2026-10-01T05:52:10.2639788Z .NET SDKs installed:
2026-10-01T05:52:10.2640136Z   No SDKs were found.
2026-10-01T05:52:10.2640284Z 
2026-10-01T05:52:10.2640458Z .NET runtimes installed:
2026-10-01T05:52:10.2641290Z   Microsoft.NETCore.App 8.0.31 [__CI_HOME__/work/_temp/litedb-runtime-8-x64/shared/Microsoft.NETCore.App]
2026-10-01T05:52:10.2642007Z 
2026-10-01T05:52:10.2642204Z Other architectures found:
2026-10-01T05:52:10.2642581Z   None
2026-10-01T05:52:10.2642758Z 
2026-10-01T05:52:10.2642934Z Environment variables:
2026-10-01T05:52:10.2643329Z   DOTNET_ROOT       [/usr/share/dotnet]
2026-10-01T05:52:10.2643646Z 
2026-10-01T05:52:10.2643792Z global.json file:
2026-10-01T05:52:10.2644133Z   Not found
2026-10-01T05:52:10.2644327Z 
2026-10-01T05:52:10.2644457Z Learn more:
2026-10-01T05:52:10.2644810Z   https://aka.ms/dotnet/info
2026-10-01T05:52:10.2644994Z 
2026-10-01T05:52:10.2645079Z Download .NET:
2026-10-01T05:52:10.2645316Z   https://aka.ms/dotnet/download
2026-10-01T05:52:10.4166609Z VSTest version 18.7.0 (x64)
2026-10-01T05:52:10.4194554Z 
2026-10-01T05:52:10.5238111Z Starting test execution, please wait...
2026-10-01T05:52:10.5585829Z A total of 1 test files matched the specified pattern.
2026-10-01T05:52:34.7704554Z [xUnit.net 00:00:23.87]     LiteDB.Tests.Engine.Collation_Tests.Create_Database_Using_Current_Culture [SKIP]
2026-10-01T05:52:34.8252021Z   Skipped LiteDB.Tests.Engine.Collation_Tests.Create_Database_Using_Current_Culture [1 ms]
2026-10-01T05:53:03.4968590Z Results File: __CI_WORKSPACE__/LiteDB.Tests/TestResults/TestResults-engine.trx
2026-10-01T05:53:03.4971384Z 
2026-10-01T05:53:03.5015124Z Passed!  - Failed:     0, Passed:   591, Skipped:     1, Total:   592, Duration: 51 s - LiteDB.Tests.dll (net8.0)
2026-10-01T05:53:03.5635350Z Running complete-suite partition: query-not-equal
2026-10-01T05:53:03.5661778Z 
2026-10-01T05:53:03.5662045Z Host:
2026-10-01T05:53:03.5662429Z   Version:      8.0.31
2026-10-01T05:53:03.5662954Z   Architecture: x64
2026-10-01T05:53:03.5663442Z   Commit:       1219a42122
2026-10-01T05:53:03.5663804Z   RID:          linux-x64
2026-10-01T05:53:03.5663982Z 
2026-10-01T05:53:03.5664114Z .NET SDKs installed:
2026-10-01T05:53:03.5664392Z   No SDKs were found.
2026-10-01T05:53:03.5664537Z 
2026-10-01T05:53:03.5664680Z .NET runtimes installed:
2026-10-01T05:53:03.5665217Z   Microsoft.NETCore.App 8.0.31 [__CI_HOME__/work/_temp/litedb-runtime-8-x64/shared/Microsoft.NETCore.App]
2026-10-01T05:53:03.5666054Z 
2026-10-01T05:53:03.5668481Z Other architectures found:
2026-10-01T05:53:03.5687860Z   None
2026-10-01T05:53:03.5688304Z 
2026-10-01T05:53:03.5688541Z Environment variables:
2026-10-01T05:53:03.5688972Z   DOTNET_ROOT       [/usr/share/dotnet]
2026-10-01T05:53:03.5689303Z 
2026-10-01T05:53:03.5689457Z global.json file:
2026-10-01T05:53:03.5689806Z   Not found
2026-10-01T05:53:03.5689993Z 
2026-10-01T05:53:03.5690130Z Learn more:
2026-10-01T05:53:03.5690479Z   https://aka.ms/dotnet/info
2026-10-01T05:53:03.5690756Z 
2026-10-01T05:53:03.5690899Z Download .NET:
2026-10-01T05:53:03.5691275Z   https://aka.ms/dotnet/download
2026-10-01T05:53:03.7269170Z VSTest version 18.7.0 (x64)
2026-10-01T05:53:03.7296518Z 
2026-10-01T05:53:03.8162696Z Starting test execution, please wait...
2026-10-01T05:53:03.8497679Z A total of 1 test files matched the specified pattern.
2026-10-01T05:53:17.7729358Z Results File: __CI_WORKSPACE__/LiteDB.Tests/TestResults/TestResults-query-not-equal.trx
2026-10-01T05:53:17.7731843Z 
2026-10-01T05:53:17.7770001Z Passed!  - Failed:     0, Passed:    14, Skipped:     0, Total:    14, Duration: 12 s - LiteDB.Tests.dll (net8.0)
2026-10-01T05:53:17.8032956Z Running complete-suite partition: query
2026-10-01T05:53:17.8058567Z 
2026-10-01T05:53:17.8058812Z Host:
2026-10-01T05:53:17.8059167Z   Version:      8.0.31
2026-10-01T05:53:17.8059582Z   Architecture: x64
2026-10-01T05:53:17.8059953Z   Commit:       1219a42122
2026-10-01T05:53:17.8060352Z   RID:          linux-x64
2026-10-01T05:53:17.8060594Z 
2026-10-01T05:53:17.8060781Z .NET SDKs installed:
2026-10-01T05:53:17.8061159Z   No SDKs were found.
2026-10-01T05:53:17.8061402Z 
2026-10-01T05:53:17.8061589Z .NET runtimes installed:
2026-10-01T05:53:17.8062431Z   Microsoft.NETCore.App 8.0.31 [__CI_HOME__/work/_temp/litedb-runtime-8-x64/shared/Microsoft.NETCore.App]
2026-10-01T05:53:17.8063160Z 
2026-10-01T05:53:17.8063388Z Other architectures found:
2026-10-01T05:53:17.8063804Z   None
2026-10-01T05:53:17.8063991Z 
2026-10-01T05:53:17.8064168Z Environment variables:
2026-10-01T05:53:17.8064579Z   DOTNET_ROOT       [/usr/share/dotnet]
2026-10-01T05:53:17.8064893Z 
2026-10-01T05:53:17.8065040Z global.json file:
2026-10-01T05:53:17.8065385Z   Not found
2026-10-01T05:53:17.8065574Z 
2026-10-01T05:53:17.8065706Z Learn more:
2026-10-01T05:53:17.8066062Z   https://aka.ms/dotnet/info
2026-10-01T05:53:17.8066330Z 
2026-10-01T05:53:17.8066477Z Download .NET:
2026-10-01T05:53:17.8066847Z   https://aka.ms/dotnet/download
2026-10-01T05:53:17.9595785Z VSTest version 18.7.0 (x64)
2026-10-01T05:53:17.9623586Z 
2026-10-01T05:53:18.0492905Z Starting test execution, please wait...
2026-10-01T05:53:18.0858918Z A total of 1 test files matched the specified pattern.
2026-10-01T05:53:48.1528435Z Results File: __CI_WORKSPACE__/LiteDB.Tests/TestResults/TestResults-query.trx
2026-10-01T05:53:48.1532027Z 
2026-10-01T05:53:48.1575827Z Passed!  - Failed:     0, Passed:   826, Skipped:     0, Total:   826, Duration: 28 s - LiteDB.Tests.dll (net8.0)
2026-10-01T05:53:48.2441399Z Running complete-suite partition: shared-process
2026-10-01T05:53:48.2468118Z 
2026-10-01T05:53:48.2468414Z Host:
2026-10-01T05:53:48.2468791Z   Version:      8.0.31
2026-10-01T05:53:48.2469186Z   Architecture: x64
2026-10-01T05:53:48.2469563Z   Commit:       1219a42122
2026-10-01T05:53:48.2470073Z   RID:          linux-x64
2026-10-01T05:53:48.2470252Z 
2026-10-01T05:53:48.2470378Z .NET SDKs installed:
2026-10-01T05:53:48.2470611Z   No SDKs were found.
2026-10-01T05:53:48.2470804Z 
2026-10-01T05:53:48.2471380Z .NET runtimes installed:
2026-10-01T05:53:48.2484771Z   Microsoft.NETCore.App 8.0.31 [__CI_HOME__/work/_temp/litedb-runtime-8-x64/shared/Microsoft.NETCore.App]
2026-10-01T05:53:48.2493924Z 
2026-10-01T05:53:48.2494328Z Other architectures found:
2026-10-01T05:53:48.2494800Z   None
2026-10-01T05:53:48.2495002Z 
2026-10-01T05:53:48.2495324Z Environment variables:
2026-10-01T05:53:48.2496203Z   DOTNET_ROOT       [/usr/share/dotnet]
2026-10-01T05:53:48.2496672Z 
2026-10-01T05:53:48.2496962Z global.json file:
2026-10-01T05:53:48.2497558Z   Not found
2026-10-01T05:53:48.2497753Z 
2026-10-01T05:53:48.2497899Z Learn more:
2026-10-01T05:53:48.2498263Z   https://aka.ms/dotnet/info
2026-10-01T05:53:48.2498555Z 
2026-10-01T05:53:48.2498703Z Download .NET:
2026-10-01T05:53:48.2499091Z   https://aka.ms/dotnet/download
2026-10-01T05:53:48.4125831Z VSTest version 18.7.0 (x64)
2026-10-01T05:53:48.4164649Z 
2026-10-01T05:53:48.5052729Z Starting test execution, please wait...
2026-10-01T05:53:48.5392216Z A total of 1 test files matched the specified pattern.
2026-10-01T05:55:48.5867937Z Results File: __CI_WORKSPACE__/LiteDB.Tests/TestResults/TestResults-shared-process.trx
2026-10-01T05:55:48.5870868Z 
2026-10-01T05:55:48.5908077Z Passed!  - Failed:     0, Passed:    89, Skipped:     0, Total:    89, Duration: 1 m 58 s - LiteDB.Tests.dll (net8.0)
2026-10-01T05:55:48.6198249Z Running complete-suite partition: shared
2026-10-01T05:55:48.6222055Z 
2026-10-01T05:55:48.6222316Z Host:
2026-10-01T05:55:48.6222688Z   Version:      8.0.31
2026-10-01T05:55:48.6222954Z   Architecture: x64
2026-10-01T05:55:48.6223376Z   Commit:       1219a42122
2026-10-01T05:55:48.6223777Z   RID:          linux-x64
2026-10-01T05:55:48.6224034Z 
2026-10-01T05:55:48.6224211Z .NET SDKs installed:
2026-10-01T05:55:48.6224591Z   No SDKs were found.
2026-10-01T05:55:48.6224828Z 
2026-10-01T05:55:48.6225016Z .NET runtimes installed:
2026-10-01T05:55:48.6225809Z   Microsoft.NETCore.App 8.0.31 [__CI_HOME__/work/_temp/litedb-runtime-8-x64/shared/Microsoft.NETCore.App]
2026-10-01T05:55:48.6226549Z 
2026-10-01T05:55:48.6226757Z Other architectures found:
2026-10-01T05:55:48.6227422Z   None
2026-10-01T05:55:48.6227632Z 
2026-10-01T05:55:48.6227837Z Environment variables:
2026-10-01T05:55:48.6228304Z   DOTNET_ROOT       [/usr/share/dotnet]
2026-10-01T05:55:48.6228655Z 
2026-10-01T05:55:48.6228810Z global.json file:
2026-10-01T05:55:48.6229200Z   Not found
2026-10-01T05:55:48.6229384Z 
2026-10-01T05:55:48.6229535Z Learn more:
2026-10-01T05:55:48.6229901Z   https://aka.ms/dotnet/info
2026-10-01T05:55:48.6230176Z 
2026-10-01T05:55:48.6230310Z Download .NET:
2026-10-01T05:55:48.6230688Z   https://aka.ms/dotnet/download
2026-10-01T05:55:48.7944090Z VSTest version 18.7.0 (x64)
2026-10-01T05:55:48.7974813Z 
2026-10-01T05:55:48.8886374Z Starting test execution, please wait...
2026-10-01T05:55:48.9232062Z A total of 1 test files matched the specified pattern.
2026-10-01T05:55:56.5801332Z Results File: __CI_WORKSPACE__/LiteDB.Tests/TestResults/TestResults-shared.trx
2026-10-01T05:55:56.5803736Z 
2026-10-01T05:55:56.5841576Z Passed!  - Failed:     0, Passed:    55, Skipped:     0, Total:    55, Duration: 6 s - LiteDB.Tests.dll (net8.0)
2026-10-01T05:55:56.6123424Z Running complete-suite partition: mvcc
2026-10-01T05:55:56.6147419Z 
2026-10-01T05:55:56.6147634Z Host:
2026-10-01T05:55:56.6148006Z   Version:      8.0.31
2026-10-01T05:55:56.6148436Z   Architecture: x64
2026-10-01T05:55:56.6148804Z   Commit:       1219a42122
2026-10-01T05:55:56.6149205Z   RID:          linux-x64
2026-10-01T05:55:56.6149442Z 
2026-10-01T05:55:56.6149625Z .NET SDKs installed:
2026-10-01T05:55:56.6149995Z   No SDKs were found.
2026-10-01T05:55:56.6150220Z 
2026-10-01T05:55:56.6150395Z .NET runtimes installed:
2026-10-01T05:55:56.6151178Z   Microsoft.NETCore.App 8.0.31 [__CI_HOME__/work/_temp/litedb-runtime-8-x64/shared/Microsoft.NETCore.App]
2026-10-01T05:55:56.6151767Z 
2026-10-01T05:55:56.6151880Z Other architectures found:
2026-10-01T05:55:56.6152108Z   None
2026-10-01T05:55:56.6152215Z 
2026-10-01T05:55:56.6152318Z Environment variables:
2026-10-01T05:55:56.6152553Z   DOTNET_ROOT       [/usr/share/dotnet]
2026-10-01T05:55:56.6152730Z 
2026-10-01T05:55:56.6152817Z global.json file:
2026-10-01T05:55:56.6153013Z   Not found
2026-10-01T05:55:56.6153131Z 
2026-10-01T05:55:56.6153211Z Learn more:
2026-10-01T05:55:56.6153414Z   https://aka.ms/dotnet/info
2026-10-01T05:55:56.6153918Z 
2026-10-01T05:55:56.6154006Z Download .NET:
2026-10-01T05:55:56.6154221Z   https://aka.ms/dotnet/download
2026-10-01T05:55:56.7780399Z VSTest version 18.7.0 (x64)
2026-10-01T05:55:56.7812071Z 
2026-10-01T05:55:56.8729087Z Starting test execution, please wait...
2026-10-01T05:55:56.9073028Z A total of 1 test files matched the specified pattern.
2026-10-01T05:57:24.1882397Z Results File: __CI_WORKSPACE__/LiteDB.Tests/TestResults/TestResults-mvcc.trx
2026-10-01T05:57:24.1887091Z 
2026-10-01T05:57:24.1926995Z Passed!  - Failed:     0, Passed:   403, Skipped:     0, Total:   403, Duration: 1 m 25 s - LiteDB.Tests.dll (net8.0)
2026-10-01T05:57:24.2380475Z Running complete-suite partition: internals
2026-10-01T05:57:24.2406350Z 
2026-10-01T05:57:24.2406543Z Host:
2026-10-01T05:57:24.2406913Z   Version:      8.0.31
2026-10-01T05:57:24.2407538Z   Architecture: x64
2026-10-01T05:57:24.2408297Z   Commit:       1219a42122
2026-10-01T05:57:24.2408580Z   RID:          linux-x64
2026-10-01T05:57:24.2408762Z 
2026-10-01T05:57:24.2408877Z .NET SDKs installed:
2026-10-01T05:57:24.2409109Z   No SDKs were found.
2026-10-01T05:57:24.2409241Z 
2026-10-01T05:57:24.2409354Z .NET runtimes installed:
2026-10-01T05:57:24.2409837Z   Microsoft.NETCore.App 8.0.31 [__CI_HOME__/work/_temp/litedb-runtime-8-x64/shared/Microsoft.NETCore.App]
2026-10-01T05:57:24.2410267Z 
2026-10-01T05:57:24.2410381Z Other architectures found:
2026-10-01T05:57:24.2410622Z   None
2026-10-01T05:57:24.2410729Z 
2026-10-01T05:57:24.2410833Z Environment variables:
2026-10-01T05:57:24.2411065Z   DOTNET_ROOT       [/usr/share/dotnet]
2026-10-01T05:57:24.2411247Z 
2026-10-01T05:57:24.2411329Z global.json file:
2026-10-01T05:57:24.2411535Z   Not found
2026-10-01T05:57:24.2411640Z 
2026-10-01T05:57:24.2411725Z Learn more:
2026-10-01T05:57:24.2411932Z   https://aka.ms/dotnet/info
2026-10-01T05:57:24.2412095Z 
2026-10-01T05:57:24.2412179Z Download .NET:
2026-10-01T05:57:24.2412413Z   https://aka.ms/dotnet/download
2026-10-01T05:57:24.4027552Z VSTest version 18.7.0 (x64)
2026-10-01T05:57:24.4071036Z 
2026-10-01T05:57:24.5014248Z Starting test execution, please wait...
2026-10-01T05:57:24.5363036Z A total of 1 test files matched the specified pattern.
2026-10-01T05:58:24.2864176Z Results File: __CI_WORKSPACE__/LiteDB.Tests/TestResults/TestResults-internals.trx
2026-10-01T05:58:24.2868642Z 
2026-10-01T05:58:24.2908348Z Passed!  - Failed:     0, Passed:   435, Skipped:     0, Total:   435, Duration: 58 s - LiteDB.Tests.dll (net8.0)
2026-10-01T05:58:24.3440662Z Running complete-suite partition: remaining
2026-10-01T05:58:24.3464435Z 
2026-10-01T05:58:24.3464745Z Host:
2026-10-01T05:58:24.3465134Z   Version:      8.0.31
2026-10-01T05:58:24.3465449Z   Architecture: x64
2026-10-01T05:58:24.3465921Z   Commit:       1219a42122
2026-10-01T05:58:24.3466457Z   RID:          linux-x64
2026-10-01T05:58:24.3466712Z 
2026-10-01T05:58:24.3466945Z .NET SDKs installed:
2026-10-01T05:58:24.3467564Z   No SDKs were found.
2026-10-01T05:58:24.3467878Z 
2026-10-01T05:58:24.3468067Z .NET runtimes installed:
2026-10-01T05:58:24.3468847Z   Microsoft.NETCore.App 8.0.31 [__CI_HOME__/work/_temp/litedb-runtime-8-x64/shared/Microsoft.NETCore.App]
2026-10-01T05:58:24.3469532Z 
2026-10-01T05:58:24.3469737Z Other architectures found:
2026-10-01T05:58:24.3470119Z   None
2026-10-01T05:58:24.3470312Z 
2026-10-01T05:58:24.3470495Z Environment variables:
2026-10-01T05:58:24.3470890Z   DOTNET_ROOT       [/usr/share/dotnet]
2026-10-01T05:58:24.3471201Z 
2026-10-01T05:58:24.3471361Z global.json file:
2026-10-01T05:58:24.3471712Z   Not found
2026-10-01T05:58:24.3471913Z 
2026-10-01T05:58:24.3472055Z Learn more:
2026-10-01T05:58:24.3472432Z   https://aka.ms/dotnet/info
2026-10-01T05:58:24.3472722Z 
2026-10-01T05:58:24.3472876Z Download .NET:
2026-10-01T05:58:24.3473268Z   https://aka.ms/dotnet/download
2026-10-01T05:58:24.5138899Z VSTest version 18.7.0 (x64)
2026-10-01T05:58:24.5207762Z 
2026-10-01T05:58:24.6165495Z Starting test execution, please wait...
2026-10-01T05:58:24.6546830Z A total of 1 test files matched the specified pattern.
2026-10-01T05:58:50.2878992Z Results File: __CI_WORKSPACE__/LiteDB.Tests/TestResults/TestResults-remaining.trx
2026-10-01T05:58:50.2883266Z 
2026-10-01T05:58:50.2923714Z Passed!  - Failed:     0, Passed:   519, Skipped:     0, Total:   519, Duration: 24 s - LiteDB.Tests.dll (net8.0)
2026-10-01T05:58:50.4205327Z ##[group]Run actions/upload-artifact@v4
2026-10-01T05:58:50.4205636Z with:
2026-10-01T05:58:50.4205856Z   name: test-results-test-linux-0
2026-10-01T05:58:50.4206124Z   overwrite: true
2026-10-01T05:58:50.4206647Z   path: LiteDB.Tests/TestResults/*.trx
LiteDB.Tests/TestResults/evidence-leg.json
LiteDB.Tests/TestResults/discovered-tests.txt

2026-10-01T05:58:50.4207540Z   if-no-files-found: warn
2026-10-01T05:58:50.4207841Z   compression-level: 6
2026-10-01T05:58:50.4208081Z   include-hidden-files: false
2026-10-01T05:58:50.4208319Z env:
2026-10-01T05:58:50.4208518Z   DOTNET_ROOT: /usr/share/dotnet
2026-10-01T05:58:50.4208780Z ##[endgroup]
2026-10-01T05:58:50.5846580Z (node:13949) [DEP0040] DeprecationWarning: The `punycode` module is deprecated. Please use a userland alternative instead.
2026-10-01T05:58:50.5847677Z (Use `node --trace-deprecation ...` to show where the warning was created)
2026-10-01T05:58:50.5925736Z With the provided path, there will be 14 files uploaded
2026-10-01T05:58:50.6865891Z Artifact name is valid!
2026-10-01T05:58:50.6866676Z Root directory input is valid!
2026-10-01T05:58:50.8586752Z Beginning upload of artifact content to blob storage
2026-10-01T05:58:50.9968977Z (node:13949) [DEP0169] DeprecationWarning: `url.parse()` behavior is not standardized and prone to errors that have security implications. Use the WHATWG URL API instead. CVEs are not issued for `url.parse()` vulnerabilities.
2026-10-01T05:58:51.0616134Z Uploaded bytes 1229585
2026-10-01T05:58:51.0786427Z Finished uploading artifact content to blob storage!
2026-10-01T05:58:51.0788183Z SHA256 digest of uploaded artifact zip is e761a61a0718d975abc77a4b97afe4f5a920351e2f8570a971c6e13387aa4f69
2026-10-01T05:58:51.0789450Z Finalizing artifact upload
2026-10-01T05:58:51.2727833Z Artifact test-results-test-linux-0.zip successfully finalized. Artifact ID 11144017588
2026-10-01T05:58:51.2729473Z Artifact test-results-test-linux-0 has been successfully uploaded! Final size is 1229585 bytes. Artifact ID is 11144017588
2026-10-01T05:58:51.2734844Z Artifact download URL: https://github.com/litedb-org/LiteDB/actions/runs/36821345272/artifacts/11144017588
2026-10-01T05:58:51.2900773Z Post job cleanup.
2026-10-01T05:58:51.4084912Z (node:13961) [DEP0040] DeprecationWarning: The `punycode` module is deprecated. Please use a userland alternative instead.
2026-10-01T05:58:51.4085715Z (Use `node --trace-deprecation ...` to show where the warning was created)
2026-10-01T05:58:51.4223783Z Post job cleanup.
2026-10-01T05:58:51.5073492Z [command]/usr/bin/git version
2026-10-01T05:58:51.5114405Z git version 2.55.0
2026-10-01T05:58:51.5153111Z Temporarily overriding HOME='__CI_HOME__/work/_temp/9f1fed5a-c6f5-4c5d-a54d-b6c7e1e17a76' before making global git config changes
2026-10-01T05:58:51.5154758Z Adding repository directory to the temporary git global config as a safe directory
2026-10-01T05:58:51.5158572Z [command]/usr/bin/git config --global --add safe.directory __CI_WORKSPACE__
2026-10-01T05:58:51.5196734Z [command]/usr/bin/git config --local --name-only --get-regexp core\.sshCommand
2026-10-01T05:58:51.5231690Z [command]/usr/bin/git submodule foreach --recursive sh -c "git config --local --name-only --get-regexp 'core\.sshCommand' && git config --local --unset-all 'core.sshCommand' || :"
2026-10-01T05:58:51.5474492Z [command]/usr/bin/git config --local --name-only --get-regexp http\.https\:\/\/github\.com\/\.extraheader
2026-10-01T05:58:51.5511341Z http.https://github.com/.extraheader
2026-10-01T05:58:51.5521969Z [command]/usr/bin/git config --local --unset-all http.https://github.com/.extraheader
2026-10-01T05:58:51.5555792Z [command]/usr/bin/git submodule foreach --recursive sh -c "git config --local --name-only --get-regexp 'http\.https\:\/\/github\.com\/\.extraheader' && git config --local --unset-all 'http.https://github.com/.extraheader' || :"
2026-10-01T05:58:51.5779743Z [command]/usr/bin/git config --local --name-only --get-regexp ^includeIf\.gitdir:
2026-10-01T05:58:51.5811197Z [command]/usr/bin/git submodule foreach --recursive git config --local --show-origin --name-only --get-regexp remote.origin.url
2026-10-01T05:58:51.6166304Z Cleaning up orphan processes
2026-10-01T05:58:51.6440236Z ##[warning]Node.js 20 is deprecated. The following actions target Node.js 20 but are being forced to run on Node.js 24: actions/checkout@v4, actions/download-artifact@v4, actions/setup-dotnet@v4, actions/upload-artifact@v4. For more information see: https://github.blog/changelog/2025-09-19-deprecation-of-node-20-on-github-actions-runners/
