{"type":"configuration","timestamp":"2026-09-29T07:07:04.083546+00:00","payload":{"useProjectReference":false,"liteDBPackageVersion":"6.0.0-prerelease.319"}}
{"type":"log","timestamp":"2026-09-29T07:07:04.1504497+00:00","level":"Information","text":"LiteDB 6.0.0-prerelease.319\u002BBranch.dev.Sha.5dd942a7367c361fadd600be4ce10aace2768b27.5dd942a7367c361fadd600be4ce10aace2768b27 loaded from $SCRATCH/ob3027/against/6.0.0-prerelease.319/LiteDB.dll"}
{"type":"log","timestamp":"2026-09-29T07:07:04.474402+00:00","level":"Information","text":"Setup: rows 1-10 are in the data file on the device (57344 bytes); the log now answers every sync with EINVAL"}
{"type":"log","timestamp":"2026-09-29T07:07:04.495299+00:00","level":"Information","text":"Checkpoint with durable commits=false: 11 pages; the log refused 2 syncs; 12 writes to the data file"}
{"type":"log","timestamp":"2026-09-29T07:07:04.4960826+00:00","level":"Information","text":"At the data sync after the overwrite the log held 116 writes (journal and WAL) in the OS cache only; its device image is 114688 bytes"}
{"type":"log","timestamp":"2026-09-29T07:07:04.4974464+00:00","level":"Information","text":"Power loss after write 1 of 11 torn (8192 bytes at 0): intact, rows [1-10]"}
{"type":"log","timestamp":"2026-09-29T07:07:04.4984105+00:00","level":"Information","text":"Power loss after write 1 of 11 (8192 bytes at 0): intact, rows [1-10]"}
{"type":"log","timestamp":"2026-09-29T07:07:04.5000608+00:00","level":"Information","text":"Power loss after write 2 of 11 torn (8192 bytes at 16384): PageChecksumException: Checksum mismatch in Data file at position 16384."}
{"type":"log","timestamp":"2026-09-29T07:07:04.5014833+00:00","level":"Information","text":"Power loss after write 2 of 11 (8192 bytes at 16384): LiteException: get only index below highest index"}
{"type":"log","timestamp":"2026-09-29T07:07:04.5022966+00:00","level":"Information","text":"Power loss after write 3 of 11 torn (8192 bytes at 49152): PageChecksumException: Checksum mismatch in Data file at position 49152."}
{"type":"log","timestamp":"2026-09-29T07:07:04.5030006+00:00","level":"Information","text":"Power loss after write 3 of 11 (8192 bytes at 49152): EndOfStreamException: The stream ended before the requested data was read."}
{"type":"log","timestamp":"2026-09-29T07:07:04.5036938+00:00","level":"Information","text":"Power loss after write 4 of 11 torn (8192 bytes at 24576): EndOfStreamException: The stream ended before the requested data was read."}
{"type":"log","timestamp":"2026-09-29T07:07:04.5043184+00:00","level":"Information","text":"Power loss after write 4 of 11 (8192 bytes at 24576): EndOfStreamException: The stream ended before the requested data was read."}
{"type":"log","timestamp":"2026-09-29T07:07:04.5049468+00:00","level":"Information","text":"Power loss after write 5 of 11 torn (8192 bytes at 8192): EndOfStreamException: The stream ended before the requested data was read."}
{"type":"log","timestamp":"2026-09-29T07:07:04.5055436+00:00","level":"Information","text":"Power loss after write 5 of 11 (8192 bytes at 8192): EndOfStreamException: The stream ended before the requested data was read."}
{"type":"log","timestamp":"2026-09-29T07:07:04.5062153+00:00","level":"Information","text":"Power loss after write 6 of 11 torn (8192 bytes at 40960): EndOfStreamException: The stream ended before the requested data was read."}
{"type":"log","timestamp":"2026-09-29T07:07:04.5069812+00:00","level":"Information","text":"Power loss after write 6 of 11 (8192 bytes at 40960): EndOfStreamException: The stream ended before the requested data was read."}
{"type":"log","timestamp":"2026-09-29T07:07:04.5077843+00:00","level":"Information","text":"Power loss after write 7 of 11 torn (8192 bytes at 57344): PageChecksumException: Checksum mismatch in Data file at position 57344."}
{"type":"log","timestamp":"2026-09-29T07:07:04.5086164+00:00","level":"Information","text":"Power loss after write 7 of 11 (8192 bytes at 57344): EndOfStreamException: The stream ended before the requested data was read."}
{"type":"log","timestamp":"2026-09-29T07:07:04.5094583+00:00","level":"Information","text":"Power loss after write 8 of 11 torn (8192 bytes at 65536): PageChecksumException: Checksum mismatch in Data file at position 65536."}
{"type":"log","timestamp":"2026-09-29T07:07:04.5106365+00:00","level":"Information","text":"Power loss after write 8 of 11 (8192 bytes at 65536): EndOfStreamException: The stream ended before the requested data was read."}
{"type":"log","timestamp":"2026-09-29T07:07:04.511539+00:00","level":"Information","text":"Power loss after write 9 of 11 torn (8192 bytes at 73728): PageChecksumException: Checksum mismatch in Data file at position 73728."}
{"type":"log","timestamp":"2026-09-29T07:07:04.5126263+00:00","level":"Information","text":"Power loss after write 9 of 11 (8192 bytes at 73728): EndOfStreamException: The stream ended before the requested data was read."}
{"type":"log","timestamp":"2026-09-29T07:07:04.513484+00:00","level":"Information","text":"Power loss after write 10 of 11 torn (8192 bytes at 81920): PageChecksumException: Checksum mismatch in Data file at position 81920."}
{"type":"log","timestamp":"2026-09-29T07:07:04.5145025+00:00","level":"Information","text":"Power loss after write 10 of 11 (8192 bytes at 81920): EndOfStreamException: The stream ended before the requested data was read."}
{"type":"log","timestamp":"2026-09-29T07:07:04.5155395+00:00","level":"Information","text":"Power loss after write 11 of 11 torn (8192 bytes at 90112): PageChecksumException: Checksum mismatch in Data file at position 90112."}
{"type":"log","timestamp":"2026-09-29T07:07:04.5175291+00:00","level":"Information","text":"Power loss after write 11 of 11 (8192 bytes at 90112): intact, rows [1-30]"}
{"type":"result","timestamp":"2026-09-29T07:07:04.518118+00:00","text":"REPRODUCED: with durable commits=false on a log that cannot sync (EINVAL), a checkpoint (11 pages) overwrote the data file in place behind a header journal and WAL only in the OS cache: 6 of its 11 writes overwrote bytes the device held, and 19 of the 22 images a power loss mid-overwrite leaves do not hold rows 1-10 intact (first: after write 2 of 11 torn (8192 bytes at 16384): PageChecksumException: Checksum mismatch in Data file at position 16384.)","success":true}
