<?xml version="1.0" encoding="utf-8"?>
<TestRun id="9d66b4b9-f515-478d-a50b-0b7f45d90621" name="@dev-build-server 2026-09-30 07:15:59" xmlns="http://microsoft.com/schemas/VisualStudio/TeamTest/2010">
  <Times creation="2026-09-30T07:15:59.7495193+00:00" queuing="2026-09-30T07:15:59.7495193+00:00" start="2026-09-30T07:15:57.8715262+00:00" finish="2026-09-30T07:16:05.5711204+00:00" />
  <TestSettings name="default" id="6ca980f2-d233-4a3d-a516-53202d282cc6">
    <Deployment runDeploymentRoot="_dev-build-server_2026-09-30_07_15_59" />
  </TestSettings>
  <Results>
    <UnitTestResult executionId="0a87319d-b5a2-4785-a7d1-5b810c79d6be" testId="f17a2137-b22a-dff4-748f-94b9ad3a274d" testName="LiteDB.Tests.Engine.TransactionHandleDisposeSafety_Tests.Disposing_healthy_handle_after_peer_fatal_failure_does_not_repeat_peer_error(password: null)" computerName="dev-build-server" duration="00:00:00.2667147" startTime="2026-09-30T07:15:59.3015646+00:00" endTime="2026-09-30T07:15:59.3015795+00:00" testType="13cdc9d9-ddb5-4fa4-a97d-d965ccfc6d4b" outcome="Passed" testListId="8c84fa94-04c1-424b-9868-57a2d4851a1d" relativeResultsDirectory="0a87319d-b5a2-4785-a7d1-5b810c79d6be" />
    <UnitTestResult executionId="54a89abe-6faa-4802-9381-169347df3798" testId="9a1c6241-9609-84f9-784f-1cbcbf212bc0" testName="LiteDB.Tests.Engine.TransactionHandleDisposeSafety_Tests.Disposal_while_close_worker_rolls_back_is_idempotent(shared: True)" computerName="dev-build-server" duration="00:00:01.3370049" startTime="2026-09-30T07:16:03.9850870+00:00" endTime="2026-09-30T07:16:03.9850872+00:00" testType="13cdc9d9-ddb5-4fa4-a97d-d965ccfc6d4b" outcome="Passed" testListId="8c84fa94-04c1-424b-9868-57a2d4851a1d" relativeResultsDirectory="54a89abe-6faa-4802-9381-169347df3798" />
    <UnitTestResult executionId="f9ea2b1c-9aa0-4f6e-982e-298e7d70c469" testId="a1bc0521-0a1e-5fd0-8f13-99d84f3f6e94" testName="LiteDB.Tests.Engine.TransactionHandleDisposeSafety_Tests.Disposal_after_close_admission_is_revoked_does_not_mask_user_exception(shared: True)" computerName="dev-build-server" duration="00:00:01.4380890" startTime="2026-09-30T07:16:00.9132926+00:00" endTime="2026-09-30T07:16:00.9132927+00:00" testType="13cdc9d9-ddb5-4fa4-a97d-d965ccfc6d4b" outcome="Passed" testListId="8c84fa94-04c1-424b-9868-57a2d4851a1d" relativeResultsDirectory="f9ea2b1c-9aa0-4f6e-982e-298e7d70c469" />
    <UnitTestResult executionId="6eaec3ca-ada8-4fc6-8955-8f230407a0c5" testId="57af6698-084b-c94e-34aa-948f3a2dbaab" testName="LiteDB.Tests.Engine.TransactionHandleDisposeSafety_Tests.Reentrant_disposal_is_rejected_without_waiting_or_aborting(shared: False)" computerName="dev-build-server" duration="00:00:00.1271355" startTime="2026-09-30T07:16:02.5479230+00:00" endTime="2026-09-30T07:16:02.5479231+00:00" testType="13cdc9d9-ddb5-4fa4-a97d-d965ccfc6d4b" outcome="Passed" testListId="8c84fa94-04c1-424b-9868-57a2d4851a1d" relativeResultsDirectory="6eaec3ca-ada8-4fc6-8955-8f230407a0c5" />
    <UnitTestResult executionId="bd8effe4-3d66-4a53-9167-4e562479a520" testId="76554dcd-8e3e-4528-8b04-7097eb335dcc" testName="LiteDB.Tests.Engine.TransactionHandleDisposeSafety_Tests.Disposal_after_close_admission_is_revoked_does_not_mask_user_exception(shared: False)" computerName="dev-build-server" duration="00:00:00.0830825" startTime="2026-09-30T07:16:00.9967185+00:00" endTime="2026-09-30T07:16:00.9967186+00:00" testType="13cdc9d9-ddb5-4fa4-a97d-d965ccfc6d4b" outcome="Passed" testListId="8c84fa94-04c1-424b-9868-57a2d4851a1d" relativeResultsDirectory="bd8effe4-3d66-4a53-9167-4e562479a520" />
    <UnitTestResult executionId="903ae733-4b8b-4358-8b98-bed59d94d0bb" testId="2037d381-3c2c-9f39-eb2e-f83c2d69ba5a" testName="LiteDB.Tests.Engine.TransactionHandleDisposeSafety_Tests.Disposed_bound_objects_refuse_use_without_aborting_prior_writes(shared: False)" computerName="dev-build-server" duration="00:00:00.1403666" startTime="2026-09-30T07:16:04.1264444+00:00" endTime="2026-09-30T07:16:04.1264445+00:00" testType="13cdc9d9-ddb5-4fa4-a97d-d965ccfc6d4b" outcome="Passed" testListId="8c84fa94-04c1-424b-9868-57a2d4851a1d" relativeResultsDirectory="903ae733-4b8b-4358-8b98-bed59d94d0bb" />
    <UnitTestResult executionId="d2d7555e-2dd3-4815-98c5-3a31f4c71366" testId="64aabdf6-8c94-0390-3933-4ccc9e0a0893" testName="LiteDB.Tests.Engine.TransactionHandleDisposeSafety_Tests.Disposing_healthy_handle_after_peer_fatal_failure_does_not_repeat_peer_error(password: &quot;secret&quot;)" computerName="dev-build-server" duration="00:00:00.1699627" startTime="2026-09-30T07:15:59.4740279+00:00" endTime="2026-09-30T07:15:59.4740280+00:00" testType="13cdc9d9-ddb5-4fa4-a97d-d965ccfc6d4b" outcome="Passed" testListId="8c84fa94-04c1-424b-9868-57a2d4851a1d" relativeResultsDirectory="d2d7555e-2dd3-4815-98c5-3a31f4c71366" />
    <UnitTestResult executionId="87a686f6-2af2-45a0-95ec-a3e1d16fbd17" testId="25474e7a-75bb-aa22-22d4-1006bc3dfd1d" testName="LiteDB.Tests.Engine.TransactionHandleDisposeSafety_Tests.Reentrant_disposal_is_rejected_without_waiting_or_aborting(shared: True)" computerName="dev-build-server" duration="00:00:01.4236975" startTime="2026-09-30T07:16:02.4205895+00:00" endTime="2026-09-30T07:16:02.4205896+00:00" testType="13cdc9d9-ddb5-4fa4-a97d-d965ccfc6d4b" outcome="Passed" testListId="8c84fa94-04c1-424b-9868-57a2d4851a1d" relativeResultsDirectory="87a686f6-2af2-45a0-95ec-a3e1d16fbd17" />
    <UnitTestResult executionId="2b5cee78-4110-48db-a4b7-04ec6e651f00" testId="587a7679-7294-5581-4086-a3226b36b0af" testName="LiteDB.Tests.Engine.TransactionHandleDisposeSafety_Tests.Disposed_bound_objects_refuse_use_without_aborting_prior_writes(shared: True)" computerName="dev-build-server" duration="00:00:01.3807732" startTime="2026-09-30T07:16:05.5074283+00:00" endTime="2026-09-30T07:16:05.5074283+00:00" testType="13cdc9d9-ddb5-4fa4-a97d-d965ccfc6d4b" outcome="Passed" testListId="8c84fa94-04c1-424b-9868-57a2d4851a1d" relativeResultsDirectory="2b5cee78-4110-48db-a4b7-04ec6e651f00" />
    <UnitTestResult executionId="cf22a479-c913-4d9f-b999-705c14aba3f0" testId="2f0f545a-5a2a-2823-3bde-df11bafd4ba8" testName="LiteDB.Tests.Engine.TransactionHandleDisposeSafety_Tests.Disposal_while_close_worker_rolls_back_is_idempotent(shared: False)" computerName="dev-build-server" duration="00:00:00.0959306" startTime="2026-09-30T07:16:02.6461766+00:00" endTime="2026-09-30T07:16:02.6461766+00:00" testType="13cdc9d9-ddb5-4fa4-a97d-d965ccfc6d4b" outcome="Passed" testListId="8c84fa94-04c1-424b-9868-57a2d4851a1d" relativeResultsDirectory="cf22a479-c913-4d9f-b999-705c14aba3f0" />
  </Results>
  <TestDefinitions>
    <UnitTest name="LiteDB.Tests.Engine.TransactionHandleDisposeSafety_Tests.Disposed_bound_objects_refuse_use_without_aborting_prior_writes(shared: False)" storage="__WORKSPACE__/temporary/pr133-fresh-disposal-review/litedb.tests/bin/release/net10.0/litedb.tests.dll" id="2037d381-3c2c-9f39-eb2e-f83c2d69ba5a">
      <Execution id="903ae733-4b8b-4358-8b98-bed59d94d0bb" />
      <TestMethod codeBase="__WORKSPACE__/temporary/pr133-fresh-disposal-review/LiteDB.Tests/bin/Release/net10.0/LiteDB.Tests.dll" adapterTypeName="executor://xunit/VsTestRunner2/netcoreapp" className="LiteDB.Tests.Engine.TransactionHandleDisposeSafety_Tests" name="Disposed_bound_objects_refuse_use_without_aborting_prior_writes" />
    </UnitTest>
    <UnitTest name="LiteDB.Tests.Engine.TransactionHandleDisposeSafety_Tests.Disposing_healthy_handle_after_peer_fatal_failure_does_not_repeat_peer_error(password: &quot;secret&quot;)" storage="__WORKSPACE__/temporary/pr133-fresh-disposal-review/litedb.tests/bin/release/net10.0/litedb.tests.dll" id="64aabdf6-8c94-0390-3933-4ccc9e0a0893">
      <Execution id="d2d7555e-2dd3-4815-98c5-3a31f4c71366" />
      <TestMethod codeBase="__WORKSPACE__/temporary/pr133-fresh-disposal-review/LiteDB.Tests/bin/Release/net10.0/LiteDB.Tests.dll" adapterTypeName="executor://xunit/VsTestRunner2/netcoreapp" className="LiteDB.Tests.Engine.TransactionHandleDisposeSafety_Tests" name="Disposing_healthy_handle_after_peer_fatal_failure_does_not_repeat_peer_error" />
    </UnitTest>
    <UnitTest name="LiteDB.Tests.Engine.TransactionHandleDisposeSafety_Tests.Reentrant_disposal_is_rejected_without_waiting_or_aborting(shared: True)" storage="__WORKSPACE__/temporary/pr133-fresh-disposal-review/litedb.tests/bin/release/net10.0/litedb.tests.dll" id="25474e7a-75bb-aa22-22d4-1006bc3dfd1d">
      <Execution id="87a686f6-2af2-45a0-95ec-a3e1d16fbd17" />
      <TestMethod codeBase="__WORKSPACE__/temporary/pr133-fresh-disposal-review/LiteDB.Tests/bin/Release/net10.0/LiteDB.Tests.dll" adapterTypeName="executor://xunit/VsTestRunner2/netcoreapp" className="LiteDB.Tests.Engine.TransactionHandleDisposeSafety_Tests" name="Reentrant_disposal_is_rejected_without_waiting_or_aborting" />
    </UnitTest>
    <UnitTest name="LiteDB.Tests.Engine.TransactionHandleDisposeSafety_Tests.Reentrant_disposal_is_rejected_without_waiting_or_aborting(shared: False)" storage="__WORKSPACE__/temporary/pr133-fresh-disposal-review/litedb.tests/bin/release/net10.0/litedb.tests.dll" id="57af6698-084b-c94e-34aa-948f3a2dbaab">
      <Execution id="6eaec3ca-ada8-4fc6-8955-8f230407a0c5" />
      <TestMethod codeBase="__WORKSPACE__/temporary/pr133-fresh-disposal-review/LiteDB.Tests/bin/Release/net10.0/LiteDB.Tests.dll" adapterTypeName="executor://xunit/VsTestRunner2/netcoreapp" className="LiteDB.Tests.Engine.TransactionHandleDisposeSafety_Tests" name="Reentrant_disposal_is_rejected_without_waiting_or_aborting" />
    </UnitTest>
    <UnitTest name="LiteDB.Tests.Engine.TransactionHandleDisposeSafety_Tests.Disposal_after_close_admission_is_revoked_does_not_mask_user_exception(shared: False)" storage="__WORKSPACE__/temporary/pr133-fresh-disposal-review/litedb.tests/bin/release/net10.0/litedb.tests.dll" id="76554dcd-8e3e-4528-8b04-7097eb335dcc">
      <Execution id="bd8effe4-3d66-4a53-9167-4e562479a520" />
      <TestMethod codeBase="__WORKSPACE__/temporary/pr133-fresh-disposal-review/LiteDB.Tests/bin/Release/net10.0/LiteDB.Tests.dll" adapterTypeName="executor://xunit/VsTestRunner2/netcoreapp" className="LiteDB.Tests.Engine.TransactionHandleDisposeSafety_Tests" name="Disposal_after_close_admission_is_revoked_does_not_mask_user_exception" />
    </UnitTest>
    <UnitTest name="LiteDB.Tests.Engine.TransactionHandleDisposeSafety_Tests.Disposed_bound_objects_refuse_use_without_aborting_prior_writes(shared: True)" storage="__WORKSPACE__/temporary/pr133-fresh-disposal-review/litedb.tests/bin/release/net10.0/litedb.tests.dll" id="587a7679-7294-5581-4086-a3226b36b0af">
      <Execution id="2b5cee78-4110-48db-a4b7-04ec6e651f00" />
      <TestMethod codeBase="__WORKSPACE__/temporary/pr133-fresh-disposal-review/LiteDB.Tests/bin/Release/net10.0/LiteDB.Tests.dll" adapterTypeName="executor://xunit/VsTestRunner2/netcoreapp" className="LiteDB.Tests.Engine.TransactionHandleDisposeSafety_Tests" name="Disposed_bound_objects_refuse_use_without_aborting_prior_writes" />
    </UnitTest>
    <UnitTest name="LiteDB.Tests.Engine.TransactionHandleDisposeSafety_Tests.Disposal_after_close_admission_is_revoked_does_not_mask_user_exception(shared: True)" storage="__WORKSPACE__/temporary/pr133-fresh-disposal-review/litedb.tests/bin/release/net10.0/litedb.tests.dll" id="a1bc0521-0a1e-5fd0-8f13-99d84f3f6e94">
      <Execution id="f9ea2b1c-9aa0-4f6e-982e-298e7d70c469" />
      <TestMethod codeBase="__WORKSPACE__/temporary/pr133-fresh-disposal-review/LiteDB.Tests/bin/Release/net10.0/LiteDB.Tests.dll" adapterTypeName="executor://xunit/VsTestRunner2/netcoreapp" className="LiteDB.Tests.Engine.TransactionHandleDisposeSafety_Tests" name="Disposal_after_close_admission_is_revoked_does_not_mask_user_exception" />
    </UnitTest>
    <UnitTest name="LiteDB.Tests.Engine.TransactionHandleDisposeSafety_Tests.Disposal_while_close_worker_rolls_back_is_idempotent(shared: True)" storage="__WORKSPACE__/temporary/pr133-fresh-disposal-review/litedb.tests/bin/release/net10.0/litedb.tests.dll" id="9a1c6241-9609-84f9-784f-1cbcbf212bc0">
      <Execution id="54a89abe-6faa-4802-9381-169347df3798" />
      <TestMethod codeBase="__WORKSPACE__/temporary/pr133-fresh-disposal-review/LiteDB.Tests/bin/Release/net10.0/LiteDB.Tests.dll" adapterTypeName="executor://xunit/VsTestRunner2/netcoreapp" className="LiteDB.Tests.Engine.TransactionHandleDisposeSafety_Tests" name="Disposal_while_close_worker_rolls_back_is_idempotent" />
    </UnitTest>
    <UnitTest name="LiteDB.Tests.Engine.TransactionHandleDisposeSafety_Tests.Disposal_while_close_worker_rolls_back_is_idempotent(shared: False)" storage="__WORKSPACE__/temporary/pr133-fresh-disposal-review/litedb.tests/bin/release/net10.0/litedb.tests.dll" id="2f0f545a-5a2a-2823-3bde-df11bafd4ba8">
      <Execution id="cf22a479-c913-4d9f-b999-705c14aba3f0" />
      <TestMethod codeBase="__WORKSPACE__/temporary/pr133-fresh-disposal-review/LiteDB.Tests/bin/Release/net10.0/LiteDB.Tests.dll" adapterTypeName="executor://xunit/VsTestRunner2/netcoreapp" className="LiteDB.Tests.Engine.TransactionHandleDisposeSafety_Tests" name="Disposal_while_close_worker_rolls_back_is_idempotent" />
    </UnitTest>
    <UnitTest name="LiteDB.Tests.Engine.TransactionHandleDisposeSafety_Tests.Disposing_healthy_handle_after_peer_fatal_failure_does_not_repeat_peer_error(password: null)" storage="__WORKSPACE__/temporary/pr133-fresh-disposal-review/litedb.tests/bin/release/net10.0/litedb.tests.dll" id="f17a2137-b22a-dff4-748f-94b9ad3a274d">
      <Execution id="0a87319d-b5a2-4785-a7d1-5b810c79d6be" />
      <TestMethod codeBase="__WORKSPACE__/temporary/pr133-fresh-disposal-review/LiteDB.Tests/bin/Release/net10.0/LiteDB.Tests.dll" adapterTypeName="executor://xunit/VsTestRunner2/netcoreapp" className="LiteDB.Tests.Engine.TransactionHandleDisposeSafety_Tests" name="Disposing_healthy_handle_after_peer_fatal_failure_does_not_repeat_peer_error" />
    </UnitTest>
  </TestDefinitions>
  <TestEntries>
    <TestEntry testId="f17a2137-b22a-dff4-748f-94b9ad3a274d" executionId="0a87319d-b5a2-4785-a7d1-5b810c79d6be" testListId="8c84fa94-04c1-424b-9868-57a2d4851a1d" />
    <TestEntry testId="9a1c6241-9609-84f9-784f-1cbcbf212bc0" executionId="54a89abe-6faa-4802-9381-169347df3798" testListId="8c84fa94-04c1-424b-9868-57a2d4851a1d" />
    <TestEntry testId="a1bc0521-0a1e-5fd0-8f13-99d84f3f6e94" executionId="f9ea2b1c-9aa0-4f6e-982e-298e7d70c469" testListId="8c84fa94-04c1-424b-9868-57a2d4851a1d" />
    <TestEntry testId="57af6698-084b-c94e-34aa-948f3a2dbaab" executionId="6eaec3ca-ada8-4fc6-8955-8f230407a0c5" testListId="8c84fa94-04c1-424b-9868-57a2d4851a1d" />
    <TestEntry testId="76554dcd-8e3e-4528-8b04-7097eb335dcc" executionId="bd8effe4-3d66-4a53-9167-4e562479a520" testListId="8c84fa94-04c1-424b-9868-57a2d4851a1d" />
    <TestEntry testId="2037d381-3c2c-9f39-eb2e-f83c2d69ba5a" executionId="903ae733-4b8b-4358-8b98-bed59d94d0bb" testListId="8c84fa94-04c1-424b-9868-57a2d4851a1d" />
    <TestEntry testId="64aabdf6-8c94-0390-3933-4ccc9e0a0893" executionId="d2d7555e-2dd3-4815-98c5-3a31f4c71366" testListId="8c84fa94-04c1-424b-9868-57a2d4851a1d" />
    <TestEntry testId="25474e7a-75bb-aa22-22d4-1006bc3dfd1d" executionId="87a686f6-2af2-45a0-95ec-a3e1d16fbd17" testListId="8c84fa94-04c1-424b-9868-57a2d4851a1d" />
    <TestEntry testId="587a7679-7294-5581-4086-a3226b36b0af" executionId="2b5cee78-4110-48db-a4b7-04ec6e651f00" testListId="8c84fa94-04c1-424b-9868-57a2d4851a1d" />
    <TestEntry testId="2f0f545a-5a2a-2823-3bde-df11bafd4ba8" executionId="cf22a479-c913-4d9f-b999-705c14aba3f0" testListId="8c84fa94-04c1-424b-9868-57a2d4851a1d" />
  </TestEntries>
  <TestLists>
    <TestList name="Results Not in a List" id="8c84fa94-04c1-424b-9868-57a2d4851a1d" />
    <TestList name="All Loaded Results" id="19431567-8539-422a-85d7-44ee4e166bda" />
  </TestLists>
  <ResultSummary outcome="Completed">
    <Counters total="10" executed="10" passed="10" failed="0" error="0" timeout="0" aborted="0" inconclusive="0" passedButRunAborted="0" notRunnable="0" notExecuted="0" disconnected="0" warning="0" completed="0" inProgress="0" pending="0" />
    <Output>
      <StdOut>[xUnit.net 00:00:00.00] xUnit.net VSTest Adapter v2.8.2+699d445a1a (64-bit .NET 10.0.11)
[xUnit.net 00:00:00.14]   Discovering: LiteDB.Tests
[xUnit.net 00:00:00.75]   Discovered:  LiteDB.Tests
[xUnit.net 00:00:00.75]   Starting:    LiteDB.Tests
[xUnit.net 00:00:07.26]   Finished:    LiteDB.Tests
</StdOut>
    </Output>
  </ResultSummary>
</TestRun>