  Determining projects to restore...
__WORKSPACE__/temporary/pr133-fresh-disposal-review/LiteDB/LiteDB.csproj : warning NU1510: PackageReference System.ComponentModel.TypeConverter will not be pruned. This package is automatically available and does not need to be referenced explicitly. Remove the PackageReference item. [__WORKSPACE__/temporary/pr133-fresh-disposal-review/LiteDB.Tests/LiteDB.Tests.csproj]
  All projects are up-to-date for restore.
__WORKSPACE__/temporary/pr133-fresh-disposal-review/LiteDB/LiteDB.csproj : warning NU1510: PackageReference System.ComponentModel.TypeConverter will not be pruned. This package is automatically available and does not need to be referenced explicitly. Remove the PackageReference item. [TargetFramework=net10.0]
  LiteDB -> __WORKSPACE__/temporary/pr133-fresh-disposal-review/LiteDB/bin/Release/net10.0/LiteDB.dll
__WORKSPACE__/temporary/pr133-fresh-disposal-review/LiteDB/LiteDB.csproj : warning NU1510: PackageReference System.ComponentModel.TypeConverter will not be pruned. This package is automatically available and does not need to be referenced explicitly. Remove the PackageReference item. [TargetFramework=net8.0]
  LiteDB -> __WORKSPACE__/temporary/pr133-fresh-disposal-review/LiteDB/bin/Release/net8.0/LiteDB.dll
  SharedMutexHarness -> __WORKSPACE__/temporary/pr133-fresh-disposal-review/LiteDB.Tests.SharedMutexHarness/bin/Release/net8.0/SharedMutexHarness.dll
__WORKSPACE__/temporary/pr133-fresh-disposal-review/LiteDB.Tests/Issues/Issue1829Invocation_Tests.cs(91,58): warning CS1718: Comparison made to same variable; did you mean to compare something else? [__WORKSPACE__/temporary/pr133-fresh-disposal-review/LiteDB.Tests/LiteDB.Tests.csproj::TargetFramework=net10.0]
__WORKSPACE__/temporary/pr133-fresh-disposal-review/LiteDB.Tests/Issues/Issue1829Invocation_Tests.cs(105,57): warning CS1718: Comparison made to same variable; did you mean to compare something else? [__WORKSPACE__/temporary/pr133-fresh-disposal-review/LiteDB.Tests/LiteDB.Tests.csproj::TargetFramework=net10.0]
__WORKSPACE__/temporary/pr133-fresh-disposal-review/LiteDB.Tests/Issues/Issue2265_Tests.cs(38,20): warning CS8632: The annotation for nullable reference types should only be used in code within a '#nullable' annotations context. [__WORKSPACE__/temporary/pr133-fresh-disposal-review/LiteDB.Tests/LiteDB.Tests.csproj::TargetFramework=net10.0]
__WORKSPACE__/temporary/pr133-fresh-disposal-review/LiteDB.Tests/Internals/Aes_Tests.cs(54,17): warning CA2022: Avoid inexact read with 'LiteDB.Engine.AesStream.Read(byte[], int, int)' (https://learn.microsoft.com/dotnet/fundamentals/code-analysis/quality-rules/ca2022) [__WORKSPACE__/temporary/pr133-fresh-disposal-review/LiteDB.Tests/LiteDB.Tests.csproj::TargetFramework=net10.0]
__WORKSPACE__/temporary/pr133-fresh-disposal-review/LiteDB.Tests/Internals/Aes_Tests.cs(57,17): warning CA2022: Avoid inexact read with 'LiteDB.Engine.AesStream.Read(byte[], int, int)' (https://learn.microsoft.com/dotnet/fundamentals/code-analysis/quality-rules/ca2022) [__WORKSPACE__/temporary/pr133-fresh-disposal-review/LiteDB.Tests/LiteDB.Tests.csproj::TargetFramework=net10.0]
__WORKSPACE__/temporary/pr133-fresh-disposal-review/LiteDB.Tests/Internals/Aes_Tests.cs(60,17): warning CA2022: Avoid inexact read with 'LiteDB.Engine.AesStream.Read(byte[], int, int)' (https://learn.microsoft.com/dotnet/fundamentals/code-analysis/quality-rules/ca2022) [__WORKSPACE__/temporary/pr133-fresh-disposal-review/LiteDB.Tests/LiteDB.Tests.csproj::TargetFramework=net10.0]
__WORKSPACE__/temporary/pr133-fresh-disposal-review/LiteDB.Tests/Internals/CacheAsync_Tests.cs(86,18): warning xUnit1031: Test methods should not use blocking task operations, as they can cause deadlocks. Use an async test method and await instead. (https://xunit.net/xunit.analyzers/rules/xUnit1031) [__WORKSPACE__/temporary/pr133-fresh-disposal-review/LiteDB.Tests/LiteDB.Tests.csproj::TargetFramework=net10.0]
__WORKSPACE__/temporary/pr133-fresh-disposal-review/LiteDB.Tests/Internals/Aes_Tests.cs(140,21): warning CA2022: Avoid inexact read with 'System.Security.Cryptography.CryptoStream.Read(byte[], int, int)' (https://learn.microsoft.com/dotnet/fundamentals/code-analysis/quality-rules/ca2022) [__WORKSPACE__/temporary/pr133-fresh-disposal-review/LiteDB.Tests/LiteDB.Tests.csproj::TargetFramework=net10.0]
__WORKSPACE__/temporary/pr133-fresh-disposal-review/LiteDB.Tests/Internals/TransactionHandleProcess_Tests.cs(22,13): warning xUnit2013: Do not use Assert.Equal() to check for collection size. Use Assert.Single instead. (https://xunit.net/xunit.analyzers/rules/xUnit2013) [__WORKSPACE__/temporary/pr133-fresh-disposal-review/LiteDB.Tests/LiteDB.Tests.csproj::TargetFramework=net10.0]
__WORKSPACE__/temporary/pr133-fresh-disposal-review/LiteDB.Tests/Issues/Issue1192DirectDictionary_Tests.cs(186,13): warning xUnit2013: Do not use Assert.Equal() to check for collection size. Use Assert.Empty instead. (https://xunit.net/xunit.analyzers/rules/xUnit2013) [__WORKSPACE__/temporary/pr133-fresh-disposal-review/LiteDB.Tests/LiteDB.Tests.csproj::TargetFramework=net10.0]
__WORKSPACE__/temporary/pr133-fresh-disposal-review/LiteDB.Tests/Engine/TransactionHandle_Tests.cs(146,32): warning xUnit1031: Test methods should not use blocking task operations, as they can cause deadlocks. Use an async test method and await instead. (https://xunit.net/xunit.analyzers/rules/xUnit1031) [__WORKSPACE__/temporary/pr133-fresh-disposal-review/LiteDB.Tests/LiteDB.Tests.csproj::TargetFramework=net10.0]
__WORKSPACE__/temporary/pr133-fresh-disposal-review/LiteDB.Tests/Engine/CompactSchemaCacheConcurrency_Tests.cs(96,18): warning xUnit1031: Test methods should not use blocking task operations, as they can cause deadlocks. Use an async test method and await instead. (https://xunit.net/xunit.analyzers/rules/xUnit1031) [__WORKSPACE__/temporary/pr133-fresh-disposal-review/LiteDB.Tests/LiteDB.Tests.csproj::TargetFramework=net10.0]
__WORKSPACE__/temporary/pr133-fresh-disposal-review/LiteDB.Tests/Engine/TransactionHandleSharedAdmission_Tests.cs(48,34): warning xUnit1031: Test methods should not use blocking task operations, as they can cause deadlocks. Use an async test method and await instead. (https://xunit.net/xunit.analyzers/rules/xUnit1031) [__WORKSPACE__/temporary/pr133-fresh-disposal-review/LiteDB.Tests/LiteDB.Tests.csproj::TargetFramework=net10.0]
__WORKSPACE__/temporary/pr133-fresh-disposal-review/LiteDB.Tests/Engine/CoordinatorSafety_Tests.cs(252,13): warning CA2022: Avoid inexact read with 'System.IO.FileStream.Read(byte[], int, int)' (https://learn.microsoft.com/dotnet/fundamentals/code-analysis/quality-rules/ca2022) [__WORKSPACE__/temporary/pr133-fresh-disposal-review/LiteDB.Tests/LiteDB.Tests.csproj::TargetFramework=net10.0]
__WORKSPACE__/temporary/pr133-fresh-disposal-review/LiteDB.Tests/Engine/TransactionHandleSharedAdmission_Tests.cs(49,64): warning xUnit1031: Test methods should not use blocking task operations, as they can cause deadlocks. Use an async test method and await instead. (https://xunit.net/xunit.analyzers/rules/xUnit1031) [__WORKSPACE__/temporary/pr133-fresh-disposal-review/LiteDB.Tests/LiteDB.Tests.csproj::TargetFramework=net10.0]
__WORKSPACE__/temporary/pr133-fresh-disposal-review/LiteDB.Tests/Engine/CoordinatorSnapshotReads_Tests.cs(161,28): warning xUnit1031: Test methods should not use blocking task operations, as they can cause deadlocks. Use an async test method and await instead. (https://xunit.net/xunit.analyzers/rules/xUnit1031) [__WORKSPACE__/temporary/pr133-fresh-disposal-review/LiteDB.Tests/LiteDB.Tests.csproj::TargetFramework=net10.0]
__WORKSPACE__/temporary/pr133-fresh-disposal-review/LiteDB.Tests/Engine/TransactionHandleSharedAdmission_Tests.cs(54,22): warning xUnit1031: Test methods should not use blocking task operations, as they can cause deadlocks. Use an async test method and await instead. (https://xunit.net/xunit.analyzers/rules/xUnit1031) [__WORKSPACE__/temporary/pr133-fresh-disposal-review/LiteDB.Tests/LiteDB.Tests.csproj::TargetFramework=net10.0]
__WORKSPACE__/temporary/pr133-fresh-disposal-review/LiteDB.Tests/Engine/CoordinatorSnapshotReads_Tests.cs(172,24): warning xUnit1031: Test methods should not use blocking task operations, as they can cause deadlocks. Use an async test method and await instead. (https://xunit.net/xunit.analyzers/rules/xUnit1031) [__WORKSPACE__/temporary/pr133-fresh-disposal-review/LiteDB.Tests/LiteDB.Tests.csproj::TargetFramework=net10.0]
__WORKSPACE__/temporary/pr133-fresh-disposal-review/LiteDB.Tests/Engine/TransactionHandleSharedAdmission_Tests.cs(91,34): warning xUnit1031: Test methods should not use blocking task operations, as they can cause deadlocks. Use an async test method and await instead. (https://xunit.net/xunit.analyzers/rules/xUnit1031) [__WORKSPACE__/temporary/pr133-fresh-disposal-review/LiteDB.Tests/LiteDB.Tests.csproj::TargetFramework=net10.0]
__WORKSPACE__/temporary/pr133-fresh-disposal-review/LiteDB.Tests/Engine/TransactionHandleSharedAdmission_Tests.cs(92,64): warning xUnit1031: Test methods should not use blocking task operations, as they can cause deadlocks. Use an async test method and await instead. (https://xunit.net/xunit.analyzers/rules/xUnit1031) [__WORKSPACE__/temporary/pr133-fresh-disposal-review/LiteDB.Tests/LiteDB.Tests.csproj::TargetFramework=net10.0]
__WORKSPACE__/temporary/pr133-fresh-disposal-review/LiteDB.Tests/Engine/CoordinatorPlatform_Tests.cs(289,22): warning xUnit1031: Test methods should not use blocking task operations, as they can cause deadlocks. Use an async test method and await instead. (https://xunit.net/xunit.analyzers/rules/xUnit1031) [__WORKSPACE__/temporary/pr133-fresh-disposal-review/LiteDB.Tests/LiteDB.Tests.csproj::TargetFramework=net10.0]
__WORKSPACE__/temporary/pr133-fresh-disposal-review/LiteDB.Tests/Issues/Issue2112_Tests.cs(32,13): warning xUnit2013: Do not use Assert.Equal() to check for collection size. Use Assert.Single instead. (https://xunit.net/xunit.analyzers/rules/xUnit2013) [__WORKSPACE__/temporary/pr133-fresh-disposal-review/LiteDB.Tests/LiteDB.Tests.csproj::TargetFramework=net10.0]
__WORKSPACE__/temporary/pr133-fresh-disposal-review/LiteDB.Tests/Issues/Issue2243ReferenceSchema_Tests.cs(21,13): warning xUnit2013: Do not use Assert.Equal() to check for collection size. Use Assert.Empty instead. (https://xunit.net/xunit.analyzers/rules/xUnit2013) [__WORKSPACE__/temporary/pr133-fresh-disposal-review/LiteDB.Tests/LiteDB.Tests.csproj::TargetFramework=net10.0]
__WORKSPACE__/temporary/pr133-fresh-disposal-review/LiteDB.Tests/Issues/Issue2243ReferenceSchema_Tests.cs(22,13): warning xUnit2013: Do not use Assert.Equal() to check for collection size. Use Assert.Empty instead. (https://xunit.net/xunit.analyzers/rules/xUnit2013) [__WORKSPACE__/temporary/pr133-fresh-disposal-review/LiteDB.Tests/LiteDB.Tests.csproj::TargetFramework=net10.0]
__WORKSPACE__/temporary/pr133-fresh-disposal-review/LiteDB.Tests/Engine/Coordinator_Tests.cs(262,20): warning xUnit1031: Test methods should not use blocking task operations, as they can cause deadlocks. Use an async test method and await instead. (https://xunit.net/xunit.analyzers/rules/xUnit1031) [__WORKSPACE__/temporary/pr133-fresh-disposal-review/LiteDB.Tests/LiteDB.Tests.csproj::TargetFramework=net10.0]
__WORKSPACE__/temporary/pr133-fresh-disposal-review/LiteDB.Tests/Engine/TransactionHandleMaintenanceProgress_Tests.cs(81,32): warning xUnit1031: Test methods should not use blocking task operations, as they can cause deadlocks. Use an async test method and await instead. (https://xunit.net/xunit.analyzers/rules/xUnit1031) [__WORKSPACE__/temporary/pr133-fresh-disposal-review/LiteDB.Tests/LiteDB.Tests.csproj::TargetFramework=net10.0]
__WORKSPACE__/temporary/pr133-fresh-disposal-review/LiteDB.Tests/Engine/Issue2881_VectorPromotion_Tests.cs(147,13): warning CA2022: Avoid inexact read with 'System.IO.Stream.Read(byte[], int, int)' (https://learn.microsoft.com/dotnet/fundamentals/code-analysis/quality-rules/ca2022) [__WORKSPACE__/temporary/pr133-fresh-disposal-review/LiteDB.Tests/LiteDB.Tests.csproj::TargetFramework=net10.0]
__WORKSPACE__/temporary/pr133-fresh-disposal-review/LiteDB.Tests/Engine/TransactionHandleDisposeSafety_Tests.cs(174,55): warning xUnit1031: Test methods should not use blocking task operations, as they can cause deadlocks. Use an async test method and await instead. (https://xunit.net/xunit.analyzers/rules/xUnit1031) [__WORKSPACE__/temporary/pr133-fresh-disposal-review/LiteDB.Tests/LiteDB.Tests.csproj::TargetFramework=net10.0]
__WORKSPACE__/temporary/pr133-fresh-disposal-review/LiteDB.Tests/Engine/TransactionHandleMaintenanceProgress_Tests.cs(111,41): warning xUnit1031: Test methods should not use blocking task operations, as they can cause deadlocks. Use an async test method and await instead. (https://xunit.net/xunit.analyzers/rules/xUnit1031) [__WORKSPACE__/temporary/pr133-fresh-disposal-review/LiteDB.Tests/LiteDB.Tests.csproj::TargetFramework=net10.0]
__WORKSPACE__/temporary/pr133-fresh-disposal-review/LiteDB.Tests/Engine/TransactionHandleAdmission_Tests.cs(83,37): warning xUnit1031: Test methods should not use blocking task operations, as they can cause deadlocks. Use an async test method and await instead. (https://xunit.net/xunit.analyzers/rules/xUnit1031) [__WORKSPACE__/temporary/pr133-fresh-disposal-review/LiteDB.Tests/LiteDB.Tests.csproj::TargetFramework=net10.0]
__WORKSPACE__/temporary/pr133-fresh-disposal-review/LiteDB.Tests/Engine/TransactionHandleAdmission_Tests.cs(84,112): warning xUnit1031: Test methods should not use blocking task operations, as they can cause deadlocks. Use an async test method and await instead. (https://xunit.net/xunit.analyzers/rules/xUnit1031) [__WORKSPACE__/temporary/pr133-fresh-disposal-review/LiteDB.Tests/LiteDB.Tests.csproj::TargetFramework=net10.0]
__WORKSPACE__/temporary/pr133-fresh-disposal-review/LiteDB.Tests/Engine/TransactionHandleAdmission_Tests.cs(85,62): warning xUnit1031: Test methods should not use blocking task operations, as they can cause deadlocks. Use an async test method and await instead. (https://xunit.net/xunit.analyzers/rules/xUnit1031) [__WORKSPACE__/temporary/pr133-fresh-disposal-review/LiteDB.Tests/LiteDB.Tests.csproj::TargetFramework=net10.0]
__WORKSPACE__/temporary/pr133-fresh-disposal-review/LiteDB.Tests/Engine/TransactionHandleAdmission_Tests.cs(130,37): warning xUnit1031: Test methods should not use blocking task operations, as they can cause deadlocks. Use an async test method and await instead. (https://xunit.net/xunit.analyzers/rules/xUnit1031) [__WORKSPACE__/temporary/pr133-fresh-disposal-review/LiteDB.Tests/LiteDB.Tests.csproj::TargetFramework=net10.0]
__WORKSPACE__/temporary/pr133-fresh-disposal-review/LiteDB.Tests/Engine/TransactionHandleAdmission_Tests.cs(131,57): warning xUnit1031: Test methods should not use blocking task operations, as they can cause deadlocks. Use an async test method and await instead. (https://xunit.net/xunit.analyzers/rules/xUnit1031) [__WORKSPACE__/temporary/pr133-fresh-disposal-review/LiteDB.Tests/LiteDB.Tests.csproj::TargetFramework=net10.0]
__WORKSPACE__/temporary/pr133-fresh-disposal-review/LiteDB.Tests/Engine/TransactionHandleMaintenanceProgress_Tests.cs(157,41): warning xUnit1031: Test methods should not use blocking task operations, as they can cause deadlocks. Use an async test method and await instead. (https://xunit.net/xunit.analyzers/rules/xUnit1031) [__WORKSPACE__/temporary/pr133-fresh-disposal-review/LiteDB.Tests/LiteDB.Tests.csproj::TargetFramework=net10.0]
__WORKSPACE__/temporary/pr133-fresh-disposal-review/LiteDB.Tests/Engine/SharedReadPath_Tests.cs(43,13): warning CA2022: Avoid inexact read with 'System.IO.FileStream.Read(byte[], int, int)' (https://learn.microsoft.com/dotnet/fundamentals/code-analysis/quality-rules/ca2022) [__WORKSPACE__/temporary/pr133-fresh-disposal-review/LiteDB.Tests/LiteDB.Tests.csproj::TargetFramework=net10.0]
__WORKSPACE__/temporary/pr133-fresh-disposal-review/LiteDB.Tests/Engine/TransactionHandleMaintenanceProgress_Tests.cs(190,31): warning xUnit1031: Test methods should not use blocking task operations, as they can cause deadlocks. Use an async test method and await instead. (https://xunit.net/xunit.analyzers/rules/xUnit1031) [__WORKSPACE__/temporary/pr133-fresh-disposal-review/LiteDB.Tests/LiteDB.Tests.csproj::TargetFramework=net10.0]
__WORKSPACE__/temporary/pr133-fresh-disposal-review/LiteDB.Tests/Engine/TransactionHandleContext_Tests.cs(24,46): warning CA1416: This call site is reachable on all platforms. 'WindowsIdentity.GetCurrent(bool)' is only supported on: 'windows'. (https://learn.microsoft.com/dotnet/fundamentals/code-analysis/quality-rules/ca1416) [__WORKSPACE__/temporary/pr133-fresh-disposal-review/LiteDB.Tests/LiteDB.Tests.csproj::TargetFramework=net10.0]
__WORKSPACE__/temporary/pr133-fresh-disposal-review/LiteDB.Tests/Engine/NativeAdmissionIsolation_Tests.cs(56,25): warning xUnit1031: Test methods should not use blocking task operations, as they can cause deadlocks. Use an async test method and await instead. (https://xunit.net/xunit.analyzers/rules/xUnit1031) [__WORKSPACE__/temporary/pr133-fresh-disposal-review/LiteDB.Tests/LiteDB.Tests.csproj::TargetFramework=net10.0]
__WORKSPACE__/temporary/pr133-fresh-disposal-review/LiteDB.Tests/Engine/NativeAdmissionIsolation_Tests.cs(65,22): warning xUnit1031: Test methods should not use blocking task operations, as they can cause deadlocks. Use an async test method and await instead. (https://xunit.net/xunit.analyzers/rules/xUnit1031) [__WORKSPACE__/temporary/pr133-fresh-disposal-review/LiteDB.Tests/LiteDB.Tests.csproj::TargetFramework=net10.0]
__WORKSPACE__/temporary/pr133-fresh-disposal-review/LiteDB.Tests/Engine/NativeAdmissionDirectPoolFinalizer_Tests.cs(74,13): warning xUnit2013: Do not use Assert.Equal() to check for collection size. Use Assert.Single instead. (https://xunit.net/xunit.analyzers/rules/xUnit2013) [__WORKSPACE__/temporary/pr133-fresh-disposal-review/LiteDB.Tests/LiteDB.Tests.csproj::TargetFramework=net10.0]
__WORKSPACE__/temporary/pr133-fresh-disposal-review/LiteDB.Tests/Engine/NativeAdmissionDirectContext_Tests.cs(140,38): warning xUnit1031: Test methods should not use blocking task operations, as they can cause deadlocks. Use an async test method and await instead. (https://xunit.net/xunit.analyzers/rules/xUnit1031) [__WORKSPACE__/temporary/pr133-fresh-disposal-review/LiteDB.Tests/LiteDB.Tests.csproj::TargetFramework=net10.0]
__WORKSPACE__/temporary/pr133-fresh-disposal-review/LiteDB.Tests/Engine/NativeAdmissionDirectContextLifetime_Tests.cs(151,37): warning xUnit1031: Test methods should not use blocking task operations, as they can cause deadlocks. Use an async test method and await instead. (https://xunit.net/xunit.analyzers/rules/xUnit1031) [__WORKSPACE__/temporary/pr133-fresh-disposal-review/LiteDB.Tests/LiteDB.Tests.csproj::TargetFramework=net10.0]
__WORKSPACE__/temporary/pr133-fresh-disposal-review/LiteDB.Tests/Issues/Issue2324_Tests.cs(64,33): warning xUnit1031: Test methods should not use blocking task operations, as they can cause deadlocks. Use an async test method and await instead. (https://xunit.net/xunit.analyzers/rules/xUnit1031) [__WORKSPACE__/temporary/pr133-fresh-disposal-review/LiteDB.Tests/LiteDB.Tests.csproj::TargetFramework=net10.0]
__WORKSPACE__/temporary/pr133-fresh-disposal-review/LiteDB.Tests/Issues/Issue2790ReaderLease_Tests.cs(43,37): warning xUnit1030: Test methods should not call ConfigureAwait(false), as it may bypass parallelization limits. Omit ConfigureAwait, or use ConfigureAwait(true) to avoid CA2007. (https://xunit.net/xunit.analyzers/rules/xUnit1030) [__WORKSPACE__/temporary/pr133-fresh-disposal-review/LiteDB.Tests/LiteDB.Tests.csproj::TargetFramework=net10.0]
__WORKSPACE__/temporary/pr133-fresh-disposal-review/LiteDB.Tests/Issues/Issue2792SnapshotPublication_Tests.cs(65,57): warning xUnit1031: Test methods should not use blocking task operations, as they can cause deadlocks. Use an async test method and await instead. (https://xunit.net/xunit.analyzers/rules/xUnit1031) [__WORKSPACE__/temporary/pr133-fresh-disposal-review/LiteDB.Tests/LiteDB.Tests.csproj::TargetFramework=net10.0]
__WORKSPACE__/temporary/pr133-fresh-disposal-review/LiteDB.Tests/Issues/Issue2792SnapshotPublication_Tests.cs(66,37): warning xUnit1031: Test methods should not use blocking task operations, as they can cause deadlocks. Use an async test method and await instead. (https://xunit.net/xunit.analyzers/rules/xUnit1031) [__WORKSPACE__/temporary/pr133-fresh-disposal-review/LiteDB.Tests/LiteDB.Tests.csproj::TargetFramework=net10.0]
__WORKSPACE__/temporary/pr133-fresh-disposal-review/LiteDB.Tests/Issues/Issue2792_Tests.cs(48,24): warning xUnit1031: Test methods should not use blocking task operations, as they can cause deadlocks. Use an async test method and await instead. (https://xunit.net/xunit.analyzers/rules/xUnit1031) [__WORKSPACE__/temporary/pr133-fresh-disposal-review/LiteDB.Tests/LiteDB.Tests.csproj::TargetFramework=net10.0]
__WORKSPACE__/temporary/pr133-fresh-disposal-review/LiteDB.Tests/Issues/Issue2792_Tests.cs(53,24): warning xUnit1031: Test methods should not use blocking task operations, as they can cause deadlocks. Use an async test method and await instead. (https://xunit.net/xunit.analyzers/rules/xUnit1031) [__WORKSPACE__/temporary/pr133-fresh-disposal-review/LiteDB.Tests/LiteDB.Tests.csproj::TargetFramework=net10.0]
__WORKSPACE__/temporary/pr133-fresh-disposal-review/LiteDB.Tests/Issues/Issue2792_Tests.cs(54,44): warning xUnit1031: Test methods should not use blocking task operations, as they can cause deadlocks. Use an async test method and await instead. (https://xunit.net/xunit.analyzers/rules/xUnit1031) [__WORKSPACE__/temporary/pr133-fresh-disposal-review/LiteDB.Tests/LiteDB.Tests.csproj::TargetFramework=net10.0]
__WORKSPACE__/temporary/pr133-fresh-disposal-review/LiteDB.Tests/Issues/Issue2792_Tests.cs(59,24): warning xUnit1031: Test methods should not use blocking task operations, as they can cause deadlocks. Use an async test method and await instead. (https://xunit.net/xunit.analyzers/rules/xUnit1031) [__WORKSPACE__/temporary/pr133-fresh-disposal-review/LiteDB.Tests/LiteDB.Tests.csproj::TargetFramework=net10.0]
__WORKSPACE__/temporary/pr133-fresh-disposal-review/LiteDB.Tests/Issues/Issue2792_Tests.cs(60,24): warning xUnit1031: Test methods should not use blocking task operations, as they can cause deadlocks. Use an async test method and await instead. (https://xunit.net/xunit.analyzers/rules/xUnit1031) [__WORKSPACE__/temporary/pr133-fresh-disposal-review/LiteDB.Tests/LiteDB.Tests.csproj::TargetFramework=net10.0]
__WORKSPACE__/temporary/pr133-fresh-disposal-review/LiteDB.Tests/Issues/Issue2814_Tests.cs(57,26): warning xUnit1031: Test methods should not use blocking task operations, as they can cause deadlocks. Use an async test method and await instead. (https://xunit.net/xunit.analyzers/rules/xUnit1031) [__WORKSPACE__/temporary/pr133-fresh-disposal-review/LiteDB.Tests/LiteDB.Tests.csproj::TargetFramework=net10.0]
__WORKSPACE__/temporary/pr133-fresh-disposal-review/LiteDB.Tests/Issues/Issue2814Admission_Tests.cs(56,78): warning xUnit1031: Test methods should not use blocking task operations, as they can cause deadlocks. Use an async test method and await instead. (https://xunit.net/xunit.analyzers/rules/xUnit1031) [__WORKSPACE__/temporary/pr133-fresh-disposal-review/LiteDB.Tests/LiteDB.Tests.csproj::TargetFramework=net10.0]
__WORKSPACE__/temporary/pr133-fresh-disposal-review/LiteDB.Tests/Issues/Issue2848_Tests.cs(87,89): warning xUnit1031: Test methods should not use blocking task operations, as they can cause deadlocks. Use an async test method and await instead. (https://xunit.net/xunit.analyzers/rules/xUnit1031) [__WORKSPACE__/temporary/pr133-fresh-disposal-review/LiteDB.Tests/LiteDB.Tests.csproj::TargetFramework=net10.0]
  LiteDB.Tests -> __WORKSPACE__/temporary/pr133-fresh-disposal-review/LiteDB.Tests/bin/Release/net10.0/LiteDB.Tests.dll
Test run for __WORKSPACE__/temporary/pr133-fresh-disposal-review/LiteDB.Tests/bin/Release/net10.0/LiteDB.Tests.dll (.NETCoreApp,Version=v10.0)
A total of 1 test files matched the specified pattern.
[xUnit.net 00:00:01.17]     LiteDB.Tests.Engine.TransactionHandleDisposeSafety_Tests.Disposing_healthy_handle_after_peer_fatal_failure_does_not_repeat_peer_error(password: null) [FAIL]
[xUnit.net 00:00:01.31]     LiteDB.Tests.Engine.TransactionHandleDisposeSafety_Tests.Disposing_healthy_handle_after_peer_fatal_failure_does_not_repeat_peer_error(password: "secret") [FAIL]
  Failed LiteDB.Tests.Engine.TransactionHandleDisposeSafety_Tests.Disposing_healthy_handle_after_peer_fatal_failure_does_not_repeat_peer_error(password: null) [286 ms]
  Error Message:
   System.IO.IOException : Engine closed after an I/O failure. Dispose and reopen the database before retrying. peer WAL write failed
---- System.IO.IOException : peer WAL write failed
  Stack Trace:
     at LiteDB.Engine.EngineState.Validate() in __WORKSPACE__/temporary/pr133-fresh-disposal-review/LiteDB/Engine/EngineState.cs:line 48
   at LiteDB.Engine.LiteEngine.Rollback() in __WORKSPACE__/temporary/pr133-fresh-disposal-review/LiteDB/Engine/Engine/Transaction.cs:line 68
   at LiteDB.LiteTransaction.<CloseReadersAndRollback>b__26_0() in __WORKSPACE__/temporary/pr133-fresh-disposal-review/LiteDB/Client/Transactions/LiteTransaction.cs:line 174
   at LiteDB.LiteTransaction.Dispatch[T](Func`1 action, Boolean authorizeEngine) in __WORKSPACE__/temporary/pr133-fresh-disposal-review/LiteDB/Client/Transactions/LiteTransaction.cs:line 105
   at LiteDB.LiteTransaction.CloseReadersAndRollback(Boolean onlyIfActive) in __WORKSPACE__/temporary/pr133-fresh-disposal-review/LiteDB/Client/Transactions/LiteTransaction.cs:line 174
   at LiteDB.LiteTransaction.RollbackCore(Boolean onlyIfActive) in __WORKSPACE__/temporary/pr133-fresh-disposal-review/LiteDB/Client/Transactions/LiteTransaction.cs:line 220
   at LiteDB.LiteTransaction.DisposeCore() in __WORKSPACE__/temporary/pr133-fresh-disposal-review/LiteDB/Client/Transactions/LiteTransaction.cs:line 277
   at LiteDB.LiteTransaction.Dispose() in __WORKSPACE__/temporary/pr133-fresh-disposal-review/LiteDB/Client/Transactions/LiteTransaction.cs:line 253
   at LiteDB.Tests.Engine.TransactionHandleDisposeSafety_Tests.Disposing_healthy_handle_after_peer_fatal_failure_does_not_repeat_peer_error(String password) in __WORKSPACE__/temporary/pr133-fresh-disposal-review/LiteDB.Tests/Engine/TransactionHandleDisposeSafety_Tests.cs:line 165
   at System.Reflection.MethodBaseInvoker.InterpretedInvoke_Method(Object obj, IntPtr* args)
   at System.Reflection.MethodBaseInvoker.InvokeDirectByRefWithFewArgs(Object obj, Span`1 copyOfArgs, BindingFlags invokeAttr)
----- Inner Stack Trace -----
   at LiteDB.Tests.Engine.TransactionHandleDisposeSafety_Tests.FailingLog.Write(Byte[] buffer, Int32 offset, Int32 count) in __WORKSPACE__/temporary/pr133-fresh-disposal-review/LiteDB.Tests/Engine/TransactionHandleDisposeSafety_Tests.cs:line 246
   at LiteDB.Engine.ConcurrentStream.Write(Byte[] buffer, Int32 offset, Int32 count) in __WORKSPACE__/temporary/pr133-fresh-disposal-review/LiteDB/Engine/Disk/Streams/ConcurrentStream.cs:line 93
   at LiteDB.Engine.ChecksummedWalStream.Write(Byte[] buffer, Int32 offset, Int32 count) in __WORKSPACE__/temporary/pr133-fresh-disposal-review/LiteDB/Engine/Disk/Streams/ChecksummedWalStream.cs:line 67
   at LiteDB.Engine.DiskService.WriteLogPage(Stream stream, PageBuffer page, Action`2 written, IReadOnlyDictionary`2 transactionPages, Boolean& transactionAnchored, Boolean forceAppend, Int32& count, Boolean& hasConfirmation, Boolean& reusePublished) in __WORKSPACE__/temporary/pr133-fresh-disposal-review/LiteDB/Engine/Disk/DiskService.WalWrite.cs:line 201
   at LiteDB.Engine.DiskService.WriteLogDisk(IEnumerable`1 pages, Action`2 written, IReadOnlyDictionary`2 transactionPages, TransactionPages transactionState, Func`1 nextTransactionID) in __WORKSPACE__/temporary/pr133-fresh-disposal-review/LiteDB/Engine/Disk/DiskService.WalWrite.cs:line 87
   at LiteDB.Engine.DiskService.WriteLogDisk(IEnumerable`1 pages, Action`2 written, TransactionPages transactionPages, Func`1 nextTransactionID) in __WORKSPACE__/temporary/pr133-fresh-disposal-review/LiteDB/Engine/Disk/DiskService.WalWrite.cs:line 25
   at LiteDB.Engine.TransactionService.PersistDirtyPages(Boolean commit) in __WORKSPACE__/temporary/pr133-fresh-disposal-review/LiteDB/Engine/Services/TransactionService.cs:line 264
   at LiteDB.Engine.TransactionService.PersistAndConfirm() in __WORKSPACE__/temporary/pr133-fresh-disposal-review/LiteDB/Engine/Services/TransactionService.cs:line 324
   at LiteDB.Engine.TransactionService.Commit() in __WORKSPACE__/temporary/pr133-fresh-disposal-review/LiteDB/Engine/Services/TransactionService.cs:line 306
   at LiteDB.Engine.LiteEngine.CommitAndReleaseTransaction(TransactionService transaction) in __WORKSPACE__/temporary/pr133-fresh-disposal-review/LiteDB/Engine/Engine/Transaction.cs:line 124
   at LiteDB.Engine.LiteEngine.Commit() in __WORKSPACE__/temporary/pr133-fresh-disposal-review/LiteDB/Engine/Engine/Transaction.cs:line 53
   at LiteDB.LiteTransaction.<Commit>b__27_0() in __WORKSPACE__/temporary/pr133-fresh-disposal-review/LiteDB/Client/Transactions/LiteTransaction.cs:line 193
   at LiteDB.LiteTransaction.Dispatch[T](Func`1 action, Boolean authorizeEngine) in __WORKSPACE__/temporary/pr133-fresh-disposal-review/LiteDB/Client/Transactions/LiteTransaction.cs:line 105
   at LiteDB.LiteTransaction.Commit() in __WORKSPACE__/temporary/pr133-fresh-disposal-review/LiteDB/Client/Transactions/LiteTransaction.cs:line 193
  Failed LiteDB.Tests.Engine.TransactionHandleDisposeSafety_Tests.Disposing_healthy_handle_after_peer_fatal_failure_does_not_repeat_peer_error(password: "secret") [130 ms]
  Error Message:
   System.IO.IOException : Engine closed after an I/O failure. Dispose and reopen the database before retrying. peer WAL write failed
---- System.IO.IOException : peer WAL write failed
  Stack Trace:
     at LiteDB.Engine.EngineState.Validate() in __WORKSPACE__/temporary/pr133-fresh-disposal-review/LiteDB/Engine/EngineState.cs:line 48
   at LiteDB.Engine.LiteEngine.Rollback() in __WORKSPACE__/temporary/pr133-fresh-disposal-review/LiteDB/Engine/Engine/Transaction.cs:line 68
   at LiteDB.LiteTransaction.<CloseReadersAndRollback>b__26_0() in __WORKSPACE__/temporary/pr133-fresh-disposal-review/LiteDB/Client/Transactions/LiteTransaction.cs:line 174
   at LiteDB.LiteTransaction.Dispatch[T](Func`1 action, Boolean authorizeEngine) in __WORKSPACE__/temporary/pr133-fresh-disposal-review/LiteDB/Client/Transactions/LiteTransaction.cs:line 105
   at LiteDB.LiteTransaction.CloseReadersAndRollback(Boolean onlyIfActive) in __WORKSPACE__/temporary/pr133-fresh-disposal-review/LiteDB/Client/Transactions/LiteTransaction.cs:line 174
   at LiteDB.LiteTransaction.RollbackCore(Boolean onlyIfActive) in __WORKSPACE__/temporary/pr133-fresh-disposal-review/LiteDB/Client/Transactions/LiteTransaction.cs:line 220
   at LiteDB.LiteTransaction.DisposeCore() in __WORKSPACE__/temporary/pr133-fresh-disposal-review/LiteDB/Client/Transactions/LiteTransaction.cs:line 277
   at LiteDB.LiteTransaction.Dispose() in __WORKSPACE__/temporary/pr133-fresh-disposal-review/LiteDB/Client/Transactions/LiteTransaction.cs:line 253
   at LiteDB.Tests.Engine.TransactionHandleDisposeSafety_Tests.Disposing_healthy_handle_after_peer_fatal_failure_does_not_repeat_peer_error(String password) in __WORKSPACE__/temporary/pr133-fresh-disposal-review/LiteDB.Tests/Engine/TransactionHandleDisposeSafety_Tests.cs:line 165
   at InvokeStub_TransactionHandleDisposeSafety_Tests.Disposing_healthy_handle_after_peer_fatal_failure_does_not_repeat_peer_error(Object, Span`1)
   at System.Reflection.MethodBaseInvoker.InvokeWithOneArg(Object obj, BindingFlags invokeAttr, Binder binder, Object[] parameters, CultureInfo culture)
----- Inner Stack Trace -----
   at LiteDB.Tests.Engine.TransactionHandleDisposeSafety_Tests.FailingLog.Write(Byte[] buffer, Int32 offset, Int32 count) in __WORKSPACE__/temporary/pr133-fresh-disposal-review/LiteDB.Tests/Engine/TransactionHandleDisposeSafety_Tests.cs:line 246
   at LiteDB.Engine.ConcurrentStream.Write(Byte[] buffer, Int32 offset, Int32 count) in __WORKSPACE__/temporary/pr133-fresh-disposal-review/LiteDB/Engine/Disk/Streams/ConcurrentStream.cs:line 93
   at LiteDB.Engine.NonClosingStream.Write(Byte[] buffer, Int32 offset, Int32 count) in __WORKSPACE__/temporary/pr133-fresh-disposal-review/LiteDB/Engine/Disk/Streams/NonClosingStream.cs:line 27
   at System.Security.Cryptography.CryptoStream.WriteAsyncCore(ReadOnlyMemory`1 buffer, CancellationToken cancellationToken, Boolean useAsync)
   at System.Security.Cryptography.CryptoStream.Write(Byte[] buffer, Int32 offset, Int32 count)
   at LiteDB.Engine.AesStream.Write(Byte[] array, Int32 offset, Int32 count) in __WORKSPACE__/temporary/pr133-fresh-disposal-review/LiteDB/Engine/Disk/Streams/AesStream.cs:line 213
   at LiteDB.Engine.ChecksummedWalStream.Write(Byte[] buffer, Int32 offset, Int32 count) in __WORKSPACE__/temporary/pr133-fresh-disposal-review/LiteDB/Engine/Disk/Streams/ChecksummedWalStream.cs:line 67
   at LiteDB.Engine.DiskService.WriteLogPage(Stream stream, PageBuffer page, Action`2 written, IReadOnlyDictionary`2 transactionPages, Boolean& transactionAnchored, Boolean forceAppend, Int32& count, Boolean& hasConfirmation, Boolean& reusePublished) in __WORKSPACE__/temporary/pr133-fresh-disposal-review/LiteDB/Engine/Disk/DiskService.WalWrite.cs:line 201
   at LiteDB.Engine.DiskService.WriteLogDisk(IEnumerable`1 pages, Action`2 written, IReadOnlyDictionary`2 transactionPages, TransactionPages transactionState, Func`1 nextTransactionID) in __WORKSPACE__/temporary/pr133-fresh-disposal-review/LiteDB/Engine/Disk/DiskService.WalWrite.cs:line 87
   at LiteDB.Engine.DiskService.WriteLogDisk(IEnumerable`1 pages, Action`2 written, TransactionPages transactionPages, Func`1 nextTransactionID) in __WORKSPACE__/temporary/pr133-fresh-disposal-review/LiteDB/Engine/Disk/DiskService.WalWrite.cs:line 25
   at LiteDB.Engine.TransactionService.PersistDirtyPages(Boolean commit) in __WORKSPACE__/temporary/pr133-fresh-disposal-review/LiteDB/Engine/Services/TransactionService.cs:line 264
   at LiteDB.Engine.TransactionService.PersistAndConfirm() in __WORKSPACE__/temporary/pr133-fresh-disposal-review/LiteDB/Engine/Services/TransactionService.cs:line 324
   at LiteDB.Engine.TransactionService.Commit() in __WORKSPACE__/temporary/pr133-fresh-disposal-review/LiteDB/Engine/Services/TransactionService.cs:line 306
   at LiteDB.Engine.LiteEngine.CommitAndReleaseTransaction(TransactionService transaction) in __WORKSPACE__/temporary/pr133-fresh-disposal-review/LiteDB/Engine/Engine/Transaction.cs:line 124
   at LiteDB.Engine.LiteEngine.Commit() in __WORKSPACE__/temporary/pr133-fresh-disposal-review/LiteDB/Engine/Engine/Transaction.cs:line 53
   at LiteDB.LiteTransaction.<Commit>b__27_0() in __WORKSPACE__/temporary/pr133-fresh-disposal-review/LiteDB/Client/Transactions/LiteTransaction.cs:line 193
   at LiteDB.LiteTransaction.Dispatch[T](Func`1 action, Boolean authorizeEngine) in __WORKSPACE__/temporary/pr133-fresh-disposal-review/LiteDB/Client/Transactions/LiteTransaction.cs:line 105
   at LiteDB.LiteTransaction.Commit() in __WORKSPACE__/temporary/pr133-fresh-disposal-review/LiteDB/Client/Transactions/LiteTransaction.cs:line 193
Results File: __WORKSPACE__/temporary/pr133-fresh-disposal-review/LiteDB.Tests/TestResults/disposal-review-deferred-fatal.trx

Failed!  - Failed:     2, Passed:     0, Skipped:     0, Total:     2, Duration: 427 ms - LiteDB.Tests.dll (net10.0)
