{"type":"configuration","timestamp":"2026-09-30T17:18:11.3911614+00:00","payload":{"useProjectReference":true,"liteDBPackageVersion":"0.0.0-knownbad.569ba13c3b38"}}
DATABASE_ROOT __WORKSPACE__/temporary/p133-pin-proof-02d4892f5dc740518840e9668b94dae0
CHILD_START mode=--case scenario=pin-begin-same path=__WORKSPACE__/temporary/p133-pin-proof-02d4892f5dc740518840e9668b94dae0/c6ace4bd-9264-4749-8314-6f4488707030.db encrypted=False
CHILD_RESULT mode=--case scenario=pin-begin-same encrypted=False exit=10
LEASED_LOCAL_ANCHOR_CONFIRMED
PIN_OPERATION_POSITIVE_HOLDS_ZERO
CALLBACK_NATIVE_EXCLUSION_VERIFIED
ORDINARY_CALLBACK_DEFAULT_BEGIN_ENTERED pin-begin-same
CALLBACK_NATIVE_EXCLUSION_VERIFIED
CASE_FIXED
CHILD_START mode=--peer scenario= path=__WORKSPACE__/temporary/p133-pin-proof-02d4892f5dc740518840e9668b94dae0/c6ace4bd-9264-4749-8314-6f4488707030.db encrypted=False
CHILD_RESULT mode=--peer scenario= encrypted=False exit=10
PEER_COMMITTED
TWO_COLD_INDEXED_MODELS_VERIFIED __WORKSPACE__/temporary/p133-pin-proof-02d4892f5dc740518840e9668b94dae0/c6ace4bd-9264-4749-8314-6f4488707030.db
CHILD_START mode=--case scenario=pin-begin-peer path=__WORKSPACE__/temporary/p133-pin-proof-02d4892f5dc740518840e9668b94dae0/edd622d6-6da1-4f40-b8eb-e23f589776b1.db encrypted=False
CHILD_RESULT mode=--case scenario=pin-begin-peer encrypted=False exit=10
LEASED_LOCAL_ANCHOR_CONFIRMED
PIN_OPERATION_POSITIVE_HOLDS_ZERO
CALLBACK_NATIVE_EXCLUSION_VERIFIED
ORDINARY_CALLBACK_DEFAULT_BEGIN_ENTERED pin-begin-peer
CALLBACK_NATIVE_EXCLUSION_VERIFIED
CASE_FIXED
CHILD_START mode=--peer scenario= path=__WORKSPACE__/temporary/p133-pin-proof-02d4892f5dc740518840e9668b94dae0/edd622d6-6da1-4f40-b8eb-e23f589776b1.db encrypted=False
CHILD_RESULT mode=--peer scenario= encrypted=False exit=10
PEER_COMMITTED
TWO_COLD_INDEXED_MODELS_VERIFIED __WORKSPACE__/temporary/p133-pin-proof-02d4892f5dc740518840e9668b94dae0/edd622d6-6da1-4f40-b8eb-e23f589776b1.db
CHILD_START mode=--case scenario=reader-begin-same path=__WORKSPACE__/temporary/p133-pin-proof-02d4892f5dc740518840e9668b94dae0/bafd5c1c-84f1-4d88-805f-021d3b963964.db encrypted=False
CHILD_RESULT mode=--case scenario=reader-begin-same encrypted=False exit=10
CALLBACK_NATIVE_EXCLUSION_VERIFIED
ORDINARY_CALLBACK_DEFAULT_BEGIN_ENTERED reader-begin-same
CALLBACK_NATIVE_EXCLUSION_VERIFIED
CASE_FIXED
CHILD_START mode=--peer scenario= path=__WORKSPACE__/temporary/p133-pin-proof-02d4892f5dc740518840e9668b94dae0/bafd5c1c-84f1-4d88-805f-021d3b963964.db encrypted=False
CHILD_RESULT mode=--peer scenario= encrypted=False exit=10
PEER_COMMITTED
TWO_COLD_INDEXED_MODELS_VERIFIED __WORKSPACE__/temporary/p133-pin-proof-02d4892f5dc740518840e9668b94dae0/bafd5c1c-84f1-4d88-805f-021d3b963964.db
CHILD_START mode=--case scenario=reader-begin-peer path=__WORKSPACE__/temporary/p133-pin-proof-02d4892f5dc740518840e9668b94dae0/bbe08361-a5f2-4504-bc3f-ec0ee9022237.db encrypted=False
CHILD_RESULT mode=--case scenario=reader-begin-peer encrypted=False exit=10
CALLBACK_NATIVE_EXCLUSION_VERIFIED
ORDINARY_CALLBACK_DEFAULT_BEGIN_ENTERED reader-begin-peer
CALLBACK_NATIVE_EXCLUSION_VERIFIED
CASE_FIXED
CHILD_START mode=--peer scenario= path=__WORKSPACE__/temporary/p133-pin-proof-02d4892f5dc740518840e9668b94dae0/bbe08361-a5f2-4504-bc3f-ec0ee9022237.db encrypted=False
CHILD_RESULT mode=--peer scenario= encrypted=False exit=10
PEER_COMMITTED
TWO_COLD_INDEXED_MODELS_VERIFIED __WORKSPACE__/temporary/p133-pin-proof-02d4892f5dc740518840e9668b94dae0/bbe08361-a5f2-4504-bc3f-ec0ee9022237.db
CHILD_START mode=--control scenario=leased-begin-same path=__WORKSPACE__/temporary/p133-pin-proof-02d4892f5dc740518840e9668b94dae0/2638de50-8c4f-48c5-a227-f9bb5047225e.db encrypted=False
CHILD_RESULT mode=--control scenario=leased-begin-same encrypted=False exit=10
LEASED_LOCAL_ANCHOR_CONFIRMED
CHILD_START mode=--peer scenario= path=__WORKSPACE__/temporary/p133-pin-proof-02d4892f5dc740518840e9668b94dae0/2638de50-8c4f-48c5-a227-f9bb5047225e.db encrypted=False
CHILD_RESULT mode=--peer scenario= encrypted=False exit=10
PEER_COMMITTED
TWO_COLD_INDEXED_MODELS_VERIFIED __WORKSPACE__/temporary/p133-pin-proof-02d4892f5dc740518840e9668b94dae0/2638de50-8c4f-48c5-a227-f9bb5047225e.db
CONTROL_VERIFIED leased-begin-same
CASE_FIXED
CHILD_START mode=--control scenario=leased-begin-peer path=__WORKSPACE__/temporary/p133-pin-proof-02d4892f5dc740518840e9668b94dae0/6e6e0ab1-56e8-48d0-9b88-69e8ed3e15e8.db encrypted=False
CHILD_RESULT mode=--control scenario=leased-begin-peer encrypted=False exit=10
LEASED_LOCAL_ANCHOR_CONFIRMED
CHILD_START mode=--peer scenario= path=__WORKSPACE__/temporary/p133-pin-proof-02d4892f5dc740518840e9668b94dae0/6e6e0ab1-56e8-48d0-9b88-69e8ed3e15e8.db encrypted=False
CHILD_RESULT mode=--peer scenario= encrypted=False exit=10
PEER_COMMITTED
TWO_COLD_INDEXED_MODELS_VERIFIED __WORKSPACE__/temporary/p133-pin-proof-02d4892f5dc740518840e9668b94dae0/6e6e0ab1-56e8-48d0-9b88-69e8ed3e15e8.db
CONTROL_VERIFIED leased-begin-peer
CASE_FIXED
CHILD_START mode=--control scenario=idle-handoff path=__WORKSPACE__/temporary/p133-pin-proof-02d4892f5dc740518840e9668b94dae0/f27a2357-7ba1-4cec-8e80-dce6d7f127d4.db encrypted=False
CHILD_RESULT mode=--control scenario=idle-handoff encrypted=False exit=10
LEASED_LOCAL_ANCHOR_CONFIRMED
CHILD_START mode=--peer scenario= path=__WORKSPACE__/temporary/p133-pin-proof-02d4892f5dc740518840e9668b94dae0/f27a2357-7ba1-4cec-8e80-dce6d7f127d4.db encrypted=False
CHILD_RESULT mode=--peer scenario= encrypted=False exit=10
PEER_COMMITTED
TWO_COLD_INDEXED_MODELS_VERIFIED __WORKSPACE__/temporary/p133-pin-proof-02d4892f5dc740518840e9668b94dae0/f27a2357-7ba1-4cec-8e80-dce6d7f127d4.db
CONTROL_VERIFIED idle-handoff
CASE_FIXED
CHILD_START mode=--case scenario=pin-begin-same path=__WORKSPACE__/temporary/p133-pin-proof-02d4892f5dc740518840e9668b94dae0/f58d6234-8b39-40d9-b86f-606f76f767c6.db encrypted=True
CHILD_RESULT mode=--case scenario=pin-begin-same encrypted=True exit=10
LEASED_LOCAL_ANCHOR_CONFIRMED
PIN_OPERATION_POSITIVE_HOLDS_ZERO
CALLBACK_NATIVE_EXCLUSION_VERIFIED
ORDINARY_CALLBACK_DEFAULT_BEGIN_ENTERED pin-begin-same
CALLBACK_NATIVE_EXCLUSION_VERIFIED
CASE_FIXED
CHILD_START mode=--peer scenario= path=__WORKSPACE__/temporary/p133-pin-proof-02d4892f5dc740518840e9668b94dae0/f58d6234-8b39-40d9-b86f-606f76f767c6.db encrypted=True
CHILD_RESULT mode=--peer scenario= encrypted=True exit=10
PEER_COMMITTED
TWO_COLD_INDEXED_MODELS_VERIFIED __WORKSPACE__/temporary/p133-pin-proof-02d4892f5dc740518840e9668b94dae0/f58d6234-8b39-40d9-b86f-606f76f767c6.db
CHILD_START mode=--case scenario=pin-begin-peer path=__WORKSPACE__/temporary/p133-pin-proof-02d4892f5dc740518840e9668b94dae0/eab05f2b-645c-4a96-ab78-1d1559dd503c.db encrypted=True
CHILD_RESULT mode=--case scenario=pin-begin-peer encrypted=True exit=10
LEASED_LOCAL_ANCHOR_CONFIRMED
PIN_OPERATION_POSITIVE_HOLDS_ZERO
CALLBACK_NATIVE_EXCLUSION_VERIFIED
ORDINARY_CALLBACK_DEFAULT_BEGIN_ENTERED pin-begin-peer
CALLBACK_NATIVE_EXCLUSION_VERIFIED
CASE_FIXED
CHILD_START mode=--peer scenario= path=__WORKSPACE__/temporary/p133-pin-proof-02d4892f5dc740518840e9668b94dae0/eab05f2b-645c-4a96-ab78-1d1559dd503c.db encrypted=True
CHILD_RESULT mode=--peer scenario= encrypted=True exit=10
PEER_COMMITTED
TWO_COLD_INDEXED_MODELS_VERIFIED __WORKSPACE__/temporary/p133-pin-proof-02d4892f5dc740518840e9668b94dae0/eab05f2b-645c-4a96-ab78-1d1559dd503c.db
CHILD_START mode=--case scenario=reader-begin-same path=__WORKSPACE__/temporary/p133-pin-proof-02d4892f5dc740518840e9668b94dae0/74d9af93-e6f7-42ac-8635-9888cd13d20d.db encrypted=True
CHILD_RESULT mode=--case scenario=reader-begin-same encrypted=True exit=10
CALLBACK_NATIVE_EXCLUSION_VERIFIED
ORDINARY_CALLBACK_DEFAULT_BEGIN_ENTERED reader-begin-same
CALLBACK_NATIVE_EXCLUSION_VERIFIED
CASE_FIXED
CHILD_START mode=--peer scenario= path=__WORKSPACE__/temporary/p133-pin-proof-02d4892f5dc740518840e9668b94dae0/74d9af93-e6f7-42ac-8635-9888cd13d20d.db encrypted=True
CHILD_RESULT mode=--peer scenario= encrypted=True exit=10
PEER_COMMITTED
TWO_COLD_INDEXED_MODELS_VERIFIED __WORKSPACE__/temporary/p133-pin-proof-02d4892f5dc740518840e9668b94dae0/74d9af93-e6f7-42ac-8635-9888cd13d20d.db
CHILD_START mode=--case scenario=reader-begin-peer path=__WORKSPACE__/temporary/p133-pin-proof-02d4892f5dc740518840e9668b94dae0/5ceaf5a6-e754-4f26-b8fc-865866cdbf54.db encrypted=True
CHILD_RESULT mode=--case scenario=reader-begin-peer encrypted=True exit=10
CALLBACK_NATIVE_EXCLUSION_VERIFIED
ORDINARY_CALLBACK_DEFAULT_BEGIN_ENTERED reader-begin-peer
CALLBACK_NATIVE_EXCLUSION_VERIFIED
CASE_FIXED
CHILD_START mode=--peer scenario= path=__WORKSPACE__/temporary/p133-pin-proof-02d4892f5dc740518840e9668b94dae0/5ceaf5a6-e754-4f26-b8fc-865866cdbf54.db encrypted=True
CHILD_RESULT mode=--peer scenario= encrypted=True exit=10
PEER_COMMITTED
TWO_COLD_INDEXED_MODELS_VERIFIED __WORKSPACE__/temporary/p133-pin-proof-02d4892f5dc740518840e9668b94dae0/5ceaf5a6-e754-4f26-b8fc-865866cdbf54.db
CHILD_START mode=--control scenario=leased-begin-same path=__WORKSPACE__/temporary/p133-pin-proof-02d4892f5dc740518840e9668b94dae0/baf5da84-142b-433d-8e04-267daddef320.db encrypted=True
CHILD_RESULT mode=--control scenario=leased-begin-same encrypted=True exit=10
LEASED_LOCAL_ANCHOR_CONFIRMED
CHILD_START mode=--peer scenario= path=__WORKSPACE__/temporary/p133-pin-proof-02d4892f5dc740518840e9668b94dae0/baf5da84-142b-433d-8e04-267daddef320.db encrypted=True
CHILD_RESULT mode=--peer scenario= encrypted=True exit=10
PEER_COMMITTED
TWO_COLD_INDEXED_MODELS_VERIFIED __WORKSPACE__/temporary/p133-pin-proof-02d4892f5dc740518840e9668b94dae0/baf5da84-142b-433d-8e04-267daddef320.db
CONTROL_VERIFIED leased-begin-same
CASE_FIXED
CHILD_START mode=--control scenario=leased-begin-peer path=__WORKSPACE__/temporary/p133-pin-proof-02d4892f5dc740518840e9668b94dae0/9c0a81a9-1a0f-42bf-aff3-5e9c59c1b4c9.db encrypted=True
CHILD_RESULT mode=--control scenario=leased-begin-peer encrypted=True exit=10
LEASED_LOCAL_ANCHOR_CONFIRMED
CHILD_START mode=--peer scenario= path=__WORKSPACE__/temporary/p133-pin-proof-02d4892f5dc740518840e9668b94dae0/9c0a81a9-1a0f-42bf-aff3-5e9c59c1b4c9.db encrypted=True
CHILD_RESULT mode=--peer scenario= encrypted=True exit=10
PEER_COMMITTED
TWO_COLD_INDEXED_MODELS_VERIFIED __WORKSPACE__/temporary/p133-pin-proof-02d4892f5dc740518840e9668b94dae0/9c0a81a9-1a0f-42bf-aff3-5e9c59c1b4c9.db
CONTROL_VERIFIED leased-begin-peer
CASE_FIXED
CHILD_START mode=--control scenario=idle-handoff path=__WORKSPACE__/temporary/p133-pin-proof-02d4892f5dc740518840e9668b94dae0/19568778-38af-4ca1-9bbf-b03d8aace46b.db encrypted=True
CHILD_RESULT mode=--control scenario=idle-handoff encrypted=True exit=10
LEASED_LOCAL_ANCHOR_CONFIRMED
CHILD_START mode=--peer scenario= path=__WORKSPACE__/temporary/p133-pin-proof-02d4892f5dc740518840e9668b94dae0/19568778-38af-4ca1-9bbf-b03d8aace46b.db encrypted=True
CHILD_RESULT mode=--peer scenario= encrypted=True exit=10
PEER_COMMITTED
TWO_COLD_INDEXED_MODELS_VERIFIED __WORKSPACE__/temporary/p133-pin-proof-02d4892f5dc740518840e9668b94dae0/19568778-38af-4ca1-9bbf-b03d8aace46b.db
CONTROL_VERIFIED idle-handoff
CASE_FIXED
VERIFIED_FIXED
{"type":"result","timestamp":"2026-09-30T17:18:21.4645899+00:00","text":"Native dependency cases, independent controls and cold models verified.","success":false}
