Test run for /tmp/pr133-fresh-disposal-review/LiteDB.Tests/bin/Release/net10.0/LiteDB.Tests.dll (.NETCoreApp,Version=v10.0)
A total of 1 test files matched the specified pattern.
[xUnit.net 00:00:00.95]     LiteDB.Tests.Engine.TransactionHandleDisposeSafety_Tests.Disposing_healthy_handle_after_peer_fatal_failure_does_not_repeat_peer_error(password: null) [FAIL]
[xUnit.net 00:00:01.07]     LiteDB.Tests.Engine.TransactionHandleDisposeSafety_Tests.Disposing_healthy_handle_after_peer_fatal_failure_does_not_repeat_peer_error(password: "secret") [FAIL]
  Failed LiteDB.Tests.Engine.TransactionHandleDisposeSafety_Tests.Disposing_healthy_handle_after_peer_fatal_failure_does_not_repeat_peer_error(password: null) [200 ms]
  Error Message:
   System.IO.IOException : Engine closed after an I/O failure. Dispose and reopen the database before retrying. peer WAL write failed
---- System.IO.IOException : peer WAL write failed
  Stack Trace:
     at LiteDB.Engine.EngineState.Validate() in /tmp/pr133-fresh-disposal-review/LiteDB/Engine/EngineState.cs:line 48
   at LiteDB.Engine.LiteEngine.Rollback() in /tmp/pr133-fresh-disposal-review/LiteDB/Engine/Engine/Transaction.cs:line 68
   at LiteDB.LiteTransaction.<CloseReadersAndRollback>b__26_0() in /tmp/pr133-fresh-disposal-review/LiteDB/Client/Transactions/LiteTransaction.cs:line 174
   at LiteDB.LiteTransaction.Dispatch[T](Func`1 action, Boolean authorizeEngine) in /tmp/pr133-fresh-disposal-review/LiteDB/Client/Transactions/LiteTransaction.cs:line 105
   at LiteDB.LiteTransaction.CloseReadersAndRollback(Boolean onlyIfActive) in /tmp/pr133-fresh-disposal-review/LiteDB/Client/Transactions/LiteTransaction.cs:line 174
   at LiteDB.LiteTransaction.RollbackCore(Boolean onlyIfActive) in /tmp/pr133-fresh-disposal-review/LiteDB/Client/Transactions/LiteTransaction.cs:line 220
   at LiteDB.LiteTransaction.DisposeCore() in /tmp/pr133-fresh-disposal-review/LiteDB/Client/Transactions/LiteTransaction.cs:line 277
   at LiteDB.LiteTransaction.Dispose() in /tmp/pr133-fresh-disposal-review/LiteDB/Client/Transactions/LiteTransaction.cs:line 253
   at LiteDB.Tests.Engine.TransactionHandleDisposeSafety_Tests.Disposing_healthy_handle_after_peer_fatal_failure_does_not_repeat_peer_error(String password) in /tmp/pr133-fresh-disposal-review/LiteDB.Tests/Engine/TransactionHandleDisposeSafety_Tests.cs:line 165
   at System.Reflection.MethodBaseInvoker.InterpretedInvoke_Method(Object obj, IntPtr* args)
   at System.Reflection.MethodBaseInvoker.InvokeDirectByRefWithFewArgs(Object obj, Span`1 copyOfArgs, BindingFlags invokeAttr)
----- Inner Stack Trace -----
   at LiteDB.Tests.Engine.TransactionHandleDisposeSafety_Tests.FailingLog.Write(Byte[] buffer, Int32 offset, Int32 count) in /tmp/pr133-fresh-disposal-review/LiteDB.Tests/Engine/TransactionHandleDisposeSafety_Tests.cs:line 246
   at LiteDB.Engine.ConcurrentStream.Write(Byte[] buffer, Int32 offset, Int32 count) in /tmp/pr133-fresh-disposal-review/LiteDB/Engine/Disk/Streams/ConcurrentStream.cs:line 93
   at LiteDB.Engine.ChecksummedWalStream.Write(Byte[] buffer, Int32 offset, Int32 count) in /tmp/pr133-fresh-disposal-review/LiteDB/Engine/Disk/Streams/ChecksummedWalStream.cs:line 67
   at LiteDB.Engine.DiskService.WriteLogPage(Stream stream, PageBuffer page, Action`2 written, IReadOnlyDictionary`2 transactionPages, Boolean& transactionAnchored, Boolean forceAppend, Int32& count, Boolean& hasConfirmation, Boolean& reusePublished) in /tmp/pr133-fresh-disposal-review/LiteDB/Engine/Disk/DiskService.WalWrite.cs:line 201
   at LiteDB.Engine.DiskService.WriteLogDisk(IEnumerable`1 pages, Action`2 written, IReadOnlyDictionary`2 transactionPages, TransactionPages transactionState, Func`1 nextTransactionID) in /tmp/pr133-fresh-disposal-review/LiteDB/Engine/Disk/DiskService.WalWrite.cs:line 87
   at LiteDB.Engine.DiskService.WriteLogDisk(IEnumerable`1 pages, Action`2 written, TransactionPages transactionPages, Func`1 nextTransactionID) in /tmp/pr133-fresh-disposal-review/LiteDB/Engine/Disk/DiskService.WalWrite.cs:line 25
   at LiteDB.Engine.TransactionService.PersistDirtyPages(Boolean commit) in /tmp/pr133-fresh-disposal-review/LiteDB/Engine/Services/TransactionService.cs:line 264
   at LiteDB.Engine.TransactionService.PersistAndConfirm() in /tmp/pr133-fresh-disposal-review/LiteDB/Engine/Services/TransactionService.cs:line 324
   at LiteDB.Engine.TransactionService.Commit() in /tmp/pr133-fresh-disposal-review/LiteDB/Engine/Services/TransactionService.cs:line 306
   at LiteDB.Engine.LiteEngine.CommitAndReleaseTransaction(TransactionService transaction) in /tmp/pr133-fresh-disposal-review/LiteDB/Engine/Engine/Transaction.cs:line 124
   at LiteDB.Engine.LiteEngine.Commit() in /tmp/pr133-fresh-disposal-review/LiteDB/Engine/Engine/Transaction.cs:line 53
   at LiteDB.LiteTransaction.<Commit>b__27_0() in /tmp/pr133-fresh-disposal-review/LiteDB/Client/Transactions/LiteTransaction.cs:line 193
   at LiteDB.LiteTransaction.Dispatch[T](Func`1 action, Boolean authorizeEngine) in /tmp/pr133-fresh-disposal-review/LiteDB/Client/Transactions/LiteTransaction.cs:line 105
   at LiteDB.LiteTransaction.Commit() in /tmp/pr133-fresh-disposal-review/LiteDB/Client/Transactions/LiteTransaction.cs:line 193
  Failed LiteDB.Tests.Engine.TransactionHandleDisposeSafety_Tests.Disposing_healthy_handle_after_peer_fatal_failure_does_not_repeat_peer_error(password: "secret") [105 ms]
  Error Message:
   System.IO.IOException : Engine closed after an I/O failure. Dispose and reopen the database before retrying. peer WAL write failed
---- System.IO.IOException : peer WAL write failed
  Stack Trace:
     at LiteDB.Engine.EngineState.Validate() in /tmp/pr133-fresh-disposal-review/LiteDB/Engine/EngineState.cs:line 48
   at LiteDB.Engine.LiteEngine.Rollback() in /tmp/pr133-fresh-disposal-review/LiteDB/Engine/Engine/Transaction.cs:line 68
   at LiteDB.LiteTransaction.<CloseReadersAndRollback>b__26_0() in /tmp/pr133-fresh-disposal-review/LiteDB/Client/Transactions/LiteTransaction.cs:line 174
   at LiteDB.LiteTransaction.Dispatch[T](Func`1 action, Boolean authorizeEngine) in /tmp/pr133-fresh-disposal-review/LiteDB/Client/Transactions/LiteTransaction.cs:line 105
   at LiteDB.LiteTransaction.CloseReadersAndRollback(Boolean onlyIfActive) in /tmp/pr133-fresh-disposal-review/LiteDB/Client/Transactions/LiteTransaction.cs:line 174
   at LiteDB.LiteTransaction.RollbackCore(Boolean onlyIfActive) in /tmp/pr133-fresh-disposal-review/LiteDB/Client/Transactions/LiteTransaction.cs:line 220
   at LiteDB.LiteTransaction.DisposeCore() in /tmp/pr133-fresh-disposal-review/LiteDB/Client/Transactions/LiteTransaction.cs:line 277
   at LiteDB.LiteTransaction.Dispose() in /tmp/pr133-fresh-disposal-review/LiteDB/Client/Transactions/LiteTransaction.cs:line 253
   at LiteDB.Tests.Engine.TransactionHandleDisposeSafety_Tests.Disposing_healthy_handle_after_peer_fatal_failure_does_not_repeat_peer_error(String password) in /tmp/pr133-fresh-disposal-review/LiteDB.Tests/Engine/TransactionHandleDisposeSafety_Tests.cs:line 165
   at InvokeStub_TransactionHandleDisposeSafety_Tests.Disposing_healthy_handle_after_peer_fatal_failure_does_not_repeat_peer_error(Object, Span`1)
   at System.Reflection.MethodBaseInvoker.InvokeWithOneArg(Object obj, BindingFlags invokeAttr, Binder binder, Object[] parameters, CultureInfo culture)
----- Inner Stack Trace -----
   at LiteDB.Tests.Engine.TransactionHandleDisposeSafety_Tests.FailingLog.Write(Byte[] buffer, Int32 offset, Int32 count) in /tmp/pr133-fresh-disposal-review/LiteDB.Tests/Engine/TransactionHandleDisposeSafety_Tests.cs:line 246
   at LiteDB.Engine.ConcurrentStream.Write(Byte[] buffer, Int32 offset, Int32 count) in /tmp/pr133-fresh-disposal-review/LiteDB/Engine/Disk/Streams/ConcurrentStream.cs:line 93
   at LiteDB.Engine.NonClosingStream.Write(Byte[] buffer, Int32 offset, Int32 count) in /tmp/pr133-fresh-disposal-review/LiteDB/Engine/Disk/Streams/NonClosingStream.cs:line 27
   at System.Security.Cryptography.CryptoStream.WriteAsyncCore(ReadOnlyMemory`1 buffer, CancellationToken cancellationToken, Boolean useAsync)
   at System.Security.Cryptography.CryptoStream.Write(Byte[] buffer, Int32 offset, Int32 count)
   at LiteDB.Engine.AesStream.Write(Byte[] array, Int32 offset, Int32 count) in /tmp/pr133-fresh-disposal-review/LiteDB/Engine/Disk/Streams/AesStream.cs:line 213
   at LiteDB.Engine.ChecksummedWalStream.Write(Byte[] buffer, Int32 offset, Int32 count) in /tmp/pr133-fresh-disposal-review/LiteDB/Engine/Disk/Streams/ChecksummedWalStream.cs:line 67
   at LiteDB.Engine.DiskService.WriteLogPage(Stream stream, PageBuffer page, Action`2 written, IReadOnlyDictionary`2 transactionPages, Boolean& transactionAnchored, Boolean forceAppend, Int32& count, Boolean& hasConfirmation, Boolean& reusePublished) in /tmp/pr133-fresh-disposal-review/LiteDB/Engine/Disk/DiskService.WalWrite.cs:line 201
   at LiteDB.Engine.DiskService.WriteLogDisk(IEnumerable`1 pages, Action`2 written, IReadOnlyDictionary`2 transactionPages, TransactionPages transactionState, Func`1 nextTransactionID) in /tmp/pr133-fresh-disposal-review/LiteDB/Engine/Disk/DiskService.WalWrite.cs:line 87
   at LiteDB.Engine.DiskService.WriteLogDisk(IEnumerable`1 pages, Action`2 written, TransactionPages transactionPages, Func`1 nextTransactionID) in /tmp/pr133-fresh-disposal-review/LiteDB/Engine/Disk/DiskService.WalWrite.cs:line 25
   at LiteDB.Engine.TransactionService.PersistDirtyPages(Boolean commit) in /tmp/pr133-fresh-disposal-review/LiteDB/Engine/Services/TransactionService.cs:line 264
   at LiteDB.Engine.TransactionService.PersistAndConfirm() in /tmp/pr133-fresh-disposal-review/LiteDB/Engine/Services/TransactionService.cs:line 324
   at LiteDB.Engine.TransactionService.Commit() in /tmp/pr133-fresh-disposal-review/LiteDB/Engine/Services/TransactionService.cs:line 306
   at LiteDB.Engine.LiteEngine.CommitAndReleaseTransaction(TransactionService transaction) in /tmp/pr133-fresh-disposal-review/LiteDB/Engine/Engine/Transaction.cs:line 124
   at LiteDB.Engine.LiteEngine.Commit() in /tmp/pr133-fresh-disposal-review/LiteDB/Engine/Engine/Transaction.cs:line 53
   at LiteDB.LiteTransaction.<Commit>b__27_0() in /tmp/pr133-fresh-disposal-review/LiteDB/Client/Transactions/LiteTransaction.cs:line 193
   at LiteDB.LiteTransaction.Dispatch[T](Func`1 action, Boolean authorizeEngine) in /tmp/pr133-fresh-disposal-review/LiteDB/Client/Transactions/LiteTransaction.cs:line 105
   at LiteDB.LiteTransaction.Commit() in /tmp/pr133-fresh-disposal-review/LiteDB/Client/Transactions/LiteTransaction.cs:line 193
Results File: /tmp/pr133-fresh-disposal-review/LiteDB.Tests/TestResults/disposal-review-deferred-fatal-repeat.trx

Failed!  - Failed:     2, Passed:     0, Skipped:     0, Total:     2, Duration: 310 ms - LiteDB.Tests.dll (net10.0)
