proof regression-proof-Issue_3067_LateCallbackClose 1 retained 0 generated dbs omitted
proof regression-proof-Issue_3067_SharedReaderRetirement 1 retained 0 generated dbs omitted
proof regression-proof-Issue_3067_DisposeDuringClose 1 retained 0 generated dbs omitted
proof regression-proof-Issue_3067_DisposedBoundObject 1 retained 0 generated dbs omitted
proof regression-proof-Issue_3067_SharedCallbackNativeWait 1 retained 0 generated dbs omitted
proof regression-proof-Issue_3067_SharedCloseWait 1 retained 0 generated dbs omitted
proof regression-proof-Issue_3067_PeerFatalDispose 1 retained 0 generated dbs omitted
proof regression-proof-Issue_3067_SharedPinCallbackWrite 1 retained 0 generated dbs omitted
proof regression-proof-Issue_3067_SharedNestedBegin 1 retained 0 generated dbs omitted
proof pr-evidence 1 retained 0 generated dbs omitted
proof regression-proof-Issue_133_MaintenanceProgress 1 retained 0 generated dbs omitted
proof regression-proof-Issue_133_SharedSnapshotCloseRefusal 1 retained 0 generated dbs omitted
proof regression-proof-Issue_3034_Pr133StaleSortCleanup 1 retained 0 generated dbs omitted
proof regression-proof-Issue_3067_SharedOrdinaryCallbackBegin 1 retained 0 generated dbs omitted
proof regression-proof-Issue_3067_LeasedReaderSelfDispose 1 retained 0 generated dbs omitted
proof regression-proof-Issue_3067_HandleCallbackSelfWait 1 retained 0 generated dbs omitted
proof regression-proof-Issue_2614_DiskServiceDispose 1 retained 0 generated dbs omitted
proof regression-proof-Issue_2586_RollbackTransaction 1 retained 0 generated dbs omitted
proof regression-proof-Issue_133_CloseCollectionWait 1 retained 0 generated dbs omitted
proof regression-proof-Issue_3067_SharedPinCleanup 1 retained 0 generated dbs omitted
proof regression-proof-Issue_133_RawCloseCallbackDependency 1 retained 0 generated dbs omitted
proof regression-proof-Issue_3067_SharedLateReaderClose 1 retained 0 generated dbs omitted
Retained full workflow log final12-proof.log.gz
