upstream-direct-ordinary-read-1-0-0-dev: 94816.4 ops/s, verified
upstream-direct-ordinary-read-1-0-1-parent: 86398.1 ops/s, verified
upstream-direct-ordinary-read-1-0-2-reviewed: 80144.8 ops/s, verified
upstream-direct-ordinary-read-1-0-3-final: 81265.9 ops/s, verified
upstream-direct-ordinary-read-1-1-0-final: 81478.8 ops/s, verified
upstream-direct-ordinary-read-1-1-1-reviewed: 78317.5 ops/s, verified
upstream-direct-ordinary-read-1-1-2-parent: 90634.9 ops/s, verified
upstream-direct-ordinary-read-1-1-3-dev: 94643.0 ops/s, verified
upstream-direct-ordinary-read-1-2-0-dev: 94856.6 ops/s, verified
upstream-direct-ordinary-read-1-2-1-parent: 86039.2 ops/s, verified
upstream-direct-ordinary-read-1-2-2-reviewed: 79242.3 ops/s, verified
upstream-direct-ordinary-read-1-2-3-final: 82229.1 ops/s, verified
upstream-direct-ordinary-read-1-3-0-final: 77967.7 ops/s, verified
upstream-direct-ordinary-read-1-3-1-reviewed: 80248.3 ops/s, verified
upstream-direct-ordinary-read-1-3-2-parent: 85868.3 ops/s, verified
upstream-direct-ordinary-read-1-3-3-dev: 96770.4 ops/s, verified
upstream-direct-legacy-read-1-0-0-dev: 94733.3 ops/s, verified
upstream-direct-legacy-read-1-0-1-parent: 89633.4 ops/s, verified
upstream-direct-legacy-read-1-0-2-reviewed: 71326.4 ops/s, verified
upstream-direct-legacy-read-1-0-3-final: 70534.7 ops/s, verified
upstream-direct-legacy-read-1-1-0-final: 71795.2 ops/s, verified
upstream-direct-legacy-read-1-1-1-reviewed: 72472.4 ops/s, verified
upstream-direct-legacy-read-1-1-2-parent: 86028.1 ops/s, verified
upstream-direct-legacy-read-1-1-3-dev: 96879.1 ops/s, verified
upstream-direct-legacy-read-1-2-0-dev: 96012.1 ops/s, verified
upstream-direct-legacy-read-1-2-1-parent: 87707.2 ops/s, verified
upstream-direct-legacy-read-1-2-2-reviewed: 73243.2 ops/s, verified
upstream-direct-legacy-read-1-2-3-final: 71116.4 ops/s, verified
upstream-direct-legacy-read-1-3-0-final: 69436.8 ops/s, verified
upstream-direct-legacy-read-1-3-1-reviewed: 72443.6 ops/s, verified
upstream-direct-legacy-read-1-3-2-parent: 87319.6 ops/s, verified
upstream-direct-legacy-read-1-3-3-dev: 95101.1 ops/s, verified
upstream-direct-ordinary-open-1-0-0-dev: 7095.9 ops/s, verified
upstream-direct-ordinary-open-1-0-1-parent: 17205.3 ops/s, verified
upstream-direct-ordinary-open-1-0-2-reviewed: 11003.4 ops/s, verified
upstream-direct-ordinary-open-1-0-3-final: 11133.9 ops/s, verified
upstream-direct-ordinary-open-1-1-0-final: 11110.5 ops/s, verified
upstream-direct-ordinary-open-1-1-1-reviewed: 11051.0 ops/s, verified
upstream-direct-ordinary-open-1-1-2-parent: 16589.8 ops/s, verified
upstream-direct-ordinary-open-1-1-3-dev: 7072.4 ops/s, verified
upstream-direct-ordinary-open-1-2-0-dev: 7172.7 ops/s, verified
upstream-direct-ordinary-open-1-2-1-parent: 16754.9 ops/s, verified
upstream-direct-ordinary-open-1-2-2-reviewed: 11210.1 ops/s, verified
upstream-direct-ordinary-open-1-2-3-final: 11061.4 ops/s, verified
upstream-direct-ordinary-open-1-3-0-final: 10763.8 ops/s, verified
upstream-direct-ordinary-open-1-3-1-reviewed: 11175.6 ops/s, verified
upstream-direct-ordinary-open-1-3-2-parent: 16972.6 ops/s, verified
upstream-direct-ordinary-open-1-3-3-dev: 7133.3 ops/s, verified
upstream-shared-ordinary-read-1-0-0-dev: 51563.2 ops/s, verified
upstream-shared-ordinary-read-1-0-1-parent: 50016.1 ops/s, verified
upstream-shared-ordinary-read-1-0-2-reviewed: 43942.0 ops/s, verified
upstream-shared-ordinary-read-1-0-3-final: 45700.8 ops/s, verified
upstream-shared-ordinary-read-1-1-0-final: 46653.2 ops/s, verified
upstream-shared-ordinary-read-1-1-1-reviewed: 45840.5 ops/s, verified
upstream-shared-ordinary-read-1-1-2-parent: 49040.0 ops/s, verified
upstream-shared-ordinary-read-1-1-3-dev: 50932.3 ops/s, verified
upstream-shared-ordinary-read-1-2-0-dev: 49706.7 ops/s, verified
upstream-shared-ordinary-read-1-2-1-parent: 49225.4 ops/s, verified
upstream-shared-ordinary-read-1-2-2-reviewed: 47481.0 ops/s, verified
upstream-shared-ordinary-read-1-2-3-final: 46102.1 ops/s, verified
upstream-shared-ordinary-read-1-3-0-final: 45196.6 ops/s, verified
upstream-shared-ordinary-read-1-3-1-reviewed: 46987.5 ops/s, verified
upstream-shared-ordinary-read-1-3-2-parent: 51934.7 ops/s, verified
upstream-shared-ordinary-read-1-3-3-dev: 52449.2 ops/s, verified
upstream-shared-legacy-read-1-0-0-dev: 8346.8 ops/s, verified
upstream-shared-legacy-read-1-0-1-parent: 7953.5 ops/s, verified
upstream-shared-legacy-read-1-0-2-reviewed: 7688.9 ops/s, verified
upstream-shared-legacy-read-1-0-3-final: 7623.4 ops/s, verified
upstream-shared-legacy-read-1-1-0-final: 7658.2 ops/s, verified
upstream-shared-legacy-read-1-1-1-reviewed: 7838.8 ops/s, verified
upstream-shared-legacy-read-1-1-2-parent: 7839.6 ops/s, verified
upstream-shared-legacy-read-1-1-3-dev: 8204.5 ops/s, verified
upstream-shared-legacy-read-1-2-0-dev: 8392.8 ops/s, verified
upstream-shared-legacy-read-1-2-1-parent: 7806.5 ops/s, verified
upstream-shared-legacy-read-1-2-2-reviewed: 7804.0 ops/s, verified
upstream-shared-legacy-read-1-2-3-final: 7595.4 ops/s, verified
upstream-shared-legacy-read-1-3-0-final: 7683.2 ops/s, verified
upstream-shared-legacy-read-1-3-1-reviewed: 7742.2 ops/s, verified
upstream-shared-legacy-read-1-3-2-parent: 7775.7 ops/s, verified
upstream-shared-legacy-read-1-3-3-dev: 8188.9 ops/s, verified
