  Determining projects to restore...
__WORKSPACE__/artifacts_temp/fix-pin-begin/LiteDB/LiteDB.csproj : warning NU1510: PackageReference System.ComponentModel.TypeConverter will not be pruned. This package is automatically available and does not need to be referenced explicitly. Remove the PackageReference item. [__WORKSPACE__/artifacts_temp/fix-pin-begin/LiteDB.Tests/LiteDB.Tests.csproj]
  Restored __WORKSPACE__/artifacts_temp/fix-pin-begin/LiteDB.Tests.SharedMutexHarness/SharedMutexHarness.csproj (in 179 ms).
  Restored __WORKSPACE__/artifacts_temp/fix-pin-begin/LiteDB/LiteDB.csproj (in 202 ms).
  Restored __WORKSPACE__/artifacts_temp/fix-pin-begin/LiteDB.Tests/LiteDB.Tests.csproj (in 231 ms).
__WORKSPACE__/artifacts_temp/fix-pin-begin/LiteDB/LiteDB.csproj : warning NU1510: PackageReference System.ComponentModel.TypeConverter will not be pruned. This package is automatically available and does not need to be referenced explicitly. Remove the PackageReference item. [TargetFramework=net8.0]
__WORKSPACE__/artifacts_temp/fix-pin-begin/LiteDB/Client/Mapper/BsonMapper.Deserialize.cs(27,39): warning CS8632: The annotation for nullable reference types should only be used in code within a '#nullable' annotations context. [__WORKSPACE__/artifacts_temp/fix-pin-begin/LiteDB/LiteDB.csproj::TargetFramework=net8.0]
__WORKSPACE__/artifacts_temp/fix-pin-begin/LiteDB/Engine/FileReader/Legacy/AesEncryption.cs(21,23): warning SYSLIB0041: 'Rfc2898DeriveBytes.Rfc2898DeriveBytes(string, byte[])' is obsolete: 'The default hash algorithm and iteration counts in Rfc2898DeriveBytes constructors are outdated and insecure. Use a constructor that accepts the hash algorithm and the number of iterations.' (https://aka.ms/dotnet-warnings/SYSLIB0041) [__WORKSPACE__/artifacts_temp/fix-pin-begin/LiteDB/LiteDB.csproj::TargetFramework=net8.0]
__WORKSPACE__/artifacts_temp/fix-pin-begin/LiteDB/Engine/Disk/Streams/AesStream.cs(97,27): warning SYSLIB0041: 'Rfc2898DeriveBytes.Rfc2898DeriveBytes(string, byte[])' is obsolete: 'The default hash algorithm and iteration counts in Rfc2898DeriveBytes constructors are outdated and insecure. Use a constructor that accepts the hash algorithm and the number of iterations.' (https://aka.ms/dotnet-warnings/SYSLIB0041) [__WORKSPACE__/artifacts_temp/fix-pin-begin/LiteDB/LiteDB.csproj::TargetFramework=net8.0]
__WORKSPACE__/artifacts_temp/fix-pin-begin/LiteDB/Engine/FileReader/FileReaderV8.cs(23,29): warning CS0649: Field 'FileReaderV8.PageInfo.PageType' is never assigned to, and will always have its default value [__WORKSPACE__/artifacts_temp/fix-pin-begin/LiteDB/LiteDB.csproj::TargetFramework=net8.0]
__WORKSPACE__/artifacts_temp/fix-pin-begin/LiteDB/Engine/LiteEngine.cs(229,37): warning CS1734: XML comment on 'LiteEngine.InvalidDatafileState' has a paramref tag for 'checkpoint', but there is no parameter by that name [__WORKSPACE__/artifacts_temp/fix-pin-begin/LiteDB/LiteDB.csproj::TargetFramework=net8.0]
__WORKSPACE__/artifacts_temp/fix-pin-begin/LiteDB/Engine/LiteEngine.cs(232,42): warning CS1734: XML comment on 'LiteEngine.InvalidDatafileState' has a paramref tag for 'final', but there is no parameter by that name [__WORKSPACE__/artifacts_temp/fix-pin-begin/LiteDB/LiteDB.csproj::TargetFramework=net8.0]
__WORKSPACE__/artifacts_temp/fix-pin-begin/LiteDB/Client/Coordinated/CoordinatorClient.Snapshots.cs(376,42): warning CS1573: Parameter 'engine' has no matching param tag in the XML comment for 'CoordinatorClient.Snapshot.Snapshot(LiteEngine, IDisposable, int, CoordinatorStatus)' (but other parameters do) [__WORKSPACE__/artifacts_temp/fix-pin-begin/LiteDB/LiteDB.csproj::TargetFramework=net8.0]
__WORKSPACE__/artifacts_temp/fix-pin-begin/LiteDB/Client/Coordinated/CoordinatorClient.Snapshots.cs(376,62): warning CS1573: Parameter 'lease' has no matching param tag in the XML comment for 'CoordinatorClient.Snapshot.Snapshot(LiteEngine, IDisposable, int, CoordinatorStatus)' (but other parameters do) [__WORKSPACE__/artifacts_temp/fix-pin-begin/LiteDB/LiteDB.csproj::TargetFramework=net8.0]
__WORKSPACE__/artifacts_temp/fix-pin-begin/LiteDB/Client/Coordinated/CoordinatorClient.Snapshots.cs(376,73): warning CS1573: Parameter 'version' has no matching param tag in the XML comment for 'CoordinatorClient.Snapshot.Snapshot(LiteEngine, IDisposable, int, CoordinatorStatus)' (but other parameters do) [__WORKSPACE__/artifacts_temp/fix-pin-begin/LiteDB/LiteDB.csproj::TargetFramework=net8.0]
__WORKSPACE__/artifacts_temp/fix-pin-begin/LiteDB/Client/Coordinated/CoordinatorStatusPage.cs(170,27): warning CA1416: This call site is reachable on all platforms. 'FileStreamOptions.UnixCreateMode.set' is unsupported on: 'windows'. (https://learn.microsoft.com/dotnet/fundamentals/code-analysis/quality-rules/ca1416) [__WORKSPACE__/artifacts_temp/fix-pin-begin/LiteDB/LiteDB.csproj::TargetFramework=net8.0]
__WORKSPACE__/artifacts_temp/fix-pin-begin/LiteDB/Client/Coordinated/CoordinatorStatusPage.cs(145,51): warning CA1416: This call site is reachable on all platforms. 'File.SetUnixFileMode(string, UnixFileMode)' is unsupported on: 'windows'. (https://learn.microsoft.com/dotnet/fundamentals/code-analysis/quality-rules/ca1416) [__WORKSPACE__/artifacts_temp/fix-pin-begin/LiteDB/LiteDB.csproj::TargetFramework=net8.0]
__WORKSPACE__/artifacts_temp/fix-pin-begin/LiteDB/Client/Coordinated/CoordinatorStatusPage.cs(115,57): warning CA1416: This call site is reachable on all platforms. 'File.GetUnixFileMode(string)' is unsupported on: 'windows'. (https://learn.microsoft.com/dotnet/fundamentals/code-analysis/quality-rules/ca1416) [__WORKSPACE__/artifacts_temp/fix-pin-begin/LiteDB/LiteDB.csproj::TargetFramework=net8.0]
__WORKSPACE__/artifacts_temp/fix-pin-begin/LiteDB/Client/Coordinated/CoordinatorStatusPage.cs(138,24): warning CA1416: This call site is reachable on all platforms. 'File.GetUnixFileMode(string)' is unsupported on: 'windows'. (https://learn.microsoft.com/dotnet/fundamentals/code-analysis/quality-rules/ca1416) [__WORKSPACE__/artifacts_temp/fix-pin-begin/LiteDB/LiteDB.csproj::TargetFramework=net8.0]
__WORKSPACE__/artifacts_temp/fix-pin-begin/LiteDB/Client/Coordinated/CoordinatorStatusPage.cs(133,17): warning CA1416: This call site is reachable on all platforms. 'Directory.CreateDirectory(string, UnixFileMode)' is unsupported on: 'windows'. (https://learn.microsoft.com/dotnet/fundamentals/code-analysis/quality-rules/ca1416) [__WORKSPACE__/artifacts_temp/fix-pin-begin/LiteDB/LiteDB.csproj::TargetFramework=net8.0]
  LiteDB -> __WORKSPACE__/artifacts_temp/fix-pin-begin/LiteDB/bin/Release/net8.0/LiteDB.dll
__WORKSPACE__/artifacts_temp/fix-pin-begin/LiteDB.Tests.SharedMutexHarness/CoordinatorHarness.cs(35,9): warning CS0618: 'LiteDatabase.BeginTrans()' is obsolete: 'Use BeginTransaction() and Commit/Rollback on the returned handle. This legacy API is thread-bound and must not cross await.' [__WORKSPACE__/artifacts_temp/fix-pin-begin/LiteDB.Tests.SharedMutexHarness/SharedMutexHarness.csproj]
__WORKSPACE__/artifacts_temp/fix-pin-begin/LiteDB.Tests.SharedMutexHarness/CoordinatorHarness.cs(39,9): warning CS0618: 'LiteDatabase.Rollback()' is obsolete: 'Use BeginTransaction() and Commit/Rollback on the returned handle. This legacy API is thread-bound and must not cross await.' [__WORKSPACE__/artifacts_temp/fix-pin-begin/LiteDB.Tests.SharedMutexHarness/SharedMutexHarness.csproj]
__WORKSPACE__/artifacts_temp/fix-pin-begin/LiteDB.Tests.SharedMutexHarness/SharedStorageHarness.cs(34,17): warning CS0618: 'LiteDatabase.BeginTrans()' is obsolete: 'Use BeginTransaction() and Commit/Rollback on the returned handle. This legacy API is thread-bound and must not cross await.' [__WORKSPACE__/artifacts_temp/fix-pin-begin/LiteDB.Tests.SharedMutexHarness/SharedMutexHarness.csproj]
__WORKSPACE__/artifacts_temp/fix-pin-begin/LiteDB.Tests.SharedMutexHarness/SharedStorageHarness.cs(36,55): warning CS0618: 'LiteDatabase.Commit()' is obsolete: 'Use BeginTransaction() and Commit/Rollback on the returned handle. This legacy API is thread-bound and must not cross await.' [__WORKSPACE__/artifacts_temp/fix-pin-begin/LiteDB.Tests.SharedMutexHarness/SharedMutexHarness.csproj]
__WORKSPACE__/artifacts_temp/fix-pin-begin/LiteDB.Tests.SharedMutexHarness/SharedMappedHarness.cs(40,13): warning CS0618: 'LiteDatabase.BeginTrans()' is obsolete: 'Use BeginTransaction() and Commit/Rollback on the returned handle. This legacy API is thread-bound and must not cross await.' [__WORKSPACE__/artifacts_temp/fix-pin-begin/LiteDB.Tests.SharedMutexHarness/SharedMutexHarness.csproj]
__WORKSPACE__/artifacts_temp/fix-pin-begin/LiteDB.Tests.SharedMutexHarness/MvccHarness.cs(65,17): warning CS0618: 'LiteDatabase.BeginTrans()' is obsolete: 'Use BeginTransaction() and Commit/Rollback on the returned handle. This legacy API is thread-bound and must not cross await.' [__WORKSPACE__/artifacts_temp/fix-pin-begin/LiteDB.Tests.SharedMutexHarness/SharedMutexHarness.csproj]
__WORKSPACE__/artifacts_temp/fix-pin-begin/LiteDB.Tests.SharedMutexHarness/MvccHarness.cs(85,17): warning CS0618: 'LiteDatabase.BeginTrans()' is obsolete: 'Use BeginTransaction() and Commit/Rollback on the returned handle. This legacy API is thread-bound and must not cross await.' [__WORKSPACE__/artifacts_temp/fix-pin-begin/LiteDB.Tests.SharedMutexHarness/SharedMutexHarness.csproj]
  SharedMutexHarness -> __WORKSPACE__/artifacts_temp/fix-pin-begin/LiteDB.Tests.SharedMutexHarness/bin/Release/net8.0/SharedMutexHarness.dll
__WORKSPACE__/artifacts_temp/fix-pin-begin/LiteDB.Tests/Issues/Issue1829Invocation_Tests.cs(91,58): warning CS1718: Comparison made to same variable; did you mean to compare something else? [__WORKSPACE__/artifacts_temp/fix-pin-begin/LiteDB.Tests/LiteDB.Tests.csproj::TargetFramework=net8.0]
__WORKSPACE__/artifacts_temp/fix-pin-begin/LiteDB.Tests/Issues/Issue1829Invocation_Tests.cs(105,57): warning CS1718: Comparison made to same variable; did you mean to compare something else? [__WORKSPACE__/artifacts_temp/fix-pin-begin/LiteDB.Tests/LiteDB.Tests.csproj::TargetFramework=net8.0]
__WORKSPACE__/artifacts_temp/fix-pin-begin/LiteDB.Tests/Issues/Issue2265_Tests.cs(38,20): warning CS8632: The annotation for nullable reference types should only be used in code within a '#nullable' annotations context. [__WORKSPACE__/artifacts_temp/fix-pin-begin/LiteDB.Tests/LiteDB.Tests.csproj::TargetFramework=net8.0]
__WORKSPACE__/artifacts_temp/fix-pin-begin/LiteDB.Tests/Internals/TransactionHandleProcess_Tests.cs(22,13): warning xUnit2013: Do not use Assert.Equal() to check for collection size. Use Assert.Single instead. (https://xunit.net/xunit.analyzers/rules/xUnit2013) [__WORKSPACE__/artifacts_temp/fix-pin-begin/LiteDB.Tests/LiteDB.Tests.csproj::TargetFramework=net8.0]
__WORKSPACE__/artifacts_temp/fix-pin-begin/LiteDB.Tests/Engine/CompactSchemaCacheConcurrency_Tests.cs(96,18): warning xUnit1031: Test methods should not use blocking task operations, as they can cause deadlocks. Use an async test method and await instead. (https://xunit.net/xunit.analyzers/rules/xUnit1031) [__WORKSPACE__/artifacts_temp/fix-pin-begin/LiteDB.Tests/LiteDB.Tests.csproj::TargetFramework=net8.0]
__WORKSPACE__/artifacts_temp/fix-pin-begin/LiteDB.Tests/Engine/CoordinatorPlatform_Tests.cs(289,22): warning xUnit1031: Test methods should not use blocking task operations, as they can cause deadlocks. Use an async test method and await instead. (https://xunit.net/xunit.analyzers/rules/xUnit1031) [__WORKSPACE__/artifacts_temp/fix-pin-begin/LiteDB.Tests/LiteDB.Tests.csproj::TargetFramework=net8.0]
__WORKSPACE__/artifacts_temp/fix-pin-begin/LiteDB.Tests/Issues/Issue1192DirectDictionary_Tests.cs(186,13): warning xUnit2013: Do not use Assert.Equal() to check for collection size. Use Assert.Empty instead. (https://xunit.net/xunit.analyzers/rules/xUnit2013) [__WORKSPACE__/artifacts_temp/fix-pin-begin/LiteDB.Tests/LiteDB.Tests.csproj::TargetFramework=net8.0]
__WORKSPACE__/artifacts_temp/fix-pin-begin/LiteDB.Tests/Engine/TransactionHandle_Tests.cs(146,32): warning xUnit1031: Test methods should not use blocking task operations, as they can cause deadlocks. Use an async test method and await instead. (https://xunit.net/xunit.analyzers/rules/xUnit1031) [__WORKSPACE__/artifacts_temp/fix-pin-begin/LiteDB.Tests/LiteDB.Tests.csproj::TargetFramework=net8.0]
__WORKSPACE__/artifacts_temp/fix-pin-begin/LiteDB.Tests/Engine/TransactionHandleSharedPinCancellation_Tests.cs(56,38): warning xUnit1031: Test methods should not use blocking task operations, as they can cause deadlocks. Use an async test method and await instead. (https://xunit.net/xunit.analyzers/rules/xUnit1031) [__WORKSPACE__/artifacts_temp/fix-pin-begin/LiteDB.Tests/LiteDB.Tests.csproj::TargetFramework=net8.0]
__WORKSPACE__/artifacts_temp/fix-pin-begin/LiteDB.Tests/Engine/TransactionHandleSharedPinCancellation_Tests.cs(57,68): warning xUnit1031: Test methods should not use blocking task operations, as they can cause deadlocks. Use an async test method and await instead. (https://xunit.net/xunit.analyzers/rules/xUnit1031) [__WORKSPACE__/artifacts_temp/fix-pin-begin/LiteDB.Tests/LiteDB.Tests.csproj::TargetFramework=net8.0]
__WORKSPACE__/artifacts_temp/fix-pin-begin/LiteDB.Tests/Engine/TransactionHandleSharedPinCancellation_Tests.cs(66,38): warning xUnit1031: Test methods should not use blocking task operations, as they can cause deadlocks. Use an async test method and await instead. (https://xunit.net/xunit.analyzers/rules/xUnit1031) [__WORKSPACE__/artifacts_temp/fix-pin-begin/LiteDB.Tests/LiteDB.Tests.csproj::TargetFramework=net8.0]
__WORKSPACE__/artifacts_temp/fix-pin-begin/LiteDB.Tests/Engine/CoordinatorSnapshotReads_Tests.cs(161,28): warning xUnit1031: Test methods should not use blocking task operations, as they can cause deadlocks. Use an async test method and await instead. (https://xunit.net/xunit.analyzers/rules/xUnit1031) [__WORKSPACE__/artifacts_temp/fix-pin-begin/LiteDB.Tests/LiteDB.Tests.csproj::TargetFramework=net8.0]
__WORKSPACE__/artifacts_temp/fix-pin-begin/LiteDB.Tests/Engine/Coordinator_Tests.cs(262,20): warning xUnit1031: Test methods should not use blocking task operations, as they can cause deadlocks. Use an async test method and await instead. (https://xunit.net/xunit.analyzers/rules/xUnit1031) [__WORKSPACE__/artifacts_temp/fix-pin-begin/LiteDB.Tests/LiteDB.Tests.csproj::TargetFramework=net8.0]
__WORKSPACE__/artifacts_temp/fix-pin-begin/LiteDB.Tests/Engine/CoordinatorSnapshotReads_Tests.cs(172,24): warning xUnit1031: Test methods should not use blocking task operations, as they can cause deadlocks. Use an async test method and await instead. (https://xunit.net/xunit.analyzers/rules/xUnit1031) [__WORKSPACE__/artifacts_temp/fix-pin-begin/LiteDB.Tests/LiteDB.Tests.csproj::TargetFramework=net8.0]
__WORKSPACE__/artifacts_temp/fix-pin-begin/LiteDB.Tests/Engine/TransactionHandleSharedAdmission_Tests.cs(91,34): warning xUnit1031: Test methods should not use blocking task operations, as they can cause deadlocks. Use an async test method and await instead. (https://xunit.net/xunit.analyzers/rules/xUnit1031) [__WORKSPACE__/artifacts_temp/fix-pin-begin/LiteDB.Tests/LiteDB.Tests.csproj::TargetFramework=net8.0]
__WORKSPACE__/artifacts_temp/fix-pin-begin/LiteDB.Tests/Engine/TransactionHandleSharedAdmission_Tests.cs(92,64): warning xUnit1031: Test methods should not use blocking task operations, as they can cause deadlocks. Use an async test method and await instead. (https://xunit.net/xunit.analyzers/rules/xUnit1031) [__WORKSPACE__/artifacts_temp/fix-pin-begin/LiteDB.Tests/LiteDB.Tests.csproj::TargetFramework=net8.0]
__WORKSPACE__/artifacts_temp/fix-pin-begin/LiteDB.Tests/Engine/TransactionHandleRawCloseDependency_Tests.cs(33,35): warning xUnit1031: Test methods should not use blocking task operations, as they can cause deadlocks. Use an async test method and await instead. (https://xunit.net/xunit.analyzers/rules/xUnit1031) [__WORKSPACE__/artifacts_temp/fix-pin-begin/LiteDB.Tests/LiteDB.Tests.csproj::TargetFramework=net8.0]
__WORKSPACE__/artifacts_temp/fix-pin-begin/LiteDB.Tests/Engine/TransactionHandleSharedAdmission_Tests.cs(48,34): warning xUnit1031: Test methods should not use blocking task operations, as they can cause deadlocks. Use an async test method and await instead. (https://xunit.net/xunit.analyzers/rules/xUnit1031) [__WORKSPACE__/artifacts_temp/fix-pin-begin/LiteDB.Tests/LiteDB.Tests.csproj::TargetFramework=net8.0]
__WORKSPACE__/artifacts_temp/fix-pin-begin/LiteDB.Tests/Engine/TransactionHandleSharedAdmission_Tests.cs(49,64): warning xUnit1031: Test methods should not use blocking task operations, as they can cause deadlocks. Use an async test method and await instead. (https://xunit.net/xunit.analyzers/rules/xUnit1031) [__WORKSPACE__/artifacts_temp/fix-pin-begin/LiteDB.Tests/LiteDB.Tests.csproj::TargetFramework=net8.0]
__WORKSPACE__/artifacts_temp/fix-pin-begin/LiteDB.Tests/Engine/TransactionHandleSharedAdmission_Tests.cs(54,22): warning xUnit1031: Test methods should not use blocking task operations, as they can cause deadlocks. Use an async test method and await instead. (https://xunit.net/xunit.analyzers/rules/xUnit1031) [__WORKSPACE__/artifacts_temp/fix-pin-begin/LiteDB.Tests/LiteDB.Tests.csproj::TargetFramework=net8.0]
__WORKSPACE__/artifacts_temp/fix-pin-begin/LiteDB.Tests/Internals/CacheAsync_Tests.cs(86,18): warning xUnit1031: Test methods should not use blocking task operations, as they can cause deadlocks. Use an async test method and await instead. (https://xunit.net/xunit.analyzers/rules/xUnit1031) [__WORKSPACE__/artifacts_temp/fix-pin-begin/LiteDB.Tests/LiteDB.Tests.csproj::TargetFramework=net8.0]
__WORKSPACE__/artifacts_temp/fix-pin-begin/LiteDB.Tests/Engine/NativeAdmissionDirectPoolFinalizer_Tests.cs(74,13): warning xUnit2013: Do not use Assert.Equal() to check for collection size. Use Assert.Single instead. (https://xunit.net/xunit.analyzers/rules/xUnit2013) [__WORKSPACE__/artifacts_temp/fix-pin-begin/LiteDB.Tests/LiteDB.Tests.csproj::TargetFramework=net8.0]
__WORKSPACE__/artifacts_temp/fix-pin-begin/LiteDB.Tests/Engine/NativeAdmissionDirectContextLifetime_Tests.cs(151,37): warning xUnit1031: Test methods should not use blocking task operations, as they can cause deadlocks. Use an async test method and await instead. (https://xunit.net/xunit.analyzers/rules/xUnit1031) [__WORKSPACE__/artifacts_temp/fix-pin-begin/LiteDB.Tests/LiteDB.Tests.csproj::TargetFramework=net8.0]
__WORKSPACE__/artifacts_temp/fix-pin-begin/LiteDB.Tests/Engine/NativeAdmissionDirectContext_Tests.cs(140,38): warning xUnit1031: Test methods should not use blocking task operations, as they can cause deadlocks. Use an async test method and await instead. (https://xunit.net/xunit.analyzers/rules/xUnit1031) [__WORKSPACE__/artifacts_temp/fix-pin-begin/LiteDB.Tests/LiteDB.Tests.csproj::TargetFramework=net8.0]
__WORKSPACE__/artifacts_temp/fix-pin-begin/LiteDB.Tests/Engine/NativeAdmissionIsolation_Tests.cs(56,25): warning xUnit1031: Test methods should not use blocking task operations, as they can cause deadlocks. Use an async test method and await instead. (https://xunit.net/xunit.analyzers/rules/xUnit1031) [__WORKSPACE__/artifacts_temp/fix-pin-begin/LiteDB.Tests/LiteDB.Tests.csproj::TargetFramework=net8.0]
__WORKSPACE__/artifacts_temp/fix-pin-begin/LiteDB.Tests/Engine/NativeAdmissionIsolation_Tests.cs(65,22): warning xUnit1031: Test methods should not use blocking task operations, as they can cause deadlocks. Use an async test method and await instead. (https://xunit.net/xunit.analyzers/rules/xUnit1031) [__WORKSPACE__/artifacts_temp/fix-pin-begin/LiteDB.Tests/LiteDB.Tests.csproj::TargetFramework=net8.0]
__WORKSPACE__/artifacts_temp/fix-pin-begin/LiteDB.Tests/Engine/TransactionHandleMaintenanceProgress_Tests.cs(81,32): warning xUnit1031: Test methods should not use blocking task operations, as they can cause deadlocks. Use an async test method and await instead. (https://xunit.net/xunit.analyzers/rules/xUnit1031) [__WORKSPACE__/artifacts_temp/fix-pin-begin/LiteDB.Tests/LiteDB.Tests.csproj::TargetFramework=net8.0]
__WORKSPACE__/artifacts_temp/fix-pin-begin/LiteDB.Tests/Engine/TransactionHandleMaintenanceProgress_Tests.cs(111,41): warning xUnit1031: Test methods should not use blocking task operations, as they can cause deadlocks. Use an async test method and await instead. (https://xunit.net/xunit.analyzers/rules/xUnit1031) [__WORKSPACE__/artifacts_temp/fix-pin-begin/LiteDB.Tests/LiteDB.Tests.csproj::TargetFramework=net8.0]
__WORKSPACE__/artifacts_temp/fix-pin-begin/LiteDB.Tests/Engine/TransactionHandleMaintenanceProgress_Tests.cs(157,41): warning xUnit1031: Test methods should not use blocking task operations, as they can cause deadlocks. Use an async test method and await instead. (https://xunit.net/xunit.analyzers/rules/xUnit1031) [__WORKSPACE__/artifacts_temp/fix-pin-begin/LiteDB.Tests/LiteDB.Tests.csproj::TargetFramework=net8.0]
__WORKSPACE__/artifacts_temp/fix-pin-begin/LiteDB.Tests/Issues/Issue2112_Tests.cs(32,13): warning xUnit2013: Do not use Assert.Equal() to check for collection size. Use Assert.Single instead. (https://xunit.net/xunit.analyzers/rules/xUnit2013) [__WORKSPACE__/artifacts_temp/fix-pin-begin/LiteDB.Tests/LiteDB.Tests.csproj::TargetFramework=net8.0]
__WORKSPACE__/artifacts_temp/fix-pin-begin/LiteDB.Tests/Engine/TransactionHandleMaintenanceProgress_Tests.cs(190,31): warning xUnit1031: Test methods should not use blocking task operations, as they can cause deadlocks. Use an async test method and await instead. (https://xunit.net/xunit.analyzers/rules/xUnit1031) [__WORKSPACE__/artifacts_temp/fix-pin-begin/LiteDB.Tests/LiteDB.Tests.csproj::TargetFramework=net8.0]
__WORKSPACE__/artifacts_temp/fix-pin-begin/LiteDB.Tests/Issues/Issue2243ReferenceSchema_Tests.cs(21,13): warning xUnit2013: Do not use Assert.Equal() to check for collection size. Use Assert.Empty instead. (https://xunit.net/xunit.analyzers/rules/xUnit2013) [__WORKSPACE__/artifacts_temp/fix-pin-begin/LiteDB.Tests/LiteDB.Tests.csproj::TargetFramework=net8.0]
__WORKSPACE__/artifacts_temp/fix-pin-begin/LiteDB.Tests/Issues/Issue2243ReferenceSchema_Tests.cs(22,13): warning xUnit2013: Do not use Assert.Equal() to check for collection size. Use Assert.Empty instead. (https://xunit.net/xunit.analyzers/rules/xUnit2013) [__WORKSPACE__/artifacts_temp/fix-pin-begin/LiteDB.Tests/LiteDB.Tests.csproj::TargetFramework=net8.0]
__WORKSPACE__/artifacts_temp/fix-pin-begin/LiteDB.Tests/Issues/Issue2324_Tests.cs(64,33): warning xUnit1031: Test methods should not use blocking task operations, as they can cause deadlocks. Use an async test method and await instead. (https://xunit.net/xunit.analyzers/rules/xUnit1031) [__WORKSPACE__/artifacts_temp/fix-pin-begin/LiteDB.Tests/LiteDB.Tests.csproj::TargetFramework=net8.0]
__WORKSPACE__/artifacts_temp/fix-pin-begin/LiteDB.Tests/Engine/SharedDisposalFailure_Tests.cs(71,35): warning xUnit1031: Test methods should not use blocking task operations, as they can cause deadlocks. Use an async test method and await instead. (https://xunit.net/xunit.analyzers/rules/xUnit1031) [__WORKSPACE__/artifacts_temp/fix-pin-begin/LiteDB.Tests/LiteDB.Tests.csproj::TargetFramework=net8.0]
__WORKSPACE__/artifacts_temp/fix-pin-begin/LiteDB.Tests/Engine/SharedDisposalFailure_Tests.cs(72,54): warning xUnit1031: Test methods should not use blocking task operations, as they can cause deadlocks. Use an async test method and await instead. (https://xunit.net/xunit.analyzers/rules/xUnit1031) [__WORKSPACE__/artifacts_temp/fix-pin-begin/LiteDB.Tests/LiteDB.Tests.csproj::TargetFramework=net8.0]
__WORKSPACE__/artifacts_temp/fix-pin-begin/LiteDB.Tests/Engine/SharedDisposalFailure_Tests.cs(73,49): warning xUnit1031: Test methods should not use blocking task operations, as they can cause deadlocks. Use an async test method and await instead. (https://xunit.net/xunit.analyzers/rules/xUnit1031) [__WORKSPACE__/artifacts_temp/fix-pin-begin/LiteDB.Tests/LiteDB.Tests.csproj::TargetFramework=net8.0]
__WORKSPACE__/artifacts_temp/fix-pin-begin/LiteDB.Tests/Engine/SharedDisposalFailure_Tests.cs(93,37): warning xUnit1031: Test methods should not use blocking task operations, as they can cause deadlocks. Use an async test method and await instead. (https://xunit.net/xunit.analyzers/rules/xUnit1031) [__WORKSPACE__/artifacts_temp/fix-pin-begin/LiteDB.Tests/LiteDB.Tests.csproj::TargetFramework=net8.0]
__WORKSPACE__/artifacts_temp/fix-pin-begin/LiteDB.Tests/Engine/SharedDisposalFailure_Tests.cs(117,23): warning xUnit1031: Test methods should not use blocking task operations, as they can cause deadlocks. Use an async test method and await instead. (https://xunit.net/xunit.analyzers/rules/xUnit1031) [__WORKSPACE__/artifacts_temp/fix-pin-begin/LiteDB.Tests/LiteDB.Tests.csproj::TargetFramework=net8.0]
__WORKSPACE__/artifacts_temp/fix-pin-begin/LiteDB.Tests/Engine/TransactionHandleAdmission_Tests.cs(130,37): warning xUnit1031: Test methods should not use blocking task operations, as they can cause deadlocks. Use an async test method and await instead. (https://xunit.net/xunit.analyzers/rules/xUnit1031) [__WORKSPACE__/artifacts_temp/fix-pin-begin/LiteDB.Tests/LiteDB.Tests.csproj::TargetFramework=net8.0]
__WORKSPACE__/artifacts_temp/fix-pin-begin/LiteDB.Tests/Engine/TransactionHandleAdmission_Tests.cs(131,57): warning xUnit1031: Test methods should not use blocking task operations, as they can cause deadlocks. Use an async test method and await instead. (https://xunit.net/xunit.analyzers/rules/xUnit1031) [__WORKSPACE__/artifacts_temp/fix-pin-begin/LiteDB.Tests/LiteDB.Tests.csproj::TargetFramework=net8.0]
__WORKSPACE__/artifacts_temp/fix-pin-begin/LiteDB.Tests/Engine/TransactionHandleAdmission_Tests.cs(83,37): warning xUnit1031: Test methods should not use blocking task operations, as they can cause deadlocks. Use an async test method and await instead. (https://xunit.net/xunit.analyzers/rules/xUnit1031) [__WORKSPACE__/artifacts_temp/fix-pin-begin/LiteDB.Tests/LiteDB.Tests.csproj::TargetFramework=net8.0]
__WORKSPACE__/artifacts_temp/fix-pin-begin/LiteDB.Tests/Engine/TransactionHandleAdmission_Tests.cs(84,112): warning xUnit1031: Test methods should not use blocking task operations, as they can cause deadlocks. Use an async test method and await instead. (https://xunit.net/xunit.analyzers/rules/xUnit1031) [__WORKSPACE__/artifacts_temp/fix-pin-begin/LiteDB.Tests/LiteDB.Tests.csproj::TargetFramework=net8.0]
__WORKSPACE__/artifacts_temp/fix-pin-begin/LiteDB.Tests/Engine/TransactionHandleAdmission_Tests.cs(85,62): warning xUnit1031: Test methods should not use blocking task operations, as they can cause deadlocks. Use an async test method and await instead. (https://xunit.net/xunit.analyzers/rules/xUnit1031) [__WORKSPACE__/artifacts_temp/fix-pin-begin/LiteDB.Tests/LiteDB.Tests.csproj::TargetFramework=net8.0]
__WORKSPACE__/artifacts_temp/fix-pin-begin/LiteDB.Tests/Engine/TransactionHandleContext_Tests.cs(24,46): warning CA1416: This call site is reachable on all platforms. 'WindowsIdentity.GetCurrent(bool)' is only supported on: 'windows'. (https://learn.microsoft.com/dotnet/fundamentals/code-analysis/quality-rules/ca1416) [__WORKSPACE__/artifacts_temp/fix-pin-begin/LiteDB.Tests/LiteDB.Tests.csproj::TargetFramework=net8.0]
__WORKSPACE__/artifacts_temp/fix-pin-begin/LiteDB.Tests/Engine/TransactionHandleDisposeSafety_Tests.cs(250,55): warning xUnit1031: Test methods should not use blocking task operations, as they can cause deadlocks. Use an async test method and await instead. (https://xunit.net/xunit.analyzers/rules/xUnit1031) [__WORKSPACE__/artifacts_temp/fix-pin-begin/LiteDB.Tests/LiteDB.Tests.csproj::TargetFramework=net8.0]
__WORKSPACE__/artifacts_temp/fix-pin-begin/LiteDB.Tests/Issues/Issue2790ReaderLease_Tests.cs(43,37): warning xUnit1030: Test methods should not call ConfigureAwait(false), as it may bypass parallelization limits. Omit ConfigureAwait, or use ConfigureAwait(true) to avoid CA2007. (https://xunit.net/xunit.analyzers/rules/xUnit1030) [__WORKSPACE__/artifacts_temp/fix-pin-begin/LiteDB.Tests/LiteDB.Tests.csproj::TargetFramework=net8.0]
__WORKSPACE__/artifacts_temp/fix-pin-begin/LiteDB.Tests/Issues/Issue2792SnapshotPublication_Tests.cs(65,57): warning xUnit1031: Test methods should not use blocking task operations, as they can cause deadlocks. Use an async test method and await instead. (https://xunit.net/xunit.analyzers/rules/xUnit1031) [__WORKSPACE__/artifacts_temp/fix-pin-begin/LiteDB.Tests/LiteDB.Tests.csproj::TargetFramework=net8.0]
__WORKSPACE__/artifacts_temp/fix-pin-begin/LiteDB.Tests/Issues/Issue2792SnapshotPublication_Tests.cs(66,37): warning xUnit1031: Test methods should not use blocking task operations, as they can cause deadlocks. Use an async test method and await instead. (https://xunit.net/xunit.analyzers/rules/xUnit1031) [__WORKSPACE__/artifacts_temp/fix-pin-begin/LiteDB.Tests/LiteDB.Tests.csproj::TargetFramework=net8.0]
__WORKSPACE__/artifacts_temp/fix-pin-begin/LiteDB.Tests/Issues/Issue2792_Tests.cs(48,24): warning xUnit1031: Test methods should not use blocking task operations, as they can cause deadlocks. Use an async test method and await instead. (https://xunit.net/xunit.analyzers/rules/xUnit1031) [__WORKSPACE__/artifacts_temp/fix-pin-begin/LiteDB.Tests/LiteDB.Tests.csproj::TargetFramework=net8.0]
__WORKSPACE__/artifacts_temp/fix-pin-begin/LiteDB.Tests/Issues/Issue2792_Tests.cs(53,24): warning xUnit1031: Test methods should not use blocking task operations, as they can cause deadlocks. Use an async test method and await instead. (https://xunit.net/xunit.analyzers/rules/xUnit1031) [__WORKSPACE__/artifacts_temp/fix-pin-begin/LiteDB.Tests/LiteDB.Tests.csproj::TargetFramework=net8.0]
__WORKSPACE__/artifacts_temp/fix-pin-begin/LiteDB.Tests/Issues/Issue2792_Tests.cs(54,44): warning xUnit1031: Test methods should not use blocking task operations, as they can cause deadlocks. Use an async test method and await instead. (https://xunit.net/xunit.analyzers/rules/xUnit1031) [__WORKSPACE__/artifacts_temp/fix-pin-begin/LiteDB.Tests/LiteDB.Tests.csproj::TargetFramework=net8.0]
__WORKSPACE__/artifacts_temp/fix-pin-begin/LiteDB.Tests/Issues/Issue2792_Tests.cs(59,24): warning xUnit1031: Test methods should not use blocking task operations, as they can cause deadlocks. Use an async test method and await instead. (https://xunit.net/xunit.analyzers/rules/xUnit1031) [__WORKSPACE__/artifacts_temp/fix-pin-begin/LiteDB.Tests/LiteDB.Tests.csproj::TargetFramework=net8.0]
__WORKSPACE__/artifacts_temp/fix-pin-begin/LiteDB.Tests/Issues/Issue2792_Tests.cs(60,24): warning xUnit1031: Test methods should not use blocking task operations, as they can cause deadlocks. Use an async test method and await instead. (https://xunit.net/xunit.analyzers/rules/xUnit1031) [__WORKSPACE__/artifacts_temp/fix-pin-begin/LiteDB.Tests/LiteDB.Tests.csproj::TargetFramework=net8.0]
__WORKSPACE__/artifacts_temp/fix-pin-begin/LiteDB.Tests/Issues/Issue2814_Tests.cs(57,26): warning xUnit1031: Test methods should not use blocking task operations, as they can cause deadlocks. Use an async test method and await instead. (https://xunit.net/xunit.analyzers/rules/xUnit1031) [__WORKSPACE__/artifacts_temp/fix-pin-begin/LiteDB.Tests/LiteDB.Tests.csproj::TargetFramework=net8.0]
__WORKSPACE__/artifacts_temp/fix-pin-begin/LiteDB.Tests/Issues/Issue2814Admission_Tests.cs(56,78): warning xUnit1031: Test methods should not use blocking task operations, as they can cause deadlocks. Use an async test method and await instead. (https://xunit.net/xunit.analyzers/rules/xUnit1031) [__WORKSPACE__/artifacts_temp/fix-pin-begin/LiteDB.Tests/LiteDB.Tests.csproj::TargetFramework=net8.0]
__WORKSPACE__/artifacts_temp/fix-pin-begin/LiteDB.Tests/Issues/Issue2848_Tests.cs(87,89): warning xUnit1031: Test methods should not use blocking task operations, as they can cause deadlocks. Use an async test method and await instead. (https://xunit.net/xunit.analyzers/rules/xUnit1031) [__WORKSPACE__/artifacts_temp/fix-pin-begin/LiteDB.Tests/LiteDB.Tests.csproj::TargetFramework=net8.0]
  LiteDB.Tests -> __WORKSPACE__/artifacts_temp/fix-pin-begin/LiteDB.Tests/bin/Release/net8.0/LiteDB.Tests.dll
Test run for __WORKSPACE__/artifacts_temp/fix-pin-begin/LiteDB.Tests/bin/Release/net8.0/LiteDB.Tests.dll (.NETCoreApp,Version=v8.0)
A total of 1 test files matched the specified pattern.
[xUnit.net 00:00:01.55]     LiteDB.Tests.Engine.TransactionHandleOrdinaryCallbackBegin_Tests.Transferred_mutex_reader_refuses_handle_before_admission(password: "secret", lockingQuery: False) [FAIL]
[xUnit.net 00:00:01.61]     LiteDB.Tests.Engine.TransactionHandleOrdinaryCallbackBegin_Tests.Transferred_mutex_reader_refuses_handle_before_admission(password: null, lockingQuery: True) [FAIL]
[xUnit.net 00:00:01.74]     LiteDB.Tests.Engine.TransactionHandleOrdinaryCallbackBegin_Tests.Transferred_mutex_reader_refuses_handle_before_admission(password: "secret", lockingQuery: True) [FAIL]
[xUnit.net 00:00:01.80]     LiteDB.Tests.Engine.TransactionHandleOrdinaryCallbackBegin_Tests.Transferred_mutex_reader_refuses_handle_before_admission(password: null, lockingQuery: False) [FAIL]
[xUnit.net 00:00:02.81]     LiteDB.Tests.Engine.TransactionHandleOrdinaryCallbackBegin_Tests.Pinned_input_without_holds_refuses_handle_before_admission(password: null) [FAIL]
  Failed LiteDB.Tests.Engine.TransactionHandleOrdinaryCallbackBegin_Tests.Transferred_mutex_reader_refuses_handle_before_admission(password: "secret", lockingQuery: False) [262 ms]
  Error Message:
   Assert.Null() Failure: Value is not null
Expected: null
Actual:   Xunit.Sdk.IsTypeException: Assert.IsType() Failure: Value is not the exact type
Expected: typeof(System.InvalidOperationException)
Actual:   typeof(System.OperationCanceledException)
   at Xunit.Assert.IsType(Type expectedType, Object object) in /_/src/xunit.assert/Asserts/TypeAsserts.cs:line 190
   at Xunit.Assert.IsType[T](Object object) in /_/src/xunit.assert/Asserts/TypeAsserts.cs:line 154
   at LiteDB.Tests.Engine.TransactionHandleOrdinaryCallbackBegin_Tests.RefuseBeforeAdmission(LiteDatabase db, SharedEngine shared) in __WORKSPACE__/artifacts_temp/fix-pin-begin/LiteDB.Tests/Engine/TransactionHandleOrdinaryCallbackBegin_Tests.cs:line 152
   at LiteDB.Tests.Engine.TransactionHandleOrdinaryCallbackBegin_Tests.<>c__DisplayClass1_2.<Transferred_mutex_reader_refuses_handle_before_admission>b__2() in __WORKSPACE__/artifacts_temp/fix-pin-begin/LiteDB.Tests/Engine/TransactionHandleOrdinaryCallbackBegin_Tests.cs:line 77
   at LiteDB.Tests.Engine.TransactionHandleOrdinaryCallbackBegin_Tests.<>c__DisplayClass1_0.<Transferred_mutex_reader_refuses_handle_before_admission>b__0(String _, BsonValue value) in __WORKSPACE__/artifacts_temp/fix-pin-begin/LiteDB.Tests/Engine/TransactionHandleOrdinaryCallbackBegin_Tests.cs:line 60
   at LiteDB.Engine.EngineState.ReadTransform(String collection, BsonValue value) in __WORKSPACE__/artifacts_temp/fix-pin-begin/LiteDB/Engine/EngineState.cs:line 124
   at LiteDB.BsonDataReader.Read() in __WORKSPACE__/artifacts_temp/fix-pin-begin/LiteDB/Document/DataReader/BsonDataReader.cs:line 117
   at LiteDB.SharedDataReader.Read() in __WORKSPACE__/artifacts_temp/fix-pin-begin/LiteDB/Client/Shared/SharedDataReader.cs:line 37
   at LiteDB.Tests.Engine.TransactionHandleOrdinaryCallbackBegin_Tests.<>c__DisplayClass1_1.<Transferred_mutex_reader_refuses_handle_before_admission>b__3() in __WORKSPACE__/artifacts_temp/fix-pin-begin/LiteDB.Tests/Engine/TransactionHandleOrdinaryCallbackBegin_Tests.cs:line 79
   at LiteDB.Tests.Engine.TransactionHandleSharedCallback_Tests.<>c__DisplayClass5_0.<OnThread>b__0() in __WORKSPACE__/artifacts_temp/fix-pin-begin/LiteDB.Tests/Engine/TransactionHandleSharedCallback_Tests.cs:line 122
  Stack Trace:
     at LiteDB.Tests.Engine.TransactionHandleSharedCallback_Tests.OnThread(Action action) in __WORKSPACE__/artifacts_temp/fix-pin-begin/LiteDB.Tests/Engine/TransactionHandleSharedCallback_Tests.cs:line 125
   at LiteDB.Tests.Engine.TransactionHandleOrdinaryCallbackBegin_Tests.Transferred_mutex_reader_refuses_handle_before_admission(String password, Boolean lockingQuery) in __WORKSPACE__/artifacts_temp/fix-pin-begin/LiteDB.Tests/Engine/TransactionHandleOrdinaryCallbackBegin_Tests.cs:line 79
   at System.RuntimeMethodHandle.InvokeMethod(Object target, Void** arguments, Signature sig, Boolean isConstructor)
   at System.Reflection.MethodBaseInvoker.InvokeDirectByRefWithFewArgs(Object obj, Span`1 copyOfArgs, BindingFlags invokeAttr)
  Failed LiteDB.Tests.Engine.TransactionHandleOrdinaryCallbackBegin_Tests.Transferred_mutex_reader_refuses_handle_before_admission(password: null, lockingQuery: True) [60 ms]
  Error Message:
   Assert.Null() Failure: Value is not null
Expected: null
Actual:   Xunit.Sdk.IsTypeException: Assert.IsType() Failure: Value is not the exact type
Expected: typeof(System.InvalidOperationException)
Actual:   typeof(System.OperationCanceledException)
   at Xunit.Assert.IsType(Type expectedType, Object object) in /_/src/xunit.assert/Asserts/TypeAsserts.cs:line 190
   at Xunit.Assert.IsType[T](Object object) in /_/src/xunit.assert/Asserts/TypeAsserts.cs:line 154
   at LiteDB.Tests.Engine.TransactionHandleOrdinaryCallbackBegin_Tests.RefuseBeforeAdmission(LiteDatabase db, SharedEngine shared) in __WORKSPACE__/artifacts_temp/fix-pin-begin/LiteDB.Tests/Engine/TransactionHandleOrdinaryCallbackBegin_Tests.cs:line 152
   at LiteDB.Tests.Engine.TransactionHandleOrdinaryCallbackBegin_Tests.<>c__DisplayClass1_2.<Transferred_mutex_reader_refuses_handle_before_admission>b__2() in __WORKSPACE__/artifacts_temp/fix-pin-begin/LiteDB.Tests/Engine/TransactionHandleOrdinaryCallbackBegin_Tests.cs:line 77
   at LiteDB.Tests.Engine.TransactionHandleOrdinaryCallbackBegin_Tests.<>c__DisplayClass1_0.<Transferred_mutex_reader_refuses_handle_before_admission>b__0(String _, BsonValue value) in __WORKSPACE__/artifacts_temp/fix-pin-begin/LiteDB.Tests/Engine/TransactionHandleOrdinaryCallbackBegin_Tests.cs:line 60
   at LiteDB.Engine.EngineState.ReadTransform(String collection, BsonValue value) in __WORKSPACE__/artifacts_temp/fix-pin-begin/LiteDB/Engine/EngineState.cs:line 124
   at LiteDB.BsonDataReader.Read() in __WORKSPACE__/artifacts_temp/fix-pin-begin/LiteDB/Document/DataReader/BsonDataReader.cs:line 117
   at LiteDB.SharedDataReader.Read() in __WORKSPACE__/artifacts_temp/fix-pin-begin/LiteDB/Client/Shared/SharedDataReader.cs:line 37
   at LiteDB.Tests.Engine.TransactionHandleOrdinaryCallbackBegin_Tests.<>c__DisplayClass1_1.<Transferred_mutex_reader_refuses_handle_before_admission>b__3() in __WORKSPACE__/artifacts_temp/fix-pin-begin/LiteDB.Tests/Engine/TransactionHandleOrdinaryCallbackBegin_Tests.cs:line 79
   at LiteDB.Tests.Engine.TransactionHandleSharedCallback_Tests.<>c__DisplayClass5_0.<OnThread>b__0() in __WORKSPACE__/artifacts_temp/fix-pin-begin/LiteDB.Tests/Engine/TransactionHandleSharedCallback_Tests.cs:line 122
  Stack Trace:
     at LiteDB.Tests.Engine.TransactionHandleSharedCallback_Tests.OnThread(Action action) in __WORKSPACE__/artifacts_temp/fix-pin-begin/LiteDB.Tests/Engine/TransactionHandleSharedCallback_Tests.cs:line 125
   at LiteDB.Tests.Engine.TransactionHandleOrdinaryCallbackBegin_Tests.Transferred_mutex_reader_refuses_handle_before_admission(String password, Boolean lockingQuery) in __WORKSPACE__/artifacts_temp/fix-pin-begin/LiteDB.Tests/Engine/TransactionHandleOrdinaryCallbackBegin_Tests.cs:line 79
   at InvokeStub_TransactionHandleOrdinaryCallbackBegin_Tests.Transferred_mutex_reader_refuses_handle_before_admission(Object, Span`1)
   at System.Reflection.MethodBaseInvoker.InvokeWithFewArgs(Object obj, BindingFlags invokeAttr, Binder binder, Object[] parameters, CultureInfo culture)
  Failed LiteDB.Tests.Engine.TransactionHandleOrdinaryCallbackBegin_Tests.Transferred_mutex_reader_refuses_handle_before_admission(password: "secret", lockingQuery: True) [122 ms]
  Error Message:
   Assert.Null() Failure: Value is not null
Expected: null
Actual:   Xunit.Sdk.IsTypeException: Assert.IsType() Failure: Value is not the exact type
Expected: typeof(System.InvalidOperationException)
Actual:   typeof(System.OperationCanceledException)
   at Xunit.Assert.IsType(Type expectedType, Object object) in /_/src/xunit.assert/Asserts/TypeAsserts.cs:line 190
   at Xunit.Assert.IsType[T](Object object) in /_/src/xunit.assert/Asserts/TypeAsserts.cs:line 154
   at LiteDB.Tests.Engine.TransactionHandleOrdinaryCallbackBegin_Tests.RefuseBeforeAdmission(LiteDatabase db, SharedEngine shared) in __WORKSPACE__/artifacts_temp/fix-pin-begin/LiteDB.Tests/Engine/TransactionHandleOrdinaryCallbackBegin_Tests.cs:line 152
   at LiteDB.Tests.Engine.TransactionHandleOrdinaryCallbackBegin_Tests.<>c__DisplayClass1_2.<Transferred_mutex_reader_refuses_handle_before_admission>b__2() in __WORKSPACE__/artifacts_temp/fix-pin-begin/LiteDB.Tests/Engine/TransactionHandleOrdinaryCallbackBegin_Tests.cs:line 77
   at LiteDB.Tests.Engine.TransactionHandleOrdinaryCallbackBegin_Tests.<>c__DisplayClass1_0.<Transferred_mutex_reader_refuses_handle_before_admission>b__0(String _, BsonValue value) in __WORKSPACE__/artifacts_temp/fix-pin-begin/LiteDB.Tests/Engine/TransactionHandleOrdinaryCallbackBegin_Tests.cs:line 60
   at LiteDB.Engine.EngineState.ReadTransform(String collection, BsonValue value) in __WORKSPACE__/artifacts_temp/fix-pin-begin/LiteDB/Engine/EngineState.cs:line 124
   at LiteDB.BsonDataReader.Read() in __WORKSPACE__/artifacts_temp/fix-pin-begin/LiteDB/Document/DataReader/BsonDataReader.cs:line 117
   at LiteDB.SharedDataReader.Read() in __WORKSPACE__/artifacts_temp/fix-pin-begin/LiteDB/Client/Shared/SharedDataReader.cs:line 37
   at LiteDB.Tests.Engine.TransactionHandleOrdinaryCallbackBegin_Tests.<>c__DisplayClass1_1.<Transferred_mutex_reader_refuses_handle_before_admission>b__3() in __WORKSPACE__/artifacts_temp/fix-pin-begin/LiteDB.Tests/Engine/TransactionHandleOrdinaryCallbackBegin_Tests.cs:line 79
   at LiteDB.Tests.Engine.TransactionHandleSharedCallback_Tests.<>c__DisplayClass5_0.<OnThread>b__0() in __WORKSPACE__/artifacts_temp/fix-pin-begin/LiteDB.Tests/Engine/TransactionHandleSharedCallback_Tests.cs:line 122
  Stack Trace:
     at LiteDB.Tests.Engine.TransactionHandleSharedCallback_Tests.OnThread(Action action) in __WORKSPACE__/artifacts_temp/fix-pin-begin/LiteDB.Tests/Engine/TransactionHandleSharedCallback_Tests.cs:line 125
   at LiteDB.Tests.Engine.TransactionHandleOrdinaryCallbackBegin_Tests.Transferred_mutex_reader_refuses_handle_before_admission(String password, Boolean lockingQuery) in __WORKSPACE__/artifacts_temp/fix-pin-begin/LiteDB.Tests/Engine/TransactionHandleOrdinaryCallbackBegin_Tests.cs:line 79
   at InvokeStub_TransactionHandleOrdinaryCallbackBegin_Tests.Transferred_mutex_reader_refuses_handle_before_admission(Object, Span`1)
   at System.Reflection.MethodBaseInvoker.InvokeWithFewArgs(Object obj, BindingFlags invokeAttr, Binder binder, Object[] parameters, CultureInfo culture)
  Failed LiteDB.Tests.Engine.TransactionHandleOrdinaryCallbackBegin_Tests.Transferred_mutex_reader_refuses_handle_before_admission(password: null, lockingQuery: False) [59 ms]
  Error Message:
   Assert.Null() Failure: Value is not null
Expected: null
Actual:   Xunit.Sdk.IsTypeException: Assert.IsType() Failure: Value is not the exact type
Expected: typeof(System.InvalidOperationException)
Actual:   typeof(System.OperationCanceledException)
   at Xunit.Assert.IsType(Type expectedType, Object object) in /_/src/xunit.assert/Asserts/TypeAsserts.cs:line 190
   at Xunit.Assert.IsType[T](Object object) in /_/src/xunit.assert/Asserts/TypeAsserts.cs:line 154
   at LiteDB.Tests.Engine.TransactionHandleOrdinaryCallbackBegin_Tests.RefuseBeforeAdmission(LiteDatabase db, SharedEngine shared) in __WORKSPACE__/artifacts_temp/fix-pin-begin/LiteDB.Tests/Engine/TransactionHandleOrdinaryCallbackBegin_Tests.cs:line 152
   at LiteDB.Tests.Engine.TransactionHandleOrdinaryCallbackBegin_Tests.<>c__DisplayClass1_2.<Transferred_mutex_reader_refuses_handle_before_admission>b__2() in __WORKSPACE__/artifacts_temp/fix-pin-begin/LiteDB.Tests/Engine/TransactionHandleOrdinaryCallbackBegin_Tests.cs:line 77
   at LiteDB.Tests.Engine.TransactionHandleOrdinaryCallbackBegin_Tests.<>c__DisplayClass1_0.<Transferred_mutex_reader_refuses_handle_before_admission>b__0(String _, BsonValue value) in __WORKSPACE__/artifacts_temp/fix-pin-begin/LiteDB.Tests/Engine/TransactionHandleOrdinaryCallbackBegin_Tests.cs:line 60
   at LiteDB.Engine.EngineState.ReadTransform(String collection, BsonValue value) in __WORKSPACE__/artifacts_temp/fix-pin-begin/LiteDB/Engine/EngineState.cs:line 124
   at LiteDB.BsonDataReader.Read() in __WORKSPACE__/artifacts_temp/fix-pin-begin/LiteDB/Document/DataReader/BsonDataReader.cs:line 117
   at LiteDB.SharedDataReader.Read() in __WORKSPACE__/artifacts_temp/fix-pin-begin/LiteDB/Client/Shared/SharedDataReader.cs:line 37
   at LiteDB.Tests.Engine.TransactionHandleOrdinaryCallbackBegin_Tests.<>c__DisplayClass1_1.<Transferred_mutex_reader_refuses_handle_before_admission>b__3() in __WORKSPACE__/artifacts_temp/fix-pin-begin/LiteDB.Tests/Engine/TransactionHandleOrdinaryCallbackBegin_Tests.cs:line 79
   at LiteDB.Tests.Engine.TransactionHandleSharedCallback_Tests.<>c__DisplayClass5_0.<OnThread>b__0() in __WORKSPACE__/artifacts_temp/fix-pin-begin/LiteDB.Tests/Engine/TransactionHandleSharedCallback_Tests.cs:line 122
  Stack Trace:
     at LiteDB.Tests.Engine.TransactionHandleSharedCallback_Tests.OnThread(Action action) in __WORKSPACE__/artifacts_temp/fix-pin-begin/LiteDB.Tests/Engine/TransactionHandleSharedCallback_Tests.cs:line 125
   at LiteDB.Tests.Engine.TransactionHandleOrdinaryCallbackBegin_Tests.Transferred_mutex_reader_refuses_handle_before_admission(String password, Boolean lockingQuery) in __WORKSPACE__/artifacts_temp/fix-pin-begin/LiteDB.Tests/Engine/TransactionHandleOrdinaryCallbackBegin_Tests.cs:line 79
   at InvokeStub_TransactionHandleOrdinaryCallbackBegin_Tests.Transferred_mutex_reader_refuses_handle_before_admission(Object, Span`1)
   at System.Reflection.MethodBaseInvoker.InvokeWithFewArgs(Object obj, BindingFlags invokeAttr, Binder binder, Object[] parameters, CultureInfo culture)
  Failed LiteDB.Tests.Engine.TransactionHandleOrdinaryCallbackBegin_Tests.Pinned_input_without_holds_refuses_handle_before_admission(password: null) [50 ms]
  Error Message:
   Assert.IsType() Failure: Value is not the exact type
Expected: typeof(System.InvalidOperationException)
Actual:   typeof(System.OperationCanceledException)
  Stack Trace:
     at LiteDB.Tests.Engine.TransactionHandleOrdinaryCallbackBegin_Tests.RefuseBeforeAdmission(LiteDatabase db, SharedEngine shared) in __WORKSPACE__/artifacts_temp/fix-pin-begin/LiteDB.Tests/Engine/TransactionHandleOrdinaryCallbackBegin_Tests.cs:line 152
   at LiteDB.Tests.Engine.TransactionHandleOrdinaryCallbackBegin_Tests.<>c__DisplayClass0_0.<<Pinned_input_without_holds_refuses_handle_before_admission>g__Input|1>d.MoveNext() in __WORKSPACE__/artifacts_temp/fix-pin-begin/LiteDB.Tests/Engine/TransactionHandleOrdinaryCallbackBegin_Tests.cs:line 38
   at LiteDB.Engine.LiteEngine.<>c__DisplayClass34_0.<Insert>b__0(TransactionService transaction) in __WORKSPACE__/artifacts_temp/fix-pin-begin/LiteDB/Engine/Engine/Insert.cs:line 31
   at LiteDB.Engine.LiteEngine.ExecuteAutoTransaction[T](Func`2 fn, Boolean write) in __WORKSPACE__/artifacts_temp/fix-pin-begin/LiteDB/Engine/Engine/Transaction.cs:line 105
   at LiteDB.Engine.LiteEngine.AutoTransaction[T](Func`2 fn) in __WORKSPACE__/artifacts_temp/fix-pin-begin/LiteDB/Engine/Engine/Transaction.cs:line 95
   at LiteDB.Engine.LiteEngine.Insert(String collection, IEnumerable`1 docs, BsonAutoId autoId) in __WORKSPACE__/artifacts_temp/fix-pin-begin/LiteDB/Engine/Engine/Insert.cs:line 21
   at LiteDB.SharedEngine.<>c__DisplayClass106_0.<Insert>b__0() in __WORKSPACE__/artifacts_temp/fix-pin-begin/LiteDB/Client/Shared/SharedEngine.cs:line 401
   at LiteDB.SharedEngine.<>c__DisplayClass169_0`1.<WriteDatabase>b__0() in __WORKSPACE__/artifacts_temp/fix-pin-begin/LiteDB/Client/Shared/SharedEngine.Readers.cs:line 85
   at LiteDB.SharedEngine.Call[T](Func`1 call, Boolean rollback) in __WORKSPACE__/artifacts_temp/fix-pin-begin/LiteDB/Client/Shared/SharedEngine.Calls.cs:line 86
   at LiteDB.SharedEngine.WriteDatabase[T](Func`1 write, Boolean scoped) in __WORKSPACE__/artifacts_temp/fix-pin-begin/LiteDB/Client/Shared/SharedEngine.Readers.cs:line 76
   at LiteDB.SharedEngine.Insert(String collection, IEnumerable`1 docs, BsonAutoId autoId) in __WORKSPACE__/artifacts_temp/fix-pin-begin/LiteDB/Client/Shared/SharedEngine.cs:line 401
   at LiteDB.Tests.Engine.TransactionHandleOrdinaryCallbackBegin_Tests.Pinned_input_without_holds_refuses_handle_before_admission(String password) in __WORKSPACE__/artifacts_temp/fix-pin-begin/LiteDB.Tests/Engine/TransactionHandleOrdinaryCallbackBegin_Tests.cs:line 41
   at System.RuntimeMethodHandle.InvokeMethod(Object target, Void** arguments, Signature sig, Boolean isConstructor)
   at System.Reflection.MethodBaseInvoker.InvokeDirectByRefWithFewArgs(Object obj, Span`1 copyOfArgs, BindingFlags invokeAttr)
[xUnit.net 00:00:02.94]     LiteDB.Tests.Engine.TransactionHandleOrdinaryCallbackBegin_Tests.Pinned_input_without_holds_refuses_handle_before_admission(password: "secret") [FAIL]
  Failed LiteDB.Tests.Engine.TransactionHandleOrdinaryCallbackBegin_Tests.Pinned_input_without_holds_refuses_handle_before_admission(password: "secret") [115 ms]
  Error Message:
   Assert.IsType() Failure: Value is not the exact type
Expected: typeof(System.InvalidOperationException)
Actual:   typeof(System.OperationCanceledException)
  Stack Trace:
     at LiteDB.Tests.Engine.TransactionHandleOrdinaryCallbackBegin_Tests.RefuseBeforeAdmission(LiteDatabase db, SharedEngine shared) in __WORKSPACE__/artifacts_temp/fix-pin-begin/LiteDB.Tests/Engine/TransactionHandleOrdinaryCallbackBegin_Tests.cs:line 152
   at LiteDB.Tests.Engine.TransactionHandleOrdinaryCallbackBegin_Tests.<>c__DisplayClass0_0.<<Pinned_input_without_holds_refuses_handle_before_admission>g__Input|1>d.MoveNext() in __WORKSPACE__/artifacts_temp/fix-pin-begin/LiteDB.Tests/Engine/TransactionHandleOrdinaryCallbackBegin_Tests.cs:line 38
   at LiteDB.Engine.LiteEngine.<>c__DisplayClass34_0.<Insert>b__0(TransactionService transaction) in __WORKSPACE__/artifacts_temp/fix-pin-begin/LiteDB/Engine/Engine/Insert.cs:line 31
   at LiteDB.Engine.LiteEngine.ExecuteAutoTransaction[T](Func`2 fn, Boolean write) in __WORKSPACE__/artifacts_temp/fix-pin-begin/LiteDB/Engine/Engine/Transaction.cs:line 105
   at LiteDB.Engine.LiteEngine.AutoTransaction[T](Func`2 fn) in __WORKSPACE__/artifacts_temp/fix-pin-begin/LiteDB/Engine/Engine/Transaction.cs:line 95
   at LiteDB.Engine.LiteEngine.Insert(String collection, IEnumerable`1 docs, BsonAutoId autoId) in __WORKSPACE__/artifacts_temp/fix-pin-begin/LiteDB/Engine/Engine/Insert.cs:line 21
   at LiteDB.SharedEngine.<>c__DisplayClass106_0.<Insert>b__0() in __WORKSPACE__/artifacts_temp/fix-pin-begin/LiteDB/Client/Shared/SharedEngine.cs:line 401
   at LiteDB.SharedEngine.<>c__DisplayClass169_0`1.<WriteDatabase>b__0() in __WORKSPACE__/artifacts_temp/fix-pin-begin/LiteDB/Client/Shared/SharedEngine.Readers.cs:line 85
   at LiteDB.SharedEngine.Call[T](Func`1 call, Boolean rollback) in __WORKSPACE__/artifacts_temp/fix-pin-begin/LiteDB/Client/Shared/SharedEngine.Calls.cs:line 86
   at LiteDB.SharedEngine.WriteDatabase[T](Func`1 write, Boolean scoped) in __WORKSPACE__/artifacts_temp/fix-pin-begin/LiteDB/Client/Shared/SharedEngine.Readers.cs:line 76
   at LiteDB.SharedEngine.Insert(String collection, IEnumerable`1 docs, BsonAutoId autoId) in __WORKSPACE__/artifacts_temp/fix-pin-begin/LiteDB/Client/Shared/SharedEngine.cs:line 401
   at LiteDB.Tests.Engine.TransactionHandleOrdinaryCallbackBegin_Tests.Pinned_input_without_holds_refuses_handle_before_admission(String password) in __WORKSPACE__/artifacts_temp/fix-pin-begin/LiteDB.Tests/Engine/TransactionHandleOrdinaryCallbackBegin_Tests.cs:line 41
   at InvokeStub_TransactionHandleOrdinaryCallbackBegin_Tests.Pinned_input_without_holds_refuses_handle_before_admission(Object, Span`1)
   at System.Reflection.MethodBaseInvoker.InvokeWithOneArg(Object obj, BindingFlags invokeAttr, Binder binder, Object[] parameters, CultureInfo culture)
Results File: __WORKSPACE__/artifacts_temp/fix-pin-begin/LiteDB.Tests/TestResults/baseline.trx

Failed!  - Failed:     6, Passed:     4, Skipped:     0, Total:    10, Duration: 1 s - LiteDB.Tests.dll (net8.0)
