upstream-direct-ordinary-read-1-0-0-dev: 89050.4 ops/s, verified
upstream-direct-ordinary-read-1-0-1-parent: 83718.8 ops/s, verified
upstream-direct-ordinary-read-1-0-2-final: 75139.1 ops/s, verified
upstream-direct-ordinary-read-1-1-0-final: 74808.9 ops/s, verified
upstream-direct-ordinary-read-1-1-1-parent: 81471.2 ops/s, verified
upstream-direct-ordinary-read-1-1-2-dev: 88427.1 ops/s, verified
upstream-direct-ordinary-read-1-2-0-dev: 90671.7 ops/s, verified
upstream-direct-ordinary-read-1-2-1-parent: 85491.7 ops/s, verified
upstream-direct-ordinary-read-1-2-2-final: 80062.3 ops/s, verified
upstream-direct-ordinary-read-1-3-0-final: 81675.1 ops/s, verified
upstream-direct-ordinary-read-1-3-1-parent: 81134.5 ops/s, verified
upstream-direct-ordinary-read-1-3-2-dev: 88628.9 ops/s, verified
upstream-direct-legacy-read-1-0-0-dev: 87871.0 ops/s, verified
upstream-direct-legacy-read-1-0-1-parent: 77624.5 ops/s, verified
upstream-direct-legacy-read-1-0-2-final: 66810.0 ops/s, verified
upstream-direct-legacy-read-1-1-0-final: 71435.1 ops/s, verified
upstream-direct-legacy-read-1-1-1-parent: 80794.0 ops/s, verified
upstream-direct-legacy-read-1-1-2-dev: 86356.7 ops/s, verified
upstream-direct-legacy-read-1-2-0-dev: 86644.8 ops/s, verified
upstream-direct-legacy-read-1-2-1-parent: 78157.6 ops/s, verified
upstream-direct-legacy-read-1-2-2-final: 69975.0 ops/s, verified
upstream-direct-legacy-read-1-3-0-final: 69184.9 ops/s, verified
upstream-direct-legacy-read-1-3-1-parent: 79920.9 ops/s, verified
upstream-direct-legacy-read-1-3-2-dev: 88107.6 ops/s, verified
upstream-direct-ordinary-open-1-0-0-dev: 6687.6 ops/s, verified
upstream-direct-ordinary-open-1-0-1-parent: 15631.6 ops/s, verified
upstream-direct-ordinary-open-1-0-2-final: 10278.2 ops/s, verified
upstream-direct-ordinary-open-1-1-0-final: 10122.3 ops/s, verified
upstream-direct-ordinary-open-1-1-1-parent: 15591.5 ops/s, verified
upstream-direct-ordinary-open-1-1-2-dev: 6584.9 ops/s, verified
upstream-direct-ordinary-open-1-2-0-dev: 6672.7 ops/s, verified
upstream-direct-ordinary-open-1-2-1-parent: 15921.1 ops/s, verified
upstream-direct-ordinary-open-1-2-2-final: 10548.4 ops/s, verified
upstream-direct-ordinary-open-1-3-0-final: 10231.5 ops/s, verified
upstream-direct-ordinary-open-1-3-1-parent: 15525.0 ops/s, verified
upstream-direct-ordinary-open-1-3-2-dev: 6652.5 ops/s, verified
upstream-shared-ordinary-read-1-0-0-dev: 48374.1 ops/s, verified
upstream-shared-ordinary-read-1-0-1-parent: 48252.5 ops/s, verified
upstream-shared-ordinary-read-1-0-2-final: 44486.4 ops/s, verified
upstream-shared-ordinary-read-1-1-0-final: 45808.2 ops/s, verified
upstream-shared-ordinary-read-1-1-1-parent: 50756.0 ops/s, verified
upstream-shared-ordinary-read-1-1-2-dev: 49991.0 ops/s, verified
upstream-shared-ordinary-read-1-2-0-dev: 50000.9 ops/s, verified
upstream-shared-ordinary-read-1-2-1-parent: 52716.5 ops/s, verified
upstream-shared-ordinary-read-1-2-2-final: 45017.6 ops/s, verified
upstream-shared-ordinary-read-1-3-0-final: 46278.6 ops/s, verified
upstream-shared-ordinary-read-1-3-1-parent: 48872.5 ops/s, verified
upstream-shared-ordinary-read-1-3-2-dev: 52249.2 ops/s, verified
upstream-shared-legacy-read-1-0-0-dev: 8322.1 ops/s, verified
upstream-shared-legacy-read-1-0-1-parent: 7693.1 ops/s, verified
upstream-shared-legacy-read-1-0-2-final: 7854.0 ops/s, verified
upstream-shared-legacy-read-1-1-0-final: 7586.1 ops/s, verified
upstream-shared-legacy-read-1-1-1-parent: 7899.1 ops/s, verified
upstream-shared-legacy-read-1-1-2-dev: 8279.6 ops/s, verified
upstream-shared-legacy-read-1-2-0-dev: 8139.8 ops/s, verified
upstream-shared-legacy-read-1-2-1-parent: 8101.7 ops/s, verified
upstream-shared-legacy-read-1-2-2-final: 7620.2 ops/s, verified
upstream-shared-legacy-read-1-3-0-final: 7629.8 ops/s, verified
upstream-shared-legacy-read-1-3-1-parent: 7756.2 ops/s, verified
upstream-shared-legacy-read-1-3-2-dev: 8498.3 ops/s, verified
