<?xml version="1.0" encoding="utf-8"?>
<TestRun id="62385600-e02f-4b05-ac5d-251925a9347b" name="@dev-build-server 2026-09-30 17:19:32" xmlns="http://microsoft.com/schemas/VisualStudio/TeamTest/2010">
  <Times creation="2026-09-30T17:19:32.7363252+00:00" queuing="2026-09-30T17:19:32.7363253+00:00" start="2026-09-30T17:19:27.8642889+00:00" finish="2026-09-30T17:20:25.5722689+00:00" />
  <TestSettings name="default" id="fca1069e-57d6-4357-8329-165e1d7dc5c2">
    <Deployment runDeploymentRoot="_dev-build-server_2026-09-30_17_19_32" />
  </TestSettings>
  <Results>
    <UnitTestResult executionId="c6bc2801-22d8-4486-a581-7c52750a8f80" testId="1b71a392-9844-7c14-fd0c-4ae7995d6ff2" testName="LiteDB.Internals.SharedSlotGenerations_Tests.Three_generations_in_one_process_survive_reuse_and_oldest_reader_departure(password: &quot;secret&quot;, kill: False)" computerName="dev-build-server" duration="00:00:04.0966224" startTime="2026-09-30T17:19:44.5439209+00:00" endTime="2026-09-30T17:19:44.5439209+00:00" testType="13cdc9d9-ddb5-4fa4-a97d-d965ccfc6d4b" outcome="Passed" testListId="8c84fa94-04c1-424b-9868-57a2d4851a1d" relativeResultsDirectory="c6bc2801-22d8-4486-a581-7c52750a8f80" />
    <UnitTestResult executionId="fc4dfb88-1437-4b4e-82b3-f7a131bb22c7" testId="c7674e98-4d06-f4fb-0ab9-494c0f662b34" testName="LiteDB.Internals.MvccSharedProcess_Tests.KillingCheckpointerAtEveryPublicationBoundaryRecovers(password: null, stage: &quot;data-page&quot;)" computerName="dev-build-server" duration="00:00:01.2776668" startTime="2026-09-30T17:20:15.3128117+00:00" endTime="2026-09-30T17:20:15.3128117+00:00" testType="13cdc9d9-ddb5-4fa4-a97d-d965ccfc6d4b" outcome="Passed" testListId="8c84fa94-04c1-424b-9868-57a2d4851a1d" relativeResultsDirectory="fc4dfb88-1437-4b4e-82b3-f7a131bb22c7" />
    <UnitTestResult executionId="ad5b8fb2-b7f7-4696-aff8-c6f512ba74b5" testId="69e34d33-8d08-14a3-ca06-7ebad011a5f9" testName="LiteDB.Internals.SharedSafetyProcess_Tests.RelativeConnection_KeepsDatabaseAndLeaseIdentityAfterDirectoryChange(password: null, when: &quot;before&quot;)" computerName="dev-build-server" duration="00:00:01.4747816" startTime="2026-09-30T17:19:52.8143218+00:00" endTime="2026-09-30T17:19:52.8143218+00:00" testType="13cdc9d9-ddb5-4fa4-a97d-d965ccfc6d4b" outcome="Passed" testListId="8c84fa94-04c1-424b-9868-57a2d4851a1d" relativeResultsDirectory="ad5b8fb2-b7f7-4696-aff8-c6f512ba74b5" />
    <UnitTestResult executionId="817a3bbd-b551-45fc-bcc1-cb472c0bfc9e" testId="015cc194-5dce-e9b0-76f5-03e674fe0eac" testName="LiteDB.Internals.MvccSharedRegistry_Tests.ReadersOfOneConnectionAtDifferentVersionsEachKeepTheirFrames" computerName="dev-build-server" duration="00:00:00.3718774" startTime="2026-09-30T17:19:57.2721620+00:00" endTime="2026-09-30T17:19:57.2721628+00:00" testType="13cdc9d9-ddb5-4fa4-a97d-d965ccfc6d4b" outcome="Passed" testListId="8c84fa94-04c1-424b-9868-57a2d4851a1d" relativeResultsDirectory="817a3bbd-b551-45fc-bcc1-cb472c0bfc9e" />
    <UnitTestResult executionId="cfe6bb2b-9c72-4e06-80e0-e30024d72dd0" testId="c841e035-fee0-668e-3496-cec59c394f42" testName="LiteDB.Internals.MvccSharedProcess_Tests.KillingCheckpointerAtEveryPublicationBoundaryRecovers(password: &quot;secret&quot;, stage: &quot;before-reclaim&quot;)" computerName="dev-build-server" duration="00:00:01.5368712" startTime="2026-09-30T17:20:25.2320602+00:00" endTime="2026-09-30T17:20:25.2320603+00:00" testType="13cdc9d9-ddb5-4fa4-a97d-d965ccfc6d4b" outcome="Passed" testListId="8c84fa94-04c1-424b-9868-57a2d4851a1d" relativeResultsDirectory="cfe6bb2b-9c72-4e06-80e0-e30024d72dd0" />
    <UnitTestResult executionId="fbbf6135-0b24-4eeb-a7f6-47b296ebed9d" testId="7c8693de-a097-aa28-642e-3c0515b58dd6" testName="LiteDB.Internals.SharedSlotGenerations_Tests.Three_generations_in_one_process_survive_reuse_and_oldest_reader_departure(password: &quot;secret&quot;, kill: True)" computerName="dev-build-server" duration="00:00:04.3200704" startTime="2026-09-30T17:19:37.0484535+00:00" endTime="2026-09-30T17:19:37.0484536+00:00" testType="13cdc9d9-ddb5-4fa4-a97d-d965ccfc6d4b" outcome="Passed" testListId="8c84fa94-04c1-424b-9868-57a2d4851a1d" relativeResultsDirectory="fbbf6135-0b24-4eeb-a7f6-47b296ebed9d" />
    <UnitTestResult executionId="14842f23-9186-441c-872c-2ce23c30a028" testId="bc2235e2-c8bc-4ea8-2a3f-cb7b7ec5848c" testName="LiteDB.Internals.SharedDurability_Tests.UnsupportedSync_RemainsVisibleAfterSharedEngineReopens(password: &quot;secret&quot;)" computerName="dev-build-server" duration="00:00:00.2347198" startTime="2026-09-30T17:20:25.4674271+00:00" endTime="2026-09-30T17:20:25.4674272+00:00" testType="13cdc9d9-ddb5-4fa4-a97d-d965ccfc6d4b" outcome="Passed" testListId="8c84fa94-04c1-424b-9868-57a2d4851a1d" relativeResultsDirectory="14842f23-9186-441c-872c-2ce23c30a028" />
    <UnitTestResult executionId="525c922e-da25-4564-a244-28cfa6e34d02" testId="9bef068b-df72-8436-a0ed-779664b993c1" testName="LiteDB.Internals.SharedFollowupProcess_Tests.Yield_oracle_rejects_native_wait_without_a_completed_write(password: &quot;secret&quot;)" computerName="dev-build-server" duration="00:00:02.8016828" startTime="2026-09-30T17:19:47.3503184+00:00" endTime="2026-09-30T17:19:47.3503185+00:00" testType="13cdc9d9-ddb5-4fa4-a97d-d965ccfc6d4b" outcome="Passed" testListId="8c84fa94-04c1-424b-9868-57a2d4851a1d" relativeResultsDirectory="525c922e-da25-4564-a244-28cfa6e34d02" />
    <UnitTestResult executionId="2fa23f0c-250e-4b24-b07f-3abecada375a" testId="1195fa33-515a-0238-e0a8-a14a563ba281" testName="LiteDB.Internals.SharedSafetyProcess_Tests.RelativeConnection_KeepsDatabaseAndLeaseIdentityAfterDirectoryChange(password: &quot;secret&quot;, when: &quot;before&quot;)" computerName="dev-build-server" duration="00:00:01.8662083" startTime="2026-09-30T17:19:54.6809463+00:00" endTime="2026-09-30T17:19:54.6809464+00:00" testType="13cdc9d9-ddb5-4fa4-a97d-d965ccfc6d4b" outcome="Passed" testListId="8c84fa94-04c1-424b-9868-57a2d4851a1d" relativeResultsDirectory="2fa23f0c-250e-4b24-b07f-3abecada375a" />
    <UnitTestResult executionId="eda52c83-bd83-42ad-8c77-353d92b18ac5" testId="aed131d6-b5e5-0ebb-9a10-02dac826aa19" testName="LiteDB.Internals.MvccSharedProcess_Tests.KillingCheckpointerAtEveryPublicationBoundaryRecovers(password: null, stage: &quot;data-flushed&quot;)" computerName="dev-build-server" duration="00:00:01.3031671" startTime="2026-09-30T17:20:19.4387403+00:00" endTime="2026-09-30T17:20:19.4387404+00:00" testType="13cdc9d9-ddb5-4fa4-a97d-d965ccfc6d4b" outcome="Passed" testListId="8c84fa94-04c1-424b-9868-57a2d4851a1d" relativeResultsDirectory="eda52c83-bd83-42ad-8c77-353d92b18ac5" />
    <UnitTestResult executionId="7895d3f4-fe56-4be8-bddb-1b9d5102fe3a" testId="70f0a329-cb11-29c3-43fe-629cbc8989b5" testName="LiteDB.Internals.SharedStorageProcess_Tests.DamagedDataPage_RejectsRepeatedSharedReadsAndPreservesEvidence(password: null, storage: Legacy)" computerName="dev-build-server" duration="00:00:00.8347783" startTime="2026-09-30T17:20:10.3137388+00:00" endTime="2026-09-30T17:20:10.3137389+00:00" testType="13cdc9d9-ddb5-4fa4-a97d-d965ccfc6d4b" outcome="Passed" testListId="8c84fa94-04c1-424b-9868-57a2d4851a1d" relativeResultsDirectory="7895d3f4-fe56-4be8-bddb-1b9d5102fe3a" />
    <UnitTestResult executionId="7076b903-baaa-42fb-bf43-35e0a73e80ae" testId="5ea7dab4-0859-7b28-0018-e3deb6f4ffb0" testName="LiteDB.Internals.SharedStorageProcess_Tests.KilledWriters_PreserveAcknowledgedPayloadsIndexesAndLiveSnapshot(password: &quot;secret&quot;, storage: Auto)" computerName="dev-build-server" duration="00:00:03.0788249" startTime="2026-09-30T17:20:06.0726304+00:00" endTime="2026-09-30T17:20:06.0726305+00:00" testType="13cdc9d9-ddb5-4fa4-a97d-d965ccfc6d4b" outcome="Passed" testListId="8c84fa94-04c1-424b-9868-57a2d4851a1d" relativeResultsDirectory="7076b903-baaa-42fb-bf43-35e0a73e80ae" />
    <UnitTestResult executionId="06f24b74-4d8c-461e-ad9a-0a9f982bfc56" testId="af4cb651-6a10-9602-70c6-9a918fc388ad" testName="LiteDB.Internals.SharedStorageProcess_Tests.DamagedDataPage_RejectsRepeatedSharedReadsAndPreservesEvidence(password: null, storage: Auto)" computerName="dev-build-server" duration="00:00:00.7927467" startTime="2026-09-30T17:20:09.4784611+00:00" endTime="2026-09-30T17:20:09.4784611+00:00" testType="13cdc9d9-ddb5-4fa4-a97d-d965ccfc6d4b" outcome="Passed" testListId="8c84fa94-04c1-424b-9868-57a2d4851a1d" relativeResultsDirectory="06f24b74-4d8c-461e-ad9a-0a9f982bfc56" />
    <UnitTestResult executionId="31fee904-e7cc-413f-8101-a6785dd81e97" testId="86db4d8a-764e-a485-28bb-286745d096cb" testName="LiteDB.Internals.SharedStorageProcess_Tests.DamagedDataPage_RejectsRepeatedSharedReadsAndPreservesEvidence(password: &quot;secret&quot;, storage: Auto)" computerName="dev-build-server" duration="00:00:00.9598153" startTime="2026-09-30T17:20:11.2740560+00:00" endTime="2026-09-30T17:20:11.2740561+00:00" testType="13cdc9d9-ddb5-4fa4-a97d-d965ccfc6d4b" outcome="Passed" testListId="8c84fa94-04c1-424b-9868-57a2d4851a1d" relativeResultsDirectory="31fee904-e7cc-413f-8101-a6785dd81e97" />
    <UnitTestResult executionId="ccc9583d-8944-480a-946a-67fd7672e0a9" testId="2b28bf1f-2832-0e9c-2f0f-9bc26a951382" testName="LiteDB.Internals.SharedStorageProcess_Tests.DamagedDataPage_RejectsRepeatedSharedReadsAndPreservesEvidence(password: &quot;secret&quot;, storage: Legacy)" computerName="dev-build-server" duration="00:00:00.9633272" startTime="2026-09-30T17:20:12.2379020+00:00" endTime="2026-09-30T17:20:12.2379021+00:00" testType="13cdc9d9-ddb5-4fa4-a97d-d965ccfc6d4b" outcome="Passed" testListId="8c84fa94-04c1-424b-9868-57a2d4851a1d" relativeResultsDirectory="ccc9583d-8944-480a-946a-67fd7672e0a9" />
    <UnitTestResult executionId="163ef5d0-9141-489d-86ed-e35263b84dfd" testId="fdf95475-a853-9697-129e-76839a01b660" testName="LiteDB.Internals.MvccSharedLifecycle_Tests.RebuildRejectsLiveReadersAndSucceedsAfterTheyClose" computerName="dev-build-server" duration="00:00:00.1534093" startTime="2026-09-30T17:19:56.8979950+00:00" endTime="2026-09-30T17:19:56.8979951+00:00" testType="13cdc9d9-ddb5-4fa4-a97d-d965ccfc6d4b" outcome="Passed" testListId="8c84fa94-04c1-424b-9868-57a2d4851a1d" relativeResultsDirectory="163ef5d0-9141-489d-86ed-e35263b84dfd" />
    <UnitTestResult executionId="6db222fc-4336-4388-8556-56108700026d" testId="2e0e14b1-645e-5caf-663e-44d01ce0a803" testName="LiteDB.Internals.SharedSafetyProcess_Tests.RelativeConnection_KeepsDatabaseAndLeaseIdentityAfterDirectoryChange(password: &quot;secret&quot;, when: &quot;after&quot;)" computerName="dev-build-server" duration="00:00:01.8974641" startTime="2026-09-30T17:19:56.5790486+00:00" endTime="2026-09-30T17:19:56.5790487+00:00" testType="13cdc9d9-ddb5-4fa4-a97d-d965ccfc6d4b" outcome="Passed" testListId="8c84fa94-04c1-424b-9868-57a2d4851a1d" relativeResultsDirectory="6db222fc-4336-4388-8556-56108700026d" />
    <UnitTestResult executionId="e22ccdf7-a6fc-45af-ae9a-915ef5ce8c8a" testId="a0926682-3277-2c8c-712c-afb84aa570af" testName="LiteDB.Internals.SharedSafetyProcess_Tests.RelativeConnection_KeepsDatabaseAndLeaseIdentityAfterDirectoryChange(password: null, when: &quot;after&quot;)" computerName="dev-build-server" duration="00:00:01.5269424" startTime="2026-09-30T17:19:51.3388283+00:00" endTime="2026-09-30T17:19:51.3388284+00:00" testType="13cdc9d9-ddb5-4fa4-a97d-d965ccfc6d4b" outcome="Passed" testListId="8c84fa94-04c1-424b-9868-57a2d4851a1d" relativeResultsDirectory="e22ccdf7-a6fc-45af-ae9a-915ef5ce8c8a" />
    <UnitTestResult executionId="313e3852-7aa7-4ca6-b413-a54517b485a4" testId="9d746bf8-7ede-5770-f456-2e3a0dc953af" testName="LiteDB.Internals.SharedStorageProcess_Tests.KilledWriters_PreserveAcknowledgedPayloadsIndexesAndLiveSnapshot(password: null, storage: Legacy)" computerName="dev-build-server" duration="00:00:02.6262925" startTime="2026-09-30T17:20:02.9930967+00:00" endTime="2026-09-30T17:20:02.9930969+00:00" testType="13cdc9d9-ddb5-4fa4-a97d-d965ccfc6d4b" outcome="Passed" testListId="8c84fa94-04c1-424b-9868-57a2d4851a1d" relativeResultsDirectory="313e3852-7aa7-4ca6-b413-a54517b485a4" />
    <UnitTestResult executionId="1e6acadc-b4eb-4d5f-8599-742b3750c3ec" testId="9cc9ad67-dcad-1b11-c5c7-02acfa8b8d29" testName="LiteDB.Internals.MvccSharedProcess_Tests.KillingCheckpointerAtEveryPublicationBoundaryRecovers(password: &quot;secret&quot;, stage: &quot;data-page&quot;)" computerName="dev-build-server" duration="00:00:01.5614698" startTime="2026-09-30T17:20:18.1350996+00:00" endTime="2026-09-30T17:20:18.1350996+00:00" testType="13cdc9d9-ddb5-4fa4-a97d-d965ccfc6d4b" outcome="Passed" testListId="8c84fa94-04c1-424b-9868-57a2d4851a1d" relativeResultsDirectory="1e6acadc-b4eb-4d5f-8599-742b3750c3ec" />
    <UnitTestResult executionId="39c1c98e-bd2d-4c88-bd4f-8a81d1903050" testId="8f6de742-0b46-6fc1-0d0d-559dd2267176" testName="LiteDB.Internals.SharedStorageProcess_Tests.KilledWriters_PreserveAcknowledgedPayloadsIndexesAndLiveSnapshot(password: null, storage: Auto)" computerName="dev-build-server" duration="00:00:02.6115684" startTime="2026-09-30T17:20:08.6849306+00:00" endTime="2026-09-30T17:20:08.6849307+00:00" testType="13cdc9d9-ddb5-4fa4-a97d-d965ccfc6d4b" outcome="Passed" testListId="8c84fa94-04c1-424b-9868-57a2d4851a1d" relativeResultsDirectory="39c1c98e-bd2d-4c88-bd4f-8a81d1903050" />
    <UnitTestResult executionId="0ec06194-c454-4212-bb7f-5347342ad673" testId="b3e0463d-d70c-e98a-0ab2-e67a1178426e" testName="LiteDB.Internals.SharedCoordinationUpgradeProcess_Tests.Newer_authority_falls_back_without_overwriting_its_files(password: null)" computerName="dev-build-server" duration="00:00:00.7961520" startTime="2026-09-30T17:20:13.0349138+00:00" endTime="2026-09-30T17:20:13.0349139+00:00" testType="13cdc9d9-ddb5-4fa4-a97d-d965ccfc6d4b" outcome="Passed" testListId="8c84fa94-04c1-424b-9868-57a2d4851a1d" relativeResultsDirectory="0ec06194-c454-4212-bb7f-5347342ad673" />
    <UnitTestResult executionId="365aa476-c6b2-4987-a033-5752520a412d" testId="4eca62a3-f1bb-638a-6f48-473834e6ba82" testName="LiteDB.Internals.SharedCoordinationUpgradeProcess_Tests.Newer_authority_falls_back_without_overwriting_its_files(password: &quot;secret&quot;)" computerName="dev-build-server" duration="00:00:00.9990682" startTime="2026-09-30T17:20:14.0344987+00:00" endTime="2026-09-30T17:20:14.0344988+00:00" testType="13cdc9d9-ddb5-4fa4-a97d-d965ccfc6d4b" outcome="Passed" testListId="8c84fa94-04c1-424b-9868-57a2d4851a1d" relativeResultsDirectory="365aa476-c6b2-4987-a033-5752520a412d" />
    <UnitTestResult executionId="7ff7d141-ddaa-418f-9953-4fb4f5ede577" testId="5f3098d6-e6e1-3375-e1db-15f2ac1d6c31" testName="LiteDB.Internals.SharedDurability_Tests.UnsupportedSync_RemainsVisibleAfterSharedEngineReopens(password: null)" computerName="dev-build-server" duration="00:00:00.0465446" startTime="2026-09-30T17:20:25.5140988+00:00" endTime="2026-09-30T17:20:25.5140989+00:00" testType="13cdc9d9-ddb5-4fa4-a97d-d965ccfc6d4b" outcome="Passed" testListId="8c84fa94-04c1-424b-9868-57a2d4851a1d" relativeResultsDirectory="7ff7d141-ddaa-418f-9953-4fb4f5ede577" />
    <UnitTestResult executionId="03a93075-a2bc-4ac9-9583-4f320fc10d68" testId="266e918c-98e3-bf40-cbb1-e15d64fb1dfe" testName="LiteDB.Internals.SharedSlotGenerations_Tests.Three_generations_in_one_process_survive_reuse_and_oldest_reader_departure(password: null, kill: True)" computerName="dev-build-server" duration="00:00:03.6562183" startTime="2026-09-30T17:19:32.7121774+00:00" endTime="2026-09-30T17:19:32.7122002+00:00" testType="13cdc9d9-ddb5-4fa4-a97d-d965ccfc6d4b" outcome="Passed" testListId="8c84fa94-04c1-424b-9868-57a2d4851a1d" relativeResultsDirectory="03a93075-a2bc-4ac9-9583-4f320fc10d68" />
    <UnitTestResult executionId="a4a7cb66-1a83-46af-9295-2832dfe45821" testId="fee02872-633b-c589-b608-88ba235417c3" testName="LiteDB.Internals.SharedFileHandles_Tests.Direct_mode_is_refused_while_a_shared_connection_is_open" computerName="dev-build-server" duration="00:00:00.0010587" startTime="2026-09-30T17:19:56.5851924+00:00" endTime="2026-09-30T17:19:56.5851924+00:00" testType="13cdc9d9-ddb5-4fa4-a97d-d965ccfc6d4b" outcome="Passed" testListId="8c84fa94-04c1-424b-9868-57a2d4851a1d" relativeResultsDirectory="a4a7cb66-1a83-46af-9295-2832dfe45821" />
    <UnitTestResult executionId="263035a7-bc44-4fe7-920a-d92626203075" testId="2a5960b0-74ce-a363-9484-55bc0d9b47f4" testName="LiteDB.Internals.MvccSharedProcess_Tests.KillingCheckpointerAtEveryPublicationBoundaryRecovers(password: null, stage: &quot;after-reclaim&quot;)" computerName="dev-build-server" duration="00:00:01.2100493" startTime="2026-09-30T17:20:22.2075236+00:00" endTime="2026-09-30T17:20:22.2075237+00:00" testType="13cdc9d9-ddb5-4fa4-a97d-d965ccfc6d4b" outcome="Passed" testListId="8c84fa94-04c1-424b-9868-57a2d4851a1d" relativeResultsDirectory="263035a7-bc44-4fe7-920a-d92626203075" />
    <UnitTestResult executionId="1a4fd7ea-1448-48d6-be4b-1651055344f1" testId="10151c9d-c69f-493c-38e8-be3a4a6d3228" testName="LiteDB.Internals.SharedFollowupProcess_Tests.Yield_oracle_rejects_native_wait_without_a_completed_write(password: null)" computerName="dev-build-server" duration="00:00:02.4598150" startTime="2026-09-30T17:19:49.8107729+00:00" endTime="2026-09-30T17:19:49.8107729+00:00" testType="13cdc9d9-ddb5-4fa4-a97d-d965ccfc6d4b" outcome="Passed" testListId="8c84fa94-04c1-424b-9868-57a2d4851a1d" relativeResultsDirectory="1a4fd7ea-1448-48d6-be4b-1651055344f1" />
    <UnitTestResult executionId="20c1312d-f30e-4098-9dbe-c1cf23d41975" testId="1645a180-2118-1236-423e-1d2ea25623b8" testName="LiteDB.Internals.SharedSlotGenerations_Tests.Three_generations_in_one_process_survive_reuse_and_oldest_reader_departure(password: null, kill: False)" computerName="dev-build-server" duration="00:00:03.3967608" startTime="2026-09-30T17:19:40.4465300+00:00" endTime="2026-09-30T17:19:40.4465301+00:00" testType="13cdc9d9-ddb5-4fa4-a97d-d965ccfc6d4b" outcome="Passed" testListId="8c84fa94-04c1-424b-9868-57a2d4851a1d" relativeResultsDirectory="20c1312d-f30e-4098-9dbe-c1cf23d41975" />
    <UnitTestResult executionId="45455e69-a10e-48a3-9703-e754f2fb05ab" testId="086f34e6-1c46-c338-5cbe-bc1d66755605" testName="LiteDB.Internals.SharedFileHandles_Tests.Volumes_without_posix_delete_open_files_per_operation" computerName="dev-build-server" duration="00:00:00.1588332" startTime="2026-09-30T17:19:56.7442117+00:00" endTime="2026-09-30T17:19:56.7442117+00:00" testType="13cdc9d9-ddb5-4fa4-a97d-d965ccfc6d4b" outcome="Passed" testListId="8c84fa94-04c1-424b-9868-57a2d4851a1d" relativeResultsDirectory="45455e69-a10e-48a3-9703-e754f2fb05ab" />
    <UnitTestResult executionId="0268cc43-09e4-4d45-ad41-1121a0ebf561" testId="3960f7b2-4f27-83c1-6b1f-ad049d42dcc1" testName="LiteDB.Internals.MvccSharedProcess_Tests.KillingCheckpointerAtEveryPublicationBoundaryRecovers(password: null, stage: &quot;before-reclaim&quot;)" computerName="dev-build-server" duration="00:00:01.2599198" startTime="2026-09-30T17:20:16.5731079+00:00" endTime="2026-09-30T17:20:16.5731080+00:00" testType="13cdc9d9-ddb5-4fa4-a97d-d965ccfc6d4b" outcome="Passed" testListId="8c84fa94-04c1-424b-9868-57a2d4851a1d" relativeResultsDirectory="0268cc43-09e4-4d45-ad41-1121a0ebf561" />
    <UnitTestResult executionId="8a8f3618-cd69-4a44-9a9b-4c8dcdd4b1c7" testId="970f17b8-c91b-e63e-2f97-d7f824325166" testName="LiteDB.Internals.SharedPageReads_Tests.ReusedHint_ValidatesIdentityAfterPin_AndReturnsTemporaryPin" computerName="dev-build-server" duration="00:00:00.0038852" startTime="2026-09-30T17:19:56.5839377+00:00" endTime="2026-09-30T17:19:56.5839377+00:00" testType="13cdc9d9-ddb5-4fa4-a97d-d965ccfc6d4b" outcome="Passed" testListId="8c84fa94-04c1-424b-9868-57a2d4851a1d" relativeResultsDirectory="8a8f3618-cd69-4a44-9a9b-4c8dcdd4b1c7" />
    <UnitTestResult executionId="42fc190d-deb7-4d54-9832-79a08a93b05e" testId="66a6cb66-20df-f669-4755-a01af3c4f1a1" testName="LiteDB.Internals.MvccSharedRegistry_Tests.FailureWhileBuffering_IsRaisedAfterTheRowsThatPrecededIt" computerName="dev-build-server" duration="00:00:00.0016002" startTime="2026-09-30T17:19:56.9001095+00:00" endTime="2026-09-30T17:19:56.9001096+00:00" testType="13cdc9d9-ddb5-4fa4-a97d-d965ccfc6d4b" outcome="Passed" testListId="8c84fa94-04c1-424b-9868-57a2d4851a1d" relativeResultsDirectory="42fc190d-deb7-4d54-9832-79a08a93b05e" />
    <UnitTestResult executionId="5a442e21-50f8-4861-b034-19731414386d" testId="fa227e8d-6f36-720e-94aa-df6abe2c8db9" testName="LiteDB.Internals.MvccSharedProcess_Tests.KillingCheckpointerAtEveryPublicationBoundaryRecovers(password: &quot;secret&quot;, stage: &quot;after-reclaim&quot;)" computerName="dev-build-server" duration="00:00:01.4867881" startTime="2026-09-30T17:20:23.6947148+00:00" endTime="2026-09-30T17:20:23.6947148+00:00" testType="13cdc9d9-ddb5-4fa4-a97d-d965ccfc6d4b" outcome="Passed" testListId="8c84fa94-04c1-424b-9868-57a2d4851a1d" relativeResultsDirectory="5a442e21-50f8-4861-b034-19731414386d" />
    <UnitTestResult executionId="117e6468-8df5-468e-9d00-5861b7fcb34d" testId="44b8da2f-5439-f415-2939-c391705d4867" testName="LiteDB.Internals.MvccSharedProcess_Tests.KillingCheckpointerAtEveryPublicationBoundaryRecovers(password: &quot;secret&quot;, stage: &quot;data-flushed&quot;)" computerName="dev-build-server" duration="00:00:01.5577110" startTime="2026-09-30T17:20:20.9969322+00:00" endTime="2026-09-30T17:20:20.9969332+00:00" testType="13cdc9d9-ddb5-4fa4-a97d-d965ccfc6d4b" outcome="Passed" testListId="8c84fa94-04c1-424b-9868-57a2d4851a1d" relativeResultsDirectory="117e6468-8df5-468e-9d00-5861b7fcb34d" />
    <UnitTestResult executionId="970f7b7a-5e28-49b0-a10a-9173ffca45d0" testId="bd5c3011-1b1a-9f02-58ab-69e3fd4df1d5" testName="LiteDB.Internals.SharedStorageProcess_Tests.KilledWriters_PreserveAcknowledgedPayloadsIndexesAndLiveSnapshot(password: &quot;secret&quot;, storage: Legacy)" computerName="dev-build-server" duration="00:00:03.0931438" startTime="2026-09-30T17:20:00.3660596+00:00" endTime="2026-09-30T17:20:00.3660597+00:00" testType="13cdc9d9-ddb5-4fa4-a97d-d965ccfc6d4b" outcome="Passed" testListId="8c84fa94-04c1-424b-9868-57a2d4851a1d" relativeResultsDirectory="970f7b7a-5e28-49b0-a10a-9173ffca45d0" />
  </Results>
  <TestDefinitions>
    <UnitTest name="LiteDB.Internals.SharedFileHandles_Tests.Direct_mode_is_refused_while_a_shared_connection_is_open" storage="__LOCAL_HOME__/.t3/worktrees/litedb/t3code-0cc13448/artifacts_temp/safety-net8/litedb.tests/bin/release/net8.0/litedb.tests.dll" id="fee02872-633b-c589-b608-88ba235417c3">
      <Execution id="a4a7cb66-1a83-46af-9295-2832dfe45821" />
      <TestMethod codeBase="__WORKSPACE__/artifacts_temp/safety-net8/LiteDB.Tests/bin/Release/net8.0/LiteDB.Tests.dll" adapterTypeName="executor://xunit/VsTestRunner2/netcoreapp" className="LiteDB.Internals.SharedFileHandles_Tests" name="Direct_mode_is_refused_while_a_shared_connection_is_open" />
    </UnitTest>
    <UnitTest name="LiteDB.Internals.SharedSlotGenerations_Tests.Three_generations_in_one_process_survive_reuse_and_oldest_reader_departure(password: &quot;secret&quot;, kill: True)" storage="__LOCAL_HOME__/.t3/worktrees/litedb/t3code-0cc13448/artifacts_temp/safety-net8/litedb.tests/bin/release/net8.0/litedb.tests.dll" id="7c8693de-a097-aa28-642e-3c0515b58dd6">
      <Execution id="fbbf6135-0b24-4eeb-a7f6-47b296ebed9d" />
      <TestMethod codeBase="__WORKSPACE__/artifacts_temp/safety-net8/LiteDB.Tests/bin/Release/net8.0/LiteDB.Tests.dll" adapterTypeName="executor://xunit/VsTestRunner2/netcoreapp" className="LiteDB.Internals.SharedSlotGenerations_Tests" name="Three_generations_in_one_process_survive_reuse_and_oldest_reader_departure" />
    </UnitTest>
    <UnitTest name="LiteDB.Internals.SharedCoordinationUpgradeProcess_Tests.Newer_authority_falls_back_without_overwriting_its_files(password: null)" storage="__LOCAL_HOME__/.t3/worktrees/litedb/t3code-0cc13448/artifacts_temp/safety-net8/litedb.tests/bin/release/net8.0/litedb.tests.dll" id="b3e0463d-d70c-e98a-0ab2-e67a1178426e">
      <Execution id="0ec06194-c454-4212-bb7f-5347342ad673" />
      <TestMethod codeBase="__WORKSPACE__/artifacts_temp/safety-net8/LiteDB.Tests/bin/Release/net8.0/LiteDB.Tests.dll" adapterTypeName="executor://xunit/VsTestRunner2/netcoreapp" className="LiteDB.Internals.SharedCoordinationUpgradeProcess_Tests" name="Newer_authority_falls_back_without_overwriting_its_files" />
    </UnitTest>
    <UnitTest name="LiteDB.Internals.MvccSharedProcess_Tests.KillingCheckpointerAtEveryPublicationBoundaryRecovers(password: null, stage: &quot;after-reclaim&quot;)" storage="__LOCAL_HOME__/.t3/worktrees/litedb/t3code-0cc13448/artifacts_temp/safety-net8/litedb.tests/bin/release/net8.0/litedb.tests.dll" id="2a5960b0-74ce-a363-9484-55bc0d9b47f4">
      <Execution id="263035a7-bc44-4fe7-920a-d92626203075" />
      <TestMethod codeBase="__WORKSPACE__/artifacts_temp/safety-net8/LiteDB.Tests/bin/Release/net8.0/LiteDB.Tests.dll" adapterTypeName="executor://xunit/VsTestRunner2/netcoreapp" className="LiteDB.Internals.MvccSharedProcess_Tests" name="KillingCheckpointerAtEveryPublicationBoundaryRecovers" />
    </UnitTest>
    <UnitTest name="LiteDB.Internals.MvccSharedProcess_Tests.KillingCheckpointerAtEveryPublicationBoundaryRecovers(password: null, stage: &quot;before-reclaim&quot;)" storage="__LOCAL_HOME__/.t3/worktrees/litedb/t3code-0cc13448/artifacts_temp/safety-net8/litedb.tests/bin/release/net8.0/litedb.tests.dll" id="3960f7b2-4f27-83c1-6b1f-ad049d42dcc1">
      <Execution id="0268cc43-09e4-4d45-ad41-1121a0ebf561" />
      <TestMethod codeBase="__WORKSPACE__/artifacts_temp/safety-net8/LiteDB.Tests/bin/Release/net8.0/LiteDB.Tests.dll" adapterTypeName="executor://xunit/VsTestRunner2/netcoreapp" className="LiteDB.Internals.MvccSharedProcess_Tests" name="KillingCheckpointerAtEveryPublicationBoundaryRecovers" />
    </UnitTest>
    <UnitTest name="LiteDB.Internals.SharedSafetyProcess_Tests.RelativeConnection_KeepsDatabaseAndLeaseIdentityAfterDirectoryChange(password: null, when: &quot;after&quot;)" storage="__LOCAL_HOME__/.t3/worktrees/litedb/t3code-0cc13448/artifacts_temp/safety-net8/litedb.tests/bin/release/net8.0/litedb.tests.dll" id="a0926682-3277-2c8c-712c-afb84aa570af">
      <Execution id="e22ccdf7-a6fc-45af-ae9a-915ef5ce8c8a" />
      <TestMethod codeBase="__WORKSPACE__/artifacts_temp/safety-net8/LiteDB.Tests/bin/Release/net8.0/LiteDB.Tests.dll" adapterTypeName="executor://xunit/VsTestRunner2/netcoreapp" className="LiteDB.Internals.SharedSafetyProcess_Tests" name="RelativeConnection_KeepsDatabaseAndLeaseIdentityAfterDirectoryChange" />
    </UnitTest>
    <UnitTest name="LiteDB.Internals.SharedStorageProcess_Tests.KilledWriters_PreserveAcknowledgedPayloadsIndexesAndLiveSnapshot(password: null, storage: Legacy)" storage="__LOCAL_HOME__/.t3/worktrees/litedb/t3code-0cc13448/artifacts_temp/safety-net8/litedb.tests/bin/release/net8.0/litedb.tests.dll" id="9d746bf8-7ede-5770-f456-2e3a0dc953af">
      <Execution id="313e3852-7aa7-4ca6-b413-a54517b485a4" />
      <TestMethod codeBase="__WORKSPACE__/artifacts_temp/safety-net8/LiteDB.Tests/bin/Release/net8.0/LiteDB.Tests.dll" adapterTypeName="executor://xunit/VsTestRunner2/netcoreapp" className="LiteDB.Internals.SharedStorageProcess_Tests" name="KilledWriters_PreserveAcknowledgedPayloadsIndexesAndLiveSnapshot" />
    </UnitTest>
    <UnitTest name="LiteDB.Internals.SharedDurability_Tests.UnsupportedSync_RemainsVisibleAfterSharedEngineReopens(password: null)" storage="__LOCAL_HOME__/.t3/worktrees/litedb/t3code-0cc13448/artifacts_temp/safety-net8/litedb.tests/bin/release/net8.0/litedb.tests.dll" id="5f3098d6-e6e1-3375-e1db-15f2ac1d6c31">
      <Execution id="7ff7d141-ddaa-418f-9953-4fb4f5ede577" />
      <TestMethod codeBase="__WORKSPACE__/artifacts_temp/safety-net8/LiteDB.Tests/bin/Release/net8.0/LiteDB.Tests.dll" adapterTypeName="executor://xunit/VsTestRunner2/netcoreapp" className="LiteDB.Internals.SharedDurability_Tests" name="UnsupportedSync_RemainsVisibleAfterSharedEngineReopens" />
    </UnitTest>
    <UnitTest name="LiteDB.Internals.MvccSharedProcess_Tests.KillingCheckpointerAtEveryPublicationBoundaryRecovers(password: &quot;secret&quot;, stage: &quot;data-flushed&quot;)" storage="__LOCAL_HOME__/.t3/worktrees/litedb/t3code-0cc13448/artifacts_temp/safety-net8/litedb.tests/bin/release/net8.0/litedb.tests.dll" id="44b8da2f-5439-f415-2939-c391705d4867">
      <Execution id="117e6468-8df5-468e-9d00-5861b7fcb34d" />
      <TestMethod codeBase="__WORKSPACE__/artifacts_temp/safety-net8/LiteDB.Tests/bin/Release/net8.0/LiteDB.Tests.dll" adapterTypeName="executor://xunit/VsTestRunner2/netcoreapp" className="LiteDB.Internals.MvccSharedProcess_Tests" name="KillingCheckpointerAtEveryPublicationBoundaryRecovers" />
    </UnitTest>
    <UnitTest name="LiteDB.Internals.SharedStorageProcess_Tests.DamagedDataPage_RejectsRepeatedSharedReadsAndPreservesEvidence(password: null, storage: Auto)" storage="__LOCAL_HOME__/.t3/worktrees/litedb/t3code-0cc13448/artifacts_temp/safety-net8/litedb.tests/bin/release/net8.0/litedb.tests.dll" id="af4cb651-6a10-9602-70c6-9a918fc388ad">
      <Execution id="06f24b74-4d8c-461e-ad9a-0a9f982bfc56" />
      <TestMethod codeBase="__WORKSPACE__/artifacts_temp/safety-net8/LiteDB.Tests/bin/Release/net8.0/LiteDB.Tests.dll" adapterTypeName="executor://xunit/VsTestRunner2/netcoreapp" className="LiteDB.Internals.SharedStorageProcess_Tests" name="DamagedDataPage_RejectsRepeatedSharedReadsAndPreservesEvidence" />
    </UnitTest>
    <UnitTest name="LiteDB.Internals.SharedSafetyProcess_Tests.RelativeConnection_KeepsDatabaseAndLeaseIdentityAfterDirectoryChange(password: &quot;secret&quot;, when: &quot;after&quot;)" storage="__LOCAL_HOME__/.t3/worktrees/litedb/t3code-0cc13448/artifacts_temp/safety-net8/litedb.tests/bin/release/net8.0/litedb.tests.dll" id="2e0e14b1-645e-5caf-663e-44d01ce0a803">
      <Execution id="6db222fc-4336-4388-8556-56108700026d" />
      <TestMethod codeBase="__WORKSPACE__/artifacts_temp/safety-net8/LiteDB.Tests/bin/Release/net8.0/LiteDB.Tests.dll" adapterTypeName="executor://xunit/VsTestRunner2/netcoreapp" className="LiteDB.Internals.SharedSafetyProcess_Tests" name="RelativeConnection_KeepsDatabaseAndLeaseIdentityAfterDirectoryChange" />
    </UnitTest>
    <UnitTest name="LiteDB.Internals.SharedSlotGenerations_Tests.Three_generations_in_one_process_survive_reuse_and_oldest_reader_departure(password: &quot;secret&quot;, kill: False)" storage="__LOCAL_HOME__/.t3/worktrees/litedb/t3code-0cc13448/artifacts_temp/safety-net8/litedb.tests/bin/release/net8.0/litedb.tests.dll" id="1b71a392-9844-7c14-fd0c-4ae7995d6ff2">
      <Execution id="c6bc2801-22d8-4486-a581-7c52750a8f80" />
      <TestMethod codeBase="__WORKSPACE__/artifacts_temp/safety-net8/LiteDB.Tests/bin/Release/net8.0/LiteDB.Tests.dll" adapterTypeName="executor://xunit/VsTestRunner2/netcoreapp" className="LiteDB.Internals.SharedSlotGenerations_Tests" name="Three_generations_in_one_process_survive_reuse_and_oldest_reader_departure" />
    </UnitTest>
    <UnitTest name="LiteDB.Internals.MvccSharedRegistry_Tests.FailureWhileBuffering_IsRaisedAfterTheRowsThatPrecededIt" storage="__LOCAL_HOME__/.t3/worktrees/litedb/t3code-0cc13448/artifacts_temp/safety-net8/litedb.tests/bin/release/net8.0/litedb.tests.dll" id="66a6cb66-20df-f669-4755-a01af3c4f1a1">
      <Execution id="42fc190d-deb7-4d54-9832-79a08a93b05e" />
      <TestMethod codeBase="__WORKSPACE__/artifacts_temp/safety-net8/LiteDB.Tests/bin/Release/net8.0/LiteDB.Tests.dll" adapterTypeName="executor://xunit/VsTestRunner2/netcoreapp" className="LiteDB.Internals.MvccSharedRegistry_Tests" name="FailureWhileBuffering_IsRaisedAfterTheRowsThatPrecededIt" />
    </UnitTest>
    <UnitTest name="LiteDB.Internals.SharedStorageProcess_Tests.DamagedDataPage_RejectsRepeatedSharedReadsAndPreservesEvidence(password: &quot;secret&quot;, storage: Legacy)" storage="__LOCAL_HOME__/.t3/worktrees/litedb/t3code-0cc13448/artifacts_temp/safety-net8/litedb.tests/bin/release/net8.0/litedb.tests.dll" id="2b28bf1f-2832-0e9c-2f0f-9bc26a951382">
      <Execution id="ccc9583d-8944-480a-946a-67fd7672e0a9" />
      <TestMethod codeBase="__WORKSPACE__/artifacts_temp/safety-net8/LiteDB.Tests/bin/Release/net8.0/LiteDB.Tests.dll" adapterTypeName="executor://xunit/VsTestRunner2/netcoreapp" className="LiteDB.Internals.SharedStorageProcess_Tests" name="DamagedDataPage_RejectsRepeatedSharedReadsAndPreservesEvidence" />
    </UnitTest>
    <UnitTest name="LiteDB.Internals.SharedSafetyProcess_Tests.RelativeConnection_KeepsDatabaseAndLeaseIdentityAfterDirectoryChange(password: null, when: &quot;before&quot;)" storage="__LOCAL_HOME__/.t3/worktrees/litedb/t3code-0cc13448/artifacts_temp/safety-net8/litedb.tests/bin/release/net8.0/litedb.tests.dll" id="69e34d33-8d08-14a3-ca06-7ebad011a5f9">
      <Execution id="ad5b8fb2-b7f7-4696-aff8-c6f512ba74b5" />
      <TestMethod codeBase="__WORKSPACE__/artifacts_temp/safety-net8/LiteDB.Tests/bin/Release/net8.0/LiteDB.Tests.dll" adapterTypeName="executor://xunit/VsTestRunner2/netcoreapp" className="LiteDB.Internals.SharedSafetyProcess_Tests" name="RelativeConnection_KeepsDatabaseAndLeaseIdentityAfterDirectoryChange" />
    </UnitTest>
    <UnitTest name="LiteDB.Internals.SharedSlotGenerations_Tests.Three_generations_in_one_process_survive_reuse_and_oldest_reader_departure(password: null, kill: False)" storage="__LOCAL_HOME__/.t3/worktrees/litedb/t3code-0cc13448/artifacts_temp/safety-net8/litedb.tests/bin/release/net8.0/litedb.tests.dll" id="1645a180-2118-1236-423e-1d2ea25623b8">
      <Execution id="20c1312d-f30e-4098-9dbe-c1cf23d41975" />
      <TestMethod codeBase="__WORKSPACE__/artifacts_temp/safety-net8/LiteDB.Tests/bin/Release/net8.0/LiteDB.Tests.dll" adapterTypeName="executor://xunit/VsTestRunner2/netcoreapp" className="LiteDB.Internals.SharedSlotGenerations_Tests" name="Three_generations_in_one_process_survive_reuse_and_oldest_reader_departure" />
    </UnitTest>
    <UnitTest name="LiteDB.Internals.SharedStorageProcess_Tests.KilledWriters_PreserveAcknowledgedPayloadsIndexesAndLiveSnapshot(password: &quot;secret&quot;, storage: Auto)" storage="__LOCAL_HOME__/.t3/worktrees/litedb/t3code-0cc13448/artifacts_temp/safety-net8/litedb.tests/bin/release/net8.0/litedb.tests.dll" id="5ea7dab4-0859-7b28-0018-e3deb6f4ffb0">
      <Execution id="7076b903-baaa-42fb-bf43-35e0a73e80ae" />
      <TestMethod codeBase="__WORKSPACE__/artifacts_temp/safety-net8/LiteDB.Tests/bin/Release/net8.0/LiteDB.Tests.dll" adapterTypeName="executor://xunit/VsTestRunner2/netcoreapp" className="LiteDB.Internals.SharedStorageProcess_Tests" name="KilledWriters_PreserveAcknowledgedPayloadsIndexesAndLiveSnapshot" />
    </UnitTest>
    <UnitTest name="LiteDB.Internals.SharedFollowupProcess_Tests.Yield_oracle_rejects_native_wait_without_a_completed_write(password: null)" storage="__LOCAL_HOME__/.t3/worktrees/litedb/t3code-0cc13448/artifacts_temp/safety-net8/litedb.tests/bin/release/net8.0/litedb.tests.dll" id="10151c9d-c69f-493c-38e8-be3a4a6d3228">
      <Execution id="1a4fd7ea-1448-48d6-be4b-1651055344f1" />
      <TestMethod codeBase="__WORKSPACE__/artifacts_temp/safety-net8/LiteDB.Tests/bin/Release/net8.0/LiteDB.Tests.dll" adapterTypeName="executor://xunit/VsTestRunner2/netcoreapp" className="LiteDB.Internals.SharedFollowupProcess_Tests" name="Yield_oracle_rejects_native_wait_without_a_completed_write" />
    </UnitTest>
    <UnitTest name="LiteDB.Internals.MvccSharedProcess_Tests.KillingCheckpointerAtEveryPublicationBoundaryRecovers(password: null, stage: &quot;data-flushed&quot;)" storage="__LOCAL_HOME__/.t3/worktrees/litedb/t3code-0cc13448/artifacts_temp/safety-net8/litedb.tests/bin/release/net8.0/litedb.tests.dll" id="aed131d6-b5e5-0ebb-9a10-02dac826aa19">
      <Execution id="eda52c83-bd83-42ad-8c77-353d92b18ac5" />
      <TestMethod codeBase="__WORKSPACE__/artifacts_temp/safety-net8/LiteDB.Tests/bin/Release/net8.0/LiteDB.Tests.dll" adapterTypeName="executor://xunit/VsTestRunner2/netcoreapp" className="LiteDB.Internals.MvccSharedProcess_Tests" name="KillingCheckpointerAtEveryPublicationBoundaryRecovers" />
    </UnitTest>
    <UnitTest name="LiteDB.Internals.SharedStorageProcess_Tests.DamagedDataPage_RejectsRepeatedSharedReadsAndPreservesEvidence(password: &quot;secret&quot;, storage: Auto)" storage="__LOCAL_HOME__/.t3/worktrees/litedb/t3code-0cc13448/artifacts_temp/safety-net8/litedb.tests/bin/release/net8.0/litedb.tests.dll" id="86db4d8a-764e-a485-28bb-286745d096cb">
      <Execution id="31fee904-e7cc-413f-8101-a6785dd81e97" />
      <TestMethod codeBase="__WORKSPACE__/artifacts_temp/safety-net8/LiteDB.Tests/bin/Release/net8.0/LiteDB.Tests.dll" adapterTypeName="executor://xunit/VsTestRunner2/netcoreapp" className="LiteDB.Internals.SharedStorageProcess_Tests" name="DamagedDataPage_RejectsRepeatedSharedReadsAndPreservesEvidence" />
    </UnitTest>
    <UnitTest name="LiteDB.Internals.SharedStorageProcess_Tests.KilledWriters_PreserveAcknowledgedPayloadsIndexesAndLiveSnapshot(password: &quot;secret&quot;, storage: Legacy)" storage="__LOCAL_HOME__/.t3/worktrees/litedb/t3code-0cc13448/artifacts_temp/safety-net8/litedb.tests/bin/release/net8.0/litedb.tests.dll" id="bd5c3011-1b1a-9f02-58ab-69e3fd4df1d5">
      <Execution id="970f7b7a-5e28-49b0-a10a-9173ffca45d0" />
      <TestMethod codeBase="__WORKSPACE__/artifacts_temp/safety-net8/LiteDB.Tests/bin/Release/net8.0/LiteDB.Tests.dll" adapterTypeName="executor://xunit/VsTestRunner2/netcoreapp" className="LiteDB.Internals.SharedStorageProcess_Tests" name="KilledWriters_PreserveAcknowledgedPayloadsIndexesAndLiveSnapshot" />
    </UnitTest>
    <UnitTest name="LiteDB.Internals.MvccSharedLifecycle_Tests.RebuildRejectsLiveReadersAndSucceedsAfterTheyClose" storage="__LOCAL_HOME__/.t3/worktrees/litedb/t3code-0cc13448/artifacts_temp/safety-net8/litedb.tests/bin/release/net8.0/litedb.tests.dll" id="fdf95475-a853-9697-129e-76839a01b660">
      <Execution id="163ef5d0-9141-489d-86ed-e35263b84dfd" />
      <TestMethod codeBase="__WORKSPACE__/artifacts_temp/safety-net8/LiteDB.Tests/bin/Release/net8.0/LiteDB.Tests.dll" adapterTypeName="executor://xunit/VsTestRunner2/netcoreapp" className="LiteDB.Internals.MvccSharedLifecycle_Tests" name="RebuildRejectsLiveReadersAndSucceedsAfterTheyClose" />
    </UnitTest>
    <UnitTest name="LiteDB.Internals.SharedSafetyProcess_Tests.RelativeConnection_KeepsDatabaseAndLeaseIdentityAfterDirectoryChange(password: &quot;secret&quot;, when: &quot;before&quot;)" storage="__LOCAL_HOME__/.t3/worktrees/litedb/t3code-0cc13448/artifacts_temp/safety-net8/litedb.tests/bin/release/net8.0/litedb.tests.dll" id="1195fa33-515a-0238-e0a8-a14a563ba281">
      <Execution id="2fa23f0c-250e-4b24-b07f-3abecada375a" />
      <TestMethod codeBase="__WORKSPACE__/artifacts_temp/safety-net8/LiteDB.Tests/bin/Release/net8.0/LiteDB.Tests.dll" adapterTypeName="executor://xunit/VsTestRunner2/netcoreapp" className="LiteDB.Internals.SharedSafetyProcess_Tests" name="RelativeConnection_KeepsDatabaseAndLeaseIdentityAfterDirectoryChange" />
    </UnitTest>
    <UnitTest name="LiteDB.Internals.SharedSlotGenerations_Tests.Three_generations_in_one_process_survive_reuse_and_oldest_reader_departure(password: null, kill: True)" storage="__LOCAL_HOME__/.t3/worktrees/litedb/t3code-0cc13448/artifacts_temp/safety-net8/litedb.tests/bin/release/net8.0/litedb.tests.dll" id="266e918c-98e3-bf40-cbb1-e15d64fb1dfe">
      <Execution id="03a93075-a2bc-4ac9-9583-4f320fc10d68" />
      <TestMethod codeBase="__WORKSPACE__/artifacts_temp/safety-net8/LiteDB.Tests/bin/Release/net8.0/LiteDB.Tests.dll" adapterTypeName="executor://xunit/VsTestRunner2/netcoreapp" className="LiteDB.Internals.SharedSlotGenerations_Tests" name="Three_generations_in_one_process_survive_reuse_and_oldest_reader_departure" />
    </UnitTest>
    <UnitTest name="LiteDB.Internals.SharedPageReads_Tests.ReusedHint_ValidatesIdentityAfterPin_AndReturnsTemporaryPin" storage="__LOCAL_HOME__/.t3/worktrees/litedb/t3code-0cc13448/artifacts_temp/safety-net8/litedb.tests/bin/release/net8.0/litedb.tests.dll" id="970f17b8-c91b-e63e-2f97-d7f824325166">
      <Execution id="8a8f3618-cd69-4a44-9a9b-4c8dcdd4b1c7" />
      <TestMethod codeBase="__WORKSPACE__/artifacts_temp/safety-net8/LiteDB.Tests/bin/Release/net8.0/LiteDB.Tests.dll" adapterTypeName="executor://xunit/VsTestRunner2/netcoreapp" className="LiteDB.Internals.SharedPageReads_Tests" name="ReusedHint_ValidatesIdentityAfterPin_AndReturnsTemporaryPin" />
    </UnitTest>
    <UnitTest name="LiteDB.Internals.SharedStorageProcess_Tests.KilledWriters_PreserveAcknowledgedPayloadsIndexesAndLiveSnapshot(password: null, storage: Auto)" storage="__LOCAL_HOME__/.t3/worktrees/litedb/t3code-0cc13448/artifacts_temp/safety-net8/litedb.tests/bin/release/net8.0/litedb.tests.dll" id="8f6de742-0b46-6fc1-0d0d-559dd2267176">
      <Execution id="39c1c98e-bd2d-4c88-bd4f-8a81d1903050" />
      <TestMethod codeBase="__WORKSPACE__/artifacts_temp/safety-net8/LiteDB.Tests/bin/Release/net8.0/LiteDB.Tests.dll" adapterTypeName="executor://xunit/VsTestRunner2/netcoreapp" className="LiteDB.Internals.SharedStorageProcess_Tests" name="KilledWriters_PreserveAcknowledgedPayloadsIndexesAndLiveSnapshot" />
    </UnitTest>
    <UnitTest name="LiteDB.Internals.SharedStorageProcess_Tests.DamagedDataPage_RejectsRepeatedSharedReadsAndPreservesEvidence(password: null, storage: Legacy)" storage="__LOCAL_HOME__/.t3/worktrees/litedb/t3code-0cc13448/artifacts_temp/safety-net8/litedb.tests/bin/release/net8.0/litedb.tests.dll" id="70f0a329-cb11-29c3-43fe-629cbc8989b5">
      <Execution id="7895d3f4-fe56-4be8-bddb-1b9d5102fe3a" />
      <TestMethod codeBase="__WORKSPACE__/artifacts_temp/safety-net8/LiteDB.Tests/bin/Release/net8.0/LiteDB.Tests.dll" adapterTypeName="executor://xunit/VsTestRunner2/netcoreapp" className="LiteDB.Internals.SharedStorageProcess_Tests" name="DamagedDataPage_RejectsRepeatedSharedReadsAndPreservesEvidence" />
    </UnitTest>
    <UnitTest name="LiteDB.Internals.SharedCoordinationUpgradeProcess_Tests.Newer_authority_falls_back_without_overwriting_its_files(password: &quot;secret&quot;)" storage="__LOCAL_HOME__/.t3/worktrees/litedb/t3code-0cc13448/artifacts_temp/safety-net8/litedb.tests/bin/release/net8.0/litedb.tests.dll" id="4eca62a3-f1bb-638a-6f48-473834e6ba82">
      <Execution id="365aa476-c6b2-4987-a033-5752520a412d" />
      <TestMethod codeBase="__WORKSPACE__/artifacts_temp/safety-net8/LiteDB.Tests/bin/Release/net8.0/LiteDB.Tests.dll" adapterTypeName="executor://xunit/VsTestRunner2/netcoreapp" className="LiteDB.Internals.SharedCoordinationUpgradeProcess_Tests" name="Newer_authority_falls_back_without_overwriting_its_files" />
    </UnitTest>
    <UnitTest name="LiteDB.Internals.MvccSharedProcess_Tests.KillingCheckpointerAtEveryPublicationBoundaryRecovers(password: &quot;secret&quot;, stage: &quot;before-reclaim&quot;)" storage="__LOCAL_HOME__/.t3/worktrees/litedb/t3code-0cc13448/artifacts_temp/safety-net8/litedb.tests/bin/release/net8.0/litedb.tests.dll" id="c841e035-fee0-668e-3496-cec59c394f42">
      <Execution id="cfe6bb2b-9c72-4e06-80e0-e30024d72dd0" />
      <TestMethod codeBase="__WORKSPACE__/artifacts_temp/safety-net8/LiteDB.Tests/bin/Release/net8.0/LiteDB.Tests.dll" adapterTypeName="executor://xunit/VsTestRunner2/netcoreapp" className="LiteDB.Internals.MvccSharedProcess_Tests" name="KillingCheckpointerAtEveryPublicationBoundaryRecovers" />
    </UnitTest>
    <UnitTest name="LiteDB.Internals.MvccSharedRegistry_Tests.ReadersOfOneConnectionAtDifferentVersionsEachKeepTheirFrames" storage="__LOCAL_HOME__/.t3/worktrees/litedb/t3code-0cc13448/artifacts_temp/safety-net8/litedb.tests/bin/release/net8.0/litedb.tests.dll" id="015cc194-5dce-e9b0-76f5-03e674fe0eac">
      <Execution id="817a3bbd-b551-45fc-bcc1-cb472c0bfc9e" />
      <TestMethod codeBase="__WORKSPACE__/artifacts_temp/safety-net8/LiteDB.Tests/bin/Release/net8.0/LiteDB.Tests.dll" adapterTypeName="executor://xunit/VsTestRunner2/netcoreapp" className="LiteDB.Internals.MvccSharedRegistry_Tests" name="ReadersOfOneConnectionAtDifferentVersionsEachKeepTheirFrames" />
    </UnitTest>
    <UnitTest name="LiteDB.Internals.SharedFollowupProcess_Tests.Yield_oracle_rejects_native_wait_without_a_completed_write(password: &quot;secret&quot;)" storage="__LOCAL_HOME__/.t3/worktrees/litedb/t3code-0cc13448/artifacts_temp/safety-net8/litedb.tests/bin/release/net8.0/litedb.tests.dll" id="9bef068b-df72-8436-a0ed-779664b993c1">
      <Execution id="525c922e-da25-4564-a244-28cfa6e34d02" />
      <TestMethod codeBase="__WORKSPACE__/artifacts_temp/safety-net8/LiteDB.Tests/bin/Release/net8.0/LiteDB.Tests.dll" adapterTypeName="executor://xunit/VsTestRunner2/netcoreapp" className="LiteDB.Internals.SharedFollowupProcess_Tests" name="Yield_oracle_rejects_native_wait_without_a_completed_write" />
    </UnitTest>
    <UnitTest name="LiteDB.Internals.SharedDurability_Tests.UnsupportedSync_RemainsVisibleAfterSharedEngineReopens(password: &quot;secret&quot;)" storage="__LOCAL_HOME__/.t3/worktrees/litedb/t3code-0cc13448/artifacts_temp/safety-net8/litedb.tests/bin/release/net8.0/litedb.tests.dll" id="bc2235e2-c8bc-4ea8-2a3f-cb7b7ec5848c">
      <Execution id="14842f23-9186-441c-872c-2ce23c30a028" />
      <TestMethod codeBase="__WORKSPACE__/artifacts_temp/safety-net8/LiteDB.Tests/bin/Release/net8.0/LiteDB.Tests.dll" adapterTypeName="executor://xunit/VsTestRunner2/netcoreapp" className="LiteDB.Internals.SharedDurability_Tests" name="UnsupportedSync_RemainsVisibleAfterSharedEngineReopens" />
    </UnitTest>
    <UnitTest name="LiteDB.Internals.MvccSharedProcess_Tests.KillingCheckpointerAtEveryPublicationBoundaryRecovers(password: null, stage: &quot;data-page&quot;)" storage="__LOCAL_HOME__/.t3/worktrees/litedb/t3code-0cc13448/artifacts_temp/safety-net8/litedb.tests/bin/release/net8.0/litedb.tests.dll" id="c7674e98-4d06-f4fb-0ab9-494c0f662b34">
      <Execution id="fc4dfb88-1437-4b4e-82b3-f7a131bb22c7" />
      <TestMethod codeBase="__WORKSPACE__/artifacts_temp/safety-net8/LiteDB.Tests/bin/Release/net8.0/LiteDB.Tests.dll" adapterTypeName="executor://xunit/VsTestRunner2/netcoreapp" className="LiteDB.Internals.MvccSharedProcess_Tests" name="KillingCheckpointerAtEveryPublicationBoundaryRecovers" />
    </UnitTest>
    <UnitTest name="LiteDB.Internals.SharedFileHandles_Tests.Volumes_without_posix_delete_open_files_per_operation" storage="__LOCAL_HOME__/.t3/worktrees/litedb/t3code-0cc13448/artifacts_temp/safety-net8/litedb.tests/bin/release/net8.0/litedb.tests.dll" id="086f34e6-1c46-c338-5cbe-bc1d66755605">
      <Execution id="45455e69-a10e-48a3-9703-e754f2fb05ab" />
      <TestMethod codeBase="__WORKSPACE__/artifacts_temp/safety-net8/LiteDB.Tests/bin/Release/net8.0/LiteDB.Tests.dll" adapterTypeName="executor://xunit/VsTestRunner2/netcoreapp" className="LiteDB.Internals.SharedFileHandles_Tests" name="Volumes_without_posix_delete_open_files_per_operation" />
    </UnitTest>
    <UnitTest name="LiteDB.Internals.MvccSharedProcess_Tests.KillingCheckpointerAtEveryPublicationBoundaryRecovers(password: &quot;secret&quot;, stage: &quot;data-page&quot;)" storage="__LOCAL_HOME__/.t3/worktrees/litedb/t3code-0cc13448/artifacts_temp/safety-net8/litedb.tests/bin/release/net8.0/litedb.tests.dll" id="9cc9ad67-dcad-1b11-c5c7-02acfa8b8d29">
      <Execution id="1e6acadc-b4eb-4d5f-8599-742b3750c3ec" />
      <TestMethod codeBase="__WORKSPACE__/artifacts_temp/safety-net8/LiteDB.Tests/bin/Release/net8.0/LiteDB.Tests.dll" adapterTypeName="executor://xunit/VsTestRunner2/netcoreapp" className="LiteDB.Internals.MvccSharedProcess_Tests" name="KillingCheckpointerAtEveryPublicationBoundaryRecovers" />
    </UnitTest>
    <UnitTest name="LiteDB.Internals.MvccSharedProcess_Tests.KillingCheckpointerAtEveryPublicationBoundaryRecovers(password: &quot;secret&quot;, stage: &quot;after-reclaim&quot;)" storage="__LOCAL_HOME__/.t3/worktrees/litedb/t3code-0cc13448/artifacts_temp/safety-net8/litedb.tests/bin/release/net8.0/litedb.tests.dll" id="fa227e8d-6f36-720e-94aa-df6abe2c8db9">
      <Execution id="5a442e21-50f8-4861-b034-19731414386d" />
      <TestMethod codeBase="__WORKSPACE__/artifacts_temp/safety-net8/LiteDB.Tests/bin/Release/net8.0/LiteDB.Tests.dll" adapterTypeName="executor://xunit/VsTestRunner2/netcoreapp" className="LiteDB.Internals.MvccSharedProcess_Tests" name="KillingCheckpointerAtEveryPublicationBoundaryRecovers" />
    </UnitTest>
  </TestDefinitions>
  <TestEntries>
    <TestEntry testId="1b71a392-9844-7c14-fd0c-4ae7995d6ff2" executionId="c6bc2801-22d8-4486-a581-7c52750a8f80" testListId="8c84fa94-04c1-424b-9868-57a2d4851a1d" />
    <TestEntry testId="c7674e98-4d06-f4fb-0ab9-494c0f662b34" executionId="fc4dfb88-1437-4b4e-82b3-f7a131bb22c7" testListId="8c84fa94-04c1-424b-9868-57a2d4851a1d" />
    <TestEntry testId="69e34d33-8d08-14a3-ca06-7ebad011a5f9" executionId="ad5b8fb2-b7f7-4696-aff8-c6f512ba74b5" testListId="8c84fa94-04c1-424b-9868-57a2d4851a1d" />
    <TestEntry testId="015cc194-5dce-e9b0-76f5-03e674fe0eac" executionId="817a3bbd-b551-45fc-bcc1-cb472c0bfc9e" testListId="8c84fa94-04c1-424b-9868-57a2d4851a1d" />
    <TestEntry testId="c841e035-fee0-668e-3496-cec59c394f42" executionId="cfe6bb2b-9c72-4e06-80e0-e30024d72dd0" testListId="8c84fa94-04c1-424b-9868-57a2d4851a1d" />
    <TestEntry testId="7c8693de-a097-aa28-642e-3c0515b58dd6" executionId="fbbf6135-0b24-4eeb-a7f6-47b296ebed9d" testListId="8c84fa94-04c1-424b-9868-57a2d4851a1d" />
    <TestEntry testId="bc2235e2-c8bc-4ea8-2a3f-cb7b7ec5848c" executionId="14842f23-9186-441c-872c-2ce23c30a028" testListId="8c84fa94-04c1-424b-9868-57a2d4851a1d" />
    <TestEntry testId="9bef068b-df72-8436-a0ed-779664b993c1" executionId="525c922e-da25-4564-a244-28cfa6e34d02" testListId="8c84fa94-04c1-424b-9868-57a2d4851a1d" />
    <TestEntry testId="1195fa33-515a-0238-e0a8-a14a563ba281" executionId="2fa23f0c-250e-4b24-b07f-3abecada375a" testListId="8c84fa94-04c1-424b-9868-57a2d4851a1d" />
    <TestEntry testId="aed131d6-b5e5-0ebb-9a10-02dac826aa19" executionId="eda52c83-bd83-42ad-8c77-353d92b18ac5" testListId="8c84fa94-04c1-424b-9868-57a2d4851a1d" />
    <TestEntry testId="70f0a329-cb11-29c3-43fe-629cbc8989b5" executionId="7895d3f4-fe56-4be8-bddb-1b9d5102fe3a" testListId="8c84fa94-04c1-424b-9868-57a2d4851a1d" />
    <TestEntry testId="5ea7dab4-0859-7b28-0018-e3deb6f4ffb0" executionId="7076b903-baaa-42fb-bf43-35e0a73e80ae" testListId="8c84fa94-04c1-424b-9868-57a2d4851a1d" />
    <TestEntry testId="af4cb651-6a10-9602-70c6-9a918fc388ad" executionId="06f24b74-4d8c-461e-ad9a-0a9f982bfc56" testListId="8c84fa94-04c1-424b-9868-57a2d4851a1d" />
    <TestEntry testId="86db4d8a-764e-a485-28bb-286745d096cb" executionId="31fee904-e7cc-413f-8101-a6785dd81e97" testListId="8c84fa94-04c1-424b-9868-57a2d4851a1d" />
    <TestEntry testId="2b28bf1f-2832-0e9c-2f0f-9bc26a951382" executionId="ccc9583d-8944-480a-946a-67fd7672e0a9" testListId="8c84fa94-04c1-424b-9868-57a2d4851a1d" />
    <TestEntry testId="fdf95475-a853-9697-129e-76839a01b660" executionId="163ef5d0-9141-489d-86ed-e35263b84dfd" testListId="8c84fa94-04c1-424b-9868-57a2d4851a1d" />
    <TestEntry testId="2e0e14b1-645e-5caf-663e-44d01ce0a803" executionId="6db222fc-4336-4388-8556-56108700026d" testListId="8c84fa94-04c1-424b-9868-57a2d4851a1d" />
    <TestEntry testId="a0926682-3277-2c8c-712c-afb84aa570af" executionId="e22ccdf7-a6fc-45af-ae9a-915ef5ce8c8a" testListId="8c84fa94-04c1-424b-9868-57a2d4851a1d" />
    <TestEntry testId="9d746bf8-7ede-5770-f456-2e3a0dc953af" executionId="313e3852-7aa7-4ca6-b413-a54517b485a4" testListId="8c84fa94-04c1-424b-9868-57a2d4851a1d" />
    <TestEntry testId="9cc9ad67-dcad-1b11-c5c7-02acfa8b8d29" executionId="1e6acadc-b4eb-4d5f-8599-742b3750c3ec" testListId="8c84fa94-04c1-424b-9868-57a2d4851a1d" />
    <TestEntry testId="8f6de742-0b46-6fc1-0d0d-559dd2267176" executionId="39c1c98e-bd2d-4c88-bd4f-8a81d1903050" testListId="8c84fa94-04c1-424b-9868-57a2d4851a1d" />
    <TestEntry testId="b3e0463d-d70c-e98a-0ab2-e67a1178426e" executionId="0ec06194-c454-4212-bb7f-5347342ad673" testListId="8c84fa94-04c1-424b-9868-57a2d4851a1d" />
    <TestEntry testId="4eca62a3-f1bb-638a-6f48-473834e6ba82" executionId="365aa476-c6b2-4987-a033-5752520a412d" testListId="8c84fa94-04c1-424b-9868-57a2d4851a1d" />
    <TestEntry testId="5f3098d6-e6e1-3375-e1db-15f2ac1d6c31" executionId="7ff7d141-ddaa-418f-9953-4fb4f5ede577" testListId="8c84fa94-04c1-424b-9868-57a2d4851a1d" />
    <TestEntry testId="266e918c-98e3-bf40-cbb1-e15d64fb1dfe" executionId="03a93075-a2bc-4ac9-9583-4f320fc10d68" testListId="8c84fa94-04c1-424b-9868-57a2d4851a1d" />
    <TestEntry testId="fee02872-633b-c589-b608-88ba235417c3" executionId="a4a7cb66-1a83-46af-9295-2832dfe45821" testListId="8c84fa94-04c1-424b-9868-57a2d4851a1d" />
    <TestEntry testId="2a5960b0-74ce-a363-9484-55bc0d9b47f4" executionId="263035a7-bc44-4fe7-920a-d92626203075" testListId="8c84fa94-04c1-424b-9868-57a2d4851a1d" />
    <TestEntry testId="10151c9d-c69f-493c-38e8-be3a4a6d3228" executionId="1a4fd7ea-1448-48d6-be4b-1651055344f1" testListId="8c84fa94-04c1-424b-9868-57a2d4851a1d" />
    <TestEntry testId="1645a180-2118-1236-423e-1d2ea25623b8" executionId="20c1312d-f30e-4098-9dbe-c1cf23d41975" testListId="8c84fa94-04c1-424b-9868-57a2d4851a1d" />
    <TestEntry testId="086f34e6-1c46-c338-5cbe-bc1d66755605" executionId="45455e69-a10e-48a3-9703-e754f2fb05ab" testListId="8c84fa94-04c1-424b-9868-57a2d4851a1d" />
    <TestEntry testId="3960f7b2-4f27-83c1-6b1f-ad049d42dcc1" executionId="0268cc43-09e4-4d45-ad41-1121a0ebf561" testListId="8c84fa94-04c1-424b-9868-57a2d4851a1d" />
    <TestEntry testId="970f17b8-c91b-e63e-2f97-d7f824325166" executionId="8a8f3618-cd69-4a44-9a9b-4c8dcdd4b1c7" testListId="8c84fa94-04c1-424b-9868-57a2d4851a1d" />
    <TestEntry testId="66a6cb66-20df-f669-4755-a01af3c4f1a1" executionId="42fc190d-deb7-4d54-9832-79a08a93b05e" testListId="8c84fa94-04c1-424b-9868-57a2d4851a1d" />
    <TestEntry testId="fa227e8d-6f36-720e-94aa-df6abe2c8db9" executionId="5a442e21-50f8-4861-b034-19731414386d" testListId="8c84fa94-04c1-424b-9868-57a2d4851a1d" />
    <TestEntry testId="44b8da2f-5439-f415-2939-c391705d4867" executionId="117e6468-8df5-468e-9d00-5861b7fcb34d" testListId="8c84fa94-04c1-424b-9868-57a2d4851a1d" />
    <TestEntry testId="bd5c3011-1b1a-9f02-58ab-69e3fd4df1d5" executionId="970f7b7a-5e28-49b0-a10a-9173ffca45d0" testListId="8c84fa94-04c1-424b-9868-57a2d4851a1d" />
  </TestEntries>
  <TestLists>
    <TestList name="Results Not in a List" id="8c84fa94-04c1-424b-9868-57a2d4851a1d" />
    <TestList name="All Loaded Results" id="19431567-8539-422a-85d7-44ee4e166bda" />
  </TestLists>
  <ResultSummary outcome="Completed">
    <Counters total="36" executed="36" passed="36" failed="0" error="0" timeout="0" aborted="0" inconclusive="0" passedButRunAborted="0" notRunnable="0" notExecuted="0" disconnected="0" warning="0" completed="0" inProgress="0" pending="0" />
    <Output>
      <StdOut>[xUnit.net 00:00:00.00] xUnit.net VSTest Adapter v2.8.2+699d445a1a (64-bit .NET 8.0.30)
[xUnit.net 00:00:00.14]   Discovering: LiteDB.Tests
[xUnit.net 00:00:00.84]   Discovered:  LiteDB.Tests
[xUnit.net 00:00:00.85]   Starting:    LiteDB.Tests
[xUnit.net 00:00:57.35]   Finished:    LiteDB.Tests
</StdOut>
    </Output>
  </ResultSummary>
</TestRun>