corrected-direct-ordinary-read-1-0-0-dev: 93604.3 ops/s, verified
corrected-direct-ordinary-read-1-0-1-parent: 90744.5 ops/s, verified
corrected-direct-ordinary-read-1-0-2-final: 78679.4 ops/s, verified
corrected-direct-ordinary-read-1-1-0-final: 81743.9 ops/s, verified
corrected-direct-ordinary-read-1-1-1-parent: 86964.6 ops/s, verified
corrected-direct-ordinary-read-1-1-2-dev: 96473.4 ops/s, verified
corrected-direct-ordinary-read-1-2-0-dev: 94042.7 ops/s, verified
corrected-direct-ordinary-read-1-2-1-parent: 91937.2 ops/s, verified
corrected-direct-ordinary-read-1-2-2-final: 82248.2 ops/s, verified
corrected-direct-ordinary-read-1-3-0-final: 78919.2 ops/s, verified
corrected-direct-ordinary-read-1-3-1-parent: 84689.6 ops/s, verified
corrected-direct-ordinary-read-1-3-2-dev: 96389.3 ops/s, verified
corrected-direct-legacy-read-1-0-0-dev: 97445.1 ops/s, verified
corrected-direct-legacy-read-1-0-1-parent: 87197.0 ops/s, verified
corrected-direct-legacy-read-1-0-2-final: 71511.0 ops/s, verified
corrected-direct-legacy-read-1-1-0-final: 72540.6 ops/s, verified
corrected-direct-legacy-read-1-1-1-parent: 85113.3 ops/s, verified
corrected-direct-legacy-read-1-1-2-dev: 96516.5 ops/s, verified
corrected-direct-legacy-read-1-2-0-dev: 92373.7 ops/s, verified
corrected-direct-legacy-read-1-2-1-parent: 83372.8 ops/s, verified
corrected-direct-legacy-read-1-2-2-final: 72434.5 ops/s, verified
corrected-direct-legacy-read-1-3-0-final: 72214.2 ops/s, verified
corrected-direct-legacy-read-1-3-1-parent: 86394.7 ops/s, verified
corrected-direct-legacy-read-1-3-2-dev: 93348.1 ops/s, verified
corrected-direct-ordinary-open-1-0-0-dev: 7141.5 ops/s, verified
corrected-direct-ordinary-open-1-0-1-parent: 16031.8 ops/s, verified
corrected-direct-ordinary-open-1-0-2-final: 11125.3 ops/s, verified
corrected-direct-ordinary-open-1-1-0-final: 11617.4 ops/s, verified
corrected-direct-ordinary-open-1-1-1-parent: 17007.7 ops/s, verified
corrected-direct-ordinary-open-1-1-2-dev: 7299.1 ops/s, verified
corrected-direct-ordinary-open-1-2-0-dev: 7161.5 ops/s, verified
corrected-direct-ordinary-open-1-2-1-parent: 16975.2 ops/s, verified
corrected-direct-ordinary-open-1-2-2-final: 10862.6 ops/s, verified
corrected-direct-ordinary-open-1-3-0-final: 11208.1 ops/s, verified
corrected-direct-ordinary-open-1-3-1-parent: 17325.3 ops/s, verified
corrected-direct-ordinary-open-1-3-2-dev: 7198.9 ops/s, verified
corrected-shared-ordinary-read-1-0-0-dev: 52732.3 ops/s, verified
corrected-shared-ordinary-read-1-0-1-parent: 50390.0 ops/s, verified
corrected-shared-ordinary-read-1-0-2-final: 43749.8 ops/s, verified
corrected-shared-ordinary-read-1-1-0-final: 48610.8 ops/s, verified
corrected-shared-ordinary-read-1-1-1-parent: 52385.7 ops/s, verified
corrected-shared-ordinary-read-1-1-2-dev: 52659.6 ops/s, verified
corrected-shared-ordinary-read-1-2-0-dev: 51345.3 ops/s, verified
corrected-shared-ordinary-read-1-2-1-parent: 50063.4 ops/s, verified
corrected-shared-ordinary-read-1-2-2-final: 47224.7 ops/s, verified
corrected-shared-ordinary-read-1-3-0-final: 47006.1 ops/s, verified
corrected-shared-ordinary-read-1-3-1-parent: 47358.1 ops/s, verified
corrected-shared-ordinary-read-1-3-2-dev: 49896.6 ops/s, verified
corrected-shared-legacy-read-1-0-0-dev: 8278.1 ops/s, verified
corrected-shared-legacy-read-1-0-1-parent: 7905.2 ops/s, verified
corrected-shared-legacy-read-1-0-2-final: 7599.0 ops/s, verified
corrected-shared-legacy-read-1-1-0-final: 7617.7 ops/s, verified
corrected-shared-legacy-read-1-1-1-parent: 7790.9 ops/s, verified
corrected-shared-legacy-read-1-1-2-dev: 8500.4 ops/s, verified
corrected-shared-legacy-read-1-2-0-dev: 8211.8 ops/s, verified
corrected-shared-legacy-read-1-2-1-parent: 7735.0 ops/s, verified
corrected-shared-legacy-read-1-2-2-final: 7742.4 ops/s, verified
corrected-shared-legacy-read-1-3-0-final: 7587.2 ops/s, verified
corrected-shared-legacy-read-1-3-1-parent: 7692.3 ops/s, verified
corrected-shared-legacy-read-1-3-2-dev: 8414.2 ops/s, verified
