{
  "status": "pass",
  "findings": [],
  "totals": {
    "processes": 84,
    "windows": 420
  },
  "platforms": [
    {
      "runtime": "10.0.11",
      "os": "Ubuntu 24.04.3 LTS",
      "architecture": "X64"
    }
  ],
  "verifiedUniqueBinaryFiles": 32
}
direct-ordinary-read-1 {'dev': -15.606, 'parent': -8.676}
direct-legacy-read-1 {'dev': -23.741, 'parent': -15.593}
direct-ordinary-open-1 {'dev': 55.738, 'parent': -33.501}
shared-ordinary-read-1 {'dev': -7.857, 'parent': -6.438}
shared-legacy-read-1 {'dev': -9.016, 'parent': -1.795}
shared-handle-read-0 {'head': 31.709}
shared-handle-read-1 {'head': 30.381}
shared-handle-read-10 {'head': 25.669}
