{
  "changedFiles": 46,
  "validation": {
    "json": 201,
    "jsonl": 16,
    "xml": 336,
    "text": 147
  },
  "tarChecks": [
    {
      "file": "hosted-final/fuzz-replay/fuzz-checksums-ubuntu-latest-net8.0.tar.gz",
      "entries": 190
    },
    {
      "file": "hosted-final/fuzz-replay/fuzz-checksums-windows-latest-net10.0.tar.gz",
      "entries": 190
    },
    {
      "file": "hosted-final/fuzz-replay/fuzz-determinism.tar.gz",
      "entries": 140
    },
    {
      "file": "hosted-final/fuzz-replay/fuzz-smoke-linux-arm64-core.tar.gz",
      "entries": 58
    },
    {
      "file": "hosted-final/fuzz-replay/fuzz-smoke-linux-cache-vienna.tar.gz",
      "entries": 130
    },
    {
      "file": "hosted-final/fuzz-replay/fuzz-smoke-linux-core-utc.tar.gz",
      "entries": 231
    },
    {
      "file": "hosted-final/fuzz-replay/fuzz-smoke-mac-storage-vector.tar.gz",
      "entries": 114
    },
    {
      "file": "hosted-final/fuzz-replay/fuzz-smoke-windows-index-sort.tar.gz",
      "entries": 44
    },
    {
      "file": "hosted-final/fuzz-replay/fuzz-smoke-windows-persistence.tar.gz",
      "entries": 78
    },
    {
      "file": "hosted-final/proof-replay/regression-proof-Issue_133_CloseCollectionWait.tar.gz",
      "entries": 1
    },
    {
      "file": "hosted-final/proof-replay/regression-proof-Issue_133_MaintenanceProgress.tar.gz",
      "entries": 1
    },
    {
      "file": "hosted-final/proof-replay/regression-proof-Issue_133_RawCloseCallbackDependency.tar.gz",
      "entries": 1
    },
    {
      "file": "hosted-final/proof-replay/regression-proof-Issue_133_SharedSnapshotCloseRefusal.tar.gz",
      "entries": 1
    },
    {
      "file": "hosted-final/proof-replay/regression-proof-Issue_2586_RollbackTransaction.tar.gz",
      "entries": 1
    },
    {
      "file": "hosted-final/proof-replay/regression-proof-Issue_2614_DiskServiceDispose.tar.gz",
      "entries": 1
    },
    {
      "file": "hosted-final/proof-replay/regression-proof-Issue_3034_Pr133StaleSortCleanup.tar.gz",
      "entries": 1
    },
    {
      "file": "hosted-final/proof-replay/regression-proof-Issue_3067_DisposeDuringClose.tar.gz",
      "entries": 1
    },
    {
      "file": "hosted-final/proof-replay/regression-proof-Issue_3067_DisposedBoundObject.tar.gz",
      "entries": 1
    },
    {
      "file": "hosted-final/proof-replay/regression-proof-Issue_3067_HandleCallbackSelfWait.tar.gz",
      "entries": 1
    },
    {
      "file": "hosted-final/proof-replay/regression-proof-Issue_3067_LateCallbackClose.tar.gz",
      "entries": 1
    },
    {
      "file": "hosted-final/proof-replay/regression-proof-Issue_3067_LeasedReaderSelfDispose.tar.gz",
      "entries": 1
    },
    {
      "file": "hosted-final/proof-replay/regression-proof-Issue_3067_PeerFatalDispose.tar.gz",
      "entries": 1
    },
    {
      "file": "hosted-final/proof-replay/regression-proof-Issue_3067_SharedCloseWait.tar.gz",
      "entries": 1
    },
    {
      "file": "hosted-final/proof-replay/regression-proof-Issue_3067_SharedLateReaderClose.tar.gz",
      "entries": 1
    },
    {
      "file": "hosted-final/proof-replay/regression-proof-Issue_3067_SharedNestedBegin.tar.gz",
      "entries": 1
    },
    {
      "file": "hosted-final/proof-replay/regression-proof-Issue_3067_SharedPinCleanup.tar.gz",
      "entries": 1
    },
    {
      "file": "hosted-final/proof-replay/regression-proof-Issue_3067_SharedReaderRetirement.tar.gz",
      "entries": 1
    },
    {
      "file": "hosted-final/retention-controls/linux-retention-controls.tar.gz",
      "entries": 146
    },
    {
      "file": "hosted-final/shared-slot-replay/shared-slots-ubuntu-latest-net10.0-core.tar.gz",
      "entries": 7
    },
    {
      "file": "hosted-final/shared-slot-replay/shared-slots-ubuntu-latest-net10.0-traffic.tar.gz",
      "entries": 4
    },
    {
      "file": "hosted-final/shared-slot-replay/shared-slots-ubuntu-latest-net8.0-core.tar.gz",
      "entries": 7
    },
    {
      "file": "hosted-final/shared-slot-replay/shared-slots-ubuntu-latest-net8.0-traffic.tar.gz",
      "entries": 4
    },
    {
      "file": "hosted-final/shared-slot-replay/shared-slots-windows-latest-net10.0-core.tar.gz",
      "entries": 7
    },
    {
      "file": "hosted-final/shared-slot-replay/shared-slots-windows-latest-net10.0-traffic.tar.gz",
      "entries": 4
    },
    {
      "file": "hosted-final/shared-slot-replay/shared-slots-windows-latest-net8.0-core.tar.gz",
      "entries": 7
    },
    {
      "file": "hosted-final/shared-slot-replay/shared-slots-windows-latest-net8.0-traffic.tar.gz",
      "entries": 4
    },
    {
      "file": "hosted-final/test-results.tar.gz",
      "entries": 787
    }
  ],
  "credentialPatternFiles": [],
  "totalChangeRecords": 1573
}
