round 0 [ack 37][ack 9][ack 7][ack 31] -> ok docs=877
round 1 [ack 13][ack 15][ack 15][ack 9] -> ok docs=913
round 2 [ack 38][ack 7][ack 37][ack 0] -> ok docs=3089
round 3 [ack 0][ack 21][killed-before-start][killed-before-start] -> ok docs=3112
round 4 [ack 9][killed-before-start][killed-before-start][ack 57] -> ok docs=3172
round 5 [ack 20][ack 0][killed-before-start][ack 13] -> ok docs=3153
round 6 [killed-before-start][ack 18][ack 17][killed-before-start] -> ok docs=3166
round 7 [killed-before-start][ack 9][ack 24][killed-before-start] -> ok docs=3184
round 8 [killed-before-start][ack 12][ack 36][ack 3] -> ok docs=3264
round 9 [ack 46][ack 43][killed-before-start][killed-before-start] -> ok docs=3379
round 10 [killed-before-start][ack 23][ack 6][killed-before-start] -> ok docs=3400
round 11 [ack 8][killed-before-start][killed-before-start][ack 11] -> ok docs=3417
round 12 [killed-before-start][ack 2][killed-before-start][killed-before-start] -> ok docs=3416
round 13 [ack 53][killed-before-start][ack 35][ack 9] -> ok docs=3476
round 14 [ack 13][ack 22][ack 28][ack 63] -> ok docs=3541
round 15 [killed-before-start][ack 8][ack 5][ack 12] -> ok docs=3569
round 16 [killed-before-start][ack 46][ack 3][ack 7] -> ok docs=3614
round 17 [ack 0][ack 0][ack 1][ack 32] -> ok docs=3651
round 18 [killed-before-start][killed-before-start][ack 29][ack 15] -> ok docs=3676
round 19 [ack 8][ack 4][ack 19][ack 5] -> ok docs=3702
round 20 [ack 4][ack 1][ack 40][ack 43] -> ok docs=3723
round 21 [ack 1][killed-before-start][ack 54][ack 13] -> ok docs=3790
round 22 [killed-before-start][ack 0][ack 0][ack 0] -> ok docs=3790
round 23 [ack 15][killed-before-start][ack 17][killed-before-start] -> ok docs=3829
round 24 [ack 6][killed-before-start][killed-before-start][ack 7] -> ok docs=3836
DONE
