round 0 [ack 4][ack 23][ack 35][ack 3] -> ok docs=57
round 1 [killed-before-start][ack 12][ack 30][ack 24] -> ok docs=1528
round 2 [killed-before-start][ack 31][ack 3][ack 73] -> ok docs=3126
round 3 [ack 27][ack 0][killed-before-start][killed-before-start] -> ok docs=3180
round 4 [ack 22][ack 59][ack 33][killed-before-start] -> ok docs=3298
round 5 [ack 31][killed-before-start][killed-before-start][ack 64] -> ok docs=3436
round 6 [killed-before-start][ack 32][killed-before-start][ack 14] -> ok docs=3535
round 7 [ack 55][killed-before-start][ack 0][ack 57] -> ok docs=3685
round 8 [ack 2][ack 1][ack 19][killed-before-start] -> ok docs=3694
round 9 [killed-before-start][killed-before-start][killed-before-start][ack 42] -> ok docs=3523
round 10 [ack 1][ack 0][ack 12][killed-before-start] -> ok docs=3541
round 11 [ack 14][ack 1][ack 3][ack 3] -> ok docs=3560
round 12 [ack 2][killed-before-start][ack 5][ack 12] -> ok docs=3582
round 13 [ack 3][ack 64][ack 14][ack 8] -> ok docs=3663
round 14 [killed-before-start][ack 41][ack 23][ack 8] -> ok docs=3741
round 15 [ack 4][ack 48][ack 0][killed-before-start] -> ok docs=3823
round 16 [ack 11][killed-before-start][ack 15][killed-before-start] -> ok docs=3836
round 17 [ack 17][ack 15][killed-before-start][killed-before-start] -> ok docs=3871
round 18 [ack 0][ack 1][ack 0][ack 1] -> ok docs=3875
round 19 [ack 12][ack 7][ack 4][ack 1] -> ok docs=3897
round 20 [ack 6][ack 5][ack 4][killed-before-start] -> ok docs=3899
round 21 [ack 7][ack 2][killed-before-start][ack 11] -> ok docs=3941
round 22 [ack 17][killed-before-start][killed-before-start][ack 31] -> ok docs=3979
round 23 [ack 27][killed-before-start][killed-before-start][ack 15] -> ok docs=4009
round 24 [killed-before-start][killed-before-start][ack 1][ack 36] -> ok docs=4084
DONE
