idx=[Email,Phone,OrderNumber,Name] drop=[Email] -> OK
idx=[Tags,Name,Status,CustomerId] drop=[Tags] -> OK
idx=[Phone,Age,CustomerId,Country,Status] drop=[Phone,Status,Country,CustomerId] -> OK
idx=[Name,CustomerId,Title,Status,Email] drop=[Status,CustomerId,Title] -> OK
idx=[Tags,City] drop=[Tags] -> OK
idx=[Zip,Age,Status] drop=[Status] -> OK
idx=[Tags,CustomerId] drop=[CustomerId] -> OK
idx=[CreatedAt,Tags,Title,Zip] drop=[Tags,CreatedAt] -> OK
idx=[Age,Tags,City] drop=[Tags,City] -> OK
idx=[Tags,Age,Country,Status] drop=[Age,Status] -> OK
idx=[Title,CreatedAt,Phone] drop=[Phone] -> OK
idx=[Score,Status] drop=[Status] -> OK
idx=[Tags,CreatedAt,Title,Country] drop=[Tags] -> OK
idx=[CreatedAt,LastLogin,OrderNumber,Age] drop=[OrderNumber] -> OK
idx=[City,LastLogin,Phone,OrderNumber,Zip] drop=[OrderNumber] -> OK
idx=[Email,Tags,Age,CreatedAt] drop=[Tags] -> OK
idx=[Email,LastLogin,CustomerId,Phone] drop=[Phone,Email] -> OK
idx=[CreatedAt,Phone,Status] drop=[CreatedAt,Phone] -> FAIL at insert: LiteException: request page must be less or equals lastest page in data file
idx=[LastLogin,Phone,Zip,OrderNumber] drop=[Phone,LastLogin] -> OK
idx=[Email,Title] drop=[Email] -> OK
idx=[CreatedAt,Country] drop=[Country] -> OK
idx=[Name,Email,Phone,Status] drop=[Phone,Name] -> OK
idx=[CreatedAt,Country] drop=[Country] -> OK
idx=[Phone,Age,CreatedAt,OrderNumber,Title] drop=[Age] -> OK
idx=[CustomerId,CreatedAt] drop=[CustomerId] -> OK
idx=[Tags,Name,Age,Country] drop=[Name,Age,Tags] -> OK
idx=[Tags,Name,Age,CustomerId] drop=[CustomerId,Tags,Name] -> OK
idx=[Tags,Zip,CreatedAt,Age] drop=[Age] -> OK
idx=[CreatedAt,Title,City,Age,Email] drop=[City] -> OK
idx=[CreatedAt,Country,LastLogin,Email] drop=[CreatedAt,Email,Country] -> OK
idx=[LastLogin,Status,Name] drop=[Name,LastLogin] -> OK
idx=[Status,Zip,Email,Country] drop=[Email] -> OK
idx=[Tags,Score,Country] drop=[Tags] -> OK
idx=[LastLogin,Score,CustomerId,Country,Status] drop=[CustomerId,LastLogin,Country,Score] -> FAIL at insert: LiteException: request page must be less or equals lastest page in data file
idx=[City,CustomerId,LastLogin,Tags,Zip] drop=[LastLogin,Zip,City,Tags] -> OK
idx=[CustomerId,CreatedAt] drop=[CreatedAt] -> OK
idx=[CreatedAt,Tags,Country] drop=[Tags] -> OK
idx=[Score,OrderNumber,Age,Country] drop=[Country] -> OK
idx=[CreatedAt,Email,Phone] drop=[CreatedAt,Email] -> OK
idx=[Phone,LastLogin,Age,Country,Email] drop=[LastLogin,Phone] -> OK
