OK || OK || [LongerFieldNameForIndexes,Title,X1,Bb,Phone] drop [Phone,Bb]
OK || OK || [Description,Zip,CustomerId,Title,Tags,Email,Age] drop [Age,Email,Description,Title,Zip]
OK || OK || [Description,Zip,Name,Bb,Email,LongerFieldNameForIndexes,Title] drop [Zip,Email]
OK || OK || [Title,OrderNumber] drop [Title]
OK || OK || [CreatedAt,Tags,A,Name,Email,Description] drop [Name,Email,CreatedAt]
OK || OK || [Status,OrderNumber,CreatedAt,Bb,Tags,Name,Age] drop [Age,Status,Bb,Name,OrderNumber]
OK || OK || [Email,Name,X1,Phone,Bb] drop [Phone]
OK || OK || [Score,Country,Email,Phone,Status] drop [Score,Email,Country]
OK || OK || [Country,CustomerId] drop [Country]
OK || OK || [CustomerId,Name,Age,Title,A,Email,OrderNumber] drop [Name,Title,A,OrderNumber,Age]
OK || OK || [Country,Score,CustomerId] drop [Score,Country]
OK || OK || [Status,X1] drop [Status]
FAIL at insert: LiteException: request page must be less or equals lastest page  || OK || [Zip,Score,CustomerId] drop [Zip]
FAIL at update: IndexOutOfRangeException: Index was outside the bounds of the ar || OK || [Title,Status,Name] drop [Status,Name]
OK || OK || [Email,Description] drop [Email]
OK || OK || [Description,LastLogin] drop [LastLogin]
OK || OK || [X1,A,City] drop [X1,City]
OK || OK || [CreatedAt,Description,Phone,Zip] drop [Description,Phone,Zip]
OK || OK || [Description,Email,Country,Age,CustomerId] drop [Description]
OK || OK || [Status,CreatedAt,Score,Description,Country,A] drop [Description,Score,CreatedAt,Country,Status]
OK || OK || [CreatedAt,A,LongerFieldNameForIndexes] drop [A]
OK || OK || [Phone,Name,Email] drop [Name,Email]
OK || OK || [Age,Description,Zip] drop [Description,Age]
OK || OK || [LastLogin,City] drop [City]
OK || OK || [Bb,X1,City,Age,Name,CreatedAt,Zip] drop [City,Bb,CreatedAt,Name,X1,Age]
FAIL at insert: LiteException: request page must be less or equals lastest page  || OK || [Tags,OrderNumber,City,Email,Bb,CreatedAt,Status] drop [CreatedAt,Tags,OrderNumber]
FAIL at insert: LiteException: Page type must be data page: Index || OK || [LastLogin,Email,A,X1] drop [LastLogin,Email]
FAIL at update: IndexOutOfRangeException: Index was outside the bounds of the ar || OK || [Name,Score,X1,Description,Email,Age] drop [Age]
OK || OK || [Status,Country] drop [Country]
OK || OK || [X1,Title,Description,LongerFieldNameForIndexes,Email,Status,Score] drop [X1,Description,Email,Score,Title]
OK || OK || [CreatedAt,CustomerId] drop [CustomerId]
OK || OK || [Name,LastLogin,Tags,City] drop [LastLogin,Tags,Name]
OK || OK || [Title,A,CreatedAt,OrderNumber] drop [CreatedAt,Title]
OK || OK || [Country,Phone,X1,Score,CreatedAt,Tags,Zip] drop [Phone,Zip]
OK || OK || [LastLogin,Age,Email,Status,Zip] drop [Status]
OK || OK || [Status,Phone,Country,Score,A] drop [A,Score,Phone]
OK || OK || [Age,Status] drop [Status]
OK || OK || [LastLogin,Tags,Name,City,Score,CreatedAt] drop [LastLogin,Name]
FAIL at insert: LiteException: request page must be less or equals lastest page  || OK || [City,Age,CustomerId] drop [City,Age]
FAIL at insert: LiteException: Page type must be data page: Index || OK || [Phone,Description] drop [Description]
OK || OK || [Name,A,LongerFieldNameForIndexes] drop [Name]
OK || OK || [Status,LastLogin,LongerFieldNameForIndexes] drop [LastLogin]
OK || OK || [CreatedAt,Email,Country,Score,City,Description,Title] drop [Description,CreatedAt]
OK || OK || [LongerFieldNameForIndexes,X1,Bb,OrderNumber,Title] drop [X1,LongerFieldNameForIndexes,Bb]
OK || OK || [CustomerId,Phone,CreatedAt,Score,Email,City,Status] drop [CreatedAt,City,CustomerId]
OK || OK || [Bb,Email,Age,Title] drop [Title,Email]
OK || OK || [Name,Phone,Email,Country,Age] drop [Age,Email]
FAIL at insert: LiteException: request page must be less or equals lastest page  || OK || [City,A,Description,Bb,Title,X1,CreatedAt] drop [X1,City,A,Bb,Description]
FAIL at insert: LiteException: request page must be less or equals lastest page  || OK || [Tags,LongerFieldNameForIndexes,Zip,Bb,Status,City] drop [Status,LongerFieldNameForIndexes,Zip,Tags]
FAIL at update: NullReferenceException: Object reference not set to an instance  || OK || [Bb,Status,A,Phone,Country,X1] drop [Country]
OK || OK || [Description,Score] drop [Description]
OK || OK || [Score,LongerFieldNameForIndexes,CustomerId,A,Email,LastLogin] drop [Score,Email]
OK || OK || [Country,Score,Status,CreatedAt,A] drop [Score,Status,A,CreatedAt]
OK || OK || [OrderNumber,CustomerId,Phone,Country,Name,Title] drop [CustomerId,OrderNumber,Name]
OK || OK || [City,CreatedAt,Name] drop [CreatedAt,Name]
OK || OK || [Description,A,CustomerId] drop [CustomerId,Description]
OK || OK || [Description,Status,Phone,Bb,Country,Name] drop [Name,Bb,Status,Phone]
OK || OK || [LongerFieldNameForIndexes,Phone,Bb] drop [Bb]
OK || OK || [X1,City,CreatedAt,LastLogin,Zip,A] drop [CreatedAt,City,Zip,X1,A]
OK || OK || [CreatedAt,City,Email] drop [City,CreatedAt]
OK || OK || [Country,LongerFieldNameForIndexes,City,Phone,Score] drop [Country]
OK || OK || [X1,LastLogin,Description] drop [Description]
OK || OK || [OrderNumber,Bb,Phone,Email,A,Age] drop [OrderNumber]
OK || OK || [Description,Bb,A,City,Phone,Email] drop [Bb]
FAIL at insert: LiteException: request page must be less or equals lastest page  || OK || [Zip,Tags,CustomerId] drop [Zip]
FAIL at insert: LiteException: request page must be less or equals lastest page  || OK || [Title,Email,CustomerId,OrderNumber,Score,CreatedAt,Phone] drop [CustomerId,OrderNumber,Email,Phone,Title]
FAIL at insert: LiteException: request page must be less or equals lastest page  || OK || [Age,Phone,Zip,Country,Title,LongerFieldNameForIndexes,LastLogin] drop [Country,Phone,Title]
FAIL at update: NullReferenceException: Object reference not set to an instance  || OK || [CustomerId,Bb,Name] drop [CustomerId,Bb]
OK || OK || [Description,Phone,Bb,OrderNumber,Status,City] drop [City]
OK || OK || [Zip,Score,City,OrderNumber,LastLogin,X1,Phone] drop [OrderNumber,Score]
OK || OK || [Zip,Email,OrderNumber,Tags,A,Age,Name] drop [Age,A,Zip]
OK || OK || [Status,Tags,OrderNumber] drop [OrderNumber]
OK || OK || [X1,Zip,LongerFieldNameForIndexes,Email,Score] drop [Zip,X1,Score,Email]
OK || OK || [Description,CustomerId] drop [CustomerId]
OK || OK || [Score,Bb,Age,Phone,Description] drop [Score]
OK || OK || [Status,Description,OrderNumber,Bb] drop [Status,OrderNumber]
OK || OK || [Email,LongerFieldNameForIndexes,Age,Score,Zip] drop [Score,LongerFieldNameForIndexes,Zip,Email]
OK || OK || [A,Country,Tags,Bb,Score] drop [Tags,Score,Country]
OK || OK || [Status,LongerFieldNameForIndexes,Tags,X1,Name,A,Score] drop [Name,Status]
OK || OK || [Zip,Country,Score,Age,OrderNumber,LastLogin,Phone] drop [OrderNumber]
OK || OK || [OrderNumber,Email,CreatedAt,Country,A,City,Score] drop [OrderNumber,A]
OK || OK || [Title,City] drop [Title]
OK || OK || [Description,Country] drop [Description]
OK || OK || [Age,LastLogin,Bb] drop [Age]
OK || OK || [Title,City,Country,Description] drop [Country,Description,City]
OK || OK || [Bb,City,Tags,X1] drop [X1]
OK || OK || [Bb,Tags] drop [Tags]
OK || OK || [Description,X1,Phone,Status] drop [X1]
OK || OK || [Bb,Phone,Age] drop [Bb]
OK || OK || [Status,Country,Name,Age] drop [Country]
OK || OK || [Status,Email,X1,Zip,CreatedAt,OrderNumber] drop [Zip,OrderNumber,X1]
OK || OK || [OrderNumber,Description,A] drop [OrderNumber]
OK || OK || [Title,Phone] drop [Phone]
OK || OK || [Status,Score,City,LastLogin,LongerFieldNameForIndexes,OrderNumber,Country] drop [City,Country,LongerFieldNameForIndexes,Score,LastLogin]
OK || OK || [LastLogin,X1,CustomerId,Title,OrderNumber,Age,Status] drop [Title]
OK || OK || [X1,A,Title,Tags,Name,Age] drop [A,Name,X1]
OK || OK || [Tags,A,OrderNumber,Description,City,CustomerId,Zip] drop [CustomerId,OrderNumber,Zip,Tags,A,City]
OK || OK || [Description,Status,Title,Bb,Tags,CreatedAt] drop [Status,Bb,CreatedAt]
OK || OK || [LastLogin,Description] drop [Description]
OK || OK || [Score,X1,Description,Phone,LastLogin,LongerFieldNameForIndexes,Bb] drop [X1,LastLogin,LongerFieldNameForIndexes,Bb,Score]
OK || OK || [Title,Tags] drop [Title]
OK || OK || [Age,LongerFieldNameForIndexes,Zip,Tags,Name,OrderNumber] drop [Age,Name,Zip,Tags]
OK || OK || [OrderNumber,Email] drop [OrderNumber]
OK || OK || [Email,Name,City,CustomerId] drop [CustomerId,Email,City]
OK || OK || [Bb,OrderNumber,Title,Score,LastLogin] drop [Title,OrderNumber,Score]
OK || OK || [LongerFieldNameForIndexes,Email,Age,Country,LastLogin] drop [Country]
OK || OK || [Title,LongerFieldNameForIndexes] drop [LongerFieldNameForIndexes]
OK || OK || [Name,CustomerId,Country,LongerFieldNameForIndexes,City,X1,LastLogin] drop [X1,LongerFieldNameForIndexes]
OK || OK || [Zip,OrderNumber,Phone,Score,Country,Status,City] drop [Zip,Score,Phone]
OK || OK || [CustomerId,Tags,City,Zip,Age,Score,CreatedAt] drop [Age]
OK || OK || [Age,OrderNumber,CustomerId,Phone,Zip] drop [OrderNumber,Zip,CustomerId]
OK || OK || [A,Bb,CreatedAt,Title,Zip,X1,City] drop [Bb,CreatedAt,Zip,Title]
OK || OK || [A,Score,OrderNumber,Email] drop [Score,Email]
OK || OK || [Phone,City] drop [City]
OK || OK || [CreatedAt,Name] drop [Name]
OK || OK || [CreatedAt,Country,Zip,X1,LongerFieldNameForIndexes] drop [Country,Zip,X1]
OK || OK || [Description,Status,Bb] drop [Description]
OK || OK || [Zip,Name,Phone,City,Bb,Age] drop [Phone,Bb,Zip]
OK || OK || [Title,Email,LongerFieldNameForIndexes,Bb,Tags] drop [Email]
OK || OK || [Phone,Email,Title,Description,Age] drop [Age,Description,Phone,Email]
OK || OK || [Tags,Score,Email,Description] drop [Tags,Score]
OK || OK || [City,CustomerId] drop [CustomerId]
OK || OK || [CustomerId,Title,Name,Score,A,Description,City] drop [CustomerId,Score,City,Title,Name]
OK || OK || [Tags,Score,LongerFieldNameForIndexes] drop [Score,LongerFieldNameForIndexes]
OK || OK || [Email,Status,Phone,LongerFieldNameForIndexes,Score,LastLogin] drop [Phone]
OK || OK || [Status,X1,A,OrderNumber] drop [OrderNumber,Status]
OK || OK || [City,CustomerId] drop [City]
OK || OK || [Phone,Score,Age] drop [Age,Phone]
OK || OK || [CreatedAt,Age] drop [CreatedAt]
OK || OK || [Country,Email,OrderNumber,Description,City] drop [Email,Description]
OK || OK || [OrderNumber,Country,Name,Score,Description] drop [Description,OrderNumber]
OK || OK || [OrderNumber,Phone,Description,Tags] drop [Tags,OrderNumber,Phone]
OK || OK || [Bb,OrderNumber,Tags] drop [Tags]
OK || OK || [Zip,Status,LongerFieldNameForIndexes,Tags,CreatedAt,Description,Bb] drop [CreatedAt,Status,Bb,Description,LongerFieldNameForIndexes]
OK || OK || [Phone,X1,Name,Description,Email,A,CustomerId] drop [Email,Description,Name,CustomerId]
OK || OK || [LastLogin,Status] drop [LastLogin]
OK || OK || [City,CreatedAt,LongerFieldNameForIndexes,Email,Status] drop [LongerFieldNameForIndexes,CreatedAt]
OK || OK || [Name,Tags] drop [Name]
OK || OK || [LastLogin,Zip,X1,Email,Title,Name] drop [Zip,Name,X1,Email]
OK || OK || [Score,X1,Name,Zip,Phone,A,CreatedAt] drop [X1]
OK || OK || [Score,CustomerId,Description,Zip,OrderNumber,Status] drop [Description,CustomerId]
OK || OK || [OrderNumber,Age,X1,City,Score,CreatedAt] drop [OrderNumber,City,X1,Age,Score]
OK || OK || [A,Title,Country,LongerFieldNameForIndexes] drop [A]
OK || OK || [OrderNumber,Bb,X1,Country,LongerFieldNameForIndexes,Title] drop [X1]
OK || OK || [Tags,Country] drop [Country]
OK || OK || [X1,Email,CreatedAt,CustomerId] drop [Email,CreatedAt]
OK || OK || [Age,A,CustomerId,Bb,CreatedAt] drop [Bb,A,Age]
OK || OK || [LastLogin,LongerFieldNameForIndexes,Country,Zip,CreatedAt,OrderNumber,Description] drop [CreatedAt,LastLogin,OrderNumber,Description]
OK || OK || [City,CustomerId,LongerFieldNameForIndexes,Title,Name,Description] drop [Description,LongerFieldNameForIndexes]
OK || OK || [OrderNumber,Zip] drop [Zip]
OK || OK || [Bb,Score,City,LastLogin,CreatedAt] drop [City]
OK || OK || [Title,OrderNumber] drop [OrderNumber]
OK || OK || [City,A,Phone,LongerFieldNameForIndexes,Tags] drop [A]
OK || OK || [LastLogin,A,Name,Zip] drop [A,Name,LastLogin]
OK || OK || [Age,CustomerId,Tags] drop [CustomerId,Tags]
OK || OK || [City,OrderNumber,Title,Country,Email,A,CustomerId] drop [City,A,OrderNumber]
OK || OK || [Zip,CreatedAt,Bb,Tags] drop [Bb,Tags]
OK || OK || [CustomerId,X1,Bb,CreatedAt,Tags,Title] drop [Title,X1]
OK || OK || [City,Email,Title,X1] drop [City,Title]
OK || OK || [Name,X1] drop [X1]
OK || OK || [X1,Email,Zip,Tags,Phone] drop [Email,Zip]
OK || OK || [LongerFieldNameForIndexes,Name,Zip,City,Age,Tags,CreatedAt] drop [City,LongerFieldNameForIndexes,CreatedAt,Tags,Age]
OK || OK || [LongerFieldNameForIndexes,LastLogin] drop [LastLogin]
OK || OK || [Bb,Tags] drop [Bb]
OK || OK || [Description,Country] drop [Country]
OK || OK || [Status,CreatedAt,Description,A,X1,Country] drop [X1,A,Description,Status,Country]
OK || OK || [Age,X1,Title,Zip,OrderNumber,Email] drop [Age,OrderNumber,Zip,X1,Title]
OK || OK || [Status,Name,Email,CustomerId,Zip,Tags,OrderNumber] drop [Zip,Tags,Name,OrderNumber,Status]
OK || OK || [Country,Age,OrderNumber,Bb] drop [Bb,Country]
OK || OK || [Bb,Zip,Score,Status,CreatedAt,Email,A] drop [Email,CreatedAt,Status,Bb,Zip,Score]
OK || OK || [LastLogin,Phone,Age,City,A] drop [Phone,City]
OK || OK || [Age,Name,CreatedAt,Country,City,Description] drop [City,CreatedAt,Country,Name]
OK || OK || [Age,CreatedAt] drop [CreatedAt]
OK || OK || [LongerFieldNameForIndexes,CreatedAt] drop [CreatedAt]
OK || OK || [CreatedAt,LastLogin] drop [LastLogin]
OK || OK || [Phone,Age,Zip,Score,X1,LastLogin] drop [X1,LastLogin,Age]
OK || OK || [Score,Phone,Description,LongerFieldNameForIndexes,Age] drop [LongerFieldNameForIndexes,Description]
OK || OK || [Zip,LongerFieldNameForIndexes,Description] drop [Zip,LongerFieldNameForIndexes]
OK || OK || [Description,Title,Tags] drop [Title,Tags]
OK || OK || [Zip,A,Phone,Score,Country,Age,Name] drop [Phone,Name,Age,Zip,Country,Score]
OK || OK || [Status,Bb,Score,Phone,Description,Age,Zip] drop [Bb]
OK || OK || [LastLogin,City,CreatedAt,CustomerId,Name,Zip,Country] drop [CustomerId,LastLogin,Country,CreatedAt]
OK || OK || [Bb,Age,Tags,Score] drop [Age,Score,Bb]
OK || OK || [City,Bb,Description] drop [City]
OK || OK || [Country,Description,A,City] drop [A,Description,City]
OK || OK || [Score,City,Phone,Status,Title,LongerFieldNameForIndexes,Email] drop [Title,Phone,City,Score]
OK || OK || [LastLogin,Description,Phone,City] drop [LastLogin]
OK || OK || [A,X1,Name,Tags,Email,Title,Country] drop [Email,Title]
OK || OK || [CustomerId,LastLogin,CreatedAt,Status] drop [Status]
OK || OK || [Score,A] drop [A]
OK || OK || [OrderNumber,Tags,A,Status,CreatedAt] drop [Status,Tags]
OK || OK || [Zip,LastLogin,CreatedAt,Bb,Email] drop [Bb,LastLogin,Email]
OK || OK || [Status,LongerFieldNameForIndexes,Tags,Name,Score,Age] drop [Status,Name,Tags]
OK || OK || [Score,A] drop [A]
OK || OK || [OrderNumber,Status,Email,Name,Age,Zip,Title] drop [Age,Email,Zip]
OK || OK || [Zip,A,Score,OrderNumber,LastLogin,Name,Tags] drop [A,Zip,Name,OrderNumber,Score,Tags]
OK || OK || [Status,Email] drop [Email]
OK || OK || [Score,Age,City,Bb,Status] drop [Bb,City,Age]
OK || OK || [City,Phone] drop [City]
OK || OK || [CreatedAt,Description,Bb,Name] drop [Name,CreatedAt,Bb]
