trial 0 kills [1362,3263] -> ok trial.db=55042048 | child: OPENED 3171 COUNT 15000 3202 CLOSED 3252
trial 1 kills [1635] -> ok trial.db=55042048 | child: 
trial 2 kills [174] -> ok trial.db=55042048 | child: 
trial 3 kills [1538,1943] -> ok trial.db=55042048 | child: 
trial 4 kills [2026,1364,735] -> ok trial.db=55042048 | child: 
trial 5 kills [1820] -> ok trial.db=55042048 | child: 
trial 6 kills [1137,2298,926] -> ok trial.db=55050240 | child: 
trial 7 kills [2396,312] -> ok trial.db=55042048 | child: 
trial 8 kills [837,2399] -> ok trial.db=55042048 | child: 
trial 9 kills [3477,1742,305] -> ok trial.db=55042048 | child: OPENED 3043 COUNT 15000 3077 CLOSED 3132 OPENED 92 COUNT 15000 172 CLOSED 177 OPENED 96 COUNT 15000 179 CLOSED 184
trial 10 kills [3279,2719] -> ok trial.db=55042048 | child: OPENED 3204 COUNT 15000 3238 OPENED 129 COUNT 15000 210 CLOSED 267
trial 11 kills [785,1164,2985] -> ok trial.db=55042048 | child: 
trial 12 kills [1803,1424,540] -> ok trial.db=55050240 | child: 
trial 13 kills [2521,1248,3112] -> ok trial.db=55042048 | child: OPENED 3050 COUNT 15000 3082
trial 14 kills [2068,123] -> ok trial.db=55042048 | child: 
trial 15 kills [3428,2094] -> ok trial.db=55042048 | child: 
trial 16 kills [2751,2886,1440] -> ok trial.db=55042048 | child: 
trial 17 kills [1099,1162,98] -> ok trial.db=55042048 | child: 
trial 18 kills [511,196,92] -> ok trial.db=55042048 | child: 
trial 19 kills [295,3079] -> ok trial.db=55042048 | child: 
trial 20 kills [1739,3450,3010] -> ok trial.db=55042048 | child: OPENED 2969 COUNT 15000 3002 CLOSED 3056 OPENED 94 COUNT 15000 173 CLOSED 177
trial 21 kills [327,2834] -> ok trial.db=55042048 | child: 
trial 22 kills [435] -> ok trial.db=55042048 | child: 
trial 23 kills [3375,2564,2539] -> ok trial.db=55042048 | child: OPENED 3104 COUNT 15000 3140 CLOSED 3195 OPENED 99 COUNT 15000 180 CLOSED 185 OPENED 95 COUNT 15000 174 CLOSED 179
trial 24 kills [380,3032,1187] -> ok trial.db=55042048 | child: 
trial 25 kills [1711,1890] -> ok trial.db=55042048 | child: 
trial 26 kills [3332] -> ok trial.db=55042048 | child: OPENED 3145 COUNT 15000 3178 CLOSED 3236
trial 27 kills [1291,114] -> ok trial.db=55050240 | child: 
trial 28 kills [3158,2566] -> ok trial.db=55042048 | child: 
trial 29 kills [393] -> ok trial.db=55042048 | child: 
trial 30 kills [1288,1002,82] -> ok trial.db=55042048 | child: 
trial 31 kills [378,172,2829] -> ok trial.db=55042048 | child: 
trial 32 kills [1817] -> ok trial.db=55042048 | child: 
trial 33 kills [1877] -> ok trial.db=55042048 | child: 
trial 34 kills [1845,3118,2035] -> ok trial.db=55042048 | child: OPENED 3029 COUNT 15000 3062 OPENED 138 COUNT 15000 214 CLOSED 266
trial 35 kills [1028,2406] -> ok trial.db=55042048 | child: 
trial 36 kills [2509] -> ok trial.db=55042048 | child: 
trial 37 kills [3071,1904] -> ok trial.db=55042048 | child: 
trial 38 kills [2975,56,2209] -> ok trial.db=55042048 | child: 
trial 39 kills [511,668,317] -> ok trial.db=55042048 | child: 
DONE failures=0
