pr3077-shared-ordinary-read-1-0-0-before: 50972.5 ops/s, verified
pr3077-shared-ordinary-read-1-0-1-after: 51903.1 ops/s, verified
pr3077-shared-ordinary-read-1-1-0-after: 53547.7 ops/s, verified
pr3077-shared-ordinary-read-1-1-1-before: 51601.2 ops/s, verified
pr3077-shared-ordinary-read-1-2-0-before: 51051.2 ops/s, verified
pr3077-shared-ordinary-read-1-2-1-after: 52126.1 ops/s, verified
pr3077-shared-ordinary-read-1-3-0-after: 49695.7 ops/s, verified
pr3077-shared-ordinary-read-1-3-1-before: 49746.9 ops/s, verified
pr3077-shared-legacy-read-1-0-0-before: 8351.7 ops/s, verified
pr3077-shared-legacy-read-1-0-1-after: 8234.8 ops/s, verified
pr3077-shared-legacy-read-1-1-0-after: 8515.4 ops/s, verified
pr3077-shared-legacy-read-1-1-1-before: 8162.4 ops/s, verified
pr3077-shared-legacy-read-1-2-0-before: 8277.8 ops/s, verified
pr3077-shared-legacy-read-1-2-1-after: 8351.2 ops/s, verified
pr3077-shared-legacy-read-1-3-0-after: 8038.9 ops/s, verified
pr3077-shared-legacy-read-1-3-1-before: 8386.7 ops/s, verified
pr3077-shared-ordinary-open-1-0-0-before: 1410.5 ops/s, verified
pr3077-shared-ordinary-open-1-0-1-after: 1410.9 ops/s, verified
pr3077-shared-ordinary-open-1-1-0-after: 1323.8 ops/s, verified
pr3077-shared-ordinary-open-1-1-1-before: 1445.8 ops/s, verified
pr3077-shared-ordinary-open-1-2-0-before: 1390.4 ops/s, verified
pr3077-shared-ordinary-open-1-2-1-after: 1453.0 ops/s, verified
pr3077-shared-ordinary-open-1-3-0-after: 1408.5 ops/s, verified
pr3077-shared-ordinary-open-1-3-1-before: 1391.9 ops/s, verified
pr3077-direct-ordinary-read-1-0-0-before: 94604.5 ops/s, verified
pr3077-direct-ordinary-read-1-0-1-after: 92121.7 ops/s, verified
pr3077-direct-ordinary-read-1-1-0-after: 92131.0 ops/s, verified
pr3077-direct-ordinary-read-1-1-1-before: 93814.4 ops/s, verified
pr3077-direct-ordinary-read-1-2-0-before: 96933.8 ops/s, verified
pr3077-direct-ordinary-read-1-2-1-after: 98388.3 ops/s, verified
pr3077-direct-ordinary-read-1-3-0-after: 96521.6 ops/s, verified
pr3077-direct-ordinary-read-1-3-1-before: 97161.0 ops/s, verified
