{"type":"configuration","timestamp":"2026-09-30T19:01:06.5289344+00:00","payload":{"useProjectReference":false,"liteDBPackageVersion":"0.0.0-knownbad.569ba13c3b38"}}
DATABASE_ROOT __WORKSPACE__/temporary/p133-pin-proof-d184d1f268824fa982cd1cc1aa50a845
CHILD_START mode=--case scenario=write-commit path=__WORKSPACE__/temporary/p133-pin-proof-d184d1f268824fa982cd1cc1aa50a845/637fcada-0eb8-4745-adce-cb0dcc9f89cb.db encrypted=False
CHILD_RESULT mode=--case scenario=write-commit encrypted=False exit=20
LEASED_LOCAL_ANCHOR_CONFIRMED
LEASED_LOCAL_ANCHOR_CONFIRMED
CALLBACK_NATIVE_EXCLUSION_VERIFIED
PIN_WRITE_CALLBACK_ENTERED
START_PIN_NATIVE_WAIT_CONFIRMED parentWaiters>0 occupiedTurnstile nativeExcluded
CALLBACK_NATIVE_DEPENDENCY_VERIFIED
CHILD_START mode=--peer scenario= path=__WORKSPACE__/temporary/p133-pin-proof-d184d1f268824fa982cd1cc1aa50a845/637fcada-0eb8-4745-adce-cb0dcc9f89cb.db encrypted=False
CHILD_RESULT mode=--peer scenario= encrypted=False exit=10
PEER_COMMITTED
TWO_COLD_INDEXED_MODELS_VERIFIED __WORKSPACE__/temporary/p133-pin-proof-d184d1f268824fa982cd1cc1aa50a845/637fcada-0eb8-4745-adce-cb0dcc9f89cb.db
CHILD_START mode=--case scenario=write-rollback path=__WORKSPACE__/temporary/p133-pin-proof-d184d1f268824fa982cd1cc1aa50a845/e7be6fc4-feb2-4d1f-ba98-f14f7942de63.db encrypted=False
CHILD_RESULT mode=--case scenario=write-rollback encrypted=False exit=20
LEASED_LOCAL_ANCHOR_CONFIRMED
LEASED_LOCAL_ANCHOR_CONFIRMED
CALLBACK_NATIVE_EXCLUSION_VERIFIED
PIN_WRITE_CALLBACK_ENTERED
START_PIN_NATIVE_WAIT_CONFIRMED parentWaiters>0 occupiedTurnstile nativeExcluded
CALLBACK_NATIVE_DEPENDENCY_VERIFIED
CHILD_START mode=--peer scenario= path=__WORKSPACE__/temporary/p133-pin-proof-d184d1f268824fa982cd1cc1aa50a845/e7be6fc4-feb2-4d1f-ba98-f14f7942de63.db encrypted=False
CHILD_RESULT mode=--peer scenario= encrypted=False exit=10
PEER_COMMITTED
TWO_COLD_INDEXED_MODELS_VERIFIED __WORKSPACE__/temporary/p133-pin-proof-d184d1f268824fa982cd1cc1aa50a845/e7be6fc4-feb2-4d1f-ba98-f14f7942de63.db
CHILD_START mode=--control scenario=normal-pin path=__WORKSPACE__/temporary/p133-pin-proof-d184d1f268824fa982cd1cc1aa50a845/b1596055-519a-40b6-a508-afd723c7e244.db encrypted=False
CHILD_RESULT mode=--control scenario=normal-pin encrypted=False exit=10
LEASED_LOCAL_ANCHOR_CONFIRMED
PIN_OPERATION_POSITIVE_HOLDS_ZERO
CHILD_START mode=--peer scenario= path=__WORKSPACE__/temporary/p133-pin-proof-d184d1f268824fa982cd1cc1aa50a845/b1596055-519a-40b6-a508-afd723c7e244.db encrypted=False
CHILD_RESULT mode=--peer scenario= encrypted=False exit=10
PEER_COMMITTED
TWO_COLD_INDEXED_MODELS_VERIFIED __WORKSPACE__/temporary/p133-pin-proof-d184d1f268824fa982cd1cc1aa50a845/b1596055-519a-40b6-a508-afd723c7e244.db
TWO_COLD_INDEXED_MODELS_VERIFIED __WORKSPACE__/temporary/p133-pin-proof-d184d1f268824fa982cd1cc1aa50a845/b1596055-519a-40b6-a508-afd723c7e244.db.other
CONTROL_VERIFIED normal-pin
CASE_FIXED
CHILD_START mode=--control scenario=other-database path=__WORKSPACE__/temporary/p133-pin-proof-d184d1f268824fa982cd1cc1aa50a845/21fc8fac-d0cd-4846-af27-a2b75fee4ce3.db encrypted=False
CHILD_RESULT mode=--control scenario=other-database encrypted=False exit=10
LEASED_LOCAL_ANCHOR_CONFIRMED
LEASED_LOCAL_ANCHOR_CONFIRMED
PIN_OPERATION_POSITIVE_HOLDS_ZERO
CHILD_START mode=--peer scenario= path=__WORKSPACE__/temporary/p133-pin-proof-d184d1f268824fa982cd1cc1aa50a845/21fc8fac-d0cd-4846-af27-a2b75fee4ce3.db encrypted=False
CHILD_RESULT mode=--peer scenario= encrypted=False exit=10
PEER_COMMITTED
TWO_COLD_INDEXED_MODELS_VERIFIED __WORKSPACE__/temporary/p133-pin-proof-d184d1f268824fa982cd1cc1aa50a845/21fc8fac-d0cd-4846-af27-a2b75fee4ce3.db
TWO_COLD_INDEXED_MODELS_VERIFIED __WORKSPACE__/temporary/p133-pin-proof-d184d1f268824fa982cd1cc1aa50a845/21fc8fac-d0cd-4846-af27-a2b75fee4ce3.db.other
CONTROL_VERIFIED other-database
CASE_FIXED
CHILD_START mode=--control scenario=idle-handoff path=__WORKSPACE__/temporary/p133-pin-proof-d184d1f268824fa982cd1cc1aa50a845/84c3e0c8-07ee-4b1f-8539-7216206c6c91.db encrypted=False
CHILD_RESULT mode=--control scenario=idle-handoff encrypted=False exit=10
LEASED_LOCAL_ANCHOR_CONFIRMED
CHILD_START mode=--peer scenario= path=__WORKSPACE__/temporary/p133-pin-proof-d184d1f268824fa982cd1cc1aa50a845/84c3e0c8-07ee-4b1f-8539-7216206c6c91.db encrypted=False
CHILD_RESULT mode=--peer scenario= encrypted=False exit=10
PEER_COMMITTED
TWO_COLD_INDEXED_MODELS_VERIFIED __WORKSPACE__/temporary/p133-pin-proof-d184d1f268824fa982cd1cc1aa50a845/84c3e0c8-07ee-4b1f-8539-7216206c6c91.db
CONTROL_VERIFIED idle-handoff
CASE_FIXED
CHILD_START mode=--control scenario=no-anchor path=__WORKSPACE__/temporary/p133-pin-proof-d184d1f268824fa982cd1cc1aa50a845/17d90056-3d29-4c4e-81b7-74e439ec7b8d.db encrypted=False
CHILD_RESULT mode=--control scenario=no-anchor encrypted=False exit=10
CHILD_START mode=--peer scenario= path=__WORKSPACE__/temporary/p133-pin-proof-d184d1f268824fa982cd1cc1aa50a845/17d90056-3d29-4c4e-81b7-74e439ec7b8d.db encrypted=False
CHILD_RESULT mode=--peer scenario= encrypted=False exit=10
PEER_COMMITTED
TWO_COLD_INDEXED_MODELS_VERIFIED __WORKSPACE__/temporary/p133-pin-proof-d184d1f268824fa982cd1cc1aa50a845/17d90056-3d29-4c4e-81b7-74e439ec7b8d.db
TWO_COLD_INDEXED_MODELS_VERIFIED __WORKSPACE__/temporary/p133-pin-proof-d184d1f268824fa982cd1cc1aa50a845/17d90056-3d29-4c4e-81b7-74e439ec7b8d.db.other
CONTROL_VERIFIED no-anchor
CASE_FIXED
CHILD_START mode=--case scenario=write-commit path=__WORKSPACE__/temporary/p133-pin-proof-d184d1f268824fa982cd1cc1aa50a845/29aa9ff9-6277-4546-8892-dbbcd6b1c00c.db encrypted=True
CHILD_RESULT mode=--case scenario=write-commit encrypted=True exit=20
LEASED_LOCAL_ANCHOR_CONFIRMED
LEASED_LOCAL_ANCHOR_CONFIRMED
CALLBACK_NATIVE_EXCLUSION_VERIFIED
PIN_WRITE_CALLBACK_ENTERED
START_PIN_NATIVE_WAIT_CONFIRMED parentWaiters>0 occupiedTurnstile nativeExcluded
CALLBACK_NATIVE_DEPENDENCY_VERIFIED
CHILD_START mode=--peer scenario= path=__WORKSPACE__/temporary/p133-pin-proof-d184d1f268824fa982cd1cc1aa50a845/29aa9ff9-6277-4546-8892-dbbcd6b1c00c.db encrypted=True
CHILD_RESULT mode=--peer scenario= encrypted=True exit=10
PEER_COMMITTED
TWO_COLD_INDEXED_MODELS_VERIFIED __WORKSPACE__/temporary/p133-pin-proof-d184d1f268824fa982cd1cc1aa50a845/29aa9ff9-6277-4546-8892-dbbcd6b1c00c.db
CHILD_START mode=--case scenario=write-rollback path=__WORKSPACE__/temporary/p133-pin-proof-d184d1f268824fa982cd1cc1aa50a845/841e9ab0-59a8-4b3f-84bb-043d06ed59b8.db encrypted=True
CHILD_RESULT mode=--case scenario=write-rollback encrypted=True exit=20
LEASED_LOCAL_ANCHOR_CONFIRMED
LEASED_LOCAL_ANCHOR_CONFIRMED
CALLBACK_NATIVE_EXCLUSION_VERIFIED
PIN_WRITE_CALLBACK_ENTERED
START_PIN_NATIVE_WAIT_CONFIRMED parentWaiters>0 occupiedTurnstile nativeExcluded
CALLBACK_NATIVE_DEPENDENCY_VERIFIED
CHILD_START mode=--peer scenario= path=__WORKSPACE__/temporary/p133-pin-proof-d184d1f268824fa982cd1cc1aa50a845/841e9ab0-59a8-4b3f-84bb-043d06ed59b8.db encrypted=True
CHILD_RESULT mode=--peer scenario= encrypted=True exit=10
PEER_COMMITTED
TWO_COLD_INDEXED_MODELS_VERIFIED __WORKSPACE__/temporary/p133-pin-proof-d184d1f268824fa982cd1cc1aa50a845/841e9ab0-59a8-4b3f-84bb-043d06ed59b8.db
CHILD_START mode=--control scenario=normal-pin path=__WORKSPACE__/temporary/p133-pin-proof-d184d1f268824fa982cd1cc1aa50a845/6592fb54-9eff-4ae2-bffe-c35ccaf7aefe.db encrypted=True
CHILD_RESULT mode=--control scenario=normal-pin encrypted=True exit=10
LEASED_LOCAL_ANCHOR_CONFIRMED
PIN_OPERATION_POSITIVE_HOLDS_ZERO
CHILD_START mode=--peer scenario= path=__WORKSPACE__/temporary/p133-pin-proof-d184d1f268824fa982cd1cc1aa50a845/6592fb54-9eff-4ae2-bffe-c35ccaf7aefe.db encrypted=True
CHILD_RESULT mode=--peer scenario= encrypted=True exit=10
PEER_COMMITTED
TWO_COLD_INDEXED_MODELS_VERIFIED __WORKSPACE__/temporary/p133-pin-proof-d184d1f268824fa982cd1cc1aa50a845/6592fb54-9eff-4ae2-bffe-c35ccaf7aefe.db
TWO_COLD_INDEXED_MODELS_VERIFIED __WORKSPACE__/temporary/p133-pin-proof-d184d1f268824fa982cd1cc1aa50a845/6592fb54-9eff-4ae2-bffe-c35ccaf7aefe.db.other
CONTROL_VERIFIED normal-pin
CASE_FIXED
CHILD_START mode=--control scenario=other-database path=__WORKSPACE__/temporary/p133-pin-proof-d184d1f268824fa982cd1cc1aa50a845/667a4a5d-49fc-4101-b315-ae46d203bf16.db encrypted=True
CHILD_RESULT mode=--control scenario=other-database encrypted=True exit=10
LEASED_LOCAL_ANCHOR_CONFIRMED
LEASED_LOCAL_ANCHOR_CONFIRMED
PIN_OPERATION_POSITIVE_HOLDS_ZERO
CHILD_START mode=--peer scenario= path=__WORKSPACE__/temporary/p133-pin-proof-d184d1f268824fa982cd1cc1aa50a845/667a4a5d-49fc-4101-b315-ae46d203bf16.db encrypted=True
CHILD_RESULT mode=--peer scenario= encrypted=True exit=10
PEER_COMMITTED
TWO_COLD_INDEXED_MODELS_VERIFIED __WORKSPACE__/temporary/p133-pin-proof-d184d1f268824fa982cd1cc1aa50a845/667a4a5d-49fc-4101-b315-ae46d203bf16.db
TWO_COLD_INDEXED_MODELS_VERIFIED __WORKSPACE__/temporary/p133-pin-proof-d184d1f268824fa982cd1cc1aa50a845/667a4a5d-49fc-4101-b315-ae46d203bf16.db.other
CONTROL_VERIFIED other-database
CASE_FIXED
CHILD_START mode=--control scenario=idle-handoff path=__WORKSPACE__/temporary/p133-pin-proof-d184d1f268824fa982cd1cc1aa50a845/bfca3f3c-aaab-4c7d-bc59-f1178f25108e.db encrypted=True
CHILD_RESULT mode=--control scenario=idle-handoff encrypted=True exit=10
LEASED_LOCAL_ANCHOR_CONFIRMED
CHILD_START mode=--peer scenario= path=__WORKSPACE__/temporary/p133-pin-proof-d184d1f268824fa982cd1cc1aa50a845/bfca3f3c-aaab-4c7d-bc59-f1178f25108e.db encrypted=True
CHILD_RESULT mode=--peer scenario= encrypted=True exit=10
PEER_COMMITTED
TWO_COLD_INDEXED_MODELS_VERIFIED __WORKSPACE__/temporary/p133-pin-proof-d184d1f268824fa982cd1cc1aa50a845/bfca3f3c-aaab-4c7d-bc59-f1178f25108e.db
CONTROL_VERIFIED idle-handoff
CASE_FIXED
CHILD_START mode=--control scenario=no-anchor path=__WORKSPACE__/temporary/p133-pin-proof-d184d1f268824fa982cd1cc1aa50a845/3b63d686-81b6-4ab7-a8b9-9fd9c645e5b8.db encrypted=True
CHILD_RESULT mode=--control scenario=no-anchor encrypted=True exit=10
CHILD_START mode=--peer scenario= path=__WORKSPACE__/temporary/p133-pin-proof-d184d1f268824fa982cd1cc1aa50a845/3b63d686-81b6-4ab7-a8b9-9fd9c645e5b8.db encrypted=True
CHILD_RESULT mode=--peer scenario= encrypted=True exit=10
PEER_COMMITTED
TWO_COLD_INDEXED_MODELS_VERIFIED __WORKSPACE__/temporary/p133-pin-proof-d184d1f268824fa982cd1cc1aa50a845/3b63d686-81b6-4ab7-a8b9-9fd9c645e5b8.db
TWO_COLD_INDEXED_MODELS_VERIFIED __WORKSPACE__/temporary/p133-pin-proof-d184d1f268824fa982cd1cc1aa50a845/3b63d686-81b6-4ab7-a8b9-9fd9c645e5b8.db.other
CONTROL_VERIFIED no-anchor
CASE_FIXED
BUG_REPRODUCED
{"type":"result","timestamp":"2026-09-30T19:01:19.319893+00:00","text":"Native dependency cases, independent controls and cold models verified.","success":true}
