2026-09-30T10:47:04.5167963Z Current runner version: '2.337.0'
2026-09-30T10:47:04.5206545Z ##[group]Runner Image Provisioner
2026-09-30T10:47:04.5208209Z Hosted Compute Agent
2026-09-30T10:47:04.5209313Z Version: 20260901.588
2026-09-30T10:47:04.5210923Z Commit: f88ec8081b781fac6c440065ac7ff9e710ce3d0b
2026-09-30T10:47:04.5212301Z Build Date: 2026-09-01T19:56:44Z
2026-09-30T10:47:04.5213561Z Worker ID: {a36af21f-d04f-490e-8ca7-2ef588483e2d}
2026-09-30T10:47:04.5214990Z Azure Region: eastus2
2026-09-30T10:47:04.5216047Z ##[endgroup]
2026-09-30T10:47:04.5218221Z ##[group]Operating System
2026-09-30T10:47:04.5219451Z Ubuntu
2026-09-30T10:47:04.5220641Z 22.04.5
2026-09-30T10:47:04.5221711Z LTS
2026-09-30T10:47:04.5222640Z ##[endgroup]
2026-09-30T10:47:04.5223587Z ##[group]Runner Image
2026-09-30T10:47:04.5224763Z Image: ubuntu-22.04
2026-09-30T10:47:04.5225842Z Version: 20260927.309.1
2026-09-30T10:47:04.5228345Z Included Software: https://github.com/actions/runner-images/blob/ubuntu22/20260927.309/images/ubuntu/Ubuntu2204-Readme.md
2026-09-30T10:47:04.5231719Z Image Release: https://github.com/actions/runner-images/releases/tag/ubuntu22%2F20260927.309
2026-09-30T10:47:04.5233848Z ##[endgroup]
2026-09-30T10:47:04.5240036Z ##[group]GITHUB_TOKEN Permissions
2026-09-30T10:47:04.5243746Z Actions: write
2026-09-30T10:47:04.5244829Z ArtifactMetadata: write
2026-09-30T10:47:04.5246140Z Attestations: write
2026-09-30T10:47:04.5247241Z Checks: write
2026-09-30T10:47:04.5248290Z CodeQuality: write
2026-09-30T10:47:04.5249596Z Contents: write
2026-09-30T10:47:04.5250946Z CopilotRequests: write
2026-09-30T10:47:04.5252182Z Deployments: write
2026-09-30T10:47:04.5253266Z Discussions: write
2026-09-30T10:47:04.5254292Z Drives: write
2026-09-30T10:47:04.5255519Z Issues: write
2026-09-30T10:47:04.5256454Z Metadata: read
2026-09-30T10:47:04.5257666Z Models: read
2026-09-30T10:47:04.5258669Z Packages: write
2026-09-30T10:47:04.5259672Z Pages: write
2026-09-30T10:47:04.5261217Z PullRequests: write
2026-09-30T10:47:04.5262303Z RepositoryProjects: write
2026-09-30T10:47:04.5263444Z SecurityEvents: write
2026-09-30T10:47:04.5264593Z Statuses: write
2026-09-30T10:47:04.5265919Z VulnerabilityAlerts: read
2026-09-30T10:47:04.5267152Z ##[endgroup]
2026-09-30T10:47:04.5270359Z Secret source: Actions
2026-09-30T10:47:04.5271957Z Cache mode: write
2026-09-30T10:47:04.5273069Z Prepare workflow directory
2026-09-30T10:47:04.5745377Z Prepare all required actions
2026-09-30T10:47:04.5815490Z Getting action download info
2026-09-30T10:47:04.8202219Z Download action repository 'actions/checkout@v4' (SHA:11d5960a326750d5838078e36cf38b85af677262)
2026-09-30T10:47:04.9156425Z Download action repository 'actions/setup-dotnet@v4' (SHA:67a3573c9a986a3f9c594539f4ab511d57bb3ce9)
2026-09-30T10:47:05.1408055Z Download action repository 'actions/download-artifact@v4' (SHA:d3f86a106a0bac45b974a628896c90dbdf5c8093)
2026-09-30T10:47:05.3461335Z Download action repository 'actions/upload-artifact@v4' (SHA:ea165f8d65b6e75b540449e92b4886f43607fa02)
2026-09-30T10:47:05.5872725Z Uses: JKamsker/LiteDB/.github/workflows/reprorunner.yml@refs/pull/133/merge (67fd0a2bb892d86cfd7c06b2f3924a4ca31d81a6)
2026-09-30T10:47:05.5878768Z ##[group] Inputs
2026-09-30T10:47:05.5880040Z   filter: 
2026-09-30T10:47:05.5880920Z   ref: 
2026-09-30T10:47:05.5881751Z   tier: full
2026-09-30T10:47:05.5882645Z ##[endgroup]
2026-09-30T10:47:05.5884090Z Complete job name: repro-runner / Run Issue_3067_SharedPinCleanup on ubuntu-22.04
2026-09-30T10:47:05.6878571Z ##[group]Run actions/checkout@v4
2026-09-30T10:47:05.6880519Z with:
2026-09-30T10:47:05.6881492Z   ref: refs/pull/133/merge
2026-09-30T10:47:05.6882713Z   repository: JKamsker/LiteDB
2026-09-30T10:47:05.6892313Z   token: ***
2026-09-30T10:47:05.6893291Z   ssh-strict: true
2026-09-30T10:47:05.6894452Z   ssh-user: git
2026-09-30T10:47:05.6895466Z   persist-credentials: true
2026-09-30T10:47:05.6896611Z   clean: true
2026-09-30T10:47:05.6897634Z   sparse-checkout-cone-mode: true
2026-09-30T10:47:05.6898800Z   fetch-depth: 1
2026-09-30T10:47:05.6900011Z   fetch-tags: false
2026-09-30T10:47:05.6901321Z   show-progress: true
2026-09-30T10:47:05.6902424Z   lfs: false
2026-09-30T10:47:05.6903388Z   submodules: false
2026-09-30T10:47:05.6904402Z   set-safe-directory: true
2026-09-30T10:47:05.6905657Z   allow-unsafe-pr-checkout: false
2026-09-30T10:47:05.6907160Z ##[endgroup]
2026-09-30T10:47:05.8042906Z Syncing repository: JKamsker/LiteDB
2026-09-30T10:47:05.8047352Z ##[group]Getting Git version info
2026-09-30T10:47:05.8050130Z Working directory is '__CI_HOME__/work/LiteDB/LiteDB'
2026-09-30T10:47:05.8053777Z [command]/usr/bin/git version
2026-09-30T10:47:05.8096640Z git version 2.55.0
2026-09-30T10:47:05.8120201Z ##[endgroup]
2026-09-30T10:47:05.8134812Z Temporarily overriding HOME='__CI_HOME__/work/_temp/bbd0a1de-7713-4ca6-bd7b-06617241c92f' before making global git config changes
2026-09-30T10:47:05.8140135Z Adding repository directory to the temporary git global config as a safe directory
2026-09-30T10:47:05.8147741Z [command]/usr/bin/git config --global --add safe.directory __CI_WORKSPACE__
2026-09-30T10:47:05.8181403Z Deleting the contents of '__CI_HOME__/work/LiteDB/LiteDB'
2026-09-30T10:47:05.8201537Z ##[group]Initializing the repository
2026-09-30T10:47:05.8204012Z [command]/usr/bin/git init __CI_WORKSPACE__
2026-09-30T10:47:05.8340054Z hint: Using 'master' as the name for the initial branch. This default branch name
2026-09-30T10:47:05.8343684Z hint: will change to "main" in Git 3.0. To configure the initial branch name
2026-09-30T10:47:05.8347272Z hint: to use in all of your new repositories, which will suppress this warning,
2026-09-30T10:47:05.8350063Z hint: call:
2026-09-30T10:47:05.8351964Z hint:
2026-09-30T10:47:05.8354296Z hint: 	git config --global init.defaultBranch <name>
2026-09-30T10:47:05.8356250Z hint:
2026-09-30T10:47:05.8358482Z hint: Names commonly chosen instead of 'master' are 'main', 'trunk' and
2026-09-30T10:47:05.8362092Z hint: 'development'. The just-created branch can be renamed via this command:
2026-09-30T10:47:05.8364830Z hint:
2026-09-30T10:47:05.8366138Z hint: 	git branch -m <name>
2026-09-30T10:47:05.8367280Z hint:
2026-09-30T10:47:05.8368798Z hint: Disable this message with "git config set advice.defaultBranchName false"
2026-09-30T10:47:05.8371217Z Initialized empty Git repository in __CI_WORKSPACE__/.git/
2026-09-30T10:47:05.8374874Z [command]/usr/bin/git remote add origin https://github.com/JKamsker/LiteDB
2026-09-30T10:47:05.8488809Z ##[endgroup]
2026-09-30T10:47:05.8492115Z ##[group]Disabling automatic garbage collection
2026-09-30T10:47:05.8494518Z [command]/usr/bin/git config --local gc.auto 0
2026-09-30T10:47:05.8498738Z ##[endgroup]
2026-09-30T10:47:05.8501008Z ##[group]Setting up auth
2026-09-30T10:47:05.8502631Z [command]/usr/bin/git config --local --name-only --get-regexp core\.sshCommand
2026-09-30T10:47:05.8509374Z [command]/usr/bin/git submodule foreach --recursive sh -c "git config --local --name-only --get-regexp 'core\.sshCommand' && git config --local --unset-all 'core.sshCommand' || :"
2026-09-30T10:47:05.8934512Z [command]/usr/bin/git config --local --name-only --get-regexp http\.https\:\/\/github\.com\/\.extraheader
2026-09-30T10:47:05.8978906Z [command]/usr/bin/git submodule foreach --recursive sh -c "git config --local --name-only --get-regexp 'http\.https\:\/\/github\.com\/\.extraheader' && git config --local --unset-all 'http.https://github.com/.extraheader' || :"
2026-09-30T10:47:05.9257706Z [command]/usr/bin/git config --local --name-only --get-regexp ^includeIf\.gitdir:
2026-09-30T10:47:05.9298742Z [command]/usr/bin/git submodule foreach --recursive git config --local --show-origin --name-only --get-regexp remote.origin.url
2026-09-30T10:47:05.9561461Z [command]/usr/bin/git config --local http.https://github.com/.extraheader AUTHORIZATION: basic ***
2026-09-30T10:47:05.9614234Z ##[endgroup]
2026-09-30T10:47:05.9615715Z ##[group]Fetching the repository
2026-09-30T10:47:05.9622915Z [command]/usr/bin/git -c protocol.version=2 fetch --no-tags --prune --no-recurse-submodules --depth=1 origin +refs/pull/133/merge:refs/remotes/pull/133/merge
2026-09-30T10:47:06.9422529Z From https://github.com/JKamsker/LiteDB
2026-09-30T10:47:06.9423701Z  * [new ref]         refs/pull/133/merge -> pull/133/merge
2026-09-30T10:47:06.9429063Z ##[endgroup]
2026-09-30T10:47:06.9430570Z ##[group]Determining the checkout info
2026-09-30T10:47:06.9432710Z ##[endgroup]
2026-09-30T10:47:06.9439519Z [command]/usr/bin/git sparse-checkout disable
2026-09-30T10:47:06.9494127Z [command]/usr/bin/git config --local --unset-all extensions.worktreeConfig
2026-09-30T10:47:06.9533974Z ##[group]Checking out the ref
2026-09-30T10:47:06.9537715Z [command]/usr/bin/git checkout --progress --force refs/remotes/pull/133/merge
2026-09-30T10:47:07.0924991Z Note: switching to 'refs/remotes/pull/133/merge'.
2026-09-30T10:47:07.0925882Z 
2026-09-30T10:47:07.0926566Z You are in 'detached HEAD' state. You can look around, make experimental
2026-09-30T10:47:07.0927873Z changes and commit them, and you can discard any commits you make in this
2026-09-30T10:47:07.0929194Z state without impacting any branches by switching back to a branch.
2026-09-30T10:47:07.0930307Z 
2026-09-30T10:47:07.0930938Z If you want to create a new branch to retain commits you create, you may
2026-09-30T10:47:07.0940615Z do so (now or later) by using -c with the switch command. Example:
2026-09-30T10:47:07.0941590Z 
2026-09-30T10:47:07.0942202Z   git switch -c <new-branch-name>
2026-09-30T10:47:07.0942871Z 
2026-09-30T10:47:07.0943344Z Or undo this operation with:
2026-09-30T10:47:07.0943979Z 
2026-09-30T10:47:07.0944414Z   git switch -
2026-09-30T10:47:07.0944977Z 
2026-09-30T10:47:07.0945677Z Turn off this advice by setting config variable advice.detachedHead to false
2026-09-30T10:47:07.0946576Z 
2026-09-30T10:47:07.0947726Z HEAD is now at 67fd0a2 Merge 7e13e58e5f4e40642492ce768b49018e4a958c8b into 5dd942a7367c361fadd600be4ce10aace2768b27
2026-09-30T10:47:07.0951019Z ##[endgroup]
2026-09-30T10:47:07.0990671Z [command]/usr/bin/git log -1 --format=%H
2026-09-30T10:47:07.1022858Z 67fd0a2bb892d86cfd7c06b2f3924a4ca31d81a6
2026-09-30T10:47:07.1315931Z ##[group]Run actions/setup-dotnet@v4
2026-09-30T10:47:07.1316350Z with:
2026-09-30T10:47:07.1316644Z   dotnet-version: 8.0.x
2026-09-30T10:47:07.1316970Z   cache: false
2026-09-30T10:47:07.1317254Z ##[endgroup]
2026-09-30T10:47:07.2805446Z (node:2085) [DEP0040] DeprecationWarning: The `punycode` module is deprecated. Please use a userland alternative instead.
2026-09-30T10:47:07.2806394Z (Use `node --trace-deprecation ...` to show where the warning was created)
2026-09-30T10:47:07.2856755Z [command]__CI_HOME__/work/_actions/actions/setup-dotnet/v4/externals/install-dotnet.sh --skip-non-versioned-files --runtime dotnet --channel LTS
2026-09-30T10:47:07.6497547Z dotnet-install: .NET Core Runtime with version '10.0.12' is already installed.
2026-09-30T10:47:07.6526203Z [command]__CI_HOME__/work/_actions/actions/setup-dotnet/v4/externals/install-dotnet.sh --skip-non-versioned-files --channel 8.0
2026-09-30T10:47:07.9757614Z dotnet-install: .NET Core SDK with version '8.0.425' is already installed.
2026-09-30T10:47:07.9956089Z ##[group]Run actions/download-artifact@v4
2026-09-30T10:47:07.9956485Z with:
2026-09-30T10:47:07.9956686Z   name: reprorunner-cli
2026-09-30T10:47:07.9956915Z   merge-multiple: false
2026-09-30T10:47:07.9957150Z   repository: JKamsker/LiteDB
2026-09-30T10:47:07.9957391Z   run-id: 36704366871
2026-09-30T10:47:07.9957588Z env:
2026-09-30T10:47:07.9957777Z   DOTNET_ROOT: /usr/share/dotnet
2026-09-30T10:47:07.9958017Z ##[endgroup]
2026-09-30T10:47:08.1627645Z Downloading single artifact
2026-09-30T10:47:08.1761354Z (node:2278) [DEP0040] DeprecationWarning: The `punycode` module is deprecated. Please use a userland alternative instead.
2026-09-30T10:47:08.1762402Z (Use `node --trace-deprecation ...` to show where the warning was created)
2026-09-30T10:47:08.2553951Z Preparing to download the following artifacts:
2026-09-30T10:47:08.2555299Z - reprorunner-cli (ID: 11090724160, Size: 609762, Expected Digest: sha256:5e6b5ef8c6889ee503553b100e2f74e011f782ed82ae827d8fef114846153ad8)
2026-09-30T10:47:08.4437488Z Redirecting to blob download url: https://productionresultssa14.blob.core.windows.net/actions-results/10822c21-6f1b-801d-bbf9-b6a7950314c3/workflow-job-run-7d283849-09d3-5db8-8f6f-3eb136f94f44/artifacts/39c7c4ce616b9b23fee9439e3a83ee9dbc6ff20c3990796b2e7f27cad974c831.zip
2026-09-30T10:47:08.4440338Z Starting download of artifact to: __CI_WORKSPACE__
2026-09-30T10:47:08.5038206Z (node:2278) [DEP0005] DeprecationWarning: Buffer() is deprecated due to security and usability issues. Please use the Buffer.alloc(), Buffer.allocUnsafe(), or Buffer.from() methods instead.
2026-09-30T10:47:08.5312070Z SHA256 digest of downloaded artifact is 5e6b5ef8c6889ee503553b100e2f74e011f782ed82ae827d8fef114846153ad8
2026-09-30T10:47:08.5313501Z Artifact download completed successfully.
2026-09-30T10:47:08.5315548Z Total of 1 artifact(s) downloaded
2026-09-30T10:47:08.5320421Z Download artifact has finished successfully
2026-09-30T10:47:08.5464536Z ##[group]Run mkdir -p reprorunner-cli
2026-09-30T10:47:08.5464935Z [36;1mmkdir -p reprorunner-cli[0m
2026-09-30T10:47:08.5465303Z [36;1mtar -xzf reprorunner-cli.tar.gz -C reprorunner-cli[0m
2026-09-30T10:47:08.5871279Z shell: /usr/bin/bash --noprofile --norc -e -o pipefail {0}
2026-09-30T10:47:08.5871650Z env:
2026-09-30T10:47:08.5871857Z   DOTNET_ROOT: /usr/share/dotnet
2026-09-30T10:47:08.5872118Z ##[endgroup]
2026-09-30T10:47:08.6177815Z ##[group]Run set -euo pipefail
2026-09-30T10:47:08.6178148Z [36;1mset -euo pipefail[0m
2026-09-30T10:47:08.6178485Z [36;1mdotnet reprorunner-cli/LiteDB.ReproRunner.Cli.dll \[0m
2026-09-30T10:47:08.6178952Z [36;1m  run Issue_3067_SharedPinCleanup --ci --target-os "ubuntu-22.04"[0m
2026-09-30T10:47:08.6247279Z shell: /usr/bin/bash --noprofile --norc -e -o pipefail {0}
2026-09-30T10:47:08.6247620Z env:
2026-09-30T10:47:08.6247822Z   DOTNET_ROOT: /usr/share/dotnet
2026-09-30T10:47:08.6248073Z ##[endgroup]
2026-09-30T10:47:12.6787279Z Discovered repro: Issue_3067_SharedPinCleanup
2026-09-30T10:47:12.6788808Z BUILD: Starting build for 2 variants across 1 repros
2026-09-30T10:47:39.6819325Z BUILD: Build completed. Processing 2 results
2026-09-30T10:47:39.6825234Z BUILD: Package build failed for Issue_3067_SharedPinCleanup 
2026-09-30T10:47:39.6826246Z (0.0.0-knownbad.eb01f346eb7d)
2026-09-30T10:47:41.0801296Z FAIL: Issue_3067_SharedPinCleanup package - Variant did not execute.
2026-09-30T10:47:41.0830889Z Completed execution for Issue_3067_SharedPinCleanup
2026-09-30T10:47:41.0860246Z 
2026-09-30T10:47:41.1402635Z ╭─────────────────┬────────────────┬────────────────┬────────────────┬─────────╮
2026-09-30T10:47:41.1431452Z │ Repro           │ Repro Version  │ Package check  │ Source check   │ Overall │
2026-09-30T10:47:41.1461254Z ├─────────────────┼────────────────┼────────────────┼────────────────┼─────────┤
2026-09-30T10:47:41.1473083Z │ Issue_3067_Shar │ 0.0.0-knownbad │ [38;5;11m⚠️[0m no-run [2m(exp [0m │ [38;5;2m✅[0m exit 10     │ [38;5;9m❌[0m [38;5;9mred[0m  │
2026-09-30T10:47:41.1475278Z │ edPinCleanup    │ .eb01f346eb7d  │ [2mrepro)[0m         │ [2m(exp no-repro)[0m │         │
2026-09-30T10:47:41.1476742Z ╰─────────────────┴────────────────┴────────────────┴────────────────┴─────────╯
2026-09-30T10:47:41.1477358Z 
2026-09-30T10:47:41.1478379Z [38;5;9mBuild failed for Issue_3067_SharedPinCleanup (0.0.0-knownbad.eb01f346eb7d).[0m
2026-09-30T10:47:41.1479569Z   Determining projects to restore...
2026-09-30T10:47:41.1480587Z   Restored 
2026-09-30T10:47:41.1481372Z __CI_WORKSPACE__/LiteDB.ReproRunner/LiteDB.ReproRunner.Shared/Lit
2026-09-30T10:47:41.1482299Z eDB.ReproRunner.Shared.csproj (in 100 ms).
2026-09-30T10:47:41.1483389Z __CI_WORKSPACE__/LiteDB.ReproRunner/Repros/Issue_3067_SharedPinCl
2026-09-30T10:47:41.1484563Z eanup/Issue_3067_SharedPinCleanup.csproj : warning NU1603: 
2026-09-30T10:47:41.1485712Z Issue_3067_SharedPinCleanup depends on LiteDB (>= 0.0.0-knownbad.eb01f346eb7d) 
2026-09-30T10:47:41.1488174Z but LiteDB 0.0.0-knownbad.eb01f346eb7d was not found. LiteDB 0.5.0 was resolved 
2026-09-30T10:47:41.1489291Z instead.
2026-09-30T10:47:41.1490462Z __CI_WORKSPACE__/LiteDB.ReproRunner/Repros/Issue_3067_SharedPinCl
2026-09-30T10:47:41.1492287Z eanup/Issue_3067_SharedPinCleanup.csproj : warning NU1904: Package 'LiteDB' 
2026-09-30T10:47:41.1493464Z 0.5.0 has a known critical severity vulnerability, 
2026-09-30T10:47:41.1494648Z https://github.com/advisories/GHSA-3x49-g6rc-c284
2026-09-30T10:47:41.1496110Z __CI_WORKSPACE__/LiteDB.ReproRunner/Repros/Issue_3067_SharedPinCl
2026-09-30T10:47:41.1497861Z eanup/Issue_3067_SharedPinCleanup.csproj : warning NU1701: Package 'LiteDB 
2026-09-30T10:47:41.1499096Z 0.5.0' was restored using '.NETFramework,Version=v4.6.1, 
2026-09-30T10:47:41.1500437Z .NETFramework,Version=v4.6.2, .NETFramework,Version=v4.7, 
2026-09-30T10:47:41.1501780Z .NETFramework,Version=v4.7.1, .NETFramework,Version=v4.7.2, 
2026-09-30T10:47:41.1503082Z .NETFramework,Version=v4.8, .NETFramework,Version=v4.8.1' instead of the project
2026-09-30T10:47:41.1504460Z target framework 'net8.0'. This package may not be fully compatible with your 
2026-09-30T10:47:41.1505478Z project.
2026-09-30T10:47:41.1506098Z   Restored 
2026-09-30T10:47:41.1507089Z __CI_WORKSPACE__/LiteDB.ReproRunner/Repros/Issue_3067_SharedPinCl
2026-09-30T10:47:41.1508739Z eanup/Issue_3067_SharedPinCleanup.csproj (in 1.79 sec).
2026-09-30T10:47:41.1510292Z __CI_WORKSPACE__/LiteDB.ReproRunner/Repros/Issue_3067_SharedPinCl
2026-09-30T10:47:41.1511530Z eanup/Issue_3067_SharedPinCleanup.csproj : warning NU1603: 
2026-09-30T10:47:41.1512793Z Issue_3067_SharedPinCleanup depends on LiteDB (>= 0.0.0-knownbad.eb01f346eb7d) 
2026-09-30T10:47:41.1514102Z but LiteDB 0.0.0-knownbad.eb01f346eb7d was not found. LiteDB 0.5.0 was resolved 
2026-09-30T10:47:41.1515037Z instead.
2026-09-30T10:47:41.1515969Z __CI_WORKSPACE__/LiteDB.ReproRunner/Repros/Issue_3067_SharedPinCl
2026-09-30T10:47:41.1517324Z eanup/Issue_3067_SharedPinCleanup.csproj : warning NU1904: Package 'LiteDB' 
2026-09-30T10:47:41.1518424Z 0.5.0 has a known critical severity vulnerability, 
2026-09-30T10:47:41.1519321Z https://github.com/advisories/GHSA-3x49-g6rc-c284
2026-09-30T10:47:41.1520859Z __CI_WORKSPACE__/LiteDB.ReproRunner/Repros/Issue_3067_SharedPinCl
2026-09-30T10:47:41.1522208Z eanup/Issue_3067_SharedPinCleanup.csproj : warning NU1701: Package 'LiteDB 
2026-09-30T10:47:41.1523388Z 0.5.0' was restored using '.NETFramework,Version=v4.6.1, 
2026-09-30T10:47:41.1524367Z .NETFramework,Version=v4.6.2, .NETFramework,Version=v4.7, 
2026-09-30T10:47:41.1525372Z .NETFramework,Version=v4.7.1, .NETFramework,Version=v4.7.2, 
2026-09-30T10:47:41.1526558Z .NETFramework,Version=v4.8, .NETFramework,Version=v4.8.1' instead of the project
2026-09-30T10:47:41.1527825Z target framework 'net8.0'. This package may not be fully compatible with your 
2026-09-30T10:47:41.1528768Z project.
2026-09-30T10:47:41.1529367Z   LiteDB.ReproRunner.Shared -> 
2026-09-30T10:47:41.1530713Z __CI_WORKSPACE__/reprorunner-cli/runs/Issue_3067_SharedPinCleanup
2026-09-30T10:47:41.1531967Z /ver_0_0_0_knownbad_eb01f346eb7d/build/LiteDB.ReproRunner.Shared.dll
2026-09-30T10:47:41.1533185Z __CI_WORKSPACE__/LiteDB.ReproRunner/Repros/Issue_3067_SharedPinCl
2026-09-30T10:47:41.1534677Z eanup/Program.cs(3,14): error CS0234: The type or namespace name 'Engine' does 
2026-09-30T10:47:41.1536051Z not exist in the namespace 'LiteDB' (are you missing an assembly reference?) 
2026-09-30T10:47:41.1537344Z [__CI_WORKSPACE__/LiteDB.ReproRunner/Repros/Issue_3067_SharedPinC
2026-09-30T10:47:41.1538430Z leanup/Issue_3067_SharedPinCleanup.csproj]
2026-09-30T10:47:41.1539001Z 
2026-09-30T10:47:41.1539336Z Build FAILED.
2026-09-30T10:47:41.1540026Z 
2026-09-30T10:47:41.1540792Z __CI_WORKSPACE__/LiteDB.ReproRunner/Repros/Issue_3067_SharedPinCl
2026-09-30T10:47:41.1542094Z eanup/Issue_3067_SharedPinCleanup.csproj : warning NU1603: 
2026-09-30T10:47:41.1543613Z Issue_3067_SharedPinCleanup depends on LiteDB (>= 0.0.0-knownbad.eb01f346eb7d) 
2026-09-30T10:47:41.1544939Z but LiteDB 0.0.0-knownbad.eb01f346eb7d was not found. LiteDB 0.5.0 was resolved 
2026-09-30T10:47:41.1545976Z instead.
2026-09-30T10:47:41.1546956Z __CI_WORKSPACE__/LiteDB.ReproRunner/Repros/Issue_3067_SharedPinCl
2026-09-30T10:47:41.1548515Z eanup/Issue_3067_SharedPinCleanup.csproj : warning NU1904: Package 'LiteDB' 
2026-09-30T10:47:41.1550149Z 0.5.0 has a known critical severity vulnerability, 
2026-09-30T10:47:41.1551220Z https://github.com/advisories/GHSA-3x49-g6rc-c284
2026-09-30T10:47:41.1552471Z __CI_WORKSPACE__/LiteDB.ReproRunner/Repros/Issue_3067_SharedPinCl
2026-09-30T10:47:41.1553973Z eanup/Issue_3067_SharedPinCleanup.csproj : warning NU1701: Package 'LiteDB 
2026-09-30T10:47:41.1588997Z 0.5.0' was restored using '.NETFramework,Version=v4.6.1, 
2026-09-30T10:47:41.1610877Z .NETFramework,Version=v4.6.2, .NETFramework,Version=v4.7, 
2026-09-30T10:47:41.1611704Z .NETFramework,Version=v4.7.1, .NETFramework,Version=v4.7.2, 
2026-09-30T10:47:41.1615141Z .NETFramework,Version=v4.8, .NETFramework,Version=v4.8.1' instead of the project
2026-09-30T10:47:41.1616640Z target framework 'net8.0'. This package may not be fully compatible with your 
2026-09-30T10:47:41.1617437Z project.
2026-09-30T10:47:41.1618573Z __CI_WORKSPACE__/LiteDB.ReproRunner/Repros/Issue_3067_SharedPinCl
2026-09-30T10:47:41.1619625Z eanup/Issue_3067_SharedPinCleanup.csproj : warning NU1603: 
2026-09-30T10:47:41.1621093Z Issue_3067_SharedPinCleanup depends on LiteDB (>= 0.0.0-knownbad.eb01f346eb7d) 
2026-09-30T10:47:41.1622041Z but LiteDB 0.0.0-knownbad.eb01f346eb7d was not found. LiteDB 0.5.0 was resolved 
2026-09-30T10:47:41.1622706Z instead.
2026-09-30T10:47:41.1623312Z __CI_WORKSPACE__/LiteDB.ReproRunner/Repros/Issue_3067_SharedPinCl
2026-09-30T10:47:41.1624271Z eanup/Issue_3067_SharedPinCleanup.csproj : warning NU1904: Package 'LiteDB' 
2026-09-30T10:47:41.1625053Z 0.5.0 has a known critical severity vulnerability, 
2026-09-30T10:47:41.1625648Z https://github.com/advisories/GHSA-3x49-g6rc-c284
2026-09-30T10:47:41.1626480Z __CI_WORKSPACE__/LiteDB.ReproRunner/Repros/Issue_3067_SharedPinCl
2026-09-30T10:47:41.1627591Z eanup/Issue_3067_SharedPinCleanup.csproj : warning NU1701: Package 'LiteDB 
2026-09-30T10:47:41.1628532Z 0.5.0' was restored using '.NETFramework,Version=v4.6.1, 
2026-09-30T10:47:41.1629322Z .NETFramework,Version=v4.6.2, .NETFramework,Version=v4.7, 
2026-09-30T10:47:41.1630418Z .NETFramework,Version=v4.7.1, .NETFramework,Version=v4.7.2, 
2026-09-30T10:47:41.1631375Z .NETFramework,Version=v4.8, .NETFramework,Version=v4.8.1' instead of the project
2026-09-30T10:47:41.1632437Z target framework 'net8.0'. This package may not be fully compatible with your 
2026-09-30T10:47:41.1633137Z project.
2026-09-30T10:47:41.1633756Z __CI_WORKSPACE__/LiteDB.ReproRunner/Repros/Issue_3067_SharedPinCl
2026-09-30T10:47:41.1634482Z eanup/Program.cs(3,14): error CS0234: The type or namespace name 'Engine' does 
2026-09-30T10:47:41.1635044Z not exist in the namespace 'LiteDB' (are you missing an assembly reference?) 
2026-09-30T10:47:41.1635615Z [__CI_WORKSPACE__/LiteDB.ReproRunner/Repros/Issue_3067_SharedPinC
2026-09-30T10:47:41.1636075Z leanup/Issue_3067_SharedPinCleanup.csproj]
2026-09-30T10:47:41.1636365Z     6 Warning(s)
2026-09-30T10:47:41.1636558Z     1 Error(s)
2026-09-30T10:47:41.1636666Z 
2026-09-30T10:47:41.1636773Z Time Elapsed 00:00:11.09
2026-09-30T10:47:41.1636923Z 
2026-09-30T10:47:41.1646458Z ##[error]Process completed with exit code 1.
2026-09-30T10:47:41.1721253Z ##[group]Run actions/upload-artifact@v4
2026-09-30T10:47:41.1721567Z with:
2026-09-30T10:47:41.1721832Z   name: logs-Issue_3067_SharedPinCleanup-ubuntu-22.04
2026-09-30T10:47:41.1722357Z   path: artifacts
reprorunner-cli/runs
LiteDB.ReproRunner/LiteDB.ReproRunner.Cli/bin/**/runs

2026-09-30T10:47:41.1722826Z   if-no-files-found: ignore
2026-09-30T10:47:41.1723281Z   compression-level: 6
2026-09-30T10:47:41.1723508Z   overwrite: false
2026-09-30T10:47:41.1723727Z   include-hidden-files: false
2026-09-30T10:47:41.1723965Z env:
2026-09-30T10:47:41.1724160Z   DOTNET_ROOT: /usr/share/dotnet
2026-09-30T10:47:41.1724405Z ##[endgroup]
2026-09-30T10:47:41.3801078Z (node:2513) [DEP0040] DeprecationWarning: The `punycode` module is deprecated. Please use a userland alternative instead.
2026-09-30T10:47:41.3807658Z (Use `node --trace-deprecation ...` to show where the warning was created)
2026-09-30T10:47:41.4041430Z Multiple search paths detected. Calculating the least common ancestor of all paths
2026-09-30T10:47:41.4171191Z The least common ancestor is __CI_HOME__/work/LiteDB/LiteDB. This will be the root directory of the artifact
2026-09-30T10:47:41.4190509Z No files were found with the provided path: artifacts
2026-09-30T10:47:41.4220759Z reprorunner-cli/runs
2026-09-30T10:47:41.4227823Z LiteDB.ReproRunner/LiteDB.ReproRunner.Cli/bin/**/runs. No artifacts will be uploaded.
2026-09-30T10:47:41.4363537Z ##[group]Run status="failure"
2026-09-30T10:47:41.4364100Z [36;1mstatus="failure"[0m
2026-09-30T10:47:41.4364514Z [36;1m{[0m
2026-09-30T10:47:41.4365005Z [36;1m  echo "### Issue_3067_SharedPinCleanup (ubuntu-22.04)"[0m
2026-09-30T10:47:41.4365641Z [36;1m  echo "- Result: ${status}"[0m
2026-09-30T10:47:41.4366452Z [36;1m  echo "- Artifacts: logs-Issue_3067_SharedPinCleanup-ubuntu-22.04"[0m
2026-09-30T10:47:41.4367196Z [36;1m} >> "${GITHUB_STEP_SUMMARY}"[0m
2026-09-30T10:47:41.4532999Z shell: /usr/bin/bash --noprofile --norc -e -o pipefail {0}
2026-09-30T10:47:41.4533597Z env:
2026-09-30T10:47:41.4533968Z   DOTNET_ROOT: /usr/share/dotnet
2026-09-30T10:47:41.4534428Z ##[endgroup]
2026-09-30T10:47:41.5040473Z Post job cleanup.
2026-09-30T10:47:41.6080688Z [command]/usr/bin/git version
2026-09-30T10:47:41.6150571Z git version 2.55.0
2026-09-30T10:47:41.6231099Z Temporarily overriding HOME='__CI_HOME__/work/_temp/73bfede3-864d-4e36-b221-3ca10a7cdf8d' before making global git config changes
2026-09-30T10:47:41.6239619Z Adding repository directory to the temporary git global config as a safe directory
2026-09-30T10:47:41.6250913Z [command]/usr/bin/git config --global --add safe.directory __CI_WORKSPACE__
2026-09-30T10:47:41.6333060Z [command]/usr/bin/git config --local --name-only --get-regexp core\.sshCommand
2026-09-30T10:47:41.6432366Z [command]/usr/bin/git submodule foreach --recursive sh -c "git config --local --name-only --get-regexp 'core\.sshCommand' && git config --local --unset-all 'core.sshCommand' || :"
2026-09-30T10:47:41.6971942Z [command]/usr/bin/git config --local --name-only --get-regexp http\.https\:\/\/github\.com\/\.extraheader
2026-09-30T10:47:41.7000215Z http.https://github.com/.extraheader
2026-09-30T10:47:41.7040959Z [command]/usr/bin/git config --local --unset-all http.https://github.com/.extraheader
2026-09-30T10:47:41.7129919Z [command]/usr/bin/git submodule foreach --recursive sh -c "git config --local --name-only --get-regexp 'http\.https\:\/\/github\.com\/\.extraheader' && git config --local --unset-all 'http.https://github.com/.extraheader' || :"
2026-09-30T10:47:41.7672266Z [command]/usr/bin/git config --local --name-only --get-regexp ^includeIf\.gitdir:
2026-09-30T10:47:41.7731717Z [command]/usr/bin/git submodule foreach --recursive git config --local --show-origin --name-only --get-regexp remote.origin.url
2026-09-30T10:47:41.8244638Z Cleaning up orphan processes
2026-09-30T10:47:41.8585521Z Terminate orphan process: pid (2345) (VBCSCompiler)
2026-09-30T10:47:41.8609413Z Terminate orphan process: pid (2401) (dotnet)
2026-09-30T10:47:41.8631806Z Terminate orphan process: pid (2429) (dotnet)
2026-09-30T10:47:41.8653070Z Terminate orphan process: pid (2430) (dotnet)
2026-09-30T10:47:41.8664865Z ##[warning]Node.js 20 is deprecated. The following actions target Node.js 20 but are being forced to run on Node.js 24: actions/checkout@v4, actions/download-artifact@v4, actions/setup-dotnet@v4, actions/upload-artifact@v4. For more information see: https://github.blog/changelog/2025-09-19-deprecation-of-node-20-on-github-actions-runners/
