2026-09-30T10:47:11.3043874Z Current runner version: '2.337.0'
2026-09-30T10:47:11.3081578Z ##[group]Runner Image Provisioner
2026-09-30T10:47:11.3083059Z Hosted Compute Agent
2026-09-30T10:47:11.3083994Z Version: 20260828.587
2026-09-30T10:47:11.3085166Z Commit: abac92662cab4cc7352de4f9f9d2e2419aad9c29
2026-09-30T10:47:11.3086348Z Build Date: 2026-08-28T16:44:25Z
2026-09-30T10:47:11.3087653Z Worker ID: {54ad6357-edea-479d-b42f-cdc5b684c764}
2026-09-30T10:47:11.3088958Z Azure Region: centralus
2026-09-30T10:47:11.3089893Z ##[endgroup]
2026-09-30T10:47:11.3091921Z ##[group]Operating System
2026-09-30T10:47:11.3093125Z Ubuntu
2026-09-30T10:47:11.3093907Z 24.04.5
2026-09-30T10:47:11.3094755Z LTS
2026-09-30T10:47:11.3095540Z ##[endgroup]
2026-09-30T10:47:11.3096421Z ##[group]Runner Image
2026-09-30T10:47:11.3097746Z Image: ubuntu-24.04
2026-09-30T10:47:11.3098673Z Version: 20260920.314.1
2026-09-30T10:47:11.3100758Z Included Software: https://github.com/actions/runner-images/blob/ubuntu24/20260920.314/images/ubuntu/Ubuntu2404-Readme.md
2026-09-30T10:47:11.3103474Z Image Release: https://github.com/actions/runner-images/releases/tag/ubuntu24%2F20260920.314
2026-09-30T10:47:11.3105207Z ##[endgroup]
2026-09-30T10:47:11.3110400Z ##[group]GITHUB_TOKEN Permissions
2026-09-30T10:47:11.3113701Z Actions: write
2026-09-30T10:47:11.3114624Z ArtifactMetadata: write
2026-09-30T10:47:11.3115643Z Attestations: write
2026-09-30T10:47:11.3116500Z Checks: write
2026-09-30T10:47:11.3117552Z CodeQuality: write
2026-09-30T10:47:11.3118407Z Contents: write
2026-09-30T10:47:11.3119275Z CopilotRequests: write
2026-09-30T10:47:11.3120217Z Deployments: write
2026-09-30T10:47:11.3121071Z Discussions: write
2026-09-30T10:47:11.3121965Z Drives: write
2026-09-30T10:47:11.3122758Z Issues: write
2026-09-30T10:47:11.3123575Z Metadata: read
2026-09-30T10:47:11.3124588Z Models: read
2026-09-30T10:47:11.3125424Z Packages: write
2026-09-30T10:47:11.3126260Z Pages: write
2026-09-30T10:47:11.3127465Z PullRequests: write
2026-09-30T10:47:11.3128455Z RepositoryProjects: write
2026-09-30T10:47:11.3129696Z SecurityEvents: write
2026-09-30T10:47:11.3130587Z Statuses: write
2026-09-30T10:47:11.3131427Z VulnerabilityAlerts: read
2026-09-30T10:47:11.3132454Z ##[endgroup]
2026-09-30T10:47:11.3135600Z Secret source: Actions
2026-09-30T10:47:11.3137443Z Cache mode: write
2026-09-30T10:47:11.3139037Z Prepare workflow directory
2026-09-30T10:47:11.3506321Z Prepare all required actions
2026-09-30T10:47:11.3563385Z Getting action download info
2026-09-30T10:47:11.6778503Z Download action repository 'actions/checkout@v4' (SHA:11d5960a326750d5838078e36cf38b85af677262)
2026-09-30T10:47:11.7644482Z Download action repository 'actions/setup-dotnet@v4' (SHA:67a3573c9a986a3f9c594539f4ab511d57bb3ce9)
2026-09-30T10:47:12.2832193Z Download action repository 'actions/download-artifact@v4' (SHA:d3f86a106a0bac45b974a628896c90dbdf5c8093)
2026-09-30T10:47:12.7729553Z Download action repository 'actions/upload-artifact@v4' (SHA:ea165f8d65b6e75b540449e92b4886f43607fa02)
2026-09-30T10:47:13.0052982Z Uses: JKamsker/LiteDB/.github/workflows/reprorunner.yml@refs/pull/133/merge (67fd0a2bb892d86cfd7c06b2f3924a4ca31d81a6)
2026-09-30T10:47:13.0059441Z ##[group] Inputs
2026-09-30T10:47:13.0060463Z   filter: 
2026-09-30T10:47:13.0061329Z   ref: 
2026-09-30T10:47:13.0062169Z   tier: full
2026-09-30T10:47:13.0063057Z ##[endgroup]
2026-09-30T10:47:13.0064494Z Complete job name: repro-runner / Run Issue_3067_SharedPinCleanup on ubuntu-24.04
2026-09-30T10:47:13.1030279Z ##[group]Run actions/checkout@v4
2026-09-30T10:47:13.1031690Z with:
2026-09-30T10:47:13.1032566Z   ref: refs/pull/133/merge
2026-09-30T10:47:13.1033617Z   repository: JKamsker/LiteDB
2026-09-30T10:47:13.1041944Z   token: ***
2026-09-30T10:47:13.1042853Z   ssh-strict: true
2026-09-30T10:47:13.1043777Z   ssh-user: git
2026-09-30T10:47:13.1044710Z   persist-credentials: true
2026-09-30T10:47:13.1045739Z   clean: true
2026-09-30T10:47:13.1046675Z   sparse-checkout-cone-mode: true
2026-09-30T10:47:13.1047886Z   fetch-depth: 1
2026-09-30T10:47:13.1048804Z   fetch-tags: false
2026-09-30T10:47:13.1050053Z   show-progress: true
2026-09-30T10:47:13.1050988Z   lfs: false
2026-09-30T10:47:13.1051861Z   submodules: false
2026-09-30T10:47:13.1052815Z   set-safe-directory: true
2026-09-30T10:47:13.1053866Z   allow-unsafe-pr-checkout: false
2026-09-30T10:47:13.1055264Z ##[endgroup]
2026-09-30T10:47:13.2135724Z Syncing repository: JKamsker/LiteDB
2026-09-30T10:47:13.2139131Z ##[group]Getting Git version info
2026-09-30T10:47:13.2140514Z Working directory is '__CI_HOME__/work/LiteDB/LiteDB'
2026-09-30T10:47:13.2142539Z [command]/usr/bin/git version
2026-09-30T10:47:13.2208256Z git version 2.55.0
2026-09-30T10:47:13.2230248Z ##[endgroup]
2026-09-30T10:47:13.2249916Z Temporarily overriding HOME='__CI_HOME__/work/_temp/c4e8f54e-fdb0-4e5b-ab28-a3c1c1d502e4' before making global git config changes
2026-09-30T10:47:13.2254719Z Adding repository directory to the temporary git global config as a safe directory
2026-09-30T10:47:13.2258927Z [command]/usr/bin/git config --global --add safe.directory __CI_WORKSPACE__
2026-09-30T10:47:13.2313343Z Deleting the contents of '__CI_HOME__/work/LiteDB/LiteDB'
2026-09-30T10:47:13.2318249Z ##[group]Initializing the repository
2026-09-30T10:47:13.2323418Z [command]/usr/bin/git init __CI_WORKSPACE__
2026-09-30T10:47:13.2428840Z hint: Using 'master' as the name for the initial branch. This default branch name
2026-09-30T10:47:13.2432006Z hint: will change to "main" in Git 3.0. To configure the initial branch name
2026-09-30T10:47:13.2434995Z hint: to use in all of your new repositories, which will suppress this warning,
2026-09-30T10:47:13.2437489Z hint: call:
2026-09-30T10:47:13.2438742Z hint:
2026-09-30T10:47:13.2440268Z hint: 	git config --global init.defaultBranch <name>
2026-09-30T10:47:13.2442152Z hint:
2026-09-30T10:47:13.2443924Z hint: Names commonly chosen instead of 'master' are 'main', 'trunk' and
2026-09-30T10:47:13.2446867Z hint: 'development'. The just-created branch can be renamed via this command:
2026-09-30T10:47:13.2449360Z hint:
2026-09-30T10:47:13.2450607Z hint: 	git branch -m <name>
2026-09-30T10:47:13.2452053Z hint:
2026-09-30T10:47:13.2454106Z hint: Disable this message with "git config set advice.defaultBranchName false"
2026-09-30T10:47:13.2457476Z Initialized empty Git repository in __CI_WORKSPACE__/.git/
2026-09-30T10:47:13.2462521Z [command]/usr/bin/git remote add origin https://github.com/JKamsker/LiteDB
2026-09-30T10:47:13.2514596Z ##[endgroup]
2026-09-30T10:47:13.2517182Z ##[group]Disabling automatic garbage collection
2026-09-30T10:47:13.2519288Z [command]/usr/bin/git config --local gc.auto 0
2026-09-30T10:47:13.2559152Z ##[endgroup]
2026-09-30T10:47:13.2561408Z ##[group]Setting up auth
2026-09-30T10:47:13.2565746Z [command]/usr/bin/git config --local --name-only --get-regexp core\.sshCommand
2026-09-30T10:47:13.2604716Z [command]/usr/bin/git submodule foreach --recursive sh -c "git config --local --name-only --get-regexp 'core\.sshCommand' && git config --local --unset-all 'core.sshCommand' || :"
2026-09-30T10:47:13.3009202Z [command]/usr/bin/git config --local --name-only --get-regexp http\.https\:\/\/github\.com\/\.extraheader
2026-09-30T10:47:13.3053584Z [command]/usr/bin/git submodule foreach --recursive sh -c "git config --local --name-only --get-regexp 'http\.https\:\/\/github\.com\/\.extraheader' && git config --local --unset-all 'http.https://github.com/.extraheader' || :"
2026-09-30T10:47:13.3322636Z [command]/usr/bin/git config --local --name-only --get-regexp ^includeIf\.gitdir:
2026-09-30T10:47:13.3366318Z [command]/usr/bin/git submodule foreach --recursive git config --local --show-origin --name-only --get-regexp remote.origin.url
2026-09-30T10:47:13.3638961Z [command]/usr/bin/git config --local http.https://github.com/.extraheader AUTHORIZATION: basic ***
2026-09-30T10:47:13.3695757Z ##[endgroup]
2026-09-30T10:47:13.3697530Z ##[group]Fetching the repository
2026-09-30T10:47:13.3709382Z [command]/usr/bin/git -c protocol.version=2 fetch --no-tags --prune --no-recurse-submodules --depth=1 origin +refs/pull/133/merge:refs/remotes/pull/133/merge
2026-09-30T10:47:14.6586681Z From https://github.com/JKamsker/LiteDB
2026-09-30T10:47:14.6589417Z  * [new ref]         refs/pull/133/merge -> pull/133/merge
2026-09-30T10:47:14.6593048Z ##[endgroup]
2026-09-30T10:47:14.6593782Z ##[group]Determining the checkout info
2026-09-30T10:47:14.6594633Z ##[endgroup]
2026-09-30T10:47:14.6599087Z [command]/usr/bin/git sparse-checkout disable
2026-09-30T10:47:14.6651331Z [command]/usr/bin/git config --local --unset-all extensions.worktreeConfig
2026-09-30T10:47:14.6684678Z ##[group]Checking out the ref
2026-09-30T10:47:14.6688458Z [command]/usr/bin/git checkout --progress --force refs/remotes/pull/133/merge
2026-09-30T10:47:14.7991540Z Note: switching to 'refs/remotes/pull/133/merge'.
2026-09-30T10:47:14.7992129Z 
2026-09-30T10:47:14.7992520Z You are in 'detached HEAD' state. You can look around, make experimental
2026-09-30T10:47:14.7993377Z changes and commit them, and you can discard any commits you make in this
2026-09-30T10:47:14.7994286Z state without impacting any branches by switching back to a branch.
2026-09-30T10:47:14.7994648Z 
2026-09-30T10:47:14.7994940Z If you want to create a new branch to retain commits you create, you may
2026-09-30T10:47:14.7995490Z do so (now or later) by using -c with the switch command. Example:
2026-09-30T10:47:14.7995802Z 
2026-09-30T10:47:14.7995968Z   git switch -c <new-branch-name>
2026-09-30T10:47:14.7996173Z 
2026-09-30T10:47:14.7996320Z Or undo this operation with:
2026-09-30T10:47:14.7996516Z 
2026-09-30T10:47:14.7996651Z   git switch -
2026-09-30T10:47:14.7996842Z 
2026-09-30T10:47:14.7997342Z Turn off this advice by setting config variable advice.detachedHead to false
2026-09-30T10:47:14.7997690Z 
2026-09-30T10:47:14.7998075Z HEAD is now at 67fd0a2 Merge 7e13e58e5f4e40642492ce768b49018e4a958c8b into 5dd942a7367c361fadd600be4ce10aace2768b27
2026-09-30T10:47:14.8012260Z ##[endgroup]
2026-09-30T10:47:14.8062112Z [command]/usr/bin/git log -1 --format=%H
2026-09-30T10:47:14.8093976Z 67fd0a2bb892d86cfd7c06b2f3924a4ca31d81a6
2026-09-30T10:47:14.8391336Z ##[group]Run actions/setup-dotnet@v4
2026-09-30T10:47:14.8391721Z with:
2026-09-30T10:47:14.8392009Z   dotnet-version: 8.0.x
2026-09-30T10:47:14.8392315Z   cache: false
2026-09-30T10:47:14.8392585Z ##[endgroup]
2026-09-30T10:47:14.9836003Z (node:2250) [DEP0040] DeprecationWarning: The `punycode` module is deprecated. Please use a userland alternative instead.
2026-09-30T10:47:14.9892054Z (Use `node --trace-deprecation ...` to show where the warning was created)
2026-09-30T10:47:14.9893484Z [command]__CI_HOME__/work/_actions/actions/setup-dotnet/v4/externals/install-dotnet.sh --skip-non-versioned-files --runtime dotnet --channel LTS
2026-09-30T10:47:15.3895783Z dotnet-install: .NET Core Runtime with version '10.0.12' is already installed.
2026-09-30T10:47:15.3919494Z [command]__CI_HOME__/work/_actions/actions/setup-dotnet/v4/externals/install-dotnet.sh --skip-non-versioned-files --channel 8.0
2026-09-30T10:47:15.7585808Z dotnet-install: .NET Core SDK with version '8.0.425' is already installed.
2026-09-30T10:47:15.7785303Z ##[group]Run actions/download-artifact@v4
2026-09-30T10:47:15.7785625Z with:
2026-09-30T10:47:15.7785852Z   name: reprorunner-cli
2026-09-30T10:47:15.7786110Z   merge-multiple: false
2026-09-30T10:47:15.7786365Z   repository: JKamsker/LiteDB
2026-09-30T10:47:15.7786626Z   run-id: 36704366871
2026-09-30T10:47:15.7786852Z env:
2026-09-30T10:47:15.7787335Z   DOTNET_ROOT: /usr/share/dotnet
2026-09-30T10:47:15.7787639Z ##[endgroup]
2026-09-30T10:47:15.9360530Z Downloading single artifact
2026-09-30T10:47:15.9493720Z (node:2442) [DEP0040] DeprecationWarning: The `punycode` module is deprecated. Please use a userland alternative instead.
2026-09-30T10:47:15.9494980Z (Use `node --trace-deprecation ...` to show where the warning was created)
2026-09-30T10:47:16.0948545Z Preparing to download the following artifacts:
2026-09-30T10:47:16.0949533Z - reprorunner-cli (ID: 11090724160, Size: 609762, Expected Digest: sha256:5e6b5ef8c6889ee503553b100e2f74e011f782ed82ae827d8fef114846153ad8)
2026-09-30T10:47:16.2524655Z Redirecting to blob download url: https://productionresultssa14.blob.core.windows.net/actions-results/10822c21-6f1b-801d-bbf9-b6a7950314c3/workflow-job-run-7d283849-09d3-5db8-8f6f-3eb136f94f44/artifacts/39c7c4ce616b9b23fee9439e3a83ee9dbc6ff20c3990796b2e7f27cad974c831.zip
2026-09-30T10:47:16.2526676Z Starting download of artifact to: __CI_WORKSPACE__
2026-09-30T10:47:16.3948764Z (node:2442) [DEP0005] DeprecationWarning: Buffer() is deprecated due to security and usability issues. Please use the Buffer.alloc(), Buffer.allocUnsafe(), or Buffer.from() methods instead.
2026-09-30T10:47:16.5316531Z SHA256 digest of downloaded artifact is 5e6b5ef8c6889ee503553b100e2f74e011f782ed82ae827d8fef114846153ad8
2026-09-30T10:47:16.5317566Z Artifact download completed successfully.
2026-09-30T10:47:16.5318294Z Total of 1 artifact(s) downloaded
2026-09-30T10:47:16.5324072Z Download artifact has finished successfully
2026-09-30T10:47:16.5469050Z ##[group]Run mkdir -p reprorunner-cli
2026-09-30T10:47:16.5469474Z [36;1mmkdir -p reprorunner-cli[0m
2026-09-30T10:47:16.5469858Z [36;1mtar -xzf reprorunner-cli.tar.gz -C reprorunner-cli[0m
2026-09-30T10:47:16.5740421Z shell: /usr/bin/bash --noprofile --norc -e -o pipefail {0}
2026-09-30T10:47:16.5740813Z env:
2026-09-30T10:47:16.5741036Z   DOTNET_ROOT: /usr/share/dotnet
2026-09-30T10:47:16.5741304Z ##[endgroup]
2026-09-30T10:47:16.6064636Z ##[group]Run set -euo pipefail
2026-09-30T10:47:16.6065004Z [36;1mset -euo pipefail[0m
2026-09-30T10:47:16.6065351Z [36;1mdotnet reprorunner-cli/LiteDB.ReproRunner.Cli.dll \[0m
2026-09-30T10:47:16.6065830Z [36;1m  run Issue_3067_SharedPinCleanup --ci --target-os "ubuntu-24.04"[0m
2026-09-30T10:47:16.6136590Z shell: /usr/bin/bash --noprofile --norc -e -o pipefail {0}
2026-09-30T10:47:16.6136945Z env:
2026-09-30T10:47:16.6137417Z   DOTNET_ROOT: /usr/share/dotnet
2026-09-30T10:47:16.6137682Z ##[endgroup]
2026-09-30T10:47:18.3214700Z Discovered repro: Issue_3067_SharedPinCleanup
2026-09-30T10:47:18.3217446Z BUILD: Starting build for 2 variants across 1 repros
2026-09-30T10:47:40.8265388Z BUILD: Build completed. Processing 2 results
2026-09-30T10:47:40.8274914Z BUILD: Package build failed for Issue_3067_SharedPinCleanup 
2026-09-30T10:47:40.8277601Z (0.0.0-knownbad.eb01f346eb7d)
2026-09-30T10:47:41.8205899Z FAIL: Issue_3067_SharedPinCleanup package - Variant did not execute.
2026-09-30T10:47:41.8238927Z Completed execution for Issue_3067_SharedPinCleanup
2026-09-30T10:47:41.8245687Z 
2026-09-30T10:47:41.8782148Z ╭─────────────────┬────────────────┬────────────────┬────────────────┬─────────╮
2026-09-30T10:47:41.8783851Z │ Repro           │ Repro Version  │ Package check  │ Source check   │ Overall │
2026-09-30T10:47:41.8785400Z ├─────────────────┼────────────────┼────────────────┼────────────────┼─────────┤
2026-09-30T10:47:41.8787526Z │ Issue_3067_Shar │ 0.0.0-knownbad │ [38;5;11m⚠️[0m no-run [2m(exp [0m │ [38;5;2m✅[0m exit 10     │ [38;5;9m❌[0m [38;5;9mred[0m  │
2026-09-30T10:47:41.8789612Z │ edPinCleanup    │ .eb01f346eb7d  │ [2mrepro)[0m         │ [2m(exp no-repro)[0m │         │
2026-09-30T10:47:41.8791171Z ╰─────────────────┴────────────────┴────────────────┴────────────────┴─────────╯
2026-09-30T10:47:41.8815634Z 
2026-09-30T10:47:41.8816766Z [38;5;9mBuild failed for Issue_3067_SharedPinCleanup (0.0.0-knownbad.eb01f346eb7d).[0m
2026-09-30T10:47:41.8818235Z   Determining projects to restore...
2026-09-30T10:47:41.8818916Z   Restored 
2026-09-30T10:47:41.8819946Z __CI_WORKSPACE__/LiteDB.ReproRunner/LiteDB.ReproRunner.Shared/Lit
2026-09-30T10:47:41.8824154Z eDB.ReproRunner.Shared.csproj (in 96 ms).
2026-09-30T10:47:41.8831014Z __CI_WORKSPACE__/LiteDB.ReproRunner/Repros/Issue_3067_SharedPinCl
2026-09-30T10:47:41.8849604Z eanup/Issue_3067_SharedPinCleanup.csproj : warning NU1603: 
2026-09-30T10:47:41.8850788Z Issue_3067_SharedPinCleanup depends on LiteDB (>= 0.0.0-knownbad.eb01f346eb7d) 
2026-09-30T10:47:41.8852444Z but LiteDB 0.0.0-knownbad.eb01f346eb7d was not found. LiteDB 0.5.0 was resolved 
2026-09-30T10:47:41.8853494Z instead.
2026-09-30T10:47:41.8854493Z __CI_WORKSPACE__/LiteDB.ReproRunner/Repros/Issue_3067_SharedPinCl
2026-09-30T10:47:41.8860407Z eanup/Issue_3067_SharedPinCleanup.csproj : warning NU1904: Package 'LiteDB' 
2026-09-30T10:47:41.8861474Z 0.5.0 has a known critical severity vulnerability, 
2026-09-30T10:47:41.8862353Z https://github.com/advisories/GHSA-3x49-g6rc-c284
2026-09-30T10:47:41.8863399Z __CI_WORKSPACE__/LiteDB.ReproRunner/Repros/Issue_3067_SharedPinCl
2026-09-30T10:47:41.8864546Z eanup/Issue_3067_SharedPinCleanup.csproj : warning NU1701: Package 'LiteDB 
2026-09-30T10:47:41.8865537Z 0.5.0' was restored using '.NETFramework,Version=v4.6.1, 
2026-09-30T10:47:41.8866362Z .NETFramework,Version=v4.6.2, .NETFramework,Version=v4.7, 
2026-09-30T10:47:41.8867615Z .NETFramework,Version=v4.7.1, .NETFramework,Version=v4.7.2, 
2026-09-30T10:47:41.8868599Z .NETFramework,Version=v4.8, .NETFramework,Version=v4.8.1' instead of the project
2026-09-30T10:47:41.8869775Z target framework 'net8.0'. This package may not be fully compatible with your 
2026-09-30T10:47:41.8870577Z project.
2026-09-30T10:47:41.8871047Z   Restored 
2026-09-30T10:47:41.8871825Z __CI_WORKSPACE__/LiteDB.ReproRunner/Repros/Issue_3067_SharedPinCl
2026-09-30T10:47:41.8873278Z eanup/Issue_3067_SharedPinCleanup.csproj (in 740 ms).
2026-09-30T10:47:41.8874321Z __CI_WORKSPACE__/LiteDB.ReproRunner/Repros/Issue_3067_SharedPinCl
2026-09-30T10:47:41.8875386Z eanup/Issue_3067_SharedPinCleanup.csproj : warning NU1603: 
2026-09-30T10:47:41.8876435Z Issue_3067_SharedPinCleanup depends on LiteDB (>= 0.0.0-knownbad.eb01f346eb7d) 
2026-09-30T10:47:41.8877926Z but LiteDB 0.0.0-knownbad.eb01f346eb7d was not found. LiteDB 0.5.0 was resolved 
2026-09-30T10:47:41.8878645Z instead.
2026-09-30T10:47:41.8879272Z __CI_WORKSPACE__/LiteDB.ReproRunner/Repros/Issue_3067_SharedPinCl
2026-09-30T10:47:41.8880207Z eanup/Issue_3067_SharedPinCleanup.csproj : warning NU1904: Package 'LiteDB' 
2026-09-30T10:47:41.8880956Z 0.5.0 has a known critical severity vulnerability, 
2026-09-30T10:47:41.8881578Z https://github.com/advisories/GHSA-3x49-g6rc-c284
2026-09-30T10:47:41.8882387Z __CI_WORKSPACE__/LiteDB.ReproRunner/Repros/Issue_3067_SharedPinCl
2026-09-30T10:47:41.8883339Z eanup/Issue_3067_SharedPinCleanup.csproj : warning NU1701: Package 'LiteDB 
2026-09-30T10:47:41.8884100Z 0.5.0' was restored using '.NETFramework,Version=v4.6.1, 
2026-09-30T10:47:41.8884801Z .NETFramework,Version=v4.6.2, .NETFramework,Version=v4.7, 
2026-09-30T10:47:41.8885527Z .NETFramework,Version=v4.7.1, .NETFramework,Version=v4.7.2, 
2026-09-30T10:47:41.8886378Z .NETFramework,Version=v4.8, .NETFramework,Version=v4.8.1' instead of the project
2026-09-30T10:47:41.8887524Z target framework 'net8.0'. This package may not be fully compatible with your 
2026-09-30T10:47:41.8888171Z project.
2026-09-30T10:47:41.8888521Z   LiteDB.ReproRunner.Shared -> 
2026-09-30T10:47:41.8889265Z __CI_WORKSPACE__/reprorunner-cli/runs/Issue_3067_SharedPinCleanup
2026-09-30T10:47:41.8890154Z /ver_0_0_0_knownbad_eb01f346eb7d/build/LiteDB.ReproRunner.Shared.dll
2026-09-30T10:47:41.8891050Z __CI_WORKSPACE__/LiteDB.ReproRunner/Repros/Issue_3067_SharedPinCl
2026-09-30T10:47:41.8892197Z eanup/Program.cs(3,14): error CS0234: The type or namespace name 'Engine' does 
2026-09-30T10:47:41.8893177Z not exist in the namespace 'LiteDB' (are you missing an assembly reference?) 
2026-09-30T10:47:41.8894164Z [__CI_WORKSPACE__/LiteDB.ReproRunner/Repros/Issue_3067_SharedPinC
2026-09-30T10:47:41.8894925Z leanup/Issue_3067_SharedPinCleanup.csproj]
2026-09-30T10:47:41.8895249Z 
2026-09-30T10:47:41.8895393Z Build FAILED.
2026-09-30T10:47:41.8895590Z 
2026-09-30T10:47:41.8896033Z __CI_WORKSPACE__/LiteDB.ReproRunner/Repros/Issue_3067_SharedPinCl
2026-09-30T10:47:41.8896908Z eanup/Issue_3067_SharedPinCleanup.csproj : warning NU1603: 
2026-09-30T10:47:41.8898285Z Issue_3067_SharedPinCleanup depends on LiteDB (>= 0.0.0-knownbad.eb01f346eb7d) 
2026-09-30T10:47:41.8899255Z but LiteDB 0.0.0-knownbad.eb01f346eb7d was not found. LiteDB 0.5.0 was resolved 
2026-09-30T10:47:41.8899895Z instead.
2026-09-30T10:47:41.8900511Z __CI_WORKSPACE__/LiteDB.ReproRunner/Repros/Issue_3067_SharedPinCl
2026-09-30T10:47:41.8901495Z eanup/Issue_3067_SharedPinCleanup.csproj : warning NU1904: Package 'LiteDB' 
2026-09-30T10:47:41.8902280Z 0.5.0 has a known critical severity vulnerability, 
2026-09-30T10:47:41.8902926Z https://github.com/advisories/GHSA-3x49-g6rc-c284
2026-09-30T10:47:41.8903772Z __CI_WORKSPACE__/LiteDB.ReproRunner/Repros/Issue_3067_SharedPinCl
2026-09-30T10:47:41.8904740Z eanup/Issue_3067_SharedPinCleanup.csproj : warning NU1701: Package 'LiteDB 
2026-09-30T10:47:41.8905540Z 0.5.0' was restored using '.NETFramework,Version=v4.6.1, 
2026-09-30T10:47:41.8906247Z .NETFramework,Version=v4.6.2, .NETFramework,Version=v4.7, 
2026-09-30T10:47:41.8908581Z .NETFramework,Version=v4.7.1, .NETFramework,Version=v4.7.2, 
2026-09-30T10:47:41.8909757Z .NETFramework,Version=v4.8, .NETFramework,Version=v4.8.1' instead of the project
2026-09-30T10:47:41.8910843Z target framework 'net8.0'. This package may not be fully compatible with your 
2026-09-30T10:47:41.8911495Z project.
2026-09-30T10:47:41.8912405Z __CI_WORKSPACE__/LiteDB.ReproRunner/Repros/Issue_3067_SharedPinCl
2026-09-30T10:47:41.8913283Z eanup/Issue_3067_SharedPinCleanup.csproj : warning NU1603: 
2026-09-30T10:47:41.8914281Z Issue_3067_SharedPinCleanup depends on LiteDB (>= 0.0.0-knownbad.eb01f346eb7d) 
2026-09-30T10:47:41.8915419Z but LiteDB 0.0.0-knownbad.eb01f346eb7d was not found. LiteDB 0.5.0 was resolved 
2026-09-30T10:47:41.8916057Z instead.
2026-09-30T10:47:41.8916766Z __CI_WORKSPACE__/LiteDB.ReproRunner/Repros/Issue_3067_SharedPinCl
2026-09-30T10:47:41.8918121Z eanup/Issue_3067_SharedPinCleanup.csproj : warning NU1904: Package 'LiteDB' 
2026-09-30T10:47:41.8918963Z 0.5.0 has a known critical severity vulnerability, 
2026-09-30T10:47:41.8919553Z https://github.com/advisories/GHSA-3x49-g6rc-c284
2026-09-30T10:47:41.8920544Z __CI_WORKSPACE__/LiteDB.ReproRunner/Repros/Issue_3067_SharedPinCl
2026-09-30T10:47:41.8921586Z eanup/Issue_3067_SharedPinCleanup.csproj : warning NU1701: Package 'LiteDB 
2026-09-30T10:47:41.8922490Z 0.5.0' was restored using '.NETFramework,Version=v4.6.1, 
2026-09-30T10:47:41.8923147Z .NETFramework,Version=v4.6.2, .NETFramework,Version=v4.7, 
2026-09-30T10:47:41.8923858Z .NETFramework,Version=v4.7.1, .NETFramework,Version=v4.7.2, 
2026-09-30T10:47:41.8924808Z .NETFramework,Version=v4.8, .NETFramework,Version=v4.8.1' instead of the project
2026-09-30T10:47:41.8925828Z target framework 'net8.0'. This package may not be fully compatible with your 
2026-09-30T10:47:41.8926434Z project.
2026-09-30T10:47:41.8927471Z __CI_WORKSPACE__/LiteDB.ReproRunner/Repros/Issue_3067_SharedPinCl
2026-09-30T10:47:41.8928593Z eanup/Program.cs(3,14): error CS0234: The type or namespace name 'Engine' does 
2026-09-30T10:47:41.8929511Z not exist in the namespace 'LiteDB' (are you missing an assembly reference?) 
2026-09-30T10:47:41.8930425Z [__CI_WORKSPACE__/LiteDB.ReproRunner/Repros/Issue_3067_SharedPinC
2026-09-30T10:47:41.8931157Z leanup/Issue_3067_SharedPinCleanup.csproj]
2026-09-30T10:47:41.8931596Z     6 Warning(s)
2026-09-30T10:47:41.8931910Z     1 Error(s)
2026-09-30T10:47:41.8932093Z 
2026-09-30T10:47:41.8932256Z Time Elapsed 00:00:07.25
2026-09-30T10:47:41.8932496Z 
2026-09-30T10:47:41.9089010Z ##[error]Process completed with exit code 1.
2026-09-30T10:47:41.9247591Z ##[group]Run actions/upload-artifact@v4
2026-09-30T10:47:41.9248094Z with:
2026-09-30T10:47:41.9248504Z   name: logs-Issue_3067_SharedPinCleanup-ubuntu-24.04
2026-09-30T10:47:41.9249317Z   path: artifacts
reprorunner-cli/runs
LiteDB.ReproRunner/LiteDB.ReproRunner.Cli/bin/**/runs

2026-09-30T10:47:41.9250102Z   if-no-files-found: ignore
2026-09-30T10:47:41.9250806Z   compression-level: 6
2026-09-30T10:47:41.9251177Z   overwrite: false
2026-09-30T10:47:41.9251537Z   include-hidden-files: false
2026-09-30T10:47:41.9251940Z env:
2026-09-30T10:47:41.9252264Z   DOTNET_ROOT: /usr/share/dotnet
2026-09-30T10:47:41.9252660Z ##[endgroup]
2026-09-30T10:47:42.2082221Z (node:2682) [DEP0040] DeprecationWarning: The `punycode` module is deprecated. Please use a userland alternative instead.
2026-09-30T10:47:42.2083857Z (Use `node --trace-deprecation ...` to show where the warning was created)
2026-09-30T10:47:42.2229518Z Multiple search paths detected. Calculating the least common ancestor of all paths
2026-09-30T10:47:42.2232301Z The least common ancestor is __CI_HOME__/work/LiteDB/LiteDB. This will be the root directory of the artifact
2026-09-30T10:47:42.2233394Z No files were found with the provided path: artifacts
2026-09-30T10:47:42.2234120Z reprorunner-cli/runs
2026-09-30T10:47:42.2235049Z LiteDB.ReproRunner/LiteDB.ReproRunner.Cli/bin/**/runs. No artifacts will be uploaded.
2026-09-30T10:47:42.2381355Z ##[group]Run status="failure"
2026-09-30T10:47:42.2381859Z [36;1mstatus="failure"[0m
2026-09-30T10:47:42.2382267Z [36;1m{[0m
2026-09-30T10:47:42.2382706Z [36;1m  echo "### Issue_3067_SharedPinCleanup (ubuntu-24.04)"[0m
2026-09-30T10:47:42.2383212Z [36;1m  echo "- Result: ${status}"[0m
2026-09-30T10:47:42.2383809Z [36;1m  echo "- Artifacts: logs-Issue_3067_SharedPinCleanup-ubuntu-24.04"[0m
2026-09-30T10:47:42.2384441Z [36;1m} >> "${GITHUB_STEP_SUMMARY}"[0m
2026-09-30T10:47:42.2482842Z shell: /usr/bin/bash --noprofile --norc -e -o pipefail {0}
2026-09-30T10:47:42.2483428Z env:
2026-09-30T10:47:42.2483784Z   DOTNET_ROOT: /usr/share/dotnet
2026-09-30T10:47:42.2484209Z ##[endgroup]
2026-09-30T10:47:42.2864968Z Post job cleanup.
2026-09-30T10:47:42.4248196Z [command]/usr/bin/git version
2026-09-30T10:47:42.4328315Z git version 2.55.0
2026-09-30T10:47:42.4528641Z Temporarily overriding HOME='__CI_HOME__/work/_temp/8e49f22a-691d-4ddd-9571-98c19c68e65d' before making global git config changes
2026-09-30T10:47:42.4588486Z Adding repository directory to the temporary git global config as a safe directory
2026-09-30T10:47:42.4628419Z [command]/usr/bin/git config --global --add safe.directory __CI_WORKSPACE__
2026-09-30T10:47:42.4728446Z [command]/usr/bin/git config --local --name-only --get-regexp core\.sshCommand
2026-09-30T10:47:42.4789681Z [command]/usr/bin/git submodule foreach --recursive sh -c "git config --local --name-only --get-regexp 'core\.sshCommand' && git config --local --unset-all 'core.sshCommand' || :"
2026-09-30T10:47:42.5448526Z [command]/usr/bin/git config --local --name-only --get-regexp http\.https\:\/\/github\.com\/\.extraheader
2026-09-30T10:47:42.5525388Z http.https://github.com/.extraheader
2026-09-30T10:47:42.5578438Z [command]/usr/bin/git config --local --unset-all http.https://github.com/.extraheader
2026-09-30T10:47:42.5686856Z [command]/usr/bin/git submodule foreach --recursive sh -c "git config --local --name-only --get-regexp 'http\.https\:\/\/github\.com\/\.extraheader' && git config --local --unset-all 'http.https://github.com/.extraheader' || :"
2026-09-30T10:47:42.6532990Z [command]/usr/bin/git config --local --name-only --get-regexp ^includeIf\.gitdir:
2026-09-30T10:47:42.6585689Z [command]/usr/bin/git submodule foreach --recursive git config --local --show-origin --name-only --get-regexp remote.origin.url
2026-09-30T10:47:42.7145768Z Cleaning up orphan processes
2026-09-30T10:47:42.7631469Z Terminate orphan process: pid (2512) (VBCSCompiler)
2026-09-30T10:47:42.7690447Z Terminate orphan process: pid (2566) (dotnet)
2026-09-30T10:47:42.7726117Z Terminate orphan process: pid (2594) (dotnet)
2026-09-30T10:47:42.7760956Z Terminate orphan process: pid (2595) (dotnet)
2026-09-30T10:47:42.7776386Z ##[warning]Node.js 20 is deprecated. The following actions target Node.js 20 but are being forced to run on Node.js 24: actions/checkout@v4, actions/download-artifact@v4, actions/setup-dotnet@v4, actions/upload-artifact@v4. For more information see: https://github.blog/changelog/2025-09-19-deprecation-of-node-20-on-github-actions-runners/
