<?xml version="1.0" encoding="utf-8"?>
<TestRun id="293ecf29-cafa-4ed8-8425-31533bd41c5c" name="@dev-build-server 2026-09-30 19:32:47" xmlns="http://microsoft.com/schemas/VisualStudio/TeamTest/2010">
  <Times creation="2026-09-30T19:32:47.3308792+00:00" queuing="2026-09-30T19:32:47.3308793+00:00" start="2026-09-30T19:32:46.7330924+00:00" finish="2026-09-30T19:32:52.3584952+00:00" />
  <TestSettings name="default" id="b7719a88-9c2a-45ed-81f2-4e717f8d8e24">
    <Deployment runDeploymentRoot="_dev-build-server_2026-09-30_19_32_47" />
  </TestSettings>
  <Results>
    <UnitTestResult executionId="74f8b087-9ece-491f-a626-887c6eb46182" testId="147ff2f8-34aa-8c05-7ec6-e752628d3540" testName="LiteDB.Fuzz.Tests.FuzzReliability_Tests.Timed_out_minimization_keeps_the_original_failure_classification" computerName="dev-build-server" duration="00:00:00.5474103" startTime="2026-09-30T19:32:47.8320530+00:00" endTime="2026-09-30T19:32:47.8320531+00:00" testType="13cdc9d9-ddb5-4fa4-a97d-d965ccfc6d4b" outcome="Passed" testListId="8c84fa94-04c1-424b-9868-57a2d4851a1d" relativeResultsDirectory="74f8b087-9ece-491f-a626-887c6eb46182" />
    <UnitTestResult executionId="71478b8a-c8a6-4a22-9f09-70a6927405e1" testId="bb053f17-ecfe-9938-399e-264ce4121aae" testName="LiteDB.Fuzz.Tests.FuzzReliability_Tests.Finding_fingerprints_remove_volatile_values_without_merging_defects" computerName="dev-build-server" duration="00:00:00.0010010" startTime="2026-09-30T19:32:48.1037502+00:00" endTime="2026-09-30T19:32:48.1037503+00:00" testType="13cdc9d9-ddb5-4fa4-a97d-d965ccfc6d4b" outcome="Passed" testListId="8c84fa94-04c1-424b-9868-57a2d4851a1d" relativeResultsDirectory="71478b8a-c8a6-4a22-9f09-70a6927405e1" />
    <UnitTestResult executionId="2f7af869-1491-456c-9f11-732412236db5" testId="b33608a1-40de-fca9-b2f7-4ce306605838" testName="LiteDB.Fuzz.Tests.FuzzReliability_Tests.Retained_input_replays_the_state_that_caused_retention" computerName="dev-build-server" duration="00:00:00.0327965" startTime="2026-09-30T19:32:47.8652277+00:00" endTime="2026-09-30T19:32:47.8652278+00:00" testType="13cdc9d9-ddb5-4fa4-a97d-d965ccfc6d4b" outcome="Passed" testListId="8c84fa94-04c1-424b-9868-57a2d4851a1d" relativeResultsDirectory="2f7af869-1491-456c-9f11-732412236db5" />
    <UnitTestResult executionId="5a7e8c72-6c73-412a-8083-e5ac1b505b80" testId="7b8c2325-66d3-3e83-a4f0-91f0275d8e44" testName="LiteDB.Fuzz.Tests.SharedCheckpointCrashScope_Tests.Only_checkpoint_crash_workers_retain_the_native_mutex_after_commit(phase: null, retained: False)" computerName="dev-build-server" duration="00:00:00.0904687" startTime="2026-09-30T19:32:47.6408568+00:00" endTime="2026-09-30T19:32:47.6408569+00:00" testType="13cdc9d9-ddb5-4fa4-a97d-d965ccfc6d4b" outcome="Passed" testListId="8c84fa94-04c1-424b-9868-57a2d4851a1d" relativeResultsDirectory="5a7e8c72-6c73-412a-8083-e5ac1b505b80" />
    <UnitTestResult executionId="928f4e68-7cbe-427f-8c9c-99d84f1d035d" testId="5bc6b267-1391-3bb0-ebf7-d612cfa4e71c" testName="LiteDB.Fuzz.Tests.FuzzReliability_Tests.Passed_runs_do_not_copy_registered_state" computerName="dev-build-server" duration="00:00:00.0728457" startTime="2026-09-30T19:32:47.2284994+00:00" endTime="2026-09-30T19:32:47.2285285+00:00" testType="13cdc9d9-ddb5-4fa4-a97d-d965ccfc6d4b" outcome="Passed" testListId="8c84fa94-04c1-424b-9868-57a2d4851a1d" relativeResultsDirectory="928f4e68-7cbe-427f-8c9c-99d84f1d035d" />
    <UnitTestResult executionId="c1edfc94-d061-48c2-b9c1-d68d179c970e" testId="e5bb1500-6297-f8a2-8324-3e26b812f67a" testName="LiteDB.Fuzz.Tests.FuzzReliability_Tests.Interesting_corpus_retains_only_the_inputs_the_next_campaign_replays" computerName="dev-build-server" duration="00:00:00.1588326" startTime="2026-09-30T19:32:48.0659334+00:00" endTime="2026-09-30T19:32:48.0659335+00:00" testType="13cdc9d9-ddb5-4fa4-a97d-d965ccfc6d4b" outcome="Passed" testListId="8c84fa94-04c1-424b-9868-57a2d4851a1d" relativeResultsDirectory="c1edfc94-d061-48c2-b9c1-d68d179c970e" />
    <UnitTestResult executionId="72401f54-2007-424e-b130-fc19addeccea" testId="96b8ccdf-77e2-1a27-536f-58468091cbe5" testName="LiteDB.Fuzz.Tests.SharedCheckpointCrashScope_Tests.Only_checkpoint_crash_workers_retain_the_native_mutex_after_commit(phase: &quot;checkpoint-after-clear&quot;, retained: True)" computerName="dev-build-server" duration="00:00:00.0983611" startTime="2026-09-30T19:32:47.4587979+00:00" endTime="2026-09-30T19:32:47.4587980+00:00" testType="13cdc9d9-ddb5-4fa4-a97d-d965ccfc6d4b" outcome="Passed" testListId="8c84fa94-04c1-424b-9868-57a2d4851a1d" relativeResultsDirectory="72401f54-2007-424e-b130-fc19addeccea" />
    <UnitTestResult executionId="6d2e2dfa-4099-47d6-8a63-9ea99a5f2dee" testId="6846bac1-709c-4226-9840-56a82dff0ebf" testName="LiteDB.Fuzz.Tests.SharedLifecycleProgress_Tests.One_stalled_actor_fails_even_while_an_independent_peer_completes_commands" computerName="dev-build-server" duration="00:00:00.9367314" startTime="2026-09-30T19:32:48.5391652+00:00" endTime="2026-09-30T19:32:48.5391654+00:00" testType="13cdc9d9-ddb5-4fa4-a97d-d965ccfc6d4b" outcome="Passed" testListId="8c84fa94-04c1-424b-9868-57a2d4851a1d" relativeResultsDirectory="6d2e2dfa-4099-47d6-8a63-9ea99a5f2dee" />
    <UnitTestResult executionId="ba5f2dc5-89e6-4612-aa8d-6bc3e84aa31e" testId="43867211-d15f-aaa4-4f74-e155557f2a57" testName="LiteDB.Fuzz.Tests.SharedLifecycleOracle_Tests.Unknown_outcome_accepts_only_a_complete_before_or_after_group(commit: True)" computerName="dev-build-server" duration="00:00:00.1760401" startTime="2026-09-30T19:32:48.6194680+00:00" endTime="2026-09-30T19:32:48.6194680+00:00" testType="13cdc9d9-ddb5-4fa4-a97d-d965ccfc6d4b" outcome="Passed" testListId="8c84fa94-04c1-424b-9868-57a2d4851a1d" relativeResultsDirectory="ba5f2dc5-89e6-4612-aa8d-6bc3e84aa31e" />
    <UnitTestResult executionId="8a124692-d382-481b-abc2-df3721714cdc" testId="960abe66-cd82-da1b-bda6-e1b9569055e2" testName="LiteDB.Fuzz.Tests.FuzzReliability_Tests.Power_loss_scenarios_are_seeded_replayable_and_multi_operation" computerName="dev-build-server" duration="00:00:00.0070971" startTime="2026-09-30T19:32:48.0772759+00:00" endTime="2026-09-30T19:32:48.0772760+00:00" testType="13cdc9d9-ddb5-4fa4-a97d-d965ccfc6d4b" outcome="Passed" testListId="8c84fa94-04c1-424b-9868-57a2d4851a1d" relativeResultsDirectory="8a124692-d382-481b-abc2-df3721714cdc" />
    <UnitTestResult executionId="c05615eb-dc36-4ce2-8807-2fcbef2367b4" testId="feb772a2-0030-099a-dd56-5006df05026b" testName="LiteDB.Fuzz.Tests.SharedProcessReplay_Tests.Native_process_ids_do_not_change_the_replay_contract" computerName="dev-build-server" duration="00:00:02.7693446" startTime="2026-09-30T19:32:49.9203838+00:00" endTime="2026-09-30T19:32:49.9203839+00:00" testType="13cdc9d9-ddb5-4fa4-a97d-d965ccfc6d4b" outcome="Passed" testListId="8c84fa94-04c1-424b-9868-57a2d4851a1d" relativeResultsDirectory="c05615eb-dc36-4ce2-8807-2fcbef2367b4" />
    <UnitTestResult executionId="ffef72fe-2908-427f-8e77-c157111571b8" testId="b8cbaffd-34bc-0ae9-361a-95ab4d4702dd" testName="LiteDB.Fuzz.Tests.FuzzReliability_Tests.Minimization_trial_wait_is_bounded_and_keeps_pulsing" computerName="dev-build-server" duration="00:00:00.0314901" startTime="2026-09-30T19:32:47.9067887+00:00" endTime="2026-09-30T19:32:47.9067888+00:00" testType="13cdc9d9-ddb5-4fa4-a97d-d965ccfc6d4b" outcome="Passed" testListId="8c84fa94-04c1-424b-9868-57a2d4851a1d" relativeResultsDirectory="ffef72fe-2908-427f-8e77-c157111571b8" />
    <UnitTestResult executionId="fce7a2b8-f9b3-417f-9df5-6cd753d1ed79" testId="9e4ca379-7cfd-1f85-126a-1d48aee3dc8f" testName="LiteDB.Fuzz.Tests.SharedLifecycleOracle_Tests.Independent_model_rejects_controlled_bad_states(mutation: &quot;sentinel&quot;)" computerName="dev-build-server" duration="00:00:00.1785030" startTime="2026-09-30T19:32:47.9403754+00:00" endTime="2026-09-30T19:32:47.9403754+00:00" testType="13cdc9d9-ddb5-4fa4-a97d-d965ccfc6d4b" outcome="Passed" testListId="8c84fa94-04c1-424b-9868-57a2d4851a1d" relativeResultsDirectory="fce7a2b8-f9b3-417f-9df5-6cd753d1ed79" />
    <UnitTestResult executionId="da06b25e-59f6-4b95-baeb-7a2e8f5011b8" testId="0db8bdff-a049-b3ec-4f4f-db01659db17d" testName="LiteDB.Fuzz.Tests.SharedCheckpointCrashScope_Tests.Only_checkpoint_crash_workers_retain_the_native_mutex_after_commit(phase: &quot;wal-after-index-confirmation&quot;, retained: False)" computerName="dev-build-server" duration="00:00:00.2098908" startTime="2026-09-30T19:32:47.3603615+00:00" endTime="2026-09-30T19:32:47.3603616+00:00" testType="13cdc9d9-ddb5-4fa4-a97d-d965ccfc6d4b" outcome="Passed" testListId="8c84fa94-04c1-424b-9868-57a2d4851a1d" relativeResultsDirectory="da06b25e-59f6-4b95-baeb-7a2e8f5011b8" />
    <UnitTestResult executionId="acf431de-b897-4ddc-bc9b-d1ef8273b628" testId="ffd9a5c9-addc-13f9-e801-3860511d0df2" testName="LiteDB.Fuzz.Tests.SharedLifecycleOracle_Tests.Independent_model_rejects_controlled_bad_states(mutation: &quot;peer-partial&quot;)" computerName="dev-build-server" duration="00:00:00.1471201" startTime="2026-09-30T19:32:48.1888684+00:00" endTime="2026-09-30T19:32:48.1888685+00:00" testType="13cdc9d9-ddb5-4fa4-a97d-d965ccfc6d4b" outcome="Passed" testListId="8c84fa94-04c1-424b-9868-57a2d4851a1d" relativeResultsDirectory="acf431de-b897-4ddc-bc9b-d1ef8273b628" />
    <UnitTestResult executionId="3cedf487-739f-4790-8740-e5df62ccb50b" testId="22a51378-9534-bf5d-f96b-cb3d3ad60ee6" testName="LiteDB.Fuzz.Tests.FuzzReliability_Tests.Discovery_continues_only_for_active_known_or_expected_findings" computerName="dev-build-server" duration="00:00:00.0096534" startTime="2026-09-30T19:32:47.8749735+00:00" endTime="2026-09-30T19:32:47.8749735+00:00" testType="13cdc9d9-ddb5-4fa4-a97d-d965ccfc6d4b" outcome="Passed" testListId="8c84fa94-04c1-424b-9868-57a2d4851a1d" relativeResultsDirectory="3cedf487-739f-4790-8740-e5df62ccb50b" />
    <UnitTestResult executionId="be290569-7147-4121-bcbe-679f0c728ef3" testId="3d936208-3f8c-724b-daa7-0ab99254d5d2" testName="LiteDB.Fuzz.Tests.SharedLifecycleOracle_Tests.Independent_model_rejects_controlled_bad_states(mutation: &quot;partial-delete&quot;)" computerName="dev-build-server" duration="00:00:00.1606568" startTime="2026-09-30T19:32:47.7617932+00:00" endTime="2026-09-30T19:32:47.7617933+00:00" testType="13cdc9d9-ddb5-4fa4-a97d-d965ccfc6d4b" outcome="Passed" testListId="8c84fa94-04c1-424b-9868-57a2d4851a1d" relativeResultsDirectory="be290569-7147-4121-bcbe-679f0c728ef3" />
    <UnitTestResult executionId="017341f4-888f-4b88-ba15-fc3a1a8072d5" testId="7ab24a70-f6be-639d-c317-a149e3b11bc3" testName="LiteDB.Fuzz.Tests.SharedLifecycleOracle_Tests.Independent_model_rejects_controlled_bad_states(mutation: &quot;ack-loss&quot;)" computerName="dev-build-server" duration="00:00:00.1012129" startTime="2026-09-30T19:32:48.0416952+00:00" endTime="2026-09-30T19:32:48.0416953+00:00" testType="13cdc9d9-ddb5-4fa4-a97d-d965ccfc6d4b" outcome="Passed" testListId="8c84fa94-04c1-424b-9868-57a2d4851a1d" relativeResultsDirectory="017341f4-888f-4b88-ba15-fc3a1a8072d5" />
    <UnitTestResult executionId="862659c3-eb40-4527-b95d-5dbfda430bb6" testId="bfe5f971-6493-8110-be47-3306849085f3" testName="LiteDB.Fuzz.Tests.FuzzReliability_Tests.Oracle_mutations_use_and_fail_the_real_verification_paths" computerName="dev-build-server" duration="00:00:00.0102136" startTime="2026-09-30T19:32:47.2617300+00:00" endTime="2026-09-30T19:32:47.2617301+00:00" testType="13cdc9d9-ddb5-4fa4-a97d-d965ccfc6d4b" outcome="Passed" testListId="8c84fa94-04c1-424b-9868-57a2d4851a1d" relativeResultsDirectory="862659c3-eb40-4527-b95d-5dbfda430bb6" />
    <UnitTestResult executionId="104fa6c4-24ae-4521-a845-06ae8d6426d2" testId="d4dd781d-c9bf-5d46-b133-a99b71a808ed" testName="LiteDB.Fuzz.Tests.FuzzReliability_Tests.Interesting_corpus_keeps_the_longest_exact_descriptor_for_a_seed" computerName="dev-build-server" duration="00:00:00.0008967" startTime="2026-09-30T19:32:48.1046798+00:00" endTime="2026-09-30T19:32:48.1046798+00:00" testType="13cdc9d9-ddb5-4fa4-a97d-d965ccfc6d4b" outcome="Passed" testListId="8c84fa94-04c1-424b-9868-57a2d4851a1d" relativeResultsDirectory="104fa6c4-24ae-4521-a845-06ae8d6426d2" />
    <UnitTestResult executionId="315996e8-396a-48b9-8878-a497d8b6d5ed" testId="3e3e11b9-57df-4ba6-4545-d4b63f746b72" testName="LiteDB.Fuzz.Tests.SharedLifecycleProgress_Tests.An_unreached_native_marker_is_not_accepted_as_deadlock_prevention" computerName="dev-build-server" duration="00:00:00.4512174" startTime="2026-09-30T19:32:47.6019689+00:00" endTime="2026-09-30T19:32:47.6019689+00:00" testType="13cdc9d9-ddb5-4fa4-a97d-d965ccfc6d4b" outcome="Passed" testListId="8c84fa94-04c1-424b-9868-57a2d4851a1d" relativeResultsDirectory="315996e8-396a-48b9-8878-a497d8b6d5ed" />
    <UnitTestResult executionId="00b05f94-ca38-4119-b3e9-c5c9c49947f9" testId="1945c8c9-5e4b-e321-8f5e-f849a924825d" testName="LiteDB.Fuzz.Tests.CheckpointedFileVerifier_Tests.Raw_validation_is_read_only_and_rejects_uncheckpointed_or_broken_files(state: &quot;valid&quot;)" computerName="dev-build-server" duration="00:00:00.6952716" startTime="2026-09-30T19:32:47.8457272+00:00" endTime="2026-09-30T19:32:47.8457273+00:00" testType="13cdc9d9-ddb5-4fa4-a97d-d965ccfc6d4b" outcome="Passed" testListId="8c84fa94-04c1-424b-9868-57a2d4851a1d" relativeResultsDirectory="00b05f94-ca38-4119-b3e9-c5c9c49947f9" />
    <UnitTestResult executionId="5d0248cb-3602-4710-95d7-2430f639face" testId="6d43594a-1cd6-9730-971c-8abce13240f4" testName="LiteDB.Fuzz.Tests.SnapshotWriterProgress_Tests.Bounded_writer_keeps_three_generations_and_matches_the_model" computerName="dev-build-server" duration="00:00:03.3258139" startTime="2026-09-30T19:32:50.4763490+00:00" endTime="2026-09-30T19:32:50.4763491+00:00" testType="13cdc9d9-ddb5-4fa4-a97d-d965ccfc6d4b" outcome="Passed" testListId="8c84fa94-04c1-424b-9868-57a2d4851a1d" relativeResultsDirectory="5d0248cb-3602-4710-95d7-2430f639face" />
    <UnitTestResult executionId="1210bcc6-2811-46b7-9ea2-12dac7bd06a5" testId="3cdc1ae5-8ad0-2ec7-a564-6f2dce6aa326" testName="LiteDB.Fuzz.Tests.FuzzReliability_Tests.Equal_signatures_from_different_seeds_keep_distinct_inputs" computerName="dev-build-server" duration="00:00:00.0250992" startTime="2026-09-30T19:32:48.1027000+00:00" endTime="2026-09-30T19:32:48.1027000+00:00" testType="13cdc9d9-ddb5-4fa4-a97d-d965ccfc6d4b" outcome="Passed" testListId="8c84fa94-04c1-424b-9868-57a2d4851a1d" relativeResultsDirectory="1210bcc6-2811-46b7-9ea2-12dac7bd06a5" />
    <UnitTestResult executionId="f981cbf0-738a-4e4d-b096-60e2128ab925" testId="9d58f0a1-45c1-ecf8-a6a1-804cf5cecec0" testName="LiteDB.Fuzz.Tests.FuzzReliability_Tests.A_count_bound_run_does_not_start_over_the_budget" computerName="dev-build-server" duration="00:00:00.0041461" startTime="2026-09-30T19:32:48.0701371+00:00" endTime="2026-09-30T19:32:48.0701372+00:00" testType="13cdc9d9-ddb5-4fa4-a97d-d965ccfc6d4b" outcome="Passed" testListId="8c84fa94-04c1-424b-9868-57a2d4851a1d" relativeResultsDirectory="f981cbf0-738a-4e4d-b096-60e2128ab925" />
    <UnitTestResult executionId="c4f33725-16f2-468b-9a98-9de5e7c211de" testId="be7daa39-509c-ecae-7146-e4cfcc5d6c16" testName="LiteDB.Fuzz.Tests.CheckpointedFileVerifier_Tests.Raw_validation_is_read_only_and_rejects_uncheckpointed_or_broken_files(state: &quot;wal&quot;)" computerName="dev-build-server" duration="00:00:00.5397041" startTime="2026-09-30T19:32:48.9190723+00:00" endTime="2026-09-30T19:32:48.9190724+00:00" testType="13cdc9d9-ddb5-4fa4-a97d-d965ccfc6d4b" outcome="Passed" testListId="8c84fa94-04c1-424b-9868-57a2d4851a1d" relativeResultsDirectory="c4f33725-16f2-468b-9a98-9de5e7c211de" />
    <UnitTestResult executionId="026cdb56-ddb5-4897-9b43-4e01fe6aced3" testId="c4f27e5c-e1e9-4a2c-9377-3162aded4341" testName="LiteDB.Fuzz.Tests.SharedLifecycleOracle_Tests.Independent_model_rejects_controlled_bad_states(mutation: &quot;partial-update&quot;)" computerName="dev-build-server" duration="00:00:00.2851466" startTime="2026-09-30T19:32:47.4356033+00:00" endTime="2026-09-30T19:32:47.4356034+00:00" testType="13cdc9d9-ddb5-4fa4-a97d-d965ccfc6d4b" outcome="Passed" testListId="8c84fa94-04c1-424b-9868-57a2d4851a1d" relativeResultsDirectory="026cdb56-ddb5-4897-9b43-4e01fe6aced3" />
    <UnitTestResult executionId="79e4bb09-61f2-48f3-8e03-b4dbacb76ba9" testId="4797c1e5-9a0a-a553-cd46-e83d71b758dd" testName="LiteDB.Fuzz.Tests.SharedLifecycleProgress_Tests.Waiting_later_does_not_reset_the_command_invocation_deadline" computerName="dev-build-server" duration="00:00:00.7094740" startTime="2026-09-30T19:32:49.2489909+00:00" endTime="2026-09-30T19:32:49.2489910+00:00" testType="13cdc9d9-ddb5-4fa4-a97d-d965ccfc6d4b" outcome="Passed" testListId="8c84fa94-04c1-424b-9868-57a2d4851a1d" relativeResultsDirectory="79e4bb09-61f2-48f3-8e03-b4dbacb76ba9" />
    <UnitTestResult executionId="3ec5b191-6c2c-44f8-a5f8-4e428978e79d" testId="74eaf1cd-6029-1399-7f5b-7e47ec07e155" testName="LiteDB.Fuzz.Tests.SharedLifecycleOracle_Tests.Independent_model_rejects_controlled_bad_states(mutation: &quot;partial-insert&quot;)" computerName="dev-build-server" duration="00:00:00.1501347" startTime="2026-09-30T19:32:48.3391528+00:00" endTime="2026-09-30T19:32:48.3391529+00:00" testType="13cdc9d9-ddb5-4fa4-a97d-d965ccfc6d4b" outcome="Passed" testListId="8c84fa94-04c1-424b-9868-57a2d4851a1d" relativeResultsDirectory="3ec5b191-6c2c-44f8-a5f8-4e428978e79d" />
    <UnitTestResult executionId="3482856e-42c1-4fd4-a6a4-e954ba07bcce" testId="8d33690f-448b-fda0-4f07-bfa77ec02f38" testName="LiteDB.Fuzz.Tests.FuzzReliability_Tests.Step_files_keep_only_the_current_step_and_failures_copy_its_state" computerName="dev-build-server" duration="00:00:00.0222366" startTime="2026-09-30T19:32:47.3126010+00:00" endTime="2026-09-30T19:32:47.3126010+00:00" testType="13cdc9d9-ddb5-4fa4-a97d-d965ccfc6d4b" outcome="Passed" testListId="8c84fa94-04c1-424b-9868-57a2d4851a1d" relativeResultsDirectory="3482856e-42c1-4fd4-a6a4-e954ba07bcce" />
    <UnitTestResult executionId="163726c2-a706-4975-bfb0-ba317ae05ffa" testId="046561ec-88ad-0c25-9f56-a91a4bac7612" testName="LiteDB.Fuzz.Tests.CheckpointedFileVerifier_Tests.Raw_validation_is_read_only_and_rejects_uncheckpointed_or_broken_files(state: &quot;truncated&quot;)" computerName="dev-build-server" duration="00:00:00.5334325" startTime="2026-09-30T19:32:48.3792656+00:00" endTime="2026-09-30T19:32:48.3792658+00:00" testType="13cdc9d9-ddb5-4fa4-a97d-d965ccfc6d4b" outcome="Passed" testListId="8c84fa94-04c1-424b-9868-57a2d4851a1d" relativeResultsDirectory="163726c2-a706-4975-bfb0-ba317ae05ffa" />
    <UnitTestResult executionId="d0833563-07b8-4852-bf74-90dddaa26874" testId="979b278b-83e3-d89b-06bc-4c13a236167d" testName="LiteDB.Fuzz.Tests.SharedLifecycleOracle_Tests.Unknown_outcome_accepts_only_a_complete_before_or_after_group(commit: False)" computerName="dev-build-server" duration="00:00:00.1040887" startTime="2026-09-30T19:32:48.4433846+00:00" endTime="2026-09-30T19:32:48.4433848+00:00" testType="13cdc9d9-ddb5-4fa4-a97d-d965ccfc6d4b" outcome="Passed" testListId="8c84fa94-04c1-424b-9868-57a2d4851a1d" relativeResultsDirectory="d0833563-07b8-4852-bf74-90dddaa26874" />
    <UnitTestResult executionId="b7735fd3-d25b-4c6f-9576-7ceeb7f43b25" testId="40e3da30-5601-5dac-e26d-8efce42b4c68" testName="LiteDB.Fuzz.Tests.FuzzReliability_Tests.A_shard_the_budget_stops_before_its_first_epoch_blocks_the_build" computerName="dev-build-server" duration="00:00:00.0225886" startTime="2026-09-30T19:32:47.2514972+00:00" endTime="2026-09-30T19:32:47.2514973+00:00" testType="13cdc9d9-ddb5-4fa4-a97d-d965ccfc6d4b" outcome="Passed" testListId="8c84fa94-04c1-424b-9868-57a2d4851a1d" relativeResultsDirectory="b7735fd3-d25b-4c6f-9576-7ceeb7f43b25" />
    <UnitTestResult executionId="09e1e5f1-7089-4b01-becd-5084716f1066" testId="3ba11576-a48b-9941-2493-3882cf4731fa" testName="LiteDB.Fuzz.Tests.SnapshotWriterProgress_Tests.Blocked_native_writer_times_out_and_reaps_writer_and_reader_without_mutating_committed_data" computerName="dev-build-server" duration="00:00:01.8098122" startTime="2026-09-30T19:32:52.2863170+00:00" endTime="2026-09-30T19:32:52.2863170+00:00" testType="13cdc9d9-ddb5-4fa4-a97d-d965ccfc6d4b" outcome="Passed" testListId="8c84fa94-04c1-424b-9868-57a2d4851a1d" relativeResultsDirectory="09e1e5f1-7089-4b01-becd-5084716f1066" />
    <UnitTestResult executionId="10bf3172-f892-456a-8227-9ff1efa911ae" testId="51de91a3-ddcc-b00a-a5ad-4aa88ca7056c" testName="LiteDB.Fuzz.Tests.SharedLifecycleOracle_Tests.Independent_model_rejects_controlled_bad_states(mutation: &quot;index&quot;)" computerName="dev-build-server" duration="00:00:00.1653644" startTime="2026-09-30T19:32:47.6010380+00:00" endTime="2026-09-30T19:32:47.6010381+00:00" testType="13cdc9d9-ddb5-4fa4-a97d-d965ccfc6d4b" outcome="Passed" testListId="8c84fa94-04c1-424b-9868-57a2d4851a1d" relativeResultsDirectory="10bf3172-f892-456a-8227-9ff1efa911ae" />
    <UnitTestResult executionId="400d60d2-ad70-47b7-a2eb-bfcb1e57bb03" testId="22e6ce5f-c4fe-c102-5606-290914920230" testName="LiteDB.Fuzz.Tests.SharedCheckpointCrashScope_Tests.Only_checkpoint_crash_workers_retain_the_native_mutex_after_commit(phase: &quot;checkpoint-before-clear&quot;, retained: True)" computerName="dev-build-server" duration="00:00:00.0914013" startTime="2026-09-30T19:32:47.5502789+00:00" endTime="2026-09-30T19:32:47.5502790+00:00" testType="13cdc9d9-ddb5-4fa4-a97d-d965ccfc6d4b" outcome="Passed" testListId="8c84fa94-04c1-424b-9868-57a2d4851a1d" relativeResultsDirectory="400d60d2-ad70-47b7-a2eb-bfcb1e57bb03" />
  </Results>
  <TestDefinitions>
    <UnitTest name="LiteDB.Fuzz.Tests.FuzzReliability_Tests.Interesting_corpus_retains_only_the_inputs_the_next_campaign_replays" storage="__LOCAL_HOME__/.t3/worktrees/litedb/t3code-0cc13448/artifacts_temp/audit-chaos/litedb.fuzz.tests/bin/release/net8.0/litedb.fuzz.tests.dll" id="e5bb1500-6297-f8a2-8324-3e26b812f67a">
      <Execution id="c1edfc94-d061-48c2-b9c1-d68d179c970e" />
      <TestMethod codeBase="__WORKSPACE__/artifacts_temp/audit-chaos/LiteDB.Fuzz.Tests/bin/Release/net8.0/LiteDB.Fuzz.Tests.dll" adapterTypeName="executor://xunit/VsTestRunner2/netcoreapp" className="LiteDB.Fuzz.Tests.FuzzReliability_Tests" name="Interesting_corpus_retains_only_the_inputs_the_next_campaign_replays" />
    </UnitTest>
    <UnitTest name="LiteDB.Fuzz.Tests.SharedLifecycleOracle_Tests.Independent_model_rejects_controlled_bad_states(mutation: &quot;partial-delete&quot;)" storage="__LOCAL_HOME__/.t3/worktrees/litedb/t3code-0cc13448/artifacts_temp/audit-chaos/litedb.fuzz.tests/bin/release/net8.0/litedb.fuzz.tests.dll" id="3d936208-3f8c-724b-daa7-0ab99254d5d2">
      <Execution id="be290569-7147-4121-bcbe-679f0c728ef3" />
      <TestMethod codeBase="__WORKSPACE__/artifacts_temp/audit-chaos/LiteDB.Fuzz.Tests/bin/Release/net8.0/LiteDB.Fuzz.Tests.dll" adapterTypeName="executor://xunit/VsTestRunner2/netcoreapp" className="LiteDB.Fuzz.Tests.SharedLifecycleOracle_Tests" name="Independent_model_rejects_controlled_bad_states" />
    </UnitTest>
    <UnitTest name="LiteDB.Fuzz.Tests.SnapshotWriterProgress_Tests.Bounded_writer_keeps_three_generations_and_matches_the_model" storage="__LOCAL_HOME__/.t3/worktrees/litedb/t3code-0cc13448/artifacts_temp/audit-chaos/litedb.fuzz.tests/bin/release/net8.0/litedb.fuzz.tests.dll" id="6d43594a-1cd6-9730-971c-8abce13240f4">
      <Execution id="5d0248cb-3602-4710-95d7-2430f639face" />
      <TestMethod codeBase="__WORKSPACE__/artifacts_temp/audit-chaos/LiteDB.Fuzz.Tests/bin/Release/net8.0/LiteDB.Fuzz.Tests.dll" adapterTypeName="executor://xunit/VsTestRunner2/netcoreapp" className="LiteDB.Fuzz.Tests.SnapshotWriterProgress_Tests" name="Bounded_writer_keeps_three_generations_and_matches_the_model" />
    </UnitTest>
    <UnitTest name="LiteDB.Fuzz.Tests.SharedLifecycleOracle_Tests.Independent_model_rejects_controlled_bad_states(mutation: &quot;peer-partial&quot;)" storage="__LOCAL_HOME__/.t3/worktrees/litedb/t3code-0cc13448/artifacts_temp/audit-chaos/litedb.fuzz.tests/bin/release/net8.0/litedb.fuzz.tests.dll" id="ffd9a5c9-addc-13f9-e801-3860511d0df2">
      <Execution id="acf431de-b897-4ddc-bc9b-d1ef8273b628" />
      <TestMethod codeBase="__WORKSPACE__/artifacts_temp/audit-chaos/LiteDB.Fuzz.Tests/bin/Release/net8.0/LiteDB.Fuzz.Tests.dll" adapterTypeName="executor://xunit/VsTestRunner2/netcoreapp" className="LiteDB.Fuzz.Tests.SharedLifecycleOracle_Tests" name="Independent_model_rejects_controlled_bad_states" />
    </UnitTest>
    <UnitTest name="LiteDB.Fuzz.Tests.SharedLifecycleOracle_Tests.Unknown_outcome_accepts_only_a_complete_before_or_after_group(commit: True)" storage="__LOCAL_HOME__/.t3/worktrees/litedb/t3code-0cc13448/artifacts_temp/audit-chaos/litedb.fuzz.tests/bin/release/net8.0/litedb.fuzz.tests.dll" id="43867211-d15f-aaa4-4f74-e155557f2a57">
      <Execution id="ba5f2dc5-89e6-4612-aa8d-6bc3e84aa31e" />
      <TestMethod codeBase="__WORKSPACE__/artifacts_temp/audit-chaos/LiteDB.Fuzz.Tests/bin/Release/net8.0/LiteDB.Fuzz.Tests.dll" adapterTypeName="executor://xunit/VsTestRunner2/netcoreapp" className="LiteDB.Fuzz.Tests.SharedLifecycleOracle_Tests" name="Unknown_outcome_accepts_only_a_complete_before_or_after_group" />
    </UnitTest>
    <UnitTest name="LiteDB.Fuzz.Tests.SharedLifecycleProgress_Tests.Waiting_later_does_not_reset_the_command_invocation_deadline" storage="__LOCAL_HOME__/.t3/worktrees/litedb/t3code-0cc13448/artifacts_temp/audit-chaos/litedb.fuzz.tests/bin/release/net8.0/litedb.fuzz.tests.dll" id="4797c1e5-9a0a-a553-cd46-e83d71b758dd">
      <Execution id="79e4bb09-61f2-48f3-8e03-b4dbacb76ba9" />
      <TestMethod codeBase="__WORKSPACE__/artifacts_temp/audit-chaos/LiteDB.Fuzz.Tests/bin/Release/net8.0/LiteDB.Fuzz.Tests.dll" adapterTypeName="executor://xunit/VsTestRunner2/netcoreapp" className="LiteDB.Fuzz.Tests.SharedLifecycleProgress_Tests" name="Waiting_later_does_not_reset_the_command_invocation_deadline" />
    </UnitTest>
    <UnitTest name="LiteDB.Fuzz.Tests.FuzzReliability_Tests.Equal_signatures_from_different_seeds_keep_distinct_inputs" storage="__LOCAL_HOME__/.t3/worktrees/litedb/t3code-0cc13448/artifacts_temp/audit-chaos/litedb.fuzz.tests/bin/release/net8.0/litedb.fuzz.tests.dll" id="3cdc1ae5-8ad0-2ec7-a564-6f2dce6aa326">
      <Execution id="1210bcc6-2811-46b7-9ea2-12dac7bd06a5" />
      <TestMethod codeBase="__WORKSPACE__/artifacts_temp/audit-chaos/LiteDB.Fuzz.Tests/bin/Release/net8.0/LiteDB.Fuzz.Tests.dll" adapterTypeName="executor://xunit/VsTestRunner2/netcoreapp" className="LiteDB.Fuzz.Tests.FuzzReliability_Tests" name="Equal_signatures_from_different_seeds_keep_distinct_inputs" />
    </UnitTest>
    <UnitTest name="LiteDB.Fuzz.Tests.SharedLifecycleOracle_Tests.Independent_model_rejects_controlled_bad_states(mutation: &quot;ack-loss&quot;)" storage="__LOCAL_HOME__/.t3/worktrees/litedb/t3code-0cc13448/artifacts_temp/audit-chaos/litedb.fuzz.tests/bin/release/net8.0/litedb.fuzz.tests.dll" id="7ab24a70-f6be-639d-c317-a149e3b11bc3">
      <Execution id="017341f4-888f-4b88-ba15-fc3a1a8072d5" />
      <TestMethod codeBase="__WORKSPACE__/artifacts_temp/audit-chaos/LiteDB.Fuzz.Tests/bin/Release/net8.0/LiteDB.Fuzz.Tests.dll" adapterTypeName="executor://xunit/VsTestRunner2/netcoreapp" className="LiteDB.Fuzz.Tests.SharedLifecycleOracle_Tests" name="Independent_model_rejects_controlled_bad_states" />
    </UnitTest>
    <UnitTest name="LiteDB.Fuzz.Tests.SharedCheckpointCrashScope_Tests.Only_checkpoint_crash_workers_retain_the_native_mutex_after_commit(phase: null, retained: False)" storage="__LOCAL_HOME__/.t3/worktrees/litedb/t3code-0cc13448/artifacts_temp/audit-chaos/litedb.fuzz.tests/bin/release/net8.0/litedb.fuzz.tests.dll" id="7b8c2325-66d3-3e83-a4f0-91f0275d8e44">
      <Execution id="5a7e8c72-6c73-412a-8083-e5ac1b505b80" />
      <TestMethod codeBase="__WORKSPACE__/artifacts_temp/audit-chaos/LiteDB.Fuzz.Tests/bin/Release/net8.0/LiteDB.Fuzz.Tests.dll" adapterTypeName="executor://xunit/VsTestRunner2/netcoreapp" className="LiteDB.Fuzz.Tests.SharedCheckpointCrashScope_Tests" name="Only_checkpoint_crash_workers_retain_the_native_mutex_after_commit" />
    </UnitTest>
    <UnitTest name="LiteDB.Fuzz.Tests.SharedLifecycleProgress_Tests.An_unreached_native_marker_is_not_accepted_as_deadlock_prevention" storage="__LOCAL_HOME__/.t3/worktrees/litedb/t3code-0cc13448/artifacts_temp/audit-chaos/litedb.fuzz.tests/bin/release/net8.0/litedb.fuzz.tests.dll" id="3e3e11b9-57df-4ba6-4545-d4b63f746b72">
      <Execution id="315996e8-396a-48b9-8878-a497d8b6d5ed" />
      <TestMethod codeBase="__WORKSPACE__/artifacts_temp/audit-chaos/LiteDB.Fuzz.Tests/bin/Release/net8.0/LiteDB.Fuzz.Tests.dll" adapterTypeName="executor://xunit/VsTestRunner2/netcoreapp" className="LiteDB.Fuzz.Tests.SharedLifecycleProgress_Tests" name="An_unreached_native_marker_is_not_accepted_as_deadlock_prevention" />
    </UnitTest>
    <UnitTest name="LiteDB.Fuzz.Tests.SharedLifecycleProgress_Tests.One_stalled_actor_fails_even_while_an_independent_peer_completes_commands" storage="__LOCAL_HOME__/.t3/worktrees/litedb/t3code-0cc13448/artifacts_temp/audit-chaos/litedb.fuzz.tests/bin/release/net8.0/litedb.fuzz.tests.dll" id="6846bac1-709c-4226-9840-56a82dff0ebf">
      <Execution id="6d2e2dfa-4099-47d6-8a63-9ea99a5f2dee" />
      <TestMethod codeBase="__WORKSPACE__/artifacts_temp/audit-chaos/LiteDB.Fuzz.Tests/bin/Release/net8.0/LiteDB.Fuzz.Tests.dll" adapterTypeName="executor://xunit/VsTestRunner2/netcoreapp" className="LiteDB.Fuzz.Tests.SharedLifecycleProgress_Tests" name="One_stalled_actor_fails_even_while_an_independent_peer_completes_commands" />
    </UnitTest>
    <UnitTest name="LiteDB.Fuzz.Tests.FuzzReliability_Tests.A_shard_the_budget_stops_before_its_first_epoch_blocks_the_build" storage="__LOCAL_HOME__/.t3/worktrees/litedb/t3code-0cc13448/artifacts_temp/audit-chaos/litedb.fuzz.tests/bin/release/net8.0/litedb.fuzz.tests.dll" id="40e3da30-5601-5dac-e26d-8efce42b4c68">
      <Execution id="b7735fd3-d25b-4c6f-9576-7ceeb7f43b25" />
      <TestMethod codeBase="__WORKSPACE__/artifacts_temp/audit-chaos/LiteDB.Fuzz.Tests/bin/Release/net8.0/LiteDB.Fuzz.Tests.dll" adapterTypeName="executor://xunit/VsTestRunner2/netcoreapp" className="LiteDB.Fuzz.Tests.FuzzReliability_Tests" name="A_shard_the_budget_stops_before_its_first_epoch_blocks_the_build" />
    </UnitTest>
    <UnitTest name="LiteDB.Fuzz.Tests.FuzzReliability_Tests.Minimization_trial_wait_is_bounded_and_keeps_pulsing" storage="__LOCAL_HOME__/.t3/worktrees/litedb/t3code-0cc13448/artifacts_temp/audit-chaos/litedb.fuzz.tests/bin/release/net8.0/litedb.fuzz.tests.dll" id="b8cbaffd-34bc-0ae9-361a-95ab4d4702dd">
      <Execution id="ffef72fe-2908-427f-8e77-c157111571b8" />
      <TestMethod codeBase="__WORKSPACE__/artifacts_temp/audit-chaos/LiteDB.Fuzz.Tests/bin/Release/net8.0/LiteDB.Fuzz.Tests.dll" adapterTypeName="executor://xunit/VsTestRunner2/netcoreapp" className="LiteDB.Fuzz.Tests.FuzzReliability_Tests" name="Minimization_trial_wait_is_bounded_and_keeps_pulsing" />
    </UnitTest>
    <UnitTest name="LiteDB.Fuzz.Tests.FuzzReliability_Tests.Oracle_mutations_use_and_fail_the_real_verification_paths" storage="__LOCAL_HOME__/.t3/worktrees/litedb/t3code-0cc13448/artifacts_temp/audit-chaos/litedb.fuzz.tests/bin/release/net8.0/litedb.fuzz.tests.dll" id="bfe5f971-6493-8110-be47-3306849085f3">
      <Execution id="862659c3-eb40-4527-b95d-5dbfda430bb6" />
      <TestMethod codeBase="__WORKSPACE__/artifacts_temp/audit-chaos/LiteDB.Fuzz.Tests/bin/Release/net8.0/LiteDB.Fuzz.Tests.dll" adapterTypeName="executor://xunit/VsTestRunner2/netcoreapp" className="LiteDB.Fuzz.Tests.FuzzReliability_Tests" name="Oracle_mutations_use_and_fail_the_real_verification_paths" />
    </UnitTest>
    <UnitTest name="LiteDB.Fuzz.Tests.SharedCheckpointCrashScope_Tests.Only_checkpoint_crash_workers_retain_the_native_mutex_after_commit(phase: &quot;checkpoint-before-clear&quot;, retained: True)" storage="__LOCAL_HOME__/.t3/worktrees/litedb/t3code-0cc13448/artifacts_temp/audit-chaos/litedb.fuzz.tests/bin/release/net8.0/litedb.fuzz.tests.dll" id="22e6ce5f-c4fe-c102-5606-290914920230">
      <Execution id="400d60d2-ad70-47b7-a2eb-bfcb1e57bb03" />
      <TestMethod codeBase="__WORKSPACE__/artifacts_temp/audit-chaos/LiteDB.Fuzz.Tests/bin/Release/net8.0/LiteDB.Fuzz.Tests.dll" adapterTypeName="executor://xunit/VsTestRunner2/netcoreapp" className="LiteDB.Fuzz.Tests.SharedCheckpointCrashScope_Tests" name="Only_checkpoint_crash_workers_retain_the_native_mutex_after_commit" />
    </UnitTest>
    <UnitTest name="LiteDB.Fuzz.Tests.FuzzReliability_Tests.Step_files_keep_only_the_current_step_and_failures_copy_its_state" storage="__LOCAL_HOME__/.t3/worktrees/litedb/t3code-0cc13448/artifacts_temp/audit-chaos/litedb.fuzz.tests/bin/release/net8.0/litedb.fuzz.tests.dll" id="8d33690f-448b-fda0-4f07-bfa77ec02f38">
      <Execution id="3482856e-42c1-4fd4-a6a4-e954ba07bcce" />
      <TestMethod codeBase="__WORKSPACE__/artifacts_temp/audit-chaos/LiteDB.Fuzz.Tests/bin/Release/net8.0/LiteDB.Fuzz.Tests.dll" adapterTypeName="executor://xunit/VsTestRunner2/netcoreapp" className="LiteDB.Fuzz.Tests.FuzzReliability_Tests" name="Step_files_keep_only_the_current_step_and_failures_copy_its_state" />
    </UnitTest>
    <UnitTest name="LiteDB.Fuzz.Tests.CheckpointedFileVerifier_Tests.Raw_validation_is_read_only_and_rejects_uncheckpointed_or_broken_files(state: &quot;valid&quot;)" storage="__LOCAL_HOME__/.t3/worktrees/litedb/t3code-0cc13448/artifacts_temp/audit-chaos/litedb.fuzz.tests/bin/release/net8.0/litedb.fuzz.tests.dll" id="1945c8c9-5e4b-e321-8f5e-f849a924825d">
      <Execution id="00b05f94-ca38-4119-b3e9-c5c9c49947f9" />
      <TestMethod codeBase="__WORKSPACE__/artifacts_temp/audit-chaos/LiteDB.Fuzz.Tests/bin/Release/net8.0/LiteDB.Fuzz.Tests.dll" adapterTypeName="executor://xunit/VsTestRunner2/netcoreapp" className="LiteDB.Fuzz.Tests.CheckpointedFileVerifier_Tests" name="Raw_validation_is_read_only_and_rejects_uncheckpointed_or_broken_files" />
    </UnitTest>
    <UnitTest name="LiteDB.Fuzz.Tests.SharedLifecycleOracle_Tests.Independent_model_rejects_controlled_bad_states(mutation: &quot;partial-insert&quot;)" storage="__LOCAL_HOME__/.t3/worktrees/litedb/t3code-0cc13448/artifacts_temp/audit-chaos/litedb.fuzz.tests/bin/release/net8.0/litedb.fuzz.tests.dll" id="74eaf1cd-6029-1399-7f5b-7e47ec07e155">
      <Execution id="3ec5b191-6c2c-44f8-a5f8-4e428978e79d" />
      <TestMethod codeBase="__WORKSPACE__/artifacts_temp/audit-chaos/LiteDB.Fuzz.Tests/bin/Release/net8.0/LiteDB.Fuzz.Tests.dll" adapterTypeName="executor://xunit/VsTestRunner2/netcoreapp" className="LiteDB.Fuzz.Tests.SharedLifecycleOracle_Tests" name="Independent_model_rejects_controlled_bad_states" />
    </UnitTest>
    <UnitTest name="LiteDB.Fuzz.Tests.FuzzReliability_Tests.Power_loss_scenarios_are_seeded_replayable_and_multi_operation" storage="__LOCAL_HOME__/.t3/worktrees/litedb/t3code-0cc13448/artifacts_temp/audit-chaos/litedb.fuzz.tests/bin/release/net8.0/litedb.fuzz.tests.dll" id="960abe66-cd82-da1b-bda6-e1b9569055e2">
      <Execution id="8a124692-d382-481b-abc2-df3721714cdc" />
      <TestMethod codeBase="__WORKSPACE__/artifacts_temp/audit-chaos/LiteDB.Fuzz.Tests/bin/Release/net8.0/LiteDB.Fuzz.Tests.dll" adapterTypeName="executor://xunit/VsTestRunner2/netcoreapp" className="LiteDB.Fuzz.Tests.FuzzReliability_Tests" name="Power_loss_scenarios_are_seeded_replayable_and_multi_operation" />
    </UnitTest>
    <UnitTest name="LiteDB.Fuzz.Tests.CheckpointedFileVerifier_Tests.Raw_validation_is_read_only_and_rejects_uncheckpointed_or_broken_files(state: &quot;wal&quot;)" storage="__LOCAL_HOME__/.t3/worktrees/litedb/t3code-0cc13448/artifacts_temp/audit-chaos/litedb.fuzz.tests/bin/release/net8.0/litedb.fuzz.tests.dll" id="be7daa39-509c-ecae-7146-e4cfcc5d6c16">
      <Execution id="c4f33725-16f2-468b-9a98-9de5e7c211de" />
      <TestMethod codeBase="__WORKSPACE__/artifacts_temp/audit-chaos/LiteDB.Fuzz.Tests/bin/Release/net8.0/LiteDB.Fuzz.Tests.dll" adapterTypeName="executor://xunit/VsTestRunner2/netcoreapp" className="LiteDB.Fuzz.Tests.CheckpointedFileVerifier_Tests" name="Raw_validation_is_read_only_and_rejects_uncheckpointed_or_broken_files" />
    </UnitTest>
    <UnitTest name="LiteDB.Fuzz.Tests.FuzzReliability_Tests.Discovery_continues_only_for_active_known_or_expected_findings" storage="__LOCAL_HOME__/.t3/worktrees/litedb/t3code-0cc13448/artifacts_temp/audit-chaos/litedb.fuzz.tests/bin/release/net8.0/litedb.fuzz.tests.dll" id="22a51378-9534-bf5d-f96b-cb3d3ad60ee6">
      <Execution id="3cedf487-739f-4790-8740-e5df62ccb50b" />
      <TestMethod codeBase="__WORKSPACE__/artifacts_temp/audit-chaos/LiteDB.Fuzz.Tests/bin/Release/net8.0/LiteDB.Fuzz.Tests.dll" adapterTypeName="executor://xunit/VsTestRunner2/netcoreapp" className="LiteDB.Fuzz.Tests.FuzzReliability_Tests" name="Discovery_continues_only_for_active_known_or_expected_findings" />
    </UnitTest>
    <UnitTest name="LiteDB.Fuzz.Tests.SharedLifecycleOracle_Tests.Independent_model_rejects_controlled_bad_states(mutation: &quot;partial-update&quot;)" storage="__LOCAL_HOME__/.t3/worktrees/litedb/t3code-0cc13448/artifacts_temp/audit-chaos/litedb.fuzz.tests/bin/release/net8.0/litedb.fuzz.tests.dll" id="c4f27e5c-e1e9-4a2c-9377-3162aded4341">
      <Execution id="026cdb56-ddb5-4897-9b43-4e01fe6aced3" />
      <TestMethod codeBase="__WORKSPACE__/artifacts_temp/audit-chaos/LiteDB.Fuzz.Tests/bin/Release/net8.0/LiteDB.Fuzz.Tests.dll" adapterTypeName="executor://xunit/VsTestRunner2/netcoreapp" className="LiteDB.Fuzz.Tests.SharedLifecycleOracle_Tests" name="Independent_model_rejects_controlled_bad_states" />
    </UnitTest>
    <UnitTest name="LiteDB.Fuzz.Tests.SnapshotWriterProgress_Tests.Blocked_native_writer_times_out_and_reaps_writer_and_reader_without_mutating_committed_data" storage="__LOCAL_HOME__/.t3/worktrees/litedb/t3code-0cc13448/artifacts_temp/audit-chaos/litedb.fuzz.tests/bin/release/net8.0/litedb.fuzz.tests.dll" id="3ba11576-a48b-9941-2493-3882cf4731fa">
      <Execution id="09e1e5f1-7089-4b01-becd-5084716f1066" />
      <TestMethod codeBase="__WORKSPACE__/artifacts_temp/audit-chaos/LiteDB.Fuzz.Tests/bin/Release/net8.0/LiteDB.Fuzz.Tests.dll" adapterTypeName="executor://xunit/VsTestRunner2/netcoreapp" className="LiteDB.Fuzz.Tests.SnapshotWriterProgress_Tests" name="Blocked_native_writer_times_out_and_reaps_writer_and_reader_without_mutating_committed_data" />
    </UnitTest>
    <UnitTest name="LiteDB.Fuzz.Tests.SharedLifecycleOracle_Tests.Unknown_outcome_accepts_only_a_complete_before_or_after_group(commit: False)" storage="__LOCAL_HOME__/.t3/worktrees/litedb/t3code-0cc13448/artifacts_temp/audit-chaos/litedb.fuzz.tests/bin/release/net8.0/litedb.fuzz.tests.dll" id="979b278b-83e3-d89b-06bc-4c13a236167d">
      <Execution id="d0833563-07b8-4852-bf74-90dddaa26874" />
      <TestMethod codeBase="__WORKSPACE__/artifacts_temp/audit-chaos/LiteDB.Fuzz.Tests/bin/Release/net8.0/LiteDB.Fuzz.Tests.dll" adapterTypeName="executor://xunit/VsTestRunner2/netcoreapp" className="LiteDB.Fuzz.Tests.SharedLifecycleOracle_Tests" name="Unknown_outcome_accepts_only_a_complete_before_or_after_group" />
    </UnitTest>
    <UnitTest name="LiteDB.Fuzz.Tests.SharedLifecycleOracle_Tests.Independent_model_rejects_controlled_bad_states(mutation: &quot;sentinel&quot;)" storage="__LOCAL_HOME__/.t3/worktrees/litedb/t3code-0cc13448/artifacts_temp/audit-chaos/litedb.fuzz.tests/bin/release/net8.0/litedb.fuzz.tests.dll" id="9e4ca379-7cfd-1f85-126a-1d48aee3dc8f">
      <Execution id="fce7a2b8-f9b3-417f-9df5-6cd753d1ed79" />
      <TestMethod codeBase="__WORKSPACE__/artifacts_temp/audit-chaos/LiteDB.Fuzz.Tests/bin/Release/net8.0/LiteDB.Fuzz.Tests.dll" adapterTypeName="executor://xunit/VsTestRunner2/netcoreapp" className="LiteDB.Fuzz.Tests.SharedLifecycleOracle_Tests" name="Independent_model_rejects_controlled_bad_states" />
    </UnitTest>
    <UnitTest name="LiteDB.Fuzz.Tests.FuzzReliability_Tests.Finding_fingerprints_remove_volatile_values_without_merging_defects" storage="__LOCAL_HOME__/.t3/worktrees/litedb/t3code-0cc13448/artifacts_temp/audit-chaos/litedb.fuzz.tests/bin/release/net8.0/litedb.fuzz.tests.dll" id="bb053f17-ecfe-9938-399e-264ce4121aae">
      <Execution id="71478b8a-c8a6-4a22-9f09-70a6927405e1" />
      <TestMethod codeBase="__WORKSPACE__/artifacts_temp/audit-chaos/LiteDB.Fuzz.Tests/bin/Release/net8.0/LiteDB.Fuzz.Tests.dll" adapterTypeName="executor://xunit/VsTestRunner2/netcoreapp" className="LiteDB.Fuzz.Tests.FuzzReliability_Tests" name="Finding_fingerprints_remove_volatile_values_without_merging_defects" />
    </UnitTest>
    <UnitTest name="LiteDB.Fuzz.Tests.SharedCheckpointCrashScope_Tests.Only_checkpoint_crash_workers_retain_the_native_mutex_after_commit(phase: &quot;wal-after-index-confirmation&quot;, retained: False)" storage="__LOCAL_HOME__/.t3/worktrees/litedb/t3code-0cc13448/artifacts_temp/audit-chaos/litedb.fuzz.tests/bin/release/net8.0/litedb.fuzz.tests.dll" id="0db8bdff-a049-b3ec-4f4f-db01659db17d">
      <Execution id="da06b25e-59f6-4b95-baeb-7a2e8f5011b8" />
      <TestMethod codeBase="__WORKSPACE__/artifacts_temp/audit-chaos/LiteDB.Fuzz.Tests/bin/Release/net8.0/LiteDB.Fuzz.Tests.dll" adapterTypeName="executor://xunit/VsTestRunner2/netcoreapp" className="LiteDB.Fuzz.Tests.SharedCheckpointCrashScope_Tests" name="Only_checkpoint_crash_workers_retain_the_native_mutex_after_commit" />
    </UnitTest>
    <UnitTest name="LiteDB.Fuzz.Tests.FuzzReliability_Tests.Passed_runs_do_not_copy_registered_state" storage="__LOCAL_HOME__/.t3/worktrees/litedb/t3code-0cc13448/artifacts_temp/audit-chaos/litedb.fuzz.tests/bin/release/net8.0/litedb.fuzz.tests.dll" id="5bc6b267-1391-3bb0-ebf7-d612cfa4e71c">
      <Execution id="928f4e68-7cbe-427f-8c9c-99d84f1d035d" />
      <TestMethod codeBase="__WORKSPACE__/artifacts_temp/audit-chaos/LiteDB.Fuzz.Tests/bin/Release/net8.0/LiteDB.Fuzz.Tests.dll" adapterTypeName="executor://xunit/VsTestRunner2/netcoreapp" className="LiteDB.Fuzz.Tests.FuzzReliability_Tests" name="Passed_runs_do_not_copy_registered_state" />
    </UnitTest>
    <UnitTest name="LiteDB.Fuzz.Tests.FuzzReliability_Tests.Timed_out_minimization_keeps_the_original_failure_classification" storage="__LOCAL_HOME__/.t3/worktrees/litedb/t3code-0cc13448/artifacts_temp/audit-chaos/litedb.fuzz.tests/bin/release/net8.0/litedb.fuzz.tests.dll" id="147ff2f8-34aa-8c05-7ec6-e752628d3540">
      <Execution id="74f8b087-9ece-491f-a626-887c6eb46182" />
      <TestMethod codeBase="__WORKSPACE__/artifacts_temp/audit-chaos/LiteDB.Fuzz.Tests/bin/Release/net8.0/LiteDB.Fuzz.Tests.dll" adapterTypeName="executor://xunit/VsTestRunner2/netcoreapp" className="LiteDB.Fuzz.Tests.FuzzReliability_Tests" name="Timed_out_minimization_keeps_the_original_failure_classification" />
    </UnitTest>
    <UnitTest name="LiteDB.Fuzz.Tests.SharedProcessReplay_Tests.Native_process_ids_do_not_change_the_replay_contract" storage="__LOCAL_HOME__/.t3/worktrees/litedb/t3code-0cc13448/artifacts_temp/audit-chaos/litedb.fuzz.tests/bin/release/net8.0/litedb.fuzz.tests.dll" id="feb772a2-0030-099a-dd56-5006df05026b">
      <Execution id="c05615eb-dc36-4ce2-8807-2fcbef2367b4" />
      <TestMethod codeBase="__WORKSPACE__/artifacts_temp/audit-chaos/LiteDB.Fuzz.Tests/bin/Release/net8.0/LiteDB.Fuzz.Tests.dll" adapterTypeName="executor://xunit/VsTestRunner2/netcoreapp" className="LiteDB.Fuzz.Tests.SharedProcessReplay_Tests" name="Native_process_ids_do_not_change_the_replay_contract" />
    </UnitTest>
    <UnitTest name="LiteDB.Fuzz.Tests.FuzzReliability_Tests.Retained_input_replays_the_state_that_caused_retention" storage="__LOCAL_HOME__/.t3/worktrees/litedb/t3code-0cc13448/artifacts_temp/audit-chaos/litedb.fuzz.tests/bin/release/net8.0/litedb.fuzz.tests.dll" id="b33608a1-40de-fca9-b2f7-4ce306605838">
      <Execution id="2f7af869-1491-456c-9f11-732412236db5" />
      <TestMethod codeBase="__WORKSPACE__/artifacts_temp/audit-chaos/LiteDB.Fuzz.Tests/bin/Release/net8.0/LiteDB.Fuzz.Tests.dll" adapterTypeName="executor://xunit/VsTestRunner2/netcoreapp" className="LiteDB.Fuzz.Tests.FuzzReliability_Tests" name="Retained_input_replays_the_state_that_caused_retention" />
    </UnitTest>
    <UnitTest name="LiteDB.Fuzz.Tests.FuzzReliability_Tests.Interesting_corpus_keeps_the_longest_exact_descriptor_for_a_seed" storage="__LOCAL_HOME__/.t3/worktrees/litedb/t3code-0cc13448/artifacts_temp/audit-chaos/litedb.fuzz.tests/bin/release/net8.0/litedb.fuzz.tests.dll" id="d4dd781d-c9bf-5d46-b133-a99b71a808ed">
      <Execution id="104fa6c4-24ae-4521-a845-06ae8d6426d2" />
      <TestMethod codeBase="__WORKSPACE__/artifacts_temp/audit-chaos/LiteDB.Fuzz.Tests/bin/Release/net8.0/LiteDB.Fuzz.Tests.dll" adapterTypeName="executor://xunit/VsTestRunner2/netcoreapp" className="LiteDB.Fuzz.Tests.FuzzReliability_Tests" name="Interesting_corpus_keeps_the_longest_exact_descriptor_for_a_seed" />
    </UnitTest>
    <UnitTest name="LiteDB.Fuzz.Tests.FuzzReliability_Tests.A_count_bound_run_does_not_start_over_the_budget" storage="__LOCAL_HOME__/.t3/worktrees/litedb/t3code-0cc13448/artifacts_temp/audit-chaos/litedb.fuzz.tests/bin/release/net8.0/litedb.fuzz.tests.dll" id="9d58f0a1-45c1-ecf8-a6a1-804cf5cecec0">
      <Execution id="f981cbf0-738a-4e4d-b096-60e2128ab925" />
      <TestMethod codeBase="__WORKSPACE__/artifacts_temp/audit-chaos/LiteDB.Fuzz.Tests/bin/Release/net8.0/LiteDB.Fuzz.Tests.dll" adapterTypeName="executor://xunit/VsTestRunner2/netcoreapp" className="LiteDB.Fuzz.Tests.FuzzReliability_Tests" name="A_count_bound_run_does_not_start_over_the_budget" />
    </UnitTest>
    <UnitTest name="LiteDB.Fuzz.Tests.SharedLifecycleOracle_Tests.Independent_model_rejects_controlled_bad_states(mutation: &quot;index&quot;)" storage="__LOCAL_HOME__/.t3/worktrees/litedb/t3code-0cc13448/artifacts_temp/audit-chaos/litedb.fuzz.tests/bin/release/net8.0/litedb.fuzz.tests.dll" id="51de91a3-ddcc-b00a-a5ad-4aa88ca7056c">
      <Execution id="10bf3172-f892-456a-8227-9ff1efa911ae" />
      <TestMethod codeBase="__WORKSPACE__/artifacts_temp/audit-chaos/LiteDB.Fuzz.Tests/bin/Release/net8.0/LiteDB.Fuzz.Tests.dll" adapterTypeName="executor://xunit/VsTestRunner2/netcoreapp" className="LiteDB.Fuzz.Tests.SharedLifecycleOracle_Tests" name="Independent_model_rejects_controlled_bad_states" />
    </UnitTest>
    <UnitTest name="LiteDB.Fuzz.Tests.SharedCheckpointCrashScope_Tests.Only_checkpoint_crash_workers_retain_the_native_mutex_after_commit(phase: &quot;checkpoint-after-clear&quot;, retained: True)" storage="__LOCAL_HOME__/.t3/worktrees/litedb/t3code-0cc13448/artifacts_temp/audit-chaos/litedb.fuzz.tests/bin/release/net8.0/litedb.fuzz.tests.dll" id="96b8ccdf-77e2-1a27-536f-58468091cbe5">
      <Execution id="72401f54-2007-424e-b130-fc19addeccea" />
      <TestMethod codeBase="__WORKSPACE__/artifacts_temp/audit-chaos/LiteDB.Fuzz.Tests/bin/Release/net8.0/LiteDB.Fuzz.Tests.dll" adapterTypeName="executor://xunit/VsTestRunner2/netcoreapp" className="LiteDB.Fuzz.Tests.SharedCheckpointCrashScope_Tests" name="Only_checkpoint_crash_workers_retain_the_native_mutex_after_commit" />
    </UnitTest>
    <UnitTest name="LiteDB.Fuzz.Tests.CheckpointedFileVerifier_Tests.Raw_validation_is_read_only_and_rejects_uncheckpointed_or_broken_files(state: &quot;truncated&quot;)" storage="__LOCAL_HOME__/.t3/worktrees/litedb/t3code-0cc13448/artifacts_temp/audit-chaos/litedb.fuzz.tests/bin/release/net8.0/litedb.fuzz.tests.dll" id="046561ec-88ad-0c25-9f56-a91a4bac7612">
      <Execution id="163726c2-a706-4975-bfb0-ba317ae05ffa" />
      <TestMethod codeBase="__WORKSPACE__/artifacts_temp/audit-chaos/LiteDB.Fuzz.Tests/bin/Release/net8.0/LiteDB.Fuzz.Tests.dll" adapterTypeName="executor://xunit/VsTestRunner2/netcoreapp" className="LiteDB.Fuzz.Tests.CheckpointedFileVerifier_Tests" name="Raw_validation_is_read_only_and_rejects_uncheckpointed_or_broken_files" />
    </UnitTest>
  </TestDefinitions>
  <TestEntries>
    <TestEntry testId="147ff2f8-34aa-8c05-7ec6-e752628d3540" executionId="74f8b087-9ece-491f-a626-887c6eb46182" testListId="8c84fa94-04c1-424b-9868-57a2d4851a1d" />
    <TestEntry testId="bb053f17-ecfe-9938-399e-264ce4121aae" executionId="71478b8a-c8a6-4a22-9f09-70a6927405e1" testListId="8c84fa94-04c1-424b-9868-57a2d4851a1d" />
    <TestEntry testId="b33608a1-40de-fca9-b2f7-4ce306605838" executionId="2f7af869-1491-456c-9f11-732412236db5" testListId="8c84fa94-04c1-424b-9868-57a2d4851a1d" />
    <TestEntry testId="7b8c2325-66d3-3e83-a4f0-91f0275d8e44" executionId="5a7e8c72-6c73-412a-8083-e5ac1b505b80" testListId="8c84fa94-04c1-424b-9868-57a2d4851a1d" />
    <TestEntry testId="5bc6b267-1391-3bb0-ebf7-d612cfa4e71c" executionId="928f4e68-7cbe-427f-8c9c-99d84f1d035d" testListId="8c84fa94-04c1-424b-9868-57a2d4851a1d" />
    <TestEntry testId="e5bb1500-6297-f8a2-8324-3e26b812f67a" executionId="c1edfc94-d061-48c2-b9c1-d68d179c970e" testListId="8c84fa94-04c1-424b-9868-57a2d4851a1d" />
    <TestEntry testId="96b8ccdf-77e2-1a27-536f-58468091cbe5" executionId="72401f54-2007-424e-b130-fc19addeccea" testListId="8c84fa94-04c1-424b-9868-57a2d4851a1d" />
    <TestEntry testId="6846bac1-709c-4226-9840-56a82dff0ebf" executionId="6d2e2dfa-4099-47d6-8a63-9ea99a5f2dee" testListId="8c84fa94-04c1-424b-9868-57a2d4851a1d" />
    <TestEntry testId="43867211-d15f-aaa4-4f74-e155557f2a57" executionId="ba5f2dc5-89e6-4612-aa8d-6bc3e84aa31e" testListId="8c84fa94-04c1-424b-9868-57a2d4851a1d" />
    <TestEntry testId="960abe66-cd82-da1b-bda6-e1b9569055e2" executionId="8a124692-d382-481b-abc2-df3721714cdc" testListId="8c84fa94-04c1-424b-9868-57a2d4851a1d" />
    <TestEntry testId="feb772a2-0030-099a-dd56-5006df05026b" executionId="c05615eb-dc36-4ce2-8807-2fcbef2367b4" testListId="8c84fa94-04c1-424b-9868-57a2d4851a1d" />
    <TestEntry testId="b8cbaffd-34bc-0ae9-361a-95ab4d4702dd" executionId="ffef72fe-2908-427f-8e77-c157111571b8" testListId="8c84fa94-04c1-424b-9868-57a2d4851a1d" />
    <TestEntry testId="9e4ca379-7cfd-1f85-126a-1d48aee3dc8f" executionId="fce7a2b8-f9b3-417f-9df5-6cd753d1ed79" testListId="8c84fa94-04c1-424b-9868-57a2d4851a1d" />
    <TestEntry testId="0db8bdff-a049-b3ec-4f4f-db01659db17d" executionId="da06b25e-59f6-4b95-baeb-7a2e8f5011b8" testListId="8c84fa94-04c1-424b-9868-57a2d4851a1d" />
    <TestEntry testId="ffd9a5c9-addc-13f9-e801-3860511d0df2" executionId="acf431de-b897-4ddc-bc9b-d1ef8273b628" testListId="8c84fa94-04c1-424b-9868-57a2d4851a1d" />
    <TestEntry testId="22a51378-9534-bf5d-f96b-cb3d3ad60ee6" executionId="3cedf487-739f-4790-8740-e5df62ccb50b" testListId="8c84fa94-04c1-424b-9868-57a2d4851a1d" />
    <TestEntry testId="3d936208-3f8c-724b-daa7-0ab99254d5d2" executionId="be290569-7147-4121-bcbe-679f0c728ef3" testListId="8c84fa94-04c1-424b-9868-57a2d4851a1d" />
    <TestEntry testId="7ab24a70-f6be-639d-c317-a149e3b11bc3" executionId="017341f4-888f-4b88-ba15-fc3a1a8072d5" testListId="8c84fa94-04c1-424b-9868-57a2d4851a1d" />
    <TestEntry testId="bfe5f971-6493-8110-be47-3306849085f3" executionId="862659c3-eb40-4527-b95d-5dbfda430bb6" testListId="8c84fa94-04c1-424b-9868-57a2d4851a1d" />
    <TestEntry testId="d4dd781d-c9bf-5d46-b133-a99b71a808ed" executionId="104fa6c4-24ae-4521-a845-06ae8d6426d2" testListId="8c84fa94-04c1-424b-9868-57a2d4851a1d" />
    <TestEntry testId="3e3e11b9-57df-4ba6-4545-d4b63f746b72" executionId="315996e8-396a-48b9-8878-a497d8b6d5ed" testListId="8c84fa94-04c1-424b-9868-57a2d4851a1d" />
    <TestEntry testId="1945c8c9-5e4b-e321-8f5e-f849a924825d" executionId="00b05f94-ca38-4119-b3e9-c5c9c49947f9" testListId="8c84fa94-04c1-424b-9868-57a2d4851a1d" />
    <TestEntry testId="6d43594a-1cd6-9730-971c-8abce13240f4" executionId="5d0248cb-3602-4710-95d7-2430f639face" testListId="8c84fa94-04c1-424b-9868-57a2d4851a1d" />
    <TestEntry testId="3cdc1ae5-8ad0-2ec7-a564-6f2dce6aa326" executionId="1210bcc6-2811-46b7-9ea2-12dac7bd06a5" testListId="8c84fa94-04c1-424b-9868-57a2d4851a1d" />
    <TestEntry testId="9d58f0a1-45c1-ecf8-a6a1-804cf5cecec0" executionId="f981cbf0-738a-4e4d-b096-60e2128ab925" testListId="8c84fa94-04c1-424b-9868-57a2d4851a1d" />
    <TestEntry testId="be7daa39-509c-ecae-7146-e4cfcc5d6c16" executionId="c4f33725-16f2-468b-9a98-9de5e7c211de" testListId="8c84fa94-04c1-424b-9868-57a2d4851a1d" />
    <TestEntry testId="c4f27e5c-e1e9-4a2c-9377-3162aded4341" executionId="026cdb56-ddb5-4897-9b43-4e01fe6aced3" testListId="8c84fa94-04c1-424b-9868-57a2d4851a1d" />
    <TestEntry testId="4797c1e5-9a0a-a553-cd46-e83d71b758dd" executionId="79e4bb09-61f2-48f3-8e03-b4dbacb76ba9" testListId="8c84fa94-04c1-424b-9868-57a2d4851a1d" />
    <TestEntry testId="74eaf1cd-6029-1399-7f5b-7e47ec07e155" executionId="3ec5b191-6c2c-44f8-a5f8-4e428978e79d" testListId="8c84fa94-04c1-424b-9868-57a2d4851a1d" />
    <TestEntry testId="8d33690f-448b-fda0-4f07-bfa77ec02f38" executionId="3482856e-42c1-4fd4-a6a4-e954ba07bcce" testListId="8c84fa94-04c1-424b-9868-57a2d4851a1d" />
    <TestEntry testId="046561ec-88ad-0c25-9f56-a91a4bac7612" executionId="163726c2-a706-4975-bfb0-ba317ae05ffa" testListId="8c84fa94-04c1-424b-9868-57a2d4851a1d" />
    <TestEntry testId="979b278b-83e3-d89b-06bc-4c13a236167d" executionId="d0833563-07b8-4852-bf74-90dddaa26874" testListId="8c84fa94-04c1-424b-9868-57a2d4851a1d" />
    <TestEntry testId="40e3da30-5601-5dac-e26d-8efce42b4c68" executionId="b7735fd3-d25b-4c6f-9576-7ceeb7f43b25" testListId="8c84fa94-04c1-424b-9868-57a2d4851a1d" />
    <TestEntry testId="3ba11576-a48b-9941-2493-3882cf4731fa" executionId="09e1e5f1-7089-4b01-becd-5084716f1066" testListId="8c84fa94-04c1-424b-9868-57a2d4851a1d" />
    <TestEntry testId="51de91a3-ddcc-b00a-a5ad-4aa88ca7056c" executionId="10bf3172-f892-456a-8227-9ff1efa911ae" testListId="8c84fa94-04c1-424b-9868-57a2d4851a1d" />
    <TestEntry testId="22e6ce5f-c4fe-c102-5606-290914920230" executionId="400d60d2-ad70-47b7-a2eb-bfcb1e57bb03" testListId="8c84fa94-04c1-424b-9868-57a2d4851a1d" />
  </TestEntries>
  <TestLists>
    <TestList name="Results Not in a List" id="8c84fa94-04c1-424b-9868-57a2d4851a1d" />
    <TestList name="All Loaded Results" id="19431567-8539-422a-85d7-44ee4e166bda" />
  </TestLists>
  <ResultSummary outcome="Completed">
    <Counters total="36" executed="36" passed="36" failed="0" error="0" timeout="0" aborted="0" inconclusive="0" passedButRunAborted="0" notRunnable="0" notExecuted="0" disconnected="0" warning="0" completed="0" inProgress="0" pending="0" />
    <Output>
      <StdOut>[xUnit.net 00:00:00.00] xUnit.net VSTest Adapter v2.8.2+699d445a1a (64-bit .NET 8.0.30)
[xUnit.net 00:00:00.04]   Discovering: LiteDB.Fuzz.Tests
[xUnit.net 00:00:00.08]   Discovered:  LiteDB.Fuzz.Tests
[xUnit.net 00:00:00.08]   Starting:    LiteDB.Fuzz.Tests
ARTIFACT BUDGET 1 MB reached (2 MB in __WORKSPACE__/temporary/litedb-fuzz-tests-d64cbe9d-b237-48cd-8b56-5ae737040b6e); no further epochs for budget-probe worker 0.
FUZZ FAILURE value seed=2984 step=1
START value seed=2984 count=1 worker=0
LiteDB.Fuzz.FuzzFailureException: Corpus input changed: expected deliberately-wrong, actual 8F50246A32FEBD8E42D1AEBE304283D60E9F33FDD32259117967860D4B10CC67.
FAIL value seed=2984 artifacts=__WORKSPACE__/temporary/litedb-fuzz-tests-1111ba8e-54e2-485b-9fcd-5dd666794429/artifacts/20260930-193247-value-s2984-w0-r4ab96934
   at LiteDB.Fuzz.Program.RunAsync(IFuzzTarget target, FuzzOptions options, Int32 worker) in __WORKSPACE__/artifacts_temp/audit-chaos/LiteDB.Fuzz/Program.cs:line 128
FUZZ SUMMARY: 0 passed, 0 known/expected, 1 blocking failures
FAIL value seed=2984 artifacts=__WORKSPACE__/temporary/litedb-fuzz-tests-1111ba8e-54e2-485b-9fcd-5dd666794429/artifacts/20260930-193247-value-s2984-w0-r4ab96934
{"semanticIndexKeys":100,"semanticDocuments":50,"semanticIndexes":2,"integrityPages":5,"integrityPhysicalPages":5}
ARTIFACT BUDGET 1 MB reached (2 MB in __WORKSPACE__/temporary/litedb-fuzz-tests-664624d5-67a0-4193-b1e6-e0b4187f8062); no further epochs for budget-probe worker 0.
[xUnit.net 00:00:05.25]   Finished:    LiteDB.Fuzz.Tests
</StdOut>
    </Output>
  </ResultSummary>
</TestRun>