== BASE: []
== H1 no header frame: []
    Failed LiteDB.Internals.Disk_Tests.Disk_Read_Write
    Failed LiteDB.Internals.Disk_Tests.WriteLogDisk_PartialStreamWrite_RestoresPhysicalLength
    Failed LiteDB.Internals.Disk_Tests.WriteLogDisk_PublicationCollision_DiscardsWritableFrame
    Failed LiteDB.Internals.Disk_Tests.WriteLogDisk_WriteThrows_RollsBackPublicationAndReservation(password: "secret")
    Failed LiteDB.Internals.Disk_Tests.WriteLogDisk_WriteThrows_RollsBackPublicationAndReservation(password: null)
== H2 reader does not skip header frame: []
== H3 sector rule off: []
    Failed LiteDB.Internals.PageChecksum_Tests.CorruptedVersionByte_CannotDisableHeaderChecksums
    Failed LiteDB.Tests.Engine.CompactPromotionFileRecovery_Tests.Damaged_journal_does_not_authorize_a_header_repair(password: "secret")
    Failed LiteDB.Tests.Engine.CompactPromotionRejection_Tests.Damaged_journal_rejections_preserve_sources_and_valid_journal_still_recovers(password: "secret", rejection: "checksum")
    Failed LiteDB.Tests.Engine.CompactPromotionRejection_Tests.Damaged_journal_rejections_preserve_sources_and_valid_journal_still_recovers(password: "secret", rejection: "identity")
    Failed LiteDB.Tests.Engine.CompactPromotionRejection_Tests.Damaged_journal_rejections_preserve_sources_and_valid_journal_still_recovers(password: null, rejection: "checksum")
    Failed LiteDB.Tests.Engine.CompactPromotionRejection_Tests.Damaged_journal_rejections_preserve_sources_and_valid_journal_still_recovers(password: null, rejection: "identity")
== H4 fits rule off: []
    Failed LiteDB.Tests.Regressions.HeaderFrame_Tests.Log_of_a_database_whose_data_file_is_gone_is_never_initialized_over(missing: False)
== H5 missing data file initialized over: []
    Failed LiteDB.Tests.Regressions.HeaderFrame_Tests.Log_of_a_database_whose_data_file_is_gone_is_never_initialized_over(missing: True)
== H6 read-only restore not applied: []
== H7 empty data file not restored: []
    Failed LiteDB.Tests.Regressions.HeaderFrame_Tests.Encrypted_data_file_left_empty_is_restored_from_its_log
    Failed LiteDB.Tests.Regressions.HeaderFrame_Tests.Log_of_a_database_whose_data_file_is_gone_is_never_initialized_over(missing: False)
    Failed LiteDB.Tests.Regressions.HeaderFrame_Tests.Log_of_a_database_whose_data_file_is_gone_is_never_initialized_over(missing: True)
    Failed LiteDB.Tests.Regressions.HeaderFrame_Tests.Opted_out_commits_survive_a_data_file_that_lost_its_header(damage: 0)
    Failed LiteDB.Tests.Regressions.HeaderFrame_Tests.Read_only_open_of_an_empty_data_file_explains_the_restore_and_writes_nothing
    Failed LiteDB.Tests.Regressions.UnsyncableDataFile_Tests.Durable_commits_to_a_database_created_where_only_its_data_file_cannot_sync_are_durable_in_the_wal(shared: False)
    Failed LiteDB.Tests.Regressions.UnsyncableDataFile_Tests.Durable_commits_to_a_database_created_where_only_its_data_file_cannot_sync_are_durable_in_the_wal(shared: True)
== H8 header frame not truncated on failure: []
    Failed LiteDB.Internals.Disk_Tests.WriteLogDisk_PartialStreamWrite_RestoresPhysicalLength
    Failed LiteDB.Tests.Regressions.HeaderFrame_Tests.Failed_header_frame_write_is_truncated_or_stops_the_engine(truncationFails: False)
== D13a bound off: []
    Failed LiteDB.Tests.Internals.WalDurability_Tests.Failed_durable_flush_stops_explicit_and_automatic_transactions(explicitTransaction: False, nonIoFailure: False, password: "secret")
    Failed LiteDB.Tests.Internals.WalDurability_Tests.Failed_durable_flush_stops_explicit_and_automatic_transactions(explicitTransaction: False, nonIoFailure: False, password: null)
    Failed LiteDB.Tests.Internals.WalDurability_Tests.Failed_durable_flush_stops_explicit_and_automatic_transactions(explicitTransaction: False, nonIoFailure: True, password: "secret")
    Failed LiteDB.Tests.Internals.WalDurability_Tests.Failed_durable_flush_stops_explicit_and_automatic_transactions(explicitTransaction: False, nonIoFailure: True, password: null)
    Failed LiteDB.Tests.Internals.WalDurability_Tests.Failed_durable_flush_stops_explicit_and_automatic_transactions(explicitTransaction: True, nonIoFailure: False, password: "secret")
    Failed LiteDB.Tests.Internals.WalDurability_Tests.Failed_durable_flush_stops_explicit_and_automatic_transactions(explicitTransaction: True, nonIoFailure: False, password: null)
    Failed LiteDB.Tests.Internals.WalDurability_Tests.Failed_durable_flush_stops_explicit_and_automatic_transactions(explicitTransaction: True, nonIoFailure: True, password: "secret")
    Failed LiteDB.Tests.Internals.WalDurability_Tests.Failed_durable_flush_stops_explicit_and_automatic_transactions(explicitTransaction: True, nonIoFailure: True, password: null)
== D13b raw length check off: []
    Failed LiteDB.Tests.Regressions.AcknowledgedReopen_Tests.Commits_of_another_connection_on_top_of_the_failed_batch_let_the_files_win
== D13c shared snapshot not bounded: []
    Failed LiteDB.Tests.Regressions.AcknowledgedReopen_Tests.Commits_of_another_connection_on_top_of_the_failed_batch_let_the_files_win
== D14a barrier off: []
    Failed LiteDB.Tests.Regressions.FreshEngineDurability_Tests.Data_file_replaced_at_its_path_is_proven_again_unless_it_has_the_synced_header(sameHeader: False)
    Failed LiteDB.Tests.Regressions.HeaderFrame_Tests.Shared_connection_runs_the_data_barrier_once(dataSyncs: True)
== D14b shared barrier every op: []
    Failed LiteDB.Tests.Regressions.HeaderFrame_Tests.Shared_connection_runs_the_data_barrier_once(dataSyncs: True)
== P1 proof before MoveNext: []
    Failed LiteDB.Tests.Regressions.HeaderFrame_Tests.Write_that_changes_nothing_needs_no_log_proof
== P2 caller log stream remembered: []
    Failed LiteDB.Tests.Regressions.HeaderFrame_Tests.Caller_log_stream_is_not_remembered_as_proven
restored

# Notes (after the run)
- H2 survived this run; d8ff605df adds Header_frame_is_never_read_as_a_page, which kills it (both rows fail).
- H6 is an equivalent mutant: a read-only open reads its header from TakeOpeningHeader, which holds the
  restored bytes; the _recoveredHeader substitution only serves ReadFull(Data), which an existing file's
  open never reaches (the header-journal path has the same shape). Kept for consistency with that path.
- The per-mutation counts above are capped at 8 printed failures.
