  Determining projects to restore...
__WORKSPACE__/artifacts_temp/safety-net8/LiteDB/LiteDB.csproj : warning NU1510: PackageReference System.ComponentModel.TypeConverter will not be pruned. This package is automatically available and does not need to be referenced explicitly. Remove the PackageReference item. [__WORKSPACE__/artifacts_temp/safety-net8/LiteDB.Tests/LiteDB.Tests.csproj]
  All projects are up-to-date for restore.
__WORKSPACE__/artifacts_temp/safety-net8/LiteDB/LiteDB.csproj : warning NU1510: PackageReference System.ComponentModel.TypeConverter will not be pruned. This package is automatically available and does not need to be referenced explicitly. Remove the PackageReference item. [TargetFramework=net8.0]
  LiteDB -> __WORKSPACE__/artifacts_temp/safety-net8/LiteDB/bin/Release/net8.0/LiteDB.dll
  SharedMutexHarness -> __WORKSPACE__/artifacts_temp/safety-net8/LiteDB.Tests.SharedMutexHarness/bin/Release/net8.0/SharedMutexHarness.dll
  LiteDB.Tests -> __WORKSPACE__/artifacts_temp/safety-net8/LiteDB.Tests/bin/Release/net8.0/LiteDB.Tests.dll
Test run for __WORKSPACE__/artifacts_temp/safety-net8/LiteDB.Tests/bin/Release/net8.0/LiteDB.Tests.dll (.NETCoreApp,Version=v8.0)
A total of 1 test files matched the specified pattern.
[xUnit.net 00:03:00.74]     LiteDB.Internals.SharedFollowupProcess_Tests.Killing_a_waiter_while_it_owns_the_turnstile_does_not_abandon_the_database [FAIL]
  Failed LiteDB.Internals.SharedFollowupProcess_Tests.Killing_a_waiter_while_it_owns_the_turnstile_does_not_abandon_the_database [1 s]
  Error Message:
   System.Exception : Unhandled exception. System.Reflection.TargetParameterCountException: Parameter count mismatch.
   at System.Reflection.MethodBaseInvoker.ThrowTargetParameterCountException()
   at System.Reflection.RuntimeMethodInfo.Invoke(Object obj, BindingFlags invokeAttr, Binder binder, Object[] parameters, CultureInfo culture)
   at SharedFollowupHarness.TryRun(String mode, String filename, String password) in __WORKSPACE__/artifacts_temp/safety-net8/LiteDB.Tests.SharedMutexHarness/SharedFollowupHarness.cs:line 48
   at MvccHarness.TryRun(String[] args) in __WORKSPACE__/artifacts_temp/safety-net8/LiteDB.Tests.SharedMutexHarness/MvccHarness.cs:line 24
   at Program.<Main>$(String[] args) in __WORKSPACE__/artifacts_temp/safety-net8/LiteDB.Tests.SharedMutexHarness/Program.cs:line 8

  Stack Trace:
     at LiteDB.Internals.MvccProcess.Expect(String expected) in __WORKSPACE__/artifacts_temp/safety-net8/LiteDB.Tests/Internals/MvccProcess.cs:line 48
   at LiteDB.Internals.SharedFollowupProcess_Tests.Killing_a_waiter_while_it_owns_the_turnstile_does_not_abandon_the_database() in __WORKSPACE__/artifacts_temp/safety-net8/LiteDB.Tests/Internals/SharedFollowupProcess_Tests.cs:line 34
--- End of stack trace from previous location ---
[xUnit.net 00:03:05.85]     LiteDB.Internals.SharedFollowupProcess_Tests.Killing_a_scoped_owner_recovers_acknowledged_data_and_admits_a_queued_process [FAIL]
  Failed LiteDB.Internals.SharedFollowupProcess_Tests.Killing_a_scoped_owner_recovers_acknowledged_data_and_admits_a_queued_process [1 s]
  Error Message:
   System.Exception : Unhandled exception. System.Reflection.TargetParameterCountException: Parameter count mismatch.
   at System.Reflection.MethodBaseInvoker.ThrowTargetParameterCountException()
   at System.Reflection.RuntimeMethodInfo.Invoke(Object obj, BindingFlags invokeAttr, Binder binder, Object[] parameters, CultureInfo culture)
   at SharedFollowupHarness.TryRun(String mode, String filename, String password) in __WORKSPACE__/artifacts_temp/safety-net8/LiteDB.Tests.SharedMutexHarness/SharedFollowupHarness.cs:line 56
   at MvccHarness.TryRun(String[] args) in __WORKSPACE__/artifacts_temp/safety-net8/LiteDB.Tests.SharedMutexHarness/MvccHarness.cs:line 24
   at Program.<Main>$(String[] args) in __WORKSPACE__/artifacts_temp/safety-net8/LiteDB.Tests.SharedMutexHarness/Program.cs:line 8

  Stack Trace:
     at LiteDB.Internals.MvccProcess.Expect(String expected) in __WORKSPACE__/artifacts_temp/safety-net8/LiteDB.Tests/Internals/MvccProcess.cs:line 48
   at LiteDB.Internals.SharedFollowupProcess_Tests.Killing_a_scoped_owner_recovers_acknowledged_data_and_admits_a_queued_process() in __WORKSPACE__/artifacts_temp/safety-net8/LiteDB.Tests/Internals/SharedFollowupProcess_Tests.cs:line 48
--- End of stack trace from previous location ---
Results File: __WORKSPACE__/artifacts_temp/safety-net8/LiteDB.Tests/TestResults/safety-review-shared-process-net8.0.trx

Failed!  - Failed:     2, Passed:   238, Skipped:     0, Total:   240, Duration: 3 m 54 s - LiteDB.Tests.dll (net8.0)
