2026-09-30T10:49:51.6581959Z Current runner version: '2.337.0'
2026-09-30T10:49:51.6609626Z ##[group]Runner Image Provisioner
2026-09-30T10:49:51.6610913Z Hosted Compute Agent
2026-09-30T10:49:51.6612157Z Version: 20260828.587
2026-09-30T10:49:51.6613178Z Commit: abac92662cab4cc7352de4f9f9d2e2419aad9c29
2026-09-30T10:49:51.6614629Z Build Date: 2026-08-28T16:44:25Z
2026-09-30T10:49:51.6615696Z Worker ID: {a614ceb7-83da-40c3-b4ef-b3804ee66953}
2026-09-30T10:49:51.6616456Z Azure Region: eastus
2026-09-30T10:49:51.6617091Z ##[endgroup]
2026-09-30T10:49:51.6619354Z ##[group]Operating System
2026-09-30T10:49:51.6620060Z Ubuntu
2026-09-30T10:49:51.6620738Z 24.04.5
2026-09-30T10:49:51.6621288Z LTS
2026-09-30T10:49:51.6621851Z ##[endgroup]
2026-09-30T10:49:51.6622444Z ##[group]Runner Image
2026-09-30T10:49:51.6623051Z Image: ubuntu-24.04
2026-09-30T10:49:51.6623718Z Version: 20260920.314.1
2026-09-30T10:49:51.6625366Z Included Software: https://github.com/actions/runner-images/blob/ubuntu24/20260920.314/images/ubuntu/Ubuntu2404-Readme.md
2026-09-30T10:49:51.6627064Z Image Release: https://github.com/actions/runner-images/releases/tag/ubuntu24%2F20260920.314
2026-09-30T10:49:51.6628067Z ##[endgroup]
2026-09-30T10:49:51.6631374Z ##[group]GITHUB_TOKEN Permissions
2026-09-30T10:49:51.6633937Z Actions: write
2026-09-30T10:49:51.6634942Z ArtifactMetadata: write
2026-09-30T10:49:51.6635575Z Attestations: write
2026-09-30T10:49:51.6636230Z Checks: write
2026-09-30T10:49:51.6636806Z CodeQuality: write
2026-09-30T10:49:51.6637383Z Contents: write
2026-09-30T10:49:51.6638011Z CopilotRequests: write
2026-09-30T10:49:51.6638627Z Deployments: write
2026-09-30T10:49:51.6639184Z Discussions: write
2026-09-30T10:49:51.6639879Z Drives: write
2026-09-30T10:49:51.6640425Z Issues: write
2026-09-30T10:49:51.6641013Z Metadata: read
2026-09-30T10:49:51.6641672Z Models: read
2026-09-30T10:49:51.6642228Z Packages: write
2026-09-30T10:49:51.6642860Z Pages: write
2026-09-30T10:49:51.6643415Z PullRequests: write
2026-09-30T10:49:51.6644233Z RepositoryProjects: write
2026-09-30T10:49:51.6644981Z SecurityEvents: write
2026-09-30T10:49:51.6645581Z Statuses: write
2026-09-30T10:49:51.6646276Z VulnerabilityAlerts: read
2026-09-30T10:49:51.6646894Z ##[endgroup]
2026-09-30T10:49:51.6649647Z Secret source: Actions
2026-09-30T10:49:51.6650685Z Cache mode: write
2026-09-30T10:49:51.6651732Z Prepare workflow directory
2026-09-30T10:49:51.6991542Z Prepare all required actions
2026-09-30T10:49:51.7040379Z Getting action download info
2026-09-30T10:49:51.9659847Z Download action repository 'actions/checkout@v4' (SHA:11d5960a326750d5838078e36cf38b85af677262)
2026-09-30T10:49:52.0657320Z Download action repository 'actions/setup-dotnet@v4' (SHA:67a3573c9a986a3f9c594539f4ab511d57bb3ce9)
2026-09-30T10:49:52.2458557Z Download action repository 'actions/download-artifact@v4' (SHA:d3f86a106a0bac45b974a628896c90dbdf5c8093)
2026-09-30T10:49:52.3993370Z Download action repository 'actions/upload-artifact@v4' (SHA:ea165f8d65b6e75b540449e92b4886f43607fa02)
2026-09-30T10:49:52.6085179Z Uses: JKamsker/LiteDB/.github/workflows/reprorunner.yml@refs/pull/133/merge (67fd0a2bb892d86cfd7c06b2f3924a4ca31d81a6)
2026-09-30T10:49:52.6090041Z ##[group] Inputs
2026-09-30T10:49:52.6090576Z   filter: 
2026-09-30T10:49:52.6091009Z   ref: 
2026-09-30T10:49:52.6091438Z   tier: full
2026-09-30T10:49:52.6091900Z ##[endgroup]
2026-09-30T10:49:52.6092645Z Complete job name: repro-runner / Run Issue_3067_HandleCallbackSelfWait on ubuntu-24.04
2026-09-30T10:49:52.6906457Z ##[group]Run actions/checkout@v4
2026-09-30T10:49:52.6907327Z with:
2026-09-30T10:49:52.6907768Z   ref: refs/pull/133/merge
2026-09-30T10:49:52.6908285Z   repository: JKamsker/LiteDB
2026-09-30T10:49:52.6912602Z   token: ***
2026-09-30T10:49:52.6913044Z   ssh-strict: true
2026-09-30T10:49:52.6913487Z   ssh-user: git
2026-09-30T10:49:52.6913939Z   persist-credentials: true
2026-09-30T10:49:52.6914597Z   clean: true
2026-09-30T10:49:52.6915064Z   sparse-checkout-cone-mode: true
2026-09-30T10:49:52.6915637Z   fetch-depth: 1
2026-09-30T10:49:52.6916075Z   fetch-tags: false
2026-09-30T10:49:52.6916779Z   show-progress: true
2026-09-30T10:49:52.6917299Z   lfs: false
2026-09-30T10:49:52.6917766Z   submodules: false
2026-09-30T10:49:52.6918229Z   set-safe-directory: true
2026-09-30T10:49:52.6918753Z   allow-unsafe-pr-checkout: false
2026-09-30T10:49:52.6919633Z ##[endgroup]
2026-09-30T10:49:52.7923592Z Syncing repository: JKamsker/LiteDB
2026-09-30T10:49:52.7926406Z ##[group]Getting Git version info
2026-09-30T10:49:52.7927516Z Working directory is '__CI_HOME__/work/LiteDB/LiteDB'
2026-09-30T10:49:52.7929107Z [command]/usr/bin/git version
2026-09-30T10:49:52.8052602Z git version 2.55.0
2026-09-30T10:49:52.8077397Z ##[endgroup]
2026-09-30T10:49:52.8094212Z Temporarily overriding HOME='__CI_HOME__/work/_temp/51a5cd76-28ea-403c-a790-f480acf9da3a' before making global git config changes
2026-09-30T10:49:52.8097323Z Adding repository directory to the temporary git global config as a safe directory
2026-09-30T10:49:52.8102074Z [command]/usr/bin/git config --global --add safe.directory __CI_WORKSPACE__
2026-09-30T10:49:52.8171888Z Deleting the contents of '__CI_HOME__/work/LiteDB/LiteDB'
2026-09-30T10:49:52.8177000Z ##[group]Initializing the repository
2026-09-30T10:49:52.8181036Z [command]/usr/bin/git init __CI_WORKSPACE__
2026-09-30T10:49:52.8321091Z hint: Using 'master' as the name for the initial branch. This default branch name
2026-09-30T10:49:52.8322770Z hint: will change to "main" in Git 3.0. To configure the initial branch name
2026-09-30T10:49:52.8324711Z hint: to use in all of your new repositories, which will suppress this warning,
2026-09-30T10:49:52.8326054Z hint: call:
2026-09-30T10:49:52.8326753Z hint:
2026-09-30T10:49:52.8327656Z hint: 	git config --global init.defaultBranch <name>
2026-09-30T10:49:52.8328791Z hint:
2026-09-30T10:49:52.8329953Z hint: Names commonly chosen instead of 'master' are 'main', 'trunk' and
2026-09-30T10:49:52.8331715Z hint: 'development'. The just-created branch can be renamed via this command:
2026-09-30T10:49:52.8333169Z hint:
2026-09-30T10:49:52.8333989Z hint: 	git branch -m <name>
2026-09-30T10:49:52.8335138Z hint:
2026-09-30T10:49:52.8336312Z hint: Disable this message with "git config set advice.defaultBranchName false"
2026-09-30T10:49:52.8338197Z Initialized empty Git repository in __CI_WORKSPACE__/.git/
2026-09-30T10:49:52.8345017Z [command]/usr/bin/git remote add origin https://github.com/JKamsker/LiteDB
2026-09-30T10:49:52.8400034Z ##[endgroup]
2026-09-30T10:49:52.8401489Z ##[group]Disabling automatic garbage collection
2026-09-30T10:49:52.8406443Z [command]/usr/bin/git config --local gc.auto 0
2026-09-30T10:49:52.8441033Z ##[endgroup]
2026-09-30T10:49:52.8442373Z ##[group]Setting up auth
2026-09-30T10:49:52.8449750Z [command]/usr/bin/git config --local --name-only --get-regexp core\.sshCommand
2026-09-30T10:49:52.8485001Z [command]/usr/bin/git submodule foreach --recursive sh -c "git config --local --name-only --get-regexp 'core\.sshCommand' && git config --local --unset-all 'core.sshCommand' || :"
2026-09-30T10:49:52.8932284Z [command]/usr/bin/git config --local --name-only --get-regexp http\.https\:\/\/github\.com\/\.extraheader
2026-09-30T10:49:52.8975784Z [command]/usr/bin/git submodule foreach --recursive sh -c "git config --local --name-only --get-regexp 'http\.https\:\/\/github\.com\/\.extraheader' && git config --local --unset-all 'http.https://github.com/.extraheader' || :"
2026-09-30T10:49:52.9225529Z [command]/usr/bin/git config --local --name-only --get-regexp ^includeIf\.gitdir:
2026-09-30T10:49:52.9261929Z [command]/usr/bin/git submodule foreach --recursive git config --local --show-origin --name-only --get-regexp remote.origin.url
2026-09-30T10:49:52.9487412Z [command]/usr/bin/git config --local http.https://github.com/.extraheader AUTHORIZATION: basic ***
2026-09-30T10:49:52.9570582Z ##[endgroup]
2026-09-30T10:49:52.9571829Z ##[group]Fetching the repository
2026-09-30T10:49:52.9579166Z [command]/usr/bin/git -c protocol.version=2 fetch --no-tags --prune --no-recurse-submodules --depth=1 origin +refs/pull/133/merge:refs/remotes/pull/133/merge
2026-09-30T10:49:53.8801393Z From https://github.com/JKamsker/LiteDB
2026-09-30T10:49:53.8802795Z  * [new ref]         refs/pull/133/merge -> pull/133/merge
2026-09-30T10:49:53.8807045Z ##[endgroup]
2026-09-30T10:49:53.8808636Z ##[group]Determining the checkout info
2026-09-30T10:49:53.8810144Z ##[endgroup]
2026-09-30T10:49:53.8814468Z [command]/usr/bin/git sparse-checkout disable
2026-09-30T10:49:53.8882841Z [command]/usr/bin/git config --local --unset-all extensions.worktreeConfig
2026-09-30T10:49:53.8917686Z ##[group]Checking out the ref
2026-09-30T10:49:53.8920436Z [command]/usr/bin/git checkout --progress --force refs/remotes/pull/133/merge
2026-09-30T10:49:54.0217059Z Note: switching to 'refs/remotes/pull/133/merge'.
2026-09-30T10:49:54.0218484Z 
2026-09-30T10:49:54.0219269Z You are in 'detached HEAD' state. You can look around, make experimental
2026-09-30T10:49:54.0221196Z changes and commit them, and you can discard any commits you make in this
2026-09-30T10:49:54.0223225Z state without impacting any branches by switching back to a branch.
2026-09-30T10:49:54.0225187Z 
2026-09-30T10:49:54.0226515Z If you want to create a new branch to retain commits you create, you may
2026-09-30T10:49:54.0229593Z do so (now or later) by using -c with the switch command. Example:
2026-09-30T10:49:54.0231357Z 
2026-09-30T10:49:54.0232127Z   git switch -c <new-branch-name>
2026-09-30T10:49:54.0233369Z 
2026-09-30T10:49:54.0234337Z Or undo this operation with:
2026-09-30T10:49:54.0235516Z 
2026-09-30T10:49:54.0236333Z   git switch -
2026-09-30T10:49:54.0237271Z 
2026-09-30T10:49:54.0238688Z Turn off this advice by setting config variable advice.detachedHead to false
2026-09-30T10:49:54.0240749Z 
2026-09-30T10:49:54.0243139Z HEAD is now at 67fd0a2 Merge 7e13e58e5f4e40642492ce768b49018e4a958c8b into 5dd942a7367c361fadd600be4ce10aace2768b27
2026-09-30T10:49:54.0249511Z ##[endgroup]
2026-09-30T10:49:54.0284625Z [command]/usr/bin/git log -1 --format=%H
2026-09-30T10:49:54.0313531Z 67fd0a2bb892d86cfd7c06b2f3924a4ca31d81a6
2026-09-30T10:49:54.0639466Z ##[group]Run actions/setup-dotnet@v4
2026-09-30T10:49:54.0640683Z with:
2026-09-30T10:49:54.0641478Z   dotnet-version: 8.0.x
2026-09-30T10:49:54.0642417Z   cache: false
2026-09-30T10:49:54.0643217Z ##[endgroup]
2026-09-30T10:49:54.2129535Z (node:2263) [DEP0040] DeprecationWarning: The `punycode` module is deprecated. Please use a userland alternative instead.
2026-09-30T10:49:54.2132783Z (Use `node --trace-deprecation ...` to show where the warning was created)
2026-09-30T10:49:54.2182368Z [command]__CI_HOME__/work/_actions/actions/setup-dotnet/v4/externals/install-dotnet.sh --skip-non-versioned-files --runtime dotnet --channel LTS
2026-09-30T10:49:54.7013132Z dotnet-install: .NET Core Runtime with version '10.0.12' is already installed.
2026-09-30T10:49:54.7040237Z [command]__CI_HOME__/work/_actions/actions/setup-dotnet/v4/externals/install-dotnet.sh --skip-non-versioned-files --channel 8.0
2026-09-30T10:49:54.9339031Z dotnet-install: .NET Core SDK with version '8.0.425' is already installed.
2026-09-30T10:49:54.9551248Z ##[group]Run actions/download-artifact@v4
2026-09-30T10:49:54.9551806Z with:
2026-09-30T10:49:54.9552209Z   name: reprorunner-cli
2026-09-30T10:49:54.9552656Z   merge-multiple: false
2026-09-30T10:49:54.9553094Z   repository: JKamsker/LiteDB
2026-09-30T10:49:54.9553551Z   run-id: 36704366871
2026-09-30T10:49:54.9553958Z env:
2026-09-30T10:49:54.9554823Z   DOTNET_ROOT: /usr/share/dotnet
2026-09-30T10:49:54.9555308Z ##[endgroup]
2026-09-30T10:49:55.1260971Z Downloading single artifact
2026-09-30T10:49:55.1399690Z (node:2455) [DEP0040] DeprecationWarning: The `punycode` module is deprecated. Please use a userland alternative instead.
2026-09-30T10:49:55.1400985Z (Use `node --trace-deprecation ...` to show where the warning was created)
2026-09-30T10:49:55.2066982Z Preparing to download the following artifacts:
2026-09-30T10:49:55.2068957Z - reprorunner-cli (ID: 11090724160, Size: 609762, Expected Digest: sha256:5e6b5ef8c6889ee503553b100e2f74e011f782ed82ae827d8fef114846153ad8)
2026-09-30T10:49:55.3274029Z Redirecting to blob download url: https://productionresultssa14.blob.core.windows.net/actions-results/10822c21-6f1b-801d-bbf9-b6a7950314c3/workflow-job-run-7d283849-09d3-5db8-8f6f-3eb136f94f44/artifacts/39c7c4ce616b9b23fee9439e3a83ee9dbc6ff20c3990796b2e7f27cad974c831.zip
2026-09-30T10:49:55.3276172Z Starting download of artifact to: __CI_WORKSPACE__
2026-09-30T10:49:55.3583856Z (node:2455) [DEP0005] DeprecationWarning: Buffer() is deprecated due to security and usability issues. Please use the Buffer.alloc(), Buffer.allocUnsafe(), or Buffer.from() methods instead.
2026-09-30T10:49:55.3789741Z SHA256 digest of downloaded artifact is 5e6b5ef8c6889ee503553b100e2f74e011f782ed82ae827d8fef114846153ad8
2026-09-30T10:49:55.3791745Z Artifact download completed successfully.
2026-09-30T10:49:55.3792893Z Total of 1 artifact(s) downloaded
2026-09-30T10:49:55.3797792Z Download artifact has finished successfully
2026-09-30T10:49:55.3997854Z ##[group]Run mkdir -p reprorunner-cli
2026-09-30T10:49:55.3998364Z [36;1mmkdir -p reprorunner-cli[0m
2026-09-30T10:49:55.3998796Z [36;1mtar -xzf reprorunner-cli.tar.gz -C reprorunner-cli[0m
2026-09-30T10:49:55.4314486Z shell: /usr/bin/bash --noprofile --norc -e -o pipefail {0}
2026-09-30T10:49:55.4314980Z env:
2026-09-30T10:49:55.4315271Z   DOTNET_ROOT: /usr/share/dotnet
2026-09-30T10:49:55.4315604Z ##[endgroup]
2026-09-30T10:49:55.4634874Z ##[group]Run set -euo pipefail
2026-09-30T10:49:55.4635319Z [36;1mset -euo pipefail[0m
2026-09-30T10:49:55.4635715Z [36;1mdotnet reprorunner-cli/LiteDB.ReproRunner.Cli.dll \[0m
2026-09-30T10:49:55.4636274Z [36;1m  run Issue_3067_HandleCallbackSelfWait --ci --target-os "ubuntu-24.04"[0m
2026-09-30T10:49:55.4703178Z shell: /usr/bin/bash --noprofile --norc -e -o pipefail {0}
2026-09-30T10:49:55.4703592Z env:
2026-09-30T10:49:55.4703849Z   DOTNET_ROOT: /usr/share/dotnet
2026-09-30T10:49:55.4704454Z ##[endgroup]
2026-09-30T10:49:57.2733571Z Discovered repro: Issue_3067_HandleCallbackSelfWait
2026-09-30T10:49:57.2735130Z BUILD: Starting build for 2 variants across 1 repros
2026-09-30T10:50:18.3304390Z BUILD: Build completed. Processing 2 results
2026-09-30T10:50:18.3311388Z BUILD: Package build failed for Issue_3067_HandleCallbackSelfWait 
2026-09-30T10:50:18.3312544Z (0.0.0-knownbad.eb01f346eb7d)
2026-09-30T10:50:19.2172156Z FAIL: Issue_3067_HandleCallbackSelfWait package - Variant did not execute.
2026-09-30T10:50:19.2208749Z Completed execution for Issue_3067_HandleCallbackSelfWait
2026-09-30T10:50:19.2215255Z 
2026-09-30T10:50:19.2778427Z ╭─────────────────┬────────────────┬────────────────┬────────────────┬─────────╮
2026-09-30T10:50:19.2779951Z │ Repro           │ Repro Version  │ Package check  │ Source check   │ Overall │
2026-09-30T10:50:19.2781572Z ├─────────────────┼────────────────┼────────────────┼────────────────┼─────────┤
2026-09-30T10:50:19.2802158Z │ Issue_3067_Hand │ 0.0.0-knownbad │ [38;5;11m⚠️[0m no-run [2m(exp [0m │ [38;5;2m✅[0m exit 10     │ [38;5;9m❌[0m [38;5;9mred[0m  │
2026-09-30T10:50:19.2804481Z │ leCallbackSelfW │ .eb01f346eb7d  │ [2mrepro)[0m         │ [2m(exp no-repro)[0m │         │
2026-09-30T10:50:19.2811210Z │ ait             │                │                │                │         │
2026-09-30T10:50:19.2812622Z ╰─────────────────┴────────────────┴────────────────┴────────────────┴─────────╯
2026-09-30T10:50:19.2813446Z 
2026-09-30T10:50:19.2815709Z [38;5;9mBuild failed for Issue_3067_HandleCallbackSelfWait [0m
2026-09-30T10:50:19.2817074Z [38;5;9m(0.0.0-knownbad.eb01f346eb7d).[0m
2026-09-30T10:50:19.2818013Z   Determining projects to restore...
2026-09-30T10:50:19.2818718Z   Restored 
2026-09-30T10:50:19.2819665Z __CI_WORKSPACE__/LiteDB.ReproRunner/LiteDB.ReproRunner.Shared/Lit
2026-09-30T10:50:19.2820825Z eDB.ReproRunner.Shared.csproj (in 101 ms).
2026-09-30T10:50:19.2821951Z __CI_WORKSPACE__/LiteDB.ReproRunner/Repros/Issue_3067_HandleCallb
2026-09-30T10:50:19.2823825Z ackSelfWait/Issue_3067_HandleCallbackSelfWait.csproj : warning NU1603: 
2026-09-30T10:50:19.2825431Z Issue_3067_HandleCallbackSelfWait depends on LiteDB (>= 
2026-09-30T10:50:19.2826614Z 0.0.0-knownbad.eb01f346eb7d) but LiteDB 0.0.0-knownbad.eb01f346eb7d was not 
2026-09-30T10:50:19.2827842Z found. LiteDB 0.5.0 was resolved instead.
2026-09-30T10:50:19.2829055Z __CI_WORKSPACE__/LiteDB.ReproRunner/Repros/Issue_3067_HandleCallb
2026-09-30T10:50:19.2830505Z ackSelfWait/Issue_3067_HandleCallbackSelfWait.csproj : warning NU1904: Package 
2026-09-30T10:50:19.2831861Z 'LiteDB' 0.5.0 has a known critical severity vulnerability, 
2026-09-30T10:50:19.2832971Z https://github.com/advisories/GHSA-3x49-g6rc-c284
2026-09-30T10:50:19.2834439Z __CI_WORKSPACE__/LiteDB.ReproRunner/Repros/Issue_3067_HandleCallb
2026-09-30T10:50:19.2836017Z ackSelfWait/Issue_3067_HandleCallbackSelfWait.csproj : warning NU1701: Package 
2026-09-30T10:50:19.2837346Z 'LiteDB 0.5.0' was restored using '.NETFramework,Version=v4.6.1, 
2026-09-30T10:50:19.2838507Z .NETFramework,Version=v4.6.2, .NETFramework,Version=v4.7, 
2026-09-30T10:50:19.2839585Z .NETFramework,Version=v4.7.1, .NETFramework,Version=v4.7.2, 
2026-09-30T10:50:19.2840791Z .NETFramework,Version=v4.8, .NETFramework,Version=v4.8.1' instead of the project
2026-09-30T10:50:19.2842129Z target framework 'net8.0'. This package may not be fully compatible with your 
2026-09-30T10:50:19.2843529Z project.
2026-09-30T10:50:19.2844443Z   Restored 
2026-09-30T10:50:19.2845638Z __CI_WORKSPACE__/LiteDB.ReproRunner/Repros/Issue_3067_HandleCallb
2026-09-30T10:50:19.2846963Z ackSelfWait/Issue_3067_HandleCallbackSelfWait.csproj (in 635 ms).
2026-09-30T10:50:19.2848283Z __CI_WORKSPACE__/LiteDB.ReproRunner/Repros/Issue_3067_HandleCallb
2026-09-30T10:50:19.2849589Z ackSelfWait/Issue_3067_HandleCallbackSelfWait.csproj : warning NU1603: 
2026-09-30T10:50:19.2850726Z Issue_3067_HandleCallbackSelfWait depends on LiteDB (>= 
2026-09-30T10:50:19.2851832Z 0.0.0-knownbad.eb01f346eb7d) but LiteDB 0.0.0-knownbad.eb01f346eb7d was not 
2026-09-30T10:50:19.2852931Z found. LiteDB 0.5.0 was resolved instead.
2026-09-30T10:50:19.2854335Z __CI_WORKSPACE__/LiteDB.ReproRunner/Repros/Issue_3067_HandleCallb
2026-09-30T10:50:19.2855801Z ackSelfWait/Issue_3067_HandleCallbackSelfWait.csproj : warning NU1904: Package 
2026-09-30T10:50:19.2857069Z 'LiteDB' 0.5.0 has a known critical severity vulnerability, 
2026-09-30T10:50:19.2858066Z https://github.com/advisories/GHSA-3x49-g6rc-c284
2026-09-30T10:50:19.2859187Z __CI_WORKSPACE__/LiteDB.ReproRunner/Repros/Issue_3067_HandleCallb
2026-09-30T10:50:19.2860559Z ackSelfWait/Issue_3067_HandleCallbackSelfWait.csproj : warning NU1701: Package 
2026-09-30T10:50:19.2861785Z 'LiteDB 0.5.0' was restored using '.NETFramework,Version=v4.6.1, 
2026-09-30T10:50:19.2862886Z .NETFramework,Version=v4.6.2, .NETFramework,Version=v4.7, 
2026-09-30T10:50:19.2864034Z .NETFramework,Version=v4.7.1, .NETFramework,Version=v4.7.2, 
2026-09-30T10:50:19.2865834Z .NETFramework,Version=v4.8, .NETFramework,Version=v4.8.1' instead of the project
2026-09-30T10:50:19.2867246Z target framework 'net8.0'. This package may not be fully compatible with your 
2026-09-30T10:50:19.2868236Z project.
2026-09-30T10:50:19.2868826Z   LiteDB.ReproRunner.Shared -> 
2026-09-30T10:50:19.2869872Z __CI_WORKSPACE__/reprorunner-cli/runs/Issue_3067_HandleCallbackSe
2026-09-30T10:50:19.2871249Z lfWait/ver_0_0_0_knownbad_eb01f346eb7d/build/LiteDB.ReproRunner.Shared.dll
2026-09-30T10:50:19.2872655Z __CI_WORKSPACE__/LiteDB.ReproRunner/Repros/Issue_3067_HandleCallb
2026-09-30T10:50:19.2874442Z ackSelfWait/Program.cs(72,6): error CS0616: 'BsonIgnoreAttribute' is not an 
2026-09-30T10:50:19.2875922Z attribute class 
2026-09-30T10:50:19.2877059Z [__CI_WORKSPACE__/LiteDB.ReproRunner/Repros/Issue_3067_HandleCall
2026-09-30T10:50:19.2878364Z backSelfWait/Issue_3067_HandleCallbackSelfWait.csproj]
2026-09-30T10:50:19.2879088Z 
2026-09-30T10:50:19.2879837Z Build FAILED.
2026-09-30T10:50:19.2880392Z 
2026-09-30T10:50:19.2881202Z __CI_WORKSPACE__/LiteDB.ReproRunner/Repros/Issue_3067_HandleCallb
2026-09-30T10:50:19.2882671Z ackSelfWait/Issue_3067_HandleCallbackSelfWait.csproj : warning NU1603: 
2026-09-30T10:50:19.2883928Z Issue_3067_HandleCallbackSelfWait depends on LiteDB (>= 
2026-09-30T10:50:19.2885616Z 0.0.0-knownbad.eb01f346eb7d) but LiteDB 0.0.0-knownbad.eb01f346eb7d was not 
2026-09-30T10:50:19.2886777Z found. LiteDB 0.5.0 was resolved instead.
2026-09-30T10:50:19.2888038Z __CI_WORKSPACE__/LiteDB.ReproRunner/Repros/Issue_3067_HandleCallb
2026-09-30T10:50:19.2889548Z ackSelfWait/Issue_3067_HandleCallbackSelfWait.csproj : warning NU1904: Package 
2026-09-30T10:50:19.2890885Z 'LiteDB' 0.5.0 has a known critical severity vulnerability, 
2026-09-30T10:50:19.2892042Z https://github.com/advisories/GHSA-3x49-g6rc-c284
2026-09-30T10:50:19.2893283Z __CI_WORKSPACE__/LiteDB.ReproRunner/Repros/Issue_3067_HandleCallb
2026-09-30T10:50:19.2895060Z ackSelfWait/Issue_3067_HandleCallbackSelfWait.csproj : warning NU1701: Package 
2026-09-30T10:50:19.2896370Z 'LiteDB 0.5.0' was restored using '.NETFramework,Version=v4.6.1, 
2026-09-30T10:50:19.2897484Z .NETFramework,Version=v4.6.2, .NETFramework,Version=v4.7, 
2026-09-30T10:50:19.2898544Z .NETFramework,Version=v4.7.1, .NETFramework,Version=v4.7.2, 
2026-09-30T10:50:19.2900210Z .NETFramework,Version=v4.8, .NETFramework,Version=v4.8.1' instead of the project
2026-09-30T10:50:19.2901801Z target framework 'net8.0'. This package may not be fully compatible with your 
2026-09-30T10:50:19.2902969Z project.
2026-09-30T10:50:19.2903953Z __CI_WORKSPACE__/LiteDB.ReproRunner/Repros/Issue_3067_HandleCallb
2026-09-30T10:50:19.2905580Z ackSelfWait/Issue_3067_HandleCallbackSelfWait.csproj : warning NU1603: 
2026-09-30T10:50:19.2906766Z Issue_3067_HandleCallbackSelfWait depends on LiteDB (>= 
2026-09-30T10:50:19.2907979Z 0.0.0-knownbad.eb01f346eb7d) but LiteDB 0.0.0-knownbad.eb01f346eb7d was not 
2026-09-30T10:50:19.2909179Z found. LiteDB 0.5.0 was resolved instead.
2026-09-30T10:50:19.2910397Z __CI_WORKSPACE__/LiteDB.ReproRunner/Repros/Issue_3067_HandleCallb
2026-09-30T10:50:19.2911839Z ackSelfWait/Issue_3067_HandleCallbackSelfWait.csproj : warning NU1904: Package 
2026-09-30T10:50:19.2913131Z 'LiteDB' 0.5.0 has a known critical severity vulnerability, 
2026-09-30T10:50:19.2914445Z https://github.com/advisories/GHSA-3x49-g6rc-c284
2026-09-30T10:50:19.2915719Z __CI_WORKSPACE__/LiteDB.ReproRunner/Repros/Issue_3067_HandleCallb
2026-09-30T10:50:19.2918200Z ackSelfWait/Issue_3067_HandleCallbackSelfWait.csproj : warning NU1701: Package 
2026-09-30T10:50:19.2919496Z 'LiteDB 0.5.0' was restored using '.NETFramework,Version=v4.6.1, 
2026-09-30T10:50:19.2920606Z .NETFramework,Version=v4.6.2, .NETFramework,Version=v4.7, 
2026-09-30T10:50:19.2921687Z .NETFramework,Version=v4.7.1, .NETFramework,Version=v4.7.2, 
2026-09-30T10:50:19.2922872Z .NETFramework,Version=v4.8, .NETFramework,Version=v4.8.1' instead of the project
2026-09-30T10:50:19.2924570Z target framework 'net8.0'. This package may not be fully compatible with your 
2026-09-30T10:50:19.2925626Z project.
2026-09-30T10:50:19.2926615Z __CI_WORKSPACE__/LiteDB.ReproRunner/Repros/Issue_3067_HandleCallb
2026-09-30T10:50:19.2928186Z ackSelfWait/Program.cs(72,6): error CS0616: 'BsonIgnoreAttribute' is not an 
2026-09-30T10:50:19.2929247Z attribute class 
2026-09-30T10:50:19.2930255Z [__CI_WORKSPACE__/LiteDB.ReproRunner/Repros/Issue_3067_HandleCall
2026-09-30T10:50:19.2931560Z backSelfWait/Issue_3067_HandleCallbackSelfWait.csproj]
2026-09-30T10:50:19.2932499Z     6 Warning(s)
2026-09-30T10:50:19.2933135Z     1 Error(s)
2026-09-30T10:50:19.2933605Z 
2026-09-30T10:50:19.2934029Z Time Elapsed 00:00:07.21
2026-09-30T10:50:19.2934959Z 
2026-09-30T10:50:19.3019178Z ##[error]Process completed with exit code 1.
2026-09-30T10:50:19.3167013Z ##[group]Run actions/upload-artifact@v4
2026-09-30T10:50:19.3167802Z with:
2026-09-30T10:50:19.3168311Z   name: logs-Issue_3067_HandleCallbackSelfWait-ubuntu-24.04
2026-09-30T10:50:19.3169322Z   path: artifacts
reprorunner-cli/runs
LiteDB.ReproRunner/LiteDB.ReproRunner.Cli/bin/**/runs

2026-09-30T10:50:19.3170241Z   if-no-files-found: ignore
2026-09-30T10:50:19.3170698Z   compression-level: 6
2026-09-30T10:50:19.3171205Z   overwrite: false
2026-09-30T10:50:19.3171602Z   include-hidden-files: false
2026-09-30T10:50:19.3172021Z env:
2026-09-30T10:50:19.3172355Z   DOTNET_ROOT: /usr/share/dotnet
2026-09-30T10:50:19.3172805Z ##[endgroup]
2026-09-30T10:50:19.6035484Z (node:2680) [DEP0040] DeprecationWarning: The `punycode` module is deprecated. Please use a userland alternative instead.
2026-09-30T10:50:19.6037617Z (Use `node --trace-deprecation ...` to show where the warning was created)
2026-09-30T10:50:19.6319281Z Multiple search paths detected. Calculating the least common ancestor of all paths
2026-09-30T10:50:19.6322968Z The least common ancestor is __CI_HOME__/work/LiteDB/LiteDB. This will be the root directory of the artifact
2026-09-30T10:50:19.6324643Z No files were found with the provided path: artifacts
2026-09-30T10:50:19.6325538Z reprorunner-cli/runs
2026-09-30T10:50:19.6326635Z LiteDB.ReproRunner/LiteDB.ReproRunner.Cli/bin/**/runs. No artifacts will be uploaded.
2026-09-30T10:50:19.6447015Z ##[group]Run status="failure"
2026-09-30T10:50:19.6447555Z [36;1mstatus="failure"[0m
2026-09-30T10:50:19.6447969Z [36;1m{[0m
2026-09-30T10:50:19.6448468Z [36;1m  echo "### Issue_3067_HandleCallbackSelfWait (ubuntu-24.04)"[0m
2026-09-30T10:50:19.6449188Z [36;1m  echo "- Result: ${status}"[0m
2026-09-30T10:50:19.6449878Z [36;1m  echo "- Artifacts: logs-Issue_3067_HandleCallbackSelfWait-ubuntu-24.04"[0m
2026-09-30T10:50:19.6450618Z [36;1m} >> "${GITHUB_STEP_SUMMARY}"[0m
2026-09-30T10:50:19.6551596Z shell: /usr/bin/bash --noprofile --norc -e -o pipefail {0}
2026-09-30T10:50:19.6552276Z env:
2026-09-30T10:50:19.6552632Z   DOTNET_ROOT: /usr/share/dotnet
2026-09-30T10:50:19.6553097Z ##[endgroup]
2026-09-30T10:50:19.6910426Z Post job cleanup.
2026-09-30T10:50:19.8319947Z [command]/usr/bin/git version
2026-09-30T10:50:19.8430606Z git version 2.55.0
2026-09-30T10:50:19.8566152Z Temporarily overriding HOME='__CI_HOME__/work/_temp/0c2d8494-27d3-4eaa-836d-deca8ca75d43' before making global git config changes
2026-09-30T10:50:19.8605344Z Adding repository directory to the temporary git global config as a safe directory
2026-09-30T10:50:19.8614787Z [command]/usr/bin/git config --global --add safe.directory __CI_WORKSPACE__
2026-09-30T10:50:19.8695097Z [command]/usr/bin/git config --local --name-only --get-regexp core\.sshCommand
2026-09-30T10:50:19.8776042Z [command]/usr/bin/git submodule foreach --recursive sh -c "git config --local --name-only --get-regexp 'core\.sshCommand' && git config --local --unset-all 'core.sshCommand' || :"
2026-09-30T10:50:19.9295477Z [command]/usr/bin/git config --local --name-only --get-regexp http\.https\:\/\/github\.com\/\.extraheader
2026-09-30T10:50:19.9300991Z http.https://github.com/.extraheader
2026-09-30T10:50:19.9345353Z [command]/usr/bin/git config --local --unset-all http.https://github.com/.extraheader
2026-09-30T10:50:19.9406490Z [command]/usr/bin/git submodule foreach --recursive sh -c "git config --local --name-only --get-regexp 'http\.https\:\/\/github\.com\/\.extraheader' && git config --local --unset-all 'http.https://github.com/.extraheader' || :"
2026-09-30T10:50:19.9814407Z [command]/usr/bin/git config --local --name-only --get-regexp ^includeIf\.gitdir:
2026-09-30T10:50:19.9857045Z [command]/usr/bin/git submodule foreach --recursive git config --local --show-origin --name-only --get-regexp remote.origin.url
2026-09-30T10:50:20.0453742Z Cleaning up orphan processes
2026-09-30T10:50:20.0919394Z Terminate orphan process: pid (2523) (VBCSCompiler)
2026-09-30T10:50:20.0959117Z Terminate orphan process: pid (2579) (dotnet)
2026-09-30T10:50:20.0997596Z Terminate orphan process: pid (2602) (dotnet)
2026-09-30T10:50:20.1052089Z Terminate orphan process: pid (2603) (dotnet)
2026-09-30T10:50:20.1069580Z ##[warning]Node.js 20 is deprecated. The following actions target Node.js 20 but are being forced to run on Node.js 24: actions/checkout@v4, actions/download-artifact@v4, actions/setup-dotnet@v4, actions/upload-artifact@v4. For more information see: https://github.blog/changelog/2025-09-19-deprecation-of-node-20-on-github-actions-runners/
