2026-09-30T10:46:40.6433213Z Current runner version: '2.337.0'
2026-09-30T10:46:40.6456814Z ##[group]Runner Image Provisioner
2026-09-30T10:46:40.6457811Z Hosted Compute Agent
2026-09-30T10:46:40.6458427Z Version: 20260828.587
2026-09-30T10:46:40.6459086Z Commit: abac92662cab4cc7352de4f9f9d2e2419aad9c29
2026-09-30T10:46:40.6459945Z Build Date: 2026-08-28T16:44:25Z
2026-09-30T10:46:40.6460631Z Worker ID: {906282f7-9f0d-4f9f-848a-61dfe96a3255}
2026-09-30T10:46:40.6461388Z Azure Region: westcentralus
2026-09-30T10:46:40.6462056Z ##[endgroup]
2026-09-30T10:46:40.6463493Z ##[group]Operating System
2026-09-30T10:46:40.6464327Z Ubuntu
2026-09-30T10:46:40.6464865Z 24.04.5
2026-09-30T10:46:40.6465702Z LTS
2026-09-30T10:46:40.6466307Z ##[endgroup]
2026-09-30T10:46:40.6466882Z ##[group]Runner Image
2026-09-30T10:46:40.6467584Z Image: ubuntu-24.04
2026-09-30T10:46:40.6468178Z Version: 20260920.314.1
2026-09-30T10:46:40.6469564Z Included Software: https://github.com/actions/runner-images/blob/ubuntu24/20260920.314/images/ubuntu/Ubuntu2404-Readme.md
2026-09-30T10:46:40.6471500Z Image Release: https://github.com/actions/runner-images/releases/tag/ubuntu24%2F20260920.314
2026-09-30T10:46:40.6473190Z ##[endgroup]
2026-09-30T10:46:40.6476537Z ##[group]GITHUB_TOKEN Permissions
2026-09-30T10:46:40.6479054Z Actions: write
2026-09-30T10:46:40.6479692Z ArtifactMetadata: write
2026-09-30T10:46:40.6480291Z Attestations: write
2026-09-30T10:46:40.6480934Z Checks: write
2026-09-30T10:46:40.6481559Z CodeQuality: write
2026-09-30T10:46:40.6482169Z Contents: write
2026-09-30T10:46:40.6482762Z CopilotRequests: write
2026-09-30T10:46:40.6483375Z Deployments: write
2026-09-30T10:46:40.6484355Z Discussions: write
2026-09-30T10:46:40.6484995Z Drives: write
2026-09-30T10:46:40.6485945Z Issues: write
2026-09-30T10:46:40.6486508Z Metadata: read
2026-09-30T10:46:40.6487199Z Models: read
2026-09-30T10:46:40.6487882Z Packages: write
2026-09-30T10:46:40.6488463Z Pages: write
2026-09-30T10:46:40.6488992Z PullRequests: write
2026-09-30T10:46:40.6489661Z RepositoryProjects: write
2026-09-30T10:46:40.6490283Z SecurityEvents: write
2026-09-30T10:46:40.6490940Z Statuses: write
2026-09-30T10:46:40.6491579Z VulnerabilityAlerts: read
2026-09-30T10:46:40.6492180Z ##[endgroup]
2026-09-30T10:46:40.6494318Z Secret source: Actions
2026-09-30T10:46:40.6495655Z Cache mode: write
2026-09-30T10:46:40.6496777Z Prepare workflow directory
2026-09-30T10:46:40.6833287Z Prepare all required actions
2026-09-30T10:46:40.6879643Z Getting action download info
2026-09-30T10:46:41.0140513Z Download action repository 'actions/checkout@v4' (SHA:11d5960a326750d5838078e36cf38b85af677262)
2026-09-30T10:46:41.1363049Z Download action repository 'actions/setup-dotnet@v4' (SHA:67a3573c9a986a3f9c594539f4ab511d57bb3ce9)
2026-09-30T10:46:41.7653590Z Download action repository 'actions/download-artifact@v4' (SHA:d3f86a106a0bac45b974a628896c90dbdf5c8093)
2026-09-30T10:46:42.4528834Z Download action repository 'actions/upload-artifact@v4' (SHA:ea165f8d65b6e75b540449e92b4886f43607fa02)
2026-09-30T10:46:42.7411992Z Uses: JKamsker/LiteDB/.github/workflows/reprorunner.yml@refs/pull/133/merge (67fd0a2bb892d86cfd7c06b2f3924a4ca31d81a6)
2026-09-30T10:46:42.7417121Z ##[group] Inputs
2026-09-30T10:46:42.7417677Z   filter: 
2026-09-30T10:46:42.7418135Z   ref: 
2026-09-30T10:46:42.7418574Z   tier: full
2026-09-30T10:46:42.7419046Z ##[endgroup]
2026-09-30T10:46:42.7419796Z Complete job name: repro-runner / Run Issue_133_RawCloseCallbackDependency on ubuntu-24.04
2026-09-30T10:46:42.8266664Z ##[group]Run actions/checkout@v4
2026-09-30T10:46:42.8267573Z with:
2026-09-30T10:46:42.8268080Z   ref: refs/pull/133/merge
2026-09-30T10:46:42.8268640Z   repository: JKamsker/LiteDB
2026-09-30T10:46:42.8271898Z   token: ***
2026-09-30T10:46:42.8272395Z   ssh-strict: true
2026-09-30T10:46:42.8272900Z   ssh-user: git
2026-09-30T10:46:42.8273408Z   persist-credentials: true
2026-09-30T10:46:42.8273944Z   clean: true
2026-09-30T10:46:42.8274467Z   sparse-checkout-cone-mode: true
2026-09-30T10:46:42.8275029Z   fetch-depth: 1
2026-09-30T10:46:42.8275994Z   fetch-tags: false
2026-09-30T10:46:42.8276769Z   show-progress: true
2026-09-30T10:46:42.8277283Z   lfs: false
2026-09-30T10:46:42.8277765Z   submodules: false
2026-09-30T10:46:42.8278278Z   set-safe-directory: true
2026-09-30T10:46:42.8278855Z   allow-unsafe-pr-checkout: false
2026-09-30T10:46:42.8279766Z ##[endgroup]
2026-09-30T10:46:42.9331102Z Syncing repository: JKamsker/LiteDB
2026-09-30T10:46:42.9333331Z ##[group]Getting Git version info
2026-09-30T10:46:42.9334108Z Working directory is '__CI_HOME__/work/LiteDB/LiteDB'
2026-09-30T10:46:42.9335630Z [command]/usr/bin/git version
2026-09-30T10:46:42.9421546Z git version 2.55.0
2026-09-30T10:46:42.9443743Z ##[endgroup]
2026-09-30T10:46:42.9458792Z Temporarily overriding HOME='__CI_HOME__/work/_temp/c411cc4d-5c1c-40d0-acbf-32439a9e0790' before making global git config changes
2026-09-30T10:46:42.9461094Z Adding repository directory to the temporary git global config as a safe directory
2026-09-30T10:46:42.9464169Z [command]/usr/bin/git config --global --add safe.directory __CI_WORKSPACE__
2026-09-30T10:46:42.9522128Z Deleting the contents of '__CI_HOME__/work/LiteDB/LiteDB'
2026-09-30T10:46:42.9528258Z ##[group]Initializing the repository
2026-09-30T10:46:42.9531916Z [command]/usr/bin/git init __CI_WORKSPACE__
2026-09-30T10:46:42.9685730Z hint: Using 'master' as the name for the initial branch. This default branch name
2026-09-30T10:46:42.9687650Z hint: will change to "main" in Git 3.0. To configure the initial branch name
2026-09-30T10:46:42.9689327Z hint: to use in all of your new repositories, which will suppress this warning,
2026-09-30T10:46:42.9691082Z hint: call:
2026-09-30T10:46:42.9692323Z hint:
2026-09-30T10:46:42.9693873Z hint: 	git config --global init.defaultBranch <name>
2026-09-30T10:46:42.9695839Z hint:
2026-09-30T10:46:42.9697345Z hint: Names commonly chosen instead of 'master' are 'main', 'trunk' and
2026-09-30T10:46:42.9699470Z hint: 'development'. The just-created branch can be renamed via this command:
2026-09-30T10:46:42.9701222Z hint:
2026-09-30T10:46:42.9702570Z hint: 	git branch -m <name>
2026-09-30T10:46:42.9703835Z hint:
2026-09-30T10:46:42.9705760Z hint: Disable this message with "git config set advice.defaultBranchName false"
2026-09-30T10:46:42.9708248Z Initialized empty Git repository in __CI_WORKSPACE__/.git/
2026-09-30T10:46:42.9711889Z [command]/usr/bin/git remote add origin https://github.com/JKamsker/LiteDB
2026-09-30T10:46:42.9783196Z ##[endgroup]
2026-09-30T10:46:42.9784097Z ##[group]Disabling automatic garbage collection
2026-09-30T10:46:42.9788801Z [command]/usr/bin/git config --local gc.auto 0
2026-09-30T10:46:42.9823336Z ##[endgroup]
2026-09-30T10:46:42.9824176Z ##[group]Setting up auth
2026-09-30T10:46:42.9833872Z [command]/usr/bin/git config --local --name-only --get-regexp core\.sshCommand
2026-09-30T10:46:42.9871486Z [command]/usr/bin/git submodule foreach --recursive sh -c "git config --local --name-only --get-regexp 'core\.sshCommand' && git config --local --unset-all 'core.sshCommand' || :"
2026-09-30T10:46:43.0284053Z [command]/usr/bin/git config --local --name-only --get-regexp http\.https\:\/\/github\.com\/\.extraheader
2026-09-30T10:46:43.0322857Z [command]/usr/bin/git submodule foreach --recursive sh -c "git config --local --name-only --get-regexp 'http\.https\:\/\/github\.com\/\.extraheader' && git config --local --unset-all 'http.https://github.com/.extraheader' || :"
2026-09-30T10:46:43.0549486Z [command]/usr/bin/git config --local --name-only --get-regexp ^includeIf\.gitdir:
2026-09-30T10:46:43.0586278Z [command]/usr/bin/git submodule foreach --recursive git config --local --show-origin --name-only --get-regexp remote.origin.url
2026-09-30T10:46:43.0810235Z [command]/usr/bin/git config --local http.https://github.com/.extraheader AUTHORIZATION: basic ***
2026-09-30T10:46:43.0857495Z ##[endgroup]
2026-09-30T10:46:43.0858488Z ##[group]Fetching the repository
2026-09-30T10:46:43.0866571Z [command]/usr/bin/git -c protocol.version=2 fetch --no-tags --prune --no-recurse-submodules --depth=1 origin +refs/pull/133/merge:refs/remotes/pull/133/merge
2026-09-30T10:46:44.6537361Z From https://github.com/JKamsker/LiteDB
2026-09-30T10:46:44.6538004Z  * [new ref]         refs/pull/133/merge -> pull/133/merge
2026-09-30T10:46:44.6541891Z ##[endgroup]
2026-09-30T10:46:44.6542617Z ##[group]Determining the checkout info
2026-09-30T10:46:44.6545709Z ##[endgroup]
2026-09-30T10:46:44.6553462Z [command]/usr/bin/git sparse-checkout disable
2026-09-30T10:46:44.6614084Z [command]/usr/bin/git config --local --unset-all extensions.worktreeConfig
2026-09-30T10:46:44.6645408Z ##[group]Checking out the ref
2026-09-30T10:46:44.6650593Z [command]/usr/bin/git checkout --progress --force refs/remotes/pull/133/merge
2026-09-30T10:46:44.7966994Z Note: switching to 'refs/remotes/pull/133/merge'.
2026-09-30T10:46:44.7967545Z 
2026-09-30T10:46:44.7967936Z You are in 'detached HEAD' state. You can look around, make experimental
2026-09-30T10:46:44.7968854Z changes and commit them, and you can discard any commits you make in this
2026-09-30T10:46:44.7969799Z state without impacting any branches by switching back to a branch.
2026-09-30T10:46:44.7970387Z 
2026-09-30T10:46:44.7970743Z If you want to create a new branch to retain commits you create, you may
2026-09-30T10:46:44.7971322Z do so (now or later) by using -c with the switch command. Example:
2026-09-30T10:46:44.7971683Z 
2026-09-30T10:46:44.7971833Z   git switch -c <new-branch-name>
2026-09-30T10:46:44.7972047Z 
2026-09-30T10:46:44.7972183Z Or undo this operation with:
2026-09-30T10:46:44.7972385Z 
2026-09-30T10:46:44.7972498Z   git switch -
2026-09-30T10:46:44.7972663Z 
2026-09-30T10:46:44.7972932Z Turn off this advice by setting config variable advice.detachedHead to false
2026-09-30T10:46:44.7973328Z 
2026-09-30T10:46:44.7973766Z HEAD is now at 67fd0a2 Merge 7e13e58e5f4e40642492ce768b49018e4a958c8b into 5dd942a7367c361fadd600be4ce10aace2768b27
2026-09-30T10:46:44.7981655Z ##[endgroup]
2026-09-30T10:46:44.8031112Z [command]/usr/bin/git log -1 --format=%H
2026-09-30T10:46:44.8059094Z 67fd0a2bb892d86cfd7c06b2f3924a4ca31d81a6
2026-09-30T10:46:44.8335503Z ##[group]Run actions/setup-dotnet@v4
2026-09-30T10:46:44.8335840Z with:
2026-09-30T10:46:44.8336056Z   dotnet-version: 8.0.x
2026-09-30T10:46:44.8336295Z   cache: false
2026-09-30T10:46:44.8336497Z ##[endgroup]
2026-09-30T10:46:44.9964455Z (node:2345) [DEP0040] DeprecationWarning: The `punycode` module is deprecated. Please use a userland alternative instead.
2026-09-30T10:46:44.9965443Z (Use `node --trace-deprecation ...` to show where the warning was created)
2026-09-30T10:46:45.0015972Z [command]__CI_HOME__/work/_actions/actions/setup-dotnet/v4/externals/install-dotnet.sh --skip-non-versioned-files --runtime dotnet --channel LTS
2026-09-30T10:46:45.5847558Z dotnet-install: .NET Core Runtime with version '10.0.12' is already installed.
2026-09-30T10:46:45.5874330Z [command]__CI_HOME__/work/_actions/actions/setup-dotnet/v4/externals/install-dotnet.sh --skip-non-versioned-files --channel 8.0
2026-09-30T10:46:45.9422016Z dotnet-install: .NET Core SDK with version '8.0.425' is already installed.
2026-09-30T10:46:45.9608290Z ##[group]Run actions/download-artifact@v4
2026-09-30T10:46:45.9608613Z with:
2026-09-30T10:46:45.9608820Z   name: reprorunner-cli
2026-09-30T10:46:45.9609056Z   merge-multiple: false
2026-09-30T10:46:45.9609292Z   repository: JKamsker/LiteDB
2026-09-30T10:46:45.9609531Z   run-id: 36704366871
2026-09-30T10:46:45.9609736Z env:
2026-09-30T10:46:45.9609931Z   DOTNET_ROOT: /usr/share/dotnet
2026-09-30T10:46:45.9610175Z ##[endgroup]
2026-09-30T10:46:46.1142565Z Downloading single artifact
2026-09-30T10:46:46.1273283Z (node:2537) [DEP0040] DeprecationWarning: The `punycode` module is deprecated. Please use a userland alternative instead.
2026-09-30T10:46:46.1274242Z (Use `node --trace-deprecation ...` to show where the warning was created)
2026-09-30T10:46:46.3260922Z Preparing to download the following artifacts:
2026-09-30T10:46:46.3262142Z - reprorunner-cli (ID: 11090724160, Size: 609762, Expected Digest: sha256:5e6b5ef8c6889ee503553b100e2f74e011f782ed82ae827d8fef114846153ad8)
2026-09-30T10:46:46.5200243Z Redirecting to blob download url: https://productionresultssa14.blob.core.windows.net/actions-results/10822c21-6f1b-801d-bbf9-b6a7950314c3/workflow-job-run-7d283849-09d3-5db8-8f6f-3eb136f94f44/artifacts/39c7c4ce616b9b23fee9439e3a83ee9dbc6ff20c3990796b2e7f27cad974c831.zip
2026-09-30T10:46:46.5203830Z Starting download of artifact to: __CI_WORKSPACE__
2026-09-30T10:46:46.7379051Z (node:2537) [DEP0005] DeprecationWarning: Buffer() is deprecated due to security and usability issues. Please use the Buffer.alloc(), Buffer.allocUnsafe(), or Buffer.from() methods instead.
2026-09-30T10:46:47.0128398Z SHA256 digest of downloaded artifact is 5e6b5ef8c6889ee503553b100e2f74e011f782ed82ae827d8fef114846153ad8
2026-09-30T10:46:47.0129996Z Artifact download completed successfully.
2026-09-30T10:46:47.0131150Z Total of 1 artifact(s) downloaded
2026-09-30T10:46:47.0139541Z Download artifact has finished successfully
2026-09-30T10:46:47.0263714Z ##[group]Run mkdir -p reprorunner-cli
2026-09-30T10:46:47.0264116Z [36;1mmkdir -p reprorunner-cli[0m
2026-09-30T10:46:47.0264498Z [36;1mtar -xzf reprorunner-cli.tar.gz -C reprorunner-cli[0m
2026-09-30T10:46:47.0556909Z shell: /usr/bin/bash --noprofile --norc -e -o pipefail {0}
2026-09-30T10:46:47.0557345Z env:
2026-09-30T10:46:47.0557592Z   DOTNET_ROOT: /usr/share/dotnet
2026-09-30T10:46:47.0557904Z ##[endgroup]
2026-09-30T10:46:47.0849513Z ##[group]Run set -euo pipefail
2026-09-30T10:46:47.0849845Z [36;1mset -euo pipefail[0m
2026-09-30T10:46:47.0850195Z [36;1mdotnet reprorunner-cli/LiteDB.ReproRunner.Cli.dll \[0m
2026-09-30T10:46:47.0850712Z [36;1m  run Issue_133_RawCloseCallbackDependency --ci --target-os "ubuntu-24.04"[0m
2026-09-30T10:46:47.0908345Z shell: /usr/bin/bash --noprofile --norc -e -o pipefail {0}
2026-09-30T10:46:47.0908697Z env:
2026-09-30T10:46:47.0908903Z   DOTNET_ROOT: /usr/share/dotnet
2026-09-30T10:46:47.0909171Z ##[endgroup]
2026-09-30T10:46:48.9566233Z Discovered repro: Issue_133_RawCloseCallbackDependency
2026-09-30T10:46:48.9568132Z BUILD: Starting build for 2 variants across 1 repros
2026-09-30T10:47:12.3594843Z BUILD: Build completed. Processing 2 results
2026-09-30T10:47:12.3604675Z BUILD: Package build failed for Issue_133_RawCloseCallbackDependency 
2026-09-30T10:47:12.3605412Z (0.0.0-knownbad.eb01f346eb7d)
2026-09-30T10:47:13.3070146Z FAIL: Issue_133_RawCloseCallbackDependency package - Variant did not execute.
2026-09-30T10:47:13.3108325Z Completed execution for Issue_133_RawCloseCallbackDependency
2026-09-30T10:47:13.3116916Z 
2026-09-30T10:47:13.3714872Z ╭─────────────────┬────────────────┬────────────────┬────────────────┬─────────╮
2026-09-30T10:47:13.3716715Z │ Repro           │ Repro Version  │ Package check  │ Source check   │ Overall │
2026-09-30T10:47:13.3718345Z ├─────────────────┼────────────────┼────────────────┼────────────────┼─────────┤
2026-09-30T10:47:13.3720277Z │ Issue_133_RawCl │ 0.0.0-knownbad │ [38;5;11m⚠️[0m no-run [2m(exp [0m │ [38;5;2m✅[0m exit 10     │ [38;5;9m❌[0m [38;5;9mred[0m  │
2026-09-30T10:47:13.3722367Z │ oseCallbackDepe │ .eb01f346eb7d  │ [2mrepro)[0m         │ [2m(exp no-repro)[0m │         │
2026-09-30T10:47:13.3746182Z │ ndency          │                │                │                │         │
2026-09-30T10:47:13.3747918Z ╰─────────────────┴────────────────┴────────────────┴────────────────┴─────────╯
2026-09-30T10:47:13.3748753Z 
2026-09-30T10:47:13.3749483Z [38;5;9mBuild failed for Issue_133_RawCloseCallbackDependency [0m
2026-09-30T10:47:13.3750598Z [38;5;9m(0.0.0-knownbad.eb01f346eb7d).[0m
2026-09-30T10:47:13.3751396Z   Determining projects to restore...
2026-09-30T10:47:13.3752108Z   Restored 
2026-09-30T10:47:13.3753046Z __CI_WORKSPACE__/LiteDB.ReproRunner/LiteDB.ReproRunner.Shared/Lit
2026-09-30T10:47:13.3754200Z eDB.ReproRunner.Shared.csproj (in 102 ms).
2026-09-30T10:47:13.3755607Z __CI_WORKSPACE__/LiteDB.ReproRunner/Repros/Issue_133_RawCloseCall
2026-09-30T10:47:13.3757547Z backDependency/Issue_133_RawCloseCallbackDependency.csproj : warning NU1603: 
2026-09-30T10:47:13.3758919Z Issue_133_RawCloseCallbackDependency depends on LiteDB (>= 
2026-09-30T10:47:13.3775959Z 0.0.0-knownbad.eb01f346eb7d) but LiteDB 0.0.0-knownbad.eb01f346eb7d was not 
2026-09-30T10:47:13.3778136Z found. LiteDB 0.5.0 was resolved instead.
2026-09-30T10:47:13.3779338Z __CI_WORKSPACE__/LiteDB.ReproRunner/Repros/Issue_133_RawCloseCall
2026-09-30T10:47:13.3787293Z backDependency/Issue_133_RawCloseCallbackDependency.csproj : warning NU1904: 
2026-09-30T10:47:13.3788682Z Package 'LiteDB' 0.5.0 has a known critical severity vulnerability, 
2026-09-30T10:47:13.3789769Z https://github.com/advisories/GHSA-3x49-g6rc-c284
2026-09-30T10:47:13.3790918Z __CI_WORKSPACE__/LiteDB.ReproRunner/Repros/Issue_133_RawCloseCall
2026-09-30T10:47:13.3792377Z backDependency/Issue_133_RawCloseCallbackDependency.csproj : warning NU1701: 
2026-09-30T10:47:13.3793751Z Package 'LiteDB 0.5.0' was restored using '.NETFramework,Version=v4.6.1, 
2026-09-30T10:47:13.3794976Z .NETFramework,Version=v4.6.2, .NETFramework,Version=v4.7, 
2026-09-30T10:47:13.3796419Z .NETFramework,Version=v4.7.1, .NETFramework,Version=v4.7.2, 
2026-09-30T10:47:13.3797719Z .NETFramework,Version=v4.8, .NETFramework,Version=v4.8.1' instead of the project
2026-09-30T10:47:13.3799590Z target framework 'net8.0'. This package may not be fully compatible with your 
2026-09-30T10:47:13.3800602Z project.
2026-09-30T10:47:13.3801123Z   Restored 
2026-09-30T10:47:13.3802050Z __CI_WORKSPACE__/LiteDB.ReproRunner/Repros/Issue_133_RawCloseCall
2026-09-30T10:47:13.3803400Z backDependency/Issue_133_RawCloseCallbackDependency.csproj (in 729 ms).
2026-09-30T10:47:13.3804853Z __CI_WORKSPACE__/LiteDB.ReproRunner/Repros/Issue_133_RawCloseCall
2026-09-30T10:47:13.3806688Z backDependency/Issue_133_RawCloseCallbackDependency.csproj : warning NU1603: 
2026-09-30T10:47:13.3807806Z Issue_133_RawCloseCallbackDependency depends on LiteDB (>= 
2026-09-30T10:47:13.3808989Z 0.0.0-knownbad.eb01f346eb7d) but LiteDB 0.0.0-knownbad.eb01f346eb7d was not 
2026-09-30T10:47:13.3810039Z found. LiteDB 0.5.0 was resolved instead.
2026-09-30T10:47:13.3811040Z __CI_WORKSPACE__/LiteDB.ReproRunner/Repros/Issue_133_RawCloseCall
2026-09-30T10:47:13.3812354Z backDependency/Issue_133_RawCloseCallbackDependency.csproj : warning NU1904: 
2026-09-30T10:47:13.3813621Z Package 'LiteDB' 0.5.0 has a known critical severity vulnerability, 
2026-09-30T10:47:13.3814682Z https://github.com/advisories/GHSA-3x49-g6rc-c284
2026-09-30T10:47:13.3816089Z __CI_WORKSPACE__/LiteDB.ReproRunner/Repros/Issue_133_RawCloseCall
2026-09-30T10:47:13.3817441Z backDependency/Issue_133_RawCloseCallbackDependency.csproj : warning NU1701: 
2026-09-30T10:47:13.3823621Z Package 'LiteDB 0.5.0' was restored using '.NETFramework,Version=v4.6.1, 
2026-09-30T10:47:13.3830587Z .NETFramework,Version=v4.6.2, .NETFramework,Version=v4.7, 
2026-09-30T10:47:13.3831516Z .NETFramework,Version=v4.7.1, .NETFramework,Version=v4.7.2, 
2026-09-30T10:47:13.3832550Z .NETFramework,Version=v4.8, .NETFramework,Version=v4.8.1' instead of the project
2026-09-30T10:47:13.3833687Z target framework 'net8.0'. This package may not be fully compatible with your 
2026-09-30T10:47:13.3834450Z project.
2026-09-30T10:47:13.3834859Z   LiteDB.ReproRunner.Shared -> 
2026-09-30T10:47:13.3836103Z __CI_WORKSPACE__/reprorunner-cli/runs/Issue_133_RawCloseCallbackD
2026-09-30T10:47:13.3837271Z ependency/ver_0_0_0_knownbad_eb01f346eb7d/build/LiteDB.ReproRunner.Shared.dll
2026-09-30T10:47:13.3838436Z __CI_WORKSPACE__/LiteDB.ReproRunner/Repros/Issue_133_RawCloseCall
2026-09-30T10:47:13.3839786Z backDependency/Program.cs(6,14): error CS0234: The type or namespace name 
2026-09-30T10:47:13.3840908Z 'Engine' does not exist in the namespace 'LiteDB' (are you missing an assembly 
2026-09-30T10:47:13.3841707Z reference?) 
2026-09-30T10:47:13.3842454Z [__CI_WORKSPACE__/LiteDB.ReproRunner/Repros/Issue_133_RawCloseCal
2026-09-30T10:47:13.3843876Z lbackDependency/Issue_133_RawCloseCallbackDependency.csproj]
2026-09-30T10:47:13.3844410Z 
2026-09-30T10:47:13.3844570Z Build FAILED.
2026-09-30T10:47:13.3844800Z 
2026-09-30T10:47:13.3845589Z __CI_WORKSPACE__/LiteDB.ReproRunner/Repros/Issue_133_RawCloseCall
2026-09-30T10:47:13.3846805Z backDependency/Issue_133_RawCloseCallbackDependency.csproj : warning NU1603: 
2026-09-30T10:47:13.3847828Z Issue_133_RawCloseCallbackDependency depends on LiteDB (>= 
2026-09-30T10:47:13.3848898Z 0.0.0-knownbad.eb01f346eb7d) but LiteDB 0.0.0-knownbad.eb01f346eb7d was not 
2026-09-30T10:47:13.3849764Z found. LiteDB 0.5.0 was resolved instead.
2026-09-30T10:47:13.3850639Z __CI_WORKSPACE__/LiteDB.ReproRunner/Repros/Issue_133_RawCloseCall
2026-09-30T10:47:13.3851879Z backDependency/Issue_133_RawCloseCallbackDependency.csproj : warning NU1904: 
2026-09-30T10:47:13.3852943Z Package 'LiteDB' 0.5.0 has a known critical severity vulnerability, 
2026-09-30T10:47:13.3853865Z https://github.com/advisories/GHSA-3x49-g6rc-c284
2026-09-30T10:47:13.3854818Z __CI_WORKSPACE__/LiteDB.ReproRunner/Repros/Issue_133_RawCloseCall
2026-09-30T10:47:13.3885958Z backDependency/Issue_133_RawCloseCallbackDependency.csproj : warning NU1701: 
2026-09-30T10:47:13.3887059Z Package 'LiteDB 0.5.0' was restored using '.NETFramework,Version=v4.6.1, 
2026-09-30T10:47:13.3888330Z .NETFramework,Version=v4.6.2, .NETFramework,Version=v4.7, 
2026-09-30T10:47:13.3889252Z .NETFramework,Version=v4.7.1, .NETFramework,Version=v4.7.2, 
2026-09-30T10:47:13.3890264Z .NETFramework,Version=v4.8, .NETFramework,Version=v4.8.1' instead of the project
2026-09-30T10:47:13.3891366Z target framework 'net8.0'. This package may not be fully compatible with your 
2026-09-30T10:47:13.3892095Z project.
2026-09-30T10:47:13.3892814Z __CI_WORKSPACE__/LiteDB.ReproRunner/Repros/Issue_133_RawCloseCall
2026-09-30T10:47:13.3894157Z backDependency/Issue_133_RawCloseCallbackDependency.csproj : warning NU1603: 
2026-09-30T10:47:13.3895845Z Issue_133_RawCloseCallbackDependency depends on LiteDB (>= 
2026-09-30T10:47:13.3896848Z 0.0.0-knownbad.eb01f346eb7d) but LiteDB 0.0.0-knownbad.eb01f346eb7d was not 
2026-09-30T10:47:13.3897667Z found. LiteDB 0.5.0 was resolved instead.
2026-09-30T10:47:13.3898550Z __CI_WORKSPACE__/LiteDB.ReproRunner/Repros/Issue_133_RawCloseCall
2026-09-30T10:47:13.3899663Z backDependency/Issue_133_RawCloseCallbackDependency.csproj : warning NU1904: 
2026-09-30T10:47:13.3900626Z Package 'LiteDB' 0.5.0 has a known critical severity vulnerability, 
2026-09-30T10:47:13.3901455Z https://github.com/advisories/GHSA-3x49-g6rc-c284
2026-09-30T10:47:13.3902379Z __CI_WORKSPACE__/LiteDB.ReproRunner/Repros/Issue_133_RawCloseCall
2026-09-30T10:47:13.3903508Z backDependency/Issue_133_RawCloseCallbackDependency.csproj : warning NU1701: 
2026-09-30T10:47:13.3904614Z Package 'LiteDB 0.5.0' was restored using '.NETFramework,Version=v4.6.1, 
2026-09-30T10:47:13.3905812Z .NETFramework,Version=v4.6.2, .NETFramework,Version=v4.7, 
2026-09-30T10:47:13.3906661Z .NETFramework,Version=v4.7.1, .NETFramework,Version=v4.7.2, 
2026-09-30T10:47:13.3907629Z .NETFramework,Version=v4.8, .NETFramework,Version=v4.8.1' instead of the project
2026-09-30T10:47:13.3908638Z target framework 'net8.0'. This package may not be fully compatible with your 
2026-09-30T10:47:13.3909354Z project.
2026-09-30T10:47:13.3910072Z __CI_WORKSPACE__/LiteDB.ReproRunner/Repros/Issue_133_RawCloseCall
2026-09-30T10:47:13.3911263Z backDependency/Program.cs(6,14): error CS0234: The type or namespace name 
2026-09-30T10:47:13.3912306Z 'Engine' does not exist in the namespace 'LiteDB' (are you missing an assembly 
2026-09-30T10:47:13.3913016Z reference?) 
2026-09-30T10:47:13.3913731Z [__CI_WORKSPACE__/LiteDB.ReproRunner/Repros/Issue_133_RawCloseCal
2026-09-30T10:47:13.3914708Z lbackDependency/Issue_133_RawCloseCallbackDependency.csproj]
2026-09-30T10:47:13.3916280Z     6 Warning(s)
2026-09-30T10:47:13.3916622Z     1 Error(s)
2026-09-30T10:47:13.3916829Z 
2026-09-30T10:47:13.3917036Z Time Elapsed 00:00:07.70
2026-09-30T10:47:13.3917293Z 
2026-09-30T10:47:13.4053392Z ##[error]Process completed with exit code 1.
2026-09-30T10:47:13.4176846Z ##[group]Run actions/upload-artifact@v4
2026-09-30T10:47:13.4177383Z with:
2026-09-30T10:47:13.4177905Z   name: logs-Issue_133_RawCloseCallbackDependency-ubuntu-24.04
2026-09-30T10:47:13.4178953Z   path: artifacts
reprorunner-cli/runs
LiteDB.ReproRunner/LiteDB.ReproRunner.Cli/bin/**/runs

2026-09-30T10:47:13.4179853Z   if-no-files-found: ignore
2026-09-30T10:47:13.4180299Z   compression-level: 6
2026-09-30T10:47:13.4180719Z   overwrite: false
2026-09-30T10:47:13.4181121Z   include-hidden-files: false
2026-09-30T10:47:13.4181568Z env:
2026-09-30T10:47:13.4181924Z   DOTNET_ROOT: /usr/share/dotnet
2026-09-30T10:47:13.4182374Z ##[endgroup]
2026-09-30T10:47:13.7117890Z (node:2777) [DEP0040] DeprecationWarning: The `punycode` module is deprecated. Please use a userland alternative instead.
2026-09-30T10:47:13.7119930Z (Use `node --trace-deprecation ...` to show where the warning was created)
2026-09-30T10:47:13.7252273Z Multiple search paths detected. Calculating the least common ancestor of all paths
2026-09-30T10:47:13.7264215Z The least common ancestor is __CI_HOME__/work/LiteDB/LiteDB. This will be the root directory of the artifact
2026-09-30T10:47:13.7266829Z No files were found with the provided path: artifacts
2026-09-30T10:47:13.7268150Z reprorunner-cli/runs
2026-09-30T10:47:13.7270268Z LiteDB.ReproRunner/LiteDB.ReproRunner.Cli/bin/**/runs. No artifacts will be uploaded.
2026-09-30T10:47:13.7451813Z ##[group]Run status="failure"
2026-09-30T10:47:13.7452391Z [36;1mstatus="failure"[0m
2026-09-30T10:47:13.7452791Z [36;1m{[0m
2026-09-30T10:47:13.7453321Z [36;1m  echo "### Issue_133_RawCloseCallbackDependency (ubuntu-24.04)"[0m
2026-09-30T10:47:13.7454031Z [36;1m  echo "- Result: ${status}"[0m
2026-09-30T10:47:13.7454813Z [36;1m  echo "- Artifacts: logs-Issue_133_RawCloseCallbackDependency-ubuntu-24.04"[0m
2026-09-30T10:47:13.7456502Z [36;1m} >> "${GITHUB_STEP_SUMMARY}"[0m
2026-09-30T10:47:13.7548621Z shell: /usr/bin/bash --noprofile --norc -e -o pipefail {0}
2026-09-30T10:47:13.7549238Z env:
2026-09-30T10:47:13.7549599Z   DOTNET_ROOT: /usr/share/dotnet
2026-09-30T10:47:13.7550056Z ##[endgroup]
2026-09-30T10:47:13.7941461Z Post job cleanup.
2026-09-30T10:47:13.9425919Z [command]/usr/bin/git version
2026-09-30T10:47:13.9506526Z git version 2.55.0
2026-09-30T10:47:13.9595588Z Temporarily overriding HOME='__CI_HOME__/work/_temp/e8f20378-1ffe-4f54-a077-c4776be6c5cc' before making global git config changes
2026-09-30T10:47:13.9616362Z Adding repository directory to the temporary git global config as a safe directory
2026-09-30T10:47:13.9629292Z [command]/usr/bin/git config --global --add safe.directory __CI_WORKSPACE__
2026-09-30T10:47:13.9727405Z [command]/usr/bin/git config --local --name-only --get-regexp core\.sshCommand
2026-09-30T10:47:13.9800096Z [command]/usr/bin/git submodule foreach --recursive sh -c "git config --local --name-only --get-regexp 'core\.sshCommand' && git config --local --unset-all 'core.sshCommand' || :"
2026-09-30T10:47:14.0329445Z [command]/usr/bin/git config --local --name-only --get-regexp http\.https\:\/\/github\.com\/\.extraheader
2026-09-30T10:47:14.0376430Z http.https://github.com/.extraheader
2026-09-30T10:47:14.0389952Z [command]/usr/bin/git config --local --unset-all http.https://github.com/.extraheader
2026-09-30T10:47:14.0460072Z [command]/usr/bin/git submodule foreach --recursive sh -c "git config --local --name-only --get-regexp 'http\.https\:\/\/github\.com\/\.extraheader' && git config --local --unset-all 'http.https://github.com/.extraheader' || :"
2026-09-30T10:47:14.1094623Z [command]/usr/bin/git config --local --name-only --get-regexp ^includeIf\.gitdir:
2026-09-30T10:47:14.1173213Z [command]/usr/bin/git submodule foreach --recursive git config --local --show-origin --name-only --get-regexp remote.origin.url
2026-09-30T10:47:14.1781688Z Cleaning up orphan processes
2026-09-30T10:47:14.2319806Z Terminate orphan process: pid (2606) (VBCSCompiler)
2026-09-30T10:47:14.2358856Z Terminate orphan process: pid (2663) (dotnet)
2026-09-30T10:47:14.2397841Z Terminate orphan process: pid (2694) (dotnet)
2026-09-30T10:47:14.2436828Z Terminate orphan process: pid (2695) (dotnet)
2026-09-30T10:47:14.2452632Z ##[warning]Node.js 20 is deprecated. The following actions target Node.js 20 but are being forced to run on Node.js 24: actions/checkout@v4, actions/download-artifact@v4, actions/setup-dotnet@v4, actions/upload-artifact@v4. For more information see: https://github.blog/changelog/2025-09-19-deprecation-of-node-20-on-github-actions-runners/
