2026-09-30T10:46:32.6333493Z Current runner version: '2.337.0'
2026-09-30T10:46:32.6347374Z ##[group]Runner Image Provisioner
2026-09-30T10:46:32.6347916Z Hosted Compute Agent
2026-09-30T10:46:32.6348266Z Version: 20260901.588
2026-09-30T10:46:32.6348599Z Commit: f88ec8081b781fac6c440065ac7ff9e710ce3d0b
2026-09-30T10:46:32.6349007Z Build Date: 2026-09-01T19:56:44Z
2026-09-30T10:46:32.6349373Z Worker ID: {01e9359d-ce0e-4bcf-b287-f0ebbdc6d5ad}
2026-09-30T10:46:32.6349756Z Azure Region: westus2
2026-09-30T10:46:32.6350065Z ##[endgroup]
2026-09-30T10:46:32.6350892Z ##[group]Operating System
2026-09-30T10:46:32.6351233Z Ubuntu
2026-09-30T10:46:32.6351529Z 22.04.5
2026-09-30T10:46:32.6351809Z LTS
2026-09-30T10:46:32.6352090Z ##[endgroup]
2026-09-30T10:46:32.6352385Z ##[group]Runner Image
2026-09-30T10:46:32.6352707Z Image: ubuntu-22.04
2026-09-30T10:46:32.6353012Z Version: 20260927.309.1
2026-09-30T10:46:32.6353686Z Included Software: https://github.com/actions/runner-images/blob/ubuntu22/20260927.309/images/ubuntu/Ubuntu2204-Readme.md
2026-09-30T10:46:32.6354473Z Image Release: https://github.com/actions/runner-images/releases/tag/ubuntu22%2F20260927.309
2026-09-30T10:46:32.6354988Z ##[endgroup]
2026-09-30T10:46:32.6356679Z ##[group]GITHUB_TOKEN Permissions
2026-09-30T10:46:32.6357875Z Actions: write
2026-09-30T10:46:32.6358188Z ArtifactMetadata: write
2026-09-30T10:46:32.6358526Z Attestations: write
2026-09-30T10:46:32.6358840Z Checks: write
2026-09-30T10:46:32.6359130Z CodeQuality: write
2026-09-30T10:46:32.6359449Z Contents: write
2026-09-30T10:46:32.6359748Z CopilotRequests: write
2026-09-30T10:46:32.6360084Z Deployments: write
2026-09-30T10:46:32.6360404Z Discussions: write
2026-09-30T10:46:32.6360711Z Drives: write
2026-09-30T10:46:32.6361005Z Issues: write
2026-09-30T10:46:32.6361287Z Metadata: read
2026-09-30T10:46:32.6361600Z Models: read
2026-09-30T10:46:32.6361906Z Packages: write
2026-09-30T10:46:32.6362193Z Pages: write
2026-09-30T10:46:32.6362490Z PullRequests: write
2026-09-30T10:46:32.6362811Z RepositoryProjects: write
2026-09-30T10:46:32.6363142Z SecurityEvents: write
2026-09-30T10:46:32.6363470Z Statuses: write
2026-09-30T10:46:32.6363768Z VulnerabilityAlerts: read
2026-09-30T10:46:32.6364096Z ##[endgroup]
2026-09-30T10:46:32.6365280Z Secret source: Actions
2026-09-30T10:46:32.6365859Z Cache mode: write
2026-09-30T10:46:32.6366264Z Prepare workflow directory
2026-09-30T10:46:32.6596917Z Prepare all required actions
2026-09-30T10:46:32.6637555Z Getting action download info
2026-09-30T10:46:33.0414271Z Download action repository 'actions/checkout@v4' (SHA:11d5960a326750d5838078e36cf38b85af677262)
2026-09-30T10:46:33.1404350Z Download action repository 'actions/setup-dotnet@v4' (SHA:67a3573c9a986a3f9c594539f4ab511d57bb3ce9)
2026-09-30T10:46:33.5855144Z Download action repository 'actions/download-artifact@v4' (SHA:d3f86a106a0bac45b974a628896c90dbdf5c8093)
2026-09-30T10:46:33.8289012Z Download action repository 'actions/upload-artifact@v4' (SHA:ea165f8d65b6e75b540449e92b4886f43607fa02)
2026-09-30T10:46:34.1339601Z Uses: JKamsker/LiteDB/.github/workflows/reprorunner.yml@refs/pull/133/merge (67fd0a2bb892d86cfd7c06b2f3924a4ca31d81a6)
2026-09-30T10:46:34.1342158Z ##[group] Inputs
2026-09-30T10:46:34.1342419Z   filter: 
2026-09-30T10:46:34.1342676Z   ref: 
2026-09-30T10:46:34.1342882Z   tier: full
2026-09-30T10:46:34.1343090Z ##[endgroup]
2026-09-30T10:46:34.1343430Z Complete job name: repro-runner / Run Issue_133_RawCloseCallbackDependency on ubuntu-22.04
2026-09-30T10:46:34.1715614Z ##[group]Run actions/checkout@v4
2026-09-30T10:46:34.1715954Z with:
2026-09-30T10:46:34.1716148Z   ref: refs/pull/133/merge
2026-09-30T10:46:34.1716364Z   repository: JKamsker/LiteDB
2026-09-30T10:46:34.1718015Z   token: ***
2026-09-30T10:46:34.1718207Z   ssh-strict: true
2026-09-30T10:46:34.1718409Z   ssh-user: git
2026-09-30T10:46:34.1718608Z   persist-credentials: true
2026-09-30T10:46:34.1718816Z   clean: true
2026-09-30T10:46:34.1719019Z   sparse-checkout-cone-mode: true
2026-09-30T10:46:34.1719240Z   fetch-depth: 1
2026-09-30T10:46:34.1719434Z   fetch-tags: false
2026-09-30T10:46:34.1719768Z   show-progress: true
2026-09-30T10:46:34.1719956Z   lfs: false
2026-09-30T10:46:34.1720132Z   submodules: false
2026-09-30T10:46:34.1720324Z   set-safe-directory: true
2026-09-30T10:46:34.1720542Z   allow-unsafe-pr-checkout: false
2026-09-30T10:46:34.1720832Z ##[endgroup]
2026-09-30T10:46:34.2306447Z Syncing repository: JKamsker/LiteDB
2026-09-30T10:46:34.2307672Z ##[group]Getting Git version info
2026-09-30T10:46:34.2308086Z Working directory is '__CI_HOME__/work/LiteDB/LiteDB'
2026-09-30T10:46:34.2308530Z [command]/usr/bin/git version
2026-09-30T10:46:34.2379064Z git version 2.55.0
2026-09-30T10:46:34.2396615Z ##[endgroup]
2026-09-30T10:46:34.2404661Z Temporarily overriding HOME='__CI_HOME__/work/_temp/cb2d1b60-1f58-4fc0-a198-cacc165aced0' before making global git config changes
2026-09-30T10:46:34.2405424Z Adding repository directory to the temporary git global config as a safe directory
2026-09-30T10:46:34.2409029Z [command]/usr/bin/git config --global --add safe.directory __CI_WORKSPACE__
2026-09-30T10:46:34.2432670Z Deleting the contents of '__CI_HOME__/work/LiteDB/LiteDB'
2026-09-30T10:46:34.2435606Z ##[group]Initializing the repository
2026-09-30T10:46:34.2438735Z [command]/usr/bin/git init __CI_WORKSPACE__
2026-09-30T10:46:34.2518033Z hint: Using 'master' as the name for the initial branch. This default branch name
2026-09-30T10:46:34.2518551Z hint: will change to "main" in Git 3.0. To configure the initial branch name
2026-09-30T10:46:34.2518958Z hint: to use in all of your new repositories, which will suppress this warning,
2026-09-30T10:46:34.2519388Z hint: call:
2026-09-30T10:46:34.2519652Z hint:
2026-09-30T10:46:34.2520007Z hint: 	git config --global init.defaultBranch <name>
2026-09-30T10:46:34.2520293Z hint:
2026-09-30T10:46:34.2520661Z hint: Names commonly chosen instead of 'master' are 'main', 'trunk' and
2026-09-30T10:46:34.2521027Z hint: 'development'. The just-created branch can be renamed via this command:
2026-09-30T10:46:34.2521312Z hint:
2026-09-30T10:46:34.2521504Z hint: 	git branch -m <name>
2026-09-30T10:46:34.2521696Z hint:
2026-09-30T10:46:34.2521938Z hint: Disable this message with "git config set advice.defaultBranchName false"
2026-09-30T10:46:34.2522711Z Initialized empty Git repository in __CI_WORKSPACE__/.git/
2026-09-30T10:46:34.2546207Z [command]/usr/bin/git remote add origin https://github.com/JKamsker/LiteDB
2026-09-30T10:46:34.2552764Z ##[endgroup]
2026-09-30T10:46:34.2623229Z ##[group]Disabling automatic garbage collection
2026-09-30T10:46:34.2624302Z [command]/usr/bin/git config --local gc.auto 0
2026-09-30T10:46:34.2625879Z ##[endgroup]
2026-09-30T10:46:34.2626365Z ##[group]Setting up auth
2026-09-30T10:46:34.2626831Z [command]/usr/bin/git config --local --name-only --get-regexp core\.sshCommand
2026-09-30T10:46:34.2637693Z [command]/usr/bin/git submodule foreach --recursive sh -c "git config --local --name-only --get-regexp 'core\.sshCommand' && git config --local --unset-all 'core.sshCommand' || :"
2026-09-30T10:46:34.2955085Z [command]/usr/bin/git config --local --name-only --get-regexp http\.https\:\/\/github\.com\/\.extraheader
2026-09-30T10:46:34.2973715Z [command]/usr/bin/git submodule foreach --recursive sh -c "git config --local --name-only --get-regexp 'http\.https\:\/\/github\.com\/\.extraheader' && git config --local --unset-all 'http.https://github.com/.extraheader' || :"
2026-09-30T10:46:34.3074881Z [command]/usr/bin/git config --local --name-only --get-regexp ^includeIf\.gitdir:
2026-09-30T10:46:34.3091304Z [command]/usr/bin/git submodule foreach --recursive git config --local --show-origin --name-only --get-regexp remote.origin.url
2026-09-30T10:46:34.3189880Z [command]/usr/bin/git config --local http.https://github.com/.extraheader AUTHORIZATION: basic ***
2026-09-30T10:46:34.3246253Z ##[endgroup]
2026-09-30T10:46:34.3246781Z ##[group]Fetching the repository
2026-09-30T10:46:34.3251402Z [command]/usr/bin/git -c protocol.version=2 fetch --no-tags --prune --no-recurse-submodules --depth=1 origin +refs/pull/133/merge:refs/remotes/pull/133/merge
2026-09-30T10:46:35.4298892Z From https://github.com/JKamsker/LiteDB
2026-09-30T10:46:35.4299439Z  * [new ref]         refs/pull/133/merge -> pull/133/merge
2026-09-30T10:46:35.4301820Z ##[endgroup]
2026-09-30T10:46:35.4302475Z ##[group]Determining the checkout info
2026-09-30T10:46:35.4303895Z ##[endgroup]
2026-09-30T10:46:35.4308439Z [command]/usr/bin/git sparse-checkout disable
2026-09-30T10:46:35.5220649Z [command]/usr/bin/git config --local --unset-all extensions.worktreeConfig
2026-09-30T10:46:35.5240107Z ##[group]Checking out the ref
2026-09-30T10:46:35.5243045Z [command]/usr/bin/git checkout --progress --force refs/remotes/pull/133/merge
2026-09-30T10:46:35.5827373Z Note: switching to 'refs/remotes/pull/133/merge'.
2026-09-30T10:46:35.5827696Z 
2026-09-30T10:46:35.5827879Z You are in 'detached HEAD' state. You can look around, make experimental
2026-09-30T10:46:35.5828289Z changes and commit them, and you can discard any commits you make in this
2026-09-30T10:46:35.5828635Z state without impacting any branches by switching back to a branch.
2026-09-30T10:46:35.5828791Z 
2026-09-30T10:46:35.5828895Z If you want to create a new branch to retain commits you create, you may
2026-09-30T10:46:35.5829140Z do so (now or later) by using -c with the switch command. Example:
2026-09-30T10:46:35.5829282Z 
2026-09-30T10:46:35.5829368Z   git switch -c <new-branch-name>
2026-09-30T10:46:35.5829504Z 
2026-09-30T10:46:35.5829571Z Or undo this operation with:
2026-09-30T10:46:35.5829695Z 
2026-09-30T10:46:35.5829744Z   git switch -
2026-09-30T10:46:35.5829833Z 
2026-09-30T10:46:35.5829984Z Turn off this advice by setting config variable advice.detachedHead to false
2026-09-30T10:46:35.5830244Z 
2026-09-30T10:46:35.5830531Z HEAD is now at 67fd0a2 Merge 7e13e58e5f4e40642492ce768b49018e4a958c8b into 5dd942a7367c361fadd600be4ce10aace2768b27
2026-09-30T10:46:35.5831719Z ##[endgroup]
2026-09-30T10:46:35.5857069Z [command]/usr/bin/git log -1 --format=%H
2026-09-30T10:46:35.5868457Z 67fd0a2bb892d86cfd7c06b2f3924a4ca31d81a6
2026-09-30T10:46:35.6041582Z ##[group]Run actions/setup-dotnet@v4
2026-09-30T10:46:35.6041757Z with:
2026-09-30T10:46:35.6041868Z   dotnet-version: 8.0.x
2026-09-30T10:46:35.6042006Z   cache: false
2026-09-30T10:46:35.6042116Z ##[endgroup]
2026-09-30T10:46:35.6806795Z (node:1835) [DEP0040] DeprecationWarning: The `punycode` module is deprecated. Please use a userland alternative instead.
2026-09-30T10:46:35.6807416Z (Use `node --trace-deprecation ...` to show where the warning was created)
2026-09-30T10:46:35.6834315Z [command]__CI_HOME__/work/_actions/actions/setup-dotnet/v4/externals/install-dotnet.sh --skip-non-versioned-files --runtime dotnet --channel LTS
2026-09-30T10:46:36.2413380Z dotnet-install: .NET Core Runtime with version '10.0.12' is already installed.
2026-09-30T10:46:36.2428416Z [command]__CI_HOME__/work/_actions/actions/setup-dotnet/v4/externals/install-dotnet.sh --skip-non-versioned-files --channel 8.0
2026-09-30T10:46:36.7183018Z dotnet-install: .NET Core SDK with version '8.0.425' is already installed.
2026-09-30T10:46:36.7290133Z ##[group]Run actions/download-artifact@v4
2026-09-30T10:46:36.7290301Z with:
2026-09-30T10:46:36.7290421Z   name: reprorunner-cli
2026-09-30T10:46:36.7290548Z   merge-multiple: false
2026-09-30T10:46:36.7290677Z   repository: JKamsker/LiteDB
2026-09-30T10:46:36.7290809Z   run-id: 36704366871
2026-09-30T10:46:36.7290920Z env:
2026-09-30T10:46:36.7291026Z   DOTNET_ROOT: /usr/share/dotnet
2026-09-30T10:46:36.7291157Z ##[endgroup]
2026-09-30T10:46:36.8178470Z Downloading single artifact
2026-09-30T10:46:36.8255839Z (node:2027) [DEP0040] DeprecationWarning: The `punycode` module is deprecated. Please use a userland alternative instead.
2026-09-30T10:46:36.8256472Z (Use `node --trace-deprecation ...` to show where the warning was created)
2026-09-30T10:46:37.1228176Z Preparing to download the following artifacts:
2026-09-30T10:46:37.1228991Z - reprorunner-cli (ID: 11090724160, Size: 609762, Expected Digest: sha256:5e6b5ef8c6889ee503553b100e2f74e011f782ed82ae827d8fef114846153ad8)
2026-09-30T10:46:37.3981713Z Redirecting to blob download url: https://productionresultssa14.blob.core.windows.net/actions-results/10822c21-6f1b-801d-bbf9-b6a7950314c3/workflow-job-run-7d283849-09d3-5db8-8f6f-3eb136f94f44/artifacts/39c7c4ce616b9b23fee9439e3a83ee9dbc6ff20c3990796b2e7f27cad974c831.zip
2026-09-30T10:46:37.3982444Z Starting download of artifact to: __CI_WORKSPACE__
2026-09-30T10:46:37.7371436Z (node:2027) [DEP0005] DeprecationWarning: Buffer() is deprecated due to security and usability issues. Please use the Buffer.alloc(), Buffer.allocUnsafe(), or Buffer.from() methods instead.
2026-09-30T10:46:38.0794524Z SHA256 digest of downloaded artifact is 5e6b5ef8c6889ee503553b100e2f74e011f782ed82ae827d8fef114846153ad8
2026-09-30T10:46:38.0795061Z Artifact download completed successfully.
2026-09-30T10:46:38.0795542Z Total of 1 artifact(s) downloaded
2026-09-30T10:46:38.0798862Z Download artifact has finished successfully
2026-09-30T10:46:38.0866641Z ##[group]Run mkdir -p reprorunner-cli
2026-09-30T10:46:38.0866859Z [36;1mmkdir -p reprorunner-cli[0m
2026-09-30T10:46:38.0867058Z [36;1mtar -xzf reprorunner-cli.tar.gz -C reprorunner-cli[0m
2026-09-30T10:46:38.1210345Z shell: /usr/bin/bash --noprofile --norc -e -o pipefail {0}
2026-09-30T10:46:38.1210535Z env:
2026-09-30T10:46:38.1210651Z   DOTNET_ROOT: /usr/share/dotnet
2026-09-30T10:46:38.1210787Z ##[endgroup]
2026-09-30T10:46:38.1379245Z ##[group]Run set -euo pipefail
2026-09-30T10:46:38.1379424Z [36;1mset -euo pipefail[0m
2026-09-30T10:46:38.1379606Z [36;1mdotnet reprorunner-cli/LiteDB.ReproRunner.Cli.dll \[0m
2026-09-30T10:46:38.1379874Z [36;1m  run Issue_133_RawCloseCallbackDependency --ci --target-os "ubuntu-22.04"[0m
2026-09-30T10:46:38.1401645Z shell: /usr/bin/bash --noprofile --norc -e -o pipefail {0}
2026-09-30T10:46:38.1401820Z env:
2026-09-30T10:46:38.1401935Z   DOTNET_ROOT: /usr/share/dotnet
2026-09-30T10:46:38.1402070Z ##[endgroup]
2026-09-30T10:46:39.5134667Z Discovered repro: Issue_133_RawCloseCallbackDependency
2026-09-30T10:46:39.5135266Z BUILD: Starting build for 2 variants across 1 repros
2026-09-30T10:46:56.3087779Z BUILD: Build completed. Processing 2 results
2026-09-30T10:46:56.3090652Z BUILD: Package build failed for Issue_133_RawCloseCallbackDependency 
2026-09-30T10:46:56.3091057Z (0.0.0-knownbad.eb01f346eb7d)
2026-09-30T10:46:57.1039847Z FAIL: Issue_133_RawCloseCallbackDependency package - Variant did not execute.
2026-09-30T10:46:57.1057545Z Completed execution for Issue_133_RawCloseCallbackDependency
2026-09-30T10:46:57.1060471Z 
2026-09-30T10:46:57.1356298Z ╭─────────────────┬────────────────┬────────────────┬────────────────┬─────────╮
2026-09-30T10:46:57.1357176Z │ Repro           │ Repro Version  │ Package check  │ Source check   │ Overall │
2026-09-30T10:46:57.1357950Z ├─────────────────┼────────────────┼────────────────┼────────────────┼─────────┤
2026-09-30T10:46:57.1358880Z │ Issue_133_RawCl │ 0.0.0-knownbad │ [38;5;11m⚠️[0m no-run [2m(exp [0m │ [38;5;2m✅[0m exit 10     │ [38;5;9m❌[0m [38;5;9mred[0m  │
2026-09-30T10:46:57.1364537Z │ oseCallbackDepe │ .eb01f346eb7d  │ [2mrepro)[0m         │ [2m(exp no-repro)[0m │         │
2026-09-30T10:46:57.1365248Z │ ndency          │                │                │                │         │
2026-09-30T10:46:57.1379945Z ╰─────────────────┴────────────────┴────────────────┴────────────────┴─────────╯
2026-09-30T10:46:57.1380423Z 
2026-09-30T10:46:57.1380786Z [38;5;9mBuild failed for Issue_133_RawCloseCallbackDependency [0m
2026-09-30T10:46:57.1381329Z [38;5;9m(0.0.0-knownbad.eb01f346eb7d).[0m
2026-09-30T10:46:57.1381706Z   Determining projects to restore...
2026-09-30T10:46:57.1382029Z   Restored 
2026-09-30T10:46:57.1382529Z __CI_WORKSPACE__/LiteDB.ReproRunner/LiteDB.ReproRunner.Shared/Lit
2026-09-30T10:46:57.1383088Z eDB.ReproRunner.Shared.csproj (in 52 ms).
2026-09-30T10:46:57.1385853Z __CI_WORKSPACE__/LiteDB.ReproRunner/Repros/Issue_133_RawCloseCall
2026-09-30T10:46:57.1386977Z backDependency/Issue_133_RawCloseCallbackDependency.csproj : warning NU1603: 
2026-09-30T10:46:57.1396689Z Issue_133_RawCloseCallbackDependency depends on LiteDB (>= 
2026-09-30T10:46:57.1397308Z 0.0.0-knownbad.eb01f346eb7d) but LiteDB 0.0.0-knownbad.eb01f346eb7d was not 
2026-09-30T10:46:57.1402754Z found. LiteDB 0.5.0 was resolved instead.
2026-09-30T10:46:57.1403316Z __CI_WORKSPACE__/LiteDB.ReproRunner/Repros/Issue_133_RawCloseCall
2026-09-30T10:46:57.1403925Z backDependency/Issue_133_RawCloseCallbackDependency.csproj : warning NU1904: 
2026-09-30T10:46:57.1404491Z Package 'LiteDB' 0.5.0 has a known critical severity vulnerability, 
2026-09-30T10:46:57.1405023Z https://github.com/advisories/GHSA-3x49-g6rc-c284
2026-09-30T10:46:57.1405683Z __CI_WORKSPACE__/LiteDB.ReproRunner/Repros/Issue_133_RawCloseCall
2026-09-30T10:46:57.1406308Z backDependency/Issue_133_RawCloseCallbackDependency.csproj : warning NU1701: 
2026-09-30T10:46:57.1406889Z Package 'LiteDB 0.5.0' was restored using '.NETFramework,Version=v4.6.1, 
2026-09-30T10:46:57.1407426Z .NETFramework,Version=v4.6.2, .NETFramework,Version=v4.7, 
2026-09-30T10:46:57.1407907Z .NETFramework,Version=v4.7.1, .NETFramework,Version=v4.7.2, 
2026-09-30T10:46:57.1408463Z .NETFramework,Version=v4.8, .NETFramework,Version=v4.8.1' instead of the project
2026-09-30T10:46:57.1409317Z target framework 'net8.0'. This package may not be fully compatible with your 
2026-09-30T10:46:57.1409756Z project.
2026-09-30T10:46:57.1410008Z   Restored 
2026-09-30T10:46:57.1410423Z __CI_WORKSPACE__/LiteDB.ReproRunner/Repros/Issue_133_RawCloseCall
2026-09-30T10:46:57.1411015Z backDependency/Issue_133_RawCloseCallbackDependency.csproj (in 470 ms).
2026-09-30T10:46:57.1411608Z __CI_WORKSPACE__/LiteDB.ReproRunner/Repros/Issue_133_RawCloseCall
2026-09-30T10:46:57.1412226Z backDependency/Issue_133_RawCloseCallbackDependency.csproj : warning NU1603: 
2026-09-30T10:46:57.1412782Z Issue_133_RawCloseCallbackDependency depends on LiteDB (>= 
2026-09-30T10:46:57.1413332Z 0.0.0-knownbad.eb01f346eb7d) but LiteDB 0.0.0-knownbad.eb01f346eb7d was not 
2026-09-30T10:46:57.1413802Z found. LiteDB 0.5.0 was resolved instead.
2026-09-30T10:46:57.1414308Z __CI_WORKSPACE__/LiteDB.ReproRunner/Repros/Issue_133_RawCloseCall
2026-09-30T10:46:57.1414918Z backDependency/Issue_133_RawCloseCallbackDependency.csproj : warning NU1904: 
2026-09-30T10:46:57.1415616Z Package 'LiteDB' 0.5.0 has a known critical severity vulnerability, 
2026-09-30T10:46:57.1416101Z https://github.com/advisories/GHSA-3x49-g6rc-c284
2026-09-30T10:46:57.1416619Z __CI_WORKSPACE__/LiteDB.ReproRunner/Repros/Issue_133_RawCloseCall
2026-09-30T10:46:57.1417230Z backDependency/Issue_133_RawCloseCallbackDependency.csproj : warning NU1701: 
2026-09-30T10:46:57.1417810Z Package 'LiteDB 0.5.0' was restored using '.NETFramework,Version=v4.6.1, 
2026-09-30T10:46:57.1418335Z .NETFramework,Version=v4.6.2, .NETFramework,Version=v4.7, 
2026-09-30T10:46:57.1418821Z .NETFramework,Version=v4.7.1, .NETFramework,Version=v4.7.2, 
2026-09-30T10:46:57.1419369Z .NETFramework,Version=v4.8, .NETFramework,Version=v4.8.1' instead of the project
2026-09-30T10:46:57.1419964Z target framework 'net8.0'. This package may not be fully compatible with your 
2026-09-30T10:46:57.1420388Z project.
2026-09-30T10:46:57.1420670Z   LiteDB.ReproRunner.Shared -> 
2026-09-30T10:46:57.1421155Z __CI_WORKSPACE__/reprorunner-cli/runs/Issue_133_RawCloseCallbackD
2026-09-30T10:46:57.1421761Z ependency/ver_0_0_0_knownbad_eb01f346eb7d/build/LiteDB.ReproRunner.Shared.dll
2026-09-30T10:46:57.1422473Z __CI_WORKSPACE__/LiteDB.ReproRunner/Repros/Issue_133_RawCloseCall
2026-09-30T10:46:57.1423157Z backDependency/Program.cs(6,14): error CS0234: The type or namespace name 
2026-09-30T10:46:57.1423733Z 'Engine' does not exist in the namespace 'LiteDB' (are you missing an assembly 
2026-09-30T10:46:57.1424189Z reference?) 
2026-09-30T10:46:57.1424624Z [__CI_WORKSPACE__/LiteDB.ReproRunner/Repros/Issue_133_RawCloseCal
2026-09-30T10:46:57.1425440Z lbackDependency/Issue_133_RawCloseCallbackDependency.csproj]
2026-09-30T10:46:57.1425872Z 
2026-09-30T10:46:57.1426042Z Build FAILED.
2026-09-30T10:46:57.1426249Z 
2026-09-30T10:46:57.1426583Z __CI_WORKSPACE__/LiteDB.ReproRunner/Repros/Issue_133_RawCloseCall
2026-09-30T10:46:57.1427207Z backDependency/Issue_133_RawCloseCallbackDependency.csproj : warning NU1603: 
2026-09-30T10:46:57.1427844Z Issue_133_RawCloseCallbackDependency depends on LiteDB (>= 
2026-09-30T10:46:57.1428560Z 0.0.0-knownbad.eb01f346eb7d) but LiteDB 0.0.0-knownbad.eb01f346eb7d was not 
2026-09-30T10:46:57.1429093Z found. LiteDB 0.5.0 was resolved instead.
2026-09-30T10:46:57.1429634Z __CI_WORKSPACE__/LiteDB.ReproRunner/Repros/Issue_133_RawCloseCall
2026-09-30T10:46:57.1430254Z backDependency/Issue_133_RawCloseCallbackDependency.csproj : warning NU1904: 
2026-09-30T10:46:57.1430840Z Package 'LiteDB' 0.5.0 has a known critical severity vulnerability, 
2026-09-30T10:46:57.1431322Z https://github.com/advisories/GHSA-3x49-g6rc-c284
2026-09-30T10:46:57.1432033Z __CI_WORKSPACE__/LiteDB.ReproRunner/Repros/Issue_133_RawCloseCall
2026-09-30T10:46:57.1465860Z backDependency/Issue_133_RawCloseCallbackDependency.csproj : warning NU1701: 
2026-09-30T10:46:57.1476691Z Package 'LiteDB 0.5.0' was restored using '.NETFramework,Version=v4.6.1, 
2026-09-30T10:46:57.1477548Z .NETFramework,Version=v4.6.2, .NETFramework,Version=v4.7, 
2026-09-30T10:46:57.1478089Z .NETFramework,Version=v4.7.1, .NETFramework,Version=v4.7.2, 
2026-09-30T10:46:57.1478660Z .NETFramework,Version=v4.8, .NETFramework,Version=v4.8.1' instead of the project
2026-09-30T10:46:57.1479288Z target framework 'net8.0'. This package may not be fully compatible with your 
2026-09-30T10:46:57.1479739Z project.
2026-09-30T10:46:57.1480185Z __CI_WORKSPACE__/LiteDB.ReproRunner/Repros/Issue_133_RawCloseCall
2026-09-30T10:46:57.1480832Z backDependency/Issue_133_RawCloseCallbackDependency.csproj : warning NU1603: 
2026-09-30T10:46:57.1481406Z Issue_133_RawCloseCallbackDependency depends on LiteDB (>= 
2026-09-30T10:46:57.1481960Z 0.0.0-knownbad.eb01f346eb7d) but LiteDB 0.0.0-knownbad.eb01f346eb7d was not 
2026-09-30T10:46:57.1482447Z found. LiteDB 0.5.0 was resolved instead.
2026-09-30T10:46:57.1482964Z __CI_WORKSPACE__/LiteDB.ReproRunner/Repros/Issue_133_RawCloseCall
2026-09-30T10:46:57.1483596Z backDependency/Issue_133_RawCloseCallbackDependency.csproj : warning NU1904: 
2026-09-30T10:46:57.1484190Z Package 'LiteDB' 0.5.0 has a known critical severity vulnerability, 
2026-09-30T10:46:57.1484690Z https://github.com/advisories/GHSA-3x49-g6rc-c284
2026-09-30T10:46:57.1485237Z __CI_WORKSPACE__/LiteDB.ReproRunner/Repros/Issue_133_RawCloseCall
2026-09-30T10:46:57.1486291Z backDependency/Issue_133_RawCloseCallbackDependency.csproj : warning NU1701: 
2026-09-30T10:46:57.1486897Z Package 'LiteDB 0.5.0' was restored using '.NETFramework,Version=v4.6.1, 
2026-09-30T10:46:57.1487442Z .NETFramework,Version=v4.6.2, .NETFramework,Version=v4.7, 
2026-09-30T10:46:57.1487945Z .NETFramework,Version=v4.7.1, .NETFramework,Version=v4.7.2, 
2026-09-30T10:46:57.1488503Z .NETFramework,Version=v4.8, .NETFramework,Version=v4.8.1' instead of the project
2026-09-30T10:46:57.1489091Z target framework 'net8.0'. This package may not be fully compatible with your 
2026-09-30T10:46:57.1489538Z project.
2026-09-30T10:46:57.1489989Z __CI_WORKSPACE__/LiteDB.ReproRunner/Repros/Issue_133_RawCloseCall
2026-09-30T10:46:57.1490673Z backDependency/Program.cs(6,14): error CS0234: The type or namespace name 
2026-09-30T10:46:57.1491262Z 'Engine' does not exist in the namespace 'LiteDB' (are you missing an assembly 
2026-09-30T10:46:57.1491703Z reference?) 
2026-09-30T10:46:57.1492150Z [__CI_WORKSPACE__/LiteDB.ReproRunner/Repros/Issue_133_RawCloseCal
2026-09-30T10:46:57.1492729Z lbackDependency/Issue_133_RawCloseCallbackDependency.csproj]
2026-09-30T10:46:57.1493316Z     6 Warning(s)
2026-09-30T10:46:57.1493607Z     1 Error(s)
2026-09-30T10:46:57.1493827Z 
2026-09-30T10:46:57.1494075Z Time Elapsed 00:00:09.77
2026-09-30T10:46:57.1494391Z 
2026-09-30T10:46:57.1508559Z ##[error]Process completed with exit code 1.
2026-09-30T10:46:57.1572433Z ##[group]Run actions/upload-artifact@v4
2026-09-30T10:46:57.1572687Z with:
2026-09-30T10:46:57.1572933Z   name: logs-Issue_133_RawCloseCallbackDependency-ubuntu-22.04
2026-09-30T10:46:57.1573390Z   path: artifacts
reprorunner-cli/runs
LiteDB.ReproRunner/LiteDB.ReproRunner.Cli/bin/**/runs

2026-09-30T10:46:57.1573785Z   if-no-files-found: ignore
2026-09-30T10:46:57.1573989Z   compression-level: 6
2026-09-30T10:46:57.1574174Z   overwrite: false
2026-09-30T10:46:57.1574360Z   include-hidden-files: false
2026-09-30T10:46:57.1574563Z env:
2026-09-30T10:46:57.1574729Z   DOTNET_ROOT: /usr/share/dotnet
2026-09-30T10:46:57.1574935Z ##[endgroup]
2026-09-30T10:46:57.2987696Z (node:2234) [DEP0040] DeprecationWarning: The `punycode` module is deprecated. Please use a userland alternative instead.
2026-09-30T10:46:57.2988528Z (Use `node --trace-deprecation ...` to show where the warning was created)
2026-09-30T10:46:57.3043498Z Multiple search paths detected. Calculating the least common ancestor of all paths
2026-09-30T10:46:57.3087847Z The least common ancestor is __CI_HOME__/work/LiteDB/LiteDB. This will be the root directory of the artifact
2026-09-30T10:46:57.3088527Z No files were found with the provided path: artifacts
2026-09-30T10:46:57.3088908Z reprorunner-cli/runs
2026-09-30T10:46:57.3089459Z LiteDB.ReproRunner/LiteDB.ReproRunner.Cli/bin/**/runs. No artifacts will be uploaded.
2026-09-30T10:46:57.3165047Z ##[group]Run status="failure"
2026-09-30T10:46:57.3165466Z [36;1mstatus="failure"[0m
2026-09-30T10:46:57.3165668Z [36;1m{[0m
2026-09-30T10:46:57.3165933Z [36;1m  echo "### Issue_133_RawCloseCallbackDependency (ubuntu-22.04)"[0m
2026-09-30T10:46:57.3166265Z [36;1m  echo "- Result: ${status}"[0m
2026-09-30T10:46:57.3166623Z [36;1m  echo "- Artifacts: logs-Issue_133_RawCloseCallbackDependency-ubuntu-22.04"[0m
2026-09-30T10:46:57.3167021Z [36;1m} >> "${GITHUB_STEP_SUMMARY}"[0m
2026-09-30T10:46:57.3206135Z shell: /usr/bin/bash --noprofile --norc -e -o pipefail {0}
2026-09-30T10:46:57.3206435Z env:
2026-09-30T10:46:57.3206611Z   DOTNET_ROOT: /usr/share/dotnet
2026-09-30T10:46:57.3206826Z ##[endgroup]
2026-09-30T10:46:57.3351251Z Post job cleanup.
2026-09-30T10:46:57.4090115Z [command]/usr/bin/git version
2026-09-30T10:46:57.4137250Z git version 2.55.0
2026-09-30T10:46:57.4186755Z Temporarily overriding HOME='__CI_HOME__/work/_temp/ffe7eb01-e463-4bce-9332-e3d19cd45cd6' before making global git config changes
2026-09-30T10:46:57.4187608Z Adding repository directory to the temporary git global config as a safe directory
2026-09-30T10:46:57.4188312Z [command]/usr/bin/git config --global --add safe.directory __CI_WORKSPACE__
2026-09-30T10:46:57.4236422Z [command]/usr/bin/git config --local --name-only --get-regexp core\.sshCommand
2026-09-30T10:46:57.4282945Z [command]/usr/bin/git submodule foreach --recursive sh -c "git config --local --name-only --get-regexp 'core\.sshCommand' && git config --local --unset-all 'core.sshCommand' || :"
2026-09-30T10:46:57.4602834Z [command]/usr/bin/git config --local --name-only --get-regexp http\.https\:\/\/github\.com\/\.extraheader
2026-09-30T10:46:57.4613479Z http.https://github.com/.extraheader
2026-09-30T10:46:57.4632094Z [command]/usr/bin/git config --local --unset-all http.https://github.com/.extraheader
2026-09-30T10:46:57.4665761Z [command]/usr/bin/git submodule foreach --recursive sh -c "git config --local --name-only --get-regexp 'http\.https\:\/\/github\.com\/\.extraheader' && git config --local --unset-all 'http.https://github.com/.extraheader' || :"
2026-09-30T10:46:57.4938050Z [command]/usr/bin/git config --local --name-only --get-regexp ^includeIf\.gitdir:
2026-09-30T10:46:57.4941530Z [command]/usr/bin/git submodule foreach --recursive git config --local --show-origin --name-only --get-regexp remote.origin.url
2026-09-30T10:46:57.5256924Z Cleaning up orphan processes
2026-09-30T10:46:57.5485735Z Terminate orphan process: pid (2091) (VBCSCompiler)
2026-09-30T10:46:57.5499968Z Terminate orphan process: pid (2148) (dotnet)
2026-09-30T10:46:57.5511661Z Terminate orphan process: pid (2173) (dotnet)
2026-09-30T10:46:57.5517783Z ##[warning]Node.js 20 is deprecated. The following actions target Node.js 20 but are being forced to run on Node.js 24: actions/checkout@v4, actions/download-artifact@v4, actions/setup-dotnet@v4, actions/upload-artifact@v4. For more information see: https://github.blog/changelog/2025-09-19-deprecation-of-node-20-on-github-actions-runners/
