2026-09-30T10:46:32.6211135Z Current runner version: '2.337.0'
2026-09-30T10:46:32.6235568Z ##[group]Runner Image Provisioner
2026-09-30T10:46:32.6236453Z Hosted Compute Agent
2026-09-30T10:46:32.6237187Z Version: 20260828.587
2026-09-30T10:46:32.6237877Z Commit: abac92662cab4cc7352de4f9f9d2e2419aad9c29
2026-09-30T10:46:32.6238709Z Build Date: 2026-08-28T16:44:25Z
2026-09-30T10:46:32.6239450Z Worker ID: {8c226d5b-3597-46c3-9caa-cb1160435b93}
2026-09-30T10:46:32.6240222Z Azure Region: westcentralus
2026-09-30T10:46:32.6240947Z ##[endgroup]
2026-09-30T10:46:32.6242683Z ##[group]Operating System
2026-09-30T10:46:32.6243458Z Ubuntu
2026-09-30T10:46:32.6244263Z 22.04.5
2026-09-30T10:46:32.6244821Z LTS
2026-09-30T10:46:32.6245425Z ##[endgroup]
2026-09-30T10:46:32.6246027Z ##[group]Runner Image
2026-09-30T10:46:32.6246630Z Image: ubuntu-22.04
2026-09-30T10:46:32.6247332Z Version: 20260920.303.1
2026-09-30T10:46:32.6248639Z Included Software: https://github.com/actions/runner-images/blob/ubuntu22/20260920.303/images/ubuntu/Ubuntu2204-Readme.md
2026-09-30T10:46:32.6250355Z Image Release: https://github.com/actions/runner-images/releases/tag/ubuntu22%2F20260920.303
2026-09-30T10:46:32.6251322Z ##[endgroup]
2026-09-30T10:46:32.6254910Z ##[group]GITHUB_TOKEN Permissions
2026-09-30T10:46:32.6257194Z Actions: write
2026-09-30T10:46:32.6257860Z ArtifactMetadata: write
2026-09-30T10:46:32.6258494Z Attestations: write
2026-09-30T10:46:32.6259161Z Checks: write
2026-09-30T10:46:32.6259736Z CodeQuality: write
2026-09-30T10:46:32.6260316Z Contents: write
2026-09-30T10:46:32.6260983Z CopilotRequests: write
2026-09-30T10:46:32.6261604Z Deployments: write
2026-09-30T10:46:32.6262254Z Discussions: write
2026-09-30T10:46:32.6262891Z Drives: write
2026-09-30T10:46:32.6263435Z Issues: write
2026-09-30T10:46:32.6264293Z Metadata: read
2026-09-30T10:46:32.6264973Z Models: read
2026-09-30T10:46:32.6265578Z Packages: write
2026-09-30T10:46:32.6266177Z Pages: write
2026-09-30T10:46:32.6266764Z PullRequests: write
2026-09-30T10:46:32.6267454Z RepositoryProjects: write
2026-09-30T10:46:32.6268161Z SecurityEvents: write
2026-09-30T10:46:32.6268800Z Statuses: write
2026-09-30T10:46:32.6269409Z VulnerabilityAlerts: read
2026-09-30T10:46:32.6270049Z ##[endgroup]
2026-09-30T10:46:32.6272191Z Secret source: Actions
2026-09-30T10:46:32.6273209Z Cache mode: write
2026-09-30T10:46:32.6274280Z Prepare workflow directory
2026-09-30T10:46:32.6615589Z Prepare all required actions
2026-09-30T10:46:32.6661998Z Getting action download info
2026-09-30T10:46:33.0016277Z Download action repository 'actions/checkout@v4' (SHA:11d5960a326750d5838078e36cf38b85af677262)
2026-09-30T10:46:33.1369588Z Download action repository 'actions/setup-dotnet@v4' (SHA:67a3573c9a986a3f9c594539f4ab511d57bb3ce9)
2026-09-30T10:46:33.7426448Z Download action repository 'actions/download-artifact@v4' (SHA:d3f86a106a0bac45b974a628896c90dbdf5c8093)
2026-09-30T10:46:34.2569524Z Download action repository 'actions/upload-artifact@v4' (SHA:ea165f8d65b6e75b540449e92b4886f43607fa02)
2026-09-30T10:46:34.4955729Z Uses: JKamsker/LiteDB/.github/workflows/reprorunner.yml@refs/pull/133/merge (67fd0a2bb892d86cfd7c06b2f3924a4ca31d81a6)
2026-09-30T10:46:34.4961709Z ##[group] Inputs
2026-09-30T10:46:34.4962679Z   filter: 
2026-09-30T10:46:34.4963516Z   ref: 
2026-09-30T10:46:34.4964560Z   tier: full
2026-09-30T10:46:34.4965422Z ##[endgroup]
2026-09-30T10:46:34.4966901Z Complete job name: repro-runner / Run Issue_3067_HandleCallbackSelfWait on ubuntu-22.04
2026-09-30T10:46:34.6026345Z ##[group]Run actions/checkout@v4
2026-09-30T10:46:34.6027689Z with:
2026-09-30T10:46:34.6028496Z   ref: refs/pull/133/merge
2026-09-30T10:46:34.6029466Z   repository: JKamsker/LiteDB
2026-09-30T10:46:34.6039506Z   token: ***
2026-09-30T10:46:34.6040360Z   ssh-strict: true
2026-09-30T10:46:34.6041207Z   ssh-user: git
2026-09-30T10:46:34.6042069Z   persist-credentials: true
2026-09-30T10:46:34.6043018Z   clean: true
2026-09-30T10:46:34.6043873Z   sparse-checkout-cone-mode: true
2026-09-30T10:46:34.6045052Z   fetch-depth: 1
2026-09-30T10:46:34.6045904Z   fetch-tags: false
2026-09-30T10:46:34.6047051Z   show-progress: true
2026-09-30T10:46:34.6047930Z   lfs: false
2026-09-30T10:46:34.6048724Z   submodules: false
2026-09-30T10:46:34.6049602Z   set-safe-directory: true
2026-09-30T10:46:34.6050585Z   allow-unsafe-pr-checkout: false
2026-09-30T10:46:34.6051929Z ##[endgroup]
2026-09-30T10:46:34.7193904Z Syncing repository: JKamsker/LiteDB
2026-09-30T10:46:34.7197909Z ##[group]Getting Git version info
2026-09-30T10:46:34.7199325Z Working directory is '__CI_HOME__/work/LiteDB/LiteDB'
2026-09-30T10:46:34.7201288Z [command]/usr/bin/git version
2026-09-30T10:46:34.7290867Z git version 2.55.0
2026-09-30T10:46:34.7325910Z ##[endgroup]
2026-09-30T10:46:34.7348423Z Temporarily overriding HOME='__CI_HOME__/work/_temp/003a99ae-cb25-4768-9e25-b9df3d7f314e' before making global git config changes
2026-09-30T10:46:34.7351200Z Adding repository directory to the temporary git global config as a safe directory
2026-09-30T10:46:34.7353361Z [command]/usr/bin/git config --global --add safe.directory __CI_WORKSPACE__
2026-09-30T10:46:34.7387660Z Deleting the contents of '__CI_HOME__/work/LiteDB/LiteDB'
2026-09-30T10:46:34.7393073Z ##[group]Initializing the repository
2026-09-30T10:46:34.7398016Z [command]/usr/bin/git init __CI_WORKSPACE__
2026-09-30T10:46:34.7537119Z hint: Using 'master' as the name for the initial branch. This default branch name
2026-09-30T10:46:34.7540721Z hint: will change to "main" in Git 3.0. To configure the initial branch name
2026-09-30T10:46:34.7544377Z hint: to use in all of your new repositories, which will suppress this warning,
2026-09-30T10:46:34.7547230Z hint: call:
2026-09-30T10:46:34.7548704Z hint:
2026-09-30T10:46:34.7550466Z hint: 	git config --global init.defaultBranch <name>
2026-09-30T10:46:34.7552692Z hint:
2026-09-30T10:46:34.7555013Z hint: Names commonly chosen instead of 'master' are 'main', 'trunk' and
2026-09-30T10:46:34.7558447Z hint: 'development'. The just-created branch can be renamed via this command:
2026-09-30T10:46:34.7561633Z hint:
2026-09-30T10:46:34.7563274Z hint: 	git branch -m <name>
2026-09-30T10:46:34.7565341Z hint:
2026-09-30T10:46:34.7567795Z hint: Disable this message with "git config set advice.defaultBranchName false"
2026-09-30T10:46:34.7571310Z Initialized empty Git repository in __CI_WORKSPACE__/.git/
2026-09-30T10:46:34.7577427Z [command]/usr/bin/git remote add origin https://github.com/JKamsker/LiteDB
2026-09-30T10:46:34.7595375Z ##[endgroup]
2026-09-30T10:46:34.7597986Z ##[group]Disabling automatic garbage collection
2026-09-30T10:46:34.7600204Z [command]/usr/bin/git config --local gc.auto 0
2026-09-30T10:46:34.7680782Z ##[endgroup]
2026-09-30T10:46:34.7683049Z ##[group]Setting up auth
2026-09-30T10:46:34.7685910Z [command]/usr/bin/git config --local --name-only --get-regexp core\.sshCommand
2026-09-30T10:46:34.7726870Z [command]/usr/bin/git submodule foreach --recursive sh -c "git config --local --name-only --get-regexp 'core\.sshCommand' && git config --local --unset-all 'core.sshCommand' || :"
2026-09-30T10:46:34.8197134Z [command]/usr/bin/git config --local --name-only --get-regexp http\.https\:\/\/github\.com\/\.extraheader
2026-09-30T10:46:34.8221567Z [command]/usr/bin/git submodule foreach --recursive sh -c "git config --local --name-only --get-regexp 'http\.https\:\/\/github\.com\/\.extraheader' && git config --local --unset-all 'http.https://github.com/.extraheader' || :"
2026-09-30T10:46:34.8485569Z [command]/usr/bin/git config --local --name-only --get-regexp ^includeIf\.gitdir:
2026-09-30T10:46:34.8531141Z [command]/usr/bin/git submodule foreach --recursive git config --local --show-origin --name-only --get-regexp remote.origin.url
2026-09-30T10:46:34.8802135Z [command]/usr/bin/git config --local http.https://github.com/.extraheader AUTHORIZATION: basic ***
2026-09-30T10:46:34.8848304Z ##[endgroup]
2026-09-30T10:46:34.8849924Z ##[group]Fetching the repository
2026-09-30T10:46:34.8897607Z [command]/usr/bin/git -c protocol.version=2 fetch --no-tags --prune --no-recurse-submodules --depth=1 origin +refs/pull/133/merge:refs/remotes/pull/133/merge
2026-09-30T10:46:36.1985160Z From https://github.com/JKamsker/LiteDB
2026-09-30T10:46:36.1986714Z  * [new ref]         refs/pull/133/merge -> pull/133/merge
2026-09-30T10:46:36.1989195Z ##[endgroup]
2026-09-30T10:46:36.1990368Z ##[group]Determining the checkout info
2026-09-30T10:46:36.1992599Z ##[endgroup]
2026-09-30T10:46:36.1998202Z [command]/usr/bin/git sparse-checkout disable
2026-09-30T10:46:36.2051880Z [command]/usr/bin/git config --local --unset-all extensions.worktreeConfig
2026-09-30T10:46:36.2088400Z ##[group]Checking out the ref
2026-09-30T10:46:36.2092265Z [command]/usr/bin/git checkout --progress --force refs/remotes/pull/133/merge
2026-09-30T10:46:36.3476688Z Note: switching to 'refs/remotes/pull/133/merge'.
2026-09-30T10:46:36.3477623Z 
2026-09-30T10:46:36.3478231Z You are in 'detached HEAD' state. You can look around, make experimental
2026-09-30T10:46:36.3479932Z changes and commit them, and you can discard any commits you make in this
2026-09-30T10:46:36.3481123Z state without impacting any branches by switching back to a branch.
2026-09-30T10:46:36.3481684Z 
2026-09-30T10:46:36.3482146Z If you want to create a new branch to retain commits you create, you may
2026-09-30T10:46:36.3483012Z do so (now or later) by using -c with the switch command. Example:
2026-09-30T10:46:36.3483679Z 
2026-09-30T10:46:36.3484339Z   git switch -c <new-branch-name>
2026-09-30T10:46:36.3484991Z 
2026-09-30T10:46:36.3485354Z Or undo this operation with:
2026-09-30T10:46:36.3485862Z 
2026-09-30T10:46:36.3486170Z   git switch -
2026-09-30T10:46:36.3486596Z 
2026-09-30T10:46:36.3487123Z Turn off this advice by setting config variable advice.detachedHead to false
2026-09-30T10:46:36.3487812Z 
2026-09-30T10:46:36.3488602Z HEAD is now at 67fd0a2 Merge 7e13e58e5f4e40642492ce768b49018e4a958c8b into 5dd942a7367c361fadd600be4ce10aace2768b27
2026-09-30T10:46:36.3491287Z ##[endgroup]
2026-09-30T10:46:36.3539436Z [command]/usr/bin/git log -1 --format=%H
2026-09-30T10:46:36.3572658Z 67fd0a2bb892d86cfd7c06b2f3924a4ca31d81a6
2026-09-30T10:46:36.3876712Z ##[group]Run actions/setup-dotnet@v4
2026-09-30T10:46:36.3877138Z with:
2026-09-30T10:46:36.3877444Z   dotnet-version: 8.0.x
2026-09-30T10:46:36.3877778Z   cache: false
2026-09-30T10:46:36.3878066Z ##[endgroup]
2026-09-30T10:46:36.5412087Z (node:2026) [DEP0040] DeprecationWarning: The `punycode` module is deprecated. Please use a userland alternative instead.
2026-09-30T10:46:36.5413439Z (Use `node --trace-deprecation ...` to show where the warning was created)
2026-09-30T10:46:36.5469636Z [command]__CI_HOME__/work/_actions/actions/setup-dotnet/v4/externals/install-dotnet.sh --skip-non-versioned-files --runtime dotnet --channel LTS
2026-09-30T10:46:37.0775573Z dotnet-install: .NET Core Runtime with version '10.0.12' is already installed.
2026-09-30T10:46:37.0835552Z [command]__CI_HOME__/work/_actions/actions/setup-dotnet/v4/externals/install-dotnet.sh --skip-non-versioned-files --channel 8.0
2026-09-30T10:46:37.5407389Z dotnet-install: .NET Core SDK with version '8.0.425' is already installed.
2026-09-30T10:46:37.5600993Z ##[group]Run actions/download-artifact@v4
2026-09-30T10:46:37.5601303Z with:
2026-09-30T10:46:37.5601505Z   name: reprorunner-cli
2026-09-30T10:46:37.5601740Z   merge-multiple: false
2026-09-30T10:46:37.5601980Z   repository: JKamsker/LiteDB
2026-09-30T10:46:37.5602213Z   run-id: 36704366871
2026-09-30T10:46:37.5602406Z env:
2026-09-30T10:46:37.5602592Z   DOTNET_ROOT: /usr/share/dotnet
2026-09-30T10:46:37.5602827Z ##[endgroup]
2026-09-30T10:46:37.7259199Z Downloading single artifact
2026-09-30T10:46:37.7392961Z (node:2218) [DEP0040] DeprecationWarning: The `punycode` module is deprecated. Please use a userland alternative instead.
2026-09-30T10:46:37.7394579Z (Use `node --trace-deprecation ...` to show where the warning was created)
2026-09-30T10:46:37.9485774Z Preparing to download the following artifacts:
2026-09-30T10:46:37.9487247Z - reprorunner-cli (ID: 11090724160, Size: 609762, Expected Digest: sha256:5e6b5ef8c6889ee503553b100e2f74e011f782ed82ae827d8fef114846153ad8)
2026-09-30T10:46:38.1660978Z Redirecting to blob download url: https://productionresultssa14.blob.core.windows.net/actions-results/10822c21-6f1b-801d-bbf9-b6a7950314c3/workflow-job-run-7d283849-09d3-5db8-8f6f-3eb136f94f44/artifacts/39c7c4ce616b9b23fee9439e3a83ee9dbc6ff20c3990796b2e7f27cad974c831.zip
2026-09-30T10:46:38.1663476Z Starting download of artifact to: __CI_WORKSPACE__
2026-09-30T10:46:38.3763030Z (node:2218) [DEP0005] DeprecationWarning: Buffer() is deprecated due to security and usability issues. Please use the Buffer.alloc(), Buffer.allocUnsafe(), or Buffer.from() methods instead.
2026-09-30T10:46:38.5806669Z SHA256 digest of downloaded artifact is 5e6b5ef8c6889ee503553b100e2f74e011f782ed82ae827d8fef114846153ad8
2026-09-30T10:46:38.5808025Z Artifact download completed successfully.
2026-09-30T10:46:38.5808627Z Total of 1 artifact(s) downloaded
2026-09-30T10:46:38.5813645Z Download artifact has finished successfully
2026-09-30T10:46:38.5949625Z ##[group]Run mkdir -p reprorunner-cli
2026-09-30T10:46:38.5950017Z [36;1mmkdir -p reprorunner-cli[0m
2026-09-30T10:46:38.5950377Z [36;1mtar -xzf reprorunner-cli.tar.gz -C reprorunner-cli[0m
2026-09-30T10:46:38.6355860Z shell: /usr/bin/bash --noprofile --norc -e -o pipefail {0}
2026-09-30T10:46:38.6356242Z env:
2026-09-30T10:46:38.6356454Z   DOTNET_ROOT: /usr/share/dotnet
2026-09-30T10:46:38.6356718Z ##[endgroup]
2026-09-30T10:46:38.6675117Z ##[group]Run set -euo pipefail
2026-09-30T10:46:38.6675465Z [36;1mset -euo pipefail[0m
2026-09-30T10:46:38.6675806Z [36;1mdotnet reprorunner-cli/LiteDB.ReproRunner.Cli.dll \[0m
2026-09-30T10:46:38.6676307Z [36;1m  run Issue_3067_HandleCallbackSelfWait --ci --target-os "ubuntu-22.04"[0m
2026-09-30T10:46:38.6748320Z shell: /usr/bin/bash --noprofile --norc -e -o pipefail {0}
2026-09-30T10:46:38.6748661Z env:
2026-09-30T10:46:38.6748868Z   DOTNET_ROOT: /usr/share/dotnet
2026-09-30T10:46:38.6749136Z ##[endgroup]
2026-09-30T10:46:43.3032846Z Discovered repro: Issue_3067_HandleCallbackSelfWait
2026-09-30T10:46:43.3035915Z BUILD: Starting build for 2 variants across 1 repros
2026-09-30T10:47:02.9418131Z BUILD: Build completed. Processing 2 results
2026-09-30T10:47:02.9428012Z BUILD: Package build failed for Issue_3067_HandleCallbackSelfWait 
2026-09-30T10:47:02.9428804Z (0.0.0-knownbad.eb01f346eb7d)
2026-09-30T10:47:04.8789021Z FAIL: Issue_3067_HandleCallbackSelfWait package - Variant did not execute.
2026-09-30T10:47:04.8811878Z Completed execution for Issue_3067_HandleCallbackSelfWait
2026-09-30T10:47:04.8817282Z 
2026-09-30T10:47:04.9189038Z ╭─────────────────┬────────────────┬────────────────┬────────────────┬─────────╮
2026-09-30T10:47:04.9190266Z │ Repro           │ Repro Version  │ Package check  │ Source check   │ Overall │
2026-09-30T10:47:04.9191393Z ├─────────────────┼────────────────┼────────────────┼────────────────┼─────────┤
2026-09-30T10:47:04.9192895Z │ Issue_3067_Hand │ 0.0.0-knownbad │ [38;5;11m⚠️[0m no-run [2m(exp [0m │ [38;5;2m✅[0m exit 10     │ [38;5;9m❌[0m [38;5;9mred[0m  │
2026-09-30T10:47:04.9195069Z │ leCallbackSelfW │ .eb01f346eb7d  │ [2mrepro)[0m         │ [2m(exp no-repro)[0m │         │
2026-09-30T10:47:04.9196203Z │ ait             │                │                │                │         │
2026-09-30T10:47:04.9197136Z ╰─────────────────┴────────────────┴────────────────┴────────────────┴─────────╯
2026-09-30T10:47:04.9197579Z 
2026-09-30T10:47:04.9198088Z [38;5;9mBuild failed for Issue_3067_HandleCallbackSelfWait [0m
2026-09-30T10:47:04.9198905Z [38;5;9m(0.0.0-knownbad.eb01f346eb7d).[0m
2026-09-30T10:47:04.9199481Z   Determining projects to restore...
2026-09-30T10:47:04.9214903Z   Restored 
2026-09-30T10:47:04.9216143Z __CI_WORKSPACE__/LiteDB.ReproRunner/LiteDB.ReproRunner.Shared/Lit
2026-09-30T10:47:04.9217206Z eDB.ReproRunner.Shared.csproj (in 90 ms).
2026-09-30T10:47:04.9218164Z __CI_WORKSPACE__/LiteDB.ReproRunner/Repros/Issue_3067_HandleCallb
2026-09-30T10:47:04.9219889Z ackSelfWait/Issue_3067_HandleCallbackSelfWait.csproj : warning NU1603: 
2026-09-30T10:47:04.9220973Z Issue_3067_HandleCallbackSelfWait depends on LiteDB (>= 
2026-09-30T10:47:04.9221965Z 0.0.0-knownbad.eb01f346eb7d) but LiteDB 0.0.0-knownbad.eb01f346eb7d was not 
2026-09-30T10:47:04.9222832Z found. LiteDB 0.5.0 was resolved instead.
2026-09-30T10:47:04.9223853Z __CI_WORKSPACE__/LiteDB.ReproRunner/Repros/Issue_3067_HandleCallb
2026-09-30T10:47:04.9225325Z ackSelfWait/Issue_3067_HandleCallbackSelfWait.csproj : warning NU1904: Package 
2026-09-30T10:47:04.9226379Z 'LiteDB' 0.5.0 has a known critical severity vulnerability, 
2026-09-30T10:47:04.9227208Z https://github.com/advisories/GHSA-3x49-g6rc-c284
2026-09-30T10:47:04.9228222Z __CI_WORKSPACE__/LiteDB.ReproRunner/Repros/Issue_3067_HandleCallb
2026-09-30T10:47:04.9229362Z ackSelfWait/Issue_3067_HandleCallbackSelfWait.csproj : warning NU1701: Package 
2026-09-30T10:47:04.9230492Z 'LiteDB 0.5.0' was restored using '.NETFramework,Version=v4.6.1, 
2026-09-30T10:47:04.9231409Z .NETFramework,Version=v4.6.2, .NETFramework,Version=v4.7, 
2026-09-30T10:47:04.9232312Z .NETFramework,Version=v4.7.1, .NETFramework,Version=v4.7.2, 
2026-09-30T10:47:04.9233305Z .NETFramework,Version=v4.8, .NETFramework,Version=v4.8.1' instead of the project
2026-09-30T10:47:04.9234721Z target framework 'net8.0'. This package may not be fully compatible with your 
2026-09-30T10:47:04.9235892Z project.
2026-09-30T10:47:04.9236400Z   Restored 
2026-09-30T10:47:04.9237194Z __CI_WORKSPACE__/LiteDB.ReproRunner/Repros/Issue_3067_HandleCallb
2026-09-30T10:47:04.9238358Z ackSelfWait/Issue_3067_HandleCallbackSelfWait.csproj (in 773 ms).
2026-09-30T10:47:04.9239573Z __CI_WORKSPACE__/LiteDB.ReproRunner/Repros/Issue_3067_HandleCallb
2026-09-30T10:47:04.9240815Z ackSelfWait/Issue_3067_HandleCallbackSelfWait.csproj : warning NU1603: 
2026-09-30T10:47:04.9241832Z Issue_3067_HandleCallbackSelfWait depends on LiteDB (>= 
2026-09-30T10:47:04.9243003Z 0.0.0-knownbad.eb01f346eb7d) but LiteDB 0.0.0-knownbad.eb01f346eb7d was not 
2026-09-30T10:47:04.9244259Z found. LiteDB 0.5.0 was resolved instead.
2026-09-30T10:47:04.9245121Z __CI_WORKSPACE__/LiteDB.ReproRunner/Repros/Issue_3067_HandleCallb
2026-09-30T10:47:04.9246236Z ackSelfWait/Issue_3067_HandleCallbackSelfWait.csproj : warning NU1904: Package 
2026-09-30T10:47:04.9247430Z 'LiteDB' 0.5.0 has a known critical severity vulnerability, 
2026-09-30T10:47:04.9248329Z https://github.com/advisories/GHSA-3x49-g6rc-c284
2026-09-30T10:47:04.9249363Z __CI_WORKSPACE__/LiteDB.ReproRunner/Repros/Issue_3067_HandleCallb
2026-09-30T10:47:04.9250440Z ackSelfWait/Issue_3067_HandleCallbackSelfWait.csproj : warning NU1701: Package 
2026-09-30T10:47:04.9251393Z 'LiteDB 0.5.0' was restored using '.NETFramework,Version=v4.6.1, 
2026-09-30T10:47:04.9252396Z .NETFramework,Version=v4.6.2, .NETFramework,Version=v4.7, 
2026-09-30T10:47:04.9253442Z .NETFramework,Version=v4.7.1, .NETFramework,Version=v4.7.2, 
2026-09-30T10:47:04.9254636Z .NETFramework,Version=v4.8, .NETFramework,Version=v4.8.1' instead of the project
2026-09-30T10:47:04.9255810Z target framework 'net8.0'. This package may not be fully compatible with your 
2026-09-30T10:47:04.9256635Z project.
2026-09-30T10:47:04.9257021Z   LiteDB.ReproRunner.Shared -> 
2026-09-30T10:47:04.9257952Z __CI_WORKSPACE__/reprorunner-cli/runs/Issue_3067_HandleCallbackSe
2026-09-30T10:47:04.9259132Z lfWait/ver_0_0_0_knownbad_eb01f346eb7d/build/LiteDB.ReproRunner.Shared.dll
2026-09-30T10:47:04.9260306Z __CI_WORKSPACE__/LiteDB.ReproRunner/Repros/Issue_3067_HandleCallb
2026-09-30T10:47:04.9261795Z ackSelfWait/Program.cs(72,6): error CS0616: 'BsonIgnoreAttribute' is not an 
2026-09-30T10:47:04.9262512Z attribute class 
2026-09-30T10:47:04.9263228Z [__CI_WORKSPACE__/LiteDB.ReproRunner/Repros/Issue_3067_HandleCall
2026-09-30T10:47:04.9264480Z backSelfWait/Issue_3067_HandleCallbackSelfWait.csproj]
2026-09-30T10:47:04.9264932Z 
2026-09-30T10:47:04.9265591Z Build FAILED.
2026-09-30T10:47:04.9265818Z 
2026-09-30T10:47:04.9266335Z __CI_WORKSPACE__/LiteDB.ReproRunner/Repros/Issue_3067_HandleCallb
2026-09-30T10:47:04.9267589Z ackSelfWait/Issue_3067_HandleCallbackSelfWait.csproj : warning NU1603: 
2026-09-30T10:47:04.9268660Z Issue_3067_HandleCallbackSelfWait depends on LiteDB (>= 
2026-09-30T10:47:04.9269569Z 0.0.0-knownbad.eb01f346eb7d) but LiteDB 0.0.0-knownbad.eb01f346eb7d was not 
2026-09-30T10:47:04.9270464Z found. LiteDB 0.5.0 was resolved instead.
2026-09-30T10:47:04.9271374Z __CI_WORKSPACE__/LiteDB.ReproRunner/Repros/Issue_3067_HandleCallb
2026-09-30T10:47:04.9272488Z ackSelfWait/Issue_3067_HandleCallbackSelfWait.csproj : warning NU1904: Package 
2026-09-30T10:47:04.9273427Z 'LiteDB' 0.5.0 has a known critical severity vulnerability, 
2026-09-30T10:47:04.9274438Z https://github.com/advisories/GHSA-3x49-g6rc-c284
2026-09-30T10:47:04.9275338Z __CI_WORKSPACE__/LiteDB.ReproRunner/Repros/Issue_3067_HandleCallb
2026-09-30T10:47:04.9276468Z ackSelfWait/Issue_3067_HandleCallbackSelfWait.csproj : warning NU1701: Package 
2026-09-30T10:47:04.9277461Z 'LiteDB 0.5.0' was restored using '.NETFramework,Version=v4.6.1, 
2026-09-30T10:47:04.9278292Z .NETFramework,Version=v4.6.2, .NETFramework,Version=v4.7, 
2026-09-30T10:47:04.9279090Z .NETFramework,Version=v4.7.1, .NETFramework,Version=v4.7.2, 
2026-09-30T10:47:04.9280350Z .NETFramework,Version=v4.8, .NETFramework,Version=v4.8.1' instead of the project
2026-09-30T10:47:04.9281442Z target framework 'net8.0'. This package may not be fully compatible with your 
2026-09-30T10:47:04.9282160Z project.
2026-09-30T10:47:04.9282856Z __CI_WORKSPACE__/LiteDB.ReproRunner/Repros/Issue_3067_HandleCallb
2026-09-30T10:47:04.9283913Z ackSelfWait/Issue_3067_HandleCallbackSelfWait.csproj : warning NU1603: 
2026-09-30T10:47:04.9285249Z Issue_3067_HandleCallbackSelfWait depends on LiteDB (>= 
2026-09-30T10:47:04.9286156Z 0.0.0-knownbad.eb01f346eb7d) but LiteDB 0.0.0-knownbad.eb01f346eb7d was not 
2026-09-30T10:47:04.9286924Z found. LiteDB 0.5.0 was resolved instead.
2026-09-30T10:47:04.9287743Z __CI_WORKSPACE__/LiteDB.ReproRunner/Repros/Issue_3067_HandleCallb
2026-09-30T10:47:04.9288822Z ackSelfWait/Issue_3067_HandleCallbackSelfWait.csproj : warning NU1904: Package 
2026-09-30T10:47:04.9289765Z 'LiteDB' 0.5.0 has a known critical severity vulnerability, 
2026-09-30T10:47:04.9290500Z https://github.com/advisories/GHSA-3x49-g6rc-c284
2026-09-30T10:47:04.9291404Z __CI_WORKSPACE__/LiteDB.ReproRunner/Repros/Issue_3067_HandleCallb
2026-09-30T10:47:04.9292483Z ackSelfWait/Issue_3067_HandleCallbackSelfWait.csproj : warning NU1701: Package 
2026-09-30T10:47:04.9293463Z 'LiteDB 0.5.0' was restored using '.NETFramework,Version=v4.6.1, 
2026-09-30T10:47:04.9294586Z .NETFramework,Version=v4.6.2, .NETFramework,Version=v4.7, 
2026-09-30T10:47:04.9295436Z .NETFramework,Version=v4.7.1, .NETFramework,Version=v4.7.2, 
2026-09-30T10:47:04.9296419Z .NETFramework,Version=v4.8, .NETFramework,Version=v4.8.1' instead of the project
2026-09-30T10:47:04.9297480Z target framework 'net8.0'. This package may not be fully compatible with your 
2026-09-30T10:47:04.9298210Z project.
2026-09-30T10:47:04.9298901Z __CI_WORKSPACE__/LiteDB.ReproRunner/Repros/Issue_3067_HandleCallb
2026-09-30T10:47:04.9300123Z ackSelfWait/Program.cs(72,6): error CS0616: 'BsonIgnoreAttribute' is not an 
2026-09-30T10:47:04.9300879Z attribute class 
2026-09-30T10:47:04.9320727Z [__CI_WORKSPACE__/LiteDB.ReproRunner/Repros/Issue_3067_HandleCall
2026-09-30T10:47:04.9321749Z backSelfWait/Issue_3067_HandleCallbackSelfWait.csproj]
2026-09-30T10:47:04.9322446Z     6 Warning(s)
2026-09-30T10:47:04.9322833Z     1 Error(s)
2026-09-30T10:47:04.9323046Z 
2026-09-30T10:47:04.9323252Z Time Elapsed 00:00:07.50
2026-09-30T10:47:04.9323514Z 
2026-09-30T10:47:04.9387050Z ##[error]Process completed with exit code 1.
2026-09-30T10:47:04.9460189Z ##[group]Run actions/upload-artifact@v4
2026-09-30T10:47:04.9460704Z with:
2026-09-30T10:47:04.9460986Z   name: logs-Issue_3067_HandleCallbackSelfWait-ubuntu-22.04
2026-09-30T10:47:04.9461513Z   path: artifacts
reprorunner-cli/runs
LiteDB.ReproRunner/LiteDB.ReproRunner.Cli/bin/**/runs

2026-09-30T10:47:04.9461982Z   if-no-files-found: ignore
2026-09-30T10:47:04.9462227Z   compression-level: 6
2026-09-30T10:47:04.9462453Z   overwrite: false
2026-09-30T10:47:04.9462671Z   include-hidden-files: false
2026-09-30T10:47:04.9462905Z env:
2026-09-30T10:47:04.9463102Z   DOTNET_ROOT: /usr/share/dotnet
2026-09-30T10:47:04.9463343Z ##[endgroup]
2026-09-30T10:47:05.1429725Z (node:2456) [DEP0040] DeprecationWarning: The `punycode` module is deprecated. Please use a userland alternative instead.
2026-09-30T10:47:05.1431068Z (Use `node --trace-deprecation ...` to show where the warning was created)
2026-09-30T10:47:05.1492033Z Multiple search paths detected. Calculating the least common ancestor of all paths
2026-09-30T10:47:05.1495903Z The least common ancestor is __CI_HOME__/work/LiteDB/LiteDB. This will be the root directory of the artifact
2026-09-30T10:47:05.1497596Z No files were found with the provided path: artifacts
2026-09-30T10:47:05.1498343Z reprorunner-cli/runs
2026-09-30T10:47:05.1499449Z LiteDB.ReproRunner/LiteDB.ReproRunner.Cli/bin/**/runs. No artifacts will be uploaded.
2026-09-30T10:47:05.1626042Z ##[group]Run status="failure"
2026-09-30T10:47:05.1626525Z [36;1mstatus="failure"[0m
2026-09-30T10:47:05.1626882Z [36;1m{[0m
2026-09-30T10:47:05.1627328Z [36;1m  echo "### Issue_3067_HandleCallbackSelfWait (ubuntu-22.04)"[0m
2026-09-30T10:47:05.1627911Z [36;1m  echo "- Result: ${status}"[0m
2026-09-30T10:47:05.1628491Z [36;1m  echo "- Artifacts: logs-Issue_3067_HandleCallbackSelfWait-ubuntu-22.04"[0m
2026-09-30T10:47:05.1628920Z [36;1m} >> "${GITHUB_STEP_SUMMARY}"[0m
2026-09-30T10:47:05.1700689Z shell: /usr/bin/bash --noprofile --norc -e -o pipefail {0}
2026-09-30T10:47:05.1701035Z env:
2026-09-30T10:47:05.1701241Z   DOTNET_ROOT: /usr/share/dotnet
2026-09-30T10:47:05.1701503Z ##[endgroup]
2026-09-30T10:47:05.1948471Z Post job cleanup.
2026-09-30T10:47:05.2997903Z [command]/usr/bin/git version
2026-09-30T10:47:05.3050572Z git version 2.55.0
2026-09-30T10:47:05.3102281Z Temporarily overriding HOME='__CI_HOME__/work/_temp/220809e1-e041-4015-8836-e693a196a9aa' before making global git config changes
2026-09-30T10:47:05.3106553Z Adding repository directory to the temporary git global config as a safe directory
2026-09-30T10:47:05.3109546Z [command]/usr/bin/git config --global --add safe.directory __CI_WORKSPACE__
2026-09-30T10:47:05.3160271Z [command]/usr/bin/git config --local --name-only --get-regexp core\.sshCommand
2026-09-30T10:47:05.3206825Z [command]/usr/bin/git submodule foreach --recursive sh -c "git config --local --name-only --get-regexp 'core\.sshCommand' && git config --local --unset-all 'core.sshCommand' || :"
2026-09-30T10:47:05.3616075Z [command]/usr/bin/git config --local --name-only --get-regexp http\.https\:\/\/github\.com\/\.extraheader
2026-09-30T10:47:05.3697169Z http.https://github.com/.extraheader
2026-09-30T10:47:05.3714330Z [command]/usr/bin/git config --local --unset-all http.https://github.com/.extraheader
2026-09-30T10:47:05.3781266Z [command]/usr/bin/git submodule foreach --recursive sh -c "git config --local --name-only --get-regexp 'http\.https\:\/\/github\.com\/\.extraheader' && git config --local --unset-all 'http.https://github.com/.extraheader' || :"
2026-09-30T10:47:05.4341912Z [command]/usr/bin/git config --local --name-only --get-regexp ^includeIf\.gitdir:
2026-09-30T10:47:05.4424853Z [command]/usr/bin/git submodule foreach --recursive git config --local --show-origin --name-only --get-regexp remote.origin.url
2026-09-30T10:47:05.5112615Z Cleaning up orphan processes
2026-09-30T10:47:05.5451084Z Terminate orphan process: pid (2284) (VBCSCompiler)
2026-09-30T10:47:05.5506077Z Terminate orphan process: pid (2342) (dotnet)
2026-09-30T10:47:05.5540591Z Terminate orphan process: pid (2375) (dotnet)
2026-09-30T10:47:05.5577819Z Terminate orphan process: pid (2376) (dotnet)
2026-09-30T10:47:05.5636977Z ##[warning]Node.js 20 is deprecated. The following actions target Node.js 20 but are being forced to run on Node.js 24: actions/checkout@v4, actions/download-artifact@v4, actions/setup-dotnet@v4, actions/upload-artifact@v4. For more information see: https://github.blog/changelog/2025-09-19-deprecation-of-node-20-on-github-actions-runners/
