2026-09-30T10:49:40.0624236Z Current runner version: '2.337.0'
2026-09-30T10:49:40.0650431Z ##[group]Runner Image Provisioner
2026-09-30T10:49:40.0651218Z Hosted Compute Agent
2026-09-30T10:49:40.0651744Z Version: 20260828.587
2026-09-30T10:49:40.0652335Z Commit: abac92662cab4cc7352de4f9f9d2e2419aad9c29
2026-09-30T10:49:40.0652996Z Build Date: 2026-08-28T16:44:25Z
2026-09-30T10:49:40.0653618Z Worker ID: {b82b6d6d-9377-499e-81cf-8f95b31c5d6c}
2026-09-30T10:49:40.0654265Z Azure Region: westus2
2026-09-30T10:49:40.0654768Z ##[endgroup]
2026-09-30T10:49:40.0656224Z ##[group]Operating System
2026-09-30T10:49:40.0656849Z Microsoft Windows Server 2022
2026-09-30T10:49:40.0657446Z 10.0.20348
2026-09-30T10:49:40.0657917Z Datacenter
2026-09-30T10:49:40.0658368Z ##[endgroup]
2026-09-30T10:49:40.0658867Z ##[group]Runner Image
2026-09-30T10:49:40.0659392Z Image: windows-2022
2026-09-30T10:49:40.0659890Z Version: 20260920.314.1
2026-09-30T10:49:40.0661298Z Included Software: https://github.com/actions/runner-images/blob/win22/20260920.314/images/windows/Windows2022-Readme.md
2026-09-30T10:49:40.0662892Z Image Release: https://github.com/actions/runner-images/releases/tag/win22%2F20260920.314
2026-09-30T10:49:40.0663781Z ##[endgroup]
2026-09-30T10:49:40.0666823Z ##[group]GITHUB_TOKEN Permissions
2026-09-30T10:49:40.0668825Z Actions: write
2026-09-30T10:49:40.0669379Z ArtifactMetadata: write
2026-09-30T10:49:40.0669961Z Attestations: write
2026-09-30T10:49:40.0670457Z Checks: write
2026-09-30T10:49:40.0670937Z CodeQuality: write
2026-09-30T10:49:40.0671428Z Contents: write
2026-09-30T10:49:40.0671901Z CopilotRequests: write
2026-09-30T10:49:40.0672428Z Deployments: write
2026-09-30T10:49:40.0672911Z Discussions: write
2026-09-30T10:49:40.0673408Z Drives: write
2026-09-30T10:49:40.0673889Z Issues: write
2026-09-30T10:49:40.0674336Z Metadata: read
2026-09-30T10:49:40.0674881Z Models: read
2026-09-30T10:49:40.0675346Z Packages: write
2026-09-30T10:49:40.0675808Z Pages: write
2026-09-30T10:49:40.0676299Z PullRequests: write
2026-09-30T10:49:40.0676805Z RepositoryProjects: write
2026-09-30T10:49:40.0677365Z SecurityEvents: write
2026-09-30T10:49:40.0677851Z Statuses: write
2026-09-30T10:49:40.0678329Z VulnerabilityAlerts: read
2026-09-30T10:49:40.0678849Z ##[endgroup]
2026-09-30T10:49:40.0680875Z Secret source: Actions
2026-09-30T10:49:40.0681713Z Cache mode: write
2026-09-30T10:49:40.0682381Z Prepare workflow directory
2026-09-30T10:49:40.1010309Z Prepare all required actions
2026-09-30T10:49:40.1059182Z Getting action download info
2026-09-30T10:49:40.5566603Z Download action repository 'actions/checkout@v4' (SHA:11d5960a326750d5838078e36cf38b85af677262)
2026-09-30T10:49:40.6724528Z Download action repository 'actions/setup-dotnet@v4' (SHA:67a3573c9a986a3f9c594539f4ab511d57bb3ce9)
2026-09-30T10:49:40.9495340Z Download action repository 'actions/download-artifact@v4' (SHA:d3f86a106a0bac45b974a628896c90dbdf5c8093)
2026-09-30T10:49:41.2017422Z Download action repository 'actions/upload-artifact@v4' (SHA:ea165f8d65b6e75b540449e92b4886f43607fa02)
2026-09-30T10:49:41.5428493Z Uses: JKamsker/LiteDB/.github/workflows/reprorunner.yml@refs/pull/133/merge (67fd0a2bb892d86cfd7c06b2f3924a4ca31d81a6)
2026-09-30T10:49:41.5434137Z ##[group] Inputs
2026-09-30T10:49:41.5435042Z   filter: 
2026-09-30T10:49:41.5435810Z   ref: 
2026-09-30T10:49:41.5436574Z   tier: full
2026-09-30T10:49:41.5437369Z ##[endgroup]
2026-09-30T10:49:41.5438776Z Complete job name: repro-runner / Run Issue_133_RawCloseCallbackDependency on windows-2022
2026-09-30T10:49:41.7408951Z ##[group]Run actions/checkout@v4
2026-09-30T10:49:41.7410698Z with:
2026-09-30T10:49:41.7411775Z   ref: refs/pull/133/merge
2026-09-30T10:49:41.7413076Z   repository: JKamsker/LiteDB
2026-09-30T10:49:41.7423369Z   token: ***
2026-09-30T10:49:41.7424272Z   ssh-strict: true
2026-09-30T10:49:41.7425221Z   ssh-user: git
2026-09-30T10:49:41.7426124Z   persist-credentials: true
2026-09-30T10:49:41.7427162Z   clean: true
2026-09-30T10:49:41.7428117Z   sparse-checkout-cone-mode: true
2026-09-30T10:49:41.7430863Z   fetch-depth: 1
2026-09-30T10:49:41.7431791Z   fetch-tags: false
2026-09-30T10:49:41.7432706Z   show-progress: true
2026-09-30T10:49:41.7433645Z   lfs: false
2026-09-30T10:49:41.7434508Z   submodules: false
2026-09-30T10:49:41.7435437Z   set-safe-directory: true
2026-09-30T10:49:41.7436489Z   allow-unsafe-pr-checkout: false
2026-09-30T10:49:41.7437898Z ##[endgroup]
2026-09-30T10:49:41.8997927Z Syncing repository: JKamsker/LiteDB
2026-09-30T10:49:41.9000514Z ##[group]Getting Git version info
2026-09-30T10:49:41.9001648Z Working directory is '__CI_HOME__/work\LiteDB\LiteDB'
2026-09-30T10:49:42.0078357Z [command]"C:\Program Files\Git\bin\git.exe" version
2026-09-30T10:49:42.4046186Z git version 2.55.0.windows.5
2026-09-30T10:49:42.4086349Z ##[endgroup]
2026-09-30T10:49:42.4104287Z Temporarily overriding HOME='__CI_HOME__/work\_temp\dc0febcf-cb7f-4ec9-9f92-b0fecd9b84f5' before making global git config changes
2026-09-30T10:49:42.4106687Z Adding repository directory to the temporary git global config as a safe directory
2026-09-30T10:49:42.4115207Z [command]"C:\Program Files\Git\bin\git.exe" config --global --add safe.directory __CI_WORKSPACE__
2026-09-30T10:49:42.4878230Z Deleting the contents of '__CI_HOME__/work\LiteDB\LiteDB'
2026-09-30T10:49:42.4883996Z ##[group]Initializing the repository
2026-09-30T10:49:42.4892594Z [command]"C:\Program Files\Git\bin\git.exe" init __CI_WORKSPACE__
2026-09-30T10:49:42.5769621Z Initialized empty Git repository in __CI_WORKSPACE__/.git/
2026-09-30T10:49:42.5807341Z [command]"C:\Program Files\Git\bin\git.exe" remote add origin https://github.com/JKamsker/LiteDB
2026-09-30T10:49:42.6474015Z ##[endgroup]
2026-09-30T10:49:42.6475651Z ##[group]Disabling automatic garbage collection
2026-09-30T10:49:42.6483217Z [command]"C:\Program Files\Git\bin\git.exe" config --local gc.auto 0
2026-09-30T10:49:42.6709196Z ##[endgroup]
2026-09-30T10:49:42.6710604Z ##[group]Setting up auth
2026-09-30T10:49:42.6720491Z [command]"C:\Program Files\Git\bin\git.exe" config --local --name-only --get-regexp core\.sshCommand
2026-09-30T10:49:42.6944483Z [command]"C:\Program Files\Git\bin\git.exe" submodule foreach --recursive "sh -c \"git config --local --name-only --get-regexp 'core\.sshCommand' && git config --local --unset-all 'core.sshCommand' || :\""
2026-09-30T10:49:44.0823241Z [command]"C:\Program Files\Git\bin\git.exe" config --local --name-only --get-regexp http\.https\:\/\/github\.com\/\.extraheader
2026-09-30T10:49:44.1047179Z [command]"C:\Program Files\Git\bin\git.exe" submodule foreach --recursive "sh -c \"git config --local --name-only --get-regexp 'http\.https\:\/\/github\.com\/\.extraheader' && git config --local --unset-all 'http.https://github.com/.extraheader' || :\""
2026-09-30T10:49:44.5366720Z [command]"C:\Program Files\Git\bin\git.exe" config --local --name-only --get-regexp ^includeIf\.gitdir:
2026-09-30T10:49:44.5611877Z [command]"C:\Program Files\Git\bin\git.exe" submodule foreach --recursive "git config --local --show-origin --name-only --get-regexp remote.origin.url"
2026-09-30T10:49:45.0054758Z [command]"C:\Program Files\Git\bin\git.exe" config --local http.https://github.com/.extraheader "AUTHORIZATION: basic ***"
2026-09-30T10:49:45.0275947Z ##[endgroup]
2026-09-30T10:49:45.0276442Z ##[group]Fetching the repository
2026-09-30T10:49:45.0289416Z [command]"C:\Program Files\Git\bin\git.exe" -c protocol.version=2 fetch --no-tags --prune --no-recurse-submodules --depth=1 origin +refs/pull/133/merge:refs/remotes/pull/133/merge
2026-09-30T10:49:46.8381741Z From https://github.com/JKamsker/LiteDB
2026-09-30T10:49:46.8382384Z  * [new ref]         refs/pull/133/merge -> pull/133/merge
2026-09-30T10:49:46.8414381Z ##[endgroup]
2026-09-30T10:49:46.8415063Z ##[group]Determining the checkout info
2026-09-30T10:49:46.8417076Z ##[endgroup]
2026-09-30T10:49:46.8431776Z [command]"C:\Program Files\Git\bin\git.exe" sparse-checkout disable
2026-09-30T10:49:46.8813714Z [command]"C:\Program Files\Git\bin\git.exe" config --local --unset-all extensions.worktreeConfig
2026-09-30T10:49:46.9091675Z ##[group]Checking out the ref
2026-09-30T10:49:46.9100282Z [command]"C:\Program Files\Git\bin\git.exe" checkout --progress --force refs/remotes/pull/133/merge
2026-09-30T10:49:47.3467332Z Note: switching to 'refs/remotes/pull/133/merge'.
2026-09-30T10:49:47.3467710Z 
2026-09-30T10:49:47.3468229Z You are in 'detached HEAD' state. You can look around, make experimental
2026-09-30T10:49:47.3468995Z changes and commit them, and you can discard any commits you make in this
2026-09-30T10:49:47.3469864Z state without impacting any branches by switching back to a branch.
2026-09-30T10:49:47.3470415Z 
2026-09-30T10:49:47.3470731Z If you want to create a new branch to retain commits you create, you may
2026-09-30T10:49:47.3471354Z do so (now or later) by using -c with the switch command. Example:
2026-09-30T10:49:47.3471663Z 
2026-09-30T10:49:47.3471779Z   git switch -c <new-branch-name>
2026-09-30T10:49:47.3471982Z 
2026-09-30T10:49:47.3472095Z Or undo this operation with:
2026-09-30T10:49:47.3472348Z 
2026-09-30T10:49:47.3472464Z   git switch -
2026-09-30T10:49:47.3472611Z 
2026-09-30T10:49:47.3472862Z Turn off this advice by setting config variable advice.detachedHead to false
2026-09-30T10:49:47.3473226Z 
2026-09-30T10:49:47.3473677Z HEAD is now at 67fd0a2 Merge 7e13e58e5f4e40642492ce768b49018e4a958c8b into 5dd942a7367c361fadd600be4ce10aace2768b27
2026-09-30T10:49:47.3878776Z ##[endgroup]
2026-09-30T10:49:47.3886479Z [command]"C:\Program Files\Git\bin\git.exe" log -1 --format=%H
2026-09-30T10:49:47.4081240Z 67fd0a2bb892d86cfd7c06b2f3924a4ca31d81a6
2026-09-30T10:49:47.4510256Z ##[group]Run actions/setup-dotnet@v4
2026-09-30T10:49:47.4510598Z with:
2026-09-30T10:49:47.4510792Z   dotnet-version: 8.0.x
2026-09-30T10:49:47.4511024Z   cache: false
2026-09-30T10:49:47.4511209Z ##[endgroup]
2026-09-30T10:49:47.6108817Z (node:3716) [DEP0040] DeprecationWarning: The `punycode` module is deprecated. Please use a userland alternative instead.
2026-09-30T10:49:47.6110274Z (Use `node --trace-deprecation ...` to show where the warning was created)
2026-09-30T10:49:47.7249294Z [command]"C:\Program Files\PowerShell\7\pwsh.exe" -NoLogo -Sta -NoProfile -NonInteractive -ExecutionPolicy Unrestricted -Command & '__CI_HOME__/work\_actions\actions\setup-dotnet\v4\externals\install-dotnet.ps1' -SkipNonVersionedFiles -Runtime dotnet -Channel LTS
2026-09-30T10:49:48.9635307Z dotnet-install: .NET Core Runtime with version '10.0.12' is already installed.
2026-09-30T10:49:49.1100950Z [command]"C:\Program Files\PowerShell\7\pwsh.exe" -NoLogo -Sta -NoProfile -NonInteractive -ExecutionPolicy Unrestricted -Command & '__CI_HOME__/work\_actions\actions\setup-dotnet\v4\externals\install-dotnet.ps1' -SkipNonVersionedFiles -Channel 8.0
2026-09-30T10:49:49.8298798Z dotnet-install: .NET Core SDK with version '8.0.425' is already installed.
2026-09-30T10:49:49.9210318Z ##[group]Run actions/download-artifact@v4
2026-09-30T10:49:49.9210665Z with:
2026-09-30T10:49:49.9210857Z   name: reprorunner-cli
2026-09-30T10:49:49.9211099Z   merge-multiple: false
2026-09-30T10:49:49.9211314Z   repository: JKamsker/LiteDB
2026-09-30T10:49:49.9211544Z   run-id: 36704366871
2026-09-30T10:49:49.9211730Z env:
2026-09-30T10:49:49.9211930Z   DOTNET_ROOT: C:\Program Files\dotnet
2026-09-30T10:49:49.9212180Z ##[endgroup]
2026-09-30T10:49:50.0939300Z Downloading single artifact
2026-09-30T10:49:50.1130338Z (node:6472) [DEP0040] DeprecationWarning: The `punycode` module is deprecated. Please use a userland alternative instead.
2026-09-30T10:49:50.1131112Z (Use `node --trace-deprecation ...` to show where the warning was created)
2026-09-30T10:49:50.4090812Z Preparing to download the following artifacts:
2026-09-30T10:49:50.4092096Z - reprorunner-cli (ID: 11090724160, Size: 609762, Expected Digest: sha256:5e6b5ef8c6889ee503553b100e2f74e011f782ed82ae827d8fef114846153ad8)
2026-09-30T10:49:50.6846910Z Redirecting to blob download url: https://productionresultssa14.blob.core.windows.net/actions-results/10822c21-6f1b-801d-bbf9-b6a7950314c3/workflow-job-run-7d283849-09d3-5db8-8f6f-3eb136f94f44/artifacts/39c7c4ce616b9b23fee9439e3a83ee9dbc6ff20c3990796b2e7f27cad974c831.zip
2026-09-30T10:49:50.6849985Z Starting download of artifact to: __CI_WORKSPACE__
2026-09-30T10:49:50.9791290Z (node:6472) [DEP0005] DeprecationWarning: Buffer() is deprecated due to security and usability issues. Please use the Buffer.alloc(), Buffer.allocUnsafe(), or Buffer.from() methods instead.
2026-09-30T10:49:51.2396458Z SHA256 digest of downloaded artifact is 5e6b5ef8c6889ee503553b100e2f74e011f782ed82ae827d8fef114846153ad8
2026-09-30T10:49:51.2397247Z Artifact download completed successfully.
2026-09-30T10:49:51.2397565Z Total of 1 artifact(s) downloaded
2026-09-30T10:49:51.2406269Z Download artifact has finished successfully
2026-09-30T10:49:51.2646850Z ##[group]Run mkdir -p reprorunner-cli
2026-09-30T10:49:51.2647300Z [36;1mmkdir -p reprorunner-cli[0m
2026-09-30T10:49:51.2647675Z [36;1mtar -xzf reprorunner-cli.tar.gz -C reprorunner-cli[0m
2026-09-30T10:49:51.2663299Z shell: C:\Program Files\Git\bin\bash.EXE --noprofile --norc -e -o pipefail {0}
2026-09-30T10:49:51.2663719Z env:
2026-09-30T10:49:51.2663925Z   DOTNET_ROOT: C:\Program Files\dotnet
2026-09-30T10:49:51.2664189Z ##[endgroup]
2026-09-30T10:49:51.5972619Z ##[group]Run set -euo pipefail
2026-09-30T10:49:51.5973007Z [36;1mset -euo pipefail[0m
2026-09-30T10:49:51.5973352Z [36;1mdotnet reprorunner-cli/LiteDB.ReproRunner.Cli.dll \[0m
2026-09-30T10:49:51.5973904Z [36;1m  run Issue_133_RawCloseCallbackDependency --ci --target-os "windows-2022"[0m
2026-09-30T10:49:51.5986624Z shell: C:\Program Files\Git\bin\bash.EXE --noprofile --norc -e -o pipefail {0}
2026-09-30T10:49:51.5987025Z env:
2026-09-30T10:49:51.5987226Z   DOTNET_ROOT: C:\Program Files\dotnet
2026-09-30T10:49:51.5987489Z ##[endgroup]
2026-09-30T10:49:54.5697734Z Discovered repro: Issue_133_RawCloseCallbackDependency
2026-09-30T10:49:54.5700773Z BUILD: Starting build for 2 variants across 1 repros
2026-09-30T10:50:28.2900559Z BUILD: Build completed. Processing 2 results
2026-09-30T10:50:28.2908461Z BUILD: Package build failed for Issue_133_RawCloseCallbackDependency 
2026-09-30T10:50:28.2909387Z (0.0.0-knownbad.eb01f346eb7d)
2026-09-30T10:50:29.4580891Z FAIL: Issue_133_RawCloseCallbackDependency package - Variant did not execute.
2026-09-30T10:50:29.4617363Z Completed execution for Issue_133_RawCloseCallbackDependency
2026-09-30T10:50:29.4625337Z 
2026-09-30T10:50:29.5016609Z ╭─────────────────┬────────────────┬────────────────┬────────────────┬─────────╮
2026-09-30T10:50:29.5018304Z │ Repro           │ Repro Version  │ Package check  │ Source check   │ Overall │
2026-09-30T10:50:29.5019725Z ├─────────────────┼────────────────┼────────────────┼────────────────┼─────────┤
2026-09-30T10:50:29.5025448Z │ Issue_133_RawCl │ 0.0.0-knownbad │ [38;5;11m⚠️[0m no-run [2m(exp [0m │ [38;5;2m✅[0m exit 10     │ [38;5;9m❌[0m [38;5;9mred[0m  │
2026-09-30T10:50:29.5027174Z │ oseCallbackDepe │ .eb01f346eb7d  │ [2mrepro)[0m         │ [2m(exp no-repro)[0m │         │
2026-09-30T10:50:29.5028471Z │ ndency          │                │                │                │         │
2026-09-30T10:50:29.5029492Z ╰─────────────────┴────────────────┴────────────────┴────────────────┴─────────╯
2026-09-30T10:50:29.5030400Z 
2026-09-30T10:50:29.5031189Z [38;5;9mBuild failed for Issue_133_RawCloseCallbackDependency [0m
2026-09-30T10:50:29.5045999Z [38;5;9m(0.0.0-knownbad.eb01f346eb7d).[0m
2026-09-30T10:50:29.5046729Z   Determining projects to restore...
2026-09-30T10:50:29.5047402Z   Restored 
2026-09-30T10:50:29.5048161Z __CI_WORKSPACE__\LiteDB.ReproRunner\LiteDB.ReproRunner.Shared\LiteDB.ReproRunn
2026-09-30T10:50:29.5056592Z er.Shared.csproj (in 140 ms).
2026-09-30T10:50:29.5057557Z __CI_WORKSPACE__\LiteDB.ReproRunner\Repros\Issue_133_RawCloseCallbackDependenc
2026-09-30T10:50:29.5058745Z y\Issue_133_RawCloseCallbackDependency.csproj : warning NU1603: 
2026-09-30T10:50:29.5059723Z Issue_133_RawCloseCallbackDependency depends on LiteDB (>= 
2026-09-30T10:50:29.5067193Z 0.0.0-knownbad.eb01f346eb7d) but LiteDB 0.0.0-knownbad.eb01f346eb7d was not 
2026-09-30T10:50:29.5068125Z found. LiteDB 0.5.0 was resolved instead.
2026-09-30T10:50:29.5069040Z __CI_WORKSPACE__\LiteDB.ReproRunner\Repros\Issue_133_RawCloseCallbackDependenc
2026-09-30T10:50:29.5070256Z y\Issue_133_RawCloseCallbackDependency.csproj : warning NU1904: Package 'LiteDB'
2026-09-30T10:50:29.5071248Z 0.5.0 has a known critical severity vulnerability, 
2026-09-30T10:50:29.5071990Z https://github.com/advisories/GHSA-3x49-g6rc-c284
2026-09-30T10:50:29.5072952Z __CI_WORKSPACE__\LiteDB.ReproRunner\Repros\Issue_133_RawCloseCallbackDependenc
2026-09-30T10:50:29.5074143Z y\Issue_133_RawCloseCallbackDependency.csproj : warning NU1701: Package 'LiteDB 
2026-09-30T10:50:29.5075149Z 0.5.0' was restored using '.NETFramework,Version=v4.6.1, 
2026-09-30T10:50:29.5075980Z .NETFramework,Version=v4.6.2, .NETFramework,Version=v4.7, 
2026-09-30T10:50:29.5076825Z .NETFramework,Version=v4.7.1, .NETFramework,Version=v4.7.2, 
2026-09-30T10:50:29.5077859Z .NETFramework,Version=v4.8, .NETFramework,Version=v4.8.1' instead of the project
2026-09-30T10:50:29.5082556Z target framework 'net8.0'. This package may not be fully compatible with your 
2026-09-30T10:50:29.5083386Z project.
2026-09-30T10:50:29.5083842Z   Restored 
2026-09-30T10:50:29.5084630Z __CI_WORKSPACE__\LiteDB.ReproRunner\Repros\Issue_133_RawCloseCallbackDependenc
2026-09-30T10:50:29.5085684Z y\Issue_133_RawCloseCallbackDependency.csproj (in 853 ms).
2026-09-30T10:50:29.5086747Z __CI_WORKSPACE__\LiteDB.ReproRunner\Repros\Issue_133_RawCloseCallbackDependenc
2026-09-30T10:50:29.5087773Z y\Issue_133_RawCloseCallbackDependency.csproj : warning NU1603: 
2026-09-30T10:50:29.5088661Z Issue_133_RawCloseCallbackDependency depends on LiteDB (>= 
2026-09-30T10:50:29.5089605Z 0.0.0-knownbad.eb01f346eb7d) but LiteDB 0.0.0-knownbad.eb01f346eb7d was not 
2026-09-30T10:50:29.5090483Z found. LiteDB 0.5.0 was resolved instead.
2026-09-30T10:50:29.5091577Z __CI_WORKSPACE__\LiteDB.ReproRunner\Repros\Issue_133_RawCloseCallbackDependenc
2026-09-30T10:50:29.5092715Z y\Issue_133_RawCloseCallbackDependency.csproj : warning NU1904: Package 'LiteDB'
2026-09-30T10:50:29.5093656Z 0.5.0 has a known critical severity vulnerability, 
2026-09-30T10:50:29.5094393Z https://github.com/advisories/GHSA-3x49-g6rc-c284
2026-09-30T10:50:29.5095364Z __CI_WORKSPACE__\LiteDB.ReproRunner\Repros\Issue_133_RawCloseCallbackDependenc
2026-09-30T10:50:29.5096590Z y\Issue_133_RawCloseCallbackDependency.csproj : warning NU1701: Package 'LiteDB 
2026-09-30T10:50:29.5097670Z 0.5.0' was restored using '.NETFramework,Version=v4.6.1, 
2026-09-30T10:50:29.5098583Z .NETFramework,Version=v4.6.2, .NETFramework,Version=v4.7, 
2026-09-30T10:50:29.5099514Z .NETFramework,Version=v4.7.1, .NETFramework,Version=v4.7.2, 
2026-09-30T10:50:29.5100560Z .NETFramework,Version=v4.8, .NETFramework,Version=v4.8.1' instead of the project
2026-09-30T10:50:29.5101689Z target framework 'net8.0'. This package may not be fully compatible with your 
2026-09-30T10:50:29.5102472Z project.
2026-09-30T10:50:29.5102935Z   LiteDB.ReproRunner.Shared -> 
2026-09-30T10:50:29.5103763Z __CI_WORKSPACE__\reprorunner-cli\runs\Issue_133_RawCloseCallbackDependency\ver
2026-09-30T10:50:29.5104847Z _0_0_0_knownbad_eb01f346eb7d\build\LiteDB.ReproRunner.Shared.dll
2026-09-30T10:50:29.5105913Z __CI_WORKSPACE__\LiteDB.ReproRunner\Repros\Issue_133_RawCloseCallbackDependenc
2026-09-30T10:50:29.5107097Z y\Program.cs(6,14): error CS0234: The type or namespace name 'Engine' does not 
2026-09-30T10:50:29.5108185Z exist in the namespace 'LiteDB' (are you missing an assembly reference?) 
2026-09-30T10:50:29.5109430Z [__CI_WORKSPACE__\LiteDB.ReproRunner\Repros\Issue_133_RawCloseCallbackDependen
2026-09-30T10:50:29.5110475Z cy\Issue_133_RawCloseCallbackDependency.csproj]
2026-09-30T10:50:29.5111040Z 
2026-09-30T10:50:29.5111296Z Build FAILED.
2026-09-30T10:50:29.5111857Z 
2026-09-30T10:50:29.5116926Z __CI_WORKSPACE__\LiteDB.ReproRunner\Repros\Issue_133_RawCloseCallbackDependenc
2026-09-30T10:50:29.5125740Z y\Issue_133_RawCloseCallbackDependency.csproj : warning NU1603: 
2026-09-30T10:50:29.5175069Z Issue_133_RawCloseCallbackDependency depends on LiteDB (>= 
2026-09-30T10:50:29.5233063Z 0.0.0-knownbad.eb01f346eb7d) but LiteDB 0.0.0-knownbad.eb01f346eb7d was not 
2026-09-30T10:50:29.5261928Z found. LiteDB 0.5.0 was resolved instead.
2026-09-30T10:50:29.5275737Z __CI_WORKSPACE__\LiteDB.ReproRunner\Repros\Issue_133_RawCloseCallbackDependenc
2026-09-30T10:50:29.5297492Z y\Issue_133_RawCloseCallbackDependency.csproj : warning NU1904: Package 'LiteDB'
2026-09-30T10:50:29.5315217Z 0.5.0 has a known critical severity vulnerability, 
2026-09-30T10:50:29.5325558Z https://github.com/advisories/GHSA-3x49-g6rc-c284
2026-09-30T10:50:29.5337685Z __CI_WORKSPACE__\LiteDB.ReproRunner\Repros\Issue_133_RawCloseCallbackDependenc
2026-09-30T10:50:29.5346752Z y\Issue_133_RawCloseCallbackDependency.csproj : warning NU1701: Package 'LiteDB 
2026-09-30T10:50:29.5347912Z 0.5.0' was restored using '.NETFramework,Version=v4.6.1, 
2026-09-30T10:50:29.5348797Z .NETFramework,Version=v4.6.2, .NETFramework,Version=v4.7, 
2026-09-30T10:50:29.5351003Z .NETFramework,Version=v4.7.1, .NETFramework,Version=v4.7.2, 
2026-09-30T10:50:29.5352204Z .NETFramework,Version=v4.8, .NETFramework,Version=v4.8.1' instead of the project
2026-09-30T10:50:29.5353373Z target framework 'net8.0'. This package may not be fully compatible with your 
2026-09-30T10:50:29.5354260Z project.
2026-09-30T10:50:29.5355075Z __CI_WORKSPACE__\LiteDB.ReproRunner\Repros\Issue_133_RawCloseCallbackDependenc
2026-09-30T10:50:29.5356236Z y\Issue_133_RawCloseCallbackDependency.csproj : warning NU1603: 
2026-09-30T10:50:29.5357261Z Issue_133_RawCloseCallbackDependency depends on LiteDB (>= 
2026-09-30T10:50:29.5358323Z 0.0.0-knownbad.eb01f346eb7d) but LiteDB 0.0.0-knownbad.eb01f346eb7d was not 
2026-09-30T10:50:29.5359267Z found. LiteDB 0.5.0 was resolved instead.
2026-09-30T10:50:29.5360252Z __CI_WORKSPACE__\LiteDB.ReproRunner\Repros\Issue_133_RawCloseCallbackDependenc
2026-09-30T10:50:29.5361495Z y\Issue_133_RawCloseCallbackDependency.csproj : warning NU1904: Package 'LiteDB'
2026-09-30T10:50:29.5362536Z 0.5.0 has a known critical severity vulnerability, 
2026-09-30T10:50:29.5363335Z https://github.com/advisories/GHSA-3x49-g6rc-c284
2026-09-30T10:50:29.5364334Z __CI_WORKSPACE__\LiteDB.ReproRunner\Repros\Issue_133_RawCloseCallbackDependenc
2026-09-30T10:50:29.5365560Z y\Issue_133_RawCloseCallbackDependency.csproj : warning NU1701: Package 'LiteDB 
2026-09-30T10:50:29.5366653Z 0.5.0' was restored using '.NETFramework,Version=v4.6.1, 
2026-09-30T10:50:29.5367589Z .NETFramework,Version=v4.6.2, .NETFramework,Version=v4.7, 
2026-09-30T10:50:29.5368570Z .NETFramework,Version=v4.7.1, .NETFramework,Version=v4.7.2, 
2026-09-30T10:50:29.5369539Z .NETFramework,Version=v4.8, .NETFramework,Version=v4.8.1' instead of the project
2026-09-30T10:50:29.5370804Z target framework 'net8.0'. This package may not be fully compatible with your 
2026-09-30T10:50:29.5371697Z project.
2026-09-30T10:50:29.5372615Z __CI_WORKSPACE__\LiteDB.ReproRunner\Repros\Issue_133_RawCloseCallbackDependenc
2026-09-30T10:50:29.5374018Z y\Program.cs(6,14): error CS0234: The type or namespace name 'Engine' does not 
2026-09-30T10:50:29.5375193Z exist in the namespace 'LiteDB' (are you missing an assembly reference?) 
2026-09-30T10:50:29.5376357Z [__CI_WORKSPACE__\LiteDB.ReproRunner\Repros\Issue_133_RawCloseCallbackDependen
2026-09-30T10:50:29.5377285Z cy\Issue_133_RawCloseCallbackDependency.csproj]
2026-09-30T10:50:29.5377865Z     6 Warning(s)
2026-09-30T10:50:29.5378175Z     1 Error(s)
2026-09-30T10:50:29.5378350Z 
2026-09-30T10:50:29.5378502Z Time Elapsed 00:00:14.01
2026-09-30T10:50:29.5378722Z 
2026-09-30T10:50:29.5392975Z ##[error]Process completed with exit code 1.
2026-09-30T10:50:29.5656943Z ##[group]Run actions/upload-artifact@v4
2026-09-30T10:50:29.5657498Z with:
2026-09-30T10:50:29.5658291Z   name: logs-Issue_133_RawCloseCallbackDependency-windows-2022
2026-09-30T10:50:29.5659330Z   path: artifacts
reprorunner-cli/runs
LiteDB.ReproRunner/LiteDB.ReproRunner.Cli/bin/**/runs

2026-09-30T10:50:29.5660211Z   if-no-files-found: ignore
2026-09-30T10:50:29.5660630Z   compression-level: 6
2026-09-30T10:50:29.5660991Z   overwrite: false
2026-09-30T10:50:29.5661352Z   include-hidden-files: false
2026-09-30T10:50:29.5661748Z env:
2026-09-30T10:50:29.5662081Z   DOTNET_ROOT: C:\Program Files\dotnet
2026-09-30T10:50:29.5662521Z ##[endgroup]
2026-09-30T10:50:29.8419909Z (node:1628) [DEP0040] DeprecationWarning: The `punycode` module is deprecated. Please use a userland alternative instead.
2026-09-30T10:50:29.8421247Z (Use `node --trace-deprecation ...` to show where the warning was created)
2026-09-30T10:50:29.8480283Z Multiple search paths detected. Calculating the least common ancestor of all paths
2026-09-30T10:50:29.8485355Z The least common ancestor is __CI_HOME__/work\LiteDB\LiteDB. This will be the root directory of the artifact
2026-09-30T10:50:29.8486483Z No files were found with the provided path: artifacts
2026-09-30T10:50:29.8487123Z reprorunner-cli/runs
2026-09-30T10:50:29.8487965Z LiteDB.ReproRunner/LiteDB.ReproRunner.Cli/bin/**/runs. No artifacts will be uploaded.
2026-09-30T10:50:29.8825721Z ##[group]Run status="failure"
2026-09-30T10:50:29.8826245Z [36;1mstatus="failure"[0m
2026-09-30T10:50:29.8826618Z [36;1m{[0m
2026-09-30T10:50:29.8827120Z [36;1m  echo "### Issue_133_RawCloseCallbackDependency (windows-2022)"[0m
2026-09-30T10:50:29.8827753Z [36;1m  echo "- Result: ${status}"[0m
2026-09-30T10:50:29.8828459Z [36;1m  echo "- Artifacts: logs-Issue_133_RawCloseCallbackDependency-windows-2022"[0m
2026-09-30T10:50:29.8829213Z [36;1m} >> "${GITHUB_STEP_SUMMARY}"[0m
2026-09-30T10:50:29.8849253Z shell: C:\Program Files\Git\bin\bash.EXE --noprofile --norc -e -o pipefail {0}
2026-09-30T10:50:29.8849933Z env:
2026-09-30T10:50:29.8850281Z   DOTNET_ROOT: C:\Program Files\dotnet
2026-09-30T10:50:29.8850827Z ##[endgroup]
2026-09-30T10:50:29.9666349Z Post job cleanup.
2026-09-30T10:50:30.2244554Z [command]"C:\Program Files\Git\bin\git.exe" version
2026-09-30T10:50:30.2591387Z git version 2.55.0.windows.5
2026-09-30T10:50:30.2718398Z Temporarily overriding HOME='__CI_HOME__/work\_temp\178b47e5-d7c6-4627-af7c-174ff5cd3d7b' before making global git config changes
2026-09-30T10:50:30.2721046Z Adding repository directory to the temporary git global config as a safe directory
2026-09-30T10:50:30.2735300Z [command]"C:\Program Files\Git\bin\git.exe" config --global --add safe.directory __CI_WORKSPACE__
2026-09-30T10:50:30.3068853Z [command]"C:\Program Files\Git\bin\git.exe" config --local --name-only --get-regexp core\.sshCommand
2026-09-30T10:50:30.3463757Z [command]"C:\Program Files\Git\bin\git.exe" submodule foreach --recursive "sh -c \"git config --local --name-only --get-regexp 'core\.sshCommand' && git config --local --unset-all 'core.sshCommand' || :\""
2026-09-30T10:50:30.9016692Z [command]"C:\Program Files\Git\bin\git.exe" config --local --name-only --get-regexp http\.https\:\/\/github\.com\/\.extraheader
2026-09-30T10:50:30.9229131Z http.https://github.com/.extraheader
2026-09-30T10:50:30.9274303Z [command]"C:\Program Files\Git\bin\git.exe" config --local --unset-all http.https://github.com/.extraheader
2026-09-30T10:50:30.9572860Z [command]"C:\Program Files\Git\bin\git.exe" submodule foreach --recursive "sh -c \"git config --local --name-only --get-regexp 'http\.https\:\/\/github\.com\/\.extraheader' && git config --local --unset-all 'http.https://github.com/.extraheader' || :\""
2026-09-30T10:50:31.4695441Z [command]"C:\Program Files\Git\bin\git.exe" config --local --name-only --get-regexp ^includeIf\.gitdir:
2026-09-30T10:50:31.4963877Z [command]"C:\Program Files\Git\bin\git.exe" submodule foreach --recursive "git config --local --show-origin --name-only --get-regexp remote.origin.url"
2026-09-30T10:50:32.0447238Z Cleaning up orphan processes
2026-09-30T10:50:32.0789917Z Terminate orphan process: pid (4256) (VBCSCompiler)
2026-09-30T10:50:32.0923364Z Terminate orphan process: pid (5296) (conhost)
2026-09-30T10:50:32.1123862Z Terminate orphan process: pid (6780) (dotnet)
2026-09-30T10:50:32.1257853Z Terminate orphan process: pid (7268) (conhost)
2026-09-30T10:50:32.1390759Z Terminate orphan process: pid (7968) (dotnet)
2026-09-30T10:50:32.1514114Z Terminate orphan process: pid (8000) (dotnet)
2026-09-30T10:50:32.1611594Z ##[warning]Node.js 20 is deprecated. The following actions target Node.js 20 but are being forced to run on Node.js 24: actions/checkout@v4, actions/download-artifact@v4, actions/setup-dotnet@v4, actions/upload-artifact@v4. For more information see: https://github.blog/changelog/2025-09-19-deprecation-of-node-20-on-github-actions-runners/
