{
  "changedFiles": 455,
  "validation": {
    "json": 80,
    "jsonl": 216,
    "xml": 744,
    "text": 529
  },
  "tarChecks": [
    {
      "file": "hosted-interim-7e13-scheduling/fuzz-replay/fuzz-checksums-ubuntu-latest-net8.0.tar.gz",
      "entries": 190
    },
    {
      "file": "hosted-interim-7e13-scheduling/fuzz-replay/fuzz-checksums-windows-latest-net10.0.tar.gz",
      "entries": 190
    },
    {
      "file": "hosted-interim-7e13-scheduling/fuzz-replay/fuzz-determinism.tar.gz",
      "entries": 140
    },
    {
      "file": "hosted-interim-7e13-scheduling/fuzz-replay/fuzz-smoke-linux-arm64-core.tar.gz",
      "entries": 58
    },
    {
      "file": "hosted-interim-7e13-scheduling/fuzz-replay/fuzz-smoke-linux-cache-vienna.tar.gz",
      "entries": 130
    },
    {
      "file": "hosted-interim-7e13-scheduling/fuzz-replay/fuzz-smoke-linux-core-utc.tar.gz",
      "entries": 231
    },
    {
      "file": "hosted-interim-7e13-scheduling/fuzz-replay/fuzz-smoke-mac-storage-vector.tar.gz",
      "entries": 114
    },
    {
      "file": "hosted-interim-7e13-scheduling/fuzz-replay/fuzz-smoke-windows-index-sort.tar.gz",
      "entries": 44
    },
    {
      "file": "hosted-interim-7e13-scheduling/fuzz-replay/fuzz-smoke-windows-persistence.tar.gz",
      "entries": 78
    },
    {
      "file": "hosted-interim-7e13-scheduling/proof-replay/regression-proof-Issue_133_CloseCollectionWait.tar.gz",
      "entries": 1
    },
    {
      "file": "hosted-interim-7e13-scheduling/proof-replay/regression-proof-Issue_133_MaintenanceProgress.tar.gz",
      "entries": 1
    },
    {
      "file": "hosted-interim-7e13-scheduling/proof-replay/regression-proof-Issue_2586_RollbackTransaction.tar.gz",
      "entries": 1
    },
    {
      "file": "hosted-interim-7e13-scheduling/proof-replay/regression-proof-Issue_2614_DiskServiceDispose.tar.gz",
      "entries": 1
    },
    {
      "file": "hosted-interim-7e13-scheduling/proof-replay/regression-proof-Issue_3034_Pr133StaleSortCleanup.tar.gz",
      "entries": 1
    },
    {
      "file": "hosted-interim-7e13-scheduling/proof-replay/regression-proof-Issue_3067_DisposeDuringClose.tar.gz",
      "entries": 1
    },
    {
      "file": "hosted-interim-7e13-scheduling/proof-replay/regression-proof-Issue_3067_DisposedBoundObject.tar.gz",
      "entries": 1
    },
    {
      "file": "hosted-interim-7e13-scheduling/proof-replay/regression-proof-Issue_3067_HandleCallbackSelfWait.tar.gz",
      "entries": 1
    },
    {
      "file": "hosted-interim-7e13-scheduling/proof-replay/regression-proof-Issue_3067_PeerFatalDispose.tar.gz",
      "entries": 1
    },
    {
      "file": "hosted-interim-7e13-scheduling/proof-replay/regression-proof-Issue_3067_SharedCloseWait.tar.gz",
      "entries": 1
    },
    {
      "file": "hosted-interim-7e13-scheduling/proof-replay/regression-proof-Issue_3067_SharedPinCleanup.tar.gz",
      "entries": 1
    },
    {
      "file": "hosted-interim-7e13-scheduling/shared-slot-replay/shared-slots-ubuntu-latest-net10.0-core.tar.gz",
      "entries": 7
    },
    {
      "file": "hosted-interim-7e13-scheduling/shared-slot-replay/shared-slots-ubuntu-latest-net10.0-traffic.tar.gz",
      "entries": 4
    },
    {
      "file": "hosted-interim-7e13-scheduling/shared-slot-replay/shared-slots-ubuntu-latest-net8.0-core.tar.gz",
      "entries": 7
    },
    {
      "file": "hosted-interim-7e13-scheduling/shared-slot-replay/shared-slots-ubuntu-latest-net8.0-traffic.tar.gz",
      "entries": 4
    },
    {
      "file": "hosted-interim-7e13-scheduling/shared-slot-replay/shared-slots-windows-latest-net10.0-core.tar.gz",
      "entries": 7
    },
    {
      "file": "hosted-interim-7e13-scheduling/shared-slot-replay/shared-slots-windows-latest-net10.0-traffic.tar.gz",
      "entries": 4
    },
    {
      "file": "hosted-interim-7e13-scheduling/shared-slot-replay/shared-slots-windows-latest-net8.0-core.tar.gz",
      "entries": 7
    },
    {
      "file": "hosted-interim-7e13-scheduling/shared-slot-replay/shared-slots-windows-latest-net8.0-traffic.tar.gz",
      "entries": 4
    },
    {
      "file": "hosted-interim-7e13-scheduling/test-results.tar.gz",
      "entries": 47
    },
    {
      "file": "hosted-interim-e821/completed-full-ci/fuzz-replay/fuzz-checksums-ubuntu-latest-net8.0.tar.gz",
      "entries": 190
    },
    {
      "file": "hosted-interim-e821/completed-full-ci/fuzz-replay/fuzz-checksums-windows-latest-net10.0.tar.gz",
      "entries": 190
    },
    {
      "file": "hosted-interim-e821/completed-full-ci/fuzz-replay/fuzz-determinism.tar.gz",
      "entries": 140
    },
    {
      "file": "hosted-interim-e821/completed-full-ci/fuzz-replay/fuzz-smoke-linux-arm64-core.tar.gz",
      "entries": 58
    },
    {
      "file": "hosted-interim-e821/completed-full-ci/fuzz-replay/fuzz-smoke-linux-cache-vienna.tar.gz",
      "entries": 130
    },
    {
      "file": "hosted-interim-e821/completed-full-ci/fuzz-replay/fuzz-smoke-linux-core-utc.tar.gz",
      "entries": 231
    },
    {
      "file": "hosted-interim-e821/completed-full-ci/fuzz-replay/fuzz-smoke-mac-storage-vector.tar.gz",
      "entries": 114
    },
    {
      "file": "hosted-interim-e821/completed-full-ci/fuzz-replay/fuzz-smoke-windows-index-sort.tar.gz",
      "entries": 44
    },
    {
      "file": "hosted-interim-e821/completed-full-ci/fuzz-replay/fuzz-smoke-windows-persistence.tar.gz",
      "entries": 78
    },
    {
      "file": "hosted-interim-e821/completed-full-ci/proof-replay/regression-proof-Issue_133_CloseCollectionWait.tar.gz",
      "entries": 1
    },
    {
      "file": "hosted-interim-e821/completed-full-ci/proof-replay/regression-proof-Issue_133_MaintenanceProgress.tar.gz",
      "entries": 1
    },
    {
      "file": "hosted-interim-e821/completed-full-ci/proof-replay/regression-proof-Issue_133_RawCloseCallbackDependency.tar.gz",
      "entries": 1
    },
    {
      "file": "hosted-interim-e821/completed-full-ci/proof-replay/regression-proof-Issue_2586_RollbackTransaction.tar.gz",
      "entries": 1
    },
    {
      "file": "hosted-interim-e821/completed-full-ci/proof-replay/regression-proof-Issue_2614_DiskServiceDispose.tar.gz",
      "entries": 1
    },
    {
      "file": "hosted-interim-e821/completed-full-ci/proof-replay/regression-proof-Issue_3034_Pr133StaleSortCleanup.tar.gz",
      "entries": 1
    },
    {
      "file": "hosted-interim-e821/completed-full-ci/proof-replay/regression-proof-Issue_3067_DisposeDuringClose.tar.gz",
      "entries": 1
    },
    {
      "file": "hosted-interim-e821/completed-full-ci/proof-replay/regression-proof-Issue_3067_DisposedBoundObject.tar.gz",
      "entries": 1
    },
    {
      "file": "hosted-interim-e821/completed-full-ci/proof-replay/regression-proof-Issue_3067_HandleCallbackSelfWait.tar.gz",
      "entries": 1
    },
    {
      "file": "hosted-interim-e821/completed-full-ci/proof-replay/regression-proof-Issue_3067_PeerFatalDispose.tar.gz",
      "entries": 1
    },
    {
      "file": "hosted-interim-e821/completed-full-ci/proof-replay/regression-proof-Issue_3067_SharedCloseWait.tar.gz",
      "entries": 1
    },
    {
      "file": "hosted-interim-e821/completed-full-ci/proof-replay/regression-proof-Issue_3067_SharedNestedBegin.tar.gz",
      "entries": 1
    },
    {
      "file": "hosted-interim-e821/completed-full-ci/proof-replay/regression-proof-Issue_3067_SharedPinCleanup.tar.gz",
      "entries": 1
    },
    {
      "file": "hosted-interim-e821/completed-full-ci/shared-slot-replay/shared-slots-ubuntu-latest-net10.0-core.tar.gz",
      "entries": 7
    },
    {
      "file": "hosted-interim-e821/completed-full-ci/shared-slot-replay/shared-slots-ubuntu-latest-net10.0-traffic.tar.gz",
      "entries": 4
    },
    {
      "file": "hosted-interim-e821/completed-full-ci/shared-slot-replay/shared-slots-ubuntu-latest-net8.0-core.tar.gz",
      "entries": 7
    },
    {
      "file": "hosted-interim-e821/completed-full-ci/shared-slot-replay/shared-slots-ubuntu-latest-net8.0-traffic.tar.gz",
      "entries": 4
    },
    {
      "file": "hosted-interim-e821/completed-full-ci/shared-slot-replay/shared-slots-windows-latest-net10.0-core.tar.gz",
      "entries": 7
    },
    {
      "file": "hosted-interim-e821/completed-full-ci/shared-slot-replay/shared-slots-windows-latest-net10.0-traffic.tar.gz",
      "entries": 4
    },
    {
      "file": "hosted-interim-e821/completed-full-ci/shared-slot-replay/shared-slots-windows-latest-net8.0-core.tar.gz",
      "entries": 7
    },
    {
      "file": "hosted-interim-e821/completed-full-ci/shared-slot-replay/shared-slots-windows-latest-net8.0-traffic.tar.gz",
      "entries": 4
    },
    {
      "file": "hosted-interim-e821/completed-full-ci/test-results.tar.gz",
      "entries": 430
    },
    {
      "file": "hosted-interim-eb01/completed-full-ci/fuzz-replay/fuzz-checksums-ubuntu-latest-net8.0.tar.gz",
      "entries": 190
    },
    {
      "file": "hosted-interim-eb01/completed-full-ci/fuzz-replay/fuzz-checksums-windows-latest-net10.0.tar.gz",
      "entries": 190
    },
    {
      "file": "hosted-interim-eb01/completed-full-ci/fuzz-replay/fuzz-determinism.tar.gz",
      "entries": 140
    },
    {
      "file": "hosted-interim-eb01/completed-full-ci/fuzz-replay/fuzz-smoke-linux-arm64-core.tar.gz",
      "entries": 58
    },
    {
      "file": "hosted-interim-eb01/completed-full-ci/fuzz-replay/fuzz-smoke-linux-cache-vienna.tar.gz",
      "entries": 130
    },
    {
      "file": "hosted-interim-eb01/completed-full-ci/fuzz-replay/fuzz-smoke-linux-core-utc.tar.gz",
      "entries": 231
    },
    {
      "file": "hosted-interim-eb01/completed-full-ci/fuzz-replay/fuzz-smoke-mac-storage-vector.tar.gz",
      "entries": 114
    },
    {
      "file": "hosted-interim-eb01/completed-full-ci/fuzz-replay/fuzz-smoke-windows-index-sort.tar.gz",
      "entries": 44
    },
    {
      "file": "hosted-interim-eb01/completed-full-ci/fuzz-replay/fuzz-smoke-windows-persistence.tar.gz",
      "entries": 78
    },
    {
      "file": "hosted-interim-eb01/completed-full-ci/proof-replay/regression-proof-Issue_133_CloseCollectionWait.tar.gz",
      "entries": 1
    },
    {
      "file": "hosted-interim-eb01/completed-full-ci/proof-replay/regression-proof-Issue_133_MaintenanceProgress.tar.gz",
      "entries": 1
    },
    {
      "file": "hosted-interim-eb01/completed-full-ci/proof-replay/regression-proof-Issue_2586_RollbackTransaction.tar.gz",
      "entries": 1
    },
    {
      "file": "hosted-interim-eb01/completed-full-ci/proof-replay/regression-proof-Issue_2614_DiskServiceDispose.tar.gz",
      "entries": 1
    },
    {
      "file": "hosted-interim-eb01/completed-full-ci/proof-replay/regression-proof-Issue_3034_Pr133StaleSortCleanup.tar.gz",
      "entries": 1
    },
    {
      "file": "hosted-interim-eb01/completed-full-ci/proof-replay/regression-proof-Issue_3067_DisposeDuringClose.tar.gz",
      "entries": 1
    },
    {
      "file": "hosted-interim-eb01/completed-full-ci/proof-replay/regression-proof-Issue_3067_DisposedBoundObject.tar.gz",
      "entries": 1
    },
    {
      "file": "hosted-interim-eb01/completed-full-ci/proof-replay/regression-proof-Issue_3067_PeerFatalDispose.tar.gz",
      "entries": 1
    },
    {
      "file": "hosted-interim-eb01/completed-full-ci/proof-replay/regression-proof-Issue_3067_SharedCloseWait.tar.gz",
      "entries": 1
    },
    {
      "file": "hosted-interim-eb01/completed-full-ci/proof-replay/regression-proof-Issue_3067_SharedNestedBegin.tar.gz",
      "entries": 1
    },
    {
      "file": "hosted-interim-eb01/completed-full-ci/shared-slot-replay/shared-slots-ubuntu-latest-net10.0-core.tar.gz",
      "entries": 7
    },
    {
      "file": "hosted-interim-eb01/completed-full-ci/shared-slot-replay/shared-slots-ubuntu-latest-net10.0-traffic.tar.gz",
      "entries": 4
    },
    {
      "file": "hosted-interim-eb01/completed-full-ci/shared-slot-replay/shared-slots-ubuntu-latest-net8.0-core.tar.gz",
      "entries": 7
    },
    {
      "file": "hosted-interim-eb01/completed-full-ci/shared-slot-replay/shared-slots-ubuntu-latest-net8.0-traffic.tar.gz",
      "entries": 4
    },
    {
      "file": "hosted-interim-eb01/completed-full-ci/shared-slot-replay/shared-slots-windows-latest-net10.0-core.tar.gz",
      "entries": 7
    },
    {
      "file": "hosted-interim-eb01/completed-full-ci/shared-slot-replay/shared-slots-windows-latest-net10.0-traffic.tar.gz",
      "entries": 4
    },
    {
      "file": "hosted-interim-eb01/completed-full-ci/shared-slot-replay/shared-slots-windows-latest-net8.0-core.tar.gz",
      "entries": 7
    },
    {
      "file": "hosted-interim-eb01/completed-full-ci/shared-slot-replay/shared-slots-windows-latest-net8.0-traffic.tar.gz",
      "entries": 4
    },
    {
      "file": "hosted-interim-eb01/completed-full-ci/test-results.tar.gz",
      "entries": 503
    }
  ],
  "credentialPatternFiles": [],
  "totalChangeRecords": 1020
}
