2026-09-30T07:33:29.9863548Z Current runner version: '2.337.0'
2026-09-30T07:33:29.9895870Z ##[group]Runner Image Provisioner
2026-09-30T07:33:29.9897087Z Hosted Compute Agent
2026-09-30T07:33:29.9898121Z Version: 20260901.588
2026-09-30T07:33:29.9898910Z Commit: f88ec8081b781fac6c440065ac7ff9e710ce3d0b
2026-09-30T07:33:29.9899588Z Build Date: 2026-09-01T19:56:44Z
2026-09-30T07:33:29.9900264Z Worker ID: {a6e73749-fc06-4c70-bd00-d6e085d6f495}
2026-09-30T07:33:29.9900934Z Azure Region: northcentralus
2026-09-30T07:33:29.9901551Z ##[endgroup]
2026-09-30T07:33:29.9903478Z ##[group]Operating System
2026-09-30T07:33:29.9904139Z Microsoft Windows 11
2026-09-30T07:33:29.9904750Z 10.0.26200
2026-09-30T07:33:29.9905271Z Enterprise
2026-09-30T07:33:29.9905758Z ##[endgroup]
2026-09-30T07:33:29.9906312Z ##[group]Runner Image
2026-09-30T07:33:29.9906868Z Image: windows-11-vs2026-arm64
2026-09-30T07:33:29.9907486Z Version: 20260924.168.1
2026-09-30T07:33:29.9909197Z Included Software: https://github.com/actions/runner-images/blob/win11-vs2026-arm64/20260924.168/images/windows/Windows11-VS2026-Arm64-Readme.md
2026-09-30T07:33:29.9910881Z Image Release: https://github.com/actions/runner-images/releases/tag/win11-vs2026-arm64%2F20260924.168
2026-09-30T07:33:29.9911807Z ##[endgroup]
2026-09-30T07:33:29.9914941Z ##[group]GITHUB_TOKEN Permissions
2026-09-30T07:33:29.9918162Z Actions: write
2026-09-30T07:33:29.9918955Z ArtifactMetadata: write
2026-09-30T07:33:29.9919580Z Attestations: write
2026-09-30T07:33:29.9920176Z Checks: write
2026-09-30T07:33:29.9920851Z CodeQuality: write
2026-09-30T07:33:29.9921507Z Contents: write
2026-09-30T07:33:29.9922140Z CopilotRequests: write
2026-09-30T07:33:29.9922715Z Deployments: write
2026-09-30T07:33:29.9923231Z Discussions: write
2026-09-30T07:33:29.9923888Z Drives: write
2026-09-30T07:33:29.9924471Z Issues: write
2026-09-30T07:33:29.9924991Z Metadata: read
2026-09-30T07:33:29.9925716Z Models: read
2026-09-30T07:33:29.9926231Z Packages: write
2026-09-30T07:33:29.9926803Z Pages: write
2026-09-30T07:33:29.9927382Z PullRequests: write
2026-09-30T07:33:29.9927942Z RepositoryProjects: write
2026-09-30T07:33:29.9928621Z SecurityEvents: write
2026-09-30T07:33:29.9929188Z Statuses: write
2026-09-30T07:33:29.9929828Z VulnerabilityAlerts: read
2026-09-30T07:33:29.9930500Z ##[endgroup]
2026-09-30T07:33:29.9933116Z Secret source: Actions
2026-09-30T07:33:29.9934123Z Cache mode: write
2026-09-30T07:33:29.9934894Z Prepare workflow directory
2026-09-30T07:33:30.0624114Z Prepare all required actions
2026-09-30T07:33:30.0677718Z Getting action download info
2026-09-30T07:33:30.3293273Z Download action repository 'actions/checkout@v4' (SHA:11d5960a326750d5838078e36cf38b85af677262)
2026-09-30T07:33:30.6561777Z Download action repository 'actions/setup-dotnet@v4' (SHA:67a3573c9a986a3f9c594539f4ab511d57bb3ce9)
2026-09-30T07:33:31.4080563Z Download action repository 'actions/download-artifact@v4' (SHA:d3f86a106a0bac45b974a628896c90dbdf5c8093)
2026-09-30T07:33:32.1891315Z Download action repository 'actions/upload-artifact@v4' (SHA:ea165f8d65b6e75b540449e92b4886f43607fa02)
2026-09-30T07:33:33.1441825Z Uses: JKamsker/LiteDB/.github/workflows/_reusable-ci.yml@refs/pull/133/merge (5b903c916ccf89220f389993a1aa9c6602c963e1)
2026-09-30T07:33:33.1446102Z ##[group] Inputs
2026-09-30T07:33:33.1446486Z   tier: full
2026-09-30T07:33:33.1447823Z   sdk-matrix: [
  { "display": ".NET 8", "runtimeMajor": 8,  "sdk": "8.0.x",           "framework": "net8.0", "includePrerelease": false, "msbuildProps": "" },
  { "display": ".NET 9", "runtimeMajor": 9,  "sdk": "9.0.x\n8.0.x",    "framework": "net8.0", "includePrerelease": true,  "msbuildProps": "" },
  { "display": ".NET 10", "runtimeMajor": 10, "sdk": "10.0.x",          "framework": "net10.0", "includePrerelease": false, "msbuildProps": "" }
]

2026-09-30T07:33:33.1449202Z ##[endgroup]
2026-09-30T07:33:33.1449545Z Complete job name: build-and-test / Native admission (Windows ARM64 - net10.0)
2026-09-30T07:33:33.2891607Z ##[group]Run actions/checkout@v4
2026-09-30T07:33:33.2894878Z with:
2026-09-30T07:33:33.2895243Z   repository: JKamsker/LiteDB
2026-09-30T07:33:33.2897933Z   token: ***
2026-09-30T07:33:33.2898297Z   ssh-strict: true
2026-09-30T07:33:33.2898602Z   ssh-user: git
2026-09-30T07:33:33.2898911Z   persist-credentials: true
2026-09-30T07:33:33.2899243Z   clean: true
2026-09-30T07:33:33.2899542Z   sparse-checkout-cone-mode: true
2026-09-30T07:33:33.2899877Z   fetch-depth: 1
2026-09-30T07:33:33.2900140Z   fetch-tags: false
2026-09-30T07:33:33.2900448Z   show-progress: true
2026-09-30T07:33:33.2900784Z   lfs: false
2026-09-30T07:33:33.2901097Z   submodules: false
2026-09-30T07:33:33.2901421Z   set-safe-directory: true
2026-09-30T07:33:33.2901746Z   allow-unsafe-pr-checkout: false
2026-09-30T07:33:33.2902895Z env:
2026-09-30T07:33:33.2903355Z   LITEDB_RETAINED_FIXTURES: __CI_WORKSPACE__/LiteDB.Tests/TestResults/retained-fixtures
2026-09-30T07:33:33.2903867Z ##[endgroup]
2026-09-30T07:33:33.5284288Z Syncing repository: JKamsker/LiteDB
2026-09-30T07:33:33.5286030Z ##[group]Getting Git version info
2026-09-30T07:33:33.5286485Z Working directory is '__CI_HOME__/work\LiteDB\LiteDB'
2026-09-30T07:33:33.6296082Z [command]"C:\Program Files\Git\bin\git.exe" version
2026-09-30T07:33:34.0002181Z git version 2.55.0.windows.5
2026-09-30T07:33:34.0055944Z ##[endgroup]
2026-09-30T07:33:34.0111256Z Temporarily overriding HOME='__CI_HOME__/work\_temp\900cb2e7-ca06-47a6-bb72-f19b1ee0fe59' before making global git config changes
2026-09-30T07:33:34.0112047Z Adding repository directory to the temporary git global config as a safe directory
2026-09-30T07:33:34.0120281Z [command]"C:\Program Files\Git\bin\git.exe" config --global --add safe.directory __CI_WORKSPACE__
2026-09-30T07:33:34.0964328Z Deleting the contents of '__CI_HOME__/work\LiteDB\LiteDB'
2026-09-30T07:33:34.0973600Z ##[group]Initializing the repository
2026-09-30T07:33:34.0982076Z [command]"C:\Program Files\Git\bin\git.exe" init __CI_WORKSPACE__
2026-09-30T07:33:34.3231573Z Initialized empty Git repository in __CI_WORKSPACE__/.git/
2026-09-30T07:33:34.3295901Z [command]"C:\Program Files\Git\bin\git.exe" remote add origin https://github.com/JKamsker/LiteDB
2026-09-30T07:33:34.3965440Z ##[endgroup]
2026-09-30T07:33:34.3966105Z ##[group]Disabling automatic garbage collection
2026-09-30T07:33:34.3976094Z [command]"C:\Program Files\Git\bin\git.exe" config --local gc.auto 0
2026-09-30T07:33:34.4509549Z ##[endgroup]
2026-09-30T07:33:34.4510061Z ##[group]Setting up auth
2026-09-30T07:33:34.4522748Z [command]"C:\Program Files\Git\bin\git.exe" config --local --name-only --get-regexp core\.sshCommand
2026-09-30T07:33:34.5056335Z [command]"C:\Program Files\Git\bin\git.exe" submodule foreach --recursive "sh -c \"git config --local --name-only --get-regexp 'core\.sshCommand' && git config --local --unset-all 'core.sshCommand' || :\""
2026-09-30T07:33:36.7513006Z [command]"C:\Program Files\Git\bin\git.exe" config --local --name-only --get-regexp http\.https\:\/\/github\.com\/\.extraheader
2026-09-30T07:33:36.8052777Z [command]"C:\Program Files\Git\bin\git.exe" submodule foreach --recursive "sh -c \"git config --local --name-only --get-regexp 'http\.https\:\/\/github\.com\/\.extraheader' && git config --local --unset-all 'http.https://github.com/.extraheader' || :\""
2026-09-30T07:33:38.0410381Z [command]"C:\Program Files\Git\bin\git.exe" config --local --name-only --get-regexp ^includeIf\.gitdir:
2026-09-30T07:33:38.0968682Z [command]"C:\Program Files\Git\bin\git.exe" submodule foreach --recursive "git config --local --show-origin --name-only --get-regexp remote.origin.url"
2026-09-30T07:33:39.3199126Z [command]"C:\Program Files\Git\bin\git.exe" config --local http.https://github.com/.extraheader "AUTHORIZATION: basic ***"
2026-09-30T07:33:39.3730057Z ##[endgroup]
2026-09-30T07:33:39.3730688Z ##[group]Fetching the repository
2026-09-30T07:33:39.3745531Z [command]"C:\Program Files\Git\bin\git.exe" -c protocol.version=2 fetch --no-tags --prune --no-recurse-submodules --depth=1 origin +5b903c916ccf89220f389993a1aa9c6602c963e1:refs/remotes/pull/133/merge
2026-09-30T07:33:40.6500506Z From https://github.com/JKamsker/LiteDB
2026-09-30T07:33:40.6501140Z  * [new ref]         5b903c916ccf89220f389993a1aa9c6602c963e1 -> pull/133/merge
2026-09-30T07:33:40.6556614Z ##[endgroup]
2026-09-30T07:33:40.6557119Z ##[group]Determining the checkout info
2026-09-30T07:33:40.6559571Z ##[endgroup]
2026-09-30T07:33:40.6569397Z [command]"C:\Program Files\Git\bin\git.exe" sparse-checkout disable
2026-09-30T07:33:40.7224984Z [command]"C:\Program Files\Git\bin\git.exe" config --local --unset-all extensions.worktreeConfig
2026-09-30T07:33:40.7737448Z ##[group]Checking out the ref
2026-09-30T07:33:40.7747092Z [command]"C:\Program Files\Git\bin\git.exe" checkout --progress --force refs/remotes/pull/133/merge
2026-09-30T07:33:41.8572184Z Updating files:  55% (1049/1901)
2026-09-30T07:33:41.8761577Z Updating files:  56% (1065/1901)
2026-09-30T07:33:41.8909755Z Updating files:  57% (1084/1901)
2026-09-30T07:33:41.9051809Z Updating files:  58% (1103/1901)
2026-09-30T07:33:41.9198629Z Updating files:  59% (1122/1901)
2026-09-30T07:33:41.9417991Z Updating files:  60% (1141/1901)
2026-09-30T07:33:41.9529403Z Updating files:  61% (1160/1901)
2026-09-30T07:33:41.9677878Z Updating files:  62% (1179/1901)
2026-09-30T07:33:41.9864267Z Updating files:  63% (1198/1901)
2026-09-30T07:33:42.0033567Z Updating files:  64% (1217/1901)
2026-09-30T07:33:42.0152597Z Updating files:  65% (1236/1901)
2026-09-30T07:33:42.0407403Z Updating files:  66% (1255/1901)
2026-09-30T07:33:42.0565716Z Updating files:  67% (1274/1901)
2026-09-30T07:33:42.0853776Z Updating files:  68% (1293/1901)
2026-09-30T07:33:42.1017085Z Updating files:  69% (1312/1901)
2026-09-30T07:33:42.1186719Z Updating files:  70% (1331/1901)
2026-09-30T07:33:42.1358309Z Updating files:  71% (1350/1901)
2026-09-30T07:33:42.1550258Z Updating files:  72% (1369/1901)
2026-09-30T07:33:42.1682886Z Updating files:  73% (1388/1901)
2026-09-30T07:33:42.1832319Z Updating files:  74% (1407/1901)
2026-09-30T07:33:42.1992077Z Updating files:  75% (1426/1901)
2026-09-30T07:33:42.2136649Z Updating files:  76% (1445/1901)
2026-09-30T07:33:42.2284109Z Updating files:  77% (1464/1901)
2026-09-30T07:33:42.2460527Z Updating files:  78% (1483/1901)
2026-09-30T07:33:42.2612481Z Updating files:  79% (1502/1901)
2026-09-30T07:33:42.2947954Z Updating files:  80% (1521/1901)
2026-09-30T07:33:42.3122583Z Updating files:  81% (1540/1901)
2026-09-30T07:33:42.4778252Z Updating files:  82% (1559/1901)
2026-09-30T07:33:42.4929393Z Updating files:  83% (1578/1901)
2026-09-30T07:33:42.5166010Z Updating files:  84% (1597/1901)
2026-09-30T07:33:42.5406799Z Updating files:  85% (1616/1901)
2026-09-30T07:33:42.5764085Z Updating files:  86% (1635/1901)
2026-09-30T07:33:42.5992315Z Updating files:  87% (1654/1901)
2026-09-30T07:33:42.7307309Z Updating files:  88% (1673/1901)
2026-09-30T07:33:42.9246140Z Updating files:  89% (1692/1901)
2026-09-30T07:33:43.7655918Z Updating files:  89% (1706/1901)
2026-09-30T07:33:43.9356857Z Updating files:  90% (1711/1901)
2026-09-30T07:33:44.0293502Z Updating files:  90% (1715/1901)
2026-09-30T07:33:44.9020894Z Updating files:  91% (1730/1901)
2026-09-30T07:33:45.2455285Z Updating files:  91% (1738/1901)
2026-09-30T07:33:45.5041325Z Updating files:  92% (1749/1901)
2026-09-30T07:33:46.0233642Z Updating files:  93% (1768/1901)
2026-09-30T07:33:47.1390665Z Updating files:  93% (1775/1901)
2026-09-30T07:33:47.2185816Z Updating files:  93% (1782/1901)
2026-09-30T07:33:48.0983286Z Updating files:  94% (1787/1901)
2026-09-30T07:33:48.1269772Z Updating files:  94% (1800/1901)
2026-09-30T07:33:48.2917661Z Updating files:  95% (1806/1901)
2026-09-30T07:33:48.3602174Z Updating files:  96% (1825/1901)
2026-09-30T07:33:48.4916318Z Updating files:  97% (1844/1901)
2026-09-30T07:33:48.6143632Z Updating files:  98% (1863/1901)
2026-09-30T07:33:48.6608755Z Updating files:  99% (1882/1901)
2026-09-30T07:33:48.6610340Z Updating files: 100% (1901/1901)
2026-09-30T07:33:48.6610769Z Updating files: 100% (1901/1901), done.
2026-09-30T07:33:48.6742492Z Note: switching to 'refs/remotes/pull/133/merge'.
2026-09-30T07:33:48.6742817Z 
2026-09-30T07:33:48.6743059Z You are in 'detached HEAD' state. You can look around, make experimental
2026-09-30T07:33:48.6743561Z changes and commit them, and you can discard any commits you make in this
2026-09-30T07:33:48.6744050Z state without impacting any branches by switching back to a branch.
2026-09-30T07:33:48.6744354Z 
2026-09-30T07:33:48.6744537Z If you want to create a new branch to retain commits you create, you may
2026-09-30T07:33:48.6745051Z do so (now or later) by using -c with the switch command. Example:
2026-09-30T07:33:48.6745320Z 
2026-09-30T07:33:48.6745484Z   git switch -c <new-branch-name>
2026-09-30T07:33:48.6745659Z 
2026-09-30T07:33:48.6745786Z Or undo this operation with:
2026-09-30T07:33:48.6745956Z 
2026-09-30T07:33:48.6746057Z   git switch -
2026-09-30T07:33:48.6746364Z 
2026-09-30T07:33:48.6746587Z Turn off this advice by setting config variable advice.detachedHead to false
2026-09-30T07:33:48.6746924Z 
2026-09-30T07:33:48.6747259Z HEAD is now at 5b903c9 Merge 2179ba6516c32d2798178185fcecb2554b328adc into 49c327cf1926fa300f9eb7477eb4bcb404f75c43
2026-09-30T07:33:48.6892724Z ##[endgroup]
2026-09-30T07:33:49.4338784Z [command]"C:\Program Files\Git\bin\git.exe" log -1 --format=%H
2026-09-30T07:33:49.4809009Z 5b903c916ccf89220f389993a1aa9c6602c963e1
2026-09-30T07:33:49.5428829Z ##[group]Run actions/setup-dotnet@v4
2026-09-30T07:33:49.5429404Z with:
2026-09-30T07:33:49.5429703Z   dotnet-version: 10.0.x
8.0.x

2026-09-30T07:33:49.5429997Z   cache: false
2026-09-30T07:33:49.5430254Z env:
2026-09-30T07:33:49.5430632Z   LITEDB_RETAINED_FIXTURES: __CI_WORKSPACE__/LiteDB.Tests/TestResults/retained-fixtures
2026-09-30T07:33:49.5431067Z ##[endgroup]
2026-09-30T07:33:49.7912447Z (node:8436) [DEP0040] DeprecationWarning: The `punycode` module is deprecated. Please use a userland alternative instead.
2026-09-30T07:33:49.7913271Z (Use `node --trace-deprecation ...` to show where the warning was created)
2026-09-30T07:33:49.9022067Z [command]"C:\Program Files\PowerShell\7\pwsh.exe" -NoLogo -Sta -NoProfile -NonInteractive -ExecutionPolicy Unrestricted -Command & '__CI_HOME__/work\_actions\actions\setup-dotnet\v4\externals\install-dotnet.ps1' -SkipNonVersionedFiles -Runtime dotnet -Channel LTS
2026-09-30T07:33:51.2351510Z dotnet-install: .NET Core Runtime with version '10.0.12' is already installed.
2026-09-30T07:33:51.4231029Z [command]"C:\Program Files\PowerShell\7\pwsh.exe" -NoLogo -Sta -NoProfile -NonInteractive -ExecutionPolicy Unrestricted -Command & '__CI_HOME__/work\_actions\actions\setup-dotnet\v4\externals\install-dotnet.ps1' -SkipNonVersionedFiles -Channel 10.0
2026-09-30T07:33:52.1629429Z dotnet-install: .NET Core SDK with version '10.0.401' is already installed.
2026-09-30T07:33:52.3420273Z [command]"C:\Program Files\PowerShell\7\pwsh.exe" -NoLogo -Sta -NoProfile -NonInteractive -ExecutionPolicy Unrestricted -Command & '__CI_HOME__/work\_actions\actions\setup-dotnet\v4\externals\install-dotnet.ps1' -SkipNonVersionedFiles -Runtime dotnet -Channel LTS
2026-09-30T07:33:53.0459941Z dotnet-install: .NET Core Runtime with version '10.0.12' is already installed.
2026-09-30T07:33:53.2173876Z [command]"C:\Program Files\PowerShell\7\pwsh.exe" -NoLogo -Sta -NoProfile -NonInteractive -ExecutionPolicy Unrestricted -Command & '__CI_HOME__/work\_actions\actions\setup-dotnet\v4\externals\install-dotnet.ps1' -SkipNonVersionedFiles -Channel 8.0
2026-09-30T07:33:54.0877299Z dotnet-install: .NET Core SDK with version '8.0.425' is already installed.
2026-09-30T07:33:54.2754377Z ##[group]Run actions/download-artifact@v4
2026-09-30T07:33:54.2754894Z with:
2026-09-30T07:33:54.2755139Z   name: tests-build-windows
2026-09-30T07:33:54.2755443Z   merge-multiple: false
2026-09-30T07:33:54.2755715Z   repository: JKamsker/LiteDB
2026-09-30T07:33:54.2755992Z   run-id: 36683990521
2026-09-30T07:33:54.2756256Z env:
2026-09-30T07:33:54.2756624Z   LITEDB_RETAINED_FIXTURES: __CI_WORKSPACE__/LiteDB.Tests/TestResults/retained-fixtures
2026-09-30T07:33:54.2757533Z   DOTNET_ROOT: C:\Program Files\dotnet
2026-09-30T07:33:54.2757831Z ##[endgroup]
2026-09-30T07:33:54.5357535Z Downloading single artifact
2026-09-30T07:33:54.5583521Z (node:9212) [DEP0040] DeprecationWarning: The `punycode` module is deprecated. Please use a userland alternative instead.
2026-09-30T07:33:54.5584364Z (Use `node --trace-deprecation ...` to show where the warning was created)
2026-09-30T07:33:54.7066618Z Preparing to download the following artifacts:
2026-09-30T07:33:54.7067538Z - tests-build-windows (ID: 11082748364, Size: 42054840, Expected Digest: sha256:398ed03028c6b999c56671735e87f95c2a28520ea3e4c6b4100b4519b697a2cb)
2026-09-30T07:33:54.8819846Z Redirecting to blob download url: https://productionresultssa16.blob.core.windows.net/actions-results/71951b55-ceae-80fc-a461-94b1d8f6f4b1/workflow-job-run-9b0819f5-f9ed-537c-9d95-4c98d96cd7f8/artifacts/a423237836c40f3642fb865e060786e1e859ed0c40243637743f88aa5e75f120.zip
2026-09-30T07:33:54.8821163Z Starting download of artifact to: __CI_WORKSPACE__
2026-09-30T07:33:55.0743126Z (node:9212) [DEP0005] DeprecationWarning: Buffer() is deprecated due to security and usability issues. Please use the Buffer.alloc(), Buffer.allocUnsafe(), or Buffer.from() methods instead.
2026-09-30T07:33:58.1565265Z SHA256 digest of downloaded artifact is 398ed03028c6b999c56671735e87f95c2a28520ea3e4c6b4100b4519b697a2cb
2026-09-30T07:33:58.1566566Z Artifact download completed successfully.
2026-09-30T07:33:58.1566968Z Total of 1 artifact(s) downloaded
2026-09-30T07:33:58.1578279Z Download artifact has finished successfully
2026-09-30T07:33:58.1988097Z ##[group]Run ./scripts/run-ci-tests.ps1 -RuntimeMajor 10 -Framework "net10.0" -Architecture arm64 -Filter 'FullyQualifiedName~TransactionHandle|FullyQualifiedName~NativeAdmission|FullyQualifiedName~SharedAdmissionLifetime|FullyQualifiedName~SharedMode|FullyQualifiedName~DirectModeAdmission|FullyQualifiedName~Rebuild|FullyQualifiedName~SharedCoordinated' -ResultFile 'NativeAdmission-arm64.trx' -RecordEvidence
2026-09-30T07:33:58.1991567Z [36;1m./scripts/run-ci-tests.ps1 -RuntimeMajor 10 -Framework "net10.0" -Architecture arm64 -Filter 'FullyQualifiedName~TransactionHandle|FullyQualifiedName~NativeAdmission|FullyQualifiedName~SharedAdmissionLifetime|FullyQualifiedName~SharedMode|FullyQualifiedName~DirectModeAdmission|FullyQualifiedName~Rebuild|FullyQualifiedName~SharedCoordinated' -ResultFile 'NativeAdmission-arm64.trx' -RecordEvidence[0m
2026-09-30T07:33:58.2053074Z shell: C:\Program Files\PowerShell\7\pwsh.EXE -command ". '{0}'"
2026-09-30T07:33:58.2053503Z env:
2026-09-30T07:33:58.2054010Z   LITEDB_RETAINED_FIXTURES: __CI_WORKSPACE__/LiteDB.Tests/TestResults/retained-fixtures
2026-09-30T07:33:58.2054506Z   DOTNET_ROOT: C:\Program Files\dotnet
2026-09-30T07:33:58.2054920Z   LITEDB_EVIDENCE_MATRIX: {
  "framework": "net10.0",
  "runtimeMajor": 10
}
2026-09-30T07:33:58.2055371Z ##[endgroup]
2026-09-30T07:34:01.0666973Z dotnet-install: Downloaded file https://builds.dotnet.microsoft.com/dotnet/Runtime/10.0.12/dotnet-runtime-10.0.12-win-arm64.zip size is 35304080 bytes.
2026-09-30T07:34:01.0673118Z dotnet-install: Either downloaded or local package size can not be measured. One of them may be corrupted.
2026-09-30T07:34:01.0695944Z dotnet-install: Extracting the archive.
2026-09-30T07:34:02.1565389Z dotnet-install: Binaries of dotnet can be found in __CI_HOME__/work\_temp\litedb-runtime-10-arm64\
2026-09-30T07:34:02.1572255Z dotnet-install: Note that the script does not ensure your Windows version is supported during the installation.
2026-09-30T07:34:02.1577289Z dotnet-install: To check the list of supported versions, go to https://learn.microsoft.com/dotnet/core/install/windows#supported-versions
2026-09-30T07:34:02.1582385Z dotnet-install: Installed version is 10.0.12
2026-09-30T07:34:02.1587798Z dotnet-install: Installation finished
2026-09-30T07:34:02.2140251Z 
2026-09-30T07:34:02.2140903Z Host:
2026-09-30T07:34:02.2141485Z   Version:      10.0.12
2026-09-30T07:34:02.2143756Z   Architecture: arm64
2026-09-30T07:34:02.2144060Z   Commit:       95017c711e
2026-09-30T07:34:02.2144334Z   RID:          win-arm64
2026-09-30T07:34:02.2144572Z 
2026-09-30T07:34:02.2144712Z .NET SDKs installed:
2026-09-30T07:34:02.2144980Z   No SDKs were found.
2026-09-30T07:34:02.2145117Z 
2026-09-30T07:34:02.2145252Z .NET runtimes installed:
2026-09-30T07:34:02.2145716Z   Microsoft.NETCore.App 10.0.12 [__CI_HOME__/work\_temp\litedb-runtime-10-arm64\shared\Microsoft.NETCore.App]
2026-09-30T07:34:02.2146115Z 
2026-09-30T07:34:02.2146231Z Other architectures found:
2026-09-30T07:34:02.2146567Z   x64   [C:\Program Files\dotnet\x64]
2026-09-30T07:34:02.2147002Z     registered at [HKLM\SOFTWARE\dotnet\Setup\InstalledVersions\x64\InstallLocation]
2026-09-30T07:34:02.2147451Z   x86   [C:\Program Files (x86)\dotnet]
2026-09-30T07:34:02.2148614Z     registered at [HKLM\SOFTWARE\dotnet\Setup\InstalledVersions\x86\InstallLocation]
2026-09-30T07:34:02.2149017Z 
2026-09-30T07:34:02.2149548Z Environment variables:
2026-09-30T07:34:02.2150000Z   DOTNET_MULTILEVEL_LOOKUP                 [0]
2026-09-30T07:34:02.2150343Z   DOTNET_NOLOGO                            [1]
2026-09-30T07:34:02.2150752Z   DOTNET_ROOT                              [C:\Program Files\dotnet]
2026-09-30T07:34:02.2151146Z   DOTNET_SKIP_FIRST_TIME_EXPERIENCE        [1]
2026-09-30T07:34:02.2151357Z 
2026-09-30T07:34:02.2151484Z global.json file:
2026-09-30T07:34:02.2151727Z   Not found
2026-09-30T07:34:02.2151855Z 
2026-09-30T07:34:02.2151954Z Learn more:
2026-09-30T07:34:02.2152206Z   https://aka.ms/dotnet/info
2026-09-30T07:34:02.2154340Z 
2026-09-30T07:34:02.2154585Z Download .NET:
2026-09-30T07:34:02.2154856Z   https://aka.ms/dotnet/download
2026-09-30T07:34:13.9714305Z VSTest version 18.7.0 (arm64)
2026-09-30T07:34:13.9741941Z 
2026-09-30T07:34:14.0723833Z Starting test execution, please wait...
2026-09-30T07:34:14.1906601Z A total of 1 test files matched the specified pattern.
2026-09-30T07:35:02.1358677Z [xUnit.net 00:00:47.49]     LiteDB.Tests.Engine.Rebuild_Tests.Rebuild_Change_Culture_Error [SKIP]
2026-09-30T07:35:02.6356399Z   Skipped LiteDB.Tests.Engine.Rebuild_Tests.Rebuild_Change_Culture_Error [1 ms]
2026-09-30T07:37:45.7439769Z [xUnit.net 00:03:31.10]     LiteDB.Tests.Engine.TransactionHandleDisposeSafety_Tests.Disposing_healthy_handle_after_peer_fatal_failure_does_not_repeat_peer_error(password: null) [FAIL]
2026-09-30T07:37:45.8684361Z [xUnit.net 00:03:31.23]     LiteDB.Tests.Engine.TransactionHandleDisposeSafety_Tests.Disposing_healthy_handle_after_peer_fatal_failure_does_not_repeat_peer_error(password: "secret") [FAIL]
2026-09-30T07:37:46.3754302Z   Failed LiteDB.Tests.Engine.TransactionHandleDisposeSafety_Tests.Disposing_healthy_handle_after_peer_fatal_failure_does_not_repeat_peer_error(password: null) [80 ms]
2026-09-30T07:37:46.3755749Z   Error Message:
2026-09-30T07:37:46.3757218Z    System.IO.IOException : The process cannot access the file '__CI_HOME__\AppData\Local\Temp\litedb-9dd765b493534bb58d5e8d2f4449e776.db' because it is being used by another process.
2026-09-30T07:37:46.3758167Z   Stack Trace:
2026-09-30T07:37:46.3758976Z      at System.IO.Strategies.OSFileStreamStrategy..ctor(String path, FileMode mode, FileAccess access, FileShare share, FileOptions options, Int64 preallocationSize, Nullable`1 unixCreateMode)
2026-09-30T07:37:46.3760487Z    at LiteDB.Client.Shared.AdmittedFileStream.Open(String filename, FileMode mode, FileAccess access, FileShare share, Int32 bufferSize, FileOptions options) in __CI_WORKSPACE__\LiteDB\Client\Shared\AdmittedFileStream.cs:line 12
2026-09-30T07:37:46.3762325Z    at LiteDB.Engine.FileStreamFactory.GetStream(Boolean canWrite, Boolean sequencial) in __CI_WORKSPACE__\LiteDB\Engine\Disk\StreamFactory\FileStreamFactory.cs:line 77
2026-09-30T07:37:46.3763265Z    at System.Lazy`1.ViaFactory(LazyThreadSafetyMode mode)
2026-09-30T07:37:46.3763643Z    at System.Lazy`1.CreateValue()
2026-09-30T07:37:46.3764377Z    at LiteDB.Engine.DiskService..ctor(EngineSettings settings, EngineState state, Int32[] memorySegmentSizes) in __CI_WORKSPACE__\LiteDB\Engine\Disk\DiskService.cs:line 93
2026-09-30T07:37:46.3765878Z    at LiteDB.Engine.LiteEngine.Open() in __CI_WORKSPACE__\LiteDB\Engine\LiteEngine.cs:line 128
2026-09-30T07:37:46.3766785Z    at LiteDB.Client.Direct.DirectEnginePool.Entry..ctor(EngineSettings settings, Object slot) in __CI_WORKSPACE__\LiteDB\Client\Direct\DirectEnginePool.cs:line 27
2026-09-30T07:37:46.3767923Z    at LiteDB.Client.Direct.DirectEnginePool.Open(EngineSettings settings) in __CI_WORKSPACE__\LiteDB\Client\Direct\DirectEnginePool.cs:line 145
2026-09-30T07:37:46.3768966Z    at LiteDB.LiteDatabase..ctor(ConnectionString connectionString, BsonMapper mapper) in __CI_WORKSPACE__\LiteDB\Client\Database\LiteDatabase.cs:line 60
2026-09-30T07:37:46.3770241Z    at LiteDB.Tests.Engine.TransactionHandleDisposeSafety_Tests.Verify(ConnectionString settings, Int32[] ids) in __CI_WORKSPACE__\LiteDB.Tests\Engine\TransactionHandleDisposeSafety_Tests.cs:line 202
2026-09-30T07:37:46.3771811Z    at LiteDB.Tests.Engine.TransactionHandleDisposeSafety_Tests.Disposing_healthy_handle_after_peer_fatal_failure_does_not_repeat_peer_error(String password) in __CI_WORKSPACE__\LiteDB.Tests\Engine\TransactionHandleDisposeSafety_Tests.cs:line 150
2026-09-30T07:37:46.3773331Z    at System.RuntimeMethodHandle.InvokeMethod(ObjectHandleOnStack target, Void** arguments, ObjectHandleOnStack sig, BOOL isConstructor, ObjectHandleOnStack result)
2026-09-30T07:37:46.3775307Z    at System.Reflection.MethodBaseInvoker.InvokeDirectByRefWithFewArgs(Object obj, Span`1 copyOfArgs, BindingFlags invokeAttr)
2026-09-30T07:37:46.3776575Z   Failed LiteDB.Tests.Engine.TransactionHandleDisposeSafety_Tests.Disposing_healthy_handle_after_peer_fatal_failure_does_not_repeat_peer_error(password: "secret") [121 ms]
2026-09-30T07:37:46.3777396Z   Error Message:
2026-09-30T07:37:46.3778143Z    System.IO.IOException : The process cannot access the file '__CI_HOME__\AppData\Local\Temp\litedb-c64a0f7533f44d7093bd2740ceafe772.db' because it is being used by another process.
2026-09-30T07:37:46.3779178Z   Stack Trace:
2026-09-30T07:37:46.3779983Z      at System.IO.Strategies.OSFileStreamStrategy..ctor(String path, FileMode mode, FileAccess access, FileShare share, FileOptions options, Int64 preallocationSize, Nullable`1 unixCreateMode)
2026-09-30T07:37:46.3781435Z    at LiteDB.Client.Shared.AdmittedFileStream.Open(String filename, FileMode mode, FileAccess access, FileShare share, Int32 bufferSize, FileOptions options) in __CI_WORKSPACE__\LiteDB\Client\Shared\AdmittedFileStream.cs:line 12
2026-09-30T07:37:46.3782834Z    at LiteDB.Engine.FileStreamFactory.GetStream(Boolean canWrite, Boolean sequencial) in __CI_WORKSPACE__\LiteDB\Engine\Disk\StreamFactory\FileStreamFactory.cs:line 77
2026-09-30T07:37:46.3783652Z    at System.Lazy`1.ViaFactory(LazyThreadSafetyMode mode)
2026-09-30T07:37:46.3784026Z    at System.Lazy`1.CreateValue()
2026-09-30T07:37:46.3785153Z    at LiteDB.Engine.DiskService..ctor(EngineSettings settings, EngineState state, Int32[] memorySegmentSizes) in __CI_WORKSPACE__\LiteDB\Engine\Disk\DiskService.cs:line 93
2026-09-30T07:37:46.3786135Z    at LiteDB.Engine.LiteEngine.Open() in __CI_WORKSPACE__\LiteDB\Engine\LiteEngine.cs:line 128
2026-09-30T07:37:46.3787056Z    at LiteDB.Client.Direct.DirectEnginePool.Entry..ctor(EngineSettings settings, Object slot) in __CI_WORKSPACE__\LiteDB\Client\Direct\DirectEnginePool.cs:line 27
2026-09-30T07:37:46.3788149Z    at LiteDB.Client.Direct.DirectEnginePool.Open(EngineSettings settings) in __CI_WORKSPACE__\LiteDB\Client\Direct\DirectEnginePool.cs:line 145
2026-09-30T07:37:46.3789227Z    at LiteDB.LiteDatabase..ctor(ConnectionString connectionString, BsonMapper mapper) in __CI_WORKSPACE__\LiteDB\Client\Database\LiteDatabase.cs:line 60
2026-09-30T07:37:46.3790459Z    at LiteDB.Tests.Engine.TransactionHandleDisposeSafety_Tests.Verify(ConnectionString settings, Int32[] ids) in __CI_WORKSPACE__\LiteDB.Tests\Engine\TransactionHandleDisposeSafety_Tests.cs:line 202
2026-09-30T07:37:46.3792323Z    at LiteDB.Tests.Engine.TransactionHandleDisposeSafety_Tests.Disposing_healthy_handle_after_peer_fatal_failure_does_not_repeat_peer_error(String password) in __CI_WORKSPACE__\LiteDB.Tests\Engine\TransactionHandleDisposeSafety_Tests.cs:line 150
2026-09-30T07:37:46.3793746Z    at InvokeStub_TransactionHandleDisposeSafety_Tests.Disposing_healthy_handle_after_peer_fatal_failure_does_not_repeat_peer_error(Object, Span`1)
2026-09-30T07:37:46.3794810Z    at System.Reflection.MethodBaseInvoker.InvokeWithOneArg(Object obj, BindingFlags invokeAttr, Binder binder, Object[] parameters, CultureInfo culture)
2026-09-30T07:38:11.3602359Z Results File: __CI_WORKSPACE__\LiteDB.Tests\TestResults\NativeAdmission-arm64.trx
2026-09-30T07:38:11.3606451Z 
2026-09-30T07:38:11.3655217Z Failed!  - Failed:     2, Passed:   603, Skipped:     1, Total:   606, Duration: 3 m 55 s - LiteDB.Tests.dll (net10.0)
2026-09-30T07:38:11.4846283Z ##[error]Process completed with exit code 1.
2026-09-30T07:38:11.5379559Z ##[group]Run actions/upload-artifact@v4
2026-09-30T07:38:11.5380231Z with:
2026-09-30T07:38:11.5380521Z   name: test-results-test-native-windows-arm64-1
2026-09-30T07:38:11.5381563Z   path: LiteDB.Tests/TestResults/*.trx
LiteDB.Tests/TestResults/evidence-leg.json
LiteDB.Tests/TestResults/discovered-tests.txt
artifacts_temp/graph-retention-contract/

2026-09-30T07:38:11.5382326Z   if-no-files-found: warn
2026-09-30T07:38:11.5382630Z   compression-level: 6
2026-09-30T07:38:11.5382902Z   overwrite: false
2026-09-30T07:38:11.5383157Z   include-hidden-files: false
2026-09-30T07:38:11.5383441Z env:
2026-09-30T07:38:11.5383838Z   LITEDB_RETAINED_FIXTURES: __CI_WORKSPACE__/LiteDB.Tests/TestResults/retained-fixtures
2026-09-30T07:38:11.5384313Z   DOTNET_ROOT: C:\Program Files\dotnet
2026-09-30T07:38:11.5384622Z ##[endgroup]
2026-09-30T07:38:11.8071175Z (node:10536) [DEP0040] DeprecationWarning: The `punycode` module is deprecated. Please use a userland alternative instead.
2026-09-30T07:38:11.8072141Z (Use `node --trace-deprecation ...` to show where the warning was created)
2026-09-30T07:38:11.8200902Z Multiple search paths detected. Calculating the least common ancestor of all paths
2026-09-30T07:38:11.8203074Z The least common ancestor is __CI_HOME__/work\LiteDB\LiteDB. This will be the root directory of the artifact
2026-09-30T07:38:11.8203751Z With the provided path, there will be 3 files uploaded
2026-09-30T07:38:11.8208908Z Artifact name is valid!
2026-09-30T07:38:11.8211909Z Root directory input is valid!
2026-09-30T07:38:12.1117338Z Beginning upload of artifact content to blob storage
2026-09-30T07:38:12.1493998Z (node:10536) [DEP0169] DeprecationWarning: `url.parse()` behavior is not standardized and prone to errors that have security implications. Use the WHATWG URL API instead. CVEs are not issued for `url.parse()` vulnerabilities.
2026-09-30T07:38:12.3739937Z Uploaded bytes 162701
2026-09-30T07:38:12.4161430Z Finished uploading artifact content to blob storage!
2026-09-30T07:38:12.4164914Z SHA256 digest of uploaded artifact zip is d4804adb1ec3bf5884a09f5a24ca2d395476edd03ad207883452328d8bb81d70
2026-09-30T07:38:12.4167006Z Finalizing artifact upload
2026-09-30T07:38:12.6497800Z Artifact test-results-test-native-windows-arm64-1.zip successfully finalized. Artifact ID 11083057310
2026-09-30T07:38:12.6498911Z Artifact test-results-test-native-windows-arm64-1 has been successfully uploaded! Final size is 162701 bytes. Artifact ID is 11083057310
2026-09-30T07:38:12.6512642Z Artifact download URL: https://github.com/JKamsker/LiteDB/actions/runs/36683990521/artifacts/11083057310
2026-09-30T07:38:12.6928227Z Prepare all required actions
2026-09-30T07:38:12.6929270Z Getting action download info
2026-09-30T07:38:12.8866786Z ##[group]Run ./.github/actions/retained-fixtures
2026-09-30T07:38:12.8867208Z env:
2026-09-30T07:38:12.8867598Z   LITEDB_RETAINED_FIXTURES: __CI_WORKSPACE__/LiteDB.Tests/TestResults/retained-fixtures
2026-09-30T07:38:12.8868460Z   DOTNET_ROOT: C:\Program Files\dotnet
2026-09-30T07:38:12.8868766Z ##[endgroup]
2026-09-30T07:38:12.8929868Z ##[start-action display=Collect retained fixtures;id=__self.__run]
2026-09-30T07:38:12.9104001Z ##[group]Run if [ "$RUNNER_OS" = "Windows" ]; then retained_python=python; else retained_python=python3; fi
2026-09-30T07:38:12.9104739Z [36;1mif [ "$RUNNER_OS" = "Windows" ]; then retained_python=python; else retained_python=python3; fi[0m
2026-09-30T07:38:12.9105421Z [36;1m"$retained_python" scripts/collect-retained-fixtures.py "$LITEDB_RETAINED_FIXTURES"[0m
2026-09-30T07:38:12.9123152Z shell: C:\Program Files\Git\bin\bash.EXE --noprofile --norc -e -o pipefail {0}
2026-09-30T07:38:12.9123658Z env:
2026-09-30T07:38:12.9124052Z   LITEDB_RETAINED_FIXTURES: __CI_WORKSPACE__/LiteDB.Tests/TestResults/retained-fixtures
2026-09-30T07:38:12.9124555Z   DOTNET_ROOT: C:\Program Files\dotnet
2026-09-30T07:38:12.9124869Z ##[endgroup]
2026-09-30T07:38:13.6797226Z ##[end-action id=__self.__run;outcome=success;conclusion=success;duration_ms=786]
2026-09-30T07:38:13.6800932Z ##[start-action display=Upload fixture manifests and copies;id=__self.__actions_upload-artifact]
2026-09-30T07:38:13.7018984Z ##[group]Run actions/upload-artifact@v4
2026-09-30T07:38:13.7019297Z with:
2026-09-30T07:38:13.7019637Z   name: retained-fixtures-test-native-windows-arm64-1
2026-09-30T07:38:13.7020087Z   path: __CI_WORKSPACE__/LiteDB.Tests/TestResults/retained-fixtures/
2026-09-30T07:38:13.7020572Z   if-no-files-found: ignore
2026-09-30T07:38:13.7020843Z   retention-days: 14
2026-09-30T07:38:13.7021095Z   compression-level: 6
2026-09-30T07:38:13.7021400Z   overwrite: false
2026-09-30T07:38:13.7021647Z   include-hidden-files: false
2026-09-30T07:38:13.7021971Z env:
2026-09-30T07:38:13.7022342Z   LITEDB_RETAINED_FIXTURES: __CI_WORKSPACE__/LiteDB.Tests/TestResults/retained-fixtures
2026-09-30T07:38:13.7022832Z   DOTNET_ROOT: C:\Program Files\dotnet
2026-09-30T07:38:13.7023155Z ##[endgroup]
2026-09-30T07:38:13.9639738Z (node:10120) [DEP0040] DeprecationWarning: The `punycode` module is deprecated. Please use a userland alternative instead.
2026-09-30T07:38:13.9645457Z (Use `node --trace-deprecation ...` to show where the warning was created)
2026-09-30T07:38:13.9706442Z No files were found with the provided path: __CI_WORKSPACE__/LiteDB.Tests/TestResults/retained-fixtures/. No artifacts will be uploaded.
2026-09-30T07:38:13.9859626Z ##[end-action id=__self.__actions_upload-artifact;outcome=success;conclusion=success;duration_ms=305]
2026-09-30T07:38:14.0196510Z Post job cleanup.
2026-09-30T07:38:14.3028304Z [command]"C:\Program Files\Git\bin\git.exe" version
2026-09-30T07:38:14.3491431Z git version 2.55.0.windows.5
2026-09-30T07:38:14.3581167Z Temporarily overriding HOME='__CI_HOME__/work\_temp\ba822ffc-4d2e-4504-b60f-47030dbee0f3' before making global git config changes
2026-09-30T07:38:14.3582077Z Adding repository directory to the temporary git global config as a safe directory
2026-09-30T07:38:14.3591184Z [command]"C:\Program Files\Git\bin\git.exe" config --global --add safe.directory __CI_WORKSPACE__
2026-09-30T07:38:14.4103647Z [command]"C:\Program Files\Git\bin\git.exe" config --local --name-only --get-regexp core\.sshCommand
2026-09-30T07:38:14.4597739Z [command]"C:\Program Files\Git\bin\git.exe" submodule foreach --recursive "sh -c \"git config --local --name-only --get-regexp 'core\.sshCommand' && git config --local --unset-all 'core.sshCommand' || :\""
2026-09-30T07:38:15.5496756Z [command]"C:\Program Files\Git\bin\git.exe" config --local --name-only --get-regexp http\.https\:\/\/github\.com\/\.extraheader
2026-09-30T07:38:15.5927207Z http.https://github.com/.extraheader
2026-09-30T07:38:15.5981492Z [command]"C:\Program Files\Git\bin\git.exe" config --local --unset-all http.https://github.com/.extraheader
2026-09-30T07:38:15.6477346Z [command]"C:\Program Files\Git\bin\git.exe" submodule foreach --recursive "sh -c \"git config --local --name-only --get-regexp 'http\.https\:\/\/github\.com\/\.extraheader' && git config --local --unset-all 'http.https://github.com/.extraheader' || :\""
2026-09-30T07:38:16.7162462Z [command]"C:\Program Files\Git\bin\git.exe" config --local --name-only --get-regexp ^includeIf\.gitdir:
2026-09-30T07:38:16.7653118Z [command]"C:\Program Files\Git\bin\git.exe" submodule foreach --recursive "git config --local --show-origin --name-only --get-regexp remote.origin.url"
2026-09-30T07:38:17.8986741Z Cleaning up orphan processes
2026-09-30T07:38:17.9655407Z ##[warning]Node.js 20 is deprecated. The following actions target Node.js 20 but are being forced to run on Node.js 24: actions/checkout@v4, actions/download-artifact@v4, actions/setup-dotnet@v4, actions/upload-artifact@v4. For more information see: https://github.blog/changelog/2025-09-19-deprecation-of-node-20-on-github-actions-runners/
