upstream-direct-ordinary-read-1-0-0-dev: 91309.1 ops/s, verified
upstream-direct-ordinary-read-1-0-1-parent: 79745.0 ops/s, verified
upstream-direct-ordinary-read-1-0-2-final: 78530.0 ops/s, verified
upstream-direct-ordinary-read-1-1-0-final: 78766.7 ops/s, verified
upstream-direct-ordinary-read-1-1-1-parent: 85514.4 ops/s, verified
upstream-direct-ordinary-read-1-1-2-dev: 88160.3 ops/s, verified
upstream-direct-ordinary-read-1-2-0-dev: 92460.4 ops/s, verified
upstream-direct-ordinary-read-1-2-1-parent: 90591.5 ops/s, verified
upstream-direct-ordinary-read-1-2-2-final: 81483.7 ops/s, verified
upstream-direct-ordinary-read-1-3-0-final: 77443.0 ops/s, verified
upstream-direct-ordinary-read-1-3-1-parent: 87177.9 ops/s, verified
upstream-direct-ordinary-read-1-3-2-dev: 91343.3 ops/s, verified
upstream-direct-legacy-read-1-0-0-dev: 94577.3 ops/s, verified
upstream-direct-legacy-read-1-0-1-parent: 88007.0 ops/s, verified
upstream-direct-legacy-read-1-0-2-final: 73667.6 ops/s, verified
upstream-direct-legacy-read-1-1-0-final: 72475.4 ops/s, verified
upstream-direct-legacy-read-1-1-1-parent: 87867.0 ops/s, verified
upstream-direct-legacy-read-1-1-2-dev: 87717.1 ops/s, verified
upstream-direct-legacy-read-1-2-0-dev: 97030.5 ops/s, verified
upstream-direct-legacy-read-1-2-1-parent: 85302.6 ops/s, verified
upstream-direct-legacy-read-1-2-2-final: 74299.8 ops/s, verified
upstream-direct-legacy-read-1-3-0-final: 68978.1 ops/s, verified
upstream-direct-legacy-read-1-3-1-parent: 86110.9 ops/s, verified
upstream-direct-legacy-read-1-3-2-dev: 93988.7 ops/s, verified
upstream-direct-ordinary-open-1-0-0-dev: 7075.0 ops/s, verified
upstream-direct-ordinary-open-1-0-1-parent: 16248.3 ops/s, verified
upstream-direct-ordinary-open-1-0-2-final: 11354.5 ops/s, verified
upstream-direct-ordinary-open-1-1-0-final: 11201.4 ops/s, verified
upstream-direct-ordinary-open-1-1-1-parent: 16501.5 ops/s, verified
upstream-direct-ordinary-open-1-1-2-dev: 7215.0 ops/s, verified
upstream-direct-ordinary-open-1-2-0-dev: 7110.9 ops/s, verified
upstream-direct-ordinary-open-1-2-1-parent: 16820.0 ops/s, verified
upstream-direct-ordinary-open-1-2-2-final: 10866.1 ops/s, verified
upstream-direct-ordinary-open-1-3-0-final: 10959.4 ops/s, verified
upstream-direct-ordinary-open-1-3-1-parent: 16767.9 ops/s, verified
upstream-direct-ordinary-open-1-3-2-dev: 7151.7 ops/s, verified
upstream-shared-ordinary-read-1-0-0-dev: 53188.2 ops/s, verified
upstream-shared-ordinary-read-1-0-1-parent: 53171.0 ops/s, verified
upstream-shared-ordinary-read-1-0-2-final: 46270.0 ops/s, verified
upstream-shared-ordinary-read-1-1-0-final: 48687.4 ops/s, verified
upstream-shared-ordinary-read-1-1-1-parent: 51451.8 ops/s, verified
upstream-shared-ordinary-read-1-1-2-dev: 50942.9 ops/s, verified
upstream-shared-ordinary-read-1-2-0-dev: 49733.2 ops/s, verified
upstream-shared-ordinary-read-1-2-1-parent: 52810.3 ops/s, verified
upstream-shared-ordinary-read-1-2-2-final: 47410.1 ops/s, verified
upstream-shared-ordinary-read-1-3-0-final: 46988.7 ops/s, verified
upstream-shared-ordinary-read-1-3-1-parent: 52291.3 ops/s, verified
upstream-shared-ordinary-read-1-3-2-dev: 53123.1 ops/s, verified
upstream-shared-legacy-read-1-0-0-dev: 8355.2 ops/s, verified
upstream-shared-legacy-read-1-0-1-parent: 8012.4 ops/s, verified
upstream-shared-legacy-read-1-0-2-final: 7667.7 ops/s, verified
upstream-shared-legacy-read-1-1-0-final: 7574.3 ops/s, verified
upstream-shared-legacy-read-1-1-1-parent: 7993.4 ops/s, verified
upstream-shared-legacy-read-1-1-2-dev: 8306.7 ops/s, verified
upstream-shared-legacy-read-1-2-0-dev: 8339.8 ops/s, verified
upstream-shared-legacy-read-1-2-1-parent: 8104.5 ops/s, verified
upstream-shared-legacy-read-1-2-2-final: 7799.6 ops/s, verified
upstream-shared-legacy-read-1-3-0-final: 7624.0 ops/s, verified
upstream-shared-legacy-read-1-3-1-parent: 7891.6 ops/s, verified
upstream-shared-legacy-read-1-3-2-dev: 8411.5 ops/s, verified
