  Determining projects to restore...
<checkout>/LiteDB/LiteDB.csproj : warning NU1510: PackageReference System.ComponentModel.TypeConverter will not be pruned. This package is automatically available and does not need to be referenced explicitly. Remove the PackageReference item. [<checkout>/tools/IndexMigrationRecovery/IndexMigrationRecovery.csproj]
  All projects are up-to-date for restore.
<checkout>/LiteDB/LiteDB.csproj : warning NU1510: PackageReference System.ComponentModel.TypeConverter will not be pruned. This package is automatically available and does not need to be referenced explicitly. Remove the PackageReference item. [TargetFramework=net8.0]
  LiteDB -> <checkout>/LiteDB/bin/Release/net8.0/LiteDB.dll
  IndexMigrationRecovery -> <checkout>/tools/IndexMigrationRecovery/bin/Release/net8.0/IndexMigrationRecovery.dll

Build succeeded.

<checkout>/LiteDB/LiteDB.csproj : warning NU1510: PackageReference System.ComponentModel.TypeConverter will not be pruned. This package is automatically available and does not need to be referenced explicitly. Remove the PackageReference item. [<checkout>/tools/IndexMigrationRecovery/IndexMigrationRecovery.csproj]
<checkout>/LiteDB/LiteDB.csproj : warning NU1510: PackageReference System.ComponentModel.TypeConverter will not be pruned. This package is automatically available and does not need to be referenced explicitly. Remove the PackageReference item. [TargetFramework=net8.0]
    2 Warning(s)
    0 Error(s)

Time Elapsed 00:00:01.47
PASS plain: crash during promotion
PASS plain: crash during wal
PASS plain: crash during commit
PASS plain: crash during checkpoint
PASS plain: io during promotion
PASS plain: io during wal
PASS plain: io during commit
PASS plain: io during checkpoint
PASS encrypted: crash during promotion
PASS encrypted: crash during wal
PASS encrypted: crash during commit
PASS encrypted: crash during checkpoint
PASS encrypted: io during promotion
PASS encrypted: io during wal
PASS encrypted: io during commit
PASS encrypted: io during checkpoint
