  Determining projects to restore...
<checkout>/LiteDB/LiteDB.csproj : warning NU1510: PackageReference System.ComponentModel.TypeConverter will not be pruned. This package is automatically available and does not need to be referenced explicitly. Remove the PackageReference item. [<checkout>/tools/ReleaseCompatibility/Current/Current.csproj]
  All projects are up-to-date for restore.
<checkout>/LiteDB/LiteDB.csproj : warning NU1510: PackageReference System.ComponentModel.TypeConverter will not be pruned. This package is automatically available and does not need to be referenced explicitly. Remove the PackageReference item. [TargetFramework=net8.0]
  LiteDB -> <checkout>/LiteDB/bin/Release/net8.0/LiteDB.dll
  Current -> <checkout>/tools/ReleaseCompatibility/Current/bin/Release/net8.0/Current.dll

Build succeeded.

<checkout>/LiteDB/LiteDB.csproj : warning NU1510: PackageReference System.ComponentModel.TypeConverter will not be pruned. This package is automatically available and does not need to be referenced explicitly. Remove the PackageReference item. [<checkout>/tools/ReleaseCompatibility/Current/Current.csproj]
<checkout>/LiteDB/LiteDB.csproj : warning NU1510: PackageReference System.ComponentModel.TypeConverter will not be pruned. This package is automatically available and does not need to be referenced explicitly. Remove the PackageReference item. [TargetFramework=net8.0]
    2 Warning(s)
    0 Error(s)

Time Elapsed 00:00:01.50
PASS 4.0.0 plain: payloads, indexes, direct writes, rollback, repeated reopen
PASS 4.0.0 encrypted: payloads, indexes, direct writes, rollback, repeated reopen
PASS 4.1.0 plain: payloads, indexes, direct writes, rollback, repeated reopen
PASS 4.1.0 encrypted: payloads, indexes, direct writes, rollback, repeated reopen
PASS 4.1.1 plain: payloads, indexes, direct writes, rollback, repeated reopen
PASS 4.1.1 encrypted: payloads, indexes, direct writes, rollback, repeated reopen
PASS 4.1.2 plain: payloads, indexes, direct writes, rollback, repeated reopen
PASS 4.1.2 encrypted: payloads, indexes, direct writes, rollback, repeated reopen
PASS 4.1.3 plain: payloads, indexes, direct writes, rollback, repeated reopen
PASS 4.1.3 encrypted: payloads, indexes, direct writes, rollback, repeated reopen
PASS 4.1.4 plain: payloads, indexes, direct writes, rollback, repeated reopen
PASS 4.1.4 encrypted: payloads, indexes, direct writes, rollback, repeated reopen
PASS 5.0.0 plain: payloads, indexes, direct writes, rollback, repeated reopen
PASS 5.0.0 encrypted: payloads, indexes, direct writes, rollback, repeated reopen
PASS 5.0.1 plain: payloads, indexes, direct writes, rollback, repeated reopen
PASS 5.0.1 encrypted: payloads, indexes, direct writes, rollback, repeated reopen
PASS 5.0.2 plain: payloads, indexes, direct writes, rollback, repeated reopen
PASS 5.0.2 encrypted: payloads, indexes, direct writes, rollback, repeated reopen
PASS 5.0.3 plain: payloads, indexes, direct writes, rollback, repeated reopen
PASS 5.0.3 encrypted: payloads, indexes, direct writes, rollback, repeated reopen
PASS 5.0.4 plain: payloads, indexes, direct writes, rollback, repeated reopen
PASS 5.0.4 encrypted: payloads, indexes, direct writes, rollback, repeated reopen
PASS 5.0.5 plain: payloads, indexes, direct writes, rollback, repeated reopen
PASS 5.0.5 encrypted: payloads, indexes, direct writes, rollback, repeated reopen
PASS 5.0.6 plain: payloads, indexes, direct writes, rollback, repeated reopen
PASS 5.0.6 encrypted: payloads, indexes, direct writes, rollback, repeated reopen
PASS 5.0.7 plain: payloads, indexes, direct writes, rollback, repeated reopen
PASS 5.0.7 encrypted: payloads, indexes, direct writes, rollback, repeated reopen
PASS 5.0.8 plain: payloads, indexes, direct writes, rollback, repeated reopen
PASS 5.0.8 encrypted: payloads, indexes, direct writes, rollback, repeated reopen
PASS 5.0.9 plain: payloads, indexes, direct writes, rollback, repeated reopen
PASS 5.0.9 encrypted: payloads, indexes, direct writes, rollback, repeated reopen
PASS 5.0.10 plain: payloads, indexes, direct writes, rollback, repeated reopen
PASS 5.0.10 encrypted: payloads, indexes, direct writes, rollback, repeated reopen
PASS 5.0.11 plain: payloads, indexes, direct writes, rollback, repeated reopen
PASS 5.0.11 encrypted: payloads, indexes, direct writes, rollback, repeated reopen
PASS 5.0.12 plain: payloads, indexes, direct writes, rollback, repeated reopen
PASS 5.0.12 encrypted: payloads, indexes, direct writes, rollback, repeated reopen
PASS 5.0.13 plain: payloads, indexes, direct writes, rollback, repeated reopen
PASS 5.0.13 encrypted: payloads, indexes, direct writes, rollback, repeated reopen
PASS 5.0.14 plain: payloads, indexes, direct writes, rollback, repeated reopen
PASS 5.0.14 encrypted: payloads, indexes, direct writes, rollback, repeated reopen
PASS 5.0.15 plain: payloads, indexes, direct writes, rollback, repeated reopen
PASS 5.0.15 encrypted: payloads, indexes, direct writes, rollback, repeated reopen
PASS 5.0.16 plain: payloads, indexes, direct writes, rollback, repeated reopen
PASS 5.0.16 encrypted: payloads, indexes, direct writes, rollback, repeated reopen
PASS 5.0.17 plain: payloads, indexes, direct writes, rollback, repeated reopen
PASS 5.0.17 encrypted: payloads, indexes, direct writes, rollback, repeated reopen
PASS 5.0.18 plain: payloads, indexes, direct writes, rollback, repeated reopen
PASS 5.0.18 encrypted: payloads, indexes, direct writes, rollback, repeated reopen
PASS 5.0.19 plain: payloads, indexes, direct writes, rollback, repeated reopen
PASS 5.0.19 encrypted: payloads, indexes, direct writes, rollback, repeated reopen
PASS 5.0.20 plain: payloads, indexes, direct writes, rollback, repeated reopen
PASS 5.0.20 encrypted: payloads, indexes, direct writes, rollback, repeated reopen
PASS 5.0.21 plain: payloads, indexes, direct writes, rollback, repeated reopen
PASS 5.0.21 encrypted: payloads, indexes, direct writes, rollback, repeated reopen
Expected corruption: Damaged document in collection 'directories' at 0449:07 during index validation: BSON type not supported
PASS issue #3022 real damaged file: 6824 recovered documents, 6 reported errors
PASS: all 56 released-writer databases
