<?xml version="1.0" encoding="utf-8"?>
<TestRun id="3a323de9-3647-4a10-9880-f7caec77e066" name="@dev-build-server 2026-09-30 10:13:52" xmlns="http://microsoft.com/schemas/VisualStudio/TeamTest/2010">
  <Times creation="2026-09-30T10:13:52.9334687+00:00" queuing="2026-09-30T10:13:52.9334688+00:00" start="2026-09-30T10:13:49.8823155+00:00" finish="2026-09-30T10:13:59.9963462+00:00" />
  <TestSettings name="default" id="28fb613a-fd15-44d3-922d-c1c7fbe055f1">
    <Deployment runDeploymentRoot="_dev-build-server_2026-09-30_10_13_52" />
  </TestSettings>
  <Results>
    <UnitTestResult executionId="99d9310d-1566-4843-828f-c541a760bd7f" testId="75375815-efa8-5c4a-a3bc-3ae27d084d3d" testName="LiteDB.Tests.Engine.TransactionHandleBinding_Tests.Mapping_is_inside_the_same_handle_overlap_guard" computerName="dev-build-server" duration="00:00:00.0648288" startTime="2026-09-30T10:13:52.8538385+00:00" endTime="2026-09-30T10:13:52.8538386+00:00" testType="13cdc9d9-ddb5-4fa4-a97d-d965ccfc6d4b" outcome="Passed" testListId="8c84fa94-04c1-424b-9868-57a2d4851a1d" relativeResultsDirectory="99d9310d-1566-4843-828f-c541a760bd7f" />
    <UnitTestResult executionId="ff91b137-1dab-45a9-b07b-247d899868df" testId="0fbe09ee-6ef4-0204-dbab-c19671e7612e" testName="LiteDB.Tests.Engine.TransactionHandleCommitPrecondition_Tests.Open_cursor_commit_refusal_keeps_handle_active_and_completion_releases_locks(shared: True, rollback: True)" computerName="dev-build-server" duration="00:00:01.3062525" startTime="2026-09-30T10:13:58.5547127+00:00" endTime="2026-09-30T10:13:58.5547128+00:00" testType="13cdc9d9-ddb5-4fa4-a97d-d965ccfc6d4b" outcome="Passed" testListId="8c84fa94-04c1-424b-9868-57a2d4851a1d" relativeResultsDirectory="ff91b137-1dab-45a9-b07b-247d899868df" />
    <UnitTestResult executionId="07917ce0-8943-4939-8f21-224353dc99a2" testId="448bb9c1-c865-e426-85bb-022b708ca15d" testName="LiteDB.Tests.Engine.TransactionHandleRawEngine_Tests.Uncaught_raw_reentry_aborts_statement_and_cannot_escape_to_autocommit" computerName="dev-build-server" duration="00:00:00.0389857" startTime="2026-09-30T10:13:52.0828118+00:00" endTime="2026-09-30T10:13:52.0828120+00:00" testType="13cdc9d9-ddb5-4fa4-a97d-d965ccfc6d4b" outcome="Passed" testListId="8c84fa94-04c1-424b-9868-57a2d4851a1d" relativeResultsDirectory="07917ce0-8943-4939-8f21-224353dc99a2" />
    <UnitTestResult executionId="364c1129-786c-4b36-88e0-a10591413d4a" testId="fe93b000-1a6a-a3b7-5ef2-8b3af7c7d014" testName="LiteDB.Tests.Engine.TransactionHandleBinding_Tests.Unsupported_external_query_output_does_not_abort_prior_writes" computerName="dev-build-server" duration="00:00:00.0522954" startTime="2026-09-30T10:13:52.9071572+00:00" endTime="2026-09-30T10:13:52.9071573+00:00" testType="13cdc9d9-ddb5-4fa4-a97d-d965ccfc6d4b" outcome="Passed" testListId="8c84fa94-04c1-424b-9868-57a2d4851a1d" relativeResultsDirectory="364c1129-786c-4b36-88e0-a10591413d4a" />
    <UnitTestResult executionId="035f42f9-2164-4a87-89b9-bf45f5030544" testId="031a904a-f0a2-7425-f3eb-8cc2eb84f27a" testName="LiteDB.Tests.Engine.TransactionHandleCommitPrecondition_Tests.Open_cursor_commit_refusal_keeps_handle_active_and_completion_releases_locks(shared: False, rollback: True)" computerName="dev-build-server" duration="00:00:00.0530362" startTime="2026-09-30T10:13:59.9188292+00:00" endTime="2026-09-30T10:13:59.9188297+00:00" testType="13cdc9d9-ddb5-4fa4-a97d-d965ccfc6d4b" outcome="Passed" testListId="8c84fa94-04c1-424b-9868-57a2d4851a1d" relativeResultsDirectory="035f42f9-2164-4a87-89b9-bf45f5030544" />
    <UnitTestResult executionId="2e543708-6e26-40d0-bdfc-473dec09c41b" testId="9cc5c958-9e1e-159c-dd31-82968aa5547e" testName="LiteDB.Tests.Engine.TransactionHandle_Tests.Overlap_is_rejected_without_aborting_active_work_and_close_drains_it" computerName="dev-build-server" duration="00:00:00.1456353" startTime="2026-09-30T10:13:56.5059254+00:00" endTime="2026-09-30T10:13:56.5059255+00:00" testType="13cdc9d9-ddb5-4fa4-a97d-d965ccfc6d4b" outcome="Passed" testListId="8c84fa94-04c1-424b-9868-57a2d4851a1d" relativeResultsDirectory="2e543708-6e26-40d0-bdfc-473dec09c41b" />
    <UnitTestResult executionId="616e5ad5-034f-45ae-868a-f904bf101c64" testId="9db67412-541a-9319-b440-85dbd319e0b3" testName="LiteDB.Tests.Engine.TransactionHandleBinding_Tests.Bound_indexes_queries_and_deferred_objects_preserve_their_owner(shared: False)" computerName="dev-build-server" duration="00:00:00.0871668" startTime="2026-09-30T10:13:53.0064992+00:00" endTime="2026-09-30T10:13:53.0064992+00:00" testType="13cdc9d9-ddb5-4fa4-a97d-d965ccfc6d4b" outcome="Passed" testListId="8c84fa94-04c1-424b-9868-57a2d4851a1d" relativeResultsDirectory="616e5ad5-034f-45ae-868a-f904bf101c64" />
    <UnitTestResult executionId="125d7fd9-8ade-4348-a4d5-fe697db0afda" testId="04abdbad-d3b3-e47b-6fed-073fa64f4f0e" testName="LiteDB.Tests.Engine.TransactionHandleCallbackLock_Tests.Same_collection_callback_refuses_self_wait_without_enlisting_independent_work(password: &quot;secret&quot;, handoff: False)" computerName="dev-build-server" duration="00:00:00.1540221" startTime="2026-09-30T10:13:56.8990408+00:00" endTime="2026-09-30T10:13:56.8990408+00:00" testType="13cdc9d9-ddb5-4fa4-a97d-d965ccfc6d4b" outcome="Passed" testListId="8c84fa94-04c1-424b-9868-57a2d4851a1d" relativeResultsDirectory="125d7fd9-8ade-4348-a4d5-fe697db0afda" />
    <UnitTestResult executionId="9697ee34-244c-414e-8c95-fe853bead8cc" testId="9969ef77-deb6-16c8-246e-cc6cfe417b0d" testName="LiteDB.Tests.Engine.TransactionHandleBinding_Tests.Bound_indexes_queries_and_deferred_objects_preserve_their_owner(shared: True)" computerName="dev-build-server" duration="00:00:00.0425862" startTime="2026-09-30T10:13:53.0492258+00:00" endTime="2026-09-30T10:13:53.0492259+00:00" testType="13cdc9d9-ddb5-4fa4-a97d-d965ccfc6d4b" outcome="Passed" testListId="8c84fa94-04c1-424b-9868-57a2d4851a1d" relativeResultsDirectory="9697ee34-244c-414e-8c95-fe853bead8cc" />
    <UnitTestResult executionId="39ca5985-f3ce-480f-8ae4-27b96fe6d7a6" testId="1c2ba2ed-23ef-b44f-b40b-1c8ab794fef9" testName="LiteDB.Tests.Engine.TransactionHandle_Tests.Handles_and_ordinary_calls_do_not_enlist_in_each_other" computerName="dev-build-server" duration="00:00:00.0491814" startTime="2026-09-30T10:13:56.3597141+00:00" endTime="2026-09-30T10:13:56.3597142+00:00" testType="13cdc9d9-ddb5-4fa4-a97d-d965ccfc6d4b" outcome="Passed" testListId="8c84fa94-04c1-424b-9868-57a2d4851a1d" relativeResultsDirectory="39ca5985-f3ce-480f-8ae4-27b96fe6d7a6" />
    <UnitTestResult executionId="8e9192f4-aafa-4052-9367-3205265c0fad" testId="e0ebe5cf-8efb-507d-8a86-49a35235f031" testName="LiteDB.Tests.Engine.TransactionHandleCallbackLock_Tests.Original_thread_may_wait_for_idle_handle_completed_by_another_thread(password: null)" computerName="dev-build-server" duration="00:00:00.0812722" startTime="2026-09-30T10:13:56.7448482+00:00" endTime="2026-09-30T10:13:56.7448483+00:00" testType="13cdc9d9-ddb5-4fa4-a97d-d965ccfc6d4b" outcome="Passed" testListId="8c84fa94-04c1-424b-9868-57a2d4851a1d" relativeResultsDirectory="8e9192f4-aafa-4052-9367-3205265c0fad" />
    <UnitTestResult executionId="c8de6514-9789-4a69-9003-7a469244f7c5" testId="01f83025-1def-1b28-7022-7666cd0cf50e" testName="LiteDB.Tests.Engine.TransactionHandle_Tests.Unbound_calls_inside_bound_input_do_not_join_and_statement_failure_is_terminal" computerName="dev-build-server" duration="00:00:00.0412768" startTime="2026-09-30T10:13:53.0931937+00:00" endTime="2026-09-30T10:13:53.0931938+00:00" testType="13cdc9d9-ddb5-4fa4-a97d-d965ccfc6d4b" outcome="Passed" testListId="8c84fa94-04c1-424b-9868-57a2d4851a1d" relativeResultsDirectory="c8de6514-9789-4a69-9003-7a469244f7c5" />
    <UnitTestResult executionId="cf25602e-4653-4fc8-bf56-cdb5a58b09de" testId="874817e1-daa1-dc9e-1429-4b2367529f20" testName="LiteDB.Tests.Engine.TransactionHandleRawEngine_Tests.Raw_engine_reentry_from_mapping_or_bulk_input_cannot_complete_the_handle(bulk: False)" computerName="dev-build-server" duration="00:00:00.0473011" startTime="2026-09-30T10:13:52.0431720+00:00" endTime="2026-09-30T10:13:52.0431720+00:00" testType="13cdc9d9-ddb5-4fa4-a97d-d965ccfc6d4b" outcome="Passed" testListId="8c84fa94-04c1-424b-9868-57a2d4851a1d" relativeResultsDirectory="cf25602e-4653-4fc8-bf56-cdb5a58b09de" />
    <UnitTestResult executionId="e70bb1a0-f23a-4f99-bed6-5defc569c11c" testId="272b6da4-7744-9437-55e7-239041bf6c1b" testName="LiteDB.Tests.Engine.TransactionHandleBinding_Tests.Mapper_reentry_cannot_complete_or_escape_the_enclosing_operation(shared: False)" computerName="dev-build-server" duration="00:00:00.0732617" startTime="2026-09-30T10:13:52.2730959+00:00" endTime="2026-09-30T10:13:52.2730960+00:00" testType="13cdc9d9-ddb5-4fa4-a97d-d965ccfc6d4b" outcome="Passed" testListId="8c84fa94-04c1-424b-9868-57a2d4851a1d" relativeResultsDirectory="e70bb1a0-f23a-4f99-bed6-5defc569c11c" />
    <UnitTestResult executionId="d5cce435-f46b-4eab-aa71-b32c0ecae7ad" testId="f60a9cac-cb38-9f6c-f189-7d9b7b928b23" testName="LiteDB.Tests.Engine.TransactionHandle_Tests.Creator_retirement_and_sequential_handoff_preserve_commit_and_rollback(shared: False, encrypted: False)" computerName="dev-build-server" duration="00:00:00.0639285" startTime="2026-09-30T10:13:53.2320712+00:00" endTime="2026-09-30T10:13:53.2320714+00:00" testType="13cdc9d9-ddb5-4fa4-a97d-d965ccfc6d4b" outcome="Passed" testListId="8c84fa94-04c1-424b-9868-57a2d4851a1d" relativeResultsDirectory="d5cce435-f46b-4eab-aa71-b32c0ecae7ad" />
    <UnitTestResult executionId="aa44bfdc-8ec2-4c83-900d-5d79c1736513" testId="a0f3383e-737d-89cd-cd37-519759e968a5" testName="LiteDB.Tests.Engine.TransactionHandle_Tests.Creator_retirement_and_sequential_handoff_preserve_commit_and_rollback(shared: True, encrypted: True)" computerName="dev-build-server" duration="00:00:01.5386204" startTime="2026-09-30T10:13:56.1776534+00:00" endTime="2026-09-30T10:13:56.1776536+00:00" testType="13cdc9d9-ddb5-4fa4-a97d-d965ccfc6d4b" outcome="Passed" testListId="8c84fa94-04c1-424b-9868-57a2d4851a1d" relativeResultsDirectory="aa44bfdc-8ec2-4c83-900d-5d79c1736513" />
    <UnitTestResult executionId="5325c8d2-beb1-4488-be9d-3973163e4bab" testId="b40435fc-90f7-a35a-5cd5-db61cabb0287" testName="LiteDB.Tests.Engine.TransactionHandle_Tests.Creator_retirement_and_sequential_handoff_preserve_commit_and_rollback(shared: False, encrypted: True)" computerName="dev-build-server" duration="00:00:00.1323539" startTime="2026-09-30T10:13:56.3102702+00:00" endTime="2026-09-30T10:13:56.3102703+00:00" testType="13cdc9d9-ddb5-4fa4-a97d-d965ccfc6d4b" outcome="Passed" testListId="8c84fa94-04c1-424b-9868-57a2d4851a1d" relativeResultsDirectory="5325c8d2-beb1-4488-be9d-3973163e4bab" />
    <UnitTestResult executionId="02988a32-e0d2-4c7f-854c-228baaecf6df" testId="d3085df6-a0c4-91e6-1159-a259966f8d33" testName="LiteDB.Tests.Engine.TransactionHandleRawEngine_Tests.Raw_engine_reentry_from_mapping_or_bulk_input_cannot_complete_the_handle(bulk: True)" computerName="dev-build-server" duration="00:00:00.2344069" startTime="2026-09-30T10:13:51.9935279+00:00" endTime="2026-09-30T10:13:51.9935412+00:00" testType="13cdc9d9-ddb5-4fa4-a97d-d965ccfc6d4b" outcome="Passed" testListId="8c84fa94-04c1-424b-9868-57a2d4851a1d" relativeResultsDirectory="02988a32-e0d2-4c7f-854c-228baaecf6df" />
    <UnitTestResult executionId="630a5ec0-3892-4907-a1ed-59ea0f32bd85" testId="aedfc200-66b1-2aa1-95f2-e034d4dfcc1a" testName="LiteDB.Tests.Engine.TransactionHandleCallbackLock_Tests.Same_collection_callback_refuses_self_wait_without_enlisting_independent_work(password: &quot;secret&quot;, handoff: True)" computerName="dev-build-server" duration="00:00:00.1770258" startTime="2026-09-30T10:13:57.1584940+00:00" endTime="2026-09-30T10:13:57.1584942+00:00" testType="13cdc9d9-ddb5-4fa4-a97d-d965ccfc6d4b" outcome="Passed" testListId="8c84fa94-04c1-424b-9868-57a2d4851a1d" relativeResultsDirectory="630a5ec0-3892-4907-a1ed-59ea0f32bd85" />
    <UnitTestResult executionId="55bee13d-af12-4ca0-a58b-4c862d7b85cb" testId="f3ac76d0-5806-753d-2d9c-c7e040347b4b" testName="LiteDB.Tests.Engine.TransactionHandleBinding_Tests.Mapper_reentry_cannot_complete_or_escape_the_enclosing_operation(shared: True)" computerName="dev-build-server" duration="00:00:00.5136865" startTime="2026-09-30T10:13:52.7870137+00:00" endTime="2026-09-30T10:13:52.7870138+00:00" testType="13cdc9d9-ddb5-4fa4-a97d-d965ccfc6d4b" outcome="Passed" testListId="8c84fa94-04c1-424b-9868-57a2d4851a1d" relativeResultsDirectory="55bee13d-af12-4ca0-a58b-4c862d7b85cb" />
    <UnitTestResult executionId="d947affd-e1cb-40ca-8750-185c0920cf0b" testId="7b889c74-726c-491e-44ea-97d242e2260e" testName="LiteDB.Tests.Engine.TransactionHandle_Tests.Cursors_block_commit_and_bound_queries_never_escape_after_completion(shared: False)" computerName="dev-build-server" duration="00:00:00.0351626" startTime="2026-09-30T10:13:53.1679113+00:00" endTime="2026-09-30T10:13:53.1679114+00:00" testType="13cdc9d9-ddb5-4fa4-a97d-d965ccfc6d4b" outcome="Passed" testListId="8c84fa94-04c1-424b-9868-57a2d4851a1d" relativeResultsDirectory="d947affd-e1cb-40ca-8750-185c0920cf0b" />
    <UnitTestResult executionId="4d7e983e-539c-496a-ae6a-4657b2aa05eb" testId="60f174d8-773a-ece7-c89f-f2472462801e" testName="LiteDB.Tests.Engine.TransactionHandleCallbackLock_Tests.Same_collection_callback_refuses_self_wait_without_enlisting_independent_work(password: null, handoff: True)" computerName="dev-build-server" duration="00:00:00.0821318" startTime="2026-09-30T10:13:56.9813142+00:00" endTime="2026-09-30T10:13:56.9813143+00:00" testType="13cdc9d9-ddb5-4fa4-a97d-d965ccfc6d4b" outcome="Passed" testListId="8c84fa94-04c1-424b-9868-57a2d4851a1d" relativeResultsDirectory="4d7e983e-539c-496a-ae6a-4657b2aa05eb" />
    <UnitTestResult executionId="36a1fba1-0726-4ae0-83ad-ca3d17ef8453" testId="6557f61b-723e-aea7-d5eb-9ea4570ee50e" testName="LiteDB.Tests.Engine.TransactionHandleBinding_Tests.Read_only_handles_query_and_complete_without_granting_writes(shared: True)" computerName="dev-build-server" duration="00:00:00.0684393" startTime="2026-09-30T10:13:52.1995423+00:00" endTime="2026-09-30T10:13:52.1995425+00:00" testType="13cdc9d9-ddb5-4fa4-a97d-d965ccfc6d4b" outcome="Passed" testListId="8c84fa94-04c1-424b-9868-57a2d4851a1d" relativeResultsDirectory="36a1fba1-0726-4ae0-83ad-ca3d17ef8453" />
    <UnitTestResult executionId="d8e2fb0d-a66f-4f8e-87c0-82b487b6d396" testId="e463a43e-d5b0-45a5-3a3f-5f6e9acc6d11" testName="LiteDB.Tests.Engine.TransactionHandleCommitPrecondition_Tests.Open_cursor_commit_refusal_keeps_handle_active_and_completion_releases_locks(shared: True, rollback: False)" computerName="dev-build-server" duration="00:00:01.2396632" startTime="2026-09-30T10:13:59.7945936+00:00" endTime="2026-09-30T10:13:59.7945937+00:00" testType="13cdc9d9-ddb5-4fa4-a97d-d965ccfc6d4b" outcome="Passed" testListId="8c84fa94-04c1-424b-9868-57a2d4851a1d" relativeResultsDirectory="d8e2fb0d-a66f-4f8e-87c0-82b487b6d396" />
    <UnitTestResult executionId="c1d13cfa-d5b5-489f-a70c-b44300778531" testId="3cf51df1-374f-be86-8e49-52f482ddc0f5" testName="LiteDB.Tests.Engine.TransactionHandleCallbackLock_Tests.Same_collection_callback_refuses_self_wait_without_enlisting_independent_work(password: null, handoff: False)" computerName="dev-build-server" duration="00:00:00.0881352" startTime="2026-09-30T10:13:57.2479387+00:00" endTime="2026-09-30T10:13:57.2479388+00:00" testType="13cdc9d9-ddb5-4fa4-a97d-d965ccfc6d4b" outcome="Passed" testListId="8c84fa94-04c1-424b-9868-57a2d4851a1d" relativeResultsDirectory="c1d13cfa-d5b5-489f-a70c-b44300778531" />
    <UnitTestResult executionId="b6bd4a7e-ba4f-474a-8787-2b1562fc14e6" testId="3cff8a25-388d-86e5-a751-e7abc8032311" testName="LiteDB.Tests.Engine.TransactionHandle_Tests.Creator_retirement_and_sequential_handoff_preserve_commit_and_rollback(shared: True, encrypted: False)" computerName="dev-build-server" duration="00:00:01.4063162" startTime="2026-09-30T10:13:54.6387333+00:00" endTime="2026-09-30T10:13:54.6387334+00:00" testType="13cdc9d9-ddb5-4fa4-a97d-d965ccfc6d4b" outcome="Passed" testListId="8c84fa94-04c1-424b-9868-57a2d4851a1d" relativeResultsDirectory="b6bd4a7e-ba4f-474a-8787-2b1562fc14e6" />
    <UnitTestResult executionId="8f263dbf-252e-4400-9467-12de2fe9de6d" testId="5167a657-45d3-ef81-1f9b-76710305ddd0" testName="LiteDB.Tests.Engine.TransactionHandle_Tests.Cursors_block_commit_and_bound_queries_never_escape_after_completion(shared: True)" computerName="dev-build-server" duration="00:00:00.0390584" startTime="2026-09-30T10:13:53.1325052+00:00" endTime="2026-09-30T10:13:53.1325053+00:00" testType="13cdc9d9-ddb5-4fa4-a97d-d965ccfc6d4b" outcome="Passed" testListId="8c84fa94-04c1-424b-9868-57a2d4851a1d" relativeResultsDirectory="8f263dbf-252e-4400-9467-12de2fe9de6d" />
    <UnitTestResult executionId="5816ec06-edfd-4b97-bce7-7b738595991e" testId="d3e82dd7-d221-9f8b-0a66-a045220b8a3a" testName="LiteDB.Tests.Engine.TransactionHandleCallbackLock_Tests.Original_thread_may_wait_for_idle_handle_completed_by_another_thread(password: &quot;secret&quot;)" computerName="dev-build-server" duration="00:00:00.1567584" startTime="2026-09-30T10:13:56.6633858+00:00" endTime="2026-09-30T10:13:56.6633858+00:00" testType="13cdc9d9-ddb5-4fa4-a97d-d965ccfc6d4b" outcome="Passed" testListId="8c84fa94-04c1-424b-9868-57a2d4851a1d" relativeResultsDirectory="5816ec06-edfd-4b97-bce7-7b738595991e" />
    <UnitTestResult executionId="37169a6e-09f8-4463-99c2-5f382ad39540" testId="687f1917-da57-bca7-6710-2fd1ddca36d1" testName="LiteDB.Tests.Engine.TransactionHandleCommitPrecondition_Tests.Open_cursor_commit_refusal_keeps_handle_active_and_completion_releases_locks(shared: False, rollback: False)" computerName="dev-build-server" duration="00:00:00.0707786" startTime="2026-09-30T10:13:59.8655846+00:00" endTime="2026-09-30T10:13:59.8655847+00:00" testType="13cdc9d9-ddb5-4fa4-a97d-d965ccfc6d4b" outcome="Passed" testListId="8c84fa94-04c1-424b-9868-57a2d4851a1d" relativeResultsDirectory="37169a6e-09f8-4463-99c2-5f382ad39540" />
    <UnitTestResult executionId="d575ce93-be3b-401b-b7f8-3df729cc2c98" testId="21b3138b-4608-1b35-79a7-38ffa0177433" testName="LiteDB.Tests.Engine.TransactionHandleBinding_Tests.Read_only_handles_query_and_complete_without_granting_writes(shared: False)" computerName="dev-build-server" duration="00:00:00.0463473" startTime="2026-09-30T10:13:52.1309066+00:00" endTime="2026-09-30T10:13:52.1309067+00:00" testType="13cdc9d9-ddb5-4fa4-a97d-d965ccfc6d4b" outcome="Passed" testListId="8c84fa94-04c1-424b-9868-57a2d4851a1d" relativeResultsDirectory="d575ce93-be3b-401b-b7f8-3df729cc2c98" />
  </Results>
  <TestDefinitions>
    <UnitTest name="LiteDB.Tests.Engine.TransactionHandle_Tests.Creator_retirement_and_sequential_handoff_preserve_commit_and_rollback(shared: False, encrypted: True)" storage="__LOCAL_HOME__/.t3/worktrees/litedb/t3code-0cc13448/artifacts_temp/fix-comment-p3/litedb.tests/bin/release/net8.0/litedb.tests.dll" id="b40435fc-90f7-a35a-5cd5-db61cabb0287">
      <Execution id="5325c8d2-beb1-4488-be9d-3973163e4bab" />
      <TestMethod codeBase="__WORKSPACE__/artifacts_temp/fix-comment-p3/LiteDB.Tests/bin/Release/net8.0/LiteDB.Tests.dll" adapterTypeName="executor://xunit/VsTestRunner2/netcoreapp" className="LiteDB.Tests.Engine.TransactionHandle_Tests" name="Creator_retirement_and_sequential_handoff_preserve_commit_and_rollback" />
    </UnitTest>
    <UnitTest name="LiteDB.Tests.Engine.TransactionHandle_Tests.Creator_retirement_and_sequential_handoff_preserve_commit_and_rollback(shared: False, encrypted: False)" storage="__LOCAL_HOME__/.t3/worktrees/litedb/t3code-0cc13448/artifacts_temp/fix-comment-p3/litedb.tests/bin/release/net8.0/litedb.tests.dll" id="f60a9cac-cb38-9f6c-f189-7d9b7b928b23">
      <Execution id="d5cce435-f46b-4eab-aa71-b32c0ecae7ad" />
      <TestMethod codeBase="__WORKSPACE__/artifacts_temp/fix-comment-p3/LiteDB.Tests/bin/Release/net8.0/LiteDB.Tests.dll" adapterTypeName="executor://xunit/VsTestRunner2/netcoreapp" className="LiteDB.Tests.Engine.TransactionHandle_Tests" name="Creator_retirement_and_sequential_handoff_preserve_commit_and_rollback" />
    </UnitTest>
    <UnitTest name="LiteDB.Tests.Engine.TransactionHandleRawEngine_Tests.Raw_engine_reentry_from_mapping_or_bulk_input_cannot_complete_the_handle(bulk: True)" storage="__LOCAL_HOME__/.t3/worktrees/litedb/t3code-0cc13448/artifacts_temp/fix-comment-p3/litedb.tests/bin/release/net8.0/litedb.tests.dll" id="d3085df6-a0c4-91e6-1159-a259966f8d33">
      <Execution id="02988a32-e0d2-4c7f-854c-228baaecf6df" />
      <TestMethod codeBase="__WORKSPACE__/artifacts_temp/fix-comment-p3/LiteDB.Tests/bin/Release/net8.0/LiteDB.Tests.dll" adapterTypeName="executor://xunit/VsTestRunner2/netcoreapp" className="LiteDB.Tests.Engine.TransactionHandleRawEngine_Tests" name="Raw_engine_reentry_from_mapping_or_bulk_input_cannot_complete_the_handle" />
    </UnitTest>
    <UnitTest name="LiteDB.Tests.Engine.TransactionHandleCommitPrecondition_Tests.Open_cursor_commit_refusal_keeps_handle_active_and_completion_releases_locks(shared: True, rollback: True)" storage="__LOCAL_HOME__/.t3/worktrees/litedb/t3code-0cc13448/artifacts_temp/fix-comment-p3/litedb.tests/bin/release/net8.0/litedb.tests.dll" id="0fbe09ee-6ef4-0204-dbab-c19671e7612e">
      <Execution id="ff91b137-1dab-45a9-b07b-247d899868df" />
      <TestMethod codeBase="__WORKSPACE__/artifacts_temp/fix-comment-p3/LiteDB.Tests/bin/Release/net8.0/LiteDB.Tests.dll" adapterTypeName="executor://xunit/VsTestRunner2/netcoreapp" className="LiteDB.Tests.Engine.TransactionHandleCommitPrecondition_Tests" name="Open_cursor_commit_refusal_keeps_handle_active_and_completion_releases_locks" />
    </UnitTest>
    <UnitTest name="LiteDB.Tests.Engine.TransactionHandleCommitPrecondition_Tests.Open_cursor_commit_refusal_keeps_handle_active_and_completion_releases_locks(shared: True, rollback: False)" storage="__LOCAL_HOME__/.t3/worktrees/litedb/t3code-0cc13448/artifacts_temp/fix-comment-p3/litedb.tests/bin/release/net8.0/litedb.tests.dll" id="e463a43e-d5b0-45a5-3a3f-5f6e9acc6d11">
      <Execution id="d8e2fb0d-a66f-4f8e-87c0-82b487b6d396" />
      <TestMethod codeBase="__WORKSPACE__/artifacts_temp/fix-comment-p3/LiteDB.Tests/bin/Release/net8.0/LiteDB.Tests.dll" adapterTypeName="executor://xunit/VsTestRunner2/netcoreapp" className="LiteDB.Tests.Engine.TransactionHandleCommitPrecondition_Tests" name="Open_cursor_commit_refusal_keeps_handle_active_and_completion_releases_locks" />
    </UnitTest>
    <UnitTest name="LiteDB.Tests.Engine.TransactionHandleBinding_Tests.Bound_indexes_queries_and_deferred_objects_preserve_their_owner(shared: True)" storage="__LOCAL_HOME__/.t3/worktrees/litedb/t3code-0cc13448/artifacts_temp/fix-comment-p3/litedb.tests/bin/release/net8.0/litedb.tests.dll" id="9969ef77-deb6-16c8-246e-cc6cfe417b0d">
      <Execution id="9697ee34-244c-414e-8c95-fe853bead8cc" />
      <TestMethod codeBase="__WORKSPACE__/artifacts_temp/fix-comment-p3/LiteDB.Tests/bin/Release/net8.0/LiteDB.Tests.dll" adapterTypeName="executor://xunit/VsTestRunner2/netcoreapp" className="LiteDB.Tests.Engine.TransactionHandleBinding_Tests" name="Bound_indexes_queries_and_deferred_objects_preserve_their_owner" />
    </UnitTest>
    <UnitTest name="LiteDB.Tests.Engine.TransactionHandleBinding_Tests.Read_only_handles_query_and_complete_without_granting_writes(shared: True)" storage="__LOCAL_HOME__/.t3/worktrees/litedb/t3code-0cc13448/artifacts_temp/fix-comment-p3/litedb.tests/bin/release/net8.0/litedb.tests.dll" id="6557f61b-723e-aea7-d5eb-9ea4570ee50e">
      <Execution id="36a1fba1-0726-4ae0-83ad-ca3d17ef8453" />
      <TestMethod codeBase="__WORKSPACE__/artifacts_temp/fix-comment-p3/LiteDB.Tests/bin/Release/net8.0/LiteDB.Tests.dll" adapterTypeName="executor://xunit/VsTestRunner2/netcoreapp" className="LiteDB.Tests.Engine.TransactionHandleBinding_Tests" name="Read_only_handles_query_and_complete_without_granting_writes" />
    </UnitTest>
    <UnitTest name="LiteDB.Tests.Engine.TransactionHandleCallbackLock_Tests.Same_collection_callback_refuses_self_wait_without_enlisting_independent_work(password: null, handoff: True)" storage="__LOCAL_HOME__/.t3/worktrees/litedb/t3code-0cc13448/artifacts_temp/fix-comment-p3/litedb.tests/bin/release/net8.0/litedb.tests.dll" id="60f174d8-773a-ece7-c89f-f2472462801e">
      <Execution id="4d7e983e-539c-496a-ae6a-4657b2aa05eb" />
      <TestMethod codeBase="__WORKSPACE__/artifacts_temp/fix-comment-p3/LiteDB.Tests/bin/Release/net8.0/LiteDB.Tests.dll" adapterTypeName="executor://xunit/VsTestRunner2/netcoreapp" className="LiteDB.Tests.Engine.TransactionHandleCallbackLock_Tests" name="Same_collection_callback_refuses_self_wait_without_enlisting_independent_work" />
    </UnitTest>
    <UnitTest name="LiteDB.Tests.Engine.TransactionHandleCallbackLock_Tests.Same_collection_callback_refuses_self_wait_without_enlisting_independent_work(password: null, handoff: False)" storage="__LOCAL_HOME__/.t3/worktrees/litedb/t3code-0cc13448/artifacts_temp/fix-comment-p3/litedb.tests/bin/release/net8.0/litedb.tests.dll" id="3cf51df1-374f-be86-8e49-52f482ddc0f5">
      <Execution id="c1d13cfa-d5b5-489f-a70c-b44300778531" />
      <TestMethod codeBase="__WORKSPACE__/artifacts_temp/fix-comment-p3/LiteDB.Tests/bin/Release/net8.0/LiteDB.Tests.dll" adapterTypeName="executor://xunit/VsTestRunner2/netcoreapp" className="LiteDB.Tests.Engine.TransactionHandleCallbackLock_Tests" name="Same_collection_callback_refuses_self_wait_without_enlisting_independent_work" />
    </UnitTest>
    <UnitTest name="LiteDB.Tests.Engine.TransactionHandle_Tests.Handles_and_ordinary_calls_do_not_enlist_in_each_other" storage="__LOCAL_HOME__/.t3/worktrees/litedb/t3code-0cc13448/artifacts_temp/fix-comment-p3/litedb.tests/bin/release/net8.0/litedb.tests.dll" id="1c2ba2ed-23ef-b44f-b40b-1c8ab794fef9">
      <Execution id="39ca5985-f3ce-480f-8ae4-27b96fe6d7a6" />
      <TestMethod codeBase="__WORKSPACE__/artifacts_temp/fix-comment-p3/LiteDB.Tests/bin/Release/net8.0/LiteDB.Tests.dll" adapterTypeName="executor://xunit/VsTestRunner2/netcoreapp" className="LiteDB.Tests.Engine.TransactionHandle_Tests" name="Handles_and_ordinary_calls_do_not_enlist_in_each_other" />
    </UnitTest>
    <UnitTest name="LiteDB.Tests.Engine.TransactionHandle_Tests.Cursors_block_commit_and_bound_queries_never_escape_after_completion(shared: True)" storage="__LOCAL_HOME__/.t3/worktrees/litedb/t3code-0cc13448/artifacts_temp/fix-comment-p3/litedb.tests/bin/release/net8.0/litedb.tests.dll" id="5167a657-45d3-ef81-1f9b-76710305ddd0">
      <Execution id="8f263dbf-252e-4400-9467-12de2fe9de6d" />
      <TestMethod codeBase="__WORKSPACE__/artifacts_temp/fix-comment-p3/LiteDB.Tests/bin/Release/net8.0/LiteDB.Tests.dll" adapterTypeName="executor://xunit/VsTestRunner2/netcoreapp" className="LiteDB.Tests.Engine.TransactionHandle_Tests" name="Cursors_block_commit_and_bound_queries_never_escape_after_completion" />
    </UnitTest>
    <UnitTest name="LiteDB.Tests.Engine.TransactionHandle_Tests.Creator_retirement_and_sequential_handoff_preserve_commit_and_rollback(shared: True, encrypted: False)" storage="__LOCAL_HOME__/.t3/worktrees/litedb/t3code-0cc13448/artifacts_temp/fix-comment-p3/litedb.tests/bin/release/net8.0/litedb.tests.dll" id="3cff8a25-388d-86e5-a751-e7abc8032311">
      <Execution id="b6bd4a7e-ba4f-474a-8787-2b1562fc14e6" />
      <TestMethod codeBase="__WORKSPACE__/artifacts_temp/fix-comment-p3/LiteDB.Tests/bin/Release/net8.0/LiteDB.Tests.dll" adapterTypeName="executor://xunit/VsTestRunner2/netcoreapp" className="LiteDB.Tests.Engine.TransactionHandle_Tests" name="Creator_retirement_and_sequential_handoff_preserve_commit_and_rollback" />
    </UnitTest>
    <UnitTest name="LiteDB.Tests.Engine.TransactionHandleBinding_Tests.Unsupported_external_query_output_does_not_abort_prior_writes" storage="__LOCAL_HOME__/.t3/worktrees/litedb/t3code-0cc13448/artifacts_temp/fix-comment-p3/litedb.tests/bin/release/net8.0/litedb.tests.dll" id="fe93b000-1a6a-a3b7-5ef2-8b3af7c7d014">
      <Execution id="364c1129-786c-4b36-88e0-a10591413d4a" />
      <TestMethod codeBase="__WORKSPACE__/artifacts_temp/fix-comment-p3/LiteDB.Tests/bin/Release/net8.0/LiteDB.Tests.dll" adapterTypeName="executor://xunit/VsTestRunner2/netcoreapp" className="LiteDB.Tests.Engine.TransactionHandleBinding_Tests" name="Unsupported_external_query_output_does_not_abort_prior_writes" />
    </UnitTest>
    <UnitTest name="LiteDB.Tests.Engine.TransactionHandleCallbackLock_Tests.Original_thread_may_wait_for_idle_handle_completed_by_another_thread(password: null)" storage="__LOCAL_HOME__/.t3/worktrees/litedb/t3code-0cc13448/artifacts_temp/fix-comment-p3/litedb.tests/bin/release/net8.0/litedb.tests.dll" id="e0ebe5cf-8efb-507d-8a86-49a35235f031">
      <Execution id="8e9192f4-aafa-4052-9367-3205265c0fad" />
      <TestMethod codeBase="__WORKSPACE__/artifacts_temp/fix-comment-p3/LiteDB.Tests/bin/Release/net8.0/LiteDB.Tests.dll" adapterTypeName="executor://xunit/VsTestRunner2/netcoreapp" className="LiteDB.Tests.Engine.TransactionHandleCallbackLock_Tests" name="Original_thread_may_wait_for_idle_handle_completed_by_another_thread" />
    </UnitTest>
    <UnitTest name="LiteDB.Tests.Engine.TransactionHandleBinding_Tests.Read_only_handles_query_and_complete_without_granting_writes(shared: False)" storage="__LOCAL_HOME__/.t3/worktrees/litedb/t3code-0cc13448/artifacts_temp/fix-comment-p3/litedb.tests/bin/release/net8.0/litedb.tests.dll" id="21b3138b-4608-1b35-79a7-38ffa0177433">
      <Execution id="d575ce93-be3b-401b-b7f8-3df729cc2c98" />
      <TestMethod codeBase="__WORKSPACE__/artifacts_temp/fix-comment-p3/LiteDB.Tests/bin/Release/net8.0/LiteDB.Tests.dll" adapterTypeName="executor://xunit/VsTestRunner2/netcoreapp" className="LiteDB.Tests.Engine.TransactionHandleBinding_Tests" name="Read_only_handles_query_and_complete_without_granting_writes" />
    </UnitTest>
    <UnitTest name="LiteDB.Tests.Engine.TransactionHandleBinding_Tests.Mapping_is_inside_the_same_handle_overlap_guard" storage="__LOCAL_HOME__/.t3/worktrees/litedb/t3code-0cc13448/artifacts_temp/fix-comment-p3/litedb.tests/bin/release/net8.0/litedb.tests.dll" id="75375815-efa8-5c4a-a3bc-3ae27d084d3d">
      <Execution id="99d9310d-1566-4843-828f-c541a760bd7f" />
      <TestMethod codeBase="__WORKSPACE__/artifacts_temp/fix-comment-p3/LiteDB.Tests/bin/Release/net8.0/LiteDB.Tests.dll" adapterTypeName="executor://xunit/VsTestRunner2/netcoreapp" className="LiteDB.Tests.Engine.TransactionHandleBinding_Tests" name="Mapping_is_inside_the_same_handle_overlap_guard" />
    </UnitTest>
    <UnitTest name="LiteDB.Tests.Engine.TransactionHandleCallbackLock_Tests.Same_collection_callback_refuses_self_wait_without_enlisting_independent_work(password: &quot;secret&quot;, handoff: False)" storage="__LOCAL_HOME__/.t3/worktrees/litedb/t3code-0cc13448/artifacts_temp/fix-comment-p3/litedb.tests/bin/release/net8.0/litedb.tests.dll" id="04abdbad-d3b3-e47b-6fed-073fa64f4f0e">
      <Execution id="125d7fd9-8ade-4348-a4d5-fe697db0afda" />
      <TestMethod codeBase="__WORKSPACE__/artifacts_temp/fix-comment-p3/LiteDB.Tests/bin/Release/net8.0/LiteDB.Tests.dll" adapterTypeName="executor://xunit/VsTestRunner2/netcoreapp" className="LiteDB.Tests.Engine.TransactionHandleCallbackLock_Tests" name="Same_collection_callback_refuses_self_wait_without_enlisting_independent_work" />
    </UnitTest>
    <UnitTest name="LiteDB.Tests.Engine.TransactionHandleBinding_Tests.Bound_indexes_queries_and_deferred_objects_preserve_their_owner(shared: False)" storage="__LOCAL_HOME__/.t3/worktrees/litedb/t3code-0cc13448/artifacts_temp/fix-comment-p3/litedb.tests/bin/release/net8.0/litedb.tests.dll" id="9db67412-541a-9319-b440-85dbd319e0b3">
      <Execution id="616e5ad5-034f-45ae-868a-f904bf101c64" />
      <TestMethod codeBase="__WORKSPACE__/artifacts_temp/fix-comment-p3/LiteDB.Tests/bin/Release/net8.0/LiteDB.Tests.dll" adapterTypeName="executor://xunit/VsTestRunner2/netcoreapp" className="LiteDB.Tests.Engine.TransactionHandleBinding_Tests" name="Bound_indexes_queries_and_deferred_objects_preserve_their_owner" />
    </UnitTest>
    <UnitTest name="LiteDB.Tests.Engine.TransactionHandleCommitPrecondition_Tests.Open_cursor_commit_refusal_keeps_handle_active_and_completion_releases_locks(shared: False, rollback: True)" storage="__LOCAL_HOME__/.t3/worktrees/litedb/t3code-0cc13448/artifacts_temp/fix-comment-p3/litedb.tests/bin/release/net8.0/litedb.tests.dll" id="031a904a-f0a2-7425-f3eb-8cc2eb84f27a">
      <Execution id="035f42f9-2164-4a87-89b9-bf45f5030544" />
      <TestMethod codeBase="__WORKSPACE__/artifacts_temp/fix-comment-p3/LiteDB.Tests/bin/Release/net8.0/LiteDB.Tests.dll" adapterTypeName="executor://xunit/VsTestRunner2/netcoreapp" className="LiteDB.Tests.Engine.TransactionHandleCommitPrecondition_Tests" name="Open_cursor_commit_refusal_keeps_handle_active_and_completion_releases_locks" />
    </UnitTest>
    <UnitTest name="LiteDB.Tests.Engine.TransactionHandle_Tests.Cursors_block_commit_and_bound_queries_never_escape_after_completion(shared: False)" storage="__LOCAL_HOME__/.t3/worktrees/litedb/t3code-0cc13448/artifacts_temp/fix-comment-p3/litedb.tests/bin/release/net8.0/litedb.tests.dll" id="7b889c74-726c-491e-44ea-97d242e2260e">
      <Execution id="d947affd-e1cb-40ca-8750-185c0920cf0b" />
      <TestMethod codeBase="__WORKSPACE__/artifacts_temp/fix-comment-p3/LiteDB.Tests/bin/Release/net8.0/LiteDB.Tests.dll" adapterTypeName="executor://xunit/VsTestRunner2/netcoreapp" className="LiteDB.Tests.Engine.TransactionHandle_Tests" name="Cursors_block_commit_and_bound_queries_never_escape_after_completion" />
    </UnitTest>
    <UnitTest name="LiteDB.Tests.Engine.TransactionHandleCommitPrecondition_Tests.Open_cursor_commit_refusal_keeps_handle_active_and_completion_releases_locks(shared: False, rollback: False)" storage="__LOCAL_HOME__/.t3/worktrees/litedb/t3code-0cc13448/artifacts_temp/fix-comment-p3/litedb.tests/bin/release/net8.0/litedb.tests.dll" id="687f1917-da57-bca7-6710-2fd1ddca36d1">
      <Execution id="37169a6e-09f8-4463-99c2-5f382ad39540" />
      <TestMethod codeBase="__WORKSPACE__/artifacts_temp/fix-comment-p3/LiteDB.Tests/bin/Release/net8.0/LiteDB.Tests.dll" adapterTypeName="executor://xunit/VsTestRunner2/netcoreapp" className="LiteDB.Tests.Engine.TransactionHandleCommitPrecondition_Tests" name="Open_cursor_commit_refusal_keeps_handle_active_and_completion_releases_locks" />
    </UnitTest>
    <UnitTest name="LiteDB.Tests.Engine.TransactionHandle_Tests.Creator_retirement_and_sequential_handoff_preserve_commit_and_rollback(shared: True, encrypted: True)" storage="__LOCAL_HOME__/.t3/worktrees/litedb/t3code-0cc13448/artifacts_temp/fix-comment-p3/litedb.tests/bin/release/net8.0/litedb.tests.dll" id="a0f3383e-737d-89cd-cd37-519759e968a5">
      <Execution id="aa44bfdc-8ec2-4c83-900d-5d79c1736513" />
      <TestMethod codeBase="__WORKSPACE__/artifacts_temp/fix-comment-p3/LiteDB.Tests/bin/Release/net8.0/LiteDB.Tests.dll" adapterTypeName="executor://xunit/VsTestRunner2/netcoreapp" className="LiteDB.Tests.Engine.TransactionHandle_Tests" name="Creator_retirement_and_sequential_handoff_preserve_commit_and_rollback" />
    </UnitTest>
    <UnitTest name="LiteDB.Tests.Engine.TransactionHandleBinding_Tests.Mapper_reentry_cannot_complete_or_escape_the_enclosing_operation(shared: True)" storage="__LOCAL_HOME__/.t3/worktrees/litedb/t3code-0cc13448/artifacts_temp/fix-comment-p3/litedb.tests/bin/release/net8.0/litedb.tests.dll" id="f3ac76d0-5806-753d-2d9c-c7e040347b4b">
      <Execution id="55bee13d-af12-4ca0-a58b-4c862d7b85cb" />
      <TestMethod codeBase="__WORKSPACE__/artifacts_temp/fix-comment-p3/LiteDB.Tests/bin/Release/net8.0/LiteDB.Tests.dll" adapterTypeName="executor://xunit/VsTestRunner2/netcoreapp" className="LiteDB.Tests.Engine.TransactionHandleBinding_Tests" name="Mapper_reentry_cannot_complete_or_escape_the_enclosing_operation" />
    </UnitTest>
    <UnitTest name="LiteDB.Tests.Engine.TransactionHandleRawEngine_Tests.Raw_engine_reentry_from_mapping_or_bulk_input_cannot_complete_the_handle(bulk: False)" storage="__LOCAL_HOME__/.t3/worktrees/litedb/t3code-0cc13448/artifacts_temp/fix-comment-p3/litedb.tests/bin/release/net8.0/litedb.tests.dll" id="874817e1-daa1-dc9e-1429-4b2367529f20">
      <Execution id="cf25602e-4653-4fc8-bf56-cdb5a58b09de" />
      <TestMethod codeBase="__WORKSPACE__/artifacts_temp/fix-comment-p3/LiteDB.Tests/bin/Release/net8.0/LiteDB.Tests.dll" adapterTypeName="executor://xunit/VsTestRunner2/netcoreapp" className="LiteDB.Tests.Engine.TransactionHandleRawEngine_Tests" name="Raw_engine_reentry_from_mapping_or_bulk_input_cannot_complete_the_handle" />
    </UnitTest>
    <UnitTest name="LiteDB.Tests.Engine.TransactionHandle_Tests.Overlap_is_rejected_without_aborting_active_work_and_close_drains_it" storage="__LOCAL_HOME__/.t3/worktrees/litedb/t3code-0cc13448/artifacts_temp/fix-comment-p3/litedb.tests/bin/release/net8.0/litedb.tests.dll" id="9cc5c958-9e1e-159c-dd31-82968aa5547e">
      <Execution id="2e543708-6e26-40d0-bdfc-473dec09c41b" />
      <TestMethod codeBase="__WORKSPACE__/artifacts_temp/fix-comment-p3/LiteDB.Tests/bin/Release/net8.0/LiteDB.Tests.dll" adapterTypeName="executor://xunit/VsTestRunner2/netcoreapp" className="LiteDB.Tests.Engine.TransactionHandle_Tests" name="Overlap_is_rejected_without_aborting_active_work_and_close_drains_it" />
    </UnitTest>
    <UnitTest name="LiteDB.Tests.Engine.TransactionHandleCallbackLock_Tests.Same_collection_callback_refuses_self_wait_without_enlisting_independent_work(password: &quot;secret&quot;, handoff: True)" storage="__LOCAL_HOME__/.t3/worktrees/litedb/t3code-0cc13448/artifacts_temp/fix-comment-p3/litedb.tests/bin/release/net8.0/litedb.tests.dll" id="aedfc200-66b1-2aa1-95f2-e034d4dfcc1a">
      <Execution id="630a5ec0-3892-4907-a1ed-59ea0f32bd85" />
      <TestMethod codeBase="__WORKSPACE__/artifacts_temp/fix-comment-p3/LiteDB.Tests/bin/Release/net8.0/LiteDB.Tests.dll" adapterTypeName="executor://xunit/VsTestRunner2/netcoreapp" className="LiteDB.Tests.Engine.TransactionHandleCallbackLock_Tests" name="Same_collection_callback_refuses_self_wait_without_enlisting_independent_work" />
    </UnitTest>
    <UnitTest name="LiteDB.Tests.Engine.TransactionHandleRawEngine_Tests.Uncaught_raw_reentry_aborts_statement_and_cannot_escape_to_autocommit" storage="__LOCAL_HOME__/.t3/worktrees/litedb/t3code-0cc13448/artifacts_temp/fix-comment-p3/litedb.tests/bin/release/net8.0/litedb.tests.dll" id="448bb9c1-c865-e426-85bb-022b708ca15d">
      <Execution id="07917ce0-8943-4939-8f21-224353dc99a2" />
      <TestMethod codeBase="__WORKSPACE__/artifacts_temp/fix-comment-p3/LiteDB.Tests/bin/Release/net8.0/LiteDB.Tests.dll" adapterTypeName="executor://xunit/VsTestRunner2/netcoreapp" className="LiteDB.Tests.Engine.TransactionHandleRawEngine_Tests" name="Uncaught_raw_reentry_aborts_statement_and_cannot_escape_to_autocommit" />
    </UnitTest>
    <UnitTest name="LiteDB.Tests.Engine.TransactionHandle_Tests.Unbound_calls_inside_bound_input_do_not_join_and_statement_failure_is_terminal" storage="__LOCAL_HOME__/.t3/worktrees/litedb/t3code-0cc13448/artifacts_temp/fix-comment-p3/litedb.tests/bin/release/net8.0/litedb.tests.dll" id="01f83025-1def-1b28-7022-7666cd0cf50e">
      <Execution id="c8de6514-9789-4a69-9003-7a469244f7c5" />
      <TestMethod codeBase="__WORKSPACE__/artifacts_temp/fix-comment-p3/LiteDB.Tests/bin/Release/net8.0/LiteDB.Tests.dll" adapterTypeName="executor://xunit/VsTestRunner2/netcoreapp" className="LiteDB.Tests.Engine.TransactionHandle_Tests" name="Unbound_calls_inside_bound_input_do_not_join_and_statement_failure_is_terminal" />
    </UnitTest>
    <UnitTest name="LiteDB.Tests.Engine.TransactionHandleBinding_Tests.Mapper_reentry_cannot_complete_or_escape_the_enclosing_operation(shared: False)" storage="__LOCAL_HOME__/.t3/worktrees/litedb/t3code-0cc13448/artifacts_temp/fix-comment-p3/litedb.tests/bin/release/net8.0/litedb.tests.dll" id="272b6da4-7744-9437-55e7-239041bf6c1b">
      <Execution id="e70bb1a0-f23a-4f99-bed6-5defc569c11c" />
      <TestMethod codeBase="__WORKSPACE__/artifacts_temp/fix-comment-p3/LiteDB.Tests/bin/Release/net8.0/LiteDB.Tests.dll" adapterTypeName="executor://xunit/VsTestRunner2/netcoreapp" className="LiteDB.Tests.Engine.TransactionHandleBinding_Tests" name="Mapper_reentry_cannot_complete_or_escape_the_enclosing_operation" />
    </UnitTest>
    <UnitTest name="LiteDB.Tests.Engine.TransactionHandleCallbackLock_Tests.Original_thread_may_wait_for_idle_handle_completed_by_another_thread(password: &quot;secret&quot;)" storage="__LOCAL_HOME__/.t3/worktrees/litedb/t3code-0cc13448/artifacts_temp/fix-comment-p3/litedb.tests/bin/release/net8.0/litedb.tests.dll" id="d3e82dd7-d221-9f8b-0a66-a045220b8a3a">
      <Execution id="5816ec06-edfd-4b97-bce7-7b738595991e" />
      <TestMethod codeBase="__WORKSPACE__/artifacts_temp/fix-comment-p3/LiteDB.Tests/bin/Release/net8.0/LiteDB.Tests.dll" adapterTypeName="executor://xunit/VsTestRunner2/netcoreapp" className="LiteDB.Tests.Engine.TransactionHandleCallbackLock_Tests" name="Original_thread_may_wait_for_idle_handle_completed_by_another_thread" />
    </UnitTest>
  </TestDefinitions>
  <TestEntries>
    <TestEntry testId="75375815-efa8-5c4a-a3bc-3ae27d084d3d" executionId="99d9310d-1566-4843-828f-c541a760bd7f" testListId="8c84fa94-04c1-424b-9868-57a2d4851a1d" />
    <TestEntry testId="0fbe09ee-6ef4-0204-dbab-c19671e7612e" executionId="ff91b137-1dab-45a9-b07b-247d899868df" testListId="8c84fa94-04c1-424b-9868-57a2d4851a1d" />
    <TestEntry testId="448bb9c1-c865-e426-85bb-022b708ca15d" executionId="07917ce0-8943-4939-8f21-224353dc99a2" testListId="8c84fa94-04c1-424b-9868-57a2d4851a1d" />
    <TestEntry testId="fe93b000-1a6a-a3b7-5ef2-8b3af7c7d014" executionId="364c1129-786c-4b36-88e0-a10591413d4a" testListId="8c84fa94-04c1-424b-9868-57a2d4851a1d" />
    <TestEntry testId="031a904a-f0a2-7425-f3eb-8cc2eb84f27a" executionId="035f42f9-2164-4a87-89b9-bf45f5030544" testListId="8c84fa94-04c1-424b-9868-57a2d4851a1d" />
    <TestEntry testId="9cc5c958-9e1e-159c-dd31-82968aa5547e" executionId="2e543708-6e26-40d0-bdfc-473dec09c41b" testListId="8c84fa94-04c1-424b-9868-57a2d4851a1d" />
    <TestEntry testId="9db67412-541a-9319-b440-85dbd319e0b3" executionId="616e5ad5-034f-45ae-868a-f904bf101c64" testListId="8c84fa94-04c1-424b-9868-57a2d4851a1d" />
    <TestEntry testId="04abdbad-d3b3-e47b-6fed-073fa64f4f0e" executionId="125d7fd9-8ade-4348-a4d5-fe697db0afda" testListId="8c84fa94-04c1-424b-9868-57a2d4851a1d" />
    <TestEntry testId="9969ef77-deb6-16c8-246e-cc6cfe417b0d" executionId="9697ee34-244c-414e-8c95-fe853bead8cc" testListId="8c84fa94-04c1-424b-9868-57a2d4851a1d" />
    <TestEntry testId="1c2ba2ed-23ef-b44f-b40b-1c8ab794fef9" executionId="39ca5985-f3ce-480f-8ae4-27b96fe6d7a6" testListId="8c84fa94-04c1-424b-9868-57a2d4851a1d" />
    <TestEntry testId="e0ebe5cf-8efb-507d-8a86-49a35235f031" executionId="8e9192f4-aafa-4052-9367-3205265c0fad" testListId="8c84fa94-04c1-424b-9868-57a2d4851a1d" />
    <TestEntry testId="01f83025-1def-1b28-7022-7666cd0cf50e" executionId="c8de6514-9789-4a69-9003-7a469244f7c5" testListId="8c84fa94-04c1-424b-9868-57a2d4851a1d" />
    <TestEntry testId="874817e1-daa1-dc9e-1429-4b2367529f20" executionId="cf25602e-4653-4fc8-bf56-cdb5a58b09de" testListId="8c84fa94-04c1-424b-9868-57a2d4851a1d" />
    <TestEntry testId="272b6da4-7744-9437-55e7-239041bf6c1b" executionId="e70bb1a0-f23a-4f99-bed6-5defc569c11c" testListId="8c84fa94-04c1-424b-9868-57a2d4851a1d" />
    <TestEntry testId="f60a9cac-cb38-9f6c-f189-7d9b7b928b23" executionId="d5cce435-f46b-4eab-aa71-b32c0ecae7ad" testListId="8c84fa94-04c1-424b-9868-57a2d4851a1d" />
    <TestEntry testId="a0f3383e-737d-89cd-cd37-519759e968a5" executionId="aa44bfdc-8ec2-4c83-900d-5d79c1736513" testListId="8c84fa94-04c1-424b-9868-57a2d4851a1d" />
    <TestEntry testId="b40435fc-90f7-a35a-5cd5-db61cabb0287" executionId="5325c8d2-beb1-4488-be9d-3973163e4bab" testListId="8c84fa94-04c1-424b-9868-57a2d4851a1d" />
    <TestEntry testId="d3085df6-a0c4-91e6-1159-a259966f8d33" executionId="02988a32-e0d2-4c7f-854c-228baaecf6df" testListId="8c84fa94-04c1-424b-9868-57a2d4851a1d" />
    <TestEntry testId="aedfc200-66b1-2aa1-95f2-e034d4dfcc1a" executionId="630a5ec0-3892-4907-a1ed-59ea0f32bd85" testListId="8c84fa94-04c1-424b-9868-57a2d4851a1d" />
    <TestEntry testId="f3ac76d0-5806-753d-2d9c-c7e040347b4b" executionId="55bee13d-af12-4ca0-a58b-4c862d7b85cb" testListId="8c84fa94-04c1-424b-9868-57a2d4851a1d" />
    <TestEntry testId="7b889c74-726c-491e-44ea-97d242e2260e" executionId="d947affd-e1cb-40ca-8750-185c0920cf0b" testListId="8c84fa94-04c1-424b-9868-57a2d4851a1d" />
    <TestEntry testId="60f174d8-773a-ece7-c89f-f2472462801e" executionId="4d7e983e-539c-496a-ae6a-4657b2aa05eb" testListId="8c84fa94-04c1-424b-9868-57a2d4851a1d" />
    <TestEntry testId="6557f61b-723e-aea7-d5eb-9ea4570ee50e" executionId="36a1fba1-0726-4ae0-83ad-ca3d17ef8453" testListId="8c84fa94-04c1-424b-9868-57a2d4851a1d" />
    <TestEntry testId="e463a43e-d5b0-45a5-3a3f-5f6e9acc6d11" executionId="d8e2fb0d-a66f-4f8e-87c0-82b487b6d396" testListId="8c84fa94-04c1-424b-9868-57a2d4851a1d" />
    <TestEntry testId="3cf51df1-374f-be86-8e49-52f482ddc0f5" executionId="c1d13cfa-d5b5-489f-a70c-b44300778531" testListId="8c84fa94-04c1-424b-9868-57a2d4851a1d" />
    <TestEntry testId="3cff8a25-388d-86e5-a751-e7abc8032311" executionId="b6bd4a7e-ba4f-474a-8787-2b1562fc14e6" testListId="8c84fa94-04c1-424b-9868-57a2d4851a1d" />
    <TestEntry testId="5167a657-45d3-ef81-1f9b-76710305ddd0" executionId="8f263dbf-252e-4400-9467-12de2fe9de6d" testListId="8c84fa94-04c1-424b-9868-57a2d4851a1d" />
    <TestEntry testId="d3e82dd7-d221-9f8b-0a66-a045220b8a3a" executionId="5816ec06-edfd-4b97-bce7-7b738595991e" testListId="8c84fa94-04c1-424b-9868-57a2d4851a1d" />
    <TestEntry testId="687f1917-da57-bca7-6710-2fd1ddca36d1" executionId="37169a6e-09f8-4463-99c2-5f382ad39540" testListId="8c84fa94-04c1-424b-9868-57a2d4851a1d" />
    <TestEntry testId="21b3138b-4608-1b35-79a7-38ffa0177433" executionId="d575ce93-be3b-401b-b7f8-3df729cc2c98" testListId="8c84fa94-04c1-424b-9868-57a2d4851a1d" />
  </TestEntries>
  <TestLists>
    <TestList name="Results Not in a List" id="8c84fa94-04c1-424b-9868-57a2d4851a1d" />
    <TestList name="All Loaded Results" id="19431567-8539-422a-85d7-44ee4e166bda" />
  </TestLists>
  <ResultSummary outcome="Completed">
    <Counters total="30" executed="30" passed="30" failed="0" error="0" timeout="0" aborted="0" inconclusive="0" passedButRunAborted="0" notRunnable="0" notExecuted="0" disconnected="0" warning="0" completed="0" inProgress="0" pending="0" />
    <Output>
      <StdOut>[xUnit.net 00:00:00.00] xUnit.net VSTest Adapter v2.8.2+699d445a1a (64-bit .NET 8.0.30)
[xUnit.net 00:00:00.19]   Discovering: LiteDB.Tests
[xUnit.net 00:00:01.40]   Discovered:  LiteDB.Tests
[xUnit.net 00:00:01.43]   Starting:    LiteDB.Tests
[xUnit.net 00:00:09.63]   Finished:    LiteDB.Tests
</StdOut>
    </Output>
  </ResultSummary>
</TestRun>