upstream-direct-ordinary-read-1-0-0-dev: 93513.2 ops/s, verified
upstream-direct-ordinary-read-1-0-1-parent: 90146.7 ops/s, verified
upstream-direct-ordinary-read-1-0-2-final: 82778.8 ops/s, verified
upstream-direct-ordinary-read-1-1-0-final: 82554.3 ops/s, verified
upstream-direct-ordinary-read-1-1-1-parent: 87814.4 ops/s, verified
upstream-direct-ordinary-read-1-1-2-dev: 91527.6 ops/s, verified
upstream-direct-ordinary-read-1-2-0-dev: 94875.3 ops/s, verified
upstream-direct-ordinary-read-1-2-1-parent: 88545.3 ops/s, verified
upstream-direct-ordinary-read-1-2-2-final: 81573.2 ops/s, verified
upstream-direct-ordinary-read-1-3-0-final: 82464.6 ops/s, verified
upstream-direct-ordinary-read-1-3-1-parent: 86319.2 ops/s, verified
upstream-direct-ordinary-read-1-3-2-dev: 93868.2 ops/s, verified
upstream-direct-legacy-read-1-0-0-dev: 93510.8 ops/s, verified
upstream-direct-legacy-read-1-0-1-parent: 86865.5 ops/s, verified
upstream-direct-legacy-read-1-0-2-final: 70117.5 ops/s, verified
upstream-direct-legacy-read-1-1-0-final: 72687.7 ops/s, verified
upstream-direct-legacy-read-1-1-1-parent: 86679.0 ops/s, verified
upstream-direct-legacy-read-1-1-2-dev: 93655.0 ops/s, verified
upstream-direct-legacy-read-1-2-0-dev: 94290.4 ops/s, verified
upstream-direct-legacy-read-1-2-1-parent: 84394.0 ops/s, verified
upstream-direct-legacy-read-1-2-2-final: 72594.5 ops/s, verified
upstream-direct-legacy-read-1-3-0-final: 73595.6 ops/s, verified
upstream-direct-legacy-read-1-3-1-parent: 84948.8 ops/s, verified
upstream-direct-legacy-read-1-3-2-dev: 97496.3 ops/s, verified
upstream-direct-ordinary-open-1-0-0-dev: 7039.9 ops/s, verified
upstream-direct-ordinary-open-1-0-1-parent: 16688.0 ops/s, verified
upstream-direct-ordinary-open-1-0-2-final: 11175.4 ops/s, verified
upstream-direct-ordinary-open-1-1-0-final: 11173.6 ops/s, verified
upstream-direct-ordinary-open-1-1-1-parent: 16576.0 ops/s, verified
upstream-direct-ordinary-open-1-1-2-dev: 7169.4 ops/s, verified
upstream-direct-ordinary-open-1-2-0-dev: 7112.2 ops/s, verified
upstream-direct-ordinary-open-1-2-1-parent: 16311.5 ops/s, verified
upstream-direct-ordinary-open-1-2-2-final: 10772.5 ops/s, verified
upstream-direct-ordinary-open-1-3-0-final: 10824.3 ops/s, verified
upstream-direct-ordinary-open-1-3-1-parent: 16698.3 ops/s, verified
upstream-direct-ordinary-open-1-3-2-dev: 7153.3 ops/s, verified
upstream-shared-ordinary-read-1-0-0-dev: 51100.5 ops/s, verified
upstream-shared-ordinary-read-1-0-1-parent: 50908.1 ops/s, verified
upstream-shared-ordinary-read-1-0-2-final: 48597.6 ops/s, verified
upstream-shared-ordinary-read-1-1-0-final: 48248.8 ops/s, verified
upstream-shared-ordinary-read-1-1-1-parent: 53749.0 ops/s, verified
upstream-shared-ordinary-read-1-1-2-dev: 49187.7 ops/s, verified
upstream-shared-ordinary-read-1-2-0-dev: 50742.8 ops/s, verified
upstream-shared-ordinary-read-1-2-1-parent: 49888.1 ops/s, verified
upstream-shared-ordinary-read-1-2-2-final: 46563.9 ops/s, verified
upstream-shared-ordinary-read-1-3-0-final: 46872.1 ops/s, verified
upstream-shared-ordinary-read-1-3-1-parent: 52931.8 ops/s, verified
upstream-shared-ordinary-read-1-3-2-dev: 52772.8 ops/s, verified
upstream-shared-legacy-read-1-0-0-dev: 8340.1 ops/s, verified
upstream-shared-legacy-read-1-0-1-parent: 7962.9 ops/s, verified
upstream-shared-legacy-read-1-0-2-final: 7742.3 ops/s, verified
upstream-shared-legacy-read-1-1-0-final: 7786.9 ops/s, verified
upstream-shared-legacy-read-1-1-1-parent: 7774.2 ops/s, verified
upstream-shared-legacy-read-1-1-2-dev: 8274.8 ops/s, verified
upstream-shared-legacy-read-1-2-0-dev: 8252.0 ops/s, verified
upstream-shared-legacy-read-1-2-1-parent: 7997.9 ops/s, verified
upstream-shared-legacy-read-1-2-2-final: 7525.5 ops/s, verified
upstream-shared-legacy-read-1-3-0-final: 7808.4 ops/s, verified
upstream-shared-legacy-read-1-3-1-parent: 7802.9 ops/s, verified
upstream-shared-legacy-read-1-3-2-dev: 8395.7 ops/s, verified
