Open files written by published packages	Set up job	﻿2026-09-30T09:03:47.1860440Z Current runner version: '2.337.0'
Open files written by published packages	Set up job	2026-09-30T09:03:47.1888773Z ##[group]Runner Image Provisioner
Open files written by published packages	Set up job	2026-09-30T09:03:47.1889664Z Hosted Compute Agent
Open files written by published packages	Set up job	2026-09-30T09:03:47.1890332Z Version: 20260828.587
Open files written by published packages	Set up job	2026-09-30T09:03:47.1891049Z Commit: abac92662cab4cc7352de4f9f9d2e2419aad9c29
Open files written by published packages	Set up job	2026-09-30T09:03:47.1891782Z Build Date: 2026-08-28T16:44:25Z
Open files written by published packages	Set up job	2026-09-30T09:03:47.1892487Z Worker ID: {913ee300-0ae5-4705-8007-1ce25ff08433}
Open files written by published packages	Set up job	2026-09-30T09:03:47.1893212Z Azure Region: westus
Open files written by published packages	Set up job	2026-09-30T09:03:47.1894053Z ##[endgroup]
Open files written by published packages	Set up job	2026-09-30T09:03:47.1895588Z ##[group]Operating System
Open files written by published packages	Set up job	2026-09-30T09:03:47.1896282Z Ubuntu
Open files written by published packages	Set up job	2026-09-30T09:03:47.1896864Z 24.04.5
Open files written by published packages	Set up job	2026-09-30T09:03:47.1897398Z LTS
Open files written by published packages	Set up job	2026-09-30T09:03:47.1897947Z ##[endgroup]
Open files written by published packages	Set up job	2026-09-30T09:03:47.1898549Z ##[group]Runner Image
Open files written by published packages	Set up job	2026-09-30T09:03:47.1899142Z Image: ubuntu-24.04
Open files written by published packages	Set up job	2026-09-30T09:03:47.1899707Z Version: 20260920.314.1
Open files written by published packages	Set up job	2026-09-30T09:03:47.1900863Z Included Software: https://github.com/actions/runner-images/blob/ubuntu24/20260920.314/images/ubuntu/Ubuntu2404-Readme.md
Open files written by published packages	Set up job	2026-09-30T09:03:47.1902686Z Image Release: https://github.com/actions/runner-images/releases/tag/ubuntu24%2F20260920.314
Open files written by published packages	Set up job	2026-09-30T09:03:47.1904047Z ##[endgroup]
Open files written by published packages	Set up job	2026-09-30T09:03:47.1905255Z ##[group]GITHUB_TOKEN Permissions
Open files written by published packages	Set up job	2026-09-30T09:03:47.1907168Z Contents: read
Open files written by published packages	Set up job	2026-09-30T09:03:47.1907775Z Metadata: read
Open files written by published packages	Set up job	2026-09-30T09:03:47.1908442Z ##[endgroup]
Open files written by published packages	Set up job	2026-09-30T09:03:47.1910485Z Secret source: Actions
Open files written by published packages	Set up job	2026-09-30T09:03:47.1911510Z Cache mode: write
Open files written by published packages	Set up job	2026-09-30T09:03:47.1912257Z Prepare workflow directory
Open files written by published packages	Set up job	2026-09-30T09:03:47.2257897Z Prepare all required actions
Open files written by published packages	Set up job	2026-09-30T09:03:47.2308180Z Getting action download info
Open files written by published packages	Set up job	2026-09-30T09:03:47.6126941Z Download action repository 'actions/checkout@v4' (SHA:11d5960a326750d5838078e36cf38b85af677262)
Open files written by published packages	Set up job	2026-09-30T09:03:47.6965383Z Download action repository 'actions/setup-dotnet@v4' (SHA:67a3573c9a986a3f9c594539f4ab511d57bb3ce9)
Open files written by published packages	Set up job	2026-09-30T09:03:48.2134203Z Complete job name: Open files written by published packages
Open files written by published packages	Check out repository	﻿2026-09-30T09:03:48.2893048Z ##[group]Run actions/checkout@v4
Open files written by published packages	Check out repository	2026-09-30T09:03:48.2894218Z with:
Open files written by published packages	Check out repository	2026-09-30T09:03:48.2894690Z   repository: JKamsker/LiteDB
Open files written by published packages	Check out repository	2026-09-30T09:03:48.2898359Z   token: ***
Open files written by published packages	Check out repository	2026-09-30T09:03:48.2898801Z   ssh-strict: true
Open files written by published packages	Check out repository	2026-09-30T09:03:48.2899247Z   ssh-user: git
Open files written by published packages	Check out repository	2026-09-30T09:03:48.2899698Z   persist-credentials: true
Open files written by published packages	Check out repository	2026-09-30T09:03:48.2900191Z   clean: true
Open files written by published packages	Check out repository	2026-09-30T09:03:48.2900647Z   sparse-checkout-cone-mode: true
Open files written by published packages	Check out repository	2026-09-30T09:03:48.2901175Z   fetch-depth: 1
Open files written by published packages	Check out repository	2026-09-30T09:03:48.2901616Z   fetch-tags: false
Open files written by published packages	Check out repository	2026-09-30T09:03:48.2902070Z   show-progress: true
Open files written by published packages	Check out repository	2026-09-30T09:03:48.2902529Z   lfs: false
Open files written by published packages	Check out repository	2026-09-30T09:03:48.2902944Z   submodules: false
Open files written by published packages	Check out repository	2026-09-30T09:03:48.2903779Z   set-safe-directory: true
Open files written by published packages	Check out repository	2026-09-30T09:03:48.2904388Z   allow-unsafe-pr-checkout: false
Open files written by published packages	Check out repository	2026-09-30T09:03:48.2905235Z ##[endgroup]
Open files written by published packages	Check out repository	2026-09-30T09:03:48.3923772Z Syncing repository: JKamsker/LiteDB
Open files written by published packages	Check out repository	2026-09-30T09:03:48.3926353Z ##[group]Getting Git version info
Open files written by published packages	Check out repository	2026-09-30T09:03:48.3927466Z Working directory is '__CI_HOME__/work/LiteDB/LiteDB'
Open files written by published packages	Check out repository	2026-09-30T09:03:48.3929139Z [command]/usr/bin/git version
Open files written by published packages	Check out repository	2026-09-30T09:03:48.3976416Z git version 2.55.0
Open files written by published packages	Check out repository	2026-09-30T09:03:48.3999193Z ##[endgroup]
Open files written by published packages	Check out repository	2026-09-30T09:03:48.4015248Z Temporarily overriding HOME='__CI_HOME__/work/_temp/e1938b82-b8ba-4d44-9814-a16a55439c83' before making global git config changes
Open files written by published packages	Check out repository	2026-09-30T09:03:48.4017704Z Adding repository directory to the temporary git global config as a safe directory
Open files written by published packages	Check out repository	2026-09-30T09:03:48.4019965Z [command]/usr/bin/git config --global --add safe.directory __CI_WORKSPACE__
Open files written by published packages	Check out repository	2026-09-30T09:03:48.4074200Z Deleting the contents of '__CI_HOME__/work/LiteDB/LiteDB'
Open files written by published packages	Check out repository	2026-09-30T09:03:48.4097243Z ##[group]Initializing the repository
Open files written by published packages	Check out repository	2026-09-30T09:03:48.4102262Z [command]/usr/bin/git init __CI_WORKSPACE__
Open files written by published packages	Check out repository	2026-09-30T09:03:48.4219310Z hint: Using 'master' as the name for the initial branch. This default branch name
Open files written by published packages	Check out repository	2026-09-30T09:03:48.4221183Z hint: will change to "main" in Git 3.0. To configure the initial branch name
Open files written by published packages	Check out repository	2026-09-30T09:03:48.4223468Z hint: to use in all of your new repositories, which will suppress this warning,
Open files written by published packages	Check out repository	2026-09-30T09:03:48.4224993Z hint: call:
Open files written by published packages	Check out repository	2026-09-30T09:03:48.4225851Z hint:
Open files written by published packages	Check out repository	2026-09-30T09:03:48.4227029Z hint: 	git config --global init.defaultBranch <name>
Open files written by published packages	Check out repository	2026-09-30T09:03:48.4228417Z hint:
Open files written by published packages	Check out repository	2026-09-30T09:03:48.4229228Z hint: Names commonly chosen instead of 'master' are 'main', 'trunk' and
Open files written by published packages	Check out repository	2026-09-30T09:03:48.4230340Z hint: 'development'. The just-created branch can be renamed via this command:
Open files written by published packages	Check out repository	2026-09-30T09:03:48.4231232Z hint:
Open files written by published packages	Check out repository	2026-09-30T09:03:48.4231829Z hint: 	git branch -m <name>
Open files written by published packages	Check out repository	2026-09-30T09:03:48.4232470Z hint:
Open files written by published packages	Check out repository	2026-09-30T09:03:48.4233241Z hint: Disable this message with "git config set advice.defaultBranchName false"
Open files written by published packages	Check out repository	2026-09-30T09:03:48.4235112Z Initialized empty Git repository in __CI_WORKSPACE__/.git/
Open files written by published packages	Check out repository	2026-09-30T09:03:48.4237545Z [command]/usr/bin/git remote add origin https://github.com/JKamsker/LiteDB
Open files written by published packages	Check out repository	2026-09-30T09:03:48.4286445Z ##[endgroup]
Open files written by published packages	Check out repository	2026-09-30T09:03:48.4287805Z ##[group]Disabling automatic garbage collection
Open files written by published packages	Check out repository	2026-09-30T09:03:48.4292020Z [command]/usr/bin/git config --local gc.auto 0
Open files written by published packages	Check out repository	2026-09-30T09:03:48.4326346Z ##[endgroup]
Open files written by published packages	Check out repository	2026-09-30T09:03:48.4327568Z ##[group]Setting up auth
Open files written by published packages	Check out repository	2026-09-30T09:03:48.4336290Z [command]/usr/bin/git config --local --name-only --get-regexp core\.sshCommand
Open files written by published packages	Check out repository	2026-09-30T09:03:48.4374929Z [command]/usr/bin/git submodule foreach --recursive sh -c "git config --local --name-only --get-regexp 'core\.sshCommand' && git config --local --unset-all 'core.sshCommand' || :"
Open files written by published packages	Check out repository	2026-09-30T09:03:48.4739302Z [command]/usr/bin/git config --local --name-only --get-regexp http\.https\:\/\/github\.com\/\.extraheader
Open files written by published packages	Check out repository	2026-09-30T09:03:48.4780160Z [command]/usr/bin/git submodule foreach --recursive sh -c "git config --local --name-only --get-regexp 'http\.https\:\/\/github\.com\/\.extraheader' && git config --local --unset-all 'http.https://github.com/.extraheader' || :"
Open files written by published packages	Check out repository	2026-09-30T09:03:48.5017839Z [command]/usr/bin/git config --local --name-only --get-regexp ^includeIf\.gitdir:
Open files written by published packages	Check out repository	2026-09-30T09:03:48.5055803Z [command]/usr/bin/git submodule foreach --recursive git config --local --show-origin --name-only --get-regexp remote.origin.url
Open files written by published packages	Check out repository	2026-09-30T09:03:48.5280553Z [command]/usr/bin/git config --local http.https://github.com/.extraheader AUTHORIZATION: basic ***
Open files written by published packages	Check out repository	2026-09-30T09:03:48.5320906Z ##[endgroup]
Open files written by published packages	Check out repository	2026-09-30T09:03:48.5321798Z ##[group]Fetching the repository
Open files written by published packages	Check out repository	2026-09-30T09:03:48.5341630Z [command]/usr/bin/git -c protocol.version=2 fetch --no-tags --prune --no-recurse-submodules --depth=1 origin +dafa93b84a2ef4b009c7531c6aa11d7d4728f17e:refs/remotes/pull/133/merge
Open files written by published packages	Check out repository	2026-09-30T09:03:49.5194821Z From https://github.com/JKamsker/LiteDB
Open files written by published packages	Check out repository	2026-09-30T09:03:49.5205405Z  * [new ref]         dafa93b84a2ef4b009c7531c6aa11d7d4728f17e -> pull/133/merge
Open files written by published packages	Check out repository	2026-09-30T09:03:49.5235892Z ##[endgroup]
Open files written by published packages	Check out repository	2026-09-30T09:03:49.5237872Z ##[group]Determining the checkout info
Open files written by published packages	Check out repository	2026-09-30T09:03:49.5239898Z ##[endgroup]
Open files written by published packages	Check out repository	2026-09-30T09:03:49.5241167Z [command]/usr/bin/git sparse-checkout disable
Open files written by published packages	Check out repository	2026-09-30T09:03:49.5260571Z [command]/usr/bin/git config --local --unset-all extensions.worktreeConfig
Open files written by published packages	Check out repository	2026-09-30T09:03:49.5294055Z ##[group]Checking out the ref
Open files written by published packages	Check out repository	2026-09-30T09:03:49.5296469Z [command]/usr/bin/git checkout --progress --force refs/remotes/pull/133/merge
Open files written by published packages	Check out repository	2026-09-30T09:03:49.6581333Z Note: switching to 'refs/remotes/pull/133/merge'.
Open files written by published packages	Check out repository	2026-09-30T09:03:49.6583036Z 
Open files written by published packages	Check out repository	2026-09-30T09:03:49.6584542Z You are in 'detached HEAD' state. You can look around, make experimental
Open files written by published packages	Check out repository	2026-09-30T09:03:49.6587482Z changes and commit them, and you can discard any commits you make in this
Open files written by published packages	Check out repository	2026-09-30T09:03:49.6590391Z state without impacting any branches by switching back to a branch.
Open files written by published packages	Check out repository	2026-09-30T09:03:49.6591557Z 
Open files written by published packages	Check out repository	2026-09-30T09:03:49.6592341Z If you want to create a new branch to retain commits you create, you may
Open files written by published packages	Check out repository	2026-09-30T09:03:49.6594664Z do so (now or later) by using -c with the switch command. Example:
Open files written by published packages	Check out repository	2026-09-30T09:03:49.6595858Z 
Open files written by published packages	Check out repository	2026-09-30T09:03:49.6596414Z   git switch -c <new-branch-name>
Open files written by published packages	Check out repository	2026-09-30T09:03:49.6597365Z 
Open files written by published packages	Check out repository	2026-09-30T09:03:49.6597991Z Or undo this operation with:
Open files written by published packages	Check out repository	2026-09-30T09:03:49.6599101Z 
Open files written by published packages	Check out repository	2026-09-30T09:03:49.6599708Z   git switch -
Open files written by published packages	Check out repository	2026-09-30T09:03:49.6600701Z 
Open files written by published packages	Check out repository	2026-09-30T09:03:49.6601790Z Turn off this advice by setting config variable advice.detachedHead to false
Open files written by published packages	Check out repository	2026-09-30T09:03:49.6603236Z 
Open files written by published packages	Check out repository	2026-09-30T09:03:49.6605130Z HEAD is now at dafa93b Merge 01082139228101bee16048c6d375b72c9becb16a into 49c327cf1926fa300f9eb7477eb4bcb404f75c43
Open files written by published packages	Check out repository	2026-09-30T09:03:49.6610734Z ##[endgroup]
Open files written by published packages	Check out repository	2026-09-30T09:03:49.6646651Z [command]/usr/bin/git log -1 --format=%H
Open files written by published packages	Check out repository	2026-09-30T09:03:49.6675000Z dafa93b84a2ef4b009c7531c6aa11d7d4728f17e
Open files written by published packages	Set up .NET SDK	﻿2026-09-30T09:03:49.7036424Z ##[group]Run actions/setup-dotnet@v4
Open files written by published packages	Set up .NET SDK	2026-09-30T09:03:49.7037973Z with:
Open files written by published packages	Set up .NET SDK	2026-09-30T09:03:49.7038986Z   dotnet-version: 10.0.x
Open files written by published packages	Set up .NET SDK	8.0.x
Open files written by published packages	Set up .NET SDK	
Open files written by published packages	Set up .NET SDK	2026-09-30T09:03:49.7040212Z   cache: false
Open files written by published packages	Set up .NET SDK	2026-09-30T09:03:49.7041268Z ##[endgroup]
Open files written by published packages	Set up .NET SDK	2026-09-30T09:03:49.8487048Z (node:2310) [DEP0040] DeprecationWarning: The `punycode` module is deprecated. Please use a userland alternative instead.
Open files written by published packages	Set up .NET SDK	2026-09-30T09:03:49.8492199Z (Use `node --trace-deprecation ...` to show where the warning was created)
Open files written by published packages	Set up .NET SDK	2026-09-30T09:03:49.8539022Z [command]__CI_HOME__/work/_actions/actions/setup-dotnet/v4/externals/install-dotnet.sh --skip-non-versioned-files --runtime dotnet --channel LTS
Open files written by published packages	Set up .NET SDK	2026-09-30T09:03:50.1133819Z dotnet-install: .NET Core Runtime with version '10.0.12' is already installed.
Open files written by published packages	Set up .NET SDK	2026-09-30T09:03:50.1160784Z [command]__CI_HOME__/work/_actions/actions/setup-dotnet/v4/externals/install-dotnet.sh --skip-non-versioned-files --channel 10.0
Open files written by published packages	Set up .NET SDK	2026-09-30T09:03:50.3300175Z dotnet-install: .NET Core SDK with version '10.0.401' is already installed.
Open files written by published packages	Set up .NET SDK	2026-09-30T09:03:50.3321133Z [command]__CI_HOME__/work/_actions/actions/setup-dotnet/v4/externals/install-dotnet.sh --skip-non-versioned-files --runtime dotnet --channel LTS
Open files written by published packages	Set up .NET SDK	2026-09-30T09:03:50.5356115Z dotnet-install: .NET Core Runtime with version '10.0.12' is already installed.
Open files written by published packages	Set up .NET SDK	2026-09-30T09:03:50.5364932Z [command]__CI_HOME__/work/_actions/actions/setup-dotnet/v4/externals/install-dotnet.sh --skip-non-versioned-files --channel 8.0
Open files written by published packages	Set up .NET SDK	2026-09-30T09:03:50.7334516Z dotnet-install: .NET Core SDK with version '8.0.425' is already installed.
Open files written by published packages	Write fixtures with each package and open them with the current engine	﻿2026-09-30T09:03:50.7594160Z ##[group]Run python3 scripts/test-prerelease-compatibility.py --prereleases "$COUNT"
Open files written by published packages	Write fixtures with each package and open them with the current engine	2026-09-30T09:03:50.7594970Z [36;1mpython3 scripts/test-prerelease-compatibility.py --prereleases "$COUNT"[0m
Open files written by published packages	Write fixtures with each package and open them with the current engine	2026-09-30T09:03:50.7851322Z shell: /usr/bin/bash -e {0}
Open files written by published packages	Write fixtures with each package and open them with the current engine	2026-09-30T09:03:50.7851791Z env:
Open files written by published packages	Write fixtures with each package and open them with the current engine	2026-09-30T09:03:50.7852160Z   DOTNET_ROOT: /usr/share/dotnet
Open files written by published packages	Write fixtures with each package and open them with the current engine	2026-09-30T09:03:50.7852584Z   COUNT: 3
Open files written by published packages	Write fixtures with each package and open them with the current engine	2026-09-30T09:03:50.7852914Z ##[endgroup]
Open files written by published packages	Write fixtures with each package and open them with the current engine	2026-09-30T09:03:57.0135151Z __CI_WORKSPACE__/LiteDB/LiteDB.csproj : warning NU1510: PackageReference System.ComponentModel.TypeConverter will not be pruned. This package is automatically available and does not need to be referenced explicitly. Remove the PackageReference item. [__WORKSPACE__/temporary/litedb-prerelease-compat-ov3zmwb4/current/Probe.csproj]
Open files written by published packages	Write fixtures with each package and open them with the current engine	2026-09-30T09:03:58.7056681Z __CI_WORKSPACE__/LiteDB/LiteDB.csproj : warning NU1510: PackageReference System.ComponentModel.TypeConverter will not be pruned. This package is automatically available and does not need to be referenced explicitly. Remove the PackageReference item. [TargetFramework=net8.0]
Open files written by published packages	Write fixtures with each package and open them with the current engine	2026-09-30T09:04:08.6057160Z ##[warning]__CI_WORKSPACE__/LiteDB/Client/Mapper/BsonMapper.Deserialize.cs(27,39): warning CS8632: The annotation for nullable reference types should only be used in code within a '#nullable' annotations context. [__CI_WORKSPACE__/LiteDB/LiteDB.csproj::TargetFramework=net8.0]
Open files written by published packages	Write fixtures with each package and open them with the current engine	2026-09-30T09:04:08.6085648Z ##[warning]__CI_WORKSPACE__/LiteDB/Engine/FileReader/Legacy/AesEncryption.cs(21,23): warning SYSLIB0041: 'Rfc2898DeriveBytes.Rfc2898DeriveBytes(string, byte[])' is obsolete: 'The default hash algorithm and iteration counts in Rfc2898DeriveBytes constructors are outdated and insecure. Use a constructor that accepts the hash algorithm and the number of iterations.' (https://aka.ms/dotnet-warnings/SYSLIB0041) [__CI_WORKSPACE__/LiteDB/LiteDB.csproj::TargetFramework=net8.0]
Open files written by published packages	Write fixtures with each package and open them with the current engine	2026-09-30T09:04:08.6100052Z ##[warning]__CI_WORKSPACE__/LiteDB/Engine/Disk/Streams/AesStream.cs(97,27): warning SYSLIB0041: 'Rfc2898DeriveBytes.Rfc2898DeriveBytes(string, byte[])' is obsolete: 'The default hash algorithm and iteration counts in Rfc2898DeriveBytes constructors are outdated and insecure. Use a constructor that accepts the hash algorithm and the number of iterations.' (https://aka.ms/dotnet-warnings/SYSLIB0041) [__CI_WORKSPACE__/LiteDB/LiteDB.csproj::TargetFramework=net8.0]
Open files written by published packages	Write fixtures with each package and open them with the current engine	2026-09-30T09:04:08.6107878Z ##[warning]__CI_WORKSPACE__/LiteDB/Engine/FileReader/FileReaderV8.cs(23,29): warning CS0649: Field 'FileReaderV8.PageInfo.PageType' is never assigned to, and will always have its default value [__CI_WORKSPACE__/LiteDB/LiteDB.csproj::TargetFramework=net8.0]
Open files written by published packages	Write fixtures with each package and open them with the current engine	2026-09-30T09:04:08.6114285Z ##[warning]__CI_WORKSPACE__/LiteDB/Engine/LiteEngine.cs(228,37): warning CS1734: XML comment on 'LiteEngine.InvalidDatafileState' has a paramref tag for 'checkpoint', but there is no parameter by that name [__CI_WORKSPACE__/LiteDB/LiteDB.csproj::TargetFramework=net8.0]
Open files written by published packages	Write fixtures with each package and open them with the current engine	2026-09-30T09:04:08.6120352Z ##[warning]__CI_WORKSPACE__/LiteDB/Engine/LiteEngine.cs(231,42): warning CS1734: XML comment on 'LiteEngine.InvalidDatafileState' has a paramref tag for 'final', but there is no parameter by that name [__CI_WORKSPACE__/LiteDB/LiteDB.csproj::TargetFramework=net8.0]
Open files written by published packages	Write fixtures with each package and open them with the current engine	2026-09-30T09:04:08.6129444Z ##[warning]__CI_WORKSPACE__/LiteDB/Client/Coordinated/CoordinatorClient.Snapshots.cs(376,42): warning CS1573: Parameter 'engine' has no matching param tag in the XML comment for 'CoordinatorClient.Snapshot.Snapshot(LiteEngine, IDisposable, int, CoordinatorStatus)' (but other parameters do) [__CI_WORKSPACE__/LiteDB/LiteDB.csproj::TargetFramework=net8.0]
Open files written by published packages	Write fixtures with each package and open them with the current engine	2026-09-30T09:04:08.6139018Z ##[warning]__CI_WORKSPACE__/LiteDB/Client/Coordinated/CoordinatorClient.Snapshots.cs(376,62): warning CS1573: Parameter 'lease' has no matching param tag in the XML comment for 'CoordinatorClient.Snapshot.Snapshot(LiteEngine, IDisposable, int, CoordinatorStatus)' (but other parameters do) [__CI_WORKSPACE__/LiteDB/LiteDB.csproj::TargetFramework=net8.0]
Open files written by published packages	Write fixtures with each package and open them with the current engine	2026-09-30T09:04:08.6147991Z ##[warning]__CI_WORKSPACE__/LiteDB/Client/Coordinated/CoordinatorClient.Snapshots.cs(376,73): warning CS1573: Parameter 'version' has no matching param tag in the XML comment for 'CoordinatorClient.Snapshot.Snapshot(LiteEngine, IDisposable, int, CoordinatorStatus)' (but other parameters do) [__CI_WORKSPACE__/LiteDB/LiteDB.csproj::TargetFramework=net8.0]
Open files written by published packages	Write fixtures with each package and open them with the current engine	2026-09-30T09:04:08.6158040Z ##[warning]__CI_WORKSPACE__/LiteDB/Client/Coordinated/CoordinatorStatusPage.cs(115,57): warning CA1416: This call site is reachable on all platforms. 'File.GetUnixFileMode(string)' is unsupported on: 'windows'. (https://learn.microsoft.com/dotnet/fundamentals/code-analysis/quality-rules/ca1416) [__CI_WORKSPACE__/LiteDB/LiteDB.csproj::TargetFramework=net8.0]
Open files written by published packages	Write fixtures with each package and open them with the current engine	2026-09-30T09:04:08.6164185Z ##[warning]__CI_WORKSPACE__/LiteDB/Client/Coordinated/CoordinatorStatusPage.cs(133,17): warning CA1416: This call site is reachable on all platforms. 'Directory.CreateDirectory(string, UnixFileMode)' is unsupported on: 'windows'. (https://learn.microsoft.com/dotnet/fundamentals/code-analysis/quality-rules/ca1416) [__CI_WORKSPACE__/LiteDB/LiteDB.csproj::TargetFramework=net8.0]
Open files written by published packages	Write fixtures with each package and open them with the current engine	2026-09-30T09:04:08.6169333Z ##[warning]__CI_WORKSPACE__/LiteDB/Client/Coordinated/CoordinatorStatusPage.cs(145,51): warning CA1416: This call site is reachable on all platforms. 'File.SetUnixFileMode(string, UnixFileMode)' is unsupported on: 'windows'. (https://learn.microsoft.com/dotnet/fundamentals/code-analysis/quality-rules/ca1416) [__CI_WORKSPACE__/LiteDB/LiteDB.csproj::TargetFramework=net8.0]
Open files written by published packages	Write fixtures with each package and open them with the current engine	2026-09-30T09:04:08.6174309Z ##[warning]__CI_WORKSPACE__/LiteDB/Client/Coordinated/CoordinatorStatusPage.cs(138,24): warning CA1416: This call site is reachable on all platforms. 'File.GetUnixFileMode(string)' is unsupported on: 'windows'. (https://learn.microsoft.com/dotnet/fundamentals/code-analysis/quality-rules/ca1416) [__CI_WORKSPACE__/LiteDB/LiteDB.csproj::TargetFramework=net8.0]
Open files written by published packages	Write fixtures with each package and open them with the current engine	2026-09-30T09:04:08.6178961Z ##[warning]__CI_WORKSPACE__/LiteDB/Client/Coordinated/CoordinatorStatusPage.cs(170,27): warning CA1416: This call site is reachable on all platforms. 'FileStreamOptions.UnixCreateMode.set' is unsupported on: 'windows'. (https://learn.microsoft.com/dotnet/fundamentals/code-analysis/quality-rules/ca1416) [__CI_WORKSPACE__/LiteDB/LiteDB.csproj::TargetFramework=net8.0]
Open files written by published packages	Write fixtures with each package and open them with the current engine	2026-09-30T09:04:09.0095147Z 
Open files written by published packages	Write fixtures with each package and open them with the current engine	2026-09-30T09:04:09.0104474Z Build succeeded.
Open files written by published packages	Write fixtures with each package and open them with the current engine	2026-09-30T09:04:09.0109041Z 
Open files written by published packages	Write fixtures with each package and open them with the current engine	2026-09-30T09:04:09.0112866Z __CI_WORKSPACE__/LiteDB/LiteDB.csproj : warning NU1510: PackageReference System.ComponentModel.TypeConverter will not be pruned. This package is automatically available and does not need to be referenced explicitly. Remove the PackageReference item. [__WORKSPACE__/temporary/litedb-prerelease-compat-ov3zmwb4/current/Probe.csproj]
Open files written by published packages	Write fixtures with each package and open them with the current engine	2026-09-30T09:04:09.0118102Z __CI_WORKSPACE__/LiteDB/LiteDB.csproj : warning NU1510: PackageReference System.ComponentModel.TypeConverter will not be pruned. This package is automatically available and does not need to be referenced explicitly. Remove the PackageReference item. [TargetFramework=net8.0]
Open files written by published packages	Write fixtures with each package and open them with the current engine	2026-09-30T09:04:09.0124220Z ##[warning]__CI_WORKSPACE__/LiteDB/Client/Mapper/BsonMapper.Deserialize.cs(27,39): warning CS8632: The annotation for nullable reference types should only be used in code within a '#nullable' annotations context. [__CI_WORKSPACE__/LiteDB/LiteDB.csproj::TargetFramework=net8.0]
Open files written by published packages	Write fixtures with each package and open them with the current engine	2026-09-30T09:04:09.0134276Z ##[warning]__CI_WORKSPACE__/LiteDB/Engine/FileReader/Legacy/AesEncryption.cs(21,23): warning SYSLIB0041: 'Rfc2898DeriveBytes.Rfc2898DeriveBytes(string, byte[])' is obsolete: 'The default hash algorithm and iteration counts in Rfc2898DeriveBytes constructors are outdated and insecure. Use a constructor that accepts the hash algorithm and the number of iterations.' (https://aka.ms/dotnet-warnings/SYSLIB0041) [__CI_WORKSPACE__/LiteDB/LiteDB.csproj::TargetFramework=net8.0]
Open files written by published packages	Write fixtures with each package and open them with the current engine	2026-09-30T09:04:09.0146027Z ##[warning]__CI_WORKSPACE__/LiteDB/Engine/Disk/Streams/AesStream.cs(97,27): warning SYSLIB0041: 'Rfc2898DeriveBytes.Rfc2898DeriveBytes(string, byte[])' is obsolete: 'The default hash algorithm and iteration counts in Rfc2898DeriveBytes constructors are outdated and insecure. Use a constructor that accepts the hash algorithm and the number of iterations.' (https://aka.ms/dotnet-warnings/SYSLIB0041) [__CI_WORKSPACE__/LiteDB/LiteDB.csproj::TargetFramework=net8.0]
Open files written by published packages	Write fixtures with each package and open them with the current engine	2026-09-30T09:04:09.0155929Z ##[warning]__CI_WORKSPACE__/LiteDB/Engine/FileReader/FileReaderV8.cs(23,29): warning CS0649: Field 'FileReaderV8.PageInfo.PageType' is never assigned to, and will always have its default value [__CI_WORKSPACE__/LiteDB/LiteDB.csproj::TargetFramework=net8.0]
Open files written by published packages	Write fixtures with each package and open them with the current engine	2026-09-30T09:04:09.0162025Z ##[warning]__CI_WORKSPACE__/LiteDB/Engine/LiteEngine.cs(228,37): warning CS1734: XML comment on 'LiteEngine.InvalidDatafileState' has a paramref tag for 'checkpoint', but there is no parameter by that name [__CI_WORKSPACE__/LiteDB/LiteDB.csproj::TargetFramework=net8.0]
Open files written by published packages	Write fixtures with each package and open them with the current engine	2026-09-30T09:04:09.0170324Z ##[warning]__CI_WORKSPACE__/LiteDB/Engine/LiteEngine.cs(231,42): warning CS1734: XML comment on 'LiteEngine.InvalidDatafileState' has a paramref tag for 'final', but there is no parameter by that name [__CI_WORKSPACE__/LiteDB/LiteDB.csproj::TargetFramework=net8.0]
Open files written by published packages	Write fixtures with each package and open them with the current engine	2026-09-30T09:04:09.0177570Z ##[warning]__CI_WORKSPACE__/LiteDB/Client/Coordinated/CoordinatorClient.Snapshots.cs(376,42): warning CS1573: Parameter 'engine' has no matching param tag in the XML comment for 'CoordinatorClient.Snapshot.Snapshot(LiteEngine, IDisposable, int, CoordinatorStatus)' (but other parameters do) [__CI_WORKSPACE__/LiteDB/LiteDB.csproj::TargetFramework=net8.0]
Open files written by published packages	Write fixtures with each package and open them with the current engine	2026-09-30T09:04:09.0187517Z ##[warning]__CI_WORKSPACE__/LiteDB/Client/Coordinated/CoordinatorClient.Snapshots.cs(376,62): warning CS1573: Parameter 'lease' has no matching param tag in the XML comment for 'CoordinatorClient.Snapshot.Snapshot(LiteEngine, IDisposable, int, CoordinatorStatus)' (but other parameters do) [__CI_WORKSPACE__/LiteDB/LiteDB.csproj::TargetFramework=net8.0]
Open files written by published packages	Write fixtures with each package and open them with the current engine	2026-09-30T09:04:09.0196883Z ##[warning]__CI_WORKSPACE__/LiteDB/Client/Coordinated/CoordinatorClient.Snapshots.cs(376,73): warning CS1573: Parameter 'version' has no matching param tag in the XML comment for 'CoordinatorClient.Snapshot.Snapshot(LiteEngine, IDisposable, int, CoordinatorStatus)' (but other parameters do) [__CI_WORKSPACE__/LiteDB/LiteDB.csproj::TargetFramework=net8.0]
Open files written by published packages	Write fixtures with each package and open them with the current engine	2026-09-30T09:04:09.0206135Z ##[warning]__CI_WORKSPACE__/LiteDB/Client/Coordinated/CoordinatorStatusPage.cs(115,57): warning CA1416: This call site is reachable on all platforms. 'File.GetUnixFileMode(string)' is unsupported on: 'windows'. (https://learn.microsoft.com/dotnet/fundamentals/code-analysis/quality-rules/ca1416) [__CI_WORKSPACE__/LiteDB/LiteDB.csproj::TargetFramework=net8.0]
Open files written by published packages	Write fixtures with each package and open them with the current engine	2026-09-30T09:04:09.0214999Z ##[warning]__CI_WORKSPACE__/LiteDB/Client/Coordinated/CoordinatorStatusPage.cs(133,17): warning CA1416: This call site is reachable on all platforms. 'Directory.CreateDirectory(string, UnixFileMode)' is unsupported on: 'windows'. (https://learn.microsoft.com/dotnet/fundamentals/code-analysis/quality-rules/ca1416) [__CI_WORKSPACE__/LiteDB/LiteDB.csproj::TargetFramework=net8.0]
Open files written by published packages	Write fixtures with each package and open them with the current engine	2026-09-30T09:04:09.0223684Z ##[warning]__CI_WORKSPACE__/LiteDB/Client/Coordinated/CoordinatorStatusPage.cs(145,51): warning CA1416: This call site is reachable on all platforms. 'File.SetUnixFileMode(string, UnixFileMode)' is unsupported on: 'windows'. (https://learn.microsoft.com/dotnet/fundamentals/code-analysis/quality-rules/ca1416) [__CI_WORKSPACE__/LiteDB/LiteDB.csproj::TargetFramework=net8.0]
Open files written by published packages	Write fixtures with each package and open them with the current engine	2026-09-30T09:04:09.0232114Z ##[warning]__CI_WORKSPACE__/LiteDB/Client/Coordinated/CoordinatorStatusPage.cs(138,24): warning CA1416: This call site is reachable on all platforms. 'File.GetUnixFileMode(string)' is unsupported on: 'windows'. (https://learn.microsoft.com/dotnet/fundamentals/code-analysis/quality-rules/ca1416) [__CI_WORKSPACE__/LiteDB/LiteDB.csproj::TargetFramework=net8.0]
Open files written by published packages	Write fixtures with each package and open them with the current engine	2026-09-30T09:04:09.0241616Z ##[warning]__CI_WORKSPACE__/LiteDB/Client/Coordinated/CoordinatorStatusPage.cs(170,27): warning CA1416: This call site is reachable on all platforms. 'FileStreamOptions.UnixCreateMode.set' is unsupported on: 'windows'. (https://learn.microsoft.com/dotnet/fundamentals/code-analysis/quality-rules/ca1416) [__CI_WORKSPACE__/LiteDB/LiteDB.csproj::TargetFramework=net8.0]
Open files written by published packages	Write fixtures with each package and open them with the current engine	2026-09-30T09:04:09.0245944Z     16 Warning(s)
Open files written by published packages	Write fixtures with each package and open them with the current engine	2026-09-30T09:04:09.0246442Z     0 Error(s)
Open files written by published packages	Write fixtures with each package and open them with the current engine	2026-09-30T09:04:09.0246720Z 
Open files written by published packages	Write fixtures with each package and open them with the current engine	2026-09-30T09:04:09.0246960Z Time Elapsed 00:00:14.53
Open files written by published packages	Write fixtures with each package and open them with the current engine	2026-09-30T09:04:11.4700125Z 
Open files written by published packages	Write fixtures with each package and open them with the current engine	2026-09-30T09:04:11.4706679Z Build succeeded.
Open files written by published packages	Write fixtures with each package and open them with the current engine	2026-09-30T09:04:11.4707183Z     0 Warning(s)
Open files written by published packages	Write fixtures with each package and open them with the current engine	2026-09-30T09:04:11.4707559Z     0 Error(s)
Open files written by published packages	Write fixtures with each package and open them with the current engine	2026-09-30T09:04:11.4708412Z 
Open files written by published packages	Write fixtures with each package and open them with the current engine	2026-09-30T09:04:11.4708652Z Time Elapsed 00:00:02.05
Open files written by published packages	Write fixtures with each package and open them with the current engine	2026-09-30T09:04:16.2190385Z 
Open files written by published packages	Write fixtures with each package and open them with the current engine	2026-09-30T09:04:16.2199310Z Build succeeded.
Open files written by published packages	Write fixtures with each package and open them with the current engine	2026-09-30T09:04:16.2200085Z     0 Warning(s)
Open files written by published packages	Write fixtures with each package and open them with the current engine	2026-09-30T09:04:16.2200826Z     0 Error(s)
Open files written by published packages	Write fixtures with each package and open them with the current engine	2026-09-30T09:04:16.2201412Z 
Open files written by published packages	Write fixtures with each package and open them with the current engine	2026-09-30T09:04:16.2201797Z Time Elapsed 00:00:01.81
Open files written by published packages	Write fixtures with each package and open them with the current engine	2026-09-30T09:04:19.1782870Z 
Open files written by published packages	Write fixtures with each package and open them with the current engine	2026-09-30T09:04:19.1791755Z Build succeeded.
Open files written by published packages	Write fixtures with each package and open them with the current engine	2026-09-30T09:04:19.1792453Z     0 Warning(s)
Open files written by published packages	Write fixtures with each package and open them with the current engine	2026-09-30T09:04:19.1793701Z     0 Error(s)
Open files written by published packages	Write fixtures with each package and open them with the current engine	2026-09-30T09:04:19.1794529Z 
Open files written by published packages	Write fixtures with each package and open them with the current engine	2026-09-30T09:04:19.1794906Z Time Elapsed 00:00:01.83
Open files written by published packages	Write fixtures with each package and open them with the current engine	2026-09-30T09:04:22.2065686Z 
Open files written by published packages	Write fixtures with each package and open them with the current engine	2026-09-30T09:04:22.2072850Z Build succeeded.
Open files written by published packages	Write fixtures with each package and open them with the current engine	2026-09-30T09:04:22.2073660Z     0 Warning(s)
Open files written by published packages	Write fixtures with each package and open them with the current engine	2026-09-30T09:04:22.2074157Z     0 Error(s)
Open files written by published packages	Write fixtures with each package and open them with the current engine	2026-09-30T09:04:22.2074746Z 
Open files written by published packages	Write fixtures with each package and open them with the current engine	2026-09-30T09:04:22.2075039Z Time Elapsed 00:00:01.81
Open files written by published packages	Write fixtures with each package and open them with the current engine	2026-09-30T09:04:23.0758071Z == LiteDB 5.0.21
Open files written by published packages	Write fixtures with each package and open them with the current engine	2026-09-30T09:04:23.0758897Z LiteDB loaded: 0.0.0-detached+dafa93b84a2ef4b009c7531c6aa11d7d4728f17e
Open files written by published packages	Write fixtures with each package and open them with the current engine	2026-09-30T09:04:23.0761796Z plain-clean: migrated on a writable open (read-only open refused: LiteException 0: Database index ordering/collation requires migration. Open the database writable once to automatically rebuild its indexes, or add `legacy index scan=true` (LegacyIndexScan) to this read-only connection to query it with full scans instead of its indexes.), then written and reopened
Open files written by published packages	Write fixtures with each package and open them with the current engine	2026-09-30T09:04:23.0766418Z plain-wal: migrated on a writable open (read-only open refused: LiteException 0: Database index ordering/collation requires migration. Open the database writable once to automatically rebuild its indexes, or add `legacy index scan=true` (LegacyIndexScan) to this read-only connection to query it with full scans instead of its indexes.), then written and reopened
Open files written by published packages	Write fixtures with each package and open them with the current engine	2026-09-30T09:04:23.0770696Z encrypted-clean: migrated on a writable open (read-only open refused: LiteException 0: Database index ordering/collation requires migration. Open the database writable once to automatically rebuild its indexes, or add `legacy index scan=true` (LegacyIndexScan) to this read-only connection to query it with full scans instead of its indexes.), then written and reopened
Open files written by published packages	Write fixtures with each package and open them with the current engine	2026-09-30T09:04:23.0775192Z encrypted-wal: migrated on a writable open (read-only open refused: LiteException 0: Database index ordering/collation requires migration. Open the database writable once to automatically rebuild its indexes, or add `legacy index scan=true` (LegacyIndexScan) to this read-only connection to query it with full scans instead of its indexes.), then written and reopened
Open files written by published packages	Write fixtures with each package and open them with the current engine	2026-09-30T09:04:23.0777255Z 
Open files written by published packages	Write fixtures with each package and open them with the current engine	2026-09-30T09:04:23.0777455Z == LiteDB 6.0.0-prerelease.317
Open files written by published packages	Write fixtures with each package and open them with the current engine	2026-09-30T09:04:23.0778510Z LiteDB loaded: 0.0.0-detached+dafa93b84a2ef4b009c7531c6aa11d7d4728f17e
Open files written by published packages	Write fixtures with each package and open them with the current engine	2026-09-30T09:04:23.0779197Z plain-clean: read, then written and reopened
Open files written by published packages	Write fixtures with each package and open them with the current engine	2026-09-30T09:04:23.0779724Z plain-wal: read, then written and reopened
Open files written by published packages	Write fixtures with each package and open them with the current engine	2026-09-30T09:04:23.0780263Z encrypted-clean: read, then written and reopened
Open files written by published packages	Write fixtures with each package and open them with the current engine	2026-09-30T09:04:23.0780824Z encrypted-wal: read, then written and reopened
Open files written by published packages	Write fixtures with each package and open them with the current engine	2026-09-30T09:04:23.0781146Z 
Open files written by published packages	Write fixtures with each package and open them with the current engine	2026-09-30T09:04:23.0781315Z == LiteDB 6.0.0-prerelease.318
Open files written by published packages	Write fixtures with each package and open them with the current engine	2026-09-30T09:04:23.0781906Z LiteDB loaded: 0.0.0-detached+dafa93b84a2ef4b009c7531c6aa11d7d4728f17e
Open files written by published packages	Write fixtures with each package and open them with the current engine	2026-09-30T09:04:23.0782570Z plain-clean: read, then written and reopened
Open files written by published packages	Write fixtures with each package and open them with the current engine	2026-09-30T09:04:23.0783080Z plain-wal: read, then written and reopened
Open files written by published packages	Write fixtures with each package and open them with the current engine	2026-09-30T09:04:23.0783827Z encrypted-clean: read, then written and reopened
Open files written by published packages	Write fixtures with each package and open them with the current engine	2026-09-30T09:04:23.0784385Z encrypted-wal: read, then written and reopened
Open files written by published packages	Write fixtures with each package and open them with the current engine	2026-09-30T09:04:23.0784724Z 
Open files written by published packages	Write fixtures with each package and open them with the current engine	2026-09-30T09:04:23.0784890Z == LiteDB 6.0.0-prerelease.319
Open files written by published packages	Write fixtures with each package and open them with the current engine	2026-09-30T09:04:23.0785498Z LiteDB loaded: 0.0.0-detached+dafa93b84a2ef4b009c7531c6aa11d7d4728f17e
Open files written by published packages	Write fixtures with each package and open them with the current engine	2026-09-30T09:04:23.0786164Z plain-clean: read, then written and reopened
Open files written by published packages	Write fixtures with each package and open them with the current engine	2026-09-30T09:04:23.0786669Z plain-wal: read, then written and reopened
Open files written by published packages	Write fixtures with each package and open them with the current engine	2026-09-30T09:04:23.0787207Z encrypted-clean: read, then written and reopened
Open files written by published packages	Write fixtures with each package and open them with the current engine	2026-09-30T09:04:23.0787766Z encrypted-wal: read, then written and reopened
Open files written by published packages	Write fixtures with each package and open them with the current engine	2026-09-30T09:04:23.0788101Z 
Open files written by published packages	Write fixtures with each package and open them with the current engine	2026-09-30T09:04:23.0788294Z | Written by | Fixture | Current engine |
Open files written by published packages	Write fixtures with each package and open them with the current engine	2026-09-30T09:04:23.0788820Z | --- | --- | --- |
Open files written by published packages	Write fixtures with each package and open them with the current engine	2026-09-30T09:04:23.0791322Z | 5.0.21 | plain-clean | migrated on a writable open (read-only open refused: LiteException 0: Database index ordering/collation requires migration. Open the database writable once to automatically rebuild its indexes, or add `legacy index scan=true` (LegacyIndexScan) to this read-only connection to query it with full scans instead of its indexes.), then written and reopened |
Open files written by published packages	Write fixtures with each package and open them with the current engine	2026-09-30T09:04:23.0796337Z | 5.0.21 | plain-wal | migrated on a writable open (read-only open refused: LiteException 0: Database index ordering/collation requires migration. Open the database writable once to automatically rebuild its indexes, or add `legacy index scan=true` (LegacyIndexScan) to this read-only connection to query it with full scans instead of its indexes.), then written and reopened |
Open files written by published packages	Write fixtures with each package and open them with the current engine	2026-09-30T09:04:23.0800876Z | 5.0.21 | encrypted-clean | migrated on a writable open (read-only open refused: LiteException 0: Database index ordering/collation requires migration. Open the database writable once to automatically rebuild its indexes, or add `legacy index scan=true` (LegacyIndexScan) to this read-only connection to query it with full scans instead of its indexes.), then written and reopened |
Open files written by published packages	Write fixtures with each package and open them with the current engine	2026-09-30T09:04:23.0805726Z | 5.0.21 | encrypted-wal | migrated on a writable open (read-only open refused: LiteException 0: Database index ordering/collation requires migration. Open the database writable once to automatically rebuild its indexes, or add `legacy index scan=true` (LegacyIndexScan) to this read-only connection to query it with full scans instead of its indexes.), then written and reopened |
Open files written by published packages	Write fixtures with each package and open them with the current engine	2026-09-30T09:04:23.0808358Z | 6.0.0-prerelease.317 | plain-clean | read, then written and reopened |
Open files written by published packages	Write fixtures with each package and open them with the current engine	2026-09-30T09:04:23.0809180Z | 6.0.0-prerelease.317 | plain-wal | read, then written and reopened |
Open files written by published packages	Write fixtures with each package and open them with the current engine	2026-09-30T09:04:23.0810102Z | 6.0.0-prerelease.317 | encrypted-clean | read, then written and reopened |
Open files written by published packages	Write fixtures with each package and open them with the current engine	2026-09-30T09:04:23.0811007Z | 6.0.0-prerelease.317 | encrypted-wal | read, then written and reopened |
Open files written by published packages	Write fixtures with each package and open them with the current engine	2026-09-30T09:04:23.0811901Z | 6.0.0-prerelease.318 | plain-clean | read, then written and reopened |
Open files written by published packages	Write fixtures with each package and open them with the current engine	2026-09-30T09:04:23.0812768Z | 6.0.0-prerelease.318 | plain-wal | read, then written and reopened |
Open files written by published packages	Write fixtures with each package and open them with the current engine	2026-09-30T09:04:23.0813849Z | 6.0.0-prerelease.318 | encrypted-clean | read, then written and reopened |
Open files written by published packages	Write fixtures with each package and open them with the current engine	2026-09-30T09:04:23.0814734Z | 6.0.0-prerelease.318 | encrypted-wal | read, then written and reopened |
Open files written by published packages	Write fixtures with each package and open them with the current engine	2026-09-30T09:04:23.0815621Z | 6.0.0-prerelease.319 | plain-clean | read, then written and reopened |
Open files written by published packages	Write fixtures with each package and open them with the current engine	2026-09-30T09:04:23.0816623Z | 6.0.0-prerelease.319 | plain-wal | read, then written and reopened |
Open files written by published packages	Write fixtures with each package and open them with the current engine	2026-09-30T09:04:23.0817498Z | 6.0.0-prerelease.319 | encrypted-clean | read, then written and reopened |
Open files written by published packages	Write fixtures with each package and open them with the current engine	2026-09-30T09:04:23.0818441Z | 6.0.0-prerelease.319 | encrypted-wal | read, then written and reopened |
Open files written by published packages	Post Set up .NET SDK	﻿2026-09-30T09:04:23.1011466Z Post job cleanup.
Open files written by published packages	Post Set up .NET SDK	2026-09-30T09:04:23.2320451Z (node:3005) [DEP0040] DeprecationWarning: The `punycode` module is deprecated. Please use a userland alternative instead.
Open files written by published packages	Post Set up .NET SDK	2026-09-30T09:04:23.2321893Z (Use `node --trace-deprecation ...` to show where the warning was created)
Open files written by published packages	Post Check out repository	﻿2026-09-30T09:04:23.2627217Z Post job cleanup.
Open files written by published packages	Post Check out repository	2026-09-30T09:04:23.3587768Z [command]/usr/bin/git version
Open files written by published packages	Post Check out repository	2026-09-30T09:04:23.3638532Z git version 2.55.0
Open files written by published packages	Post Check out repository	2026-09-30T09:04:23.3686679Z Temporarily overriding HOME='__CI_HOME__/work/_temp/16f2e7bf-92d7-46c1-828f-5db15da66e8f' before making global git config changes
Open files written by published packages	Post Check out repository	2026-09-30T09:04:23.3688458Z Adding repository directory to the temporary git global config as a safe directory
Open files written by published packages	Post Check out repository	2026-09-30T09:04:23.3694020Z [command]/usr/bin/git config --global --add safe.directory __CI_WORKSPACE__
Open files written by published packages	Post Check out repository	2026-09-30T09:04:23.3738549Z [command]/usr/bin/git config --local --name-only --get-regexp core\.sshCommand
Open files written by published packages	Post Check out repository	2026-09-30T09:04:23.3780301Z [command]/usr/bin/git submodule foreach --recursive sh -c "git config --local --name-only --get-regexp 'core\.sshCommand' && git config --local --unset-all 'core.sshCommand' || :"
Open files written by published packages	Post Check out repository	2026-09-30T09:04:23.4140354Z [command]/usr/bin/git config --local --name-only --get-regexp http\.https\:\/\/github\.com\/\.extraheader
Open files written by published packages	Post Check out repository	2026-09-30T09:04:23.4160703Z http.https://github.com/.extraheader
Open files written by published packages	Post Check out repository	2026-09-30T09:04:23.4204435Z [command]/usr/bin/git config --local --unset-all http.https://github.com/.extraheader
Open files written by published packages	Post Check out repository	2026-09-30T09:04:23.4246684Z [command]/usr/bin/git submodule foreach --recursive sh -c "git config --local --name-only --get-regexp 'http\.https\:\/\/github\.com\/\.extraheader' && git config --local --unset-all 'http.https://github.com/.extraheader' || :"
Open files written by published packages	Post Check out repository	2026-09-30T09:04:23.4556084Z [command]/usr/bin/git config --local --name-only --get-regexp ^includeIf\.gitdir:
Open files written by published packages	Post Check out repository	2026-09-30T09:04:23.4610653Z [command]/usr/bin/git submodule foreach --recursive git config --local --show-origin --name-only --get-regexp remote.origin.url
Open files written by published packages	Complete job	﻿2026-09-30T09:04:23.5085378Z Cleaning up orphan processes
Open files written by published packages	Complete job	2026-09-30T09:04:23.5505756Z Terminate orphan process: pid (2722) (dotnet)
Open files written by published packages	Complete job	2026-09-30T09:04:23.5540607Z Terminate orphan process: pid (2723) (dotnet)
Open files written by published packages	Complete job	2026-09-30T09:04:23.5578366Z Terminate orphan process: pid (2759) (VBCSCompiler)
Open files written by published packages	Complete job	2026-09-30T09:04:23.5597286Z ##[warning]Node.js 20 is deprecated. The following actions target Node.js 20 but are being forced to run on Node.js 24: actions/checkout@v4, actions/setup-dotnet@v4. For more information see: https://github.blog/changelog/2025-09-19-deprecation-of-node-20-on-github-actions-runners/
