ERROR: test-linux {"item": {"display": ".NET 8", "framework": "net8.0", "includePrerelease": false, "msbuildProps": "", "runtimeMajor": 8, "sdk": "8.0.x"}} tested 3c06aadd78a8ee8be66b8ba42a4cf73bd0098638, not the validated revision 24ef4e73e53fd2b7291e6f3bdf9e2c0e69227f89
ERROR: test-linux {"item": {"display": ".NET 8", "framework": "net8.0", "includePrerelease": false, "msbuildProps": "", "runtimeMajor": 8, "sdk": "8.0.x"}} ran binaries built from 3c06aadd78a8ee8be66b8ba42a4cf73bd0098638, not 24ef4e73e53fd2b7291e6f3bdf9e2c0e69227f89
ERROR: test-linux {"item": {"display": ".NET 9", "framework": "net8.0", "includePrerelease": true, "msbuildProps": "", "runtimeMajor": 9, "sdk": "9.0.x\n8.0.x"}} tested 3c06aadd78a8ee8be66b8ba42a4cf73bd0098638, not the validated revision 24ef4e73e53fd2b7291e6f3bdf9e2c0e69227f89
ERROR: test-linux {"item": {"display": ".NET 9", "framework": "net8.0", "includePrerelease": true, "msbuildProps": "", "runtimeMajor": 9, "sdk": "9.0.x\n8.0.x"}} ran binaries built from 3c06aadd78a8ee8be66b8ba42a4cf73bd0098638, not 24ef4e73e53fd2b7291e6f3bdf9e2c0e69227f89
ERROR: test-linux {"item": {"display": ".NET 10", "framework": "net10.0", "includePrerelease": false, "msbuildProps": "", "runtimeMajor": 10, "sdk": "10.0.x"}} tested 3c06aadd78a8ee8be66b8ba42a4cf73bd0098638, not the validated revision 24ef4e73e53fd2b7291e6f3bdf9e2c0e69227f89
ERROR: test-linux {"item": {"display": ".NET 10", "framework": "net10.0", "includePrerelease": false, "msbuildProps": "", "runtimeMajor": 10, "sdk": "10.0.x"}} ran binaries built from 3c06aadd78a8ee8be66b8ba42a4cf73bd0098638, not 24ef4e73e53fd2b7291e6f3bdf9e2c0e69227f89
ERROR: test-linux-arm64 {"item": {"display": ".NET 8", "framework": "net8.0", "includePrerelease": false, "msbuildProps": "", "runtimeMajor": 8, "sdk": "8.0.x"}} tested 3c06aadd78a8ee8be66b8ba42a4cf73bd0098638, not the validated revision 24ef4e73e53fd2b7291e6f3bdf9e2c0e69227f89
ERROR: test-linux-arm64 {"item": {"display": ".NET 8", "framework": "net8.0", "includePrerelease": false, "msbuildProps": "", "runtimeMajor": 8, "sdk": "8.0.x"}} ran binaries built from 3c06aadd78a8ee8be66b8ba42a4cf73bd0098638, not 24ef4e73e53fd2b7291e6f3bdf9e2c0e69227f89
ERROR: test-linux-arm64 {"item": {"display": ".NET 9", "framework": "net8.0", "includePrerelease": true, "msbuildProps": "", "runtimeMajor": 9, "sdk": "9.0.x\n8.0.x"}} tested 3c06aadd78a8ee8be66b8ba42a4cf73bd0098638, not the validated revision 24ef4e73e53fd2b7291e6f3bdf9e2c0e69227f89
ERROR: test-linux-arm64 {"item": {"display": ".NET 9", "framework": "net8.0", "includePrerelease": true, "msbuildProps": "", "runtimeMajor": 9, "sdk": "9.0.x\n8.0.x"}} ran binaries built from 3c06aadd78a8ee8be66b8ba42a4cf73bd0098638, not 24ef4e73e53fd2b7291e6f3bdf9e2c0e69227f89
ERROR: test-linux-arm64 {"item": {"display": ".NET 10", "framework": "net10.0", "includePrerelease": false, "msbuildProps": "", "runtimeMajor": 10, "sdk": "10.0.x"}} tested 3c06aadd78a8ee8be66b8ba42a4cf73bd0098638, not the validated revision 24ef4e73e53fd2b7291e6f3bdf9e2c0e69227f89
ERROR: test-linux-arm64 {"item": {"display": ".NET 10", "framework": "net10.0", "includePrerelease": false, "msbuildProps": "", "runtimeMajor": 10, "sdk": "10.0.x"}} ran binaries built from 3c06aadd78a8ee8be66b8ba42a4cf73bd0098638, not 24ef4e73e53fd2b7291e6f3bdf9e2c0e69227f89
ERROR: test-macos {"item": {"display": ".NET 8", "framework": "net8.0", "includePrerelease": false, "msbuildProps": "", "runtimeMajor": 8, "sdk": "8.0.x"}} tested 3c06aadd78a8ee8be66b8ba42a4cf73bd0098638, not the validated revision 24ef4e73e53fd2b7291e6f3bdf9e2c0e69227f89
ERROR: test-macos {"item": {"display": ".NET 8", "framework": "net8.0", "includePrerelease": false, "msbuildProps": "", "runtimeMajor": 8, "sdk": "8.0.x"}} ran binaries built from 3c06aadd78a8ee8be66b8ba42a4cf73bd0098638, not 24ef4e73e53fd2b7291e6f3bdf9e2c0e69227f89
ERROR: test-macos {"item": {"display": ".NET 9", "framework": "net8.0", "includePrerelease": true, "msbuildProps": "", "runtimeMajor": 9, "sdk": "9.0.x\n8.0.x"}} tested 3c06aadd78a8ee8be66b8ba42a4cf73bd0098638, not the validated revision 24ef4e73e53fd2b7291e6f3bdf9e2c0e69227f89
ERROR: test-macos {"item": {"display": ".NET 9", "framework": "net8.0", "includePrerelease": true, "msbuildProps": "", "runtimeMajor": 9, "sdk": "9.0.x\n8.0.x"}} ran binaries built from 3c06aadd78a8ee8be66b8ba42a4cf73bd0098638, not 24ef4e73e53fd2b7291e6f3bdf9e2c0e69227f89
ERROR: test-macos {"item": {"display": ".NET 10", "framework": "net10.0", "includePrerelease": false, "msbuildProps": "", "runtimeMajor": 10, "sdk": "10.0.x"}} tested 3c06aadd78a8ee8be66b8ba42a4cf73bd0098638, not the validated revision 24ef4e73e53fd2b7291e6f3bdf9e2c0e69227f89
ERROR: test-macos {"item": {"display": ".NET 10", "framework": "net10.0", "includePrerelease": false, "msbuildProps": "", "runtimeMajor": 10, "sdk": "10.0.x"}} ran binaries built from 3c06aadd78a8ee8be66b8ba42a4cf73bd0098638, not 24ef4e73e53fd2b7291e6f3bdf9e2c0e69227f89
ERROR: test-native-glibc231 {"os": "ubuntu-latest"} tested 3c06aadd78a8ee8be66b8ba42a4cf73bd0098638, not the validated revision 24ef4e73e53fd2b7291e6f3bdf9e2c0e69227f89
ERROR: test-native-glibc231 {"os": "ubuntu-latest"} ran binaries built from 3c06aadd78a8ee8be66b8ba42a4cf73bd0098638, not 24ef4e73e53fd2b7291e6f3bdf9e2c0e69227f89
ERROR: test-native-glibc231 {"os": "ubuntu-24.04-arm"} tested 3c06aadd78a8ee8be66b8ba42a4cf73bd0098638, not the validated revision 24ef4e73e53fd2b7291e6f3bdf9e2c0e69227f89
ERROR: test-native-glibc231 {"os": "ubuntu-24.04-arm"} ran binaries built from 3c06aadd78a8ee8be66b8ba42a4cf73bd0098638, not 24ef4e73e53fd2b7291e6f3bdf9e2c0e69227f89
ERROR: test-native-macos-intel {"framework": "net8.0", "runtimeMajor": 8} tested 3c06aadd78a8ee8be66b8ba42a4cf73bd0098638, not the validated revision 24ef4e73e53fd2b7291e6f3bdf9e2c0e69227f89
ERROR: test-native-macos-intel {"framework": "net8.0", "runtimeMajor": 8} ran binaries built from 3c06aadd78a8ee8be66b8ba42a4cf73bd0098638, not 24ef4e73e53fd2b7291e6f3bdf9e2c0e69227f89
ERROR: test-native-macos-intel {"framework": "net10.0", "runtimeMajor": 10} tested 3c06aadd78a8ee8be66b8ba42a4cf73bd0098638, not the validated revision 24ef4e73e53fd2b7291e6f3bdf9e2c0e69227f89
ERROR: test-native-macos-intel {"framework": "net10.0", "runtimeMajor": 10} ran binaries built from 3c06aadd78a8ee8be66b8ba42a4cf73bd0098638, not 24ef4e73e53fd2b7291e6f3bdf9e2c0e69227f89
ERROR: test-native-windows-arm64 {"framework": "net8.0", "runtimeMajor": 8} tested 3c06aadd78a8ee8be66b8ba42a4cf73bd0098638, not the validated revision 24ef4e73e53fd2b7291e6f3bdf9e2c0e69227f89
ERROR: test-native-windows-arm64 {"framework": "net8.0", "runtimeMajor": 8} ran binaries built from 3c06aadd78a8ee8be66b8ba42a4cf73bd0098638, not 24ef4e73e53fd2b7291e6f3bdf9e2c0e69227f89
ERROR: test-native-windows-arm64 {"framework": "net8.0", "runtimeMajor": 8}: partition admission did not pass cleanly (Failed, {'failed': 1})
ERROR: test-native-windows-arm64 {"framework": "net10.0", "runtimeMajor": 10} tested 3c06aadd78a8ee8be66b8ba42a4cf73bd0098638, not the validated revision 24ef4e73e53fd2b7291e6f3bdf9e2c0e69227f89
ERROR: test-native-windows-arm64 {"framework": "net10.0", "runtimeMajor": 10} ran binaries built from 3c06aadd78a8ee8be66b8ba42a4cf73bd0098638, not 24ef4e73e53fd2b7291e6f3bdf9e2c0e69227f89
ERROR: test-windows {"arch": "x64", "item": {"display": ".NET 8", "framework": "net8.0", "includePrerelease": false, "msbuildProps": "", "runtimeMajor": 8, "sdk": "8.0.x"}, "os": "windows-latest"} tested 3c06aadd78a8ee8be66b8ba42a4cf73bd0098638, not the validated revision 24ef4e73e53fd2b7291e6f3bdf9e2c0e69227f89
ERROR: test-windows {"arch": "x64", "item": {"display": ".NET 8", "framework": "net8.0", "includePrerelease": false, "msbuildProps": "", "runtimeMajor": 8, "sdk": "8.0.x"}, "os": "windows-latest"} ran binaries built from 3c06aadd78a8ee8be66b8ba42a4cf73bd0098638, not 24ef4e73e53fd2b7291e6f3bdf9e2c0e69227f89
ERROR: test-windows {"arch": "x64", "item": {"display": ".NET 8", "framework": "net8.0", "includePrerelease": false, "msbuildProps": "", "runtimeMajor": 8, "sdk": "8.0.x"}, "os": "windows-latest"}: partition shared-process did not pass cleanly (Failed, {'failed': 1})
ERROR: test-windows {"arch": "x64", "item": {"display": ".NET 9", "framework": "net8.0", "includePrerelease": true, "msbuildProps": "", "runtimeMajor": 9, "sdk": "9.0.x\n8.0.x"}, "os": "windows-latest"} tested 3c06aadd78a8ee8be66b8ba42a4cf73bd0098638, not the validated revision 24ef4e73e53fd2b7291e6f3bdf9e2c0e69227f89
ERROR: test-windows {"arch": "x64", "item": {"display": ".NET 9", "framework": "net8.0", "includePrerelease": true, "msbuildProps": "", "runtimeMajor": 9, "sdk": "9.0.x\n8.0.x"}, "os": "windows-latest"} ran binaries built from 3c06aadd78a8ee8be66b8ba42a4cf73bd0098638, not 24ef4e73e53fd2b7291e6f3bdf9e2c0e69227f89
ERROR: test-windows {"arch": "x86", "item": {"display": ".NET 9", "framework": "net8.0", "includePrerelease": true, "msbuildProps": "", "runtimeMajor": 9, "sdk": "9.0.x\n8.0.x"}, "os": "windows-2022"} tested 3c06aadd78a8ee8be66b8ba42a4cf73bd0098638, not the validated revision 24ef4e73e53fd2b7291e6f3bdf9e2c0e69227f89
ERROR: test-windows {"arch": "x86", "item": {"display": ".NET 9", "framework": "net8.0", "includePrerelease": true, "msbuildProps": "", "runtimeMajor": 9, "sdk": "9.0.x\n8.0.x"}, "os": "windows-2022"} ran binaries built from 3c06aadd78a8ee8be66b8ba42a4cf73bd0098638, not 24ef4e73e53fd2b7291e6f3bdf9e2c0e69227f89
ERROR: test-windows {"arch": "x86", "item": {"display": ".NET 10", "framework": "net10.0", "includePrerelease": false, "msbuildProps": "", "runtimeMajor": 10, "sdk": "10.0.x"}, "os": "windows-2022"} tested 3c06aadd78a8ee8be66b8ba42a4cf73bd0098638, not the validated revision 24ef4e73e53fd2b7291e6f3bdf9e2c0e69227f89
ERROR: test-windows {"arch": "x86", "item": {"display": ".NET 10", "framework": "net10.0", "includePrerelease": false, "msbuildProps": "", "runtimeMajor": 10, "sdk": "10.0.x"}, "os": "windows-2022"} ran binaries built from 3c06aadd78a8ee8be66b8ba42a4cf73bd0098638, not 24ef4e73e53fd2b7291e6f3bdf9e2c0e69227f89
ERROR: test-windows {"arch": "x64", "item": {"display": ".NET 10", "framework": "net10.0", "includePrerelease": false, "msbuildProps": "", "runtimeMajor": 10, "sdk": "10.0.x"}, "os": "windows-latest"} tested 3c06aadd78a8ee8be66b8ba42a4cf73bd0098638, not the validated revision 24ef4e73e53fd2b7291e6f3bdf9e2c0e69227f89
ERROR: test-windows {"arch": "x64", "item": {"display": ".NET 10", "framework": "net10.0", "includePrerelease": false, "msbuildProps": "", "runtimeMajor": 10, "sdk": "10.0.x"}, "os": "windows-latest"} ran binaries built from 3c06aadd78a8ee8be66b8ba42a4cf73bd0098638, not 24ef4e73e53fd2b7291e6f3bdf9e2c0e69227f89
ERROR: test-windows {"arch": "x86", "item": {"display": ".NET 8", "framework": "net8.0", "includePrerelease": false, "msbuildProps": "", "runtimeMajor": 8, "sdk": "8.0.x"}, "os": "windows-latest"} tested 3c06aadd78a8ee8be66b8ba42a4cf73bd0098638, not the validated revision 24ef4e73e53fd2b7291e6f3bdf9e2c0e69227f89
ERROR: test-windows {"arch": "x86", "item": {"display": ".NET 8", "framework": "net8.0", "includePrerelease": false, "msbuildProps": "", "runtimeMajor": 8, "sdk": "8.0.x"}, "os": "windows-latest"} ran binaries built from 3c06aadd78a8ee8be66b8ba42a4cf73bd0098638, not 24ef4e73e53fd2b7291e6f3bdf9e2c0e69227f89
ERROR: test-windows {"arch": "x86", "item": {"display": ".NET 9", "framework": "net8.0", "includePrerelease": true, "msbuildProps": "", "runtimeMajor": 9, "sdk": "9.0.x\n8.0.x"}, "os": "windows-latest"} tested 3c06aadd78a8ee8be66b8ba42a4cf73bd0098638, not the validated revision 24ef4e73e53fd2b7291e6f3bdf9e2c0e69227f89
ERROR: test-windows {"arch": "x86", "item": {"display": ".NET 9", "framework": "net8.0", "includePrerelease": true, "msbuildProps": "", "runtimeMajor": 9, "sdk": "9.0.x\n8.0.x"}, "os": "windows-latest"} ran binaries built from 3c06aadd78a8ee8be66b8ba42a4cf73bd0098638, not 24ef4e73e53fd2b7291e6f3bdf9e2c0e69227f89
ERROR: test-windows {"arch": "x86", "item": {"display": ".NET 10", "framework": "net10.0", "includePrerelease": false, "msbuildProps": "", "runtimeMajor": 10, "sdk": "10.0.x"}, "os": "windows-latest"} tested 3c06aadd78a8ee8be66b8ba42a4cf73bd0098638, not the validated revision 24ef4e73e53fd2b7291e6f3bdf9e2c0e69227f89
ERROR: test-windows {"arch": "x86", "item": {"display": ".NET 10", "framework": "net10.0", "includePrerelease": false, "msbuildProps": "", "runtimeMajor": 10, "sdk": "10.0.x"}, "os": "windows-latest"} ran binaries built from 3c06aadd78a8ee8be66b8ba42a4cf73bd0098638, not 24ef4e73e53fd2b7291e6f3bdf9e2c0e69227f89
ERROR: test-windows {"arch": "x64", "item": {"display": ".NET 8", "framework": "net8.0", "includePrerelease": false, "msbuildProps": "", "runtimeMajor": 8, "sdk": "8.0.x"}, "os": "windows-2022"} tested 3c06aadd78a8ee8be66b8ba42a4cf73bd0098638, not the validated revision 24ef4e73e53fd2b7291e6f3bdf9e2c0e69227f89
ERROR: test-windows {"arch": "x64", "item": {"display": ".NET 8", "framework": "net8.0", "includePrerelease": false, "msbuildProps": "", "runtimeMajor": 8, "sdk": "8.0.x"}, "os": "windows-2022"} ran binaries built from 3c06aadd78a8ee8be66b8ba42a4cf73bd0098638, not 24ef4e73e53fd2b7291e6f3bdf9e2c0e69227f89
ERROR: test-windows {"arch": "x64", "item": {"display": ".NET 9", "framework": "net8.0", "includePrerelease": true, "msbuildProps": "", "runtimeMajor": 9, "sdk": "9.0.x\n8.0.x"}, "os": "windows-2022"} tested 3c06aadd78a8ee8be66b8ba42a4cf73bd0098638, not the validated revision 24ef4e73e53fd2b7291e6f3bdf9e2c0e69227f89
ERROR: test-windows {"arch": "x64", "item": {"display": ".NET 9", "framework": "net8.0", "includePrerelease": true, "msbuildProps": "", "runtimeMajor": 9, "sdk": "9.0.x\n8.0.x"}, "os": "windows-2022"} ran binaries built from 3c06aadd78a8ee8be66b8ba42a4cf73bd0098638, not 24ef4e73e53fd2b7291e6f3bdf9e2c0e69227f89
ERROR: test-windows {"arch": "x64", "item": {"display": ".NET 10", "framework": "net10.0", "includePrerelease": false, "msbuildProps": "", "runtimeMajor": 10, "sdk": "10.0.x"}, "os": "windows-2022"} tested 3c06aadd78a8ee8be66b8ba42a4cf73bd0098638, not the validated revision 24ef4e73e53fd2b7291e6f3bdf9e2c0e69227f89
ERROR: test-windows {"arch": "x64", "item": {"display": ".NET 10", "framework": "net10.0", "includePrerelease": false, "msbuildProps": "", "runtimeMajor": 10, "sdk": "10.0.x"}, "os": "windows-2022"} ran binaries built from 3c06aadd78a8ee8be66b8ba42a4cf73bd0098638, not 24ef4e73e53fd2b7291e6f3bdf9e2c0e69227f89
ERROR: test-windows {"arch": "x86", "item": {"display": ".NET 8", "framework": "net8.0", "includePrerelease": false, "msbuildProps": "", "runtimeMajor": 8, "sdk": "8.0.x"}, "os": "windows-2022"} tested 3c06aadd78a8ee8be66b8ba42a4cf73bd0098638, not the validated revision 24ef4e73e53fd2b7291e6f3bdf9e2c0e69227f89
ERROR: test-windows {"arch": "x86", "item": {"display": ".NET 8", "framework": "net8.0", "includePrerelease": false, "msbuildProps": "", "runtimeMajor": 8, "sdk": "8.0.x"}, "os": "windows-2022"} ran binaries built from 3c06aadd78a8ee8be66b8ba42a4cf73bd0098638, not 24ef4e73e53fd2b7291e6f3bdf9e2c0e69227f89
ERROR: test-windows-framework {"framework": "net462"} tested 3c06aadd78a8ee8be66b8ba42a4cf73bd0098638, not the validated revision 24ef4e73e53fd2b7291e6f3bdf9e2c0e69227f89
ERROR: test-windows-framework {"framework": "net462"} ran binaries built from 3c06aadd78a8ee8be66b8ba42a4cf73bd0098638, not 24ef4e73e53fd2b7291e6f3bdf9e2c0e69227f89
ERROR: test-windows-framework {"framework": "net481"} tested 3c06aadd78a8ee8be66b8ba42a4cf73bd0098638, not the validated revision 24ef4e73e53fd2b7291e6f3bdf9e2c0e69227f89
ERROR: test-windows-framework {"framework": "net481"} ran binaries built from 3c06aadd78a8ee8be66b8ba42a4cf73bd0098638, not 24ef4e73e53fd2b7291e6f3bdf9e2c0e69227f89
Independently checked 29 downloaded legs; 60 errors; 2538 result methods
test-linux {"item": {"display": ".NET 8", "framework": "net8.0", "includePrerelease": false, "msbuildProps": "", "runtimeMajor": 8, "sdk": "8.0.x"}} tested 3c06aadd78a8ee8be66b8ba42a4cf73bd0098638, not the validated revision 24ef4e73e53fd2b7291e6f3bdf9e2c0e69227f89
test-linux {"item": {"display": ".NET 8", "framework": "net8.0", "includePrerelease": false, "msbuildProps": "", "runtimeMajor": 8, "sdk": "8.0.x"}} ran binaries built from 3c06aadd78a8ee8be66b8ba42a4cf73bd0098638, not 24ef4e73e53fd2b7291e6f3bdf9e2c0e69227f89
test-linux {"item": {"display": ".NET 9", "framework": "net8.0", "includePrerelease": true, "msbuildProps": "", "runtimeMajor": 9, "sdk": "9.0.x\n8.0.x"}} tested 3c06aadd78a8ee8be66b8ba42a4cf73bd0098638, not the validated revision 24ef4e73e53fd2b7291e6f3bdf9e2c0e69227f89
test-linux {"item": {"display": ".NET 9", "framework": "net8.0", "includePrerelease": true, "msbuildProps": "", "runtimeMajor": 9, "sdk": "9.0.x\n8.0.x"}} ran binaries built from 3c06aadd78a8ee8be66b8ba42a4cf73bd0098638, not 24ef4e73e53fd2b7291e6f3bdf9e2c0e69227f89
test-linux {"item": {"display": ".NET 10", "framework": "net10.0", "includePrerelease": false, "msbuildProps": "", "runtimeMajor": 10, "sdk": "10.0.x"}} tested 3c06aadd78a8ee8be66b8ba42a4cf73bd0098638, not the validated revision 24ef4e73e53fd2b7291e6f3bdf9e2c0e69227f89
test-linux {"item": {"display": ".NET 10", "framework": "net10.0", "includePrerelease": false, "msbuildProps": "", "runtimeMajor": 10, "sdk": "10.0.x"}} ran binaries built from 3c06aadd78a8ee8be66b8ba42a4cf73bd0098638, not 24ef4e73e53fd2b7291e6f3bdf9e2c0e69227f89
test-linux-arm64 {"item": {"display": ".NET 8", "framework": "net8.0", "includePrerelease": false, "msbuildProps": "", "runtimeMajor": 8, "sdk": "8.0.x"}} tested 3c06aadd78a8ee8be66b8ba42a4cf73bd0098638, not the validated revision 24ef4e73e53fd2b7291e6f3bdf9e2c0e69227f89
test-linux-arm64 {"item": {"display": ".NET 8", "framework": "net8.0", "includePrerelease": false, "msbuildProps": "", "runtimeMajor": 8, "sdk": "8.0.x"}} ran binaries built from 3c06aadd78a8ee8be66b8ba42a4cf73bd0098638, not 24ef4e73e53fd2b7291e6f3bdf9e2c0e69227f89
test-linux-arm64 {"item": {"display": ".NET 9", "framework": "net8.0", "includePrerelease": true, "msbuildProps": "", "runtimeMajor": 9, "sdk": "9.0.x\n8.0.x"}} tested 3c06aadd78a8ee8be66b8ba42a4cf73bd0098638, not the validated revision 24ef4e73e53fd2b7291e6f3bdf9e2c0e69227f89
test-linux-arm64 {"item": {"display": ".NET 9", "framework": "net8.0", "includePrerelease": true, "msbuildProps": "", "runtimeMajor": 9, "sdk": "9.0.x\n8.0.x"}} ran binaries built from 3c06aadd78a8ee8be66b8ba42a4cf73bd0098638, not 24ef4e73e53fd2b7291e6f3bdf9e2c0e69227f89
test-linux-arm64 {"item": {"display": ".NET 10", "framework": "net10.0", "includePrerelease": false, "msbuildProps": "", "runtimeMajor": 10, "sdk": "10.0.x"}} tested 3c06aadd78a8ee8be66b8ba42a4cf73bd0098638, not the validated revision 24ef4e73e53fd2b7291e6f3bdf9e2c0e69227f89
test-linux-arm64 {"item": {"display": ".NET 10", "framework": "net10.0", "includePrerelease": false, "msbuildProps": "", "runtimeMajor": 10, "sdk": "10.0.x"}} ran binaries built from 3c06aadd78a8ee8be66b8ba42a4cf73bd0098638, not 24ef4e73e53fd2b7291e6f3bdf9e2c0e69227f89
test-macos {"item": {"display": ".NET 8", "framework": "net8.0", "includePrerelease": false, "msbuildProps": "", "runtimeMajor": 8, "sdk": "8.0.x"}} tested 3c06aadd78a8ee8be66b8ba42a4cf73bd0098638, not the validated revision 24ef4e73e53fd2b7291e6f3bdf9e2c0e69227f89
test-macos {"item": {"display": ".NET 8", "framework": "net8.0", "includePrerelease": false, "msbuildProps": "", "runtimeMajor": 8, "sdk": "8.0.x"}} ran binaries built from 3c06aadd78a8ee8be66b8ba42a4cf73bd0098638, not 24ef4e73e53fd2b7291e6f3bdf9e2c0e69227f89
test-macos {"item": {"display": ".NET 9", "framework": "net8.0", "includePrerelease": true, "msbuildProps": "", "runtimeMajor": 9, "sdk": "9.0.x\n8.0.x"}} tested 3c06aadd78a8ee8be66b8ba42a4cf73bd0098638, not the validated revision 24ef4e73e53fd2b7291e6f3bdf9e2c0e69227f89
test-macos {"item": {"display": ".NET 9", "framework": "net8.0", "includePrerelease": true, "msbuildProps": "", "runtimeMajor": 9, "sdk": "9.0.x\n8.0.x"}} ran binaries built from 3c06aadd78a8ee8be66b8ba42a4cf73bd0098638, not 24ef4e73e53fd2b7291e6f3bdf9e2c0e69227f89
test-macos {"item": {"display": ".NET 10", "framework": "net10.0", "includePrerelease": false, "msbuildProps": "", "runtimeMajor": 10, "sdk": "10.0.x"}} tested 3c06aadd78a8ee8be66b8ba42a4cf73bd0098638, not the validated revision 24ef4e73e53fd2b7291e6f3bdf9e2c0e69227f89
test-macos {"item": {"display": ".NET 10", "framework": "net10.0", "includePrerelease": false, "msbuildProps": "", "runtimeMajor": 10, "sdk": "10.0.x"}} ran binaries built from 3c06aadd78a8ee8be66b8ba42a4cf73bd0098638, not 24ef4e73e53fd2b7291e6f3bdf9e2c0e69227f89
test-native-glibc231 {"os": "ubuntu-latest"} tested 3c06aadd78a8ee8be66b8ba42a4cf73bd0098638, not the validated revision 24ef4e73e53fd2b7291e6f3bdf9e2c0e69227f89
test-native-glibc231 {"os": "ubuntu-latest"} ran binaries built from 3c06aadd78a8ee8be66b8ba42a4cf73bd0098638, not 24ef4e73e53fd2b7291e6f3bdf9e2c0e69227f89
test-native-glibc231 {"os": "ubuntu-24.04-arm"} tested 3c06aadd78a8ee8be66b8ba42a4cf73bd0098638, not the validated revision 24ef4e73e53fd2b7291e6f3bdf9e2c0e69227f89
test-native-glibc231 {"os": "ubuntu-24.04-arm"} ran binaries built from 3c06aadd78a8ee8be66b8ba42a4cf73bd0098638, not 24ef4e73e53fd2b7291e6f3bdf9e2c0e69227f89
test-native-macos-intel {"framework": "net8.0", "runtimeMajor": 8} tested 3c06aadd78a8ee8be66b8ba42a4cf73bd0098638, not the validated revision 24ef4e73e53fd2b7291e6f3bdf9e2c0e69227f89
test-native-macos-intel {"framework": "net8.0", "runtimeMajor": 8} ran binaries built from 3c06aadd78a8ee8be66b8ba42a4cf73bd0098638, not 24ef4e73e53fd2b7291e6f3bdf9e2c0e69227f89
test-native-macos-intel {"framework": "net10.0", "runtimeMajor": 10} tested 3c06aadd78a8ee8be66b8ba42a4cf73bd0098638, not the validated revision 24ef4e73e53fd2b7291e6f3bdf9e2c0e69227f89
test-native-macos-intel {"framework": "net10.0", "runtimeMajor": 10} ran binaries built from 3c06aadd78a8ee8be66b8ba42a4cf73bd0098638, not 24ef4e73e53fd2b7291e6f3bdf9e2c0e69227f89
test-native-windows-arm64 {"framework": "net8.0", "runtimeMajor": 8} tested 3c06aadd78a8ee8be66b8ba42a4cf73bd0098638, not the validated revision 24ef4e73e53fd2b7291e6f3bdf9e2c0e69227f89
test-native-windows-arm64 {"framework": "net8.0", "runtimeMajor": 8} ran binaries built from 3c06aadd78a8ee8be66b8ba42a4cf73bd0098638, not 24ef4e73e53fd2b7291e6f3bdf9e2c0e69227f89
test-native-windows-arm64 {"framework": "net8.0", "runtimeMajor": 8}: partition admission did not pass cleanly (Failed, {'failed': 1})
test-native-windows-arm64 {"framework": "net10.0", "runtimeMajor": 10} tested 3c06aadd78a8ee8be66b8ba42a4cf73bd0098638, not the validated revision 24ef4e73e53fd2b7291e6f3bdf9e2c0e69227f89
test-native-windows-arm64 {"framework": "net10.0", "runtimeMajor": 10} ran binaries built from 3c06aadd78a8ee8be66b8ba42a4cf73bd0098638, not 24ef4e73e53fd2b7291e6f3bdf9e2c0e69227f89
test-windows {"arch": "x64", "item": {"display": ".NET 8", "framework": "net8.0", "includePrerelease": false, "msbuildProps": "", "runtimeMajor": 8, "sdk": "8.0.x"}, "os": "windows-latest"} tested 3c06aadd78a8ee8be66b8ba42a4cf73bd0098638, not the validated revision 24ef4e73e53fd2b7291e6f3bdf9e2c0e69227f89
test-windows {"arch": "x64", "item": {"display": ".NET 8", "framework": "net8.0", "includePrerelease": false, "msbuildProps": "", "runtimeMajor": 8, "sdk": "8.0.x"}, "os": "windows-latest"} ran binaries built from 3c06aadd78a8ee8be66b8ba42a4cf73bd0098638, not 24ef4e73e53fd2b7291e6f3bdf9e2c0e69227f89
test-windows {"arch": "x64", "item": {"display": ".NET 8", "framework": "net8.0", "includePrerelease": false, "msbuildProps": "", "runtimeMajor": 8, "sdk": "8.0.x"}, "os": "windows-latest"}: partition shared-process did not pass cleanly (Failed, {'failed': 1})
test-windows {"arch": "x64", "item": {"display": ".NET 9", "framework": "net8.0", "includePrerelease": true, "msbuildProps": "", "runtimeMajor": 9, "sdk": "9.0.x\n8.0.x"}, "os": "windows-latest"} tested 3c06aadd78a8ee8be66b8ba42a4cf73bd0098638, not the validated revision 24ef4e73e53fd2b7291e6f3bdf9e2c0e69227f89
test-windows {"arch": "x64", "item": {"display": ".NET 9", "framework": "net8.0", "includePrerelease": true, "msbuildProps": "", "runtimeMajor": 9, "sdk": "9.0.x\n8.0.x"}, "os": "windows-latest"} ran binaries built from 3c06aadd78a8ee8be66b8ba42a4cf73bd0098638, not 24ef4e73e53fd2b7291e6f3bdf9e2c0e69227f89
test-windows {"arch": "x86", "item": {"display": ".NET 9", "framework": "net8.0", "includePrerelease": true, "msbuildProps": "", "runtimeMajor": 9, "sdk": "9.0.x\n8.0.x"}, "os": "windows-2022"} tested 3c06aadd78a8ee8be66b8ba42a4cf73bd0098638, not the validated revision 24ef4e73e53fd2b7291e6f3bdf9e2c0e69227f89
test-windows {"arch": "x86", "item": {"display": ".NET 9", "framework": "net8.0", "includePrerelease": true, "msbuildProps": "", "runtimeMajor": 9, "sdk": "9.0.x\n8.0.x"}, "os": "windows-2022"} ran binaries built from 3c06aadd78a8ee8be66b8ba42a4cf73bd0098638, not 24ef4e73e53fd2b7291e6f3bdf9e2c0e69227f89
test-windows {"arch": "x86", "item": {"display": ".NET 10", "framework": "net10.0", "includePrerelease": false, "msbuildProps": "", "runtimeMajor": 10, "sdk": "10.0.x"}, "os": "windows-2022"} tested 3c06aadd78a8ee8be66b8ba42a4cf73bd0098638, not the validated revision 24ef4e73e53fd2b7291e6f3bdf9e2c0e69227f89
test-windows {"arch": "x86", "item": {"display": ".NET 10", "framework": "net10.0", "includePrerelease": false, "msbuildProps": "", "runtimeMajor": 10, "sdk": "10.0.x"}, "os": "windows-2022"} ran binaries built from 3c06aadd78a8ee8be66b8ba42a4cf73bd0098638, not 24ef4e73e53fd2b7291e6f3bdf9e2c0e69227f89
test-windows {"arch": "x64", "item": {"display": ".NET 10", "framework": "net10.0", "includePrerelease": false, "msbuildProps": "", "runtimeMajor": 10, "sdk": "10.0.x"}, "os": "windows-latest"} tested 3c06aadd78a8ee8be66b8ba42a4cf73bd0098638, not the validated revision 24ef4e73e53fd2b7291e6f3bdf9e2c0e69227f89
test-windows {"arch": "x64", "item": {"display": ".NET 10", "framework": "net10.0", "includePrerelease": false, "msbuildProps": "", "runtimeMajor": 10, "sdk": "10.0.x"}, "os": "windows-latest"} ran binaries built from 3c06aadd78a8ee8be66b8ba42a4cf73bd0098638, not 24ef4e73e53fd2b7291e6f3bdf9e2c0e69227f89
test-windows {"arch": "x86", "item": {"display": ".NET 8", "framework": "net8.0", "includePrerelease": false, "msbuildProps": "", "runtimeMajor": 8, "sdk": "8.0.x"}, "os": "windows-latest"} tested 3c06aadd78a8ee8be66b8ba42a4cf73bd0098638, not the validated revision 24ef4e73e53fd2b7291e6f3bdf9e2c0e69227f89
test-windows {"arch": "x86", "item": {"display": ".NET 8", "framework": "net8.0", "includePrerelease": false, "msbuildProps": "", "runtimeMajor": 8, "sdk": "8.0.x"}, "os": "windows-latest"} ran binaries built from 3c06aadd78a8ee8be66b8ba42a4cf73bd0098638, not 24ef4e73e53fd2b7291e6f3bdf9e2c0e69227f89
test-windows {"arch": "x86", "item": {"display": ".NET 9", "framework": "net8.0", "includePrerelease": true, "msbuildProps": "", "runtimeMajor": 9, "sdk": "9.0.x\n8.0.x"}, "os": "windows-latest"} tested 3c06aadd78a8ee8be66b8ba42a4cf73bd0098638, not the validated revision 24ef4e73e53fd2b7291e6f3bdf9e2c0e69227f89
test-windows {"arch": "x86", "item": {"display": ".NET 9", "framework": "net8.0", "includePrerelease": true, "msbuildProps": "", "runtimeMajor": 9, "sdk": "9.0.x\n8.0.x"}, "os": "windows-latest"} ran binaries built from 3c06aadd78a8ee8be66b8ba42a4cf73bd0098638, not 24ef4e73e53fd2b7291e6f3bdf9e2c0e69227f89
test-windows {"arch": "x86", "item": {"display": ".NET 10", "framework": "net10.0", "includePrerelease": false, "msbuildProps": "", "runtimeMajor": 10, "sdk": "10.0.x"}, "os": "windows-latest"} tested 3c06aadd78a8ee8be66b8ba42a4cf73bd0098638, not the validated revision 24ef4e73e53fd2b7291e6f3bdf9e2c0e69227f89
test-windows {"arch": "x86", "item": {"display": ".NET 10", "framework": "net10.0", "includePrerelease": false, "msbuildProps": "", "runtimeMajor": 10, "sdk": "10.0.x"}, "os": "windows-latest"} ran binaries built from 3c06aadd78a8ee8be66b8ba42a4cf73bd0098638, not 24ef4e73e53fd2b7291e6f3bdf9e2c0e69227f89
test-windows {"arch": "x64", "item": {"display": ".NET 8", "framework": "net8.0", "includePrerelease": false, "msbuildProps": "", "runtimeMajor": 8, "sdk": "8.0.x"}, "os": "windows-2022"} tested 3c06aadd78a8ee8be66b8ba42a4cf73bd0098638, not the validated revision 24ef4e73e53fd2b7291e6f3bdf9e2c0e69227f89
test-windows {"arch": "x64", "item": {"display": ".NET 8", "framework": "net8.0", "includePrerelease": false, "msbuildProps": "", "runtimeMajor": 8, "sdk": "8.0.x"}, "os": "windows-2022"} ran binaries built from 3c06aadd78a8ee8be66b8ba42a4cf73bd0098638, not 24ef4e73e53fd2b7291e6f3bdf9e2c0e69227f89
test-windows {"arch": "x64", "item": {"display": ".NET 9", "framework": "net8.0", "includePrerelease": true, "msbuildProps": "", "runtimeMajor": 9, "sdk": "9.0.x\n8.0.x"}, "os": "windows-2022"} tested 3c06aadd78a8ee8be66b8ba42a4cf73bd0098638, not the validated revision 24ef4e73e53fd2b7291e6f3bdf9e2c0e69227f89
test-windows {"arch": "x64", "item": {"display": ".NET 9", "framework": "net8.0", "includePrerelease": true, "msbuildProps": "", "runtimeMajor": 9, "sdk": "9.0.x\n8.0.x"}, "os": "windows-2022"} ran binaries built from 3c06aadd78a8ee8be66b8ba42a4cf73bd0098638, not 24ef4e73e53fd2b7291e6f3bdf9e2c0e69227f89
test-windows {"arch": "x64", "item": {"display": ".NET 10", "framework": "net10.0", "includePrerelease": false, "msbuildProps": "", "runtimeMajor": 10, "sdk": "10.0.x"}, "os": "windows-2022"} tested 3c06aadd78a8ee8be66b8ba42a4cf73bd0098638, not the validated revision 24ef4e73e53fd2b7291e6f3bdf9e2c0e69227f89
test-windows {"arch": "x64", "item": {"display": ".NET 10", "framework": "net10.0", "includePrerelease": false, "msbuildProps": "", "runtimeMajor": 10, "sdk": "10.0.x"}, "os": "windows-2022"} ran binaries built from 3c06aadd78a8ee8be66b8ba42a4cf73bd0098638, not 24ef4e73e53fd2b7291e6f3bdf9e2c0e69227f89
test-windows {"arch": "x86", "item": {"display": ".NET 8", "framework": "net8.0", "includePrerelease": false, "msbuildProps": "", "runtimeMajor": 8, "sdk": "8.0.x"}, "os": "windows-2022"} tested 3c06aadd78a8ee8be66b8ba42a4cf73bd0098638, not the validated revision 24ef4e73e53fd2b7291e6f3bdf9e2c0e69227f89
test-windows {"arch": "x86", "item": {"display": ".NET 8", "framework": "net8.0", "includePrerelease": false, "msbuildProps": "", "runtimeMajor": 8, "sdk": "8.0.x"}, "os": "windows-2022"} ran binaries built from 3c06aadd78a8ee8be66b8ba42a4cf73bd0098638, not 24ef4e73e53fd2b7291e6f3bdf9e2c0e69227f89
test-windows-framework {"framework": "net462"} tested 3c06aadd78a8ee8be66b8ba42a4cf73bd0098638, not the validated revision 24ef4e73e53fd2b7291e6f3bdf9e2c0e69227f89
test-windows-framework {"framework": "net462"} ran binaries built from 3c06aadd78a8ee8be66b8ba42a4cf73bd0098638, not 24ef4e73e53fd2b7291e6f3bdf9e2c0e69227f89
test-windows-framework {"framework": "net481"} tested 3c06aadd78a8ee8be66b8ba42a4cf73bd0098638, not the validated revision 24ef4e73e53fd2b7291e6f3bdf9e2c0e69227f89
test-windows-framework {"framework": "net481"} ran binaries built from 3c06aadd78a8ee8be66b8ba42a4cf73bd0098638, not 24ef4e73e53fd2b7291e6f3bdf9e2c0e69227f89
