2026-09-30T12:25:27.0249331Z Current runner version: '2.337.0'
2026-09-30T12:25:27.0282934Z ##[group]Runner Image Provisioner
2026-09-30T12:25:27.0284108Z Hosted Compute Agent
2026-09-30T12:25:27.0284754Z Version: 20260828.587
2026-09-30T12:25:27.0285375Z Commit: abac92662cab4cc7352de4f9f9d2e2419aad9c29
2026-09-30T12:25:27.0286048Z Build Date: 2026-08-28T16:44:25Z
2026-09-30T12:25:27.0286784Z Worker ID: {418f00f2-1080-4caf-9aa0-ac6330edb2a0}
2026-09-30T12:25:27.0287463Z Azure Region: southcentralus
2026-09-30T12:25:27.0288073Z ##[endgroup]
2026-09-30T12:25:27.0289782Z ##[group]Operating System
2026-09-30T12:25:27.0290411Z Microsoft Windows 11
2026-09-30T12:25:27.0291010Z 10.0.26200
2026-09-30T12:25:27.0291546Z Enterprise
2026-09-30T12:25:27.0292156Z ##[endgroup]
2026-09-30T12:25:27.0292841Z ##[group]Runner Image
2026-09-30T12:25:27.0293429Z Image: windows-11-vs2026-arm64
2026-09-30T12:25:27.0294154Z Version: 20260920.164.1
2026-09-30T12:25:27.0296077Z Included Software: https://github.com/actions/runner-images/blob/win11-vs2026-arm64/20260920.164/images/windows/Windows11-VS2026-Arm64-Readme.md
2026-09-30T12:25:27.0297922Z Image Release: https://github.com/actions/runner-images/releases/tag/win11-vs2026-arm64%2F20260920.164
2026-09-30T12:25:27.0298925Z ##[endgroup]
2026-09-30T12:25:27.0302034Z ##[group]GITHUB_TOKEN Permissions
2026-09-30T12:25:27.0305440Z Actions: write
2026-09-30T12:25:27.0306124Z ArtifactMetadata: write
2026-09-30T12:25:27.0306793Z Attestations: write
2026-09-30T12:25:27.0307434Z Checks: write
2026-09-30T12:25:27.0308027Z CodeQuality: write
2026-09-30T12:25:27.0308514Z Contents: write
2026-09-30T12:25:27.0309071Z CopilotRequests: write
2026-09-30T12:25:27.0309626Z Deployments: write
2026-09-30T12:25:27.0310317Z Discussions: write
2026-09-30T12:25:27.0310906Z Drives: write
2026-09-30T12:25:27.0311506Z Issues: write
2026-09-30T12:25:27.0312065Z Metadata: read
2026-09-30T12:25:27.0312752Z Models: read
2026-09-30T12:25:27.0313270Z Packages: write
2026-09-30T12:25:27.0313889Z Pages: write
2026-09-30T12:25:27.0314491Z PullRequests: write
2026-09-30T12:25:27.0315169Z RepositoryProjects: write
2026-09-30T12:25:27.0315956Z SecurityEvents: write
2026-09-30T12:25:27.0316569Z Statuses: write
2026-09-30T12:25:27.0317162Z VulnerabilityAlerts: read
2026-09-30T12:25:27.0317752Z ##[endgroup]
2026-09-30T12:25:27.0321004Z Secret source: Actions
2026-09-30T12:25:27.0322019Z Cache mode: write
2026-09-30T12:25:27.0322991Z Prepare workflow directory
2026-09-30T12:25:27.1051861Z Prepare all required actions
2026-09-30T12:25:27.1107643Z Getting action download info
2026-09-30T12:25:27.3941699Z Download action repository 'actions/checkout@v4' (SHA:11d5960a326750d5838078e36cf38b85af677262)
2026-09-30T12:25:27.9649324Z Download action repository 'actions/setup-dotnet@v4' (SHA:67a3573c9a986a3f9c594539f4ab511d57bb3ce9)
2026-09-30T12:25:28.6967538Z Download action repository 'actions/download-artifact@v4' (SHA:d3f86a106a0bac45b974a628896c90dbdf5c8093)
2026-09-30T12:25:29.4739244Z Download action repository 'actions/upload-artifact@v4' (SHA:ea165f8d65b6e75b540449e92b4886f43607fa02)
2026-09-30T12:25:30.1608667Z Uses: JKamsker/LiteDB/.github/workflows/_reusable-ci.yml@refs/pull/133/merge (3c06aadd78a8ee8be66b8ba42a4cf73bd0098638)
2026-09-30T12:25:30.1612532Z ##[group] Inputs
2026-09-30T12:25:30.1612862Z   tier: full
2026-09-30T12:25:30.1614265Z   sdk-matrix: [
  { "display": ".NET 8", "runtimeMajor": 8,  "sdk": "8.0.x",           "framework": "net8.0", "includePrerelease": false, "msbuildProps": "" },
  { "display": ".NET 9", "runtimeMajor": 9,  "sdk": "9.0.x\n8.0.x",    "framework": "net8.0", "includePrerelease": true,  "msbuildProps": "" },
  { "display": ".NET 10", "runtimeMajor": 10, "sdk": "10.0.x",          "framework": "net10.0", "includePrerelease": false, "msbuildProps": "" }
]

2026-09-30T12:25:30.1615642Z ##[endgroup]
2026-09-30T12:25:30.1615995Z Complete job name: build-and-test / Native admission (Windows ARM64 - net8.0)
2026-09-30T12:25:30.3226043Z ##[group]Run actions/checkout@v4
2026-09-30T12:25:30.3229274Z with:
2026-09-30T12:25:30.3229670Z   repository: JKamsker/LiteDB
2026-09-30T12:25:30.3232808Z   token: ***
2026-09-30T12:25:30.3233153Z   ssh-strict: true
2026-09-30T12:25:30.3233489Z   ssh-user: git
2026-09-30T12:25:30.3233784Z   persist-credentials: true
2026-09-30T12:25:30.3234100Z   clean: true
2026-09-30T12:25:30.3234388Z   sparse-checkout-cone-mode: true
2026-09-30T12:25:30.3234783Z   fetch-depth: 1
2026-09-30T12:25:30.3235074Z   fetch-tags: false
2026-09-30T12:25:30.3235351Z   show-progress: true
2026-09-30T12:25:30.3235622Z   lfs: false
2026-09-30T12:25:30.3235938Z   submodules: false
2026-09-30T12:25:30.3236220Z   set-safe-directory: true
2026-09-30T12:25:30.3236559Z   allow-unsafe-pr-checkout: false
2026-09-30T12:25:30.3237447Z env:
2026-09-30T12:25:30.3237948Z   LITEDB_RETAINED_FIXTURES: __CI_WORKSPACE__/LiteDB.Tests/TestResults/retained-fixtures
2026-09-30T12:25:30.3238535Z ##[endgroup]
2026-09-30T12:25:30.5781150Z Syncing repository: JKamsker/LiteDB
2026-09-30T12:25:30.5783130Z ##[group]Getting Git version info
2026-09-30T12:25:30.5783648Z Working directory is '__CI_HOME__/work\LiteDB\LiteDB'
2026-09-30T12:25:30.6796164Z [command]"C:\Program Files\Git\bin\git.exe" version
2026-09-30T12:25:31.0909445Z git version 2.55.0.windows.5
2026-09-30T12:25:31.0971081Z ##[endgroup]
2026-09-30T12:25:31.1011501Z Temporarily overriding HOME='__CI_HOME__/work\_temp\6fee57ff-cbf5-4ccb-85e7-ac81a5774451' before making global git config changes
2026-09-30T12:25:31.1012797Z Adding repository directory to the temporary git global config as a safe directory
2026-09-30T12:25:31.1022670Z [command]"C:\Program Files\Git\bin\git.exe" config --global --add safe.directory __CI_WORKSPACE__
2026-09-30T12:25:31.1957855Z Deleting the contents of '__CI_HOME__/work\LiteDB\LiteDB'
2026-09-30T12:25:31.1968215Z ##[group]Initializing the repository
2026-09-30T12:25:31.1977324Z [command]"C:\Program Files\Git\bin\git.exe" init __CI_WORKSPACE__
2026-09-30T12:25:31.3308589Z Initialized empty Git repository in __CI_WORKSPACE__/.git/
2026-09-30T12:25:31.3370410Z [command]"C:\Program Files\Git\bin\git.exe" remote add origin https://github.com/JKamsker/LiteDB
2026-09-30T12:25:31.4050615Z ##[endgroup]
2026-09-30T12:25:31.4051341Z ##[group]Disabling automatic garbage collection
2026-09-30T12:25:31.4060664Z [command]"C:\Program Files\Git\bin\git.exe" config --local gc.auto 0
2026-09-30T12:25:31.4676922Z ##[endgroup]
2026-09-30T12:25:31.4680183Z ##[group]Setting up auth
2026-09-30T12:25:31.4680968Z [command]"C:\Program Files\Git\bin\git.exe" config --local --name-only --get-regexp core\.sshCommand
2026-09-30T12:25:31.5268025Z [command]"C:\Program Files\Git\bin\git.exe" submodule foreach --recursive "sh -c \"git config --local --name-only --get-regexp 'core\.sshCommand' && git config --local --unset-all 'core.sshCommand' || :\""
2026-09-30T12:25:33.9582002Z [command]"C:\Program Files\Git\bin\git.exe" config --local --name-only --get-regexp http\.https\:\/\/github\.com\/\.extraheader
2026-09-30T12:25:34.0136785Z [command]"C:\Program Files\Git\bin\git.exe" submodule foreach --recursive "sh -c \"git config --local --name-only --get-regexp 'http\.https\:\/\/github\.com\/\.extraheader' && git config --local --unset-all 'http.https://github.com/.extraheader' || :\""
2026-09-30T12:25:35.2633766Z [command]"C:\Program Files\Git\bin\git.exe" config --local --name-only --get-regexp ^includeIf\.gitdir:
2026-09-30T12:25:35.3168572Z [command]"C:\Program Files\Git\bin\git.exe" submodule foreach --recursive "git config --local --show-origin --name-only --get-regexp remote.origin.url"
2026-09-30T12:25:36.5895976Z [command]"C:\Program Files\Git\bin\git.exe" config --local http.https://github.com/.extraheader "AUTHORIZATION: basic ***"
2026-09-30T12:25:36.6433969Z ##[endgroup]
2026-09-30T12:25:36.6434535Z ##[group]Fetching the repository
2026-09-30T12:25:36.6450011Z [command]"C:\Program Files\Git\bin\git.exe" -c protocol.version=2 fetch --no-tags --prune --no-recurse-submodules --depth=1 origin +3c06aadd78a8ee8be66b8ba42a4cf73bd0098638:refs/remotes/pull/133/merge
2026-09-30T12:25:38.3801081Z From https://github.com/JKamsker/LiteDB
2026-09-30T12:25:38.3858558Z  * [new ref]         3c06aadd78a8ee8be66b8ba42a4cf73bd0098638 -> pull/133/merge
2026-09-30T12:25:38.3860397Z ##[endgroup]
2026-09-30T12:25:38.3860870Z ##[group]Determining the checkout info
2026-09-30T12:25:38.3863447Z ##[endgroup]
2026-09-30T12:25:38.3874144Z [command]"C:\Program Files\Git\bin\git.exe" sparse-checkout disable
2026-09-30T12:25:38.4620076Z [command]"C:\Program Files\Git\bin\git.exe" config --local --unset-all extensions.worktreeConfig
2026-09-30T12:25:38.5146180Z ##[group]Checking out the ref
2026-09-30T12:25:38.5156372Z [command]"C:\Program Files\Git\bin\git.exe" checkout --progress --force refs/remotes/pull/133/merge
2026-09-30T12:25:39.6014548Z Updating files:  60% (1169/1943)
2026-09-30T12:25:39.6208037Z Updating files:  61% (1186/1943)
2026-09-30T12:25:39.6390482Z Updating files:  62% (1205/1943)
2026-09-30T12:25:39.6572522Z Updating files:  63% (1225/1943)
2026-09-30T12:25:39.6756354Z Updating files:  64% (1244/1943)
2026-09-30T12:25:39.6957763Z Updating files:  65% (1263/1943)
2026-09-30T12:25:39.7126518Z Updating files:  66% (1283/1943)
2026-09-30T12:25:39.7326539Z Updating files:  67% (1302/1943)
2026-09-30T12:25:39.7514312Z Updating files:  68% (1322/1943)
2026-09-30T12:25:39.7710182Z Updating files:  69% (1341/1943)
2026-09-30T12:25:39.7825921Z Updating files:  70% (1361/1943)
2026-09-30T12:25:39.8005520Z Updating files:  71% (1380/1943)
2026-09-30T12:25:39.8194880Z Updating files:  72% (1399/1943)
2026-09-30T12:25:39.8350788Z Updating files:  73% (1419/1943)
2026-09-30T12:25:39.8536360Z Updating files:  74% (1438/1943)
2026-09-30T12:25:39.8720542Z Updating files:  75% (1458/1943)
2026-09-30T12:25:39.8955524Z Updating files:  76% (1477/1943)
2026-09-30T12:25:39.9087557Z Updating files:  77% (1497/1943)
2026-09-30T12:25:39.9242588Z Updating files:  78% (1516/1943)
2026-09-30T12:25:39.9409413Z Updating files:  79% (1535/1943)
2026-09-30T12:25:39.9612971Z Updating files:  80% (1555/1943)
2026-09-30T12:25:39.9772282Z Updating files:  81% (1574/1943)
2026-09-30T12:25:40.0088450Z Updating files:  82% (1594/1943)
2026-09-30T12:25:40.0255774Z Updating files:  83% (1613/1943)
2026-09-30T12:25:40.0444292Z Updating files:  84% (1633/1943)
2026-09-30T12:25:40.0624673Z Updating files:  85% (1652/1943)
2026-09-30T12:25:40.0807237Z Updating files:  86% (1671/1943)
2026-09-30T12:25:40.0958831Z Updating files:  87% (1691/1943)
2026-09-30T12:25:40.1134545Z Updating files:  88% (1710/1943)
2026-09-30T12:25:40.1368808Z Updating files:  89% (1730/1943)
2026-09-30T12:25:40.1593202Z Updating files:  90% (1749/1943)
2026-09-30T12:25:40.1806632Z Updating files:  91% (1769/1943)
2026-09-30T12:25:40.2001176Z Updating files:  92% (1788/1943)
2026-09-30T12:25:40.2176287Z Updating files:  93% (1807/1943)
2026-09-30T12:25:40.2475742Z Updating files:  94% (1827/1943)
2026-09-30T12:25:40.2765958Z Updating files:  95% (1846/1943)
2026-09-30T12:25:40.2907852Z Updating files:  96% (1866/1943)
2026-09-30T12:25:40.3180961Z Updating files:  97% (1885/1943)
2026-09-30T12:25:40.3375264Z Updating files:  98% (1905/1943)
2026-09-30T12:25:40.3624407Z Updating files:  99% (1924/1943)
2026-09-30T12:25:40.3624771Z Updating files: 100% (1943/1943)
2026-09-30T12:25:40.3625055Z Updating files: 100% (1943/1943), done.
2026-09-30T12:25:40.3760122Z Note: switching to 'refs/remotes/pull/133/merge'.
2026-09-30T12:25:40.3760489Z 
2026-09-30T12:25:40.3760719Z You are in 'detached HEAD' state. You can look around, make experimental
2026-09-30T12:25:40.3761301Z changes and commit them, and you can discard any commits you make in this
2026-09-30T12:25:40.3761795Z state without impacting any branches by switching back to a branch.
2026-09-30T12:25:40.3762069Z 
2026-09-30T12:25:40.3763131Z If you want to create a new branch to retain commits you create, you may
2026-09-30T12:25:40.3764591Z do so (now or later) by using -c with the switch command. Example:
2026-09-30T12:25:40.3765154Z 
2026-09-30T12:25:40.3765299Z   git switch -c <new-branch-name>
2026-09-30T12:25:40.3765608Z 
2026-09-30T12:25:40.3765767Z Or undo this operation with:
2026-09-30T12:25:40.3765956Z 
2026-09-30T12:25:40.3766067Z   git switch -
2026-09-30T12:25:40.3766180Z 
2026-09-30T12:25:40.3766433Z Turn off this advice by setting config variable advice.detachedHead to false
2026-09-30T12:25:40.3766757Z 
2026-09-30T12:25:40.3767092Z HEAD is now at 3c06aad Merge f95f0b0cd59d35d285ac72183589975751e35229 into 5dd942a7367c361fadd600be4ce10aace2768b27
2026-09-30T12:25:40.3915844Z ##[endgroup]
2026-09-30T12:25:40.4528259Z [command]"C:\Program Files\Git\bin\git.exe" log -1 --format=%H
2026-09-30T12:25:40.4993889Z 3c06aadd78a8ee8be66b8ba42a4cf73bd0098638
2026-09-30T12:25:40.5603125Z ##[group]Run actions/setup-dotnet@v4
2026-09-30T12:25:40.5603688Z with:
2026-09-30T12:25:40.5603964Z   dotnet-version: 10.0.x
8.0.x

2026-09-30T12:25:40.5604248Z   cache: false
2026-09-30T12:25:40.5604481Z env:
2026-09-30T12:25:40.5604915Z   LITEDB_RETAINED_FIXTURES: __CI_WORKSPACE__/LiteDB.Tests/TestResults/retained-fixtures
2026-09-30T12:25:40.5605347Z ##[endgroup]
2026-09-30T12:25:40.8166260Z (node:2500) [DEP0040] DeprecationWarning: The `punycode` module is deprecated. Please use a userland alternative instead.
2026-09-30T12:25:40.8167146Z (Use `node --trace-deprecation ...` to show where the warning was created)
2026-09-30T12:25:40.9360011Z [command]"C:\Program Files\PowerShell\7\pwsh.exe" -NoLogo -Sta -NoProfile -NonInteractive -ExecutionPolicy Unrestricted -Command & '__CI_HOME__/work\_actions\actions\setup-dotnet\v4\externals\install-dotnet.ps1' -SkipNonVersionedFiles -Runtime dotnet -Channel LTS
2026-09-30T12:25:42.4665071Z dotnet-install: .NET Core Runtime with version '10.0.12' is already installed.
2026-09-30T12:25:42.6655240Z [command]"C:\Program Files\PowerShell\7\pwsh.exe" -NoLogo -Sta -NoProfile -NonInteractive -ExecutionPolicy Unrestricted -Command & '__CI_HOME__/work\_actions\actions\setup-dotnet\v4\externals\install-dotnet.ps1' -SkipNonVersionedFiles -Channel 10.0
2026-09-30T12:25:43.6458790Z dotnet-install: .NET Core SDK with version '10.0.401' is already installed.
2026-09-30T12:25:43.8300409Z [command]"C:\Program Files\PowerShell\7\pwsh.exe" -NoLogo -Sta -NoProfile -NonInteractive -ExecutionPolicy Unrestricted -Command & '__CI_HOME__/work\_actions\actions\setup-dotnet\v4\externals\install-dotnet.ps1' -SkipNonVersionedFiles -Runtime dotnet -Channel LTS
2026-09-30T12:25:44.8067365Z dotnet-install: .NET Core Runtime with version '10.0.12' is already installed.
2026-09-30T12:25:44.9831827Z [command]"C:\Program Files\PowerShell\7\pwsh.exe" -NoLogo -Sta -NoProfile -NonInteractive -ExecutionPolicy Unrestricted -Command & '__CI_HOME__/work\_actions\actions\setup-dotnet\v4\externals\install-dotnet.ps1' -SkipNonVersionedFiles -Channel 8.0
2026-09-30T12:25:46.0596040Z dotnet-install: .NET Core SDK with version '8.0.425' is already installed.
2026-09-30T12:25:46.1817766Z ##[group]Run actions/download-artifact@v4
2026-09-30T12:25:46.1818426Z with:
2026-09-30T12:25:46.1818698Z   name: tests-build-windows
2026-09-30T12:25:46.1819042Z   merge-multiple: false
2026-09-30T12:25:46.1819312Z   repository: JKamsker/LiteDB
2026-09-30T12:25:46.1819596Z   run-id: 36714086574
2026-09-30T12:25:46.1819851Z env:
2026-09-30T12:25:46.1820288Z   LITEDB_RETAINED_FIXTURES: __CI_WORKSPACE__/LiteDB.Tests/TestResults/retained-fixtures
2026-09-30T12:25:46.1820756Z   DOTNET_ROOT: C:\Program Files\dotnet
2026-09-30T12:25:46.1821038Z ##[endgroup]
2026-09-30T12:25:46.4461577Z Downloading single artifact
2026-09-30T12:25:46.4692990Z (node:10216) [DEP0040] DeprecationWarning: The `punycode` module is deprecated. Please use a userland alternative instead.
2026-09-30T12:25:46.4693826Z (Use `node --trace-deprecation ...` to show where the warning was created)
2026-09-30T12:25:46.6534342Z Preparing to download the following artifacts:
2026-09-30T12:25:46.6535391Z - tests-build-windows (ID: 11094943370, Size: 42368008, Expected Digest: sha256:29c370145debaf1c65989f2870c7dd6f7299a0198e0219335b4191e01df334b0)
2026-09-30T12:25:46.8401614Z Redirecting to blob download url: https://productionresultssa17.blob.core.windows.net/actions-results/b8223bf5-78b4-8396-9440-870f5d345c27/workflow-job-run-429bb0cb-7a12-5e5f-81ff-3af46c8ec5df/artifacts/a423237836c40f3642fb865e060786e1e859ed0c40243637743f88aa5e75f120.zip
2026-09-30T12:25:46.8402880Z Starting download of artifact to: __CI_WORKSPACE__
2026-09-30T12:25:47.0495996Z (node:10216) [DEP0005] DeprecationWarning: Buffer() is deprecated due to security and usability issues. Please use the Buffer.alloc(), Buffer.allocUnsafe(), or Buffer.from() methods instead.
2026-09-30T12:25:49.3096759Z SHA256 digest of downloaded artifact is 29c370145debaf1c65989f2870c7dd6f7299a0198e0219335b4191e01df334b0
2026-09-30T12:25:49.3097500Z Artifact download completed successfully.
2026-09-30T12:25:49.3097865Z Total of 1 artifact(s) downloaded
2026-09-30T12:25:49.3113217Z Download artifact has finished successfully
2026-09-30T12:25:49.3598008Z ##[group]Run ./scripts/run-ci-tests.ps1 -RuntimeMajor 8 -Framework "net8.0" -Architecture arm64 -Filter 'FullyQualifiedName~TransactionHandle|FullyQualifiedName~NativeAdmission|FullyQualifiedName~SharedAdmissionLifetime|FullyQualifiedName~SharedMode|FullyQualifiedName~DirectModeAdmission|FullyQualifiedName~Rebuild|FullyQualifiedName~SharedCoordinated' -ResultFile 'NativeAdmission-arm64.trx' -PartitionFiltered
2026-09-30T12:25:49.3601495Z [36;1m./scripts/run-ci-tests.ps1 -RuntimeMajor 8 -Framework "net8.0" -Architecture arm64 -Filter 'FullyQualifiedName~TransactionHandle|FullyQualifiedName~NativeAdmission|FullyQualifiedName~SharedAdmissionLifetime|FullyQualifiedName~SharedMode|FullyQualifiedName~DirectModeAdmission|FullyQualifiedName~Rebuild|FullyQualifiedName~SharedCoordinated' -ResultFile 'NativeAdmission-arm64.trx' -PartitionFiltered[0m
2026-09-30T12:25:49.3667861Z shell: C:\Program Files\PowerShell\7\pwsh.EXE -command ". '{0}'"
2026-09-30T12:25:49.3668247Z env:
2026-09-30T12:25:49.3668777Z   LITEDB_RETAINED_FIXTURES: __CI_WORKSPACE__/LiteDB.Tests/TestResults/retained-fixtures
2026-09-30T12:25:49.3669309Z   DOTNET_ROOT: C:\Program Files\dotnet
2026-09-30T12:25:49.3669712Z   LITEDB_EVIDENCE_MATRIX: {
  "framework": "net8.0",
  "runtimeMajor": 8
}
2026-09-30T12:25:49.3670123Z ##[endgroup]
2026-09-30T12:25:51.7382651Z dotnet-install: Downloaded file https://builds.dotnet.microsoft.com/dotnet/Runtime/8.0.31/dotnet-runtime-8.0.31-win-arm64.zip size is 33203130 bytes.
2026-09-30T12:25:51.7389625Z dotnet-install: Either downloaded or local package size can not be measured. One of them may be corrupted.
2026-09-30T12:25:51.7414222Z dotnet-install: Extracting the archive.
2026-09-30T12:25:53.0389765Z dotnet-install: Binaries of dotnet can be found in __CI_HOME__/work\_temp\litedb-runtime-8-arm64\
2026-09-30T12:25:53.0395498Z dotnet-install: Note that the script does not ensure your Windows version is supported during the installation.
2026-09-30T12:25:53.0401596Z dotnet-install: To check the list of supported versions, go to https://learn.microsoft.com/dotnet/core/install/windows#supported-versions
2026-09-30T12:25:53.0406234Z dotnet-install: Installed version is 8.0.31
2026-09-30T12:25:53.0410987Z dotnet-install: Installation finished
2026-09-30T12:25:53.0893623Z 
2026-09-30T12:25:53.0894083Z Host:
2026-09-30T12:25:53.0894547Z   Version:      8.0.31
2026-09-30T12:25:53.0895412Z   Architecture: arm64
2026-09-30T12:25:53.0895682Z   Commit:       1219a42122
2026-09-30T12:25:53.0896000Z   RID:          win-arm64
2026-09-30T12:25:53.0896168Z 
2026-09-30T12:25:53.0896315Z .NET SDKs installed:
2026-09-30T12:25:53.0897158Z   No SDKs were found.
2026-09-30T12:25:53.0897365Z 
2026-09-30T12:25:53.0897936Z .NET runtimes installed:
2026-09-30T12:25:53.0898468Z   Microsoft.NETCore.App 8.0.31 [__CI_HOME__/work\_temp\litedb-runtime-8-arm64\shared\Microsoft.NETCore.App]
2026-09-30T12:25:53.0898903Z 
2026-09-30T12:25:53.0899125Z Other architectures found:
2026-09-30T12:25:53.0899439Z   x64   [C:\Program Files\dotnet\x64]
2026-09-30T12:25:53.0899887Z     registered at [HKLM\SOFTWARE\dotnet\Setup\InstalledVersions\x64\InstallLocation]
2026-09-30T12:25:53.0902664Z   x86   [C:\Program Files (x86)\dotnet]
2026-09-30T12:25:53.0903297Z     registered at [HKLM\SOFTWARE\dotnet\Setup\InstalledVersions\x86\InstallLocation]
2026-09-30T12:25:53.0903723Z 
2026-09-30T12:25:53.0904004Z Environment variables:
2026-09-30T12:25:53.0904285Z   DOTNET_ROOT       [C:\Program Files\dotnet]
2026-09-30T12:25:53.0904504Z 
2026-09-30T12:25:53.0904634Z global.json file:
2026-09-30T12:25:53.0904864Z   Not found
2026-09-30T12:25:53.0904996Z 
2026-09-30T12:25:53.0905072Z Learn more:
2026-09-30T12:25:53.0905334Z   https://aka.ms/dotnet/info
2026-09-30T12:25:53.0905536Z 
2026-09-30T12:25:53.0905666Z Download .NET:
2026-09-30T12:25:53.0905932Z   https://aka.ms/dotnet/download
2026-09-30T12:26:06.3177149Z Running native selection partition: handles
2026-09-30T12:26:06.3305591Z 
2026-09-30T12:26:06.3306035Z Host:
2026-09-30T12:26:06.3308988Z   Version:      8.0.31
2026-09-30T12:26:06.3309518Z   Architecture: arm64
2026-09-30T12:26:06.3309773Z   Commit:       1219a42122
2026-09-30T12:26:06.3310087Z   RID:          win-arm64
2026-09-30T12:26:06.3310253Z 
2026-09-30T12:26:06.3310425Z .NET SDKs installed:
2026-09-30T12:26:06.3310674Z   No SDKs were found.
2026-09-30T12:26:06.3310809Z 
2026-09-30T12:26:06.3310937Z .NET runtimes installed:
2026-09-30T12:26:06.3311367Z   Microsoft.NETCore.App 8.0.31 [__CI_HOME__/work\_temp\litedb-runtime-8-arm64\shared\Microsoft.NETCore.App]
2026-09-30T12:26:06.3311766Z 
2026-09-30T12:26:06.3311895Z Other architectures found:
2026-09-30T12:26:06.3312897Z   x64   [C:\Program Files\dotnet\x64]
2026-09-30T12:26:06.3313576Z     registered at [HKLM\SOFTWARE\dotnet\Setup\InstalledVersions\x64\InstallLocation]
2026-09-30T12:26:06.3314040Z   x86   [C:\Program Files (x86)\dotnet]
2026-09-30T12:26:06.3314668Z     registered at [HKLM\SOFTWARE\dotnet\Setup\InstalledVersions\x86\InstallLocation]
2026-09-30T12:26:06.3315027Z 
2026-09-30T12:26:06.3315166Z Environment variables:
2026-09-30T12:26:06.3315461Z   DOTNET_ROOT       [C:\Program Files\dotnet]
2026-09-30T12:26:06.3315695Z 
2026-09-30T12:26:06.3315816Z global.json file:
2026-09-30T12:26:06.3316045Z   Not found
2026-09-30T12:26:06.3316173Z 
2026-09-30T12:26:06.3316272Z Learn more:
2026-09-30T12:26:06.3316518Z   https://aka.ms/dotnet/info
2026-09-30T12:26:06.3316704Z 
2026-09-30T12:26:06.3316807Z Download .NET:
2026-09-30T12:26:06.3317067Z   https://aka.ms/dotnet/download
2026-09-30T12:26:06.6086693Z VSTest version 18.7.0 (arm64)
2026-09-30T12:26:06.6118037Z 
2026-09-30T12:26:06.7158505Z Starting test execution, please wait...
2026-09-30T12:26:06.8126849Z A total of 1 test files matched the specified pattern.
2026-09-30T12:27:06.6419105Z Results File: __CI_WORKSPACE__\LiteDB.Tests\TestResults\NativeAdmission-arm64-handles.trx
2026-09-30T12:27:06.6422994Z 
2026-09-30T12:27:06.6466676Z Passed!  - Failed:     0, Passed:   255, Skipped:     0, Total:   255, Duration: 58 s - LiteDB.Tests.dll (net8.0)
2026-09-30T12:27:06.7648526Z Running native selection partition: admission
2026-09-30T12:27:06.7756440Z 
2026-09-30T12:27:06.7756945Z Host:
2026-09-30T12:27:06.7757659Z   Version:      8.0.31
2026-09-30T12:27:06.7758016Z   Architecture: arm64
2026-09-30T12:27:06.7758356Z   Commit:       1219a42122
2026-09-30T12:27:06.7758629Z   RID:          win-arm64
2026-09-30T12:27:06.7758793Z 
2026-09-30T12:27:06.7758931Z .NET SDKs installed:
2026-09-30T12:27:06.7759193Z   No SDKs were found.
2026-09-30T12:27:06.7759358Z 
2026-09-30T12:27:06.7759482Z .NET runtimes installed:
2026-09-30T12:27:06.7759955Z   Microsoft.NETCore.App 8.0.31 [__CI_HOME__/work\_temp\litedb-runtime-8-arm64\shared\Microsoft.NETCore.App]
2026-09-30T12:27:06.7760348Z 
2026-09-30T12:27:06.7760464Z Other architectures found:
2026-09-30T12:27:06.7760786Z   x64   [C:\Program Files\dotnet\x64]
2026-09-30T12:27:06.7761264Z     registered at [HKLM\SOFTWARE\dotnet\Setup\InstalledVersions\x64\InstallLocation]
2026-09-30T12:27:06.7761714Z   x86   [C:\Program Files (x86)\dotnet]
2026-09-30T12:27:06.7762635Z     registered at [HKLM\SOFTWARE\dotnet\Setup\InstalledVersions\x86\InstallLocation]
2026-09-30T12:27:06.7763665Z 
2026-09-30T12:27:06.7763884Z Environment variables:
2026-09-30T12:27:06.7764252Z   DOTNET_ROOT       [C:\Program Files\dotnet]
2026-09-30T12:27:06.7764920Z 
2026-09-30T12:27:06.7765047Z global.json file:
2026-09-30T12:27:06.7765291Z   Not found
2026-09-30T12:27:06.7765488Z 
2026-09-30T12:27:06.7765600Z Learn more:
2026-09-30T12:27:06.7765862Z   https://aka.ms/dotnet/info
2026-09-30T12:27:06.7766060Z 
2026-09-30T12:27:06.7766162Z Download .NET:
2026-09-30T12:27:06.7766414Z   https://aka.ms/dotnet/download
2026-09-30T12:27:07.0214190Z VSTest version 18.7.0 (arm64)
2026-09-30T12:27:07.0244759Z 
2026-09-30T12:27:07.1237266Z Starting test execution, please wait...
2026-09-30T12:27:07.1625958Z A total of 1 test files matched the specified pattern.
2026-09-30T12:27:19.5678774Z [xUnit.net 00:00:11.98]     LiteDB.Tests.Internals.NativeAdmissionCrash_Tests.Death_during_handoff_releases_native_locks_and_preserves_recoverable_data(stage: "before-recovery-marker-flush", password: "secret", fallback: True) [FAIL]
2026-09-30T12:27:19.5821270Z   Failed LiteDB.Tests.Internals.NativeAdmissionCrash_Tests.Death_during_handoff_releases_native_locks_and_preserves_recoverable_data(stage: "before-recovery-marker-flush", password: "secret", fallback: True) [847 ms]
2026-09-30T12:27:19.5822948Z   Error Message:
2026-09-30T12:27:19.5824650Z    System.IO.IOException : The process cannot access the file '__CI_HOME__\AppData\Local\Temp\litedb-native-crash-8e756d08a0cb415a8c84be9ded4ffe4c\data-rebuild.db' because it is being used by another process.
2026-09-30T12:27:19.5825772Z   Stack Trace:
2026-09-30T12:27:19.5826476Z      at Microsoft.Win32.SafeHandles.SafeFileHandle.CreateFile(String fullPath, FileMode mode, FileAccess access, FileShare share, FileOptions options)
2026-09-30T12:27:19.5827764Z    at Microsoft.Win32.SafeHandles.SafeFileHandle.Open(String fullPath, FileMode mode, FileAccess access, FileShare share, FileOptions options, Int64 preallocationSize, Nullable`1 unixCreateMode)
2026-09-30T12:27:19.5828663Z    at System.IO.File.ReadAllBytes(String path)
2026-09-30T12:27:19.5829127Z    at System.Array.ConvertAll[TInput,TOutput](TInput[] array, Converter`2 converter)
2026-09-30T12:27:19.5830268Z    at LiteDB.Tests.Internals.NativeAdmissionCrash_Tests.VerifyRecovery(String directory, String filename, String stage, String password, Boolean fallback) in __CI_WORKSPACE__\LiteDB.Tests\Internals\NativeAdmissionCrash_Tests.cs:line 88
2026-09-30T12:27:19.5832023Z    at LiteDB.Tests.Internals.NativeAdmissionCrash_Tests.Death_during_handoff_releases_native_locks_and_preserves_recoverable_data(String stage, String password, Boolean fallback) in __CI_WORKSPACE__\LiteDB.Tests\Internals\NativeAdmissionCrash_Tests.cs:line 62
2026-09-30T12:27:19.5833161Z --- End of stack trace from previous location ---
2026-09-30T12:27:19.5833551Z   Standard Output Messages:
2026-09-30T12:27:19.5834082Z  Crash case stage=before-recovery-marker-flush, encrypted=True, phase=verify recovery marker, refusal and candidate
2026-09-30T12:27:19.5835124Z Retained fixture: __CI_HOME__\AppData\Local\Temp\litedb-native-crash-8e756d08a0cb415a8c84be9ded4ffe4c
2026-09-30T12:27:19.5836376Z System.IO.IOException: The process cannot access the file '__CI_HOME__\AppData\Local\Temp\litedb-native-crash-8e756d08a0cb415a8c84be9ded4ffe4c\data-rebuild.db' because it is being used by another process.
2026-09-30T12:27:19.5837646Z     at Microsoft.Win32.SafeHandles.SafeFileHandle.CreateFile(String fullPath, FileMode mode, FileAccess access, FileShare share, FileOptions options)
2026-09-30T12:27:19.5838866Z     at Microsoft.Win32.SafeHandles.SafeFileHandle.Open(String fullPath, FileMode mode, FileAccess access, FileShare share, FileOptions options, Int64 preallocationSize, Nullable`1 unixCreateMode)
2026-09-30T12:27:19.5839755Z     at System.IO.File.ReadAllBytes(String path)
2026-09-30T12:27:19.5840703Z     at System.Array.ConvertAll[TInput,TOutput](TInput[] array, Converter`2 converter)
2026-09-30T12:27:19.5841805Z     at LiteDB.Tests.Internals.NativeAdmissionCrash_Tests.VerifyRecovery(String directory, String filename, String stage, String password, Boolean fallback) in __CI_WORKSPACE__\LiteDB.Tests\Internals\NativeAdmissionCrash_Tests.cs:line 88
2026-09-30T12:27:19.5843546Z     at LiteDB.Tests.Internals.NativeAdmissionCrash_Tests.Death_during_handoff_releases_native_locks_and_preserves_recoverable_data(String stage, String password, Boolean fallback) in __CI_WORKSPACE__\LiteDB.Tests\Internals\NativeAdmissionCrash_Tests.cs:line 62
2026-09-30T12:27:19.5844491Z 
2026-09-30T12:27:19.5844495Z 
2026-09-30T12:28:35.7292593Z Results File: __CI_WORKSPACE__\LiteDB.Tests\TestResults\NativeAdmission-arm64-admission.trx
2026-09-30T12:28:35.7295593Z 
2026-09-30T12:28:35.7337717Z Failed!  - Failed:     1, Passed:   201, Skipped:     0, Total:   202, Duration: 1 m 27 s - LiteDB.Tests.dll (net8.0)
2026-09-30T12:28:35.7804542Z Running native selection partition: remaining
2026-09-30T12:28:35.7913291Z 
2026-09-30T12:28:35.7913765Z Host:
2026-09-30T12:28:35.7914075Z   Version:      8.0.31
2026-09-30T12:28:35.7914343Z   Architecture: arm64
2026-09-30T12:28:35.7914636Z   Commit:       1219a42122
2026-09-30T12:28:35.7914898Z   RID:          win-arm64
2026-09-30T12:28:35.7915068Z 
2026-09-30T12:28:35.7915206Z .NET SDKs installed:
2026-09-30T12:28:35.7915459Z   No SDKs were found.
2026-09-30T12:28:35.7915620Z 
2026-09-30T12:28:35.7915741Z .NET runtimes installed:
2026-09-30T12:28:35.7916196Z   Microsoft.NETCore.App 8.0.31 [__CI_HOME__/work\_temp\litedb-runtime-8-arm64\shared\Microsoft.NETCore.App]
2026-09-30T12:28:35.7916576Z 
2026-09-30T12:28:35.7916689Z Other architectures found:
2026-09-30T12:28:35.7916993Z   x64   [C:\Program Files\dotnet\x64]
2026-09-30T12:28:35.7918057Z     registered at [HKLM\SOFTWARE\dotnet\Setup\InstalledVersions\x64\InstallLocation]
2026-09-30T12:28:35.7918559Z   x86   [C:\Program Files (x86)\dotnet]
2026-09-30T12:28:35.7919065Z     registered at [HKLM\SOFTWARE\dotnet\Setup\InstalledVersions\x86\InstallLocation]
2026-09-30T12:28:35.7919418Z 
2026-09-30T12:28:35.7919562Z Environment variables:
2026-09-30T12:28:35.7919854Z   DOTNET_ROOT       [C:\Program Files\dotnet]
2026-09-30T12:28:35.7920077Z 
2026-09-30T12:28:35.7920932Z global.json file:
2026-09-30T12:28:35.7921353Z   Not found
2026-09-30T12:28:35.7921560Z 
2026-09-30T12:28:35.7921667Z Learn more:
2026-09-30T12:28:35.7921971Z   https://aka.ms/dotnet/info
2026-09-30T12:28:35.7922574Z 
2026-09-30T12:28:35.7922745Z Download .NET:
2026-09-30T12:28:35.7923039Z   https://aka.ms/dotnet/download
2026-09-30T12:28:36.0343737Z VSTest version 18.7.0 (arm64)
2026-09-30T12:28:36.0378655Z 
2026-09-30T12:28:36.1362002Z Starting test execution, please wait...
2026-09-30T12:28:36.1742106Z A total of 1 test files matched the specified pattern.
2026-09-30T12:29:18.9168325Z [xUnit.net 00:00:42.32]     LiteDB.Tests.Engine.Rebuild_Tests.Rebuild_Change_Culture_Error [SKIP]
2026-09-30T12:29:20.0925732Z   Skipped LiteDB.Tests.Engine.Rebuild_Tests.Rebuild_Change_Culture_Error [1 ms]
2026-09-30T12:29:34.8900188Z Results File: __CI_WORKSPACE__\LiteDB.Tests\TestResults\NativeAdmission-arm64-remaining.trx
2026-09-30T12:29:34.8904430Z 
2026-09-30T12:29:34.8946029Z Passed!  - Failed:     0, Passed:   233, Skipped:     1, Total:   234, Duration: 57 s - LiteDB.Tests.dll (net8.0)
2026-09-30T12:29:35.1498230Z [31;1mException: [0m__CI_WORKSPACE__\scripts\run-ci-tests.ps1:170[0m
2026-09-30T12:29:35.1498940Z [31;1m[0m[36;1mLine |[0m
2026-09-30T12:29:35.1499802Z [31;1m[0m[36;1m[36;1m 170 | [0m … ed.Count) { [36;1mthrow "Native test partitions failed: $($failed -join ', [0m …[0m
2026-09-30T12:29:35.1500788Z [31;1m[0m[36;1m[36;1m[0m[36;1m[0m[36;1m     | [31;1m               ~~~~~~~~~~~~~~~~~~~~~~~~~~~~~~~~~~~~~~~~~~~~~~~~~~~~~~~~~[0m
2026-09-30T12:29:35.1501674Z [31;1m[0m[36;1m[36;1m[0m[36;1m[0m[36;1m[31;1m[31;1m[36;1m     | [31;1mNative test partitions failed: admission[0m
2026-09-30T12:29:35.1901274Z ##[error]Process completed with exit code 1.
2026-09-30T12:29:35.2248218Z ##[group]Run actions/upload-artifact@v4
2026-09-30T12:29:35.2248790Z with:
2026-09-30T12:29:35.2249150Z   name: test-results-test-native-windows-arm64-0
2026-09-30T12:29:35.2250115Z   path: LiteDB.Tests/TestResults/*.trx
LiteDB.Tests/TestResults/evidence-leg.json
LiteDB.Tests/TestResults/discovered-tests.txt
LiteDB.Tests/TestResults/native-partitions.json
artifacts_temp/graph-retention-contract/

2026-09-30T12:29:35.2251028Z   if-no-files-found: warn
2026-09-30T12:29:35.2251332Z   compression-level: 6
2026-09-30T12:29:35.2251579Z   overwrite: false
2026-09-30T12:29:35.2251833Z   include-hidden-files: false
2026-09-30T12:29:35.2252100Z env:
2026-09-30T12:29:35.2252485Z   LITEDB_RETAINED_FIXTURES: __CI_WORKSPACE__/LiteDB.Tests/TestResults/retained-fixtures
2026-09-30T12:29:35.2252955Z   DOTNET_ROOT: C:\Program Files\dotnet
2026-09-30T12:29:35.2253268Z ##[endgroup]
2026-09-30T12:29:35.5121257Z (node:10412) [DEP0040] DeprecationWarning: The `punycode` module is deprecated. Please use a userland alternative instead.
2026-09-30T12:29:35.5122132Z (Use `node --trace-deprecation ...` to show where the warning was created)
2026-09-30T12:29:35.5275618Z Multiple search paths detected. Calculating the least common ancestor of all paths
2026-09-30T12:29:35.5279036Z The least common ancestor is __CI_HOME__/work\LiteDB\LiteDB. This will be the root directory of the artifact
2026-09-30T12:29:35.5279806Z With the provided path, there will be 6 files uploaded
2026-09-30T12:29:35.5286619Z Artifact name is valid!
2026-09-30T12:29:35.5289181Z Root directory input is valid!
2026-09-30T12:29:35.8224574Z Beginning upload of artifact content to blob storage
2026-09-30T12:29:35.8701772Z (node:10412) [DEP0169] DeprecationWarning: `url.parse()` behavior is not standardized and prone to errors that have security implications. Use the WHATWG URL API instead. CVEs are not issued for `url.parse()` vulnerabilities.
2026-09-30T12:29:36.1071250Z Uploaded bytes 170948
2026-09-30T12:29:36.1489739Z Finished uploading artifact content to blob storage!
2026-09-30T12:29:36.1492345Z SHA256 digest of uploaded artifact zip is 7e7ecb3ab5cb07df1c595bea7c1c2eb83ab4ef6cd91ab82cd42a20b744b88ce1
2026-09-30T12:29:36.1494458Z Finalizing artifact upload
2026-09-30T12:29:36.3940404Z Artifact test-results-test-native-windows-arm64-0.zip successfully finalized. Artifact ID 11095114823
2026-09-30T12:29:36.3941463Z Artifact test-results-test-native-windows-arm64-0 has been successfully uploaded! Final size is 170948 bytes. Artifact ID is 11095114823
2026-09-30T12:29:36.3959209Z Artifact download URL: https://github.com/JKamsker/LiteDB/actions/runs/36714086574/artifacts/11095114823
2026-09-30T12:29:36.4415015Z Prepare all required actions
2026-09-30T12:29:36.4416330Z Getting action download info
2026-09-30T12:29:36.6566300Z ##[group]Run ./.github/actions/retained-fixtures
2026-09-30T12:29:36.6566713Z env:
2026-09-30T12:29:36.6567122Z   LITEDB_RETAINED_FIXTURES: __CI_WORKSPACE__/LiteDB.Tests/TestResults/retained-fixtures
2026-09-30T12:29:36.6567590Z   DOTNET_ROOT: C:\Program Files\dotnet
2026-09-30T12:29:36.6567902Z ##[endgroup]
2026-09-30T12:29:36.6635972Z ##[start-action display=Collect retained fixtures;id=__self.__run]
2026-09-30T12:29:36.6884486Z ##[group]Run if [ "$RUNNER_OS" = "Windows" ]; then retained_python=python; else retained_python=python3; fi
2026-09-30T12:29:36.6885220Z [36;1mif [ "$RUNNER_OS" = "Windows" ]; then retained_python=python; else retained_python=python3; fi[0m
2026-09-30T12:29:36.6885906Z [36;1m"$retained_python" scripts/collect-retained-fixtures.py "$LITEDB_RETAINED_FIXTURES"[0m
2026-09-30T12:29:36.6907325Z shell: C:\Program Files\Git\bin\bash.EXE --noprofile --norc -e -o pipefail {0}
2026-09-30T12:29:36.6907771Z env:
2026-09-30T12:29:36.6908145Z   LITEDB_RETAINED_FIXTURES: __CI_WORKSPACE__/LiteDB.Tests/TestResults/retained-fixtures
2026-09-30T12:29:36.6910014Z   DOTNET_ROOT: C:\Program Files\dotnet
2026-09-30T12:29:36.6910316Z ##[endgroup]
2026-09-30T12:29:37.5275672Z ##[end-action id=__self.__run;outcome=success;conclusion=success;duration_ms=863]
2026-09-30T12:29:37.5279285Z ##[start-action display=Upload fixture manifests and copies;id=__self.__actions_upload-artifact]
2026-09-30T12:29:37.6026137Z ##[group]Run actions/upload-artifact@v4
2026-09-30T12:29:37.6026561Z with:
2026-09-30T12:29:37.6026870Z   name: retained-fixtures-test-native-windows-arm64-0
2026-09-30T12:29:37.6027325Z   path: __CI_WORKSPACE__/LiteDB.Tests/TestResults/retained-fixtures/
2026-09-30T12:29:37.6027737Z   if-no-files-found: ignore
2026-09-30T12:29:37.6028022Z   retention-days: 14
2026-09-30T12:29:37.6028291Z   compression-level: 6
2026-09-30T12:29:37.6028645Z   overwrite: false
2026-09-30T12:29:37.6028894Z   include-hidden-files: false
2026-09-30T12:29:37.6029182Z env:
2026-09-30T12:29:37.6029555Z   LITEDB_RETAINED_FIXTURES: __CI_WORKSPACE__/LiteDB.Tests/TestResults/retained-fixtures
2026-09-30T12:29:37.6030055Z   DOTNET_ROOT: C:\Program Files\dotnet
2026-09-30T12:29:37.6030361Z ##[endgroup]
2026-09-30T12:29:37.8791335Z (node:6552) [DEP0040] DeprecationWarning: The `punycode` module is deprecated. Please use a userland alternative instead.
2026-09-30T12:29:37.8792095Z (Use `node --trace-deprecation ...` to show where the warning was created)
2026-09-30T12:29:37.8865315Z No files were found with the provided path: __CI_WORKSPACE__/LiteDB.Tests/TestResults/retained-fixtures/. No artifacts will be uploaded.
2026-09-30T12:29:37.9042416Z ##[end-action id=__self.__actions_upload-artifact;outcome=success;conclusion=success;duration_ms=376]
2026-09-30T12:29:37.9484480Z Post job cleanup.
2026-09-30T12:29:38.2506879Z [command]"C:\Program Files\Git\bin\git.exe" version
2026-09-30T12:29:38.3002251Z git version 2.55.0.windows.5
2026-09-30T12:29:38.3195534Z Temporarily overriding HOME='__CI_HOME__/work\_temp\d613c73a-6624-474e-bf05-07be3299853a' before making global git config changes
2026-09-30T12:29:38.3196816Z Adding repository directory to the temporary git global config as a safe directory
2026-09-30T12:29:38.3206554Z [command]"C:\Program Files\Git\bin\git.exe" config --global --add safe.directory __CI_WORKSPACE__
2026-09-30T12:29:38.3756589Z [command]"C:\Program Files\Git\bin\git.exe" config --local --name-only --get-regexp core\.sshCommand
2026-09-30T12:29:38.4290886Z [command]"C:\Program Files\Git\bin\git.exe" submodule foreach --recursive "sh -c \"git config --local --name-only --get-regexp 'core\.sshCommand' && git config --local --unset-all 'core.sshCommand' || :\""
2026-09-30T12:29:39.7052905Z [command]"C:\Program Files\Git\bin\git.exe" config --local --name-only --get-regexp http\.https\:\/\/github\.com\/\.extraheader
2026-09-30T12:29:39.7528278Z http.https://github.com/.extraheader
2026-09-30T12:29:39.7592948Z [command]"C:\Program Files\Git\bin\git.exe" config --local --unset-all http.https://github.com/.extraheader
2026-09-30T12:29:39.8154602Z [command]"C:\Program Files\Git\bin\git.exe" submodule foreach --recursive "sh -c \"git config --local --name-only --get-regexp 'http\.https\:\/\/github\.com\/\.extraheader' && git config --local --unset-all 'http.https://github.com/.extraheader' || :\""
2026-09-30T12:29:41.0704536Z [command]"C:\Program Files\Git\bin\git.exe" config --local --name-only --get-regexp ^includeIf\.gitdir:
2026-09-30T12:29:41.1238312Z [command]"C:\Program Files\Git\bin\git.exe" submodule foreach --recursive "git config --local --show-origin --name-only --get-regexp remote.origin.url"
2026-09-30T12:29:42.4059122Z Cleaning up orphan processes
2026-09-30T12:29:42.4172834Z ##[warning]Node.js 20 is deprecated. The following actions target Node.js 20 but are being forced to run on Node.js 24: actions/checkout@v4, actions/download-artifact@v4, actions/setup-dotnet@v4, actions/upload-artifact@v4. For more information see: https://github.blog/changelog/2025-09-19-deprecation-of-node-20-on-github-actions-runners/
