2026-09-30T12:02:02.3339164Z Current runner version: '2.337.0'
2026-09-30T12:02:02.3360344Z ##[group]Runner Image Provisioner
2026-09-30T12:02:02.3361090Z Hosted Compute Agent
2026-09-30T12:02:02.3361523Z Version: 20260828.587
2026-09-30T12:02:02.3361974Z Commit: abac92662cab4cc7352de4f9f9d2e2419aad9c29
2026-09-30T12:02:02.3362488Z Build Date: 2026-08-28T16:44:25Z
2026-09-30T12:02:02.3363020Z Worker ID: {8ac158bb-3eae-4554-9a0b-d1460be839a2}
2026-09-30T12:02:02.3363531Z Azure Region: eastus
2026-09-30T12:02:02.3363961Z ##[endgroup]
2026-09-30T12:02:02.3365002Z ##[group]Operating System
2026-09-30T12:02:02.3365446Z Microsoft Windows Server 2022
2026-09-30T12:02:02.3365894Z 10.0.20348
2026-09-30T12:02:02.3366257Z Datacenter
2026-09-30T12:02:02.3366617Z ##[endgroup]
2026-09-30T12:02:02.3366995Z ##[group]Runner Image
2026-09-30T12:02:02.3367401Z Image: windows-2022
2026-09-30T12:02:02.3367821Z Version: 20260920.314.1
2026-09-30T12:02:02.3368826Z Included Software: https://github.com/actions/runner-images/blob/win22/20260920.314/images/windows/Windows2022-Readme.md
2026-09-30T12:02:02.3369943Z Image Release: https://github.com/actions/runner-images/releases/tag/win22%2F20260920.314
2026-09-30T12:02:02.3370648Z ##[endgroup]
2026-09-30T12:02:02.3373038Z ##[group]GITHUB_TOKEN Permissions
2026-09-30T12:02:02.3374759Z Actions: write
2026-09-30T12:02:02.3375211Z ArtifactMetadata: write
2026-09-30T12:02:02.3375646Z Attestations: write
2026-09-30T12:02:02.3376043Z Checks: write
2026-09-30T12:02:02.3376454Z CodeQuality: write
2026-09-30T12:02:02.3376827Z Contents: write
2026-09-30T12:02:02.3377225Z CopilotRequests: write
2026-09-30T12:02:02.3377629Z Deployments: write
2026-09-30T12:02:02.3378014Z Discussions: write
2026-09-30T12:02:02.3378400Z Drives: write
2026-09-30T12:02:02.3378766Z Issues: write
2026-09-30T12:02:02.3379138Z Metadata: read
2026-09-30T12:02:02.3379550Z Models: read
2026-09-30T12:02:02.3380094Z Packages: write
2026-09-30T12:02:02.3380482Z Pages: write
2026-09-30T12:02:02.3380873Z PullRequests: write
2026-09-30T12:02:02.3381289Z RepositoryProjects: write
2026-09-30T12:02:02.3381722Z SecurityEvents: write
2026-09-30T12:02:02.3382111Z Statuses: write
2026-09-30T12:02:02.3382513Z VulnerabilityAlerts: read
2026-09-30T12:02:02.3382929Z ##[endgroup]
2026-09-30T12:02:02.3384711Z Secret source: Actions
2026-09-30T12:02:02.3385367Z Cache mode: write
2026-09-30T12:02:02.3385938Z Prepare workflow directory
2026-09-30T12:02:02.3773052Z Prepare all required actions
2026-09-30T12:02:02.3811115Z Getting action download info
2026-09-30T12:02:02.5491444Z Download action repository 'actions/checkout@v4' (SHA:11d5960a326750d5838078e36cf38b85af677262)
2026-09-30T12:02:02.6529562Z Download action repository 'actions/setup-dotnet@v4' (SHA:67a3573c9a986a3f9c594539f4ab511d57bb3ce9)
2026-09-30T12:02:02.8610460Z Download action repository 'actions/download-artifact@v4' (SHA:d3f86a106a0bac45b974a628896c90dbdf5c8093)
2026-09-30T12:02:03.0367615Z Download action repository 'actions/upload-artifact@v4' (SHA:ea165f8d65b6e75b540449e92b4886f43607fa02)
2026-09-30T12:02:03.5343000Z Uses: JKamsker/LiteDB/.github/workflows/_reusable-ci.yml@refs/pull/133/merge (2a15beace59345d1daaa8cdbc887cfe67b5d89ff)
2026-09-30T12:02:03.5348484Z ##[group] Inputs
2026-09-30T12:02:03.5349307Z   tier: full
2026-09-30T12:02:03.5352827Z   sdk-matrix: [
  { "display": ".NET 8", "runtimeMajor": 8,  "sdk": "8.0.x",           "framework": "net8.0", "includePrerelease": false, "msbuildProps": "" },
  { "display": ".NET 9", "runtimeMajor": 9,  "sdk": "9.0.x\n8.0.x",    "framework": "net8.0", "includePrerelease": true,  "msbuildProps": "" },
  { "display": ".NET 10", "runtimeMajor": 10, "sdk": "10.0.x",          "framework": "net10.0", "includePrerelease": false, "msbuildProps": "" }
]

2026-09-30T12:02:03.5356220Z ##[endgroup]
2026-09-30T12:02:03.5357229Z Complete job name: build-and-test / Test (Windows windows-2022 - x64 - .NET 10)
2026-09-30T12:02:03.7008290Z ##[group]Run actions/checkout@v4
2026-09-30T12:02:03.7009520Z with:
2026-09-30T12:02:03.7011567Z   repository: JKamsker/LiteDB
2026-09-30T12:02:03.7016855Z   token: ***
2026-09-30T12:02:03.7017464Z   ssh-strict: true
2026-09-30T12:02:03.7018094Z   ssh-user: git
2026-09-30T12:02:03.7018719Z   persist-credentials: true
2026-09-30T12:02:03.7019414Z   clean: true
2026-09-30T12:02:03.7020051Z   sparse-checkout-cone-mode: true
2026-09-30T12:02:03.7020786Z   fetch-depth: 1
2026-09-30T12:02:03.7021390Z   fetch-tags: false
2026-09-30T12:02:03.7022014Z   show-progress: true
2026-09-30T12:02:03.7022634Z   lfs: false
2026-09-30T12:02:03.7023212Z   submodules: false
2026-09-30T12:02:03.7023836Z   set-safe-directory: true
2026-09-30T12:02:03.7024547Z   allow-unsafe-pr-checkout: false
2026-09-30T12:02:03.7025513Z env:
2026-09-30T12:02:03.7026445Z   LITEDB_RETAINED_FIXTURES: __CI_WORKSPACE__/LiteDB.Tests/TestResults/retained-fixtures
2026-09-30T12:02:03.7027641Z   LITEDB_SHARED_EXPECT_TEMP_VOLUME: 1
2026-09-30T12:02:03.7028366Z ##[endgroup]
2026-09-30T12:02:03.8171172Z Syncing repository: JKamsker/LiteDB
2026-09-30T12:02:03.8173193Z ##[group]Getting Git version info
2026-09-30T12:02:03.8174035Z Working directory is '__CI_HOME__/work\LiteDB\LiteDB'
2026-09-30T12:02:03.8903284Z [command]"C:\Program Files\Git\bin\git.exe" version
2026-09-30T12:02:04.3333800Z git version 2.55.0.windows.5
2026-09-30T12:02:04.3364767Z ##[endgroup]
2026-09-30T12:02:04.3379193Z Temporarily overriding HOME='__CI_HOME__/work\_temp\6836a8b9-1b30-40c1-8086-904d1b3e8614' before making global git config changes
2026-09-30T12:02:04.3379801Z Adding repository directory to the temporary git global config as a safe directory
2026-09-30T12:02:04.3388319Z [command]"C:\Program Files\Git\bin\git.exe" config --global --add safe.directory __CI_WORKSPACE__
2026-09-30T12:02:04.3987353Z Deleting the contents of '__CI_HOME__/work\LiteDB\LiteDB'
2026-09-30T12:02:04.3992228Z ##[group]Initializing the repository
2026-09-30T12:02:04.4000263Z [command]"C:\Program Files\Git\bin\git.exe" init __CI_WORKSPACE__
2026-09-30T12:02:04.6774578Z Initialized empty Git repository in __CI_WORKSPACE__/.git/
2026-09-30T12:02:04.6805119Z [command]"C:\Program Files\Git\bin\git.exe" remote add origin https://github.com/JKamsker/LiteDB
2026-09-30T12:02:04.7358233Z ##[endgroup]
2026-09-30T12:02:04.7358704Z ##[group]Disabling automatic garbage collection
2026-09-30T12:02:04.7365880Z [command]"C:\Program Files\Git\bin\git.exe" config --local gc.auto 0
2026-09-30T12:02:04.7554738Z ##[endgroup]
2026-09-30T12:02:04.7555128Z ##[group]Setting up auth
2026-09-30T12:02:04.7564643Z [command]"C:\Program Files\Git\bin\git.exe" config --local --name-only --get-regexp core\.sshCommand
2026-09-30T12:02:04.7748821Z [command]"C:\Program Files\Git\bin\git.exe" submodule foreach --recursive "sh -c \"git config --local --name-only --get-regexp 'core\.sshCommand' && git config --local --unset-all 'core.sshCommand' || :\""
2026-09-30T12:02:06.3611917Z [command]"C:\Program Files\Git\bin\git.exe" config --local --name-only --get-regexp http\.https\:\/\/github\.com\/\.extraheader
2026-09-30T12:02:06.3800669Z [command]"C:\Program Files\Git\bin\git.exe" submodule foreach --recursive "sh -c \"git config --local --name-only --get-regexp 'http\.https\:\/\/github\.com\/\.extraheader' && git config --local --unset-all 'http.https://github.com/.extraheader' || :\""
2026-09-30T12:02:06.7304689Z [command]"C:\Program Files\Git\bin\git.exe" config --local --name-only --get-regexp ^includeIf\.gitdir:
2026-09-30T12:02:06.7486433Z [command]"C:\Program Files\Git\bin\git.exe" submodule foreach --recursive "git config --local --show-origin --name-only --get-regexp remote.origin.url"
2026-09-30T12:02:07.1061540Z [command]"C:\Program Files\Git\bin\git.exe" config --local http.https://github.com/.extraheader "AUTHORIZATION: basic ***"
2026-09-30T12:02:07.1257793Z ##[endgroup]
2026-09-30T12:02:07.1258126Z ##[group]Fetching the repository
2026-09-30T12:02:07.1269442Z [command]"C:\Program Files\Git\bin\git.exe" -c protocol.version=2 fetch --no-tags --prune --no-recurse-submodules --depth=1 origin +2a15beace59345d1daaa8cdbc887cfe67b5d89ff:refs/remotes/pull/133/merge
2026-09-30T12:02:09.9000351Z From https://github.com/JKamsker/LiteDB
2026-09-30T12:02:09.9000930Z  * [new ref]         2a15beace59345d1daaa8cdbc887cfe67b5d89ff -> pull/133/merge
2026-09-30T12:02:09.9024467Z ##[endgroup]
2026-09-30T12:02:09.9024806Z ##[group]Determining the checkout info
2026-09-30T12:02:09.9027761Z ##[endgroup]
2026-09-30T12:02:09.9035432Z [command]"C:\Program Files\Git\bin\git.exe" sparse-checkout disable
2026-09-30T12:02:09.9397070Z [command]"C:\Program Files\Git\bin\git.exe" config --local --unset-all extensions.worktreeConfig
2026-09-30T12:02:09.9604676Z ##[group]Checking out the ref
2026-09-30T12:02:09.9612134Z [command]"C:\Program Files\Git\bin\git.exe" checkout --progress --force refs/remotes/pull/133/merge
2026-09-30T12:02:10.4032429Z Note: switching to 'refs/remotes/pull/133/merge'.
2026-09-30T12:02:10.4032851Z 
2026-09-30T12:02:10.4033093Z You are in 'detached HEAD' state. You can look around, make experimental
2026-09-30T12:02:10.4033678Z changes and commit them, and you can discard any commits you make in this
2026-09-30T12:02:10.4034077Z state without impacting any branches by switching back to a branch.
2026-09-30T12:02:10.4034292Z 
2026-09-30T12:02:10.4034443Z If you want to create a new branch to retain commits you create, you may
2026-09-30T12:02:10.4034825Z do so (now or later) by using -c with the switch command. Example:
2026-09-30T12:02:10.4035014Z 
2026-09-30T12:02:10.4035097Z   git switch -c <new-branch-name>
2026-09-30T12:02:10.4035244Z 
2026-09-30T12:02:10.4035325Z Or undo this operation with:
2026-09-30T12:02:10.4035489Z 
2026-09-30T12:02:10.4035564Z   git switch -
2026-09-30T12:02:10.4035655Z 
2026-09-30T12:02:10.4035811Z Turn off this advice by setting config variable advice.detachedHead to false
2026-09-30T12:02:10.4036040Z 
2026-09-30T12:02:10.4036340Z HEAD is now at 2a15bea Merge 19065cc1e6b14ee697f7512fa9e65dbe00a8b882 into 5dd942a7367c361fadd600be4ce10aace2768b27
2026-09-30T12:02:10.4395038Z ##[endgroup]
2026-09-30T12:02:10.4401505Z [command]"C:\Program Files\Git\bin\git.exe" log -1 --format=%H
2026-09-30T12:02:10.4559999Z 2a15beace59345d1daaa8cdbc887cfe67b5d89ff
2026-09-30T12:02:10.4852519Z ##[group]Run actions/setup-dotnet@v4
2026-09-30T12:02:10.4852782Z with:
2026-09-30T12:02:10.4852935Z   dotnet-version: 10.0.x
2026-09-30T12:02:10.4853118Z   cache: false
2026-09-30T12:02:10.4853258Z env:
2026-09-30T12:02:10.4853510Z   LITEDB_RETAINED_FIXTURES: __CI_WORKSPACE__/LiteDB.Tests/TestResults/retained-fixtures
2026-09-30T12:02:10.4853839Z   LITEDB_SHARED_EXPECT_TEMP_VOLUME: 1
2026-09-30T12:02:10.4854024Z ##[endgroup]
2026-09-30T12:02:10.6123823Z (node:7552) [DEP0040] DeprecationWarning: The `punycode` module is deprecated. Please use a userland alternative instead.
2026-09-30T12:02:10.6124390Z (Use `node --trace-deprecation ...` to show where the warning was created)
2026-09-30T12:02:10.6740670Z [command]"C:\Program Files\PowerShell\7\pwsh.exe" -NoLogo -Sta -NoProfile -NonInteractive -ExecutionPolicy Unrestricted -Command & '__CI_HOME__/work\_actions\actions\setup-dotnet\v4\externals\install-dotnet.ps1' -SkipNonVersionedFiles -Runtime dotnet -Channel LTS
2026-09-30T12:02:11.7184966Z dotnet-install: .NET Core Runtime with version '10.0.12' is already installed.
2026-09-30T12:02:11.8204322Z [command]"C:\Program Files\PowerShell\7\pwsh.exe" -NoLogo -Sta -NoProfile -NonInteractive -ExecutionPolicy Unrestricted -Command & '__CI_HOME__/work\_actions\actions\setup-dotnet\v4\externals\install-dotnet.ps1' -SkipNonVersionedFiles -Channel 10.0
2026-09-30T12:02:12.4683121Z dotnet-install: .NET Core SDK with version '10.0.401' is already installed.
2026-09-30T12:02:12.5442533Z ##[group]Run actions/download-artifact@v4
2026-09-30T12:02:12.5442824Z with:
2026-09-30T12:02:12.5443132Z   name: tests-build-windows
2026-09-30T12:02:12.5443400Z   path: .
2026-09-30T12:02:12.5443614Z   merge-multiple: false
2026-09-30T12:02:12.5443864Z   repository: JKamsker/LiteDB
2026-09-30T12:02:12.5444037Z   run-id: 36710337230
2026-09-30T12:02:12.5444364Z env:
2026-09-30T12:02:12.5444620Z   LITEDB_RETAINED_FIXTURES: __CI_WORKSPACE__/LiteDB.Tests/TestResults/retained-fixtures
2026-09-30T12:02:12.5444954Z   LITEDB_SHARED_EXPECT_TEMP_VOLUME: 1
2026-09-30T12:02:12.5445160Z   DOTNET_ROOT: C:\Program Files\dotnet
2026-09-30T12:02:12.5445342Z ##[endgroup]
2026-09-30T12:02:12.6817300Z Downloading single artifact
2026-09-30T12:02:12.6969435Z (node:968) [DEP0040] DeprecationWarning: The `punycode` module is deprecated. Please use a userland alternative instead.
2026-09-30T12:02:12.6970311Z (Use `node --trace-deprecation ...` to show where the warning was created)
2026-09-30T12:02:12.7693147Z Preparing to download the following artifacts:
2026-09-30T12:02:12.7693732Z - tests-build-windows (ID: 11094191846, Size: 42367163, Expected Digest: sha256:ba9582c352d8e04bda450032fbc7feaaec222260e95ec64ce71745e76b830601)
2026-09-30T12:02:12.8960644Z Redirecting to blob download url: https://productionresultssa17.blob.core.windows.net/actions-results/ebad52dc-4172-8f3d-bc11-832f25601763/workflow-job-run-f3dd8e41-d789-527e-811f-cba70201da79/artifacts/a423237836c40f3642fb865e060786e1e859ed0c40243637743f88aa5e75f120.zip
2026-09-30T12:02:12.8961655Z Starting download of artifact to: __CI_WORKSPACE__
2026-09-30T12:02:12.9849781Z (node:968) [DEP0005] DeprecationWarning: Buffer() is deprecated due to security and usability issues. Please use the Buffer.alloc(), Buffer.allocUnsafe(), or Buffer.from() methods instead.
2026-09-30T12:02:13.9586989Z SHA256 digest of downloaded artifact is ba9582c352d8e04bda450032fbc7feaaec222260e95ec64ce71745e76b830601
2026-09-30T12:02:13.9587830Z Artifact download completed successfully.
2026-09-30T12:02:13.9588215Z Total of 1 artifact(s) downloaded
2026-09-30T12:02:13.9595104Z Download artifact has finished successfully
2026-09-30T12:02:13.9818683Z ##[group]Run $diagnostics = Join-Path ([IO.Path]::GetTempPath()) 'litedb-shared-diagnostics-36710337230-8'
2026-09-30T12:02:13.9819574Z [36;1m$diagnostics = Join-Path ([IO.Path]::GetTempPath()) 'litedb-shared-diagnostics-36710337230-8'[0m
2026-09-30T12:02:13.9820125Z [36;1mWrite-Host "Original temp directory: $([IO.Path]::GetTempPath())"[0m
2026-09-30T12:02:13.9820500Z [36;1mWrite-Host "Database and diagnostics root: $diagnostics"[0m
2026-09-30T12:02:13.9820913Z [36;1m"LITEDB_SHARED_DIAGNOSTICS=$diagnostics" | Out-File $env:GITHUB_ENV -Append -Encoding utf8[0m
2026-09-30T12:02:13.9875875Z shell: C:\Program Files\PowerShell\7\pwsh.EXE -command ". '{0}'"
2026-09-30T12:02:13.9876158Z env:
2026-09-30T12:02:13.9876435Z   LITEDB_RETAINED_FIXTURES: __CI_WORKSPACE__/LiteDB.Tests/TestResults/retained-fixtures
2026-09-30T12:02:13.9876777Z   LITEDB_SHARED_EXPECT_TEMP_VOLUME: 1
2026-09-30T12:02:13.9876985Z   DOTNET_ROOT: C:\Program Files\dotnet
2026-09-30T12:02:13.9877220Z ##[endgroup]
2026-09-30T12:02:14.3235660Z Original temp directory: __CI_HOME__\AppData\Local\Temp\
2026-09-30T12:02:14.3249494Z Database and diagnostics root: __CI_HOME__\AppData\Local\Temp\litedb-shared-diagnostics-36710337230-8
2026-09-30T12:02:14.3757646Z ##[group]Run ./scripts/run-ci-tests.ps1 -RuntimeMajor 10 -Framework "net10.0" -Architecture "x64" -PartitionSuite
2026-09-30T12:02:14.3758312Z [36;1m./scripts/run-ci-tests.ps1 -RuntimeMajor 10 -Framework "net10.0" -Architecture "x64" -PartitionSuite[0m
2026-09-30T12:02:14.3786847Z shell: C:\Program Files\PowerShell\7\pwsh.EXE -command ". '{0}'"
2026-09-30T12:02:14.3787107Z env:
2026-09-30T12:02:14.3787374Z   LITEDB_RETAINED_FIXTURES: __CI_WORKSPACE__/LiteDB.Tests/TestResults/retained-fixtures
2026-09-30T12:02:14.3787706Z   LITEDB_SHARED_EXPECT_TEMP_VOLUME: 1
2026-09-30T12:02:14.3787912Z   DOTNET_ROOT: C:\Program Files\dotnet
2026-09-30T12:02:14.3788283Z   LITEDB_SHARED_DIAGNOSTICS: __CI_HOME__\AppData\Local\Temp\litedb-shared-diagnostics-36710337230-8
2026-09-30T12:02:14.3789074Z   LITEDB_EVIDENCE_MATRIX: {
  "os": "windows-2022",
  "arch": "x64",
  "item": {
    "display": ".NET 10",
    "runtimeMajor": 10,
    "sdk": "10.0.x",
    "framework": "net10.0",
    "includePrerelease": false,
    "msbuildProps": ""
  }
}
2026-09-30T12:02:14.3789779Z ##[endgroup]
2026-09-30T12:02:15.9404750Z dotnet-install: Downloaded file https://builds.dotnet.microsoft.com/dotnet/Runtime/10.0.12/dotnet-runtime-10.0.12-win-x64.zip size is 36960258 bytes.
2026-09-30T12:02:15.9409854Z dotnet-install: Either downloaded or local package size can not be measured. One of them may be corrupted.
2026-09-30T12:02:15.9430384Z dotnet-install: Extracting the archive.
2026-09-30T12:02:16.4225808Z dotnet-install: Binaries of dotnet can be found in __CI_HOME__/work\_temp\litedb-runtime-10-x64\
2026-09-30T12:02:16.4231261Z dotnet-install: Note that the script does not ensure your Windows version is supported during the installation.
2026-09-30T12:02:16.4238263Z dotnet-install: To check the list of supported versions, go to https://learn.microsoft.com/dotnet/core/install/windows#supported-versions
2026-09-30T12:02:16.4242730Z dotnet-install: Installed version is 10.0.12
2026-09-30T12:02:16.4248796Z dotnet-install: Installation finished
2026-09-30T12:02:16.4356698Z 
2026-09-30T12:02:16.4356884Z Host:
2026-09-30T12:02:16.4357129Z   Version:      10.0.12
2026-09-30T12:02:16.4357394Z   Architecture: x64
2026-09-30T12:02:16.4357635Z   Commit:       95017c711e
2026-09-30T12:02:16.4357943Z   RID:          win-x64
2026-09-30T12:02:16.4358059Z 
2026-09-30T12:02:16.4358143Z .NET SDKs installed:
2026-09-30T12:02:16.4358306Z   No SDKs were found.
2026-09-30T12:02:16.4358412Z 
2026-09-30T12:02:16.4358496Z .NET runtimes installed:
2026-09-30T12:02:16.4358854Z   Microsoft.NETCore.App 10.0.12 [__CI_HOME__/work\_temp\litedb-runtime-10-x64\shared\Microsoft.NETCore.App]
2026-09-30T12:02:16.4359297Z 
2026-09-30T12:02:16.4359416Z Other architectures found:
2026-09-30T12:02:16.4359705Z   x86   [C:\Program Files (x86)\dotnet]
2026-09-30T12:02:16.4360210Z     registered at [HKLM\SOFTWARE\dotnet\Setup\InstalledVersions\x86\InstallLocation]
2026-09-30T12:02:16.4360603Z 
2026-09-30T12:02:16.4360757Z Environment variables:
2026-09-30T12:02:16.4361064Z   DOTNET_MULTILEVEL_LOOKUP                 [0]
2026-09-30T12:02:16.4361600Z   DOTNET_NOLOGO                            [1]
2026-09-30T12:02:16.4362001Z   DOTNET_ROOT                              [C:\Program Files\dotnet]
2026-09-30T12:02:16.4362432Z   DOTNET_SKIP_FIRST_TIME_EXPERIENCE        [1]
2026-09-30T12:02:16.4362684Z 
2026-09-30T12:02:16.4362781Z global.json file:
2026-09-30T12:02:16.4363020Z   Not found
2026-09-30T12:02:16.4363138Z 
2026-09-30T12:02:16.4363227Z Learn more:
2026-09-30T12:02:16.4363471Z   https://aka.ms/dotnet/info
2026-09-30T12:02:16.4363673Z 
2026-09-30T12:02:16.4363765Z Download .NET:
2026-09-30T12:02:16.4364027Z   https://aka.ms/dotnet/download
2026-09-30T12:02:16.4528900Z 
2026-09-30T12:02:16.4530099Z Host:
2026-09-30T12:02:16.4530295Z   Version:      10.0.12
2026-09-30T12:02:16.4530489Z   Architecture: x64
2026-09-30T12:02:16.4530733Z   Commit:       95017c711e
2026-09-30T12:02:16.4531220Z   RID:          win-x64
2026-09-30T12:02:16.4533204Z 
2026-09-30T12:02:16.4533372Z .NET SDKs installed:
2026-09-30T12:02:16.4533643Z   No SDKs were found.
2026-09-30T12:02:16.4533806Z 
2026-09-30T12:02:16.4533932Z .NET runtimes installed:
2026-09-30T12:02:16.4534443Z   Microsoft.NETCore.App 10.0.12 [__CI_HOME__/work\_temp\litedb-runtime-10-x64\shared\Microsoft.NETCore.App]
2026-09-30T12:02:16.4534903Z 
2026-09-30T12:02:16.4535026Z Other architectures found:
2026-09-30T12:02:16.4535316Z   x86   [C:\Program Files (x86)\dotnet]
2026-09-30T12:02:16.4535804Z     registered at [HKLM\SOFTWARE\dotnet\Setup\InstalledVersions\x86\InstallLocation]
2026-09-30T12:02:16.4536206Z 
2026-09-30T12:02:16.4536330Z Environment variables:
2026-09-30T12:02:16.4536621Z   DOTNET_MULTILEVEL_LOOKUP                 [0]
2026-09-30T12:02:16.4536977Z   DOTNET_NOLOGO                            [1]
2026-09-30T12:02:16.4537377Z   DOTNET_ROOT                              [C:\Program Files\dotnet]
2026-09-30T12:02:16.4537792Z   DOTNET_SKIP_FIRST_TIME_EXPERIENCE        [1]
2026-09-30T12:02:16.4538738Z 
2026-09-30T12:02:16.4538869Z global.json file:
2026-09-30T12:02:16.4539117Z   Not found
2026-09-30T12:02:16.4539227Z 
2026-09-30T12:02:16.4539288Z Learn more:
2026-09-30T12:02:16.4539451Z   https://aka.ms/dotnet/info
2026-09-30T12:02:16.4539579Z 
2026-09-30T12:02:16.4539637Z Download .NET:
2026-09-30T12:02:16.4539805Z   https://aka.ms/dotnet/download
2026-09-30T12:02:28.5539742Z Partition coverage: 2540 test methods, 0 not in exactly one partition.
2026-09-30T12:02:28.6123625Z Running complete-suite partition: issues
2026-09-30T12:02:28.6194768Z 
2026-09-30T12:02:28.6195082Z Host:
2026-09-30T12:02:28.6195369Z   Version:      10.0.12
2026-09-30T12:02:28.6195645Z   Architecture: x64
2026-09-30T12:02:28.6195887Z   Commit:       95017c711e
2026-09-30T12:02:28.6196157Z   RID:          win-x64
2026-09-30T12:02:28.6196310Z 
2026-09-30T12:02:28.6196436Z .NET SDKs installed:
2026-09-30T12:02:28.6196677Z   No SDKs were found.
2026-09-30T12:02:28.6196885Z 
2026-09-30T12:02:28.6197024Z .NET runtimes installed:
2026-09-30T12:02:28.6197660Z   Microsoft.NETCore.App 10.0.12 [__CI_HOME__/work\_temp\litedb-runtime-10-x64\shared\Microsoft.NETCore.App]
2026-09-30T12:02:28.6197965Z 
2026-09-30T12:02:28.6198061Z Other architectures found:
2026-09-30T12:02:28.6198262Z   x86   [C:\Program Files (x86)\dotnet]
2026-09-30T12:02:28.6198670Z     registered at [HKLM\SOFTWARE\dotnet\Setup\InstalledVersions\x86\InstallLocation]
2026-09-30T12:02:28.6198967Z 
2026-09-30T12:02:28.6199314Z Environment variables:
2026-09-30T12:02:28.6199676Z   DOTNET_MULTILEVEL_LOOKUP                 [0]
2026-09-30T12:02:28.6200039Z   DOTNET_NOLOGO                            [1]
2026-09-30T12:02:28.6200422Z   DOTNET_ROLL_FORWARD                      [LatestMajor]
2026-09-30T12:02:28.6200877Z   DOTNET_ROOT                              [C:\Program Files\dotnet]
2026-09-30T12:02:28.6201322Z   DOTNET_SKIP_FIRST_TIME_EXPERIENCE        [1]
2026-09-30T12:02:28.6201574Z 
2026-09-30T12:02:28.6201681Z global.json file:
2026-09-30T12:02:28.6201907Z   Not found
2026-09-30T12:02:28.6202038Z 
2026-09-30T12:02:28.6202132Z Learn more:
2026-09-30T12:02:28.6202372Z   https://aka.ms/dotnet/info
2026-09-30T12:02:28.6202569Z 
2026-09-30T12:02:28.6202658Z Download .NET:
2026-09-30T12:02:28.6202906Z   https://aka.ms/dotnet/download
2026-09-30T12:02:28.8232182Z VSTest version 18.7.0 (x64)
2026-09-30T12:02:28.8255440Z 
2026-09-30T12:02:28.9056384Z Starting test execution, please wait...
2026-09-30T12:02:29.0229252Z A total of 1 test files matched the specified pattern.
2026-09-30T12:02:56.7136519Z [xUnit.net 00:00:27.34]     LiteDB.Tests.Issues.Issue2127_Tests+ReproTests.InsertItemBackToBack_Test [SKIP]
2026-09-30T12:02:56.9805780Z   Skipped LiteDB.Tests.Issues.Issue2127_Tests+ReproTests.InsertItemBackToBack_Test [1 ms]
2026-09-30T12:03:56.3793910Z Results File: __CI_WORKSPACE__\LiteDB.Tests\TestResults\TestResults-issues.trx
2026-09-30T12:03:56.3797901Z 
2026-09-30T12:03:56.3840274Z Passed!  - Failed:     0, Passed:  1570, Skipped:     1, Total:  1571, Duration: 1 m 26 s - LiteDB.Tests.dll (net10.0)
2026-09-30T12:03:56.5863411Z Running complete-suite partition: rebuild
2026-09-30T12:03:56.5947961Z 
2026-09-30T12:03:56.5948266Z Host:
2026-09-30T12:03:56.5948505Z   Version:      10.0.12
2026-09-30T12:03:56.5948752Z   Architecture: x64
2026-09-30T12:03:56.5948933Z   Commit:       95017c711e
2026-09-30T12:03:56.5949112Z   RID:          win-x64
2026-09-30T12:03:56.5949219Z 
2026-09-30T12:03:56.5949301Z .NET SDKs installed:
2026-09-30T12:03:56.5949473Z   No SDKs were found.
2026-09-30T12:03:56.5949571Z 
2026-09-30T12:03:56.5949658Z .NET runtimes installed:
2026-09-30T12:03:56.5950333Z   Microsoft.NETCore.App 10.0.12 [__CI_HOME__/work\_temp\litedb-runtime-10-x64\shared\Microsoft.NETCore.App]
2026-09-30T12:03:56.5950640Z 
2026-09-30T12:03:56.5950739Z Other architectures found:
2026-09-30T12:03:56.5950941Z   x86   [C:\Program Files (x86)\dotnet]
2026-09-30T12:03:56.5951301Z     registered at [HKLM\SOFTWARE\dotnet\Setup\InstalledVersions\x86\InstallLocation]
2026-09-30T12:03:56.5951896Z 
2026-09-30T12:03:56.5952011Z Environment variables:
2026-09-30T12:03:56.5952288Z   DOTNET_MULTILEVEL_LOOKUP                 [0]
2026-09-30T12:03:56.5952559Z   DOTNET_NOLOGO                            [1]
2026-09-30T12:03:56.5952794Z   DOTNET_ROLL_FORWARD                      [LatestMajor]
2026-09-30T12:03:56.5953072Z   DOTNET_ROOT                              [C:\Program Files\dotnet]
2026-09-30T12:03:56.5953346Z   DOTNET_SKIP_FIRST_TIME_EXPERIENCE        [1]
2026-09-30T12:03:56.5953487Z 
2026-09-30T12:03:56.5953585Z global.json file:
2026-09-30T12:03:56.5953738Z   Not found
2026-09-30T12:03:56.5953822Z 
2026-09-30T12:03:56.5953879Z Learn more:
2026-09-30T12:03:56.5954043Z   https://aka.ms/dotnet/info
2026-09-30T12:03:56.5954163Z 
2026-09-30T12:03:56.5954241Z Download .NET:
2026-09-30T12:03:56.5954400Z   https://aka.ms/dotnet/download
2026-09-30T12:03:56.7638595Z VSTest version 18.7.0 (x64)
2026-09-30T12:03:56.7661386Z 
2026-09-30T12:03:56.8448882Z Starting test execution, please wait...
2026-09-30T12:03:56.8735904Z A total of 1 test files matched the specified pattern.
2026-09-30T12:04:28.6669653Z [xUnit.net 00:00:31.46]     LiteDB.Tests.Engine.Rebuild_Tests.Rebuild_Change_Culture_Error [SKIP]
2026-09-30T12:04:28.6677013Z   Skipped LiteDB.Tests.Engine.Rebuild_Tests.Rebuild_Change_Culture_Error [1 ms]
2026-09-30T12:04:29.0683570Z Results File: __CI_WORKSPACE__\LiteDB.Tests\TestResults\TestResults-rebuild.trx
2026-09-30T12:04:29.0687153Z 
2026-09-30T12:04:29.0720525Z Passed!  - Failed:     0, Passed:    87, Skipped:     1, Total:    88, Duration: 31 s - LiteDB.Tests.dll (net10.0)
2026-09-30T12:04:29.1045558Z Running complete-suite partition: engine-compact
2026-09-30T12:04:29.1126594Z 
2026-09-30T12:04:29.1126844Z Host:
2026-09-30T12:04:29.1127097Z   Version:      10.0.12
2026-09-30T12:04:29.1127390Z   Architecture: x64
2026-09-30T12:04:29.1127634Z   Commit:       95017c711e
2026-09-30T12:04:29.1127933Z   RID:          win-x64
2026-09-30T12:04:29.1128105Z 
2026-09-30T12:04:29.1128217Z .NET SDKs installed:
2026-09-30T12:04:29.1128467Z   No SDKs were found.
2026-09-30T12:04:29.1128885Z 
2026-09-30T12:04:29.1129162Z .NET runtimes installed:
2026-09-30T12:04:29.1129670Z   Microsoft.NETCore.App 10.0.12 [__CI_HOME__/work\_temp\litedb-runtime-10-x64\shared\Microsoft.NETCore.App]
2026-09-30T12:04:29.1130120Z 
2026-09-30T12:04:29.1130256Z Other architectures found:
2026-09-30T12:04:29.1130567Z   x86   [C:\Program Files (x86)\dotnet]
2026-09-30T12:04:29.1131054Z     registered at [HKLM\SOFTWARE\dotnet\Setup\InstalledVersions\x86\InstallLocation]
2026-09-30T12:04:29.1131459Z 
2026-09-30T12:04:29.1131568Z Environment variables:
2026-09-30T12:04:29.1131858Z   DOTNET_MULTILEVEL_LOOKUP                 [0]
2026-09-30T12:04:29.1132195Z   DOTNET_NOLOGO                            [1]
2026-09-30T12:04:29.1132561Z   DOTNET_ROLL_FORWARD                      [LatestMajor]
2026-09-30T12:04:29.1133267Z   DOTNET_ROOT                              [C:\Program Files\dotnet]
2026-09-30T12:04:29.1133691Z   DOTNET_SKIP_FIRST_TIME_EXPERIENCE        [1]
2026-09-30T12:04:29.1133946Z 
2026-09-30T12:04:29.1134049Z global.json file:
2026-09-30T12:04:29.1134275Z   Not found
2026-09-30T12:04:29.1134406Z 
2026-09-30T12:04:29.1134488Z Learn more:
2026-09-30T12:04:29.1134726Z   https://aka.ms/dotnet/info
2026-09-30T12:04:29.1134926Z 
2026-09-30T12:04:29.1135046Z Download .NET:
2026-09-30T12:04:29.1135300Z   https://aka.ms/dotnet/download
2026-09-30T12:04:29.2785856Z VSTest version 18.7.0 (x64)
2026-09-30T12:04:29.2803744Z 
2026-09-30T12:04:29.3545202Z Starting test execution, please wait...
2026-09-30T12:04:29.3834431Z A total of 1 test files matched the specified pattern.
2026-09-30T12:05:24.4505560Z Results File: __CI_WORKSPACE__\LiteDB.Tests\TestResults\TestResults-engine-compact.trx
2026-09-30T12:05:24.4509200Z 
2026-09-30T12:05:24.4542621Z Passed!  - Failed:     0, Passed:   296, Skipped:     0, Total:   296, Duration: 53 s - LiteDB.Tests.dll (net10.0)
2026-09-30T12:05:24.4965888Z Running complete-suite partition: engine-index
2026-09-30T12:05:24.5047943Z 
2026-09-30T12:05:24.5048211Z Host:
2026-09-30T12:05:24.5048478Z   Version:      10.0.12
2026-09-30T12:05:24.5048720Z   Architecture: x64
2026-09-30T12:05:24.5048966Z   Commit:       95017c711e
2026-09-30T12:05:24.5049194Z   RID:          win-x64
2026-09-30T12:05:24.5049368Z 
2026-09-30T12:05:24.5049463Z .NET SDKs installed:
2026-09-30T12:05:24.5049672Z   No SDKs were found.
2026-09-30T12:05:24.5049842Z 
2026-09-30T12:05:24.5049999Z .NET runtimes installed:
2026-09-30T12:05:24.5050630Z   Microsoft.NETCore.App 10.0.12 [__CI_HOME__/work\_temp\litedb-runtime-10-x64\shared\Microsoft.NETCore.App]
2026-09-30T12:05:24.5050952Z 
2026-09-30T12:05:24.5051053Z Other architectures found:
2026-09-30T12:05:24.5051319Z   x86   [C:\Program Files (x86)\dotnet]
2026-09-30T12:05:24.5051767Z     registered at [HKLM\SOFTWARE\dotnet\Setup\InstalledVersions\x86\InstallLocation]
2026-09-30T12:05:24.5052117Z 
2026-09-30T12:05:24.5052588Z Environment variables:
2026-09-30T12:05:24.5053006Z   DOTNET_MULTILEVEL_LOOKUP                 [0]
2026-09-30T12:05:24.5053454Z   DOTNET_NOLOGO                            [1]
2026-09-30T12:05:24.5053890Z   DOTNET_ROLL_FORWARD                      [LatestMajor]
2026-09-30T12:05:24.5054397Z   DOTNET_ROOT                              [C:\Program Files\dotnet]
2026-09-30T12:05:24.5054888Z   DOTNET_SKIP_FIRST_TIME_EXPERIENCE        [1]
2026-09-30T12:05:24.5055165Z 
2026-09-30T12:05:24.5055306Z global.json file:
2026-09-30T12:05:24.5055609Z   Not found
2026-09-30T12:05:24.5055753Z 
2026-09-30T12:05:24.5055896Z Learn more:
2026-09-30T12:05:24.5056190Z   https://aka.ms/dotnet/info
2026-09-30T12:05:24.5056427Z 
2026-09-30T12:05:24.5056562Z Download .NET:
2026-09-30T12:05:24.5056867Z   https://aka.ms/dotnet/download
2026-09-30T12:05:24.6651474Z VSTest version 18.7.0 (x64)
2026-09-30T12:05:24.6669269Z 
2026-09-30T12:05:24.7410296Z Starting test execution, please wait...
2026-09-30T12:05:24.7785139Z A total of 1 test files matched the specified pattern.
2026-09-30T12:05:56.0386657Z Results File: __CI_WORKSPACE__\LiteDB.Tests\TestResults\TestResults-engine-index.trx
2026-09-30T12:05:56.0389009Z 
2026-09-30T12:05:56.0420561Z Passed!  - Failed:     0, Passed:    63, Skipped:     0, Total:    63, Duration: 30 s - LiteDB.Tests.dll (net10.0)
2026-09-30T12:05:56.0714128Z Running complete-suite partition: engine-admission
2026-09-30T12:05:56.0791923Z 
2026-09-30T12:05:56.0792279Z Host:
2026-09-30T12:05:56.0792553Z   Version:      10.0.12
2026-09-30T12:05:56.0792794Z   Architecture: x64
2026-09-30T12:05:56.0793015Z   Commit:       95017c711e
2026-09-30T12:05:56.0793244Z   RID:          win-x64
2026-09-30T12:05:56.0793393Z 
2026-09-30T12:05:56.0793506Z .NET SDKs installed:
2026-09-30T12:05:56.0793763Z   No SDKs were found.
2026-09-30T12:05:56.0793977Z 
2026-09-30T12:05:56.0794118Z .NET runtimes installed:
2026-09-30T12:05:56.0795017Z   Microsoft.NETCore.App 10.0.12 [__CI_HOME__/work\_temp\litedb-runtime-10-x64\shared\Microsoft.NETCore.App]
2026-09-30T12:05:56.0795317Z 
2026-09-30T12:05:56.0795438Z Other architectures found:
2026-09-30T12:05:56.0795675Z   x86   [C:\Program Files (x86)\dotnet]
2026-09-30T12:05:56.0796020Z     registered at [HKLM\SOFTWARE\dotnet\Setup\InstalledVersions\x86\InstallLocation]
2026-09-30T12:05:56.0796396Z 
2026-09-30T12:05:56.0796549Z Environment variables:
2026-09-30T12:05:56.0797237Z   DOTNET_MULTILEVEL_LOOKUP                 [0]
2026-09-30T12:05:56.0797702Z   DOTNET_NOLOGO                            [1]
2026-09-30T12:05:56.0798123Z   DOTNET_ROLL_FORWARD                      [LatestMajor]
2026-09-30T12:05:56.0798665Z   DOTNET_ROOT                              [C:\Program Files\dotnet]
2026-09-30T12:05:56.0799156Z   DOTNET_SKIP_FIRST_TIME_EXPERIENCE        [1]
2026-09-30T12:05:56.0799453Z 
2026-09-30T12:05:56.0799562Z global.json file:
2026-09-30T12:05:56.0799841Z   Not found
2026-09-30T12:05:56.0800008Z 
2026-09-30T12:05:56.0800360Z Learn more:
2026-09-30T12:05:56.0800667Z   https://aka.ms/dotnet/info
2026-09-30T12:05:56.0800911Z 
2026-09-30T12:05:56.0801023Z Download .NET:
2026-09-30T12:05:56.2443675Z   https://aka.ms/dotnet/download
2026-09-30T12:05:56.2444170Z VSTest version 18.7.0 (x64)
2026-09-30T12:05:56.2460969Z 
2026-09-30T12:05:56.3184996Z Starting test execution, please wait...
2026-09-30T12:05:56.3466880Z A total of 1 test files matched the specified pattern.
2026-09-30T12:06:31.8558225Z Results File: __CI_WORKSPACE__\LiteDB.Tests\TestResults\TestResults-engine-admission.trx
2026-09-30T12:06:31.8560652Z 
2026-09-30T12:06:31.8592920Z Passed!  - Failed:     0, Passed:   126, Skipped:     0, Total:   126, Duration: 34 s - LiteDB.Tests.dll (net10.0)
2026-09-30T12:06:31.9015998Z Running complete-suite partition: engine-shared
2026-09-30T12:06:31.9105825Z 
2026-09-30T12:06:31.9106996Z Host:
2026-09-30T12:06:31.9107415Z   Version:      10.0.12
2026-09-30T12:06:31.9107924Z   Architecture: x64
2026-09-30T12:06:31.9108329Z   Commit:       95017c711e
2026-09-30T12:06:31.9108953Z   RID:          win-x64
2026-09-30T12:06:31.9109130Z 
2026-09-30T12:06:31.9109293Z .NET SDKs installed:
2026-09-30T12:06:31.9109557Z   No SDKs were found.
2026-09-30T12:06:31.9109930Z 
2026-09-30T12:06:31.9110235Z .NET runtimes installed:
2026-09-30T12:06:31.9111043Z   Microsoft.NETCore.App 10.0.12 [__CI_HOME__/work\_temp\litedb-runtime-10-x64\shared\Microsoft.NETCore.App]
2026-09-30T12:06:31.9111534Z 
2026-09-30T12:06:31.9111678Z Other architectures found:
2026-09-30T12:06:31.9112004Z   x86   [C:\Program Files (x86)\dotnet]
2026-09-30T12:06:31.9112460Z     registered at [HKLM\SOFTWARE\dotnet\Setup\InstalledVersions\x86\InstallLocation]
2026-09-30T12:06:31.9112726Z 
2026-09-30T12:06:31.9112848Z Environment variables:
2026-09-30T12:06:31.9113092Z   DOTNET_MULTILEVEL_LOOKUP                 [0]
2026-09-30T12:06:31.9113364Z   DOTNET_NOLOGO                            [1]
2026-09-30T12:06:31.9113670Z   DOTNET_ROLL_FORWARD                      [LatestMajor]
2026-09-30T12:06:31.9114019Z   DOTNET_ROOT                              [C:\Program Files\dotnet]
2026-09-30T12:06:31.9114325Z   DOTNET_SKIP_FIRST_TIME_EXPERIENCE        [1]
2026-09-30T12:06:31.9114501Z 
2026-09-30T12:06:31.9114578Z global.json file:
2026-09-30T12:06:31.9114800Z   Not found
2026-09-30T12:06:31.9114899Z 
2026-09-30T12:06:31.9114997Z Learn more:
2026-09-30T12:06:31.9115198Z   https://aka.ms/dotnet/info
2026-09-30T12:06:31.9115357Z 
2026-09-30T12:06:31.9115431Z Download .NET:
2026-09-30T12:06:31.9115749Z   https://aka.ms/dotnet/download
2026-09-30T12:06:32.0843364Z VSTest version 18.7.0 (x64)
2026-09-30T12:06:32.0865805Z 
2026-09-30T12:06:32.1652658Z Starting test execution, please wait...
2026-09-30T12:06:32.1956997Z A total of 1 test files matched the specified pattern.
2026-09-30T12:08:27.8725011Z Results File: __CI_WORKSPACE__\LiteDB.Tests\TestResults\TestResults-engine-shared.trx
2026-09-30T12:08:27.8729074Z 
2026-09-30T12:08:27.8765387Z Passed!  - Failed:     0, Passed:   393, Skipped:     0, Total:   393, Duration: 1 m 54 s - LiteDB.Tests.dll (net10.0)
2026-09-30T12:08:27.9458363Z Running complete-suite partition: engine
2026-09-30T12:08:27.9546451Z 
2026-09-30T12:08:27.9546835Z Host:
2026-09-30T12:08:27.9547215Z   Version:      10.0.12
2026-09-30T12:08:27.9547550Z   Architecture: x64
2026-09-30T12:08:27.9547841Z   Commit:       95017c711e
2026-09-30T12:08:27.9548133Z   RID:          win-x64
2026-09-30T12:08:27.9548328Z 
2026-09-30T12:08:27.9548485Z .NET SDKs installed:
2026-09-30T12:08:27.9548818Z   No SDKs were found.
2026-09-30T12:08:27.9549001Z 
2026-09-30T12:08:27.9549139Z .NET runtimes installed:
2026-09-30T12:08:27.9549608Z   Microsoft.NETCore.App 10.0.12 [__CI_HOME__/work\_temp\litedb-runtime-10-x64\shared\Microsoft.NETCore.App]
2026-09-30T12:08:27.9549921Z 
2026-09-30T12:08:27.9550042Z Other architectures found:
2026-09-30T12:08:27.9550369Z   x86   [C:\Program Files (x86)\dotnet]
2026-09-30T12:08:27.9551190Z     registered at [HKLM\SOFTWARE\dotnet\Setup\InstalledVersions\x86\InstallLocation]
2026-09-30T12:08:27.9553382Z 
2026-09-30T12:08:27.9553558Z Environment variables:
2026-09-30T12:08:27.9553933Z   DOTNET_MULTILEVEL_LOOKUP                 [0]
2026-09-30T12:08:27.9554355Z   DOTNET_NOLOGO                            [1]
2026-09-30T12:08:27.9554806Z   DOTNET_ROLL_FORWARD                      [LatestMajor]
2026-09-30T12:08:27.9555341Z   DOTNET_ROOT                              [C:\Program Files\dotnet]
2026-09-30T12:08:27.9555831Z   DOTNET_SKIP_FIRST_TIME_EXPERIENCE        [1]
2026-09-30T12:08:27.9556174Z 
2026-09-30T12:08:27.9556344Z global.json file:
2026-09-30T12:08:27.9556628Z   Not found
2026-09-30T12:08:27.9556793Z 
2026-09-30T12:08:27.9556923Z Learn more:
2026-09-30T12:08:27.9557131Z   https://aka.ms/dotnet/info
2026-09-30T12:08:27.9557333Z 
2026-09-30T12:08:27.9557465Z Download .NET:
2026-09-30T12:08:27.9557783Z   https://aka.ms/dotnet/download
2026-09-30T12:08:28.1219641Z VSTest version 18.7.0 (x64)
2026-09-30T12:08:28.1243266Z 
2026-09-30T12:08:28.2088667Z Starting test execution, please wait...
2026-09-30T12:08:28.2379129Z A total of 1 test files matched the specified pattern.
2026-09-30T12:10:31.1610840Z [xUnit.net 00:02:02.59]     LiteDB.Tests.Engine.TransactionHandleLateCallbackClose_Tests.Late_callback_close_refuses_only_a_self_dependent_drain(mode: 0, password: "secret") [FAIL]
2026-09-30T12:10:31.7530765Z   Failed LiteDB.Tests.Engine.TransactionHandleLateCallbackClose_Tests.Late_callback_close_refuses_only_a_self_dependent_drain(mode: 0, password: "secret") [515 ms]
2026-09-30T12:10:31.7531914Z   Error Message:
2026-09-30T12:10:31.7532914Z    System.TimeoutException : Session close is still draining active work. New work is refused; cleanup will finish when that work returns. Dispose may be retried to observe completion.
2026-09-30T12:10:31.7533916Z   Stack Trace:
2026-09-30T12:10:31.7534474Z      at LiteDB.SessionLifetime.Close(Action release, Nullable`1 wait) in __CI_WORKSPACE__\LiteDB\Client\Transactions\SessionLifetime.cs:line 120
2026-09-30T12:10:31.7535289Z    at LiteDB.LiteDatabase.Dispose(Boolean disposing) in __CI_WORKSPACE__\LiteDB\Client\Database\LiteDatabase.cs:line 435
2026-09-30T12:10:31.7535923Z    at LiteDB.LiteDatabase.Dispose() in __CI_WORKSPACE__\LiteDB\Client\Database\LiteDatabase.cs:line 414
2026-09-30T12:10:31.7536970Z    at LiteDB.Tests.Engine.TransactionHandleLateCallbackClose_Tests.Late_callback_close_refuses_only_a_self_dependent_drain(Int32 mode, String password) in __CI_WORKSPACE__\LiteDB.Tests\Engine\TransactionHandleLateCallbackClose_Tests.cs:line 58
2026-09-30T12:10:31.7538185Z    at LiteDB.Tests.Engine.TransactionHandleLateCallbackClose_Tests.Late_callback_close_refuses_only_a_self_dependent_drain(Int32 mode, String password)
2026-09-30T12:10:31.7539002Z    at InvokeStub_TransactionHandleLateCallbackClose_Tests.Late_callback_close_refuses_only_a_self_dependent_drain(Object, Span`1)
2026-09-30T12:10:31.7540192Z    at System.Reflection.MethodBaseInvoker.InvokeWithFewArgs(Object obj, BindingFlags invokeAttr, Binder binder, Object[] parameters, CultureInfo culture)
2026-09-30T12:10:39.8135002Z [xUnit.net 00:02:11.24]     LiteDB.Tests.Engine.Collation_Tests.Create_Database_Using_Current_Culture [SKIP]
2026-09-30T12:10:40.8514993Z   Skipped LiteDB.Tests.Engine.Collation_Tests.Create_Database_Using_Current_Culture [1 ms]
2026-09-30T12:10:53.3159333Z Results File: __CI_WORKSPACE__\LiteDB.Tests\TestResults\TestResults-engine.trx
2026-09-30T12:10:53.3165999Z 
2026-09-30T12:10:53.3220845Z Failed!  - Failed:     1, Passed:   474, Skipped:     1, Total:   476, Duration: 2 m 23 s - LiteDB.Tests.dll (net10.0)
2026-09-30T12:10:53.3664597Z Running complete-suite partition: query-not-equal
2026-09-30T12:10:53.3773827Z 
2026-09-30T12:10:53.3774507Z Host:
2026-09-30T12:10:53.3774941Z   Version:      10.0.12
2026-09-30T12:10:53.3775374Z   Architecture: x64
2026-09-30T12:10:53.3775756Z   Commit:       95017c711e
2026-09-30T12:10:53.3776095Z   RID:          win-x64
2026-09-30T12:10:53.3776995Z 
2026-09-30T12:10:53.3777178Z .NET SDKs installed:
2026-09-30T12:10:53.3777802Z   No SDKs were found.
2026-09-30T12:10:53.3778150Z 
2026-09-30T12:10:53.3778364Z .NET runtimes installed:
2026-09-30T12:10:53.3779149Z   Microsoft.NETCore.App 10.0.12 [__CI_HOME__/work\_temp\litedb-runtime-10-x64\shared\Microsoft.NETCore.App]
2026-09-30T12:10:53.3779674Z 
2026-09-30T12:10:53.3779832Z Other architectures found:
2026-09-30T12:10:53.3780304Z   x86   [C:\Program Files (x86)\dotnet]
2026-09-30T12:10:53.3780889Z     registered at [HKLM\SOFTWARE\dotnet\Setup\InstalledVersions\x86\InstallLocation]
2026-09-30T12:10:53.3781176Z 
2026-09-30T12:10:53.3781310Z Environment variables:
2026-09-30T12:10:53.3781588Z   DOTNET_MULTILEVEL_LOOKUP                 [0]
2026-09-30T12:10:53.3781924Z   DOTNET_NOLOGO                            [1]
2026-09-30T12:10:53.3782225Z   DOTNET_ROLL_FORWARD                      [LatestMajor]
2026-09-30T12:10:53.3782565Z   DOTNET_ROOT                              [C:\Program Files\dotnet]
2026-09-30T12:10:53.3782958Z   DOTNET_SKIP_FIRST_TIME_EXPERIENCE        [1]
2026-09-30T12:10:53.3783169Z 
2026-09-30T12:10:53.3783286Z global.json file:
2026-09-30T12:10:53.3783509Z   Not found
2026-09-30T12:10:53.3783621Z 
2026-09-30T12:10:53.3783696Z Learn more:
2026-09-30T12:10:53.3783926Z   https://aka.ms/dotnet/info
2026-09-30T12:10:53.3784113Z 
2026-09-30T12:10:53.3784223Z Download .NET:
2026-09-30T12:10:53.3784455Z   https://aka.ms/dotnet/download
2026-09-30T12:10:53.5996821Z VSTest version 18.7.0 (x64)
2026-09-30T12:10:53.6027339Z 
2026-09-30T12:10:53.7095937Z Starting test execution, please wait...
2026-09-30T12:10:53.7510867Z A total of 1 test files matched the specified pattern.
2026-09-30T12:11:03.1237871Z Results File: __CI_WORKSPACE__\LiteDB.Tests\TestResults\TestResults-query-not-equal.trx
2026-09-30T12:11:03.1242996Z 
2026-09-30T12:11:03.1290639Z Passed!  - Failed:     0, Passed:    14, Skipped:     0, Total:    14, Duration: 8 s - LiteDB.Tests.dll (net10.0)
2026-09-30T12:11:03.1708609Z Running complete-suite partition: query
2026-09-30T12:11:03.1818581Z 
2026-09-30T12:11:03.1819404Z Host:
2026-09-30T12:11:03.1819867Z   Version:      10.0.12
2026-09-30T12:11:03.1820334Z   Architecture: x64
2026-09-30T12:11:03.1820769Z   Commit:       95017c711e
2026-09-30T12:11:03.1821197Z   RID:          win-x64
2026-09-30T12:11:03.1821407Z 
2026-09-30T12:11:03.1821641Z .NET SDKs installed:
2026-09-30T12:11:03.1822013Z   No SDKs were found.
2026-09-30T12:11:03.1822241Z 
2026-09-30T12:11:03.1822421Z .NET runtimes installed:
2026-09-30T12:11:03.1823118Z   Microsoft.NETCore.App 10.0.12 [__CI_HOME__/work\_temp\litedb-runtime-10-x64\shared\Microsoft.NETCore.App]
2026-09-30T12:11:03.1823702Z 
2026-09-30T12:11:03.1823880Z Other architectures found:
2026-09-30T12:11:03.1824331Z   x86   [C:\Program Files (x86)\dotnet]
2026-09-30T12:11:03.1825186Z     registered at [HKLM\SOFTWARE\dotnet\Setup\InstalledVersions\x86\InstallLocation]
2026-09-30T12:11:03.1825646Z 
2026-09-30T12:11:03.1825858Z Environment variables:
2026-09-30T12:11:03.1826750Z   DOTNET_MULTILEVEL_LOOKUP                 [0]
2026-09-30T12:11:03.1827217Z   DOTNET_NOLOGO                            [1]
2026-09-30T12:11:03.1827708Z   DOTNET_ROLL_FORWARD                      [LatestMajor]
2026-09-30T12:11:03.1828267Z   DOTNET_ROOT                              [C:\Program Files\dotnet]
2026-09-30T12:11:03.1828804Z   DOTNET_SKIP_FIRST_TIME_EXPERIENCE        [1]
2026-09-30T12:11:03.1829117Z 
2026-09-30T12:11:03.1829284Z global.json file:
2026-09-30T12:11:03.1829572Z   Not found
2026-09-30T12:11:03.1829729Z 
2026-09-30T12:11:03.1829872Z Learn more:
2026-09-30T12:11:03.1830196Z   https://aka.ms/dotnet/info
2026-09-30T12:11:03.1830473Z 
2026-09-30T12:11:03.1830656Z Download .NET:
2026-09-30T12:11:03.1831042Z   https://aka.ms/dotnet/download
2026-09-30T12:11:03.3963299Z VSTest version 18.7.0 (x64)
2026-09-30T12:11:03.3991475Z 
2026-09-30T12:11:03.5092517Z Starting test execution, please wait...
2026-09-30T12:11:03.5567413Z A total of 1 test files matched the specified pattern.
2026-09-30T12:11:43.1240659Z Results File: __CI_WORKSPACE__\LiteDB.Tests\TestResults\TestResults-query.trx
2026-09-30T12:11:43.1246377Z 
2026-09-30T12:11:43.1300073Z Passed!  - Failed:     0, Passed:   826, Skipped:     0, Total:   826, Duration: 38 s - LiteDB.Tests.dll (net10.0)
2026-09-30T12:11:43.2779725Z Running complete-suite partition: shared-mapped-process
2026-09-30T12:11:43.2895635Z 
2026-09-30T12:11:43.2896495Z Host:
2026-09-30T12:11:43.2897009Z   Version:      10.0.12
2026-09-30T12:11:43.2897643Z   Architecture: x64
2026-09-30T12:11:43.2898202Z   Commit:       95017c711e
2026-09-30T12:11:43.2898693Z   RID:          win-x64
2026-09-30T12:11:43.2898942Z 
2026-09-30T12:11:43.2899309Z .NET SDKs installed:
2026-09-30T12:11:43.2900005Z   No SDKs were found.
2026-09-30T12:11:43.2900232Z 
2026-09-30T12:11:43.2900436Z .NET runtimes installed:
2026-09-30T12:11:43.2901121Z   Microsoft.NETCore.App 10.0.12 [__CI_HOME__/work\_temp\litedb-runtime-10-x64\shared\Microsoft.NETCore.App]
2026-09-30T12:11:43.2901720Z 
2026-09-30T12:11:43.2901926Z Other architectures found:
2026-09-30T12:11:43.2902338Z   x86   [C:\Program Files (x86)\dotnet]
2026-09-30T12:11:43.2902971Z     registered at [HKLM\SOFTWARE\dotnet\Setup\InstalledVersions\x86\InstallLocation]
2026-09-30T12:11:43.2903433Z 
2026-09-30T12:11:43.2903576Z Environment variables:
2026-09-30T12:11:43.2903986Z   DOTNET_MULTILEVEL_LOOKUP                 [0]
2026-09-30T12:11:43.2904460Z   DOTNET_NOLOGO                            [1]
2026-09-30T12:11:43.2904983Z   DOTNET_ROLL_FORWARD                      [LatestMajor]
2026-09-30T12:11:43.2905521Z   DOTNET_ROOT                              [C:\Program Files\dotnet]
2026-09-30T12:11:43.2906030Z   DOTNET_SKIP_FIRST_TIME_EXPERIENCE        [1]
2026-09-30T12:11:43.2906264Z 
2026-09-30T12:11:43.2906423Z global.json file:
2026-09-30T12:11:43.2906749Z   Not found
2026-09-30T12:11:43.2906944Z 
2026-09-30T12:11:43.2907062Z Learn more:
2026-09-30T12:11:43.2907429Z   https://aka.ms/dotnet/info
2026-09-30T12:11:43.2907661Z 
2026-09-30T12:11:43.2907826Z Download .NET:
2026-09-30T12:11:43.2908162Z   https://aka.ms/dotnet/download
2026-09-30T12:11:43.5136455Z VSTest version 18.7.0 (x64)
2026-09-30T12:11:43.5162996Z 
2026-09-30T12:11:43.6168106Z Starting test execution, please wait...
2026-09-30T12:11:43.6564595Z A total of 1 test files matched the specified pattern.
2026-09-30T12:12:49.5807058Z Results File: __CI_WORKSPACE__\LiteDB.Tests\TestResults\TestResults-shared-mapped-process.trx
2026-09-30T12:12:49.5810868Z 
2026-09-30T12:12:49.5849169Z Passed!  - Failed:     0, Passed:    36, Skipped:     0, Total:    36, Duration: 1 m 4 s - LiteDB.Tests.dll (net10.0)
2026-09-30T12:12:49.6242605Z Running complete-suite partition: shared-process
2026-09-30T12:12:49.6348322Z 
2026-09-30T12:12:49.6348847Z Host:
2026-09-30T12:12:49.6349178Z   Version:      10.0.12
2026-09-30T12:12:49.6349466Z   Architecture: x64
2026-09-30T12:12:49.6349776Z   Commit:       95017c711e
2026-09-30T12:12:49.6350513Z   RID:          win-x64
2026-09-30T12:12:49.6351236Z 
2026-09-30T12:12:49.6351365Z .NET SDKs installed:
2026-09-30T12:12:49.6351633Z   No SDKs were found.
2026-09-30T12:12:49.6351801Z 
2026-09-30T12:12:49.6351942Z .NET runtimes installed:
2026-09-30T12:12:49.6352390Z   Microsoft.NETCore.App 10.0.12 [__CI_HOME__/work\_temp\litedb-runtime-10-x64\shared\Microsoft.NETCore.App]
2026-09-30T12:12:49.6352818Z 
2026-09-30T12:12:49.6352985Z Other architectures found:
2026-09-30T12:12:49.6353330Z   x86   [C:\Program Files (x86)\dotnet]
2026-09-30T12:12:49.6353946Z     registered at [HKLM\SOFTWARE\dotnet\Setup\InstalledVersions\x86\InstallLocation]
2026-09-30T12:12:49.6354254Z 
2026-09-30T12:12:49.6354395Z Environment variables:
2026-09-30T12:12:49.6354709Z   DOTNET_MULTILEVEL_LOOKUP                 [0]
2026-09-30T12:12:49.6355017Z   DOTNET_NOLOGO                            [1]
2026-09-30T12:12:49.6355371Z   DOTNET_ROLL_FORWARD                      [LatestMajor]
2026-09-30T12:12:49.6355945Z   DOTNET_ROOT                              [C:\Program Files\dotnet]
2026-09-30T12:12:49.6356322Z   DOTNET_SKIP_FIRST_TIME_EXPERIENCE        [1]
2026-09-30T12:12:49.6356545Z 
2026-09-30T12:12:49.6356671Z global.json file:
2026-09-30T12:12:49.6356914Z   Not found
2026-09-30T12:12:49.6357058Z 
2026-09-30T12:12:49.6357130Z Learn more:
2026-09-30T12:12:49.6357398Z   https://aka.ms/dotnet/info
2026-09-30T12:12:49.6357597Z 
2026-09-30T12:12:49.6357726Z Download .NET:
2026-09-30T12:12:49.6357980Z   https://aka.ms/dotnet/download
2026-09-30T12:12:49.8530394Z VSTest version 18.7.0 (x64)
2026-09-30T12:12:49.8559754Z 
2026-09-30T12:12:49.9663596Z Starting test execution, please wait...
2026-09-30T12:12:50.0088177Z A total of 1 test files matched the specified pattern.
2026-09-30T12:15:05.3446305Z Results File: __CI_WORKSPACE__\LiteDB.Tests\TestResults\TestResults-shared-process.trx
2026-09-30T12:15:05.3451352Z 
2026-09-30T12:15:05.3499720Z Passed!  - Failed:     0, Passed:    55, Skipped:     0, Total:    55, Duration: 2 m 13 s - LiteDB.Tests.dll (net10.0)
2026-09-30T12:15:05.3958911Z Running complete-suite partition: shared
2026-09-30T12:15:05.4081538Z 
2026-09-30T12:15:05.4082601Z Host:
2026-09-30T12:15:05.4083168Z   Version:      10.0.12
2026-09-30T12:15:05.4083552Z   Architecture: x64
2026-09-30T12:15:05.4083879Z   Commit:       95017c711e
2026-09-30T12:15:05.4084206Z   RID:          win-x64
2026-09-30T12:15:05.4084413Z 
2026-09-30T12:15:05.4084583Z .NET SDKs installed:
2026-09-30T12:15:05.4084855Z   No SDKs were found.
2026-09-30T12:15:05.4085040Z 
2026-09-30T12:15:05.4085158Z .NET runtimes installed:
2026-09-30T12:15:05.4085718Z   Microsoft.NETCore.App 10.0.12 [__CI_HOME__/work\_temp\litedb-runtime-10-x64\shared\Microsoft.NETCore.App]
2026-09-30T12:15:05.4086228Z 
2026-09-30T12:15:05.4086399Z Other architectures found:
2026-09-30T12:15:05.4086756Z   x86   [C:\Program Files (x86)\dotnet]
2026-09-30T12:15:05.4087298Z     registered at [HKLM\SOFTWARE\dotnet\Setup\InstalledVersions\x86\InstallLocation]
2026-09-30T12:15:05.4087780Z 
2026-09-30T12:15:05.4087959Z Environment variables:
2026-09-30T12:15:05.4088291Z   DOTNET_MULTILEVEL_LOOKUP                 [0]
2026-09-30T12:15:05.4088670Z   DOTNET_NOLOGO                            [1]
2026-09-30T12:15:05.4089111Z   DOTNET_ROLL_FORWARD                      [LatestMajor]
2026-09-30T12:15:05.4089666Z   DOTNET_ROOT                              [C:\Program Files\dotnet]
2026-09-30T12:15:05.4090178Z   DOTNET_SKIP_FIRST_TIME_EXPERIENCE        [1]
2026-09-30T12:15:05.4090442Z 
2026-09-30T12:15:05.4090583Z global.json file:
2026-09-30T12:15:05.4090887Z   Not found
2026-09-30T12:15:05.4091075Z 
2026-09-30T12:15:05.4091231Z Learn more:
2026-09-30T12:15:05.4091531Z   https://aka.ms/dotnet/info
2026-09-30T12:15:05.4091743Z 
2026-09-30T12:15:05.4091886Z Download .NET:
2026-09-30T12:15:05.4092213Z   https://aka.ms/dotnet/download
2026-09-30T12:15:05.6197102Z VSTest version 18.7.0 (x64)
2026-09-30T12:15:05.6222964Z 
2026-09-30T12:15:05.7365838Z Starting test execution, please wait...
2026-09-30T12:15:05.7768251Z A total of 1 test files matched the specified pattern.
2026-09-30T12:15:25.3907795Z Results File: __CI_WORKSPACE__\LiteDB.Tests\TestResults\TestResults-shared.trx
2026-09-30T12:15:25.3910842Z 
2026-09-30T12:15:25.3944005Z Passed!  - Failed:     0, Passed:    55, Skipped:     0, Total:    55, Duration: 18 s - LiteDB.Tests.dll (net10.0)
2026-09-30T12:15:25.4252028Z Running complete-suite partition: mvcc
2026-09-30T12:15:25.4325298Z 
2026-09-30T12:15:25.4325560Z Host:
2026-09-30T12:15:25.4325945Z   Version:      10.0.12
2026-09-30T12:15:25.4327887Z   Architecture: x64
2026-09-30T12:15:25.4328225Z   Commit:       95017c711e
2026-09-30T12:15:25.4328604Z   RID:          win-x64
2026-09-30T12:15:25.4328797Z 
2026-09-30T12:15:25.4328939Z .NET SDKs installed:
2026-09-30T12:15:25.4329213Z   No SDKs were found.
2026-09-30T12:15:25.4329392Z 
2026-09-30T12:15:25.4329528Z .NET runtimes installed:
2026-09-30T12:15:25.4330220Z   Microsoft.NETCore.App 10.0.12 [__CI_HOME__/work\_temp\litedb-runtime-10-x64\shared\Microsoft.NETCore.App]
2026-09-30T12:15:25.4330777Z 
2026-09-30T12:15:25.4330903Z Other architectures found:
2026-09-30T12:15:25.4331150Z   x86   [C:\Program Files (x86)\dotnet]
2026-09-30T12:15:25.4331508Z     registered at [HKLM\SOFTWARE\dotnet\Setup\InstalledVersions\x86\InstallLocation]
2026-09-30T12:15:25.4331785Z 
2026-09-30T12:15:25.4331904Z Environment variables:
2026-09-30T12:15:25.4332148Z   DOTNET_MULTILEVEL_LOOKUP                 [0]
2026-09-30T12:15:25.4332415Z   DOTNET_NOLOGO                            [1]
2026-09-30T12:15:25.4332704Z   DOTNET_ROLL_FORWARD                      [LatestMajor]
2026-09-30T12:15:25.4333045Z   DOTNET_ROOT                              [C:\Program Files\dotnet]
2026-09-30T12:15:25.4333359Z   DOTNET_SKIP_FIRST_TIME_EXPERIENCE        [1]
2026-09-30T12:15:25.4333546Z 
2026-09-30T12:15:25.4333623Z global.json file:
2026-09-30T12:15:25.4333823Z   Not found
2026-09-30T12:15:25.4333940Z 
2026-09-30T12:15:25.4334036Z Learn more:
2026-09-30T12:15:25.4334243Z   https://aka.ms/dotnet/info
2026-09-30T12:15:25.4334408Z 
2026-09-30T12:15:25.4334483Z Download .NET:
2026-09-30T12:15:25.4334691Z   https://aka.ms/dotnet/download
2026-09-30T12:15:25.6007241Z VSTest version 18.7.0 (x64)
2026-09-30T12:15:25.6028522Z 
2026-09-30T12:15:25.6778342Z Starting test execution, please wait...
2026-09-30T12:15:25.7070971Z A total of 1 test files matched the specified pattern.
2026-09-30T12:17:15.1686407Z Results File: __CI_WORKSPACE__\LiteDB.Tests\TestResults\TestResults-mvcc.trx
2026-09-30T12:17:15.1690357Z 
2026-09-30T12:17:15.1725066Z Passed!  - Failed:     0, Passed:   403, Skipped:     0, Total:   403, Duration: 1 m 48 s - LiteDB.Tests.dll (net10.0)
2026-09-30T12:17:15.2232497Z Running complete-suite partition: internals
2026-09-30T12:17:15.2333142Z 
2026-09-30T12:17:15.2333487Z Host:
2026-09-30T12:17:15.2335686Z   Version:      10.0.12
2026-09-30T12:17:15.2336021Z   Architecture: x64
2026-09-30T12:17:15.2336616Z   Commit:       95017c711e
2026-09-30T12:17:15.2337249Z   RID:          win-x64
2026-09-30T12:17:15.2337463Z 
2026-09-30T12:17:15.2337623Z .NET SDKs installed:
2026-09-30T12:17:15.2337940Z   No SDKs were found.
2026-09-30T12:17:15.2338144Z 
2026-09-30T12:17:15.2338313Z .NET runtimes installed:
2026-09-30T12:17:15.2338943Z   Microsoft.NETCore.App 10.0.12 [__CI_HOME__/work\_temp\litedb-runtime-10-x64\shared\Microsoft.NETCore.App]
2026-09-30T12:17:15.2339449Z 
2026-09-30T12:17:15.2339596Z Other architectures found:
2026-09-30T12:17:15.2339960Z   x86   [C:\Program Files (x86)\dotnet]
2026-09-30T12:17:15.2340561Z     registered at [HKLM\SOFTWARE\dotnet\Setup\InstalledVersions\x86\InstallLocation]
2026-09-30T12:17:15.2340991Z 
2026-09-30T12:17:15.2341162Z Environment variables:
2026-09-30T12:17:15.2341524Z   DOTNET_MULTILEVEL_LOOKUP                 [0]
2026-09-30T12:17:15.2341967Z   DOTNET_NOLOGO                            [1]
2026-09-30T12:17:15.2342440Z   DOTNET_ROLL_FORWARD                      [LatestMajor]
2026-09-30T12:17:15.2343191Z   DOTNET_ROOT                              [C:\Program Files\dotnet]
2026-09-30T12:17:15.2343693Z   DOTNET_SKIP_FIRST_TIME_EXPERIENCE        [1]
2026-09-30T12:17:15.2343988Z 
2026-09-30T12:17:15.2344134Z global.json file:
2026-09-30T12:17:15.2344435Z   Not found
2026-09-30T12:17:15.2344579Z 
2026-09-30T12:17:15.2344717Z Learn more:
2026-09-30T12:17:15.2345019Z   https://aka.ms/dotnet/info
2026-09-30T12:17:15.2345263Z 
2026-09-30T12:17:15.2345376Z Download .NET:
2026-09-30T12:17:15.2345717Z   https://aka.ms/dotnet/download
2026-09-30T12:17:15.4053539Z VSTest version 18.7.0 (x64)
2026-09-30T12:17:15.4071525Z 
2026-09-30T12:17:15.4819100Z Starting test execution, please wait...
2026-09-30T12:17:15.5101836Z A total of 1 test files matched the specified pattern.
2026-09-30T12:18:15.8946959Z Results File: __CI_WORKSPACE__\LiteDB.Tests\TestResults\TestResults-internals.trx
2026-09-30T12:18:15.8950313Z 
2026-09-30T12:18:15.8990684Z Passed!  - Failed:     0, Passed:   435, Skipped:     0, Total:   435, Duration: 59 s - LiteDB.Tests.dll (net10.0)
2026-09-30T12:18:16.0023415Z Running complete-suite partition: remaining
2026-09-30T12:18:16.0119381Z 
2026-09-30T12:18:16.0119938Z Host:
2026-09-30T12:18:16.0122230Z   Version:      10.0.12
2026-09-30T12:18:16.0122686Z   Architecture: x64
2026-09-30T12:18:16.0123757Z   Commit:       95017c711e
2026-09-30T12:18:16.0124155Z   RID:          win-x64
2026-09-30T12:18:16.0124380Z 
2026-09-30T12:18:16.0124531Z .NET SDKs installed:
2026-09-30T12:18:16.0124860Z   No SDKs were found.
2026-09-30T12:18:16.0125062Z 
2026-09-30T12:18:16.0125230Z .NET runtimes installed:
2026-09-30T12:18:16.0125818Z   Microsoft.NETCore.App 10.0.12 [__CI_HOME__/work\_temp\litedb-runtime-10-x64\shared\Microsoft.NETCore.App]
2026-09-30T12:18:16.0126335Z 
2026-09-30T12:18:16.0126482Z Other architectures found:
2026-09-30T12:18:16.0126877Z   x86   [C:\Program Files (x86)\dotnet]
2026-09-30T12:18:16.0127422Z     registered at [HKLM\SOFTWARE\dotnet\Setup\InstalledVersions\x86\InstallLocation]
2026-09-30T12:18:16.0128256Z 
2026-09-30T12:18:16.0128459Z Environment variables:
2026-09-30T12:18:16.0128829Z   DOTNET_MULTILEVEL_LOOKUP                 [0]
2026-09-30T12:18:16.0129454Z   DOTNET_NOLOGO                            [1]
2026-09-30T12:18:16.0129910Z   DOTNET_ROLL_FORWARD                      [LatestMajor]
2026-09-30T12:18:16.0130363Z   DOTNET_ROOT                              [C:\Program Files\dotnet]
2026-09-30T12:18:16.0130819Z   DOTNET_SKIP_FIRST_TIME_EXPERIENCE        [1]
2026-09-30T12:18:16.0131093Z 
2026-09-30T12:18:16.0131231Z global.json file:
2026-09-30T12:18:16.0131529Z   Not found
2026-09-30T12:18:16.0131642Z 
2026-09-30T12:18:16.0131770Z Learn more:
2026-09-30T12:18:16.0132065Z   https://aka.ms/dotnet/info
2026-09-30T12:18:16.0132311Z 
2026-09-30T12:18:16.0132453Z Download .NET:
2026-09-30T12:18:16.0132769Z   https://aka.ms/dotnet/download
2026-09-30T12:18:16.2006921Z VSTest version 18.7.0 (x64)
2026-09-30T12:18:16.2031745Z 
2026-09-30T12:18:16.2881797Z Starting test execution, please wait...
2026-09-30T12:18:16.3199558Z A total of 1 test files matched the specified pattern.
2026-09-30T12:20:20.0414309Z Results File: __CI_WORKSPACE__\LiteDB.Tests\TestResults\TestResults-remaining.trx
2026-09-30T12:20:20.0418086Z 
2026-09-30T12:20:20.0453406Z Passed!  - Failed:     0, Passed:   613, Skipped:     0, Total:   613, Duration: 2 m 2 s - LiteDB.Tests.dll (net10.0)
2026-09-30T12:20:20.2172375Z [31;1mException: [0m__CI_WORKSPACE__\scripts\run-ci-tests.ps1:105[0m
2026-09-30T12:20:20.2173123Z [31;1m[0m[36;1mLine |[0m
2026-09-30T12:20:20.2173933Z [31;1m[0m[36;1m[36;1m 105 | [0m … iled.Count) { [36;1mthrow "Test partitions failed: $($failed -join ', ')"[0m }[0m
2026-09-30T12:20:20.2174760Z [31;1m[0m[36;1m[36;1m[0m[36;1m[0m[36;1m     | [31;1m                 ~~~~~~~~~~~~~~~~~~~~~~~~~~~~~~~~~~~~~~~~~~~~~~~~~~~~~[0m
2026-09-30T12:20:20.2176032Z [31;1m[0m[36;1m[36;1m[0m[36;1m[0m[36;1m[31;1m[31;1m[36;1m     | [31;1mTest partitions failed: engine[0m
2026-09-30T12:20:20.2374161Z ##[error]Process completed with exit code 1.
2026-09-30T12:20:20.2543830Z ##[group]Run actions/upload-artifact@v4
2026-09-30T12:20:20.2544143Z with:
2026-09-30T12:20:20.2544404Z   name: shared-worker-timeouts-windows-2022-x64-.NET 10
2026-09-30T12:20:20.2544847Z   path: __CI_HOME__\AppData\Local\Temp\litedb-shared-diagnostics-36710337230-8/
2026-09-30T12:20:20.2545218Z   retention-days: 14
2026-09-30T12:20:20.2545443Z   if-no-files-found: ignore
2026-09-30T12:20:20.2545682Z   compression-level: 6
2026-09-30T12:20:20.2545891Z   overwrite: false
2026-09-30T12:20:20.2546125Z   include-hidden-files: false
2026-09-30T12:20:20.2546350Z env:
2026-09-30T12:20:20.2546663Z   LITEDB_RETAINED_FIXTURES: __CI_WORKSPACE__/LiteDB.Tests/TestResults/retained-fixtures
2026-09-30T12:20:20.2547038Z   LITEDB_SHARED_EXPECT_TEMP_VOLUME: 1
2026-09-30T12:20:20.2547318Z   DOTNET_ROOT: C:\Program Files\dotnet
2026-09-30T12:20:20.2547912Z   LITEDB_SHARED_DIAGNOSTICS: __CI_HOME__\AppData\Local\Temp\litedb-shared-diagnostics-36710337230-8
2026-09-30T12:20:20.2548384Z ##[endgroup]
2026-09-30T12:20:20.4007008Z (node:8080) [DEP0040] DeprecationWarning: The `punycode` module is deprecated. Please use a userland alternative instead.
2026-09-30T12:20:20.4007659Z (Use `node --trace-deprecation ...` to show where the warning was created)
2026-09-30T12:20:20.4037714Z No files were found with the provided path: __CI_HOME__\AppData\Local\Temp\litedb-shared-diagnostics-36710337230-8/. No artifacts will be uploaded.
2026-09-30T12:20:20.4243910Z ##[group]Run actions/upload-artifact@v4
2026-09-30T12:20:20.4244252Z with:
2026-09-30T12:20:20.4244492Z   name: test-results-test-windows-8
2026-09-30T12:20:20.4244730Z   overwrite: true
2026-09-30T12:20:20.4245198Z   path: LiteDB.Tests/TestResults/*.trx
LiteDB.Tests/TestResults/evidence-leg.json
LiteDB.Tests/TestResults/discovered-tests.txt

2026-09-30T12:20:20.4245686Z   if-no-files-found: warn
2026-09-30T12:20:20.4245996Z   compression-level: 6
2026-09-30T12:20:20.4246228Z   include-hidden-files: false
2026-09-30T12:20:20.4246457Z env:
2026-09-30T12:20:20.4246768Z   LITEDB_RETAINED_FIXTURES: __CI_WORKSPACE__/LiteDB.Tests/TestResults/retained-fixtures
2026-09-30T12:20:20.4247168Z   LITEDB_SHARED_EXPECT_TEMP_VOLUME: 1
2026-09-30T12:20:20.4247420Z   DOTNET_ROOT: C:\Program Files\dotnet
2026-09-30T12:20:20.4247830Z   LITEDB_SHARED_DIAGNOSTICS: __CI_HOME__\AppData\Local\Temp\litedb-shared-diagnostics-36710337230-8
2026-09-30T12:20:20.4248248Z ##[endgroup]
2026-09-30T12:20:20.5695843Z (node:2856) [DEP0040] DeprecationWarning: The `punycode` module is deprecated. Please use a userland alternative instead.
2026-09-30T12:20:20.5696482Z (Use `node --trace-deprecation ...` to show where the warning was created)
2026-09-30T12:20:20.5774893Z With the provided path, there will be 17 files uploaded
2026-09-30T12:20:20.6874995Z Artifact name is valid!
2026-09-30T12:20:20.6877643Z Root directory input is valid!
2026-09-30T12:20:20.8538185Z Beginning upload of artifact content to blob storage
2026-09-30T12:20:20.9812072Z (node:2856) [DEP0169] DeprecationWarning: `url.parse()` behavior is not standardized and prone to errors that have security implications. Use the WHATWG URL API instead. CVEs are not issued for `url.parse()` vulnerabilities.
2026-09-30T12:20:21.0923278Z Uploaded bytes 1357168
2026-09-30T12:20:21.1097328Z Finished uploading artifact content to blob storage!
2026-09-30T12:20:21.1098279Z SHA256 digest of uploaded artifact zip is d9eac89e52f35f328618780e971ddc3696899396eb88aed29976eebffe56bb7f
2026-09-30T12:20:21.1098986Z Finalizing artifact upload
2026-09-30T12:20:21.4287064Z Artifact test-results-test-windows-8.zip successfully finalized. Artifact ID 11095712048
2026-09-30T12:20:21.4287913Z Artifact test-results-test-windows-8 has been successfully uploaded! Final size is 1357168 bytes. Artifact ID is 11095712048
2026-09-30T12:20:21.4296528Z Artifact download URL: https://github.com/JKamsker/LiteDB/actions/runs/36710337230/artifacts/11095712048
2026-09-30T12:20:21.4564491Z Prepare all required actions
2026-09-30T12:20:21.4565155Z Getting action download info
2026-09-30T12:20:21.5655874Z ##[group]Run ./.github/actions/retained-fixtures
2026-09-30T12:20:21.5656112Z env:
2026-09-30T12:20:21.5656387Z   LITEDB_RETAINED_FIXTURES: __CI_WORKSPACE__/LiteDB.Tests/TestResults/retained-fixtures
2026-09-30T12:20:21.5656723Z   LITEDB_SHARED_EXPECT_TEMP_VOLUME: 1
2026-09-30T12:20:21.5656933Z   DOTNET_ROOT: C:\Program Files\dotnet
2026-09-30T12:20:21.5657317Z   LITEDB_SHARED_DIAGNOSTICS: __CI_HOME__\AppData\Local\Temp\litedb-shared-diagnostics-36710337230-8
2026-09-30T12:20:21.5657707Z ##[endgroup]
2026-09-30T12:20:21.5704027Z ##[start-action display=Collect retained fixtures;id=__self.__run]
2026-09-30T12:20:21.5795095Z ##[group]Run if [ "$RUNNER_OS" = "Windows" ]; then retained_python=python; else retained_python=python3; fi
2026-09-30T12:20:21.5795642Z [36;1mif [ "$RUNNER_OS" = "Windows" ]; then retained_python=python; else retained_python=python3; fi[0m
2026-09-30T12:20:21.5796255Z [36;1m"$retained_python" scripts/collect-retained-fixtures.py "$LITEDB_RETAINED_FIXTURES"[0m
2026-09-30T12:20:21.5805482Z shell: C:\Program Files\Git\bin\bash.EXE --noprofile --norc -e -o pipefail {0}
2026-09-30T12:20:21.5805780Z env:
2026-09-30T12:20:21.5806058Z   LITEDB_RETAINED_FIXTURES: __CI_WORKSPACE__/LiteDB.Tests/TestResults/retained-fixtures
2026-09-30T12:20:21.5806401Z   LITEDB_SHARED_EXPECT_TEMP_VOLUME: 1
2026-09-30T12:20:21.5806622Z   DOTNET_ROOT: C:\Program Files\dotnet
2026-09-30T12:20:21.5807013Z   LITEDB_SHARED_DIAGNOSTICS: __CI_HOME__\AppData\Local\Temp\litedb-shared-diagnostics-36710337230-8
2026-09-30T12:20:21.5807442Z ##[endgroup]
2026-09-30T12:20:23.2798494Z ##[end-action id=__self.__run;outcome=success;conclusion=success;duration_ms=1709]
2026-09-30T12:20:23.2800868Z ##[start-action display=Upload fixture manifests and copies;id=__self.__actions_upload-artifact]
2026-09-30T12:20:23.2898883Z ##[group]Run actions/upload-artifact@v4
2026-09-30T12:20:23.2899103Z with:
2026-09-30T12:20:23.2899281Z   name: retained-fixtures-test-windows-8
2026-09-30T12:20:23.2899572Z   path: __CI_WORKSPACE__/LiteDB.Tests/TestResults/retained-fixtures/
2026-09-30T12:20:23.2899861Z   if-no-files-found: ignore
2026-09-30T12:20:23.2900051Z   retention-days: 14
2026-09-30T12:20:23.2900218Z   compression-level: 6
2026-09-30T12:20:23.2900398Z   overwrite: false
2026-09-30T12:20:23.2900566Z   include-hidden-files: false
2026-09-30T12:20:23.2900741Z env:
2026-09-30T12:20:23.2901008Z   LITEDB_RETAINED_FIXTURES: __CI_WORKSPACE__/LiteDB.Tests/TestResults/retained-fixtures
2026-09-30T12:20:23.2901342Z   LITEDB_SHARED_EXPECT_TEMP_VOLUME: 1
2026-09-30T12:20:23.2901551Z   DOTNET_ROOT: C:\Program Files\dotnet
2026-09-30T12:20:23.2901933Z   LITEDB_SHARED_DIAGNOSTICS: __CI_HOME__\AppData\Local\Temp\litedb-shared-diagnostics-36710337230-8
2026-09-30T12:20:23.2902303Z ##[endgroup]
2026-09-30T12:20:23.4390879Z (node:8168) [DEP0040] DeprecationWarning: The `punycode` module is deprecated. Please use a userland alternative instead.
2026-09-30T12:20:23.4391455Z (Use `node --trace-deprecation ...` to show where the warning was created)
2026-09-30T12:20:23.4408909Z No files were found with the provided path: __CI_WORKSPACE__/LiteDB.Tests/TestResults/retained-fixtures/. No artifacts will be uploaded.
2026-09-30T12:20:23.4527817Z ##[end-action id=__self.__actions_upload-artifact;outcome=success;conclusion=success;duration_ms=172]
2026-09-30T12:20:23.4679642Z Post job cleanup.
2026-09-30T12:20:23.6012871Z [command]"C:\Program Files\Git\bin\git.exe" version
2026-09-30T12:20:23.6195987Z git version 2.55.0.windows.5
2026-09-30T12:20:23.6246277Z Temporarily overriding HOME='__CI_HOME__/work\_temp\075b3756-6427-472c-9a94-8bacd1fb5609' before making global git config changes
2026-09-30T12:20:23.6247198Z Adding repository directory to the temporary git global config as a safe directory
2026-09-30T12:20:23.6256140Z [command]"C:\Program Files\Git\bin\git.exe" config --global --add safe.directory __CI_WORKSPACE__
2026-09-30T12:20:23.6458820Z [command]"C:\Program Files\Git\bin\git.exe" config --local --name-only --get-regexp core\.sshCommand
2026-09-30T12:20:23.6644559Z [command]"C:\Program Files\Git\bin\git.exe" submodule foreach --recursive "sh -c \"git config --local --name-only --get-regexp 'core\.sshCommand' && git config --local --unset-all 'core.sshCommand' || :\""
2026-09-30T12:20:24.0287566Z [command]"C:\Program Files\Git\bin\git.exe" config --local --name-only --get-regexp http\.https\:\/\/github\.com\/\.extraheader
2026-09-30T12:20:24.0449543Z http.https://github.com/.extraheader
2026-09-30T12:20:24.0477203Z [command]"C:\Program Files\Git\bin\git.exe" config --local --unset-all http.https://github.com/.extraheader
2026-09-30T12:20:24.0669418Z [command]"C:\Program Files\Git\bin\git.exe" submodule foreach --recursive "sh -c \"git config --local --name-only --get-regexp 'http\.https\:\/\/github\.com\/\.extraheader' && git config --local --unset-all 'http.https://github.com/.extraheader' || :\""
2026-09-30T12:20:24.4357195Z [command]"C:\Program Files\Git\bin\git.exe" config --local --name-only --get-regexp ^includeIf\.gitdir:
2026-09-30T12:20:24.4555305Z [command]"C:\Program Files\Git\bin\git.exe" submodule foreach --recursive "git config --local --show-origin --name-only --get-regexp remote.origin.url"
2026-09-30T12:20:24.8171655Z Cleaning up orphan processes
2026-09-30T12:20:24.8198353Z ##[warning]Node.js 20 is deprecated. The following actions target Node.js 20 but are being forced to run on Node.js 24: actions/checkout@v4, actions/download-artifact@v4, actions/setup-dotnet@v4, actions/upload-artifact@v4. For more information see: https://github.blog/changelog/2025-09-19-deprecation-of-node-20-on-github-actions-runners/
