2026-09-30T11:49:54.9428278Z Current runner version: '2.337.0'
2026-09-30T11:49:54.9457061Z ##[group]Runner Image Provisioner
2026-09-30T11:49:54.9457895Z Hosted Compute Agent
2026-09-30T11:49:54.9458514Z Version: 20260828.587
2026-09-30T11:49:54.9459135Z Commit: abac92662cab4cc7352de4f9f9d2e2419aad9c29
2026-09-30T11:49:54.9459842Z Build Date: 2026-08-28T16:44:25Z
2026-09-30T11:49:54.9460512Z Worker ID: {86c4b48c-1e99-40b5-850d-26dc53ebf880}
2026-09-30T11:49:54.9461219Z Azure Region: northcentralus
2026-09-30T11:49:54.9462040Z ##[endgroup]
2026-09-30T11:49:54.9463577Z ##[group]Operating System
2026-09-30T11:49:54.9464236Z Microsoft Windows Server 2025
2026-09-30T11:49:54.9464828Z 10.0.26100
2026-09-30T11:49:54.9465328Z Datacenter
2026-09-30T11:49:54.9465829Z ##[endgroup]
2026-09-30T11:49:54.9466344Z ##[group]Runner Image
2026-09-30T11:49:54.9466912Z Image: windows-2025-vs2026
2026-09-30T11:49:54.9467510Z Version: 20260922.246.2
2026-09-30T11:49:54.9468974Z Included Software: https://github.com/actions/runner-images/blob/win25-vs2026/20260922.246/images/windows/Windows2025-VS2026-Readme.md
2026-09-30T11:49:54.9470641Z Image Release: https://github.com/actions/runner-images/releases/tag/win25-vs2026%2F20260922.246
2026-09-30T11:49:54.9471579Z ##[endgroup]
2026-09-30T11:49:54.9474767Z ##[group]GITHUB_TOKEN Permissions
2026-09-30T11:49:54.9477282Z Actions: write
2026-09-30T11:49:54.9477912Z ArtifactMetadata: write
2026-09-30T11:49:54.9478486Z Attestations: write
2026-09-30T11:49:54.9479030Z Checks: write
2026-09-30T11:49:54.9479549Z CodeQuality: write
2026-09-30T11:49:54.9480066Z Contents: write
2026-09-30T11:49:54.9480667Z CopilotRequests: write
2026-09-30T11:49:54.9481228Z Deployments: write
2026-09-30T11:49:54.9481765Z Discussions: write
2026-09-30T11:49:54.9482535Z Drives: write
2026-09-30T11:49:54.9483082Z Issues: write
2026-09-30T11:49:54.9483631Z Metadata: read
2026-09-30T11:49:54.9484221Z Models: read
2026-09-30T11:49:54.9484726Z Packages: write
2026-09-30T11:49:54.9485284Z Pages: write
2026-09-30T11:49:54.9485810Z PullRequests: write
2026-09-30T11:49:54.9486829Z RepositoryProjects: write
2026-09-30T11:49:54.9487423Z SecurityEvents: write
2026-09-30T11:49:54.9487965Z Statuses: write
2026-09-30T11:49:54.9488513Z VulnerabilityAlerts: read
2026-09-30T11:49:54.9489082Z ##[endgroup]
2026-09-30T11:49:54.9491560Z Secret source: Actions
2026-09-30T11:49:54.9492498Z Cache mode: write
2026-09-30T11:49:54.9493465Z Prepare workflow directory
2026-09-30T11:49:55.0132454Z Prepare all required actions
2026-09-30T11:49:55.0182732Z Getting action download info
2026-09-30T11:49:55.2414843Z Download action repository 'actions/checkout@v4' (SHA:11d5960a326750d5838078e36cf38b85af677262)
2026-09-30T11:49:55.3830378Z Download action repository 'actions/setup-dotnet@v4' (SHA:67a3573c9a986a3f9c594539f4ab511d57bb3ce9)
2026-09-30T11:49:55.7888691Z Download action repository 'actions/download-artifact@v4' (SHA:d3f86a106a0bac45b974a628896c90dbdf5c8093)
2026-09-30T11:49:56.1592443Z Download action repository 'actions/upload-artifact@v4' (SHA:ea165f8d65b6e75b540449e92b4886f43607fa02)
2026-09-30T11:49:56.5540970Z Uses: JKamsker/LiteDB/.github/workflows/_reusable-ci.yml@refs/pull/133/merge (2a15beace59345d1daaa8cdbc887cfe67b5d89ff)
2026-09-30T11:49:56.5545985Z ##[group] Inputs
2026-09-30T11:49:56.5546486Z   tier: full
2026-09-30T11:49:56.5548711Z   sdk-matrix: [
  { "display": ".NET 8", "runtimeMajor": 8,  "sdk": "8.0.x",           "framework": "net8.0", "includePrerelease": false, "msbuildProps": "" },
  { "display": ".NET 9", "runtimeMajor": 9,  "sdk": "9.0.x\n8.0.x",    "framework": "net8.0", "includePrerelease": true,  "msbuildProps": "" },
  { "display": ".NET 10", "runtimeMajor": 10, "sdk": "10.0.x",          "framework": "net10.0", "includePrerelease": false, "msbuildProps": "" }
]

2026-09-30T11:49:56.5551006Z ##[endgroup]
2026-09-30T11:49:56.5551632Z Complete job name: build-and-test / Test (Windows windows-latest - x64 - .NET 8)
2026-09-30T11:49:56.7168541Z ##[group]Run actions/checkout@v4
2026-09-30T11:49:56.7172283Z with:
2026-09-30T11:49:56.7172822Z   repository: JKamsker/LiteDB
2026-09-30T11:49:56.7177977Z   token: ***
2026-09-30T11:49:56.7178415Z   ssh-strict: true
2026-09-30T11:49:56.7178862Z   ssh-user: git
2026-09-30T11:49:56.7179305Z   persist-credentials: true
2026-09-30T11:49:56.7179809Z   clean: true
2026-09-30T11:49:56.7180258Z   sparse-checkout-cone-mode: true
2026-09-30T11:49:56.7180802Z   fetch-depth: 1
2026-09-30T11:49:56.7181227Z   fetch-tags: false
2026-09-30T11:49:56.7181655Z   show-progress: true
2026-09-30T11:49:56.7182089Z   lfs: false
2026-09-30T11:49:56.7182487Z   submodules: false
2026-09-30T11:49:56.7182933Z   set-safe-directory: true
2026-09-30T11:49:56.7183429Z   allow-unsafe-pr-checkout: false
2026-09-30T11:49:56.7184178Z env:
2026-09-30T11:49:56.7184885Z   LITEDB_RETAINED_FIXTURES: __CI_WORKSPACE__/LiteDB.Tests/TestResults/retained-fixtures
2026-09-30T11:49:56.7185935Z   LITEDB_SHARED_EXPECT_TEMP_VOLUME: 1
2026-09-30T11:49:56.7186672Z ##[endgroup]
2026-09-30T11:49:56.8790401Z Syncing repository: JKamsker/LiteDB
2026-09-30T11:49:56.8792356Z ##[group]Getting Git version info
2026-09-30T11:49:56.8793022Z Working directory is '__CI_HOME__/work\LiteDB\LiteDB'
2026-09-30T11:49:56.9907128Z [command]"C:\Program Files\Git\bin\git.exe" version
2026-09-30T11:49:57.3971266Z git version 2.55.0.windows.5
2026-09-30T11:49:57.4029455Z ##[endgroup]
2026-09-30T11:49:57.4052145Z Temporarily overriding HOME='__CI_HOME__/work\_temp\2b86287f-82a8-42a0-ad98-418e7777a897' before making global git config changes
2026-09-30T11:49:57.4053807Z Adding repository directory to the temporary git global config as a safe directory
2026-09-30T11:49:57.4064092Z [command]"C:\Program Files\Git\bin\git.exe" config --global --add safe.directory __CI_WORKSPACE__
2026-09-30T11:49:57.4750143Z Deleting the contents of '__CI_HOME__/work\LiteDB\LiteDB'
2026-09-30T11:49:57.4756723Z ##[group]Initializing the repository
2026-09-30T11:49:57.4766361Z [command]"C:\Program Files\Git\bin\git.exe" init __CI_WORKSPACE__
2026-09-30T11:49:57.5666892Z Initialized empty Git repository in __CI_WORKSPACE__/.git/
2026-09-30T11:49:57.5720824Z [command]"C:\Program Files\Git\bin\git.exe" remote add origin https://github.com/JKamsker/LiteDB
2026-09-30T11:49:57.6388742Z ##[endgroup]
2026-09-30T11:49:57.6390498Z ##[group]Disabling automatic garbage collection
2026-09-30T11:49:57.6402851Z [command]"C:\Program Files\Git\bin\git.exe" config --local gc.auto 0
2026-09-30T11:49:57.6769799Z ##[endgroup]
2026-09-30T11:49:57.6770667Z ##[group]Setting up auth
2026-09-30T11:49:57.6787000Z [command]"C:\Program Files\Git\bin\git.exe" config --local --name-only --get-regexp core\.sshCommand
2026-09-30T11:49:57.7128343Z [command]"C:\Program Files\Git\bin\git.exe" submodule foreach --recursive "sh -c \"git config --local --name-only --get-regexp 'core\.sshCommand' && git config --local --unset-all 'core.sshCommand' || :\""
2026-09-30T11:49:59.2201443Z [command]"C:\Program Files\Git\bin\git.exe" config --local --name-only --get-regexp http\.https\:\/\/github\.com\/\.extraheader
2026-09-30T11:49:59.2520096Z [command]"C:\Program Files\Git\bin\git.exe" submodule foreach --recursive "sh -c \"git config --local --name-only --get-regexp 'http\.https\:\/\/github\.com\/\.extraheader' && git config --local --unset-all 'http.https://github.com/.extraheader' || :\""
2026-09-30T11:49:59.8156050Z [command]"C:\Program Files\Git\bin\git.exe" config --local --name-only --get-regexp ^includeIf\.gitdir:
2026-09-30T11:49:59.8492660Z [command]"C:\Program Files\Git\bin\git.exe" submodule foreach --recursive "git config --local --show-origin --name-only --get-regexp remote.origin.url"
2026-09-30T11:50:00.4397386Z [command]"C:\Program Files\Git\bin\git.exe" config --local http.https://github.com/.extraheader "AUTHORIZATION: basic ***"
2026-09-30T11:50:00.4731916Z ##[endgroup]
2026-09-30T11:50:00.4733042Z ##[group]Fetching the repository
2026-09-30T11:50:00.4750122Z [command]"C:\Program Files\Git\bin\git.exe" -c protocol.version=2 fetch --no-tags --prune --no-recurse-submodules --depth=1 origin +2a15beace59345d1daaa8cdbc887cfe67b5d89ff:refs/remotes/pull/133/merge
2026-09-30T11:50:02.0891986Z From https://github.com/JKamsker/LiteDB
2026-09-30T11:50:02.0892894Z  * [new ref]         2a15beace59345d1daaa8cdbc887cfe67b5d89ff -> pull/133/merge
2026-09-30T11:50:02.0943121Z ##[endgroup]
2026-09-30T11:50:02.0944360Z ##[group]Determining the checkout info
2026-09-30T11:50:02.0946079Z ##[endgroup]
2026-09-30T11:50:02.0958176Z [command]"C:\Program Files\Git\bin\git.exe" sparse-checkout disable
2026-09-30T11:50:02.1408756Z [command]"C:\Program Files\Git\bin\git.exe" config --local --unset-all extensions.worktreeConfig
2026-09-30T11:50:02.1780216Z ##[group]Checking out the ref
2026-09-30T11:50:02.1790493Z [command]"C:\Program Files\Git\bin\git.exe" checkout --progress --force refs/remotes/pull/133/merge
2026-09-30T11:50:02.7525819Z Note: switching to 'refs/remotes/pull/133/merge'.
2026-09-30T11:50:02.7526426Z 
2026-09-30T11:50:02.7526750Z You are in 'detached HEAD' state. You can look around, make experimental
2026-09-30T11:50:02.7527595Z changes and commit them, and you can discard any commits you make in this
2026-09-30T11:50:02.7528394Z state without impacting any branches by switching back to a branch.
2026-09-30T11:50:02.7528815Z 
2026-09-30T11:50:02.7529087Z If you want to create a new branch to retain commits you create, you may
2026-09-30T11:50:02.7529720Z do so (now or later) by using -c with the switch command. Example:
2026-09-30T11:50:02.7529986Z 
2026-09-30T11:50:02.7530086Z   git switch -c <new-branch-name>
2026-09-30T11:50:02.7530266Z 
2026-09-30T11:50:02.7530355Z Or undo this operation with:
2026-09-30T11:50:02.7530551Z 
2026-09-30T11:50:02.7530638Z   git switch -
2026-09-30T11:50:02.7530754Z 
2026-09-30T11:50:02.7530956Z Turn off this advice by setting config variable advice.detachedHead to false
2026-09-30T11:50:02.7531269Z 
2026-09-30T11:50:02.7531672Z HEAD is now at 2a15bea Merge 19065cc1e6b14ee697f7512fa9e65dbe00a8b882 into 5dd942a7367c361fadd600be4ce10aace2768b27
2026-09-30T11:50:02.7659872Z ##[endgroup]
2026-09-30T11:50:02.8097139Z [command]"C:\Program Files\Git\bin\git.exe" log -1 --format=%H
2026-09-30T11:50:02.8371265Z 2a15beace59345d1daaa8cdbc887cfe67b5d89ff
2026-09-30T11:50:02.8892826Z ##[group]Run actions/setup-dotnet@v4
2026-09-30T11:50:02.8893239Z with:
2026-09-30T11:50:02.8893441Z   dotnet-version: 8.0.x
2026-09-30T11:50:02.8893725Z   cache: false
2026-09-30T11:50:02.8894036Z env:
2026-09-30T11:50:02.8894482Z   LITEDB_RETAINED_FIXTURES: __CI_WORKSPACE__/LiteDB.Tests/TestResults/retained-fixtures
2026-09-30T11:50:02.8895145Z   LITEDB_SHARED_EXPECT_TEMP_VOLUME: 1
2026-09-30T11:50:02.8895493Z ##[endgroup]
2026-09-30T11:50:03.0639003Z (node:5420) [DEP0040] DeprecationWarning: The `punycode` module is deprecated. Please use a userland alternative instead.
2026-09-30T11:50:03.0640101Z (Use `node --trace-deprecation ...` to show where the warning was created)
2026-09-30T11:50:03.1948465Z [command]"C:\Program Files\PowerShell\7\pwsh.exe" -NoLogo -Sta -NoProfile -NonInteractive -ExecutionPolicy Unrestricted -Command & '__CI_HOME__/work\_actions\actions\setup-dotnet\v4\externals\install-dotnet.ps1' -SkipNonVersionedFiles -Runtime dotnet -Channel LTS
2026-09-30T11:50:04.6434361Z dotnet-install: .NET Core Runtime with version '10.0.12' is already installed.
2026-09-30T11:50:04.8327004Z [command]"C:\Program Files\PowerShell\7\pwsh.exe" -NoLogo -Sta -NoProfile -NonInteractive -ExecutionPolicy Unrestricted -Command & '__CI_HOME__/work\_actions\actions\setup-dotnet\v4\externals\install-dotnet.ps1' -SkipNonVersionedFiles -Channel 8.0
2026-09-30T11:50:05.7132735Z dotnet-install: .NET Core SDK with version '8.0.425' is already installed.
2026-09-30T11:50:05.8371152Z ##[group]Run actions/download-artifact@v4
2026-09-30T11:50:05.8371492Z with:
2026-09-30T11:50:05.8371680Z   name: tests-build-windows
2026-09-30T11:50:05.8371898Z   path: .
2026-09-30T11:50:05.8372084Z   merge-multiple: false
2026-09-30T11:50:05.8372298Z   repository: JKamsker/LiteDB
2026-09-30T11:50:05.8372732Z   run-id: 36710337230
2026-09-30T11:50:05.8372907Z env:
2026-09-30T11:50:05.8373237Z   LITEDB_RETAINED_FIXTURES: __CI_WORKSPACE__/LiteDB.Tests/TestResults/retained-fixtures
2026-09-30T11:50:05.8373654Z   LITEDB_SHARED_EXPECT_TEMP_VOLUME: 1
2026-09-30T11:50:05.8373906Z   DOTNET_ROOT: C:\Program Files\dotnet
2026-09-30T11:50:05.8374131Z ##[endgroup]
2026-09-30T11:50:06.0453776Z Downloading single artifact
2026-09-30T11:50:06.0709670Z (node:6968) [DEP0040] DeprecationWarning: The `punycode` module is deprecated. Please use a userland alternative instead.
2026-09-30T11:50:06.0711077Z (Use `node --trace-deprecation ...` to show where the warning was created)
2026-09-30T11:50:06.2215726Z Preparing to download the following artifacts:
2026-09-30T11:50:06.2217437Z - tests-build-windows (ID: 11094191846, Size: 42367163, Expected Digest: sha256:ba9582c352d8e04bda450032fbc7feaaec222260e95ec64ce71745e76b830601)
2026-09-30T11:50:06.3934601Z Redirecting to blob download url: https://productionresultssa17.blob.core.windows.net/actions-results/ebad52dc-4172-8f3d-bc11-832f25601763/workflow-job-run-f3dd8e41-d789-527e-811f-cba70201da79/artifacts/a423237836c40f3642fb865e060786e1e859ed0c40243637743f88aa5e75f120.zip
2026-09-30T11:50:06.3936427Z Starting download of artifact to: __CI_WORKSPACE__
2026-09-30T11:50:06.5585815Z (node:6968) [DEP0005] DeprecationWarning: Buffer() is deprecated due to security and usability issues. Please use the Buffer.alloc(), Buffer.allocUnsafe(), or Buffer.from() methods instead.
2026-09-30T11:50:08.2103558Z SHA256 digest of downloaded artifact is ba9582c352d8e04bda450032fbc7feaaec222260e95ec64ce71745e76b830601
2026-09-30T11:50:08.2104579Z Artifact download completed successfully.
2026-09-30T11:50:08.2105090Z Total of 1 artifact(s) downloaded
2026-09-30T11:50:08.2116144Z Download artifact has finished successfully
2026-09-30T11:50:08.2452649Z ##[group]Run $diagnostics = Join-Path ([IO.Path]::GetTempPath()) 'litedb-shared-diagnostics-36710337230-0'
2026-09-30T11:50:08.2453891Z [36;1m$diagnostics = Join-Path ([IO.Path]::GetTempPath()) 'litedb-shared-diagnostics-36710337230-0'[0m
2026-09-30T11:50:08.2454533Z [36;1mWrite-Host "Original temp directory: $([IO.Path]::GetTempPath())"[0m
2026-09-30T11:50:08.2454996Z [36;1mWrite-Host "Database and diagnostics root: $diagnostics"[0m
2026-09-30T11:50:08.2455557Z [36;1m"LITEDB_SHARED_DIAGNOSTICS=$diagnostics" | Out-File $env:GITHUB_ENV -Append -Encoding utf8[0m
2026-09-30T11:50:08.2879547Z shell: C:\Program Files\PowerShell\7\pwsh.EXE -command ". '{0}'"
2026-09-30T11:50:08.2880035Z env:
2026-09-30T11:50:08.2880520Z   LITEDB_RETAINED_FIXTURES: __CI_WORKSPACE__/LiteDB.Tests/TestResults/retained-fixtures
2026-09-30T11:50:08.2881158Z   LITEDB_SHARED_EXPECT_TEMP_VOLUME: 1
2026-09-30T11:50:08.2881536Z   DOTNET_ROOT: C:\Program Files\dotnet
2026-09-30T11:50:08.2881946Z ##[endgroup]
2026-09-30T11:50:08.7431851Z Original temp directory: __CI_HOME__\AppData\Local\Temp\
2026-09-30T11:50:08.7453718Z Database and diagnostics root: __CI_HOME__\AppData\Local\Temp\litedb-shared-diagnostics-36710337230-0
2026-09-30T11:50:08.8352081Z ##[group]Run ./scripts/run-ci-tests.ps1 -RuntimeMajor 8 -Framework "net8.0" -Architecture "x64" -PartitionSuite
2026-09-30T11:50:08.8353470Z [36;1m./scripts/run-ci-tests.ps1 -RuntimeMajor 8 -Framework "net8.0" -Architecture "x64" -PartitionSuite[0m
2026-09-30T11:50:08.8446182Z shell: C:\Program Files\PowerShell\7\pwsh.EXE -command ". '{0}'"
2026-09-30T11:50:08.8446541Z env:
2026-09-30T11:50:08.8446888Z   LITEDB_RETAINED_FIXTURES: __CI_WORKSPACE__/LiteDB.Tests/TestResults/retained-fixtures
2026-09-30T11:50:08.8447336Z   LITEDB_SHARED_EXPECT_TEMP_VOLUME: 1
2026-09-30T11:50:08.8447599Z   DOTNET_ROOT: C:\Program Files\dotnet
2026-09-30T11:50:08.8448085Z   LITEDB_SHARED_DIAGNOSTICS: __CI_HOME__\AppData\Local\Temp\litedb-shared-diagnostics-36710337230-0
2026-09-30T11:50:08.8449160Z   LITEDB_EVIDENCE_MATRIX: {
  "os": "windows-latest",
  "arch": "x64",
  "item": {
    "display": ".NET 8",
    "runtimeMajor": 8,
    "sdk": "8.0.x",
    "framework": "net8.0",
    "includePrerelease": false,
    "msbuildProps": ""
  }
}
2026-09-30T11:50:08.8450147Z ##[endgroup]
2026-09-30T11:50:11.3842236Z dotnet-install: Downloaded file https://builds.dotnet.microsoft.com/dotnet/Runtime/8.0.31/dotnet-runtime-8.0.31-win-x64.zip size is 33322727 bytes.
2026-09-30T11:50:11.3853581Z dotnet-install: Either downloaded or local package size can not be measured. One of them may be corrupted.
2026-09-30T11:50:11.3890405Z dotnet-install: Extracting the archive.
2026-09-30T11:50:12.1296885Z dotnet-install: Binaries of dotnet can be found in __CI_HOME__/work\_temp\litedb-runtime-8-x64\
2026-09-30T11:50:12.1305115Z dotnet-install: Note that the script does not ensure your Windows version is supported during the installation.
2026-09-30T11:50:12.1313218Z dotnet-install: To check the list of supported versions, go to https://learn.microsoft.com/dotnet/core/install/windows#supported-versions
2026-09-30T11:50:12.1321398Z dotnet-install: Installed version is 8.0.31
2026-09-30T11:50:12.1329868Z dotnet-install: Installation finished
2026-09-30T11:50:12.1485969Z 
2026-09-30T11:50:12.1486378Z Host:
2026-09-30T11:50:12.1486647Z   Version:      8.0.31
2026-09-30T11:50:12.1486889Z   Architecture: x64
2026-09-30T11:50:12.1487130Z   Commit:       1219a42122
2026-09-30T11:50:12.1487521Z   RID:          win-x64
2026-09-30T11:50:12.1487665Z 
2026-09-30T11:50:12.1488222Z .NET SDKs installed:
2026-09-30T11:50:12.1488445Z   No SDKs were found.
2026-09-30T11:50:12.1488588Z 
2026-09-30T11:50:12.1488694Z .NET runtimes installed:
2026-09-30T11:50:12.1489130Z   Microsoft.NETCore.App 8.0.31 [__CI_HOME__/work\_temp\litedb-runtime-8-x64\shared\Microsoft.NETCore.App]
2026-09-30T11:50:12.1489544Z 
2026-09-30T11:50:12.1489651Z Other architectures found:
2026-09-30T11:50:12.1489987Z   x86   [C:\Program Files (x86)\dotnet]
2026-09-30T11:50:12.1491095Z     registered at [HKLM\SOFTWARE\dotnet\Setup\InstalledVersions\x86\InstallLocation]
2026-09-30T11:50:12.1491511Z 
2026-09-30T11:50:12.1491669Z Environment variables:
2026-09-30T11:50:12.1492045Z   DOTNET_ROOT       [C:\Program Files\dotnet]
2026-09-30T11:50:12.1492266Z 
2026-09-30T11:50:12.1492345Z global.json file:
2026-09-30T11:50:12.1492549Z   Not found
2026-09-30T11:50:12.1492651Z 
2026-09-30T11:50:12.1492728Z Learn more:
2026-09-30T11:50:12.1492927Z   https://aka.ms/dotnet/info
2026-09-30T11:50:12.1493098Z 
2026-09-30T11:50:12.1493173Z Download .NET:
2026-09-30T11:50:12.1493391Z   https://aka.ms/dotnet/download
2026-09-30T11:50:12.1787098Z 
2026-09-30T11:50:12.1787540Z Host:
2026-09-30T11:50:12.1787837Z   Version:      8.0.31
2026-09-30T11:50:12.1788134Z   Architecture: x64
2026-09-30T11:50:12.1788394Z   Commit:       1219a42122
2026-09-30T11:50:12.1788679Z   RID:          win-x64
2026-09-30T11:50:12.1789222Z 
2026-09-30T11:50:12.1789370Z .NET SDKs installed:
2026-09-30T11:50:12.1789626Z   No SDKs were found.
2026-09-30T11:50:12.1789826Z 
2026-09-30T11:50:12.1789981Z .NET runtimes installed:
2026-09-30T11:50:12.1794743Z   Microsoft.NETCore.App 8.0.31 [__CI_HOME__/work\_temp\litedb-runtime-8-x64\shared\Microsoft.NETCore.App]
2026-09-30T11:50:12.1795467Z 
2026-09-30T11:50:12.1795662Z Other architectures found:
2026-09-30T11:50:12.1796080Z   x86   [C:\Program Files (x86)\dotnet]
2026-09-30T11:50:12.1796781Z     registered at [HKLM\SOFTWARE\dotnet\Setup\InstalledVersions\x86\InstallLocation]
2026-09-30T11:50:12.1798174Z 
2026-09-30T11:50:12.1798296Z Environment variables:
2026-09-30T11:50:12.1798549Z   DOTNET_ROOT       [C:\Program Files\dotnet]
2026-09-30T11:50:12.1798751Z 
2026-09-30T11:50:12.1798835Z global.json file:
2026-09-30T11:50:12.1799023Z   Not found
2026-09-30T11:50:12.1799127Z 
2026-09-30T11:50:12.1799194Z Learn more:
2026-09-30T11:50:12.1799383Z   https://aka.ms/dotnet/info
2026-09-30T11:50:12.1799545Z 
2026-09-30T11:50:12.1799621Z Download .NET:
2026-09-30T11:50:12.1799820Z   https://aka.ms/dotnet/download
2026-09-30T11:50:37.4909891Z Partition coverage: 2540 test methods, 0 not in exactly one partition.
2026-09-30T11:50:37.5782400Z Running complete-suite partition: issues
2026-09-30T11:50:37.5930289Z 
2026-09-30T11:50:37.5930714Z Host:
2026-09-30T11:50:37.5930980Z   Version:      8.0.31
2026-09-30T11:50:37.5931236Z   Architecture: x64
2026-09-30T11:50:37.5931461Z   Commit:       1219a42122
2026-09-30T11:50:37.5931711Z   RID:          win-x64
2026-09-30T11:50:37.5931851Z 
2026-09-30T11:50:37.5931965Z .NET SDKs installed:
2026-09-30T11:50:37.5932191Z   No SDKs were found.
2026-09-30T11:50:37.5932339Z 
2026-09-30T11:50:37.5932446Z .NET runtimes installed:
2026-09-30T11:50:37.5932900Z   Microsoft.NETCore.App 8.0.31 [__CI_HOME__/work\_temp\litedb-runtime-8-x64\shared\Microsoft.NETCore.App]
2026-09-30T11:50:37.5933468Z 
2026-09-30T11:50:37.5933681Z Other architectures found:
2026-09-30T11:50:37.5934378Z   x86   [C:\Program Files (x86)\dotnet]
2026-09-30T11:50:37.5934833Z     registered at [HKLM\SOFTWARE\dotnet\Setup\InstalledVersions\x86\InstallLocation]
2026-09-30T11:50:37.5935240Z 
2026-09-30T11:50:37.5935355Z Environment variables:
2026-09-30T11:50:37.5935623Z   DOTNET_ROOT       [C:\Program Files\dotnet]
2026-09-30T11:50:37.5935846Z 
2026-09-30T11:50:37.5935928Z global.json file:
2026-09-30T11:50:37.5936140Z   Not found
2026-09-30T11:50:37.5936247Z 
2026-09-30T11:50:37.5936328Z Learn more:
2026-09-30T11:50:37.5936533Z   https://aka.ms/dotnet/info
2026-09-30T11:50:37.5936707Z 
2026-09-30T11:50:37.5936783Z Download .NET:
2026-09-30T11:50:37.5937006Z   https://aka.ms/dotnet/download
2026-09-30T11:50:37.8800867Z VSTest version 18.7.0 (x64)
2026-09-30T11:50:37.8851654Z 
2026-09-30T11:50:38.0324829Z Starting test execution, please wait...
2026-09-30T11:50:38.1086129Z A total of 1 test files matched the specified pattern.
2026-09-30T11:51:10.9653122Z [xUnit.net 00:00:32.39]     LiteDB.Tests.Issues.Issue2127_Tests+ReproTests.InsertItemBackToBack_Test [SKIP]
2026-09-30T11:51:11.1950987Z   Skipped LiteDB.Tests.Issues.Issue2127_Tests+ReproTests.InsertItemBackToBack_Test [1 ms]
2026-09-30T11:52:21.5481254Z Results File: __CI_WORKSPACE__\LiteDB.Tests\TestResults\TestResults-issues.trx
2026-09-30T11:52:21.5486420Z 
2026-09-30T11:52:21.5548601Z Passed!  - Failed:     0, Passed:  1570, Skipped:     1, Total:  1571, Duration: 1 m 41 s - LiteDB.Tests.dll (net8.0)
2026-09-30T11:52:21.8040754Z Running complete-suite partition: rebuild
2026-09-30T11:52:21.8219765Z 
2026-09-30T11:52:21.8220155Z Host:
2026-09-30T11:52:21.8220546Z   Version:      8.0.31
2026-09-30T11:52:21.8220945Z   Architecture: x64
2026-09-30T11:52:21.8221299Z   Commit:       1219a42122
2026-09-30T11:52:21.8221673Z   RID:          win-x64
2026-09-30T11:52:21.8221859Z 
2026-09-30T11:52:21.8222010Z .NET SDKs installed:
2026-09-30T11:52:21.8222297Z   No SDKs were found.
2026-09-30T11:52:21.8222525Z 
2026-09-30T11:52:21.8222658Z .NET runtimes installed:
2026-09-30T11:52:21.8223546Z   Microsoft.NETCore.App 8.0.31 [__CI_HOME__/work\_temp\litedb-runtime-8-x64\shared\Microsoft.NETCore.App]
2026-09-30T11:52:21.8224174Z 
2026-09-30T11:52:21.8224398Z Other architectures found:
2026-09-30T11:52:21.8225985Z   x86   [C:\Program Files (x86)\dotnet]
2026-09-30T11:52:21.8226860Z     registered at [HKLM\SOFTWARE\dotnet\Setup\InstalledVersions\x86\InstallLocation]
2026-09-30T11:52:21.8227284Z 
2026-09-30T11:52:21.8227401Z Environment variables:
2026-09-30T11:52:21.8228219Z   DOTNET_ROOT       [C:\Program Files\dotnet]
2026-09-30T11:52:21.8228633Z 
2026-09-30T11:52:21.8228769Z global.json file:
2026-09-30T11:52:21.8229084Z   Not found
2026-09-30T11:52:21.8229256Z 
2026-09-30T11:52:21.8229370Z Learn more:
2026-09-30T11:52:21.8229679Z   https://aka.ms/dotnet/info
2026-09-30T11:52:21.8229940Z 
2026-09-30T11:52:21.8230047Z Download .NET:
2026-09-30T11:52:21.8230373Z   https://aka.ms/dotnet/download
2026-09-30T11:52:22.1121219Z VSTest version 18.7.0 (x64)
2026-09-30T11:52:22.1159980Z 
2026-09-30T11:52:22.2362180Z Starting test execution, please wait...
2026-09-30T11:52:22.2765356Z A total of 1 test files matched the specified pattern.
2026-09-30T11:53:31.3328451Z [xUnit.net 00:01:08.64]     LiteDB.Tests.Engine.Rebuild_Tests.Rebuild_Change_Culture_Error [SKIP]
2026-09-30T11:53:32.8436381Z   Skipped LiteDB.Tests.Engine.Rebuild_Tests.Rebuild_Change_Culture_Error [1 ms]
2026-09-30T11:53:33.0056364Z Results File: __CI_WORKSPACE__\LiteDB.Tests\TestResults\TestResults-rebuild.trx
2026-09-30T11:53:33.0060167Z 
2026-09-30T11:53:33.0115536Z Passed!  - Failed:     0, Passed:    87, Skipped:     1, Total:    88, Duration: 1 m 9 s - LiteDB.Tests.dll (net8.0)
2026-09-30T11:53:33.0635063Z Running complete-suite partition: engine-compact
2026-09-30T11:53:33.0833680Z 
2026-09-30T11:53:33.0834117Z Host:
2026-09-30T11:53:33.0835613Z   Version:      8.0.31
2026-09-30T11:53:33.0836672Z   Architecture: x64
2026-09-30T11:53:33.0837220Z   Commit:       1219a42122
2026-09-30T11:53:33.0837691Z   RID:          win-x64
2026-09-30T11:53:33.0837987Z 
2026-09-30T11:53:33.0838175Z .NET SDKs installed:
2026-09-30T11:53:33.0838610Z   No SDKs were found.
2026-09-30T11:53:33.0838933Z 
2026-09-30T11:53:33.0839367Z .NET runtimes installed:
2026-09-30T11:53:33.0840573Z   Microsoft.NETCore.App 8.0.31 [__CI_HOME__/work\_temp\litedb-runtime-8-x64\shared\Microsoft.NETCore.App]
2026-09-30T11:53:33.0841621Z 
2026-09-30T11:53:33.0841837Z Other architectures found:
2026-09-30T11:53:33.0843296Z   x86   [C:\Program Files (x86)\dotnet]
2026-09-30T11:53:33.0844166Z     registered at [HKLM\SOFTWARE\dotnet\Setup\InstalledVersions\x86\InstallLocation]
2026-09-30T11:53:33.0844747Z 
2026-09-30T11:53:33.0844977Z Environment variables:
2026-09-30T11:53:33.0845453Z   DOTNET_ROOT       [C:\Program Files\dotnet]
2026-09-30T11:53:33.0845856Z 
2026-09-30T11:53:33.0846047Z global.json file:
2026-09-30T11:53:33.0846447Z   Not found
2026-09-30T11:53:33.0846638Z 
2026-09-30T11:53:33.0846814Z Learn more:
2026-09-30T11:53:33.0847213Z   https://aka.ms/dotnet/info
2026-09-30T11:53:33.0847544Z 
2026-09-30T11:53:33.0847723Z Download .NET:
2026-09-30T11:53:33.0848130Z   https://aka.ms/dotnet/download
2026-09-30T11:53:33.3962575Z VSTest version 18.7.0 (x64)
2026-09-30T11:53:33.4017318Z 
2026-09-30T11:53:33.5346478Z Starting test execution, please wait...
2026-09-30T11:53:33.5786437Z A total of 1 test files matched the specified pattern.
2026-09-30T11:54:42.5206200Z Results File: __CI_WORKSPACE__\LiteDB.Tests\TestResults\TestResults-engine-compact.trx
2026-09-30T11:54:42.5210543Z 
2026-09-30T11:54:42.5255554Z Passed!  - Failed:     0, Passed:   296, Skipped:     0, Total:   296, Duration: 1 m 7 s - LiteDB.Tests.dll (net8.0)
2026-09-30T11:54:42.5809159Z Running complete-suite partition: engine-index
2026-09-30T11:54:42.5982145Z 
2026-09-30T11:54:42.5982630Z Host:
2026-09-30T11:54:42.5983010Z   Version:      8.0.31
2026-09-30T11:54:42.5983316Z   Architecture: x64
2026-09-30T11:54:42.5983628Z   Commit:       1219a42122
2026-09-30T11:54:42.5983952Z   RID:          win-x64
2026-09-30T11:54:42.5984143Z 
2026-09-30T11:54:42.5984276Z .NET SDKs installed:
2026-09-30T11:54:42.5984585Z   No SDKs were found.
2026-09-30T11:54:42.5984768Z 
2026-09-30T11:54:42.5985292Z .NET runtimes installed:
2026-09-30T11:54:42.5986166Z   Microsoft.NETCore.App 8.0.31 [__CI_HOME__/work\_temp\litedb-runtime-8-x64\shared\Microsoft.NETCore.App]
2026-09-30T11:54:42.5986626Z 
2026-09-30T11:54:42.5986760Z Other architectures found:
2026-09-30T11:54:42.5987090Z   x86   [C:\Program Files (x86)\dotnet]
2026-09-30T11:54:42.5987621Z     registered at [HKLM\SOFTWARE\dotnet\Setup\InstalledVersions\x86\InstallLocation]
2026-09-30T11:54:42.5988006Z 
2026-09-30T11:54:42.5988154Z Environment variables:
2026-09-30T11:54:42.5988468Z   DOTNET_ROOT       [C:\Program Files\dotnet]
2026-09-30T11:54:42.5988725Z 
2026-09-30T11:54:42.5988853Z global.json file:
2026-09-30T11:54:42.5989221Z   Not found
2026-09-30T11:54:42.5989837Z 
2026-09-30T11:54:42.5990053Z Learn more:
2026-09-30T11:54:42.5990501Z   https://aka.ms/dotnet/info
2026-09-30T11:54:42.5990852Z 
2026-09-30T11:54:42.5990997Z Download .NET:
2026-09-30T11:54:42.5991762Z   https://aka.ms/dotnet/download
2026-09-30T11:54:42.8734218Z VSTest version 18.7.0 (x64)
2026-09-30T11:54:42.8764105Z 
2026-09-30T11:54:42.9914060Z Starting test execution, please wait...
2026-09-30T11:54:43.0310712Z A total of 1 test files matched the specified pattern.
2026-09-30T11:55:26.0834819Z Results File: __CI_WORKSPACE__\LiteDB.Tests\TestResults\TestResults-engine-index.trx
2026-09-30T11:55:26.0839655Z 
2026-09-30T11:55:26.0884620Z Passed!  - Failed:     0, Passed:    63, Skipped:     0, Total:    63, Duration: 41 s - LiteDB.Tests.dll (net8.0)
2026-09-30T11:55:26.1298151Z Running complete-suite partition: engine-admission
2026-09-30T11:55:26.1472569Z 
2026-09-30T11:55:26.1473029Z Host:
2026-09-30T11:55:26.1473697Z   Version:      8.0.31
2026-09-30T11:55:26.1474504Z   Architecture: x64
2026-09-30T11:55:26.1474969Z   Commit:       1219a42122
2026-09-30T11:55:26.1475382Z   RID:          win-x64
2026-09-30T11:55:26.1475626Z 
2026-09-30T11:55:26.1475879Z .NET SDKs installed:
2026-09-30T11:55:26.1476331Z   No SDKs were found.
2026-09-30T11:55:26.1476588Z 
2026-09-30T11:55:26.1477142Z .NET runtimes installed:
2026-09-30T11:55:26.1478376Z   Microsoft.NETCore.App 8.0.31 [__CI_HOME__/work\_temp\litedb-runtime-8-x64\shared\Microsoft.NETCore.App]
2026-09-30T11:55:26.1479003Z 
2026-09-30T11:55:26.1479175Z Other architectures found:
2026-09-30T11:55:26.1479513Z   x86   [C:\Program Files (x86)\dotnet]
2026-09-30T11:55:26.1480049Z     registered at [HKLM\SOFTWARE\dotnet\Setup\InstalledVersions\x86\InstallLocation]
2026-09-30T11:55:26.1480597Z 
2026-09-30T11:55:26.1481191Z Environment variables:
2026-09-30T11:55:26.1482068Z   DOTNET_ROOT       [C:\Program Files\dotnet]
2026-09-30T11:55:26.1482442Z 
2026-09-30T11:55:26.1482644Z global.json file:
2026-09-30T11:55:26.1483012Z   Not found
2026-09-30T11:55:26.1483250Z 
2026-09-30T11:55:26.1483384Z Learn more:
2026-09-30T11:55:26.1483834Z   https://aka.ms/dotnet/info
2026-09-30T11:55:26.1484133Z 
2026-09-30T11:55:26.1484322Z Download .NET:
2026-09-30T11:55:26.1484766Z   https://aka.ms/dotnet/download
2026-09-30T11:55:26.4098334Z VSTest version 18.7.0 (x64)
2026-09-30T11:55:26.4125940Z 
2026-09-30T11:55:26.5233917Z Starting test execution, please wait...
2026-09-30T11:55:26.5623036Z A total of 1 test files matched the specified pattern.
2026-09-30T11:55:57.7692715Z Results File: __CI_WORKSPACE__\LiteDB.Tests\TestResults\TestResults-engine-admission.trx
2026-09-30T11:55:57.7696367Z 
2026-09-30T11:55:57.7739036Z Passed!  - Failed:     0, Passed:   126, Skipped:     0, Total:   126, Duration: 29 s - LiteDB.Tests.dll (net8.0)
2026-09-30T11:55:57.8227819Z Running complete-suite partition: engine-shared
2026-09-30T11:55:57.8400626Z 
2026-09-30T11:55:57.8401341Z Host:
2026-09-30T11:55:57.8401796Z   Version:      8.0.31
2026-09-30T11:55:57.8402134Z   Architecture: x64
2026-09-30T11:55:57.8402457Z   Commit:       1219a42122
2026-09-30T11:55:57.8402758Z   RID:          win-x64
2026-09-30T11:55:57.8402918Z 
2026-09-30T11:55:57.8403081Z .NET SDKs installed:
2026-09-30T11:55:57.8403400Z   No SDKs were found.
2026-09-30T11:55:57.8403969Z 
2026-09-30T11:55:57.8404259Z .NET runtimes installed:
2026-09-30T11:55:57.8405113Z   Microsoft.NETCore.App 8.0.31 [__CI_HOME__/work\_temp\litedb-runtime-8-x64\shared\Microsoft.NETCore.App]
2026-09-30T11:55:57.8405582Z 
2026-09-30T11:55:57.8405713Z Other architectures found:
2026-09-30T11:55:57.8406074Z   x86   [C:\Program Files (x86)\dotnet]
2026-09-30T11:55:57.8406580Z     registered at [HKLM\SOFTWARE\dotnet\Setup\InstalledVersions\x86\InstallLocation]
2026-09-30T11:55:57.8406964Z 
2026-09-30T11:55:57.8407121Z Environment variables:
2026-09-30T11:55:57.8407456Z   DOTNET_ROOT       [C:\Program Files\dotnet]
2026-09-30T11:55:57.8407776Z 
2026-09-30T11:55:57.8407977Z global.json file:
2026-09-30T11:55:57.8408886Z   Not found
2026-09-30T11:55:57.8409111Z 
2026-09-30T11:55:57.8409301Z Learn more:
2026-09-30T11:55:57.8409737Z   https://aka.ms/dotnet/info
2026-09-30T11:55:57.8410059Z 
2026-09-30T11:55:57.8410554Z Download .NET:
2026-09-30T11:55:57.8411013Z   https://aka.ms/dotnet/download
2026-09-30T11:55:58.0923122Z VSTest version 18.7.0 (x64)
2026-09-30T11:55:58.0961166Z 
2026-09-30T11:55:58.2055361Z Starting test execution, please wait...
2026-09-30T11:55:58.2467474Z A total of 1 test files matched the specified pattern.
2026-09-30T11:58:21.6380259Z Results File: __CI_WORKSPACE__\LiteDB.Tests\TestResults\TestResults-engine-shared.trx
2026-09-30T11:58:21.6384951Z 
2026-09-30T11:58:21.6433151Z Passed!  - Failed:     0, Passed:   393, Skipped:     0, Total:   393, Duration: 2 m 21 s - LiteDB.Tests.dll (net8.0)
2026-09-30T11:58:21.7067609Z Running complete-suite partition: engine
2026-09-30T11:58:21.7254027Z 
2026-09-30T11:58:21.7254613Z Host:
2026-09-30T11:58:21.7255106Z   Version:      8.0.31
2026-09-30T11:58:21.7255597Z   Architecture: x64
2026-09-30T11:58:21.7256079Z   Commit:       1219a42122
2026-09-30T11:58:21.7256476Z   RID:          win-x64
2026-09-30T11:58:21.7256679Z 
2026-09-30T11:58:21.7256940Z .NET SDKs installed:
2026-09-30T11:58:21.7257362Z   No SDKs were found.
2026-09-30T11:58:21.7257997Z 
2026-09-30T11:58:21.7258242Z .NET runtimes installed:
2026-09-30T11:58:21.7258897Z   Microsoft.NETCore.App 8.0.31 [__CI_HOME__/work\_temp\litedb-runtime-8-x64\shared\Microsoft.NETCore.App]
2026-09-30T11:58:21.7259358Z 
2026-09-30T11:58:21.7259532Z Other architectures found:
2026-09-30T11:58:21.7259876Z   x86   [C:\Program Files (x86)\dotnet]
2026-09-30T11:58:21.7260469Z     registered at [HKLM\SOFTWARE\dotnet\Setup\InstalledVersions\x86\InstallLocation]
2026-09-30T11:58:21.7260882Z 
2026-09-30T11:58:21.7261040Z Environment variables:
2026-09-30T11:58:21.7261380Z   DOTNET_ROOT       [C:\Program Files\dotnet]
2026-09-30T11:58:21.7261760Z 
2026-09-30T11:58:21.7262339Z global.json file:
2026-09-30T11:58:21.7262960Z   Not found
2026-09-30T11:58:21.7263169Z 
2026-09-30T11:58:21.7263356Z Learn more:
2026-09-30T11:58:21.7263787Z   https://aka.ms/dotnet/info
2026-09-30T11:58:21.7264128Z 
2026-09-30T11:58:21.7264309Z Download .NET:
2026-09-30T11:58:21.7264778Z   https://aka.ms/dotnet/download
2026-09-30T11:58:22.0113430Z VSTest version 18.7.0 (x64)
2026-09-30T11:58:22.0142693Z 
2026-09-30T11:58:22.1273744Z Starting test execution, please wait...
2026-09-30T11:58:22.1699155Z A total of 1 test files matched the specified pattern.
2026-09-30T11:58:55.5231788Z [xUnit.net 00:00:32.93]     LiteDB.Tests.Engine.TransactionHandleLateCallbackClose_Tests.Late_callback_close_refuses_only_a_self_dependent_drain(mode: 0, password: null) [FAIL]
2026-09-30T11:58:56.7824989Z   Failed LiteDB.Tests.Engine.TransactionHandleLateCallbackClose_Tests.Late_callback_close_refuses_only_a_self_dependent_drain(mode: 0, password: null) [325 ms]
2026-09-30T11:58:56.7826830Z   Error Message:
2026-09-30T11:58:56.7828319Z    System.TimeoutException : Session close is still draining active work. New work is refused; cleanup will finish when that work returns. Dispose may be retried to observe completion.
2026-09-30T11:58:56.7829881Z   Stack Trace:
2026-09-30T11:58:56.7832555Z      at LiteDB.SessionLifetime.Close(Action release, Nullable`1 wait) in __CI_WORKSPACE__\LiteDB\Client\Transactions\SessionLifetime.cs:line 120
2026-09-30T11:58:56.7834608Z    at LiteDB.LiteDatabase.Dispose(Boolean disposing) in __CI_WORKSPACE__\LiteDB\Client\Database\LiteDatabase.cs:line 435
2026-09-30T11:58:56.7869874Z    at LiteDB.LiteDatabase.Dispose() in __CI_WORKSPACE__\LiteDB\Client\Database\LiteDatabase.cs:line 414
2026-09-30T11:58:56.7872357Z    at LiteDB.Tests.Engine.TransactionHandleLateCallbackClose_Tests.Late_callback_close_refuses_only_a_self_dependent_drain(Int32 mode, String password) in __CI_WORKSPACE__\LiteDB.Tests\Engine\TransactionHandleLateCallbackClose_Tests.cs:line 58
2026-09-30T11:58:56.7874825Z    at InvokeStub_TransactionHandleLateCallbackClose_Tests.Late_callback_close_refuses_only_a_self_dependent_drain(Object, Span`1)
2026-09-30T11:58:56.7876586Z    at System.Reflection.MethodBaseInvoker.InvokeWithFewArgs(Object obj, BindingFlags invokeAttr, Binder binder, Object[] parameters, CultureInfo culture)
2026-09-30T12:01:03.1915640Z [xUnit.net 00:02:40.60]     LiteDB.Tests.Engine.Collation_Tests.Create_Database_Using_Current_Culture [SKIP]
2026-09-30T12:01:04.5007474Z   Skipped LiteDB.Tests.Engine.Collation_Tests.Create_Database_Using_Current_Culture [1 ms]
2026-09-30T12:01:37.2298278Z Results File: __CI_WORKSPACE__\LiteDB.Tests\TestResults\TestResults-engine.trx
2026-09-30T12:01:37.2303373Z 
2026-09-30T12:01:37.2353806Z Failed!  - Failed:     1, Passed:   474, Skipped:     1, Total:   476, Duration: 3 m 13 s - LiteDB.Tests.dll (net8.0)
2026-09-30T12:01:37.2900236Z Running complete-suite partition: query-not-equal
2026-09-30T12:01:37.3100025Z 
2026-09-30T12:01:37.3100598Z Host:
2026-09-30T12:01:37.3101195Z   Version:      8.0.31
2026-09-30T12:01:37.3101660Z   Architecture: x64
2026-09-30T12:01:37.3102093Z   Commit:       1219a42122
2026-09-30T12:01:37.3102575Z   RID:          win-x64
2026-09-30T12:01:37.3102910Z 
2026-09-30T12:01:37.3103293Z .NET SDKs installed:
2026-09-30T12:01:37.3103806Z   No SDKs were found.
2026-09-30T12:01:37.3104100Z 
2026-09-30T12:01:37.3104311Z .NET runtimes installed:
2026-09-30T12:01:37.3105046Z   Microsoft.NETCore.App 8.0.31 [__CI_HOME__/work\_temp\litedb-runtime-8-x64\shared\Microsoft.NETCore.App]
2026-09-30T12:01:37.3106040Z 
2026-09-30T12:01:37.3106322Z Other architectures found:
2026-09-30T12:01:37.3106860Z   x86   [C:\Program Files (x86)\dotnet]
2026-09-30T12:01:37.3108378Z     registered at [HKLM\SOFTWARE\dotnet\Setup\InstalledVersions\x86\InstallLocation]
2026-09-30T12:01:37.3109088Z 
2026-09-30T12:01:37.3109297Z Environment variables:
2026-09-30T12:01:37.3109895Z   DOTNET_ROOT       [C:\Program Files\dotnet]
2026-09-30T12:01:37.3110296Z 
2026-09-30T12:01:37.3110498Z global.json file:
2026-09-30T12:01:37.3110926Z   Not found
2026-09-30T12:01:37.3111161Z 
2026-09-30T12:01:37.3111342Z Learn more:
2026-09-30T12:01:37.3111777Z   https://aka.ms/dotnet/info
2026-09-30T12:01:37.3112108Z 
2026-09-30T12:01:37.3112307Z Download .NET:
2026-09-30T12:01:37.3112728Z   https://aka.ms/dotnet/download
2026-09-30T12:01:37.5979332Z VSTest version 18.7.0 (x64)
2026-09-30T12:01:37.6011368Z 
2026-09-30T12:01:37.7271255Z Starting test execution, please wait...
2026-09-30T12:01:37.7781649Z A total of 1 test files matched the specified pattern.
2026-09-30T12:01:53.3135184Z Results File: __CI_WORKSPACE__\LiteDB.Tests\TestResults\TestResults-query-not-equal.trx
2026-09-30T12:01:53.3138765Z 
2026-09-30T12:01:53.3188285Z Passed!  - Failed:     0, Passed:    14, Skipped:     0, Total:    14, Duration: 13 s - LiteDB.Tests.dll (net8.0)
2026-09-30T12:01:53.3596107Z Running complete-suite partition: query
2026-09-30T12:01:53.3744738Z 
2026-09-30T12:01:53.3745119Z Host:
2026-09-30T12:01:53.3745553Z   Version:      8.0.31
2026-09-30T12:01:53.3746020Z   Architecture: x64
2026-09-30T12:01:53.3746443Z   Commit:       1219a42122
2026-09-30T12:01:53.3746899Z   RID:          win-x64
2026-09-30T12:01:53.3747175Z 
2026-09-30T12:01:53.3747393Z .NET SDKs installed:
2026-09-30T12:01:53.3748158Z   No SDKs were found.
2026-09-30T12:01:53.3748443Z 
2026-09-30T12:01:53.3748620Z .NET runtimes installed:
2026-09-30T12:01:53.3749429Z   Microsoft.NETCore.App 8.0.31 [__CI_HOME__/work\_temp\litedb-runtime-8-x64\shared\Microsoft.NETCore.App]
2026-09-30T12:01:53.3750056Z 
2026-09-30T12:01:53.3750283Z Other architectures found:
2026-09-30T12:01:53.3750764Z   x86   [C:\Program Files (x86)\dotnet]
2026-09-30T12:01:53.3751526Z     registered at [HKLM\SOFTWARE\dotnet\Setup\InstalledVersions\x86\InstallLocation]
2026-09-30T12:01:53.3752366Z 
2026-09-30T12:01:53.3752596Z Environment variables:
2026-09-30T12:01:53.3753064Z   DOTNET_ROOT       [C:\Program Files\dotnet]
2026-09-30T12:01:53.3753461Z 
2026-09-30T12:01:53.3753639Z global.json file:
2026-09-30T12:01:53.3754084Z   Not found
2026-09-30T12:01:53.3754273Z 
2026-09-30T12:01:53.3754451Z Learn more:
2026-09-30T12:01:53.3754848Z   https://aka.ms/dotnet/info
2026-09-30T12:01:53.3755415Z 
2026-09-30T12:01:53.3755562Z Download .NET:
2026-09-30T12:01:53.3756020Z   https://aka.ms/dotnet/download
2026-09-30T12:01:53.6617852Z VSTest version 18.7.0 (x64)
2026-09-30T12:01:53.6645750Z 
2026-09-30T12:01:53.7826859Z Starting test execution, please wait...
2026-09-30T12:01:53.8295177Z A total of 1 test files matched the specified pattern.
2026-09-30T12:02:34.4465957Z Results File: __CI_WORKSPACE__\LiteDB.Tests\TestResults\TestResults-query.trx
2026-09-30T12:02:34.4471244Z 
2026-09-30T12:02:34.4522040Z Passed!  - Failed:     0, Passed:   826, Skipped:     0, Total:   826, Duration: 38 s - LiteDB.Tests.dll (net8.0)
2026-09-30T12:02:34.5985747Z Running complete-suite partition: shared-mapped-process
2026-09-30T12:02:34.6158156Z 
2026-09-30T12:02:34.6158798Z Host:
2026-09-30T12:02:34.6159305Z   Version:      8.0.31
2026-09-30T12:02:34.6159840Z   Architecture: x64
2026-09-30T12:02:34.6160305Z   Commit:       1219a42122
2026-09-30T12:02:34.6160800Z   RID:          win-x64
2026-09-30T12:02:34.6161102Z 
2026-09-30T12:02:34.6161273Z .NET SDKs installed:
2026-09-30T12:02:34.6161744Z   No SDKs were found.
2026-09-30T12:02:34.6161958Z 
2026-09-30T12:02:34.6162183Z .NET runtimes installed:
2026-09-30T12:02:34.6162929Z   Microsoft.NETCore.App 8.0.31 [__CI_HOME__/work\_temp\litedb-runtime-8-x64\shared\Microsoft.NETCore.App]
2026-09-30T12:02:34.6163870Z 
2026-09-30T12:02:34.6164069Z Other architectures found:
2026-09-30T12:02:34.6164595Z   x86   [C:\Program Files (x86)\dotnet]
2026-09-30T12:02:34.6165400Z     registered at [HKLM\SOFTWARE\dotnet\Setup\InstalledVersions\x86\InstallLocation]
2026-09-30T12:02:34.6166085Z 
2026-09-30T12:02:34.6166302Z Environment variables:
2026-09-30T12:02:34.6166769Z   DOTNET_ROOT       [C:\Program Files\dotnet]
2026-09-30T12:02:34.6167078Z 
2026-09-30T12:02:34.6167204Z global.json file:
2026-09-30T12:02:34.6167472Z   Not found
2026-09-30T12:02:34.6167625Z 
2026-09-30T12:02:34.6167714Z Learn more:
2026-09-30T12:02:34.6167978Z   https://aka.ms/dotnet/info
2026-09-30T12:02:34.6168206Z 
2026-09-30T12:02:34.6168329Z Download .NET:
2026-09-30T12:02:34.6168610Z   https://aka.ms/dotnet/download
2026-09-30T12:02:34.8785193Z VSTest version 18.7.0 (x64)
2026-09-30T12:02:34.8812352Z 
2026-09-30T12:02:35.0006965Z Starting test execution, please wait...
2026-09-30T12:02:35.0493825Z A total of 1 test files matched the specified pattern.
2026-09-30T12:03:37.2057326Z Results File: __CI_WORKSPACE__\LiteDB.Tests\TestResults\TestResults-shared-mapped-process.trx
2026-09-30T12:03:37.2060418Z 
2026-09-30T12:03:37.2105711Z Passed!  - Failed:     0, Passed:    36, Skipped:     0, Total:    36, Duration: 1 m - LiteDB.Tests.dll (net8.0)
2026-09-30T12:03:37.2575520Z Running complete-suite partition: shared-process
2026-09-30T12:03:37.2756900Z 
2026-09-30T12:03:37.2757665Z Host:
2026-09-30T12:03:37.2758226Z   Version:      8.0.31
2026-09-30T12:03:37.2758661Z   Architecture: x64
2026-09-30T12:03:37.2759042Z   Commit:       1219a42122
2026-09-30T12:03:37.2759441Z   RID:          win-x64
2026-09-30T12:03:37.2759735Z 
2026-09-30T12:03:37.2760377Z .NET SDKs installed:
2026-09-30T12:03:37.2760983Z   No SDKs were found.
2026-09-30T12:03:37.2761392Z 
2026-09-30T12:03:37.2761564Z .NET runtimes installed:
2026-09-30T12:03:37.2762386Z   Microsoft.NETCore.App 8.0.31 [__CI_HOME__/work\_temp\litedb-runtime-8-x64\shared\Microsoft.NETCore.App]
2026-09-30T12:03:37.2762960Z 
2026-09-30T12:03:37.2763231Z Other architectures found:
2026-09-30T12:03:37.2763770Z   x86   [C:\Program Files (x86)\dotnet]
2026-09-30T12:03:37.2764493Z     registered at [HKLM\SOFTWARE\dotnet\Setup\InstalledVersions\x86\InstallLocation]
2026-09-30T12:03:37.2765669Z 
2026-09-30T12:03:37.2765971Z Environment variables:
2026-09-30T12:03:37.2766572Z   DOTNET_ROOT       [C:\Program Files\dotnet]
2026-09-30T12:03:37.2767028Z 
2026-09-30T12:03:37.2767212Z global.json file:
2026-09-30T12:03:37.2767638Z   Not found
2026-09-30T12:03:37.2767903Z 
2026-09-30T12:03:37.2768113Z Learn more:
2026-09-30T12:03:37.2768560Z   https://aka.ms/dotnet/info
2026-09-30T12:03:37.2769364Z 
2026-09-30T12:03:37.2769549Z Download .NET:
2026-09-30T12:03:37.2770033Z   https://aka.ms/dotnet/download
2026-09-30T12:03:37.5309095Z VSTest version 18.7.0 (x64)
2026-09-30T12:03:37.5334504Z 
2026-09-30T12:03:37.6456345Z Starting test execution, please wait...
2026-09-30T12:03:37.6848396Z A total of 1 test files matched the specified pattern.
2026-09-30T12:06:00.7058622Z Results File: __CI_WORKSPACE__\LiteDB.Tests\TestResults\TestResults-shared-process.trx
2026-09-30T12:06:00.7061639Z 
2026-09-30T12:06:00.7104434Z Passed!  - Failed:     0, Passed:    55, Skipped:     0, Total:    55, Duration: 2 m 21 s - LiteDB.Tests.dll (net8.0)
2026-09-30T12:06:00.7560771Z Running complete-suite partition: shared
2026-09-30T12:06:00.7754369Z 
2026-09-30T12:06:00.7754929Z Host:
2026-09-30T12:06:00.7755411Z   Version:      8.0.31
2026-09-30T12:06:00.7758508Z   Architecture: x64
2026-09-30T12:06:00.7759020Z   Commit:       1219a42122
2026-09-30T12:06:00.7759525Z   RID:          win-x64
2026-09-30T12:06:00.7759794Z 
2026-09-30T12:06:00.7759991Z .NET SDKs installed:
2026-09-30T12:06:00.7760452Z   No SDKs were found.
2026-09-30T12:06:00.7760686Z 
2026-09-30T12:06:00.7760902Z .NET runtimes installed:
2026-09-30T12:06:00.7761846Z   Microsoft.NETCore.App 8.0.31 [__CI_HOME__/work\_temp\litedb-runtime-8-x64\shared\Microsoft.NETCore.App]
2026-09-30T12:06:00.7762534Z 
2026-09-30T12:06:00.7762725Z Other architectures found:
2026-09-30T12:06:00.7763242Z   x86   [C:\Program Files (x86)\dotnet]
2026-09-30T12:06:00.7764180Z     registered at [HKLM\SOFTWARE\dotnet\Setup\InstalledVersions\x86\InstallLocation]
2026-09-30T12:06:00.7764822Z 
2026-09-30T12:06:00.7765012Z Environment variables:
2026-09-30T12:06:00.7765813Z   DOTNET_ROOT       [C:\Program Files\dotnet]
2026-09-30T12:06:00.7766226Z 
2026-09-30T12:06:00.7766408Z global.json file:
2026-09-30T12:06:00.7766802Z   Not found
2026-09-30T12:06:00.7767025Z 
2026-09-30T12:06:00.7767159Z Learn more:
2026-09-30T12:06:00.7767558Z   https://aka.ms/dotnet/info
2026-09-30T12:06:00.7767848Z 
2026-09-30T12:06:00.7768016Z Download .NET:
2026-09-30T12:06:00.7768420Z   https://aka.ms/dotnet/download
2026-09-30T12:06:01.0725921Z VSTest version 18.7.0 (x64)
2026-09-30T12:06:01.0752246Z 
2026-09-30T12:06:01.1878200Z Starting test execution, please wait...
2026-09-30T12:06:01.2322635Z A total of 1 test files matched the specified pattern.
2026-09-30T12:06:19.9849155Z Results File: __CI_WORKSPACE__\LiteDB.Tests\TestResults\TestResults-shared.trx
2026-09-30T12:06:19.9852541Z 
2026-09-30T12:06:19.9895185Z Passed!  - Failed:     0, Passed:    55, Skipped:     0, Total:    55, Duration: 17 s - LiteDB.Tests.dll (net8.0)
2026-09-30T12:06:20.0306704Z Running complete-suite partition: mvcc
2026-09-30T12:06:20.0455107Z 
2026-09-30T12:06:20.0455482Z Host:
2026-09-30T12:06:20.0455984Z   Version:      8.0.31
2026-09-30T12:06:20.0456537Z   Architecture: x64
2026-09-30T12:06:20.0457013Z   Commit:       1219a42122
2026-09-30T12:06:20.0457523Z   RID:          win-x64
2026-09-30T12:06:20.0457820Z 
2026-09-30T12:06:20.0458369Z .NET SDKs installed:
2026-09-30T12:06:20.0458918Z   No SDKs were found.
2026-09-30T12:06:20.0459184Z 
2026-09-30T12:06:20.0459423Z .NET runtimes installed:
2026-09-30T12:06:20.0460204Z   Microsoft.NETCore.App 8.0.31 [__CI_HOME__/work\_temp\litedb-runtime-8-x64\shared\Microsoft.NETCore.App]
2026-09-30T12:06:20.0460860Z 
2026-09-30T12:06:20.0461047Z Other architectures found:
2026-09-30T12:06:20.0461588Z   x86   [C:\Program Files (x86)\dotnet]
2026-09-30T12:06:20.0462373Z     registered at [HKLM\SOFTWARE\dotnet\Setup\InstalledVersions\x86\InstallLocation]
2026-09-30T12:06:20.0463273Z 
2026-09-30T12:06:20.0463475Z Environment variables:
2026-09-30T12:06:20.0464104Z   DOTNET_ROOT       [C:\Program Files\dotnet]
2026-09-30T12:06:20.0464462Z 
2026-09-30T12:06:20.0464660Z global.json file:
2026-09-30T12:06:20.0465055Z   Not found
2026-09-30T12:06:20.0465283Z 
2026-09-30T12:06:20.0465425Z Learn more:
2026-09-30T12:06:20.0466178Z   https://aka.ms/dotnet/info
2026-09-30T12:06:20.0466471Z 
2026-09-30T12:06:20.0466664Z Download .NET:
2026-09-30T12:06:20.0467134Z   https://aka.ms/dotnet/download
2026-09-30T12:06:20.3017369Z VSTest version 18.7.0 (x64)
2026-09-30T12:06:20.3047219Z 
2026-09-30T12:06:20.4126134Z Starting test execution, please wait...
2026-09-30T12:06:20.4518744Z A total of 1 test files matched the specified pattern.
2026-09-30T12:08:39.4832501Z Results File: __CI_WORKSPACE__\LiteDB.Tests\TestResults\TestResults-mvcc.trx
2026-09-30T12:08:39.4836641Z 
2026-09-30T12:08:39.4883083Z Passed!  - Failed:     0, Passed:   403, Skipped:     0, Total:   403, Duration: 2 m 17 s - LiteDB.Tests.dll (net8.0)
2026-09-30T12:08:39.5552834Z Running complete-suite partition: internals
2026-09-30T12:08:39.5770375Z 
2026-09-30T12:08:39.5770673Z Host:
2026-09-30T12:08:39.5771103Z   Version:      8.0.31
2026-09-30T12:08:39.5771543Z   Architecture: x64
2026-09-30T12:08:39.5771966Z   Commit:       1219a42122
2026-09-30T12:08:39.5772468Z   RID:          win-x64
2026-09-30T12:08:39.5772692Z 
2026-09-30T12:08:39.5772927Z .NET SDKs installed:
2026-09-30T12:08:39.5773338Z   No SDKs were found.
2026-09-30T12:08:39.5773920Z 
2026-09-30T12:08:39.5774132Z .NET runtimes installed:
2026-09-30T12:08:39.5774959Z   Microsoft.NETCore.App 8.0.31 [__CI_HOME__/work\_temp\litedb-runtime-8-x64\shared\Microsoft.NETCore.App]
2026-09-30T12:08:39.5775558Z 
2026-09-30T12:08:39.5775798Z Other architectures found:
2026-09-30T12:08:39.5776318Z   x86   [C:\Program Files (x86)\dotnet]
2026-09-30T12:08:39.5777191Z     registered at [HKLM\SOFTWARE\dotnet\Setup\InstalledVersions\x86\InstallLocation]
2026-09-30T12:08:39.5778047Z 
2026-09-30T12:08:39.5778281Z Environment variables:
2026-09-30T12:08:39.5778772Z   DOTNET_ROOT       [C:\Program Files\dotnet]
2026-09-30T12:08:39.5779248Z 
2026-09-30T12:08:39.5779420Z global.json file:
2026-09-30T12:08:39.5779845Z   Not found
2026-09-30T12:08:39.5780037Z 
2026-09-30T12:08:39.5780215Z Learn more:
2026-09-30T12:08:39.5780642Z   https://aka.ms/dotnet/info
2026-09-30T12:08:39.5780977Z 
2026-09-30T12:08:39.5781120Z Download .NET:
2026-09-30T12:08:39.5781557Z   https://aka.ms/dotnet/download
2026-09-30T12:08:39.8311913Z VSTest version 18.7.0 (x64)
2026-09-30T12:08:39.8338776Z 
2026-09-30T12:08:39.9365397Z Starting test execution, please wait...
2026-09-30T12:08:39.9748389Z A total of 1 test files matched the specified pattern.
2026-09-30T12:09:53.8312136Z Results File: __CI_WORKSPACE__\LiteDB.Tests\TestResults\TestResults-internals.trx
2026-09-30T12:09:53.8319160Z 
2026-09-30T12:09:53.8366131Z Passed!  - Failed:     0, Passed:   435, Skipped:     0, Total:   435, Duration: 1 m 12 s - LiteDB.Tests.dll (net8.0)
2026-09-30T12:09:53.9429423Z Running complete-suite partition: remaining
2026-09-30T12:09:53.9651404Z 
2026-09-30T12:09:53.9652120Z Host:
2026-09-30T12:09:53.9652935Z   Version:      8.0.31
2026-09-30T12:09:53.9653653Z   Architecture: x64
2026-09-30T12:09:53.9654348Z   Commit:       1219a42122
2026-09-30T12:09:53.9655146Z   RID:          win-x64
2026-09-30T12:09:53.9658368Z 
2026-09-30T12:09:53.9659195Z .NET SDKs installed:
2026-09-30T12:09:53.9661004Z   No SDKs were found.
2026-09-30T12:09:53.9661525Z 
2026-09-30T12:09:53.9661922Z .NET runtimes installed:
2026-09-30T12:09:53.9662867Z   Microsoft.NETCore.App 8.0.31 [__CI_HOME__/work\_temp\litedb-runtime-8-x64\shared\Microsoft.NETCore.App]
2026-09-30T12:09:53.9663726Z 
2026-09-30T12:09:53.9664069Z Other architectures found:
2026-09-30T12:09:53.9664812Z   x86   [C:\Program Files (x86)\dotnet]
2026-09-30T12:09:53.9665794Z     registered at [HKLM\SOFTWARE\dotnet\Setup\InstalledVersions\x86\InstallLocation]
2026-09-30T12:09:53.9666591Z 
2026-09-30T12:09:53.9666915Z Environment variables:
2026-09-30T12:09:53.9667598Z   DOTNET_ROOT       [C:\Program Files\dotnet]
2026-09-30T12:09:53.9668117Z 
2026-09-30T12:09:53.9668450Z global.json file:
2026-09-30T12:09:53.9669013Z   Not found
2026-09-30T12:09:53.9669394Z 
2026-09-30T12:09:53.9669737Z Learn more:
2026-09-30T12:09:53.9671329Z   https://aka.ms/dotnet/info
2026-09-30T12:09:53.9671704Z 
2026-09-30T12:09:53.9672509Z Download .NET:
2026-09-30T12:09:53.9673143Z   https://aka.ms/dotnet/download
2026-09-30T12:09:54.2628449Z VSTest version 18.7.0 (x64)
2026-09-30T12:09:54.2657522Z 
2026-09-30T12:09:54.3848291Z Starting test execution, please wait...
2026-09-30T12:09:54.4323376Z A total of 1 test files matched the specified pattern.
2026-09-30T12:11:58.1148666Z Results File: __CI_WORKSPACE__\LiteDB.Tests\TestResults\TestResults-remaining.trx
2026-09-30T12:11:58.1153397Z 
2026-09-30T12:11:58.1199806Z Passed!  - Failed:     0, Passed:   613, Skipped:     0, Total:   613, Duration: 2 m 1 s - LiteDB.Tests.dll (net8.0)
2026-09-30T12:11:58.3339390Z [31;1mException: [0m__CI_WORKSPACE__\scripts\run-ci-tests.ps1:105[0m
2026-09-30T12:11:58.3340468Z [31;1m[0m[36;1mLine |[0m
2026-09-30T12:11:58.3341849Z [31;1m[0m[36;1m[36;1m 105 | [0m … iled.Count) { [36;1mthrow "Test partitions failed: $($failed -join ', ')"[0m }[0m
2026-09-30T12:11:58.3343552Z [31;1m[0m[36;1m[36;1m[0m[36;1m[0m[36;1m     | [31;1m                 ~~~~~~~~~~~~~~~~~~~~~~~~~~~~~~~~~~~~~~~~~~~~~~~~~~~~~[0m
2026-09-30T12:11:58.3345042Z [31;1m[0m[36;1m[36;1m[0m[36;1m[0m[36;1m[31;1m[31;1m[36;1m     | [31;1mTest partitions failed: engine[0m
2026-09-30T12:11:58.3703169Z ##[error]Process completed with exit code 1.
2026-09-30T12:11:58.4059636Z ##[group]Run actions/upload-artifact@v4
2026-09-30T12:11:58.4060343Z with:
2026-09-30T12:11:58.4060924Z   name: shared-worker-timeouts-windows-latest-x64-.NET 8
2026-09-30T12:11:58.4061992Z   path: __CI_HOME__\AppData\Local\Temp\litedb-shared-diagnostics-36710337230-0/
2026-09-30T12:11:58.4062906Z   retention-days: 14
2026-09-30T12:11:58.4063406Z   if-no-files-found: ignore
2026-09-30T12:11:58.4063929Z   compression-level: 6
2026-09-30T12:11:58.4064477Z   overwrite: false
2026-09-30T12:11:58.4064952Z   include-hidden-files: false
2026-09-30T12:11:58.4065502Z env:
2026-09-30T12:11:58.4066222Z   LITEDB_RETAINED_FIXTURES: __CI_WORKSPACE__/LiteDB.Tests/TestResults/retained-fixtures
2026-09-30T12:11:58.4067188Z   LITEDB_SHARED_EXPECT_TEMP_VOLUME: 1
2026-09-30T12:11:58.4067894Z   DOTNET_ROOT: C:\Program Files\dotnet
2026-09-30T12:11:58.4068986Z   LITEDB_SHARED_DIAGNOSTICS: __CI_HOME__\AppData\Local\Temp\litedb-shared-diagnostics-36710337230-0
2026-09-30T12:11:58.4075970Z ##[endgroup]
2026-09-30T12:11:58.6245794Z (node:3332) [DEP0040] DeprecationWarning: The `punycode` module is deprecated. Please use a userland alternative instead.
2026-09-30T12:11:58.6247236Z (Use `node --trace-deprecation ...` to show where the warning was created)
2026-09-30T12:11:58.6299457Z No files were found with the provided path: __CI_HOME__\AppData\Local\Temp\litedb-shared-diagnostics-36710337230-0/. No artifacts will be uploaded.
2026-09-30T12:11:58.6610620Z ##[group]Run actions/upload-artifact@v4
2026-09-30T12:11:58.6611033Z with:
2026-09-30T12:11:58.6611327Z   name: test-results-test-windows-0
2026-09-30T12:11:58.6611650Z   overwrite: true
2026-09-30T12:11:58.6612278Z   path: LiteDB.Tests/TestResults/*.trx
LiteDB.Tests/TestResults/evidence-leg.json
LiteDB.Tests/TestResults/discovered-tests.txt

2026-09-30T12:11:58.6612943Z   if-no-files-found: warn
2026-09-30T12:11:58.6613210Z   compression-level: 6
2026-09-30T12:11:58.6613521Z   include-hidden-files: false
2026-09-30T12:11:58.6613792Z env:
2026-09-30T12:11:58.6614176Z   LITEDB_RETAINED_FIXTURES: __CI_WORKSPACE__/LiteDB.Tests/TestResults/retained-fixtures
2026-09-30T12:11:58.6614669Z   LITEDB_SHARED_EXPECT_TEMP_VOLUME: 1
2026-09-30T12:11:58.6615022Z   DOTNET_ROOT: C:\Program Files\dotnet
2026-09-30T12:11:58.6615575Z   LITEDB_SHARED_DIAGNOSTICS: __CI_HOME__\AppData\Local\Temp\litedb-shared-diagnostics-36710337230-0
2026-09-30T12:11:58.6616129Z ##[endgroup]
2026-09-30T12:11:58.9360788Z (node:2924) [DEP0040] DeprecationWarning: The `punycode` module is deprecated. Please use a userland alternative instead.
2026-09-30T12:11:58.9362615Z (Use `node --trace-deprecation ...` to show where the warning was created)
2026-09-30T12:11:58.9474600Z With the provided path, there will be 17 files uploaded
2026-09-30T12:11:59.1037498Z Artifact name is valid!
2026-09-30T12:11:59.1039471Z Root directory input is valid!
2026-09-30T12:11:59.3049236Z Beginning upload of artifact content to blob storage
2026-09-30T12:11:59.4959103Z (node:2924) [DEP0169] DeprecationWarning: `url.parse()` behavior is not standardized and prone to errors that have security implications. Use the WHATWG URL API instead. CVEs are not issued for `url.parse()` vulnerabilities.
2026-09-30T12:11:59.8474938Z Uploaded bytes 1358698
2026-09-30T12:11:59.8852287Z Finished uploading artifact content to blob storage!
2026-09-30T12:11:59.8853653Z SHA256 digest of uploaded artifact zip is 4e477bbf8cdcc29c8a73e1f35b497d23e456f445a5dd1b149a1b886eb9fd4d7b
2026-09-30T12:11:59.8854659Z Finalizing artifact upload
2026-09-30T12:12:00.1205565Z Artifact test-results-test-windows-0.zip successfully finalized. Artifact ID 11095082037
2026-09-30T12:12:00.1207040Z Artifact test-results-test-windows-0 has been successfully uploaded! Final size is 1358698 bytes. Artifact ID is 11095082037
2026-09-30T12:12:00.1217943Z Artifact download URL: https://github.com/JKamsker/LiteDB/actions/runs/36710337230/artifacts/11095082037
2026-09-30T12:12:00.1618466Z Prepare all required actions
2026-09-30T12:12:00.1619199Z Getting action download info
2026-09-30T12:12:00.3139829Z ##[group]Run ./.github/actions/retained-fixtures
2026-09-30T12:12:00.3140121Z env:
2026-09-30T12:12:00.3140471Z   LITEDB_RETAINED_FIXTURES: __CI_WORKSPACE__/LiteDB.Tests/TestResults/retained-fixtures
2026-09-30T12:12:00.3140908Z   LITEDB_SHARED_EXPECT_TEMP_VOLUME: 1
2026-09-30T12:12:00.3141167Z   DOTNET_ROOT: C:\Program Files\dotnet
2026-09-30T12:12:00.3141652Z   LITEDB_SHARED_DIAGNOSTICS: __CI_HOME__\AppData\Local\Temp\litedb-shared-diagnostics-36710337230-0
2026-09-30T12:12:00.3142151Z ##[endgroup]
2026-09-30T12:12:00.3231381Z ##[start-action display=Collect retained fixtures;id=__self.__run]
2026-09-30T12:12:00.3398166Z ##[group]Run if [ "$RUNNER_OS" = "Windows" ]; then retained_python=python; else retained_python=python3; fi
2026-09-30T12:12:00.3399024Z [36;1mif [ "$RUNNER_OS" = "Windows" ]; then retained_python=python; else retained_python=python3; fi[0m
2026-09-30T12:12:00.3399718Z [36;1m"$retained_python" scripts/collect-retained-fixtures.py "$LITEDB_RETAINED_FIXTURES"[0m
2026-09-30T12:12:00.3415829Z shell: C:\Program Files\Git\bin\bash.EXE --noprofile --norc -e -o pipefail {0}
2026-09-30T12:12:00.3416290Z env:
2026-09-30T12:12:00.3416724Z   LITEDB_RETAINED_FIXTURES: __CI_WORKSPACE__/LiteDB.Tests/TestResults/retained-fixtures
2026-09-30T12:12:00.3417229Z   LITEDB_SHARED_EXPECT_TEMP_VOLUME: 1
2026-09-30T12:12:00.3417569Z   DOTNET_ROOT: C:\Program Files\dotnet
2026-09-30T12:12:00.3418155Z   LITEDB_SHARED_DIAGNOSTICS: __CI_HOME__\AppData\Local\Temp\litedb-shared-diagnostics-36710337230-0
2026-09-30T12:12:00.3418730Z ##[endgroup]
2026-09-30T12:12:01.5059670Z ##[end-action id=__self.__run;outcome=success;conclusion=success;duration_ms=1182]
2026-09-30T12:12:01.5064332Z ##[start-action display=Upload fixture manifests and copies;id=__self.__actions_upload-artifact]
2026-09-30T12:12:01.5284325Z ##[group]Run actions/upload-artifact@v4
2026-09-30T12:12:01.5284762Z with:
2026-09-30T12:12:01.5285073Z   name: retained-fixtures-test-windows-0
2026-09-30T12:12:01.5285684Z   path: __CI_WORKSPACE__/LiteDB.Tests/TestResults/retained-fixtures/
2026-09-30T12:12:01.5286294Z   if-no-files-found: ignore
2026-09-30T12:12:01.5286655Z   retention-days: 14
2026-09-30T12:12:01.5286989Z   compression-level: 6
2026-09-30T12:12:01.5287309Z   overwrite: false
2026-09-30T12:12:01.5287629Z   include-hidden-files: false
2026-09-30T12:12:01.5287978Z env:
2026-09-30T12:12:01.5288512Z   LITEDB_RETAINED_FIXTURES: __CI_WORKSPACE__/LiteDB.Tests/TestResults/retained-fixtures
2026-09-30T12:12:01.5289540Z   LITEDB_SHARED_EXPECT_TEMP_VOLUME: 1
2026-09-30T12:12:01.5289972Z   DOTNET_ROOT: C:\Program Files\dotnet
2026-09-30T12:12:01.5290798Z   LITEDB_SHARED_DIAGNOSTICS: __CI_HOME__\AppData\Local\Temp\litedb-shared-diagnostics-36710337230-0
2026-09-30T12:12:01.5291628Z ##[endgroup]
2026-09-30T12:12:01.7615748Z (node:2484) [DEP0040] DeprecationWarning: The `punycode` module is deprecated. Please use a userland alternative instead.
2026-09-30T12:12:01.7616923Z (Use `node --trace-deprecation ...` to show where the warning was created)
2026-09-30T12:12:01.7669362Z No files were found with the provided path: __CI_WORKSPACE__/LiteDB.Tests/TestResults/retained-fixtures/. No artifacts will be uploaded.
2026-09-30T12:12:01.7819521Z ##[end-action id=__self.__actions_upload-artifact;outcome=success;conclusion=success;duration_ms=275]
2026-09-30T12:12:01.8082582Z Post job cleanup.
2026-09-30T12:12:02.0517039Z [command]"C:\Program Files\Git\bin\git.exe" version
2026-09-30T12:12:02.0820331Z git version 2.55.0.windows.5
2026-09-30T12:12:02.0897649Z Temporarily overriding HOME='__CI_HOME__/work\_temp\fd236434-afaa-4a1c-b9f6-ba16503899a0' before making global git config changes
2026-09-30T12:12:02.0898910Z Adding repository directory to the temporary git global config as a safe directory
2026-09-30T12:12:02.0910696Z [command]"C:\Program Files\Git\bin\git.exe" config --global --add safe.directory __CI_WORKSPACE__
2026-09-30T12:12:02.1263493Z [command]"C:\Program Files\Git\bin\git.exe" config --local --name-only --get-regexp core\.sshCommand
2026-09-30T12:12:02.1631856Z [command]"C:\Program Files\Git\bin\git.exe" submodule foreach --recursive "sh -c \"git config --local --name-only --get-regexp 'core\.sshCommand' && git config --local --unset-all 'core.sshCommand' || :\""
2026-09-30T12:12:02.7699753Z [command]"C:\Program Files\Git\bin\git.exe" config --local --name-only --get-regexp http\.https\:\/\/github\.com\/\.extraheader
2026-09-30T12:12:02.8013218Z http.https://github.com/.extraheader
2026-09-30T12:12:02.8069523Z [command]"C:\Program Files\Git\bin\git.exe" config --local --unset-all http.https://github.com/.extraheader
2026-09-30T12:12:02.8488073Z [command]"C:\Program Files\Git\bin\git.exe" submodule foreach --recursive "sh -c \"git config --local --name-only --get-regexp 'http\.https\:\/\/github\.com\/\.extraheader' && git config --local --unset-all 'http.https://github.com/.extraheader' || :\""
2026-09-30T12:12:03.4453185Z [command]"C:\Program Files\Git\bin\git.exe" config --local --name-only --get-regexp ^includeIf\.gitdir:
2026-09-30T12:12:03.4779285Z [command]"C:\Program Files\Git\bin\git.exe" submodule foreach --recursive "git config --local --show-origin --name-only --get-regexp remote.origin.url"
2026-09-30T12:12:04.0729131Z Cleaning up orphan processes
2026-09-30T12:12:04.1094211Z ##[warning]Node.js 20 is deprecated. The following actions target Node.js 20 but are being forced to run on Node.js 24: actions/checkout@v4, actions/download-artifact@v4, actions/setup-dotnet@v4, actions/upload-artifact@v4. For more information see: https://github.blog/changelog/2025-09-19-deprecation-of-node-20-on-github-actions-runners/
