  Determining projects to restore...
__WORKSPACE__/artifacts_temp/callback-test-timeout-negative/LiteDB/LiteDB.csproj : warning NU1510: PackageReference System.ComponentModel.TypeConverter will not be pruned. This package is automatically available and does not need to be referenced explicitly. Remove the PackageReference item. [__WORKSPACE__/artifacts_temp/callback-test-timeout-negative/LiteDB.Tests/LiteDB.Tests.csproj]
  All projects are up-to-date for restore.
__WORKSPACE__/artifacts_temp/callback-test-timeout-negative/LiteDB/LiteDB.csproj : warning NU1510: PackageReference System.ComponentModel.TypeConverter will not be pruned. This package is automatically available and does not need to be referenced explicitly. Remove the PackageReference item. [TargetFramework=net8.0]
  LiteDB -> __WORKSPACE__/artifacts_temp/callback-test-timeout-negative/LiteDB/bin/Release/net8.0/LiteDB.dll
  SharedMutexHarness -> __WORKSPACE__/artifacts_temp/callback-test-timeout-negative/LiteDB.Tests.SharedMutexHarness/bin/Release/net8.0/SharedMutexHarness.dll
__WORKSPACE__/artifacts_temp/callback-test-timeout-negative/LiteDB.Tests/Issues/Issue2265_Tests.cs(38,20): warning CS8632: The annotation for nullable reference types should only be used in code within a '#nullable' annotations context. [__WORKSPACE__/artifacts_temp/callback-test-timeout-negative/LiteDB.Tests/LiteDB.Tests.csproj::TargetFramework=net8.0]
__WORKSPACE__/artifacts_temp/callback-test-timeout-negative/LiteDB.Tests/Issues/Issue1829Invocation_Tests.cs(91,58): warning CS1718: Comparison made to same variable; did you mean to compare something else? [__WORKSPACE__/artifacts_temp/callback-test-timeout-negative/LiteDB.Tests/LiteDB.Tests.csproj::TargetFramework=net8.0]
__WORKSPACE__/artifacts_temp/callback-test-timeout-negative/LiteDB.Tests/Issues/Issue1829Invocation_Tests.cs(105,57): warning CS1718: Comparison made to same variable; did you mean to compare something else? [__WORKSPACE__/artifacts_temp/callback-test-timeout-negative/LiteDB.Tests/LiteDB.Tests.csproj::TargetFramework=net8.0]
__WORKSPACE__/artifacts_temp/callback-test-timeout-negative/LiteDB.Tests/Internals/TransactionHandleProcess_Tests.cs(22,13): warning xUnit2013: Do not use Assert.Equal() to check for collection size. Use Assert.Single instead. (https://xunit.net/xunit.analyzers/rules/xUnit2013) [__WORKSPACE__/artifacts_temp/callback-test-timeout-negative/LiteDB.Tests/LiteDB.Tests.csproj::TargetFramework=net8.0]
__WORKSPACE__/artifacts_temp/callback-test-timeout-negative/LiteDB.Tests/Engine/CompactSchemaCacheConcurrency_Tests.cs(96,18): warning xUnit1031: Test methods should not use blocking task operations, as they can cause deadlocks. Use an async test method and await instead. (https://xunit.net/xunit.analyzers/rules/xUnit1031) [__WORKSPACE__/artifacts_temp/callback-test-timeout-negative/LiteDB.Tests/LiteDB.Tests.csproj::TargetFramework=net8.0]
__WORKSPACE__/artifacts_temp/callback-test-timeout-negative/LiteDB.Tests/Engine/CoordinatorSnapshotReads_Tests.cs(161,28): warning xUnit1031: Test methods should not use blocking task operations, as they can cause deadlocks. Use an async test method and await instead. (https://xunit.net/xunit.analyzers/rules/xUnit1031) [__WORKSPACE__/artifacts_temp/callback-test-timeout-negative/LiteDB.Tests/LiteDB.Tests.csproj::TargetFramework=net8.0]
__WORKSPACE__/artifacts_temp/callback-test-timeout-negative/LiteDB.Tests/Engine/CoordinatorSnapshotReads_Tests.cs(172,24): warning xUnit1031: Test methods should not use blocking task operations, as they can cause deadlocks. Use an async test method and await instead. (https://xunit.net/xunit.analyzers/rules/xUnit1031) [__WORKSPACE__/artifacts_temp/callback-test-timeout-negative/LiteDB.Tests/LiteDB.Tests.csproj::TargetFramework=net8.0]
__WORKSPACE__/artifacts_temp/callback-test-timeout-negative/LiteDB.Tests/Engine/CoordinatorPlatform_Tests.cs(289,22): warning xUnit1031: Test methods should not use blocking task operations, as they can cause deadlocks. Use an async test method and await instead. (https://xunit.net/xunit.analyzers/rules/xUnit1031) [__WORKSPACE__/artifacts_temp/callback-test-timeout-negative/LiteDB.Tests/LiteDB.Tests.csproj::TargetFramework=net8.0]
__WORKSPACE__/artifacts_temp/callback-test-timeout-negative/LiteDB.Tests/Internals/CacheAsync_Tests.cs(86,18): warning xUnit1031: Test methods should not use blocking task operations, as they can cause deadlocks. Use an async test method and await instead. (https://xunit.net/xunit.analyzers/rules/xUnit1031) [__WORKSPACE__/artifacts_temp/callback-test-timeout-negative/LiteDB.Tests/LiteDB.Tests.csproj::TargetFramework=net8.0]
__WORKSPACE__/artifacts_temp/callback-test-timeout-negative/LiteDB.Tests/Issues/Issue1192DirectDictionary_Tests.cs(186,13): warning xUnit2013: Do not use Assert.Equal() to check for collection size. Use Assert.Empty instead. (https://xunit.net/xunit.analyzers/rules/xUnit2013) [__WORKSPACE__/artifacts_temp/callback-test-timeout-negative/LiteDB.Tests/LiteDB.Tests.csproj::TargetFramework=net8.0]
__WORKSPACE__/artifacts_temp/callback-test-timeout-negative/LiteDB.Tests/Engine/Coordinator_Tests.cs(262,20): warning xUnit1031: Test methods should not use blocking task operations, as they can cause deadlocks. Use an async test method and await instead. (https://xunit.net/xunit.analyzers/rules/xUnit1031) [__WORKSPACE__/artifacts_temp/callback-test-timeout-negative/LiteDB.Tests/LiteDB.Tests.csproj::TargetFramework=net8.0]
__WORKSPACE__/artifacts_temp/callback-test-timeout-negative/LiteDB.Tests/Engine/NativeAdmissionDirectPoolFinalizer_Tests.cs(74,13): warning xUnit2013: Do not use Assert.Equal() to check for collection size. Use Assert.Single instead. (https://xunit.net/xunit.analyzers/rules/xUnit2013) [__WORKSPACE__/artifacts_temp/callback-test-timeout-negative/LiteDB.Tests/LiteDB.Tests.csproj::TargetFramework=net8.0]
__WORKSPACE__/artifacts_temp/callback-test-timeout-negative/LiteDB.Tests/Engine/NativeAdmissionDirectContextLifetime_Tests.cs(151,37): warning xUnit1031: Test methods should not use blocking task operations, as they can cause deadlocks. Use an async test method and await instead. (https://xunit.net/xunit.analyzers/rules/xUnit1031) [__WORKSPACE__/artifacts_temp/callback-test-timeout-negative/LiteDB.Tests/LiteDB.Tests.csproj::TargetFramework=net8.0]
__WORKSPACE__/artifacts_temp/callback-test-timeout-negative/LiteDB.Tests/Engine/NativeAdmissionDirectContext_Tests.cs(140,38): warning xUnit1031: Test methods should not use blocking task operations, as they can cause deadlocks. Use an async test method and await instead. (https://xunit.net/xunit.analyzers/rules/xUnit1031) [__WORKSPACE__/artifacts_temp/callback-test-timeout-negative/LiteDB.Tests/LiteDB.Tests.csproj::TargetFramework=net8.0]
__WORKSPACE__/artifacts_temp/callback-test-timeout-negative/LiteDB.Tests/Engine/TransactionHandle_Tests.cs(146,32): warning xUnit1031: Test methods should not use blocking task operations, as they can cause deadlocks. Use an async test method and await instead. (https://xunit.net/xunit.analyzers/rules/xUnit1031) [__WORKSPACE__/artifacts_temp/callback-test-timeout-negative/LiteDB.Tests/LiteDB.Tests.csproj::TargetFramework=net8.0]
__WORKSPACE__/artifacts_temp/callback-test-timeout-negative/LiteDB.Tests/Engine/NativeAdmissionIsolation_Tests.cs(56,25): warning xUnit1031: Test methods should not use blocking task operations, as they can cause deadlocks. Use an async test method and await instead. (https://xunit.net/xunit.analyzers/rules/xUnit1031) [__WORKSPACE__/artifacts_temp/callback-test-timeout-negative/LiteDB.Tests/LiteDB.Tests.csproj::TargetFramework=net8.0]
__WORKSPACE__/artifacts_temp/callback-test-timeout-negative/LiteDB.Tests/Engine/NativeAdmissionIsolation_Tests.cs(65,22): warning xUnit1031: Test methods should not use blocking task operations, as they can cause deadlocks. Use an async test method and await instead. (https://xunit.net/xunit.analyzers/rules/xUnit1031) [__WORKSPACE__/artifacts_temp/callback-test-timeout-negative/LiteDB.Tests/LiteDB.Tests.csproj::TargetFramework=net8.0]
__WORKSPACE__/artifacts_temp/callback-test-timeout-negative/LiteDB.Tests/Engine/SharedDisposalFailure_Tests.cs(71,35): warning xUnit1031: Test methods should not use blocking task operations, as they can cause deadlocks. Use an async test method and await instead. (https://xunit.net/xunit.analyzers/rules/xUnit1031) [__WORKSPACE__/artifacts_temp/callback-test-timeout-negative/LiteDB.Tests/LiteDB.Tests.csproj::TargetFramework=net8.0]
__WORKSPACE__/artifacts_temp/callback-test-timeout-negative/LiteDB.Tests/Engine/SharedDisposalFailure_Tests.cs(72,54): warning xUnit1031: Test methods should not use blocking task operations, as they can cause deadlocks. Use an async test method and await instead. (https://xunit.net/xunit.analyzers/rules/xUnit1031) [__WORKSPACE__/artifacts_temp/callback-test-timeout-negative/LiteDB.Tests/LiteDB.Tests.csproj::TargetFramework=net8.0]
__WORKSPACE__/artifacts_temp/callback-test-timeout-negative/LiteDB.Tests/Engine/SharedDisposalFailure_Tests.cs(73,49): warning xUnit1031: Test methods should not use blocking task operations, as they can cause deadlocks. Use an async test method and await instead. (https://xunit.net/xunit.analyzers/rules/xUnit1031) [__WORKSPACE__/artifacts_temp/callback-test-timeout-negative/LiteDB.Tests/LiteDB.Tests.csproj::TargetFramework=net8.0]
__WORKSPACE__/artifacts_temp/callback-test-timeout-negative/LiteDB.Tests/Engine/SharedDisposalFailure_Tests.cs(93,37): warning xUnit1031: Test methods should not use blocking task operations, as they can cause deadlocks. Use an async test method and await instead. (https://xunit.net/xunit.analyzers/rules/xUnit1031) [__WORKSPACE__/artifacts_temp/callback-test-timeout-negative/LiteDB.Tests/LiteDB.Tests.csproj::TargetFramework=net8.0]
__WORKSPACE__/artifacts_temp/callback-test-timeout-negative/LiteDB.Tests/Engine/SharedDisposalFailure_Tests.cs(117,23): warning xUnit1031: Test methods should not use blocking task operations, as they can cause deadlocks. Use an async test method and await instead. (https://xunit.net/xunit.analyzers/rules/xUnit1031) [__WORKSPACE__/artifacts_temp/callback-test-timeout-negative/LiteDB.Tests/LiteDB.Tests.csproj::TargetFramework=net8.0]
__WORKSPACE__/artifacts_temp/callback-test-timeout-negative/LiteDB.Tests/Engine/TransactionHandleRawCloseDependency_Tests.cs(33,35): warning xUnit1031: Test methods should not use blocking task operations, as they can cause deadlocks. Use an async test method and await instead. (https://xunit.net/xunit.analyzers/rules/xUnit1031) [__WORKSPACE__/artifacts_temp/callback-test-timeout-negative/LiteDB.Tests/LiteDB.Tests.csproj::TargetFramework=net8.0]
__WORKSPACE__/artifacts_temp/callback-test-timeout-negative/LiteDB.Tests/Engine/TransactionHandleMaintenanceProgress_Tests.cs(81,32): warning xUnit1031: Test methods should not use blocking task operations, as they can cause deadlocks. Use an async test method and await instead. (https://xunit.net/xunit.analyzers/rules/xUnit1031) [__WORKSPACE__/artifacts_temp/callback-test-timeout-negative/LiteDB.Tests/LiteDB.Tests.csproj::TargetFramework=net8.0]
__WORKSPACE__/artifacts_temp/callback-test-timeout-negative/LiteDB.Tests/Engine/TransactionHandleSharedAdmission_Tests.cs(48,34): warning xUnit1031: Test methods should not use blocking task operations, as they can cause deadlocks. Use an async test method and await instead. (https://xunit.net/xunit.analyzers/rules/xUnit1031) [__WORKSPACE__/artifacts_temp/callback-test-timeout-negative/LiteDB.Tests/LiteDB.Tests.csproj::TargetFramework=net8.0]
__WORKSPACE__/artifacts_temp/callback-test-timeout-negative/LiteDB.Tests/Engine/TransactionHandleSharedAdmission_Tests.cs(49,64): warning xUnit1031: Test methods should not use blocking task operations, as they can cause deadlocks. Use an async test method and await instead. (https://xunit.net/xunit.analyzers/rules/xUnit1031) [__WORKSPACE__/artifacts_temp/callback-test-timeout-negative/LiteDB.Tests/LiteDB.Tests.csproj::TargetFramework=net8.0]
__WORKSPACE__/artifacts_temp/callback-test-timeout-negative/LiteDB.Tests/Engine/TransactionHandleSharedAdmission_Tests.cs(54,22): warning xUnit1031: Test methods should not use blocking task operations, as they can cause deadlocks. Use an async test method and await instead. (https://xunit.net/xunit.analyzers/rules/xUnit1031) [__WORKSPACE__/artifacts_temp/callback-test-timeout-negative/LiteDB.Tests/LiteDB.Tests.csproj::TargetFramework=net8.0]
__WORKSPACE__/artifacts_temp/callback-test-timeout-negative/LiteDB.Tests/Engine/TransactionHandleSharedAdmission_Tests.cs(91,34): warning xUnit1031: Test methods should not use blocking task operations, as they can cause deadlocks. Use an async test method and await instead. (https://xunit.net/xunit.analyzers/rules/xUnit1031) [__WORKSPACE__/artifacts_temp/callback-test-timeout-negative/LiteDB.Tests/LiteDB.Tests.csproj::TargetFramework=net8.0]
__WORKSPACE__/artifacts_temp/callback-test-timeout-negative/LiteDB.Tests/Engine/TransactionHandleSharedAdmission_Tests.cs(92,64): warning xUnit1031: Test methods should not use blocking task operations, as they can cause deadlocks. Use an async test method and await instead. (https://xunit.net/xunit.analyzers/rules/xUnit1031) [__WORKSPACE__/artifacts_temp/callback-test-timeout-negative/LiteDB.Tests/LiteDB.Tests.csproj::TargetFramework=net8.0]
__WORKSPACE__/artifacts_temp/callback-test-timeout-negative/LiteDB.Tests/Engine/TransactionHandleMaintenanceProgress_Tests.cs(157,41): warning xUnit1031: Test methods should not use blocking task operations, as they can cause deadlocks. Use an async test method and await instead. (https://xunit.net/xunit.analyzers/rules/xUnit1031) [__WORKSPACE__/artifacts_temp/callback-test-timeout-negative/LiteDB.Tests/LiteDB.Tests.csproj::TargetFramework=net8.0]
__WORKSPACE__/artifacts_temp/callback-test-timeout-negative/LiteDB.Tests/Engine/TransactionHandleMaintenanceProgress_Tests.cs(111,41): warning xUnit1031: Test methods should not use blocking task operations, as they can cause deadlocks. Use an async test method and await instead. (https://xunit.net/xunit.analyzers/rules/xUnit1031) [__WORKSPACE__/artifacts_temp/callback-test-timeout-negative/LiteDB.Tests/LiteDB.Tests.csproj::TargetFramework=net8.0]
__WORKSPACE__/artifacts_temp/callback-test-timeout-negative/LiteDB.Tests/Engine/TransactionHandleContext_Tests.cs(24,46): warning CA1416: This call site is reachable on all platforms. 'WindowsIdentity.GetCurrent(bool)' is only supported on: 'windows'. (https://learn.microsoft.com/dotnet/fundamentals/code-analysis/quality-rules/ca1416) [__WORKSPACE__/artifacts_temp/callback-test-timeout-negative/LiteDB.Tests/LiteDB.Tests.csproj::TargetFramework=net8.0]
__WORKSPACE__/artifacts_temp/callback-test-timeout-negative/LiteDB.Tests/Engine/TransactionHandleMaintenanceProgress_Tests.cs(190,31): warning xUnit1031: Test methods should not use blocking task operations, as they can cause deadlocks. Use an async test method and await instead. (https://xunit.net/xunit.analyzers/rules/xUnit1031) [__WORKSPACE__/artifacts_temp/callback-test-timeout-negative/LiteDB.Tests/LiteDB.Tests.csproj::TargetFramework=net8.0]
__WORKSPACE__/artifacts_temp/callback-test-timeout-negative/LiteDB.Tests/Engine/TransactionHandleDisposeSafety_Tests.cs(250,55): warning xUnit1031: Test methods should not use blocking task operations, as they can cause deadlocks. Use an async test method and await instead. (https://xunit.net/xunit.analyzers/rules/xUnit1031) [__WORKSPACE__/artifacts_temp/callback-test-timeout-negative/LiteDB.Tests/LiteDB.Tests.csproj::TargetFramework=net8.0]
__WORKSPACE__/artifacts_temp/callback-test-timeout-negative/LiteDB.Tests/Engine/TransactionHandleAdmission_Tests.cs(83,37): warning xUnit1031: Test methods should not use blocking task operations, as they can cause deadlocks. Use an async test method and await instead. (https://xunit.net/xunit.analyzers/rules/xUnit1031) [__WORKSPACE__/artifacts_temp/callback-test-timeout-negative/LiteDB.Tests/LiteDB.Tests.csproj::TargetFramework=net8.0]
__WORKSPACE__/artifacts_temp/callback-test-timeout-negative/LiteDB.Tests/Engine/TransactionHandleAdmission_Tests.cs(84,112): warning xUnit1031: Test methods should not use blocking task operations, as they can cause deadlocks. Use an async test method and await instead. (https://xunit.net/xunit.analyzers/rules/xUnit1031) [__WORKSPACE__/artifacts_temp/callback-test-timeout-negative/LiteDB.Tests/LiteDB.Tests.csproj::TargetFramework=net8.0]
__WORKSPACE__/artifacts_temp/callback-test-timeout-negative/LiteDB.Tests/Engine/TransactionHandleAdmission_Tests.cs(85,62): warning xUnit1031: Test methods should not use blocking task operations, as they can cause deadlocks. Use an async test method and await instead. (https://xunit.net/xunit.analyzers/rules/xUnit1031) [__WORKSPACE__/artifacts_temp/callback-test-timeout-negative/LiteDB.Tests/LiteDB.Tests.csproj::TargetFramework=net8.0]
__WORKSPACE__/artifacts_temp/callback-test-timeout-negative/LiteDB.Tests/Engine/TransactionHandleAdmission_Tests.cs(130,37): warning xUnit1031: Test methods should not use blocking task operations, as they can cause deadlocks. Use an async test method and await instead. (https://xunit.net/xunit.analyzers/rules/xUnit1031) [__WORKSPACE__/artifacts_temp/callback-test-timeout-negative/LiteDB.Tests/LiteDB.Tests.csproj::TargetFramework=net8.0]
__WORKSPACE__/artifacts_temp/callback-test-timeout-negative/LiteDB.Tests/Engine/TransactionHandleAdmission_Tests.cs(131,57): warning xUnit1031: Test methods should not use blocking task operations, as they can cause deadlocks. Use an async test method and await instead. (https://xunit.net/xunit.analyzers/rules/xUnit1031) [__WORKSPACE__/artifacts_temp/callback-test-timeout-negative/LiteDB.Tests/LiteDB.Tests.csproj::TargetFramework=net8.0]
__WORKSPACE__/artifacts_temp/callback-test-timeout-negative/LiteDB.Tests/Engine/TransactionHandleSharedPinCancellation_Tests.cs(56,38): warning xUnit1031: Test methods should not use blocking task operations, as they can cause deadlocks. Use an async test method and await instead. (https://xunit.net/xunit.analyzers/rules/xUnit1031) [__WORKSPACE__/artifacts_temp/callback-test-timeout-negative/LiteDB.Tests/LiteDB.Tests.csproj::TargetFramework=net8.0]
__WORKSPACE__/artifacts_temp/callback-test-timeout-negative/LiteDB.Tests/Engine/TransactionHandleSharedPinCancellation_Tests.cs(57,68): warning xUnit1031: Test methods should not use blocking task operations, as they can cause deadlocks. Use an async test method and await instead. (https://xunit.net/xunit.analyzers/rules/xUnit1031) [__WORKSPACE__/artifacts_temp/callback-test-timeout-negative/LiteDB.Tests/LiteDB.Tests.csproj::TargetFramework=net8.0]
__WORKSPACE__/artifacts_temp/callback-test-timeout-negative/LiteDB.Tests/Engine/TransactionHandleSharedPinCancellation_Tests.cs(66,38): warning xUnit1031: Test methods should not use blocking task operations, as they can cause deadlocks. Use an async test method and await instead. (https://xunit.net/xunit.analyzers/rules/xUnit1031) [__WORKSPACE__/artifacts_temp/callback-test-timeout-negative/LiteDB.Tests/LiteDB.Tests.csproj::TargetFramework=net8.0]
__WORKSPACE__/artifacts_temp/callback-test-timeout-negative/LiteDB.Tests/Issues/Issue2814_Tests.cs(57,26): warning xUnit1031: Test methods should not use blocking task operations, as they can cause deadlocks. Use an async test method and await instead. (https://xunit.net/xunit.analyzers/rules/xUnit1031) [__WORKSPACE__/artifacts_temp/callback-test-timeout-negative/LiteDB.Tests/LiteDB.Tests.csproj::TargetFramework=net8.0]
__WORKSPACE__/artifacts_temp/callback-test-timeout-negative/LiteDB.Tests/Issues/Issue2814Admission_Tests.cs(56,78): warning xUnit1031: Test methods should not use blocking task operations, as they can cause deadlocks. Use an async test method and await instead. (https://xunit.net/xunit.analyzers/rules/xUnit1031) [__WORKSPACE__/artifacts_temp/callback-test-timeout-negative/LiteDB.Tests/LiteDB.Tests.csproj::TargetFramework=net8.0]
__WORKSPACE__/artifacts_temp/callback-test-timeout-negative/LiteDB.Tests/Issues/Issue2848_Tests.cs(87,89): warning xUnit1031: Test methods should not use blocking task operations, as they can cause deadlocks. Use an async test method and await instead. (https://xunit.net/xunit.analyzers/rules/xUnit1031) [__WORKSPACE__/artifacts_temp/callback-test-timeout-negative/LiteDB.Tests/LiteDB.Tests.csproj::TargetFramework=net8.0]
__WORKSPACE__/artifacts_temp/callback-test-timeout-negative/LiteDB.Tests/Issues/Issue2792_Tests.cs(48,24): warning xUnit1031: Test methods should not use blocking task operations, as they can cause deadlocks. Use an async test method and await instead. (https://xunit.net/xunit.analyzers/rules/xUnit1031) [__WORKSPACE__/artifacts_temp/callback-test-timeout-negative/LiteDB.Tests/LiteDB.Tests.csproj::TargetFramework=net8.0]
__WORKSPACE__/artifacts_temp/callback-test-timeout-negative/LiteDB.Tests/Issues/Issue2792_Tests.cs(53,24): warning xUnit1031: Test methods should not use blocking task operations, as they can cause deadlocks. Use an async test method and await instead. (https://xunit.net/xunit.analyzers/rules/xUnit1031) [__WORKSPACE__/artifacts_temp/callback-test-timeout-negative/LiteDB.Tests/LiteDB.Tests.csproj::TargetFramework=net8.0]
__WORKSPACE__/artifacts_temp/callback-test-timeout-negative/LiteDB.Tests/Issues/Issue2792_Tests.cs(54,44): warning xUnit1031: Test methods should not use blocking task operations, as they can cause deadlocks. Use an async test method and await instead. (https://xunit.net/xunit.analyzers/rules/xUnit1031) [__WORKSPACE__/artifacts_temp/callback-test-timeout-negative/LiteDB.Tests/LiteDB.Tests.csproj::TargetFramework=net8.0]
__WORKSPACE__/artifacts_temp/callback-test-timeout-negative/LiteDB.Tests/Issues/Issue2792_Tests.cs(59,24): warning xUnit1031: Test methods should not use blocking task operations, as they can cause deadlocks. Use an async test method and await instead. (https://xunit.net/xunit.analyzers/rules/xUnit1031) [__WORKSPACE__/artifacts_temp/callback-test-timeout-negative/LiteDB.Tests/LiteDB.Tests.csproj::TargetFramework=net8.0]
__WORKSPACE__/artifacts_temp/callback-test-timeout-negative/LiteDB.Tests/Issues/Issue2792_Tests.cs(60,24): warning xUnit1031: Test methods should not use blocking task operations, as they can cause deadlocks. Use an async test method and await instead. (https://xunit.net/xunit.analyzers/rules/xUnit1031) [__WORKSPACE__/artifacts_temp/callback-test-timeout-negative/LiteDB.Tests/LiteDB.Tests.csproj::TargetFramework=net8.0]
__WORKSPACE__/artifacts_temp/callback-test-timeout-negative/LiteDB.Tests/Issues/Issue2792SnapshotPublication_Tests.cs(65,57): warning xUnit1031: Test methods should not use blocking task operations, as they can cause deadlocks. Use an async test method and await instead. (https://xunit.net/xunit.analyzers/rules/xUnit1031) [__WORKSPACE__/artifacts_temp/callback-test-timeout-negative/LiteDB.Tests/LiteDB.Tests.csproj::TargetFramework=net8.0]
__WORKSPACE__/artifacts_temp/callback-test-timeout-negative/LiteDB.Tests/Issues/Issue2792SnapshotPublication_Tests.cs(66,37): warning xUnit1031: Test methods should not use blocking task operations, as they can cause deadlocks. Use an async test method and await instead. (https://xunit.net/xunit.analyzers/rules/xUnit1031) [__WORKSPACE__/artifacts_temp/callback-test-timeout-negative/LiteDB.Tests/LiteDB.Tests.csproj::TargetFramework=net8.0]
__WORKSPACE__/artifacts_temp/callback-test-timeout-negative/LiteDB.Tests/Issues/Issue2790ReaderLease_Tests.cs(43,37): warning xUnit1030: Test methods should not call ConfigureAwait(false), as it may bypass parallelization limits. Omit ConfigureAwait, or use ConfigureAwait(true) to avoid CA2007. (https://xunit.net/xunit.analyzers/rules/xUnit1030) [__WORKSPACE__/artifacts_temp/callback-test-timeout-negative/LiteDB.Tests/LiteDB.Tests.csproj::TargetFramework=net8.0]
__WORKSPACE__/artifacts_temp/callback-test-timeout-negative/LiteDB.Tests/Issues/Issue2243ReferenceSchema_Tests.cs(21,13): warning xUnit2013: Do not use Assert.Equal() to check for collection size. Use Assert.Empty instead. (https://xunit.net/xunit.analyzers/rules/xUnit2013) [__WORKSPACE__/artifacts_temp/callback-test-timeout-negative/LiteDB.Tests/LiteDB.Tests.csproj::TargetFramework=net8.0]
__WORKSPACE__/artifacts_temp/callback-test-timeout-negative/LiteDB.Tests/Issues/Issue2243ReferenceSchema_Tests.cs(22,13): warning xUnit2013: Do not use Assert.Equal() to check for collection size. Use Assert.Empty instead. (https://xunit.net/xunit.analyzers/rules/xUnit2013) [__WORKSPACE__/artifacts_temp/callback-test-timeout-negative/LiteDB.Tests/LiteDB.Tests.csproj::TargetFramework=net8.0]
__WORKSPACE__/artifacts_temp/callback-test-timeout-negative/LiteDB.Tests/Issues/Issue2324_Tests.cs(64,33): warning xUnit1031: Test methods should not use blocking task operations, as they can cause deadlocks. Use an async test method and await instead. (https://xunit.net/xunit.analyzers/rules/xUnit1031) [__WORKSPACE__/artifacts_temp/callback-test-timeout-negative/LiteDB.Tests/LiteDB.Tests.csproj::TargetFramework=net8.0]
__WORKSPACE__/artifacts_temp/callback-test-timeout-negative/LiteDB.Tests/Issues/Issue2112_Tests.cs(32,13): warning xUnit2013: Do not use Assert.Equal() to check for collection size. Use Assert.Single instead. (https://xunit.net/xunit.analyzers/rules/xUnit2013) [__WORKSPACE__/artifacts_temp/callback-test-timeout-negative/LiteDB.Tests/LiteDB.Tests.csproj::TargetFramework=net8.0]
  LiteDB.Tests -> __WORKSPACE__/artifacts_temp/callback-test-timeout-negative/LiteDB.Tests/bin/Release/net8.0/LiteDB.Tests.dll
Test run for __WORKSPACE__/artifacts_temp/callback-test-timeout-negative/LiteDB.Tests/bin/Release/net8.0/LiteDB.Tests.dll (.NETCoreApp,Version=v8.0)
A total of 1 test files matched the specified pattern.
[xUnit.net 00:00:01.15]     LiteDB.Tests.Engine.TransactionHandleLateCallbackClose_Tests.Late_callback_close_refuses_only_a_self_dependent_drain(mode: 4, password: null) [FAIL]
[xUnit.net 00:00:01.42]     LiteDB.Tests.Engine.TransactionHandleLateCallbackClose_Tests.Late_callback_close_refuses_only_a_self_dependent_drain(mode: 0, password: null) [FAIL]
  Failed LiteDB.Tests.Engine.TransactionHandleLateCallbackClose_Tests.Late_callback_close_refuses_only_a_self_dependent_drain(mode: 4, password: null) [291 ms]
  Error Message:
   Assert.IsType() Failure: Value is not the exact type
Expected: typeof(System.InvalidOperationException)
Actual:   typeof(System.TimeoutException)
  Stack Trace:
     at LiteDB.Tests.Engine.TransactionHandleLateCallbackClose_Tests.Late_callback_close_refuses_only_a_self_dependent_drain(Int32 mode, String password) in __WORKSPACE__/artifacts_temp/callback-test-timeout-negative/LiteDB.Tests/Engine/TransactionHandleLateCallbackClose_Tests.cs:line 62
   at System.RuntimeMethodHandle.InvokeMethod(Object target, Void** arguments, Signature sig, Boolean isConstructor)
   at System.Reflection.MethodBaseInvoker.InvokeDirectByRefWithFewArgs(Object obj, Span`1 copyOfArgs, BindingFlags invokeAttr)
  Failed LiteDB.Tests.Engine.TransactionHandleLateCallbackClose_Tests.Late_callback_close_refuses_only_a_self_dependent_drain(mode: 0, password: null) [145 ms]
  Error Message:
   Assert.IsType() Failure: Value is not the exact type
Expected: typeof(System.InvalidOperationException)
Actual:   typeof(System.TimeoutException)
  Stack Trace:
     at LiteDB.Tests.Engine.TransactionHandleLateCallbackClose_Tests.Late_callback_close_refuses_only_a_self_dependent_drain(Int32 mode, String password) in __WORKSPACE__/artifacts_temp/callback-test-timeout-negative/LiteDB.Tests/Engine/TransactionHandleLateCallbackClose_Tests.cs:line 62
   at InvokeStub_TransactionHandleLateCallbackClose_Tests.Late_callback_close_refuses_only_a_self_dependent_drain(Object, Span`1)
   at System.Reflection.MethodBaseInvoker.InvokeWithFewArgs(Object obj, BindingFlags invokeAttr, Binder binder, Object[] parameters, CultureInfo culture)
[xUnit.net 00:00:01.79]     LiteDB.Tests.Engine.TransactionHandleLateCallbackClose_Tests.Late_callback_close_refuses_only_a_self_dependent_drain(mode: 0, password: "secret") [FAIL]
[xUnit.net 00:00:02.13]     LiteDB.Tests.Engine.TransactionHandleLateCallbackClose_Tests.Late_callback_close_refuses_only_a_self_dependent_drain(mode: 4, password: "secret") [FAIL]
[xUnit.net 00:00:02.35]     LiteDB.Tests.Engine.TransactionHandleLateCallbackClose_Tests.Late_callback_close_refuses_only_a_self_dependent_drain(mode: 5, password: "secret") [FAIL]
[xUnit.net 00:00:02.64]     LiteDB.Tests.Engine.TransactionHandleLateCallbackClose_Tests.Late_callback_close_refuses_only_a_self_dependent_drain(mode: 5, password: null) [FAIL]
  Failed LiteDB.Tests.Engine.TransactionHandleLateCallbackClose_Tests.Late_callback_close_refuses_only_a_self_dependent_drain(mode: 0, password: "secret") [221 ms]
  Error Message:
   Assert.IsType() Failure: Value is not the exact type
Expected: typeof(System.InvalidOperationException)
Actual:   typeof(System.TimeoutException)
  Stack Trace:
     at LiteDB.Tests.Engine.TransactionHandleLateCallbackClose_Tests.Late_callback_close_refuses_only_a_self_dependent_drain(Int32 mode, String password) in __WORKSPACE__/artifacts_temp/callback-test-timeout-negative/LiteDB.Tests/Engine/TransactionHandleLateCallbackClose_Tests.cs:line 62
   at InvokeStub_TransactionHandleLateCallbackClose_Tests.Late_callback_close_refuses_only_a_self_dependent_drain(Object, Span`1)
   at System.Reflection.MethodBaseInvoker.InvokeWithFewArgs(Object obj, BindingFlags invokeAttr, Binder binder, Object[] parameters, CultureInfo culture)
  Failed LiteDB.Tests.Engine.TransactionHandleLateCallbackClose_Tests.Late_callback_close_refuses_only_a_self_dependent_drain(mode: 4, password: "secret") [211 ms]
  Error Message:
   Assert.IsType() Failure: Value is not the exact type
Expected: typeof(System.InvalidOperationException)
Actual:   typeof(System.TimeoutException)
  Stack Trace:
     at LiteDB.Tests.Engine.TransactionHandleLateCallbackClose_Tests.Late_callback_close_refuses_only_a_self_dependent_drain(Int32 mode, String password) in __WORKSPACE__/artifacts_temp/callback-test-timeout-negative/LiteDB.Tests/Engine/TransactionHandleLateCallbackClose_Tests.cs:line 62
   at InvokeStub_TransactionHandleLateCallbackClose_Tests.Late_callback_close_refuses_only_a_self_dependent_drain(Object, Span`1)
   at System.Reflection.MethodBaseInvoker.InvokeWithFewArgs(Object obj, BindingFlags invokeAttr, Binder binder, Object[] parameters, CultureInfo culture)
  Failed LiteDB.Tests.Engine.TransactionHandleLateCallbackClose_Tests.Late_callback_close_refuses_only_a_self_dependent_drain(mode: 5, password: "secret") [218 ms]
  Error Message:
   Assert.IsType() Failure: Value is not the exact type
Expected: typeof(System.InvalidOperationException)
Actual:   typeof(System.TimeoutException)
  Stack Trace:
     at LiteDB.Tests.Engine.TransactionHandleLateCallbackClose_Tests.Late_callback_close_refuses_only_a_self_dependent_drain(Int32 mode, String password) in __WORKSPACE__/artifacts_temp/callback-test-timeout-negative/LiteDB.Tests/Engine/TransactionHandleLateCallbackClose_Tests.cs:line 62
   at InvokeStub_TransactionHandleLateCallbackClose_Tests.Late_callback_close_refuses_only_a_self_dependent_drain(Object, Span`1)
   at System.Reflection.MethodBaseInvoker.InvokeWithFewArgs(Object obj, BindingFlags invokeAttr, Binder binder, Object[] parameters, CultureInfo culture)
  Failed LiteDB.Tests.Engine.TransactionHandleLateCallbackClose_Tests.Late_callback_close_refuses_only_a_self_dependent_drain(mode: 5, password: null) [153 ms]
  Error Message:
   Assert.IsType() Failure: Value is not the exact type
Expected: typeof(System.InvalidOperationException)
Actual:   typeof(System.TimeoutException)
  Stack Trace:
     at LiteDB.Tests.Engine.TransactionHandleLateCallbackClose_Tests.Late_callback_close_refuses_only_a_self_dependent_drain(Int32 mode, String password) in __WORKSPACE__/artifacts_temp/callback-test-timeout-negative/LiteDB.Tests/Engine/TransactionHandleLateCallbackClose_Tests.cs:line 62
   at InvokeStub_TransactionHandleLateCallbackClose_Tests.Late_callback_close_refuses_only_a_self_dependent_drain(Object, Span`1)
   at System.Reflection.MethodBaseInvoker.InvokeWithFewArgs(Object obj, BindingFlags invokeAttr, Binder binder, Object[] parameters, CultureInfo culture)
WARNING: Overwriting results file: __WORKSPACE__/artifacts_temp/callback-test-timeout-negative/LiteDB.Tests/TestResults/callback-budget-negative-net8.trx
Results File: __WORKSPACE__/artifacts_temp/callback-test-timeout-negative/LiteDB.Tests/TestResults/callback-budget-negative-net8.trx

Failed!  - Failed:     6, Passed:     6, Skipped:     0, Total:    12, Duration: 1 s - LiteDB.Tests.dll (net8.0)
