<?xml version="1.0" encoding="utf-8"?>
<TestRun id="ae94ed06-6e39-44e0-a0d9-e424743b3c79" name="@dev-build-server 2026-09-30 19:58:27" xmlns="http://microsoft.com/schemas/VisualStudio/TeamTest/2010">
  <Times creation="2026-09-30T19:58:27.8542541+00:00" queuing="2026-09-30T19:58:27.8542542+00:00" start="2026-09-30T19:58:27.2370351+00:00" finish="2026-09-30T19:58:32.9120862+00:00" />
  <TestSettings name="default" id="a7ea7761-245e-4b80-b53f-37f9585c7ea9">
    <Deployment runDeploymentRoot="_dev-build-server_2026-09-30_19_58_27" />
  </TestSettings>
  <Results>
    <UnitTestResult executionId="10cf37db-0140-4b97-bd1f-71c395f802d3" testId="3ba11576-a48b-9941-2493-3882cf4731fa" testName="LiteDB.Fuzz.Tests.SnapshotWriterProgress_Tests.Blocked_native_writer_times_out_and_reaps_writer_and_reader_without_mutating_committed_data" computerName="dev-build-server" duration="00:00:01.7945164" startTime="2026-09-30T19:58:32.8406413+00:00" endTime="2026-09-30T19:58:32.8406415+00:00" testType="13cdc9d9-ddb5-4fa4-a97d-d965ccfc6d4b" outcome="Passed" testListId="8c84fa94-04c1-424b-9868-57a2d4851a1d" relativeResultsDirectory="10cf37db-0140-4b97-bd1f-71c395f802d3" />
    <UnitTestResult executionId="a129c6fc-3095-4cea-bec5-b9d8f8350366" testId="7b8c2325-66d3-3e83-a4f0-91f0275d8e44" testName="LiteDB.Fuzz.Tests.SharedCheckpointCrashScope_Tests.Only_checkpoint_crash_workers_retain_the_native_mutex_after_commit(phase: null, retained: False)" computerName="dev-build-server" duration="00:00:00.0937892" startTime="2026-09-30T19:58:28.1510906+00:00" endTime="2026-09-30T19:58:28.1510907+00:00" testType="13cdc9d9-ddb5-4fa4-a97d-d965ccfc6d4b" outcome="Passed" testListId="8c84fa94-04c1-424b-9868-57a2d4851a1d" relativeResultsDirectory="a129c6fc-3095-4cea-bec5-b9d8f8350366" />
    <UnitTestResult executionId="6c5a6d57-8f6e-4801-9bd3-5f880f6ff064" testId="6846bac1-709c-4226-9840-56a82dff0ebf" testName="LiteDB.Fuzz.Tests.SharedLifecycleProgress_Tests.One_stalled_actor_fails_even_while_an_independent_peer_completes_commands" computerName="dev-build-server" duration="00:00:00.9755802" startTime="2026-09-30T19:58:29.0540192+00:00" endTime="2026-09-30T19:58:29.0540193+00:00" testType="13cdc9d9-ddb5-4fa4-a97d-d965ccfc6d4b" outcome="Passed" testListId="8c84fa94-04c1-424b-9868-57a2d4851a1d" relativeResultsDirectory="6c5a6d57-8f6e-4801-9bd3-5f880f6ff064" />
    <UnitTestResult executionId="d79a53c1-2b5e-4251-9226-aa7b6c082bb7" testId="b33608a1-40de-fca9-b2f7-4ce306605838" testName="LiteDB.Fuzz.Tests.FuzzReliability_Tests.Retained_input_replays_the_state_that_caused_retention" computerName="dev-build-server" duration="00:00:00.0305680" startTime="2026-09-30T19:58:28.3665840+00:00" endTime="2026-09-30T19:58:28.3665841+00:00" testType="13cdc9d9-ddb5-4fa4-a97d-d965ccfc6d4b" outcome="Passed" testListId="8c84fa94-04c1-424b-9868-57a2d4851a1d" relativeResultsDirectory="d79a53c1-2b5e-4251-9226-aa7b6c082bb7" />
    <UnitTestResult executionId="7d271d79-7b97-4a82-8986-c50bc23abf7f" testId="d4dd781d-c9bf-5d46-b133-a99b71a808ed" testName="LiteDB.Fuzz.Tests.FuzzReliability_Tests.Interesting_corpus_keeps_the_longest_exact_descriptor_for_a_seed" computerName="dev-build-server" duration="00:00:00.0013596" startTime="2026-09-30T19:58:28.6086524+00:00" endTime="2026-09-30T19:58:28.6086524+00:00" testType="13cdc9d9-ddb5-4fa4-a97d-d965ccfc6d4b" outcome="Passed" testListId="8c84fa94-04c1-424b-9868-57a2d4851a1d" relativeResultsDirectory="7d271d79-7b97-4a82-8986-c50bc23abf7f" />
    <UnitTestResult executionId="a6184d6f-50a8-45c0-8e41-81d0e92be330" testId="8d33690f-448b-fda0-4f07-bfa77ec02f38" testName="LiteDB.Fuzz.Tests.FuzzReliability_Tests.Step_files_keep_only_the_current_step_and_failures_copy_its_state" computerName="dev-build-server" duration="00:00:00.0235512" startTime="2026-09-30T19:58:27.8229512+00:00" endTime="2026-09-30T19:58:27.8229512+00:00" testType="13cdc9d9-ddb5-4fa4-a97d-d965ccfc6d4b" outcome="Passed" testListId="8c84fa94-04c1-424b-9868-57a2d4851a1d" relativeResultsDirectory="a6184d6f-50a8-45c0-8e41-81d0e92be330" />
    <UnitTestResult executionId="bf64ab6f-599c-4ec8-a520-c35362222b8a" testId="4797c1e5-9a0a-a553-cd46-e83d71b758dd" testName="LiteDB.Fuzz.Tests.SharedLifecycleProgress_Tests.Waiting_later_does_not_reset_the_command_invocation_deadline" computerName="dev-build-server" duration="00:00:00.7329503" startTime="2026-09-30T19:58:29.7874487+00:00" endTime="2026-09-30T19:58:29.7874488+00:00" testType="13cdc9d9-ddb5-4fa4-a97d-d965ccfc6d4b" outcome="Passed" testListId="8c84fa94-04c1-424b-9868-57a2d4851a1d" relativeResultsDirectory="bf64ab6f-599c-4ec8-a520-c35362222b8a" />
    <UnitTestResult executionId="93e35bb9-f14b-41e6-91b5-74289f187078" testId="43867211-d15f-aaa4-4f74-e155557f2a57" testName="LiteDB.Fuzz.Tests.SharedLifecycleOracle_Tests.Unknown_outcome_accepts_only_a_complete_before_or_after_group(commit: True)" computerName="dev-build-server" duration="00:00:00.1657448" startTime="2026-09-30T19:58:29.1480797+00:00" endTime="2026-09-30T19:58:29.1480799+00:00" testType="13cdc9d9-ddb5-4fa4-a97d-d965ccfc6d4b" outcome="Passed" testListId="8c84fa94-04c1-424b-9868-57a2d4851a1d" relativeResultsDirectory="93e35bb9-f14b-41e6-91b5-74289f187078" />
    <UnitTestResult executionId="5d954c21-1f39-4e10-b813-75de4f7f0236" testId="be7daa39-509c-ecae-7146-e4cfcc5d6c16" testName="LiteDB.Fuzz.Tests.CheckpointedFileVerifier_Tests.Raw_validation_is_read_only_and_rejects_uncheckpointed_or_broken_files(state: &quot;wal&quot;)" computerName="dev-build-server" duration="00:00:00.5206127" startTime="2026-09-30T19:58:29.3965855+00:00" endTime="2026-09-30T19:58:29.3965855+00:00" testType="13cdc9d9-ddb5-4fa4-a97d-d965ccfc6d4b" outcome="Passed" testListId="8c84fa94-04c1-424b-9868-57a2d4851a1d" relativeResultsDirectory="5d954c21-1f39-4e10-b813-75de4f7f0236" />
    <UnitTestResult executionId="ef2679f6-baa1-4d3e-9a1e-b0c31bbb5a9f" testId="bb053f17-ecfe-9938-399e-264ce4121aae" testName="LiteDB.Fuzz.Tests.FuzzReliability_Tests.Finding_fingerprints_remove_volatile_values_without_merging_defects" computerName="dev-build-server" duration="00:00:00.0015718" startTime="2026-09-30T19:58:28.6072299+00:00" endTime="2026-09-30T19:58:28.6072300+00:00" testType="13cdc9d9-ddb5-4fa4-a97d-d965ccfc6d4b" outcome="Passed" testListId="8c84fa94-04c1-424b-9868-57a2d4851a1d" relativeResultsDirectory="ef2679f6-baa1-4d3e-9a1e-b0c31bbb5a9f" />
    <UnitTestResult executionId="e3fc609c-c06c-48e6-beb3-5e12347aba9b" testId="147ff2f8-34aa-8c05-7ec6-e752628d3540" testName="LiteDB.Fuzz.Tests.FuzzReliability_Tests.Timed_out_minimization_keeps_the_original_failure_classification" computerName="dev-build-server" duration="00:00:00.5490874" startTime="2026-09-30T19:58:28.3357460+00:00" endTime="2026-09-30T19:58:28.3357461+00:00" testType="13cdc9d9-ddb5-4fa4-a97d-d965ccfc6d4b" outcome="Passed" testListId="8c84fa94-04c1-424b-9868-57a2d4851a1d" relativeResultsDirectory="e3fc609c-c06c-48e6-beb3-5e12347aba9b" />
    <UnitTestResult executionId="671606ee-04cc-458c-a526-489d1161ff3b" testId="9e4ca379-7cfd-1f85-126a-1d48aee3dc8f" testName="LiteDB.Fuzz.Tests.SharedLifecycleOracle_Tests.Independent_model_rejects_controlled_bad_states(mutation: &quot;sentinel&quot;)" computerName="dev-build-server" duration="00:00:00.1752521" startTime="2026-09-30T19:58:28.4481012+00:00" endTime="2026-09-30T19:58:28.4481013+00:00" testType="13cdc9d9-ddb5-4fa4-a97d-d965ccfc6d4b" outcome="Passed" testListId="8c84fa94-04c1-424b-9868-57a2d4851a1d" relativeResultsDirectory="671606ee-04cc-458c-a526-489d1161ff3b" />
    <UnitTestResult executionId="74678f94-86a0-4514-ad05-9fcc3c693564" testId="b8cbaffd-34bc-0ae9-361a-95ab4d4702dd" testName="LiteDB.Fuzz.Tests.FuzzReliability_Tests.Minimization_trial_wait_is_bounded_and_keeps_pulsing" computerName="dev-build-server" duration="00:00:00.0315637" startTime="2026-09-30T19:58:28.4064014+00:00" endTime="2026-09-30T19:58:28.4064015+00:00" testType="13cdc9d9-ddb5-4fa4-a97d-d965ccfc6d4b" outcome="Passed" testListId="8c84fa94-04c1-424b-9868-57a2d4851a1d" relativeResultsDirectory="74678f94-86a0-4514-ad05-9fcc3c693564" />
    <UnitTestResult executionId="8002facd-e013-46db-b75c-9ca24bb07a5f" testId="feb772a2-0030-099a-dd56-5006df05026b" testName="LiteDB.Fuzz.Tests.SharedProcessReplay_Tests.Native_process_ids_do_not_change_the_replay_contract" computerName="dev-build-server" duration="00:00:02.7224162" startTime="2026-09-30T19:58:30.3693847+00:00" endTime="2026-09-30T19:58:30.3693849+00:00" testType="13cdc9d9-ddb5-4fa4-a97d-d965ccfc6d4b" outcome="Passed" testListId="8c84fa94-04c1-424b-9868-57a2d4851a1d" relativeResultsDirectory="8002facd-e013-46db-b75c-9ca24bb07a5f" />
    <UnitTestResult executionId="e9a10da4-1619-4baf-806e-a969bde7aad0" testId="9d58f0a1-45c1-ecf8-a6a1-804cf5cecec0" testName="LiteDB.Fuzz.Tests.FuzzReliability_Tests.A_count_bound_run_does_not_start_over_the_budget" computerName="dev-build-server" duration="00:00:00.0034694" startTime="2026-09-30T19:58:28.5710650+00:00" endTime="2026-09-30T19:58:28.5710650+00:00" testType="13cdc9d9-ddb5-4fa4-a97d-d965ccfc6d4b" outcome="Passed" testListId="8c84fa94-04c1-424b-9868-57a2d4851a1d" relativeResultsDirectory="e9a10da4-1619-4baf-806e-a969bde7aad0" />
    <UnitTestResult executionId="da296fbe-f4c4-4acb-a446-6878b7d6bba8" testId="96b8ccdf-77e2-1a27-536f-58468091cbe5" testName="LiteDB.Fuzz.Tests.SharedCheckpointCrashScope_Tests.Only_checkpoint_crash_workers_retain_the_native_mutex_after_commit(phase: &quot;checkpoint-after-clear&quot;, retained: True)" computerName="dev-build-server" duration="00:00:00.0861261" startTime="2026-09-30T19:58:27.9665687+00:00" endTime="2026-09-30T19:58:27.9665688+00:00" testType="13cdc9d9-ddb5-4fa4-a97d-d965ccfc6d4b" outcome="Passed" testListId="8c84fa94-04c1-424b-9868-57a2d4851a1d" relativeResultsDirectory="da296fbe-f4c4-4acb-a446-6878b7d6bba8" />
    <UnitTestResult executionId="85ba6115-0f1f-4897-89ca-5b4f08220a6d" testId="22e6ce5f-c4fe-c102-5606-290914920230" testName="LiteDB.Fuzz.Tests.SharedCheckpointCrashScope_Tests.Only_checkpoint_crash_workers_retain_the_native_mutex_after_commit(phase: &quot;checkpoint-before-clear&quot;, retained: True)" computerName="dev-build-server" duration="00:00:00.0905905" startTime="2026-09-30T19:58:28.0572282+00:00" endTime="2026-09-30T19:58:28.0572283+00:00" testType="13cdc9d9-ddb5-4fa4-a97d-d965ccfc6d4b" outcome="Passed" testListId="8c84fa94-04c1-424b-9868-57a2d4851a1d" relativeResultsDirectory="85ba6115-0f1f-4897-89ca-5b4f08220a6d" />
    <UnitTestResult executionId="03d2ca60-4a21-42df-84cc-408f84961ddc" testId="5bc6b267-1391-3bb0-ebf7-d612cfa4e71c" testName="LiteDB.Fuzz.Tests.FuzzReliability_Tests.Passed_runs_do_not_copy_registered_state" computerName="dev-build-server" duration="00:00:00.0771145" startTime="2026-09-30T19:58:27.7289706+00:00" endTime="2026-09-30T19:58:27.7289839+00:00" testType="13cdc9d9-ddb5-4fa4-a97d-d965ccfc6d4b" outcome="Passed" testListId="8c84fa94-04c1-424b-9868-57a2d4851a1d" relativeResultsDirectory="03d2ca60-4a21-42df-84cc-408f84961ddc" />
    <UnitTestResult executionId="af28f804-f30e-4523-b7e2-14a1753afac8" testId="c4f27e5c-e1e9-4a2c-9377-3162aded4341" testName="LiteDB.Fuzz.Tests.SharedLifecycleOracle_Tests.Independent_model_rejects_controlled_bad_states(mutation: &quot;partial-update&quot;)" computerName="dev-build-server" duration="00:00:00.3007758" startTime="2026-09-30T19:58:27.9472560+00:00" endTime="2026-09-30T19:58:27.9472560+00:00" testType="13cdc9d9-ddb5-4fa4-a97d-d965ccfc6d4b" outcome="Passed" testListId="8c84fa94-04c1-424b-9868-57a2d4851a1d" relativeResultsDirectory="af28f804-f30e-4523-b7e2-14a1753afac8" />
    <UnitTestResult executionId="7795fa97-3b4d-445f-bfa3-df4614cbc304" testId="7ab24a70-f6be-639d-c317-a149e3b11bc3" testName="LiteDB.Fuzz.Tests.SharedLifecycleOracle_Tests.Independent_model_rejects_controlled_bad_states(mutation: &quot;ack-loss&quot;)" computerName="dev-build-server" duration="00:00:00.1005860" startTime="2026-09-30T19:58:28.5487576+00:00" endTime="2026-09-30T19:58:28.5487577+00:00" testType="13cdc9d9-ddb5-4fa4-a97d-d965ccfc6d4b" outcome="Passed" testListId="8c84fa94-04c1-424b-9868-57a2d4851a1d" relativeResultsDirectory="7795fa97-3b4d-445f-bfa3-df4614cbc304" />
    <UnitTestResult executionId="7fd09ee2-02d8-4b2a-9e26-72f09b247dde" testId="bfe5f971-6493-8110-be47-3306849085f3" testName="LiteDB.Fuzz.Tests.FuzzReliability_Tests.Oracle_mutations_use_and_fail_the_real_verification_paths" computerName="dev-build-server" duration="00:00:00.0114244" startTime="2026-09-30T19:58:27.7624099+00:00" endTime="2026-09-30T19:58:27.7624100+00:00" testType="13cdc9d9-ddb5-4fa4-a97d-d965ccfc6d4b" outcome="Passed" testListId="8c84fa94-04c1-424b-9868-57a2d4851a1d" relativeResultsDirectory="7fd09ee2-02d8-4b2a-9e26-72f09b247dde" />
    <UnitTestResult executionId="455fef7e-cdda-486d-840f-5856b7771f73" testId="40e3da30-5601-5dac-e26d-8efce42b4c68" testName="LiteDB.Fuzz.Tests.FuzzReliability_Tests.A_shard_the_budget_stops_before_its_first_epoch_blocks_the_build" computerName="dev-build-server" duration="00:00:00.0202154" startTime="2026-09-30T19:58:27.7509468+00:00" endTime="2026-09-30T19:58:27.7509468+00:00" testType="13cdc9d9-ddb5-4fa4-a97d-d965ccfc6d4b" outcome="Passed" testListId="8c84fa94-04c1-424b-9868-57a2d4851a1d" relativeResultsDirectory="455fef7e-cdda-486d-840f-5856b7771f73" />
    <UnitTestResult executionId="478a8ac0-8044-489a-9ca5-5df541bb0bd3" testId="3e3e11b9-57df-4ba6-4545-d4b63f746b72" testName="LiteDB.Fuzz.Tests.SharedLifecycleProgress_Tests.An_unreached_native_marker_is_not_accepted_as_deadlock_prevention" computerName="dev-build-server" duration="00:00:00.4314084" startTime="2026-09-30T19:58:28.0780749+00:00" endTime="2026-09-30T19:58:28.0780750+00:00" testType="13cdc9d9-ddb5-4fa4-a97d-d965ccfc6d4b" outcome="Passed" testListId="8c84fa94-04c1-424b-9868-57a2d4851a1d" relativeResultsDirectory="478a8ac0-8044-489a-9ca5-5df541bb0bd3" />
    <UnitTestResult executionId="3837f39d-a866-41a2-bfa6-262ede884888" testId="3d936208-3f8c-724b-daa7-0ab99254d5d2" testName="LiteDB.Fuzz.Tests.SharedLifecycleOracle_Tests.Independent_model_rejects_controlled_bad_states(mutation: &quot;partial-delete&quot;)" computerName="dev-build-server" duration="00:00:00.1609871" startTime="2026-09-30T19:58:28.2727599+00:00" endTime="2026-09-30T19:58:28.2727600+00:00" testType="13cdc9d9-ddb5-4fa4-a97d-d965ccfc6d4b" outcome="Passed" testListId="8c84fa94-04c1-424b-9868-57a2d4851a1d" relativeResultsDirectory="3837f39d-a866-41a2-bfa6-262ede884888" />
    <UnitTestResult executionId="22fa3ff7-7d7c-4970-8a73-e64fcda76c36" testId="74eaf1cd-6029-1399-7f5b-7e47ec07e155" testName="LiteDB.Fuzz.Tests.SharedLifecycleOracle_Tests.Independent_model_rejects_controlled_bad_states(mutation: &quot;partial-insert&quot;)" computerName="dev-build-server" duration="00:00:00.1645959" startTime="2026-09-30T19:58:28.8714223+00:00" endTime="2026-09-30T19:58:28.8714224+00:00" testType="13cdc9d9-ddb5-4fa4-a97d-d965ccfc6d4b" outcome="Passed" testListId="8c84fa94-04c1-424b-9868-57a2d4851a1d" relativeResultsDirectory="22fa3ff7-7d7c-4970-8a73-e64fcda76c36" />
    <UnitTestResult executionId="2f66d1f2-eec0-4f73-9f59-fa1c0592d7a4" testId="1945c8c9-5e4b-e321-8f5e-f849a924825d" testName="LiteDB.Fuzz.Tests.CheckpointedFileVerifier_Tests.Raw_validation_is_read_only_and_rejects_uncheckpointed_or_broken_files(state: &quot;valid&quot;)" computerName="dev-build-server" duration="00:00:00.6970563" startTime="2026-09-30T19:58:28.3435194+00:00" endTime="2026-09-30T19:58:28.3435195+00:00" testType="13cdc9d9-ddb5-4fa4-a97d-d965ccfc6d4b" outcome="Passed" testListId="8c84fa94-04c1-424b-9868-57a2d4851a1d" relativeResultsDirectory="2f66d1f2-eec0-4f73-9f59-fa1c0592d7a4" />
    <UnitTestResult executionId="a1ebc40b-79d8-4ea4-918c-a100da6fe46c" testId="51de91a3-ddcc-b00a-a5ad-4aa88ca7056c" testName="LiteDB.Fuzz.Tests.SharedLifecycleOracle_Tests.Independent_model_rejects_controlled_bad_states(mutation: &quot;index&quot;)" computerName="dev-build-server" duration="00:00:00.1643681" startTime="2026-09-30T19:58:28.1117198+00:00" endTime="2026-09-30T19:58:28.1117198+00:00" testType="13cdc9d9-ddb5-4fa4-a97d-d965ccfc6d4b" outcome="Passed" testListId="8c84fa94-04c1-424b-9868-57a2d4851a1d" relativeResultsDirectory="a1ebc40b-79d8-4ea4-918c-a100da6fe46c" />
    <UnitTestResult executionId="dffe1d82-d69e-45d0-92d2-c350af449fda" testId="979b278b-83e3-d89b-06bc-4c13a236167d" testName="LiteDB.Fuzz.Tests.SharedLifecycleOracle_Tests.Unknown_outcome_accepts_only_a_complete_before_or_after_group(commit: False)" computerName="dev-build-server" duration="00:00:00.1107364" startTime="2026-09-30T19:58:28.9822588+00:00" endTime="2026-09-30T19:58:28.9822590+00:00" testType="13cdc9d9-ddb5-4fa4-a97d-d965ccfc6d4b" outcome="Passed" testListId="8c84fa94-04c1-424b-9868-57a2d4851a1d" relativeResultsDirectory="dffe1d82-d69e-45d0-92d2-c350af449fda" />
    <UnitTestResult executionId="d5137727-2262-4a8b-b1bf-7f191ea749aa" testId="e5bb1500-6297-f8a2-8324-3e26b812f67a" testName="LiteDB.Fuzz.Tests.FuzzReliability_Tests.Interesting_corpus_retains_only_the_inputs_the_next_campaign_replays" computerName="dev-build-server" duration="00:00:00.1608065" startTime="2026-09-30T19:58:28.5675375+00:00" endTime="2026-09-30T19:58:28.5675376+00:00" testType="13cdc9d9-ddb5-4fa4-a97d-d965ccfc6d4b" outcome="Passed" testListId="8c84fa94-04c1-424b-9868-57a2d4851a1d" relativeResultsDirectory="d5137727-2262-4a8b-b1bf-7f191ea749aa" />
    <UnitTestResult executionId="ca298ecb-5f2f-4ad9-b371-401e361f2664" testId="22a51378-9534-bf5d-f96b-cb3d3ad60ee6" testName="LiteDB.Fuzz.Tests.FuzzReliability_Tests.Discovery_continues_only_for_active_known_or_expected_findings" computerName="dev-build-server" duration="00:00:00.0078762" startTime="2026-09-30T19:58:28.3745126+00:00" endTime="2026-09-30T19:58:28.3745127+00:00" testType="13cdc9d9-ddb5-4fa4-a97d-d965ccfc6d4b" outcome="Passed" testListId="8c84fa94-04c1-424b-9868-57a2d4851a1d" relativeResultsDirectory="ca298ecb-5f2f-4ad9-b371-401e361f2664" />
    <UnitTestResult executionId="fa2f3327-16e1-4363-a638-899b7e7a23ad" testId="ffd9a5c9-addc-13f9-e801-3860511d0df2" testName="LiteDB.Fuzz.Tests.SharedLifecycleOracle_Tests.Independent_model_rejects_controlled_bad_states(mutation: &quot;peer-partial&quot;)" computerName="dev-build-server" duration="00:00:00.1578234" startTime="2026-09-30T19:58:28.7067244+00:00" endTime="2026-09-30T19:58:28.7067245+00:00" testType="13cdc9d9-ddb5-4fa4-a97d-d965ccfc6d4b" outcome="Passed" testListId="8c84fa94-04c1-424b-9868-57a2d4851a1d" relativeResultsDirectory="fa2f3327-16e1-4363-a638-899b7e7a23ad" />
    <UnitTestResult executionId="d2f51f3b-0c58-4eea-b206-a4b72d940317" testId="046561ec-88ad-0c25-9f56-a91a4bac7612" testName="LiteDB.Fuzz.Tests.CheckpointedFileVerifier_Tests.Raw_validation_is_read_only_and_rejects_uncheckpointed_or_broken_files(state: &quot;truncated&quot;)" computerName="dev-build-server" duration="00:00:00.5323004" startTime="2026-09-30T19:58:28.8758689+00:00" endTime="2026-09-30T19:58:28.8758690+00:00" testType="13cdc9d9-ddb5-4fa4-a97d-d965ccfc6d4b" outcome="Passed" testListId="8c84fa94-04c1-424b-9868-57a2d4851a1d" relativeResultsDirectory="d2f51f3b-0c58-4eea-b206-a4b72d940317" />
    <UnitTestResult executionId="9816973c-2b4f-4cf7-9d57-30894a079272" testId="0db8bdff-a049-b3ec-4f4f-db01659db17d" testName="LiteDB.Fuzz.Tests.SharedCheckpointCrashScope_Tests.Only_checkpoint_crash_workers_retain_the_native_mutex_after_commit(phase: &quot;wal-after-index-confirmation&quot;, retained: False)" computerName="dev-build-server" duration="00:00:00.2339050" startTime="2026-09-30T19:58:27.8803714+00:00" endTime="2026-09-30T19:58:27.8803715+00:00" testType="13cdc9d9-ddb5-4fa4-a97d-d965ccfc6d4b" outcome="Passed" testListId="8c84fa94-04c1-424b-9868-57a2d4851a1d" relativeResultsDirectory="9816973c-2b4f-4cf7-9d57-30894a079272" />
    <UnitTestResult executionId="e0bdea2f-a5c7-4641-95b0-908e1d10b5f9" testId="6d43594a-1cd6-9730-971c-8abce13240f4" testName="LiteDB.Fuzz.Tests.SnapshotWriterProgress_Tests.Bounded_writer_keeps_three_generations_and_matches_the_model" computerName="dev-build-server" duration="00:00:03.3993995" startTime="2026-09-30T19:58:31.0459885+00:00" endTime="2026-09-30T19:58:31.0459886+00:00" testType="13cdc9d9-ddb5-4fa4-a97d-d965ccfc6d4b" outcome="Passed" testListId="8c84fa94-04c1-424b-9868-57a2d4851a1d" relativeResultsDirectory="e0bdea2f-a5c7-4641-95b0-908e1d10b5f9" />
    <UnitTestResult executionId="5d84fe43-f826-4337-83ea-15c9eba6ad4b" testId="960abe66-cd82-da1b-bda6-e1b9569055e2" testName="LiteDB.Fuzz.Tests.FuzzReliability_Tests.Power_loss_scenarios_are_seeded_replayable_and_multi_operation" computerName="dev-build-server" duration="00:00:00.0073308" startTime="2026-09-30T19:58:28.5784451+00:00" endTime="2026-09-30T19:58:28.5784451+00:00" testType="13cdc9d9-ddb5-4fa4-a97d-d965ccfc6d4b" outcome="Passed" testListId="8c84fa94-04c1-424b-9868-57a2d4851a1d" relativeResultsDirectory="5d84fe43-f826-4337-83ea-15c9eba6ad4b" />
    <UnitTestResult executionId="b6909dcc-0c41-42af-951a-5edc9b1c1067" testId="3cdc1ae5-8ad0-2ec7-a564-6f2dce6aa326" testName="LiteDB.Fuzz.Tests.FuzzReliability_Tests.Equal_signatures_from_different_seeds_keep_distinct_inputs" computerName="dev-build-server" duration="00:00:00.0266822" startTime="2026-09-30T19:58:28.6055537+00:00" endTime="2026-09-30T19:58:28.6055538+00:00" testType="13cdc9d9-ddb5-4fa4-a97d-d965ccfc6d4b" outcome="Passed" testListId="8c84fa94-04c1-424b-9868-57a2d4851a1d" relativeResultsDirectory="b6909dcc-0c41-42af-951a-5edc9b1c1067" />
  </Results>
  <TestDefinitions>
    <UnitTest name="LiteDB.Fuzz.Tests.FuzzReliability_Tests.Interesting_corpus_retains_only_the_inputs_the_next_campaign_replays" storage="__LOCAL_HOME__/.t3/worktrees/litedb/t3code-0cc13448/artifacts_temp/concurrency-audit/litedb.fuzz.tests/bin/release/net8.0/litedb.fuzz.tests.dll" id="e5bb1500-6297-f8a2-8324-3e26b812f67a">
      <Execution id="d5137727-2262-4a8b-b1bf-7f191ea749aa" />
      <TestMethod codeBase="__WORKSPACE__/artifacts_temp/concurrency-audit/LiteDB.Fuzz.Tests/bin/Release/net8.0/LiteDB.Fuzz.Tests.dll" adapterTypeName="executor://xunit/VsTestRunner2/netcoreapp" className="LiteDB.Fuzz.Tests.FuzzReliability_Tests" name="Interesting_corpus_retains_only_the_inputs_the_next_campaign_replays" />
    </UnitTest>
    <UnitTest name="LiteDB.Fuzz.Tests.SharedLifecycleOracle_Tests.Independent_model_rejects_controlled_bad_states(mutation: &quot;partial-delete&quot;)" storage="__LOCAL_HOME__/.t3/worktrees/litedb/t3code-0cc13448/artifacts_temp/concurrency-audit/litedb.fuzz.tests/bin/release/net8.0/litedb.fuzz.tests.dll" id="3d936208-3f8c-724b-daa7-0ab99254d5d2">
      <Execution id="3837f39d-a866-41a2-bfa6-262ede884888" />
      <TestMethod codeBase="__WORKSPACE__/artifacts_temp/concurrency-audit/LiteDB.Fuzz.Tests/bin/Release/net8.0/LiteDB.Fuzz.Tests.dll" adapterTypeName="executor://xunit/VsTestRunner2/netcoreapp" className="LiteDB.Fuzz.Tests.SharedLifecycleOracle_Tests" name="Independent_model_rejects_controlled_bad_states" />
    </UnitTest>
    <UnitTest name="LiteDB.Fuzz.Tests.SnapshotWriterProgress_Tests.Bounded_writer_keeps_three_generations_and_matches_the_model" storage="__LOCAL_HOME__/.t3/worktrees/litedb/t3code-0cc13448/artifacts_temp/concurrency-audit/litedb.fuzz.tests/bin/release/net8.0/litedb.fuzz.tests.dll" id="6d43594a-1cd6-9730-971c-8abce13240f4">
      <Execution id="e0bdea2f-a5c7-4641-95b0-908e1d10b5f9" />
      <TestMethod codeBase="__WORKSPACE__/artifacts_temp/concurrency-audit/LiteDB.Fuzz.Tests/bin/Release/net8.0/LiteDB.Fuzz.Tests.dll" adapterTypeName="executor://xunit/VsTestRunner2/netcoreapp" className="LiteDB.Fuzz.Tests.SnapshotWriterProgress_Tests" name="Bounded_writer_keeps_three_generations_and_matches_the_model" />
    </UnitTest>
    <UnitTest name="LiteDB.Fuzz.Tests.SharedLifecycleOracle_Tests.Independent_model_rejects_controlled_bad_states(mutation: &quot;peer-partial&quot;)" storage="__LOCAL_HOME__/.t3/worktrees/litedb/t3code-0cc13448/artifacts_temp/concurrency-audit/litedb.fuzz.tests/bin/release/net8.0/litedb.fuzz.tests.dll" id="ffd9a5c9-addc-13f9-e801-3860511d0df2">
      <Execution id="fa2f3327-16e1-4363-a638-899b7e7a23ad" />
      <TestMethod codeBase="__WORKSPACE__/artifacts_temp/concurrency-audit/LiteDB.Fuzz.Tests/bin/Release/net8.0/LiteDB.Fuzz.Tests.dll" adapterTypeName="executor://xunit/VsTestRunner2/netcoreapp" className="LiteDB.Fuzz.Tests.SharedLifecycleOracle_Tests" name="Independent_model_rejects_controlled_bad_states" />
    </UnitTest>
    <UnitTest name="LiteDB.Fuzz.Tests.SharedLifecycleOracle_Tests.Unknown_outcome_accepts_only_a_complete_before_or_after_group(commit: True)" storage="__LOCAL_HOME__/.t3/worktrees/litedb/t3code-0cc13448/artifacts_temp/concurrency-audit/litedb.fuzz.tests/bin/release/net8.0/litedb.fuzz.tests.dll" id="43867211-d15f-aaa4-4f74-e155557f2a57">
      <Execution id="93e35bb9-f14b-41e6-91b5-74289f187078" />
      <TestMethod codeBase="__WORKSPACE__/artifacts_temp/concurrency-audit/LiteDB.Fuzz.Tests/bin/Release/net8.0/LiteDB.Fuzz.Tests.dll" adapterTypeName="executor://xunit/VsTestRunner2/netcoreapp" className="LiteDB.Fuzz.Tests.SharedLifecycleOracle_Tests" name="Unknown_outcome_accepts_only_a_complete_before_or_after_group" />
    </UnitTest>
    <UnitTest name="LiteDB.Fuzz.Tests.SharedLifecycleProgress_Tests.Waiting_later_does_not_reset_the_command_invocation_deadline" storage="__LOCAL_HOME__/.t3/worktrees/litedb/t3code-0cc13448/artifacts_temp/concurrency-audit/litedb.fuzz.tests/bin/release/net8.0/litedb.fuzz.tests.dll" id="4797c1e5-9a0a-a553-cd46-e83d71b758dd">
      <Execution id="bf64ab6f-599c-4ec8-a520-c35362222b8a" />
      <TestMethod codeBase="__WORKSPACE__/artifacts_temp/concurrency-audit/LiteDB.Fuzz.Tests/bin/Release/net8.0/LiteDB.Fuzz.Tests.dll" adapterTypeName="executor://xunit/VsTestRunner2/netcoreapp" className="LiteDB.Fuzz.Tests.SharedLifecycleProgress_Tests" name="Waiting_later_does_not_reset_the_command_invocation_deadline" />
    </UnitTest>
    <UnitTest name="LiteDB.Fuzz.Tests.FuzzReliability_Tests.Equal_signatures_from_different_seeds_keep_distinct_inputs" storage="__LOCAL_HOME__/.t3/worktrees/litedb/t3code-0cc13448/artifacts_temp/concurrency-audit/litedb.fuzz.tests/bin/release/net8.0/litedb.fuzz.tests.dll" id="3cdc1ae5-8ad0-2ec7-a564-6f2dce6aa326">
      <Execution id="b6909dcc-0c41-42af-951a-5edc9b1c1067" />
      <TestMethod codeBase="__WORKSPACE__/artifacts_temp/concurrency-audit/LiteDB.Fuzz.Tests/bin/Release/net8.0/LiteDB.Fuzz.Tests.dll" adapterTypeName="executor://xunit/VsTestRunner2/netcoreapp" className="LiteDB.Fuzz.Tests.FuzzReliability_Tests" name="Equal_signatures_from_different_seeds_keep_distinct_inputs" />
    </UnitTest>
    <UnitTest name="LiteDB.Fuzz.Tests.SharedLifecycleOracle_Tests.Independent_model_rejects_controlled_bad_states(mutation: &quot;ack-loss&quot;)" storage="__LOCAL_HOME__/.t3/worktrees/litedb/t3code-0cc13448/artifacts_temp/concurrency-audit/litedb.fuzz.tests/bin/release/net8.0/litedb.fuzz.tests.dll" id="7ab24a70-f6be-639d-c317-a149e3b11bc3">
      <Execution id="7795fa97-3b4d-445f-bfa3-df4614cbc304" />
      <TestMethod codeBase="__WORKSPACE__/artifacts_temp/concurrency-audit/LiteDB.Fuzz.Tests/bin/Release/net8.0/LiteDB.Fuzz.Tests.dll" adapterTypeName="executor://xunit/VsTestRunner2/netcoreapp" className="LiteDB.Fuzz.Tests.SharedLifecycleOracle_Tests" name="Independent_model_rejects_controlled_bad_states" />
    </UnitTest>
    <UnitTest name="LiteDB.Fuzz.Tests.SharedCheckpointCrashScope_Tests.Only_checkpoint_crash_workers_retain_the_native_mutex_after_commit(phase: null, retained: False)" storage="__LOCAL_HOME__/.t3/worktrees/litedb/t3code-0cc13448/artifacts_temp/concurrency-audit/litedb.fuzz.tests/bin/release/net8.0/litedb.fuzz.tests.dll" id="7b8c2325-66d3-3e83-a4f0-91f0275d8e44">
      <Execution id="a129c6fc-3095-4cea-bec5-b9d8f8350366" />
      <TestMethod codeBase="__WORKSPACE__/artifacts_temp/concurrency-audit/LiteDB.Fuzz.Tests/bin/Release/net8.0/LiteDB.Fuzz.Tests.dll" adapterTypeName="executor://xunit/VsTestRunner2/netcoreapp" className="LiteDB.Fuzz.Tests.SharedCheckpointCrashScope_Tests" name="Only_checkpoint_crash_workers_retain_the_native_mutex_after_commit" />
    </UnitTest>
    <UnitTest name="LiteDB.Fuzz.Tests.SharedLifecycleProgress_Tests.An_unreached_native_marker_is_not_accepted_as_deadlock_prevention" storage="__LOCAL_HOME__/.t3/worktrees/litedb/t3code-0cc13448/artifacts_temp/concurrency-audit/litedb.fuzz.tests/bin/release/net8.0/litedb.fuzz.tests.dll" id="3e3e11b9-57df-4ba6-4545-d4b63f746b72">
      <Execution id="478a8ac0-8044-489a-9ca5-5df541bb0bd3" />
      <TestMethod codeBase="__WORKSPACE__/artifacts_temp/concurrency-audit/LiteDB.Fuzz.Tests/bin/Release/net8.0/LiteDB.Fuzz.Tests.dll" adapterTypeName="executor://xunit/VsTestRunner2/netcoreapp" className="LiteDB.Fuzz.Tests.SharedLifecycleProgress_Tests" name="An_unreached_native_marker_is_not_accepted_as_deadlock_prevention" />
    </UnitTest>
    <UnitTest name="LiteDB.Fuzz.Tests.SharedLifecycleProgress_Tests.One_stalled_actor_fails_even_while_an_independent_peer_completes_commands" storage="__LOCAL_HOME__/.t3/worktrees/litedb/t3code-0cc13448/artifacts_temp/concurrency-audit/litedb.fuzz.tests/bin/release/net8.0/litedb.fuzz.tests.dll" id="6846bac1-709c-4226-9840-56a82dff0ebf">
      <Execution id="6c5a6d57-8f6e-4801-9bd3-5f880f6ff064" />
      <TestMethod codeBase="__WORKSPACE__/artifacts_temp/concurrency-audit/LiteDB.Fuzz.Tests/bin/Release/net8.0/LiteDB.Fuzz.Tests.dll" adapterTypeName="executor://xunit/VsTestRunner2/netcoreapp" className="LiteDB.Fuzz.Tests.SharedLifecycleProgress_Tests" name="One_stalled_actor_fails_even_while_an_independent_peer_completes_commands" />
    </UnitTest>
    <UnitTest name="LiteDB.Fuzz.Tests.FuzzReliability_Tests.A_shard_the_budget_stops_before_its_first_epoch_blocks_the_build" storage="__LOCAL_HOME__/.t3/worktrees/litedb/t3code-0cc13448/artifacts_temp/concurrency-audit/litedb.fuzz.tests/bin/release/net8.0/litedb.fuzz.tests.dll" id="40e3da30-5601-5dac-e26d-8efce42b4c68">
      <Execution id="455fef7e-cdda-486d-840f-5856b7771f73" />
      <TestMethod codeBase="__WORKSPACE__/artifacts_temp/concurrency-audit/LiteDB.Fuzz.Tests/bin/Release/net8.0/LiteDB.Fuzz.Tests.dll" adapterTypeName="executor://xunit/VsTestRunner2/netcoreapp" className="LiteDB.Fuzz.Tests.FuzzReliability_Tests" name="A_shard_the_budget_stops_before_its_first_epoch_blocks_the_build" />
    </UnitTest>
    <UnitTest name="LiteDB.Fuzz.Tests.FuzzReliability_Tests.Minimization_trial_wait_is_bounded_and_keeps_pulsing" storage="__LOCAL_HOME__/.t3/worktrees/litedb/t3code-0cc13448/artifacts_temp/concurrency-audit/litedb.fuzz.tests/bin/release/net8.0/litedb.fuzz.tests.dll" id="b8cbaffd-34bc-0ae9-361a-95ab4d4702dd">
      <Execution id="74678f94-86a0-4514-ad05-9fcc3c693564" />
      <TestMethod codeBase="__WORKSPACE__/artifacts_temp/concurrency-audit/LiteDB.Fuzz.Tests/bin/Release/net8.0/LiteDB.Fuzz.Tests.dll" adapterTypeName="executor://xunit/VsTestRunner2/netcoreapp" className="LiteDB.Fuzz.Tests.FuzzReliability_Tests" name="Minimization_trial_wait_is_bounded_and_keeps_pulsing" />
    </UnitTest>
    <UnitTest name="LiteDB.Fuzz.Tests.FuzzReliability_Tests.Oracle_mutations_use_and_fail_the_real_verification_paths" storage="__LOCAL_HOME__/.t3/worktrees/litedb/t3code-0cc13448/artifacts_temp/concurrency-audit/litedb.fuzz.tests/bin/release/net8.0/litedb.fuzz.tests.dll" id="bfe5f971-6493-8110-be47-3306849085f3">
      <Execution id="7fd09ee2-02d8-4b2a-9e26-72f09b247dde" />
      <TestMethod codeBase="__WORKSPACE__/artifacts_temp/concurrency-audit/LiteDB.Fuzz.Tests/bin/Release/net8.0/LiteDB.Fuzz.Tests.dll" adapterTypeName="executor://xunit/VsTestRunner2/netcoreapp" className="LiteDB.Fuzz.Tests.FuzzReliability_Tests" name="Oracle_mutations_use_and_fail_the_real_verification_paths" />
    </UnitTest>
    <UnitTest name="LiteDB.Fuzz.Tests.SharedCheckpointCrashScope_Tests.Only_checkpoint_crash_workers_retain_the_native_mutex_after_commit(phase: &quot;checkpoint-before-clear&quot;, retained: True)" storage="__LOCAL_HOME__/.t3/worktrees/litedb/t3code-0cc13448/artifacts_temp/concurrency-audit/litedb.fuzz.tests/bin/release/net8.0/litedb.fuzz.tests.dll" id="22e6ce5f-c4fe-c102-5606-290914920230">
      <Execution id="85ba6115-0f1f-4897-89ca-5b4f08220a6d" />
      <TestMethod codeBase="__WORKSPACE__/artifacts_temp/concurrency-audit/LiteDB.Fuzz.Tests/bin/Release/net8.0/LiteDB.Fuzz.Tests.dll" adapterTypeName="executor://xunit/VsTestRunner2/netcoreapp" className="LiteDB.Fuzz.Tests.SharedCheckpointCrashScope_Tests" name="Only_checkpoint_crash_workers_retain_the_native_mutex_after_commit" />
    </UnitTest>
    <UnitTest name="LiteDB.Fuzz.Tests.FuzzReliability_Tests.Step_files_keep_only_the_current_step_and_failures_copy_its_state" storage="__LOCAL_HOME__/.t3/worktrees/litedb/t3code-0cc13448/artifacts_temp/concurrency-audit/litedb.fuzz.tests/bin/release/net8.0/litedb.fuzz.tests.dll" id="8d33690f-448b-fda0-4f07-bfa77ec02f38">
      <Execution id="a6184d6f-50a8-45c0-8e41-81d0e92be330" />
      <TestMethod codeBase="__WORKSPACE__/artifacts_temp/concurrency-audit/LiteDB.Fuzz.Tests/bin/Release/net8.0/LiteDB.Fuzz.Tests.dll" adapterTypeName="executor://xunit/VsTestRunner2/netcoreapp" className="LiteDB.Fuzz.Tests.FuzzReliability_Tests" name="Step_files_keep_only_the_current_step_and_failures_copy_its_state" />
    </UnitTest>
    <UnitTest name="LiteDB.Fuzz.Tests.CheckpointedFileVerifier_Tests.Raw_validation_is_read_only_and_rejects_uncheckpointed_or_broken_files(state: &quot;valid&quot;)" storage="__LOCAL_HOME__/.t3/worktrees/litedb/t3code-0cc13448/artifacts_temp/concurrency-audit/litedb.fuzz.tests/bin/release/net8.0/litedb.fuzz.tests.dll" id="1945c8c9-5e4b-e321-8f5e-f849a924825d">
      <Execution id="2f66d1f2-eec0-4f73-9f59-fa1c0592d7a4" />
      <TestMethod codeBase="__WORKSPACE__/artifacts_temp/concurrency-audit/LiteDB.Fuzz.Tests/bin/Release/net8.0/LiteDB.Fuzz.Tests.dll" adapterTypeName="executor://xunit/VsTestRunner2/netcoreapp" className="LiteDB.Fuzz.Tests.CheckpointedFileVerifier_Tests" name="Raw_validation_is_read_only_and_rejects_uncheckpointed_or_broken_files" />
    </UnitTest>
    <UnitTest name="LiteDB.Fuzz.Tests.SharedLifecycleOracle_Tests.Independent_model_rejects_controlled_bad_states(mutation: &quot;partial-insert&quot;)" storage="__LOCAL_HOME__/.t3/worktrees/litedb/t3code-0cc13448/artifacts_temp/concurrency-audit/litedb.fuzz.tests/bin/release/net8.0/litedb.fuzz.tests.dll" id="74eaf1cd-6029-1399-7f5b-7e47ec07e155">
      <Execution id="22fa3ff7-7d7c-4970-8a73-e64fcda76c36" />
      <TestMethod codeBase="__WORKSPACE__/artifacts_temp/concurrency-audit/LiteDB.Fuzz.Tests/bin/Release/net8.0/LiteDB.Fuzz.Tests.dll" adapterTypeName="executor://xunit/VsTestRunner2/netcoreapp" className="LiteDB.Fuzz.Tests.SharedLifecycleOracle_Tests" name="Independent_model_rejects_controlled_bad_states" />
    </UnitTest>
    <UnitTest name="LiteDB.Fuzz.Tests.FuzzReliability_Tests.Power_loss_scenarios_are_seeded_replayable_and_multi_operation" storage="__LOCAL_HOME__/.t3/worktrees/litedb/t3code-0cc13448/artifacts_temp/concurrency-audit/litedb.fuzz.tests/bin/release/net8.0/litedb.fuzz.tests.dll" id="960abe66-cd82-da1b-bda6-e1b9569055e2">
      <Execution id="5d84fe43-f826-4337-83ea-15c9eba6ad4b" />
      <TestMethod codeBase="__WORKSPACE__/artifacts_temp/concurrency-audit/LiteDB.Fuzz.Tests/bin/Release/net8.0/LiteDB.Fuzz.Tests.dll" adapterTypeName="executor://xunit/VsTestRunner2/netcoreapp" className="LiteDB.Fuzz.Tests.FuzzReliability_Tests" name="Power_loss_scenarios_are_seeded_replayable_and_multi_operation" />
    </UnitTest>
    <UnitTest name="LiteDB.Fuzz.Tests.CheckpointedFileVerifier_Tests.Raw_validation_is_read_only_and_rejects_uncheckpointed_or_broken_files(state: &quot;wal&quot;)" storage="__LOCAL_HOME__/.t3/worktrees/litedb/t3code-0cc13448/artifacts_temp/concurrency-audit/litedb.fuzz.tests/bin/release/net8.0/litedb.fuzz.tests.dll" id="be7daa39-509c-ecae-7146-e4cfcc5d6c16">
      <Execution id="5d954c21-1f39-4e10-b813-75de4f7f0236" />
      <TestMethod codeBase="__WORKSPACE__/artifacts_temp/concurrency-audit/LiteDB.Fuzz.Tests/bin/Release/net8.0/LiteDB.Fuzz.Tests.dll" adapterTypeName="executor://xunit/VsTestRunner2/netcoreapp" className="LiteDB.Fuzz.Tests.CheckpointedFileVerifier_Tests" name="Raw_validation_is_read_only_and_rejects_uncheckpointed_or_broken_files" />
    </UnitTest>
    <UnitTest name="LiteDB.Fuzz.Tests.FuzzReliability_Tests.Discovery_continues_only_for_active_known_or_expected_findings" storage="__LOCAL_HOME__/.t3/worktrees/litedb/t3code-0cc13448/artifacts_temp/concurrency-audit/litedb.fuzz.tests/bin/release/net8.0/litedb.fuzz.tests.dll" id="22a51378-9534-bf5d-f96b-cb3d3ad60ee6">
      <Execution id="ca298ecb-5f2f-4ad9-b371-401e361f2664" />
      <TestMethod codeBase="__WORKSPACE__/artifacts_temp/concurrency-audit/LiteDB.Fuzz.Tests/bin/Release/net8.0/LiteDB.Fuzz.Tests.dll" adapterTypeName="executor://xunit/VsTestRunner2/netcoreapp" className="LiteDB.Fuzz.Tests.FuzzReliability_Tests" name="Discovery_continues_only_for_active_known_or_expected_findings" />
    </UnitTest>
    <UnitTest name="LiteDB.Fuzz.Tests.SharedLifecycleOracle_Tests.Independent_model_rejects_controlled_bad_states(mutation: &quot;partial-update&quot;)" storage="__LOCAL_HOME__/.t3/worktrees/litedb/t3code-0cc13448/artifacts_temp/concurrency-audit/litedb.fuzz.tests/bin/release/net8.0/litedb.fuzz.tests.dll" id="c4f27e5c-e1e9-4a2c-9377-3162aded4341">
      <Execution id="af28f804-f30e-4523-b7e2-14a1753afac8" />
      <TestMethod codeBase="__WORKSPACE__/artifacts_temp/concurrency-audit/LiteDB.Fuzz.Tests/bin/Release/net8.0/LiteDB.Fuzz.Tests.dll" adapterTypeName="executor://xunit/VsTestRunner2/netcoreapp" className="LiteDB.Fuzz.Tests.SharedLifecycleOracle_Tests" name="Independent_model_rejects_controlled_bad_states" />
    </UnitTest>
    <UnitTest name="LiteDB.Fuzz.Tests.SnapshotWriterProgress_Tests.Blocked_native_writer_times_out_and_reaps_writer_and_reader_without_mutating_committed_data" storage="__LOCAL_HOME__/.t3/worktrees/litedb/t3code-0cc13448/artifacts_temp/concurrency-audit/litedb.fuzz.tests/bin/release/net8.0/litedb.fuzz.tests.dll" id="3ba11576-a48b-9941-2493-3882cf4731fa">
      <Execution id="10cf37db-0140-4b97-bd1f-71c395f802d3" />
      <TestMethod codeBase="__WORKSPACE__/artifacts_temp/concurrency-audit/LiteDB.Fuzz.Tests/bin/Release/net8.0/LiteDB.Fuzz.Tests.dll" adapterTypeName="executor://xunit/VsTestRunner2/netcoreapp" className="LiteDB.Fuzz.Tests.SnapshotWriterProgress_Tests" name="Blocked_native_writer_times_out_and_reaps_writer_and_reader_without_mutating_committed_data" />
    </UnitTest>
    <UnitTest name="LiteDB.Fuzz.Tests.SharedLifecycleOracle_Tests.Unknown_outcome_accepts_only_a_complete_before_or_after_group(commit: False)" storage="__LOCAL_HOME__/.t3/worktrees/litedb/t3code-0cc13448/artifacts_temp/concurrency-audit/litedb.fuzz.tests/bin/release/net8.0/litedb.fuzz.tests.dll" id="979b278b-83e3-d89b-06bc-4c13a236167d">
      <Execution id="dffe1d82-d69e-45d0-92d2-c350af449fda" />
      <TestMethod codeBase="__WORKSPACE__/artifacts_temp/concurrency-audit/LiteDB.Fuzz.Tests/bin/Release/net8.0/LiteDB.Fuzz.Tests.dll" adapterTypeName="executor://xunit/VsTestRunner2/netcoreapp" className="LiteDB.Fuzz.Tests.SharedLifecycleOracle_Tests" name="Unknown_outcome_accepts_only_a_complete_before_or_after_group" />
    </UnitTest>
    <UnitTest name="LiteDB.Fuzz.Tests.SharedLifecycleOracle_Tests.Independent_model_rejects_controlled_bad_states(mutation: &quot;sentinel&quot;)" storage="__LOCAL_HOME__/.t3/worktrees/litedb/t3code-0cc13448/artifacts_temp/concurrency-audit/litedb.fuzz.tests/bin/release/net8.0/litedb.fuzz.tests.dll" id="9e4ca379-7cfd-1f85-126a-1d48aee3dc8f">
      <Execution id="671606ee-04cc-458c-a526-489d1161ff3b" />
      <TestMethod codeBase="__WORKSPACE__/artifacts_temp/concurrency-audit/LiteDB.Fuzz.Tests/bin/Release/net8.0/LiteDB.Fuzz.Tests.dll" adapterTypeName="executor://xunit/VsTestRunner2/netcoreapp" className="LiteDB.Fuzz.Tests.SharedLifecycleOracle_Tests" name="Independent_model_rejects_controlled_bad_states" />
    </UnitTest>
    <UnitTest name="LiteDB.Fuzz.Tests.FuzzReliability_Tests.Finding_fingerprints_remove_volatile_values_without_merging_defects" storage="__LOCAL_HOME__/.t3/worktrees/litedb/t3code-0cc13448/artifacts_temp/concurrency-audit/litedb.fuzz.tests/bin/release/net8.0/litedb.fuzz.tests.dll" id="bb053f17-ecfe-9938-399e-264ce4121aae">
      <Execution id="ef2679f6-baa1-4d3e-9a1e-b0c31bbb5a9f" />
      <TestMethod codeBase="__WORKSPACE__/artifacts_temp/concurrency-audit/LiteDB.Fuzz.Tests/bin/Release/net8.0/LiteDB.Fuzz.Tests.dll" adapterTypeName="executor://xunit/VsTestRunner2/netcoreapp" className="LiteDB.Fuzz.Tests.FuzzReliability_Tests" name="Finding_fingerprints_remove_volatile_values_without_merging_defects" />
    </UnitTest>
    <UnitTest name="LiteDB.Fuzz.Tests.SharedCheckpointCrashScope_Tests.Only_checkpoint_crash_workers_retain_the_native_mutex_after_commit(phase: &quot;wal-after-index-confirmation&quot;, retained: False)" storage="__LOCAL_HOME__/.t3/worktrees/litedb/t3code-0cc13448/artifacts_temp/concurrency-audit/litedb.fuzz.tests/bin/release/net8.0/litedb.fuzz.tests.dll" id="0db8bdff-a049-b3ec-4f4f-db01659db17d">
      <Execution id="9816973c-2b4f-4cf7-9d57-30894a079272" />
      <TestMethod codeBase="__WORKSPACE__/artifacts_temp/concurrency-audit/LiteDB.Fuzz.Tests/bin/Release/net8.0/LiteDB.Fuzz.Tests.dll" adapterTypeName="executor://xunit/VsTestRunner2/netcoreapp" className="LiteDB.Fuzz.Tests.SharedCheckpointCrashScope_Tests" name="Only_checkpoint_crash_workers_retain_the_native_mutex_after_commit" />
    </UnitTest>
    <UnitTest name="LiteDB.Fuzz.Tests.FuzzReliability_Tests.Passed_runs_do_not_copy_registered_state" storage="__LOCAL_HOME__/.t3/worktrees/litedb/t3code-0cc13448/artifacts_temp/concurrency-audit/litedb.fuzz.tests/bin/release/net8.0/litedb.fuzz.tests.dll" id="5bc6b267-1391-3bb0-ebf7-d612cfa4e71c">
      <Execution id="03d2ca60-4a21-42df-84cc-408f84961ddc" />
      <TestMethod codeBase="__WORKSPACE__/artifacts_temp/concurrency-audit/LiteDB.Fuzz.Tests/bin/Release/net8.0/LiteDB.Fuzz.Tests.dll" adapterTypeName="executor://xunit/VsTestRunner2/netcoreapp" className="LiteDB.Fuzz.Tests.FuzzReliability_Tests" name="Passed_runs_do_not_copy_registered_state" />
    </UnitTest>
    <UnitTest name="LiteDB.Fuzz.Tests.FuzzReliability_Tests.Timed_out_minimization_keeps_the_original_failure_classification" storage="__LOCAL_HOME__/.t3/worktrees/litedb/t3code-0cc13448/artifacts_temp/concurrency-audit/litedb.fuzz.tests/bin/release/net8.0/litedb.fuzz.tests.dll" id="147ff2f8-34aa-8c05-7ec6-e752628d3540">
      <Execution id="e3fc609c-c06c-48e6-beb3-5e12347aba9b" />
      <TestMethod codeBase="__WORKSPACE__/artifacts_temp/concurrency-audit/LiteDB.Fuzz.Tests/bin/Release/net8.0/LiteDB.Fuzz.Tests.dll" adapterTypeName="executor://xunit/VsTestRunner2/netcoreapp" className="LiteDB.Fuzz.Tests.FuzzReliability_Tests" name="Timed_out_minimization_keeps_the_original_failure_classification" />
    </UnitTest>
    <UnitTest name="LiteDB.Fuzz.Tests.SharedProcessReplay_Tests.Native_process_ids_do_not_change_the_replay_contract" storage="__LOCAL_HOME__/.t3/worktrees/litedb/t3code-0cc13448/artifacts_temp/concurrency-audit/litedb.fuzz.tests/bin/release/net8.0/litedb.fuzz.tests.dll" id="feb772a2-0030-099a-dd56-5006df05026b">
      <Execution id="8002facd-e013-46db-b75c-9ca24bb07a5f" />
      <TestMethod codeBase="__WORKSPACE__/artifacts_temp/concurrency-audit/LiteDB.Fuzz.Tests/bin/Release/net8.0/LiteDB.Fuzz.Tests.dll" adapterTypeName="executor://xunit/VsTestRunner2/netcoreapp" className="LiteDB.Fuzz.Tests.SharedProcessReplay_Tests" name="Native_process_ids_do_not_change_the_replay_contract" />
    </UnitTest>
    <UnitTest name="LiteDB.Fuzz.Tests.FuzzReliability_Tests.Retained_input_replays_the_state_that_caused_retention" storage="__LOCAL_HOME__/.t3/worktrees/litedb/t3code-0cc13448/artifacts_temp/concurrency-audit/litedb.fuzz.tests/bin/release/net8.0/litedb.fuzz.tests.dll" id="b33608a1-40de-fca9-b2f7-4ce306605838">
      <Execution id="d79a53c1-2b5e-4251-9226-aa7b6c082bb7" />
      <TestMethod codeBase="__WORKSPACE__/artifacts_temp/concurrency-audit/LiteDB.Fuzz.Tests/bin/Release/net8.0/LiteDB.Fuzz.Tests.dll" adapterTypeName="executor://xunit/VsTestRunner2/netcoreapp" className="LiteDB.Fuzz.Tests.FuzzReliability_Tests" name="Retained_input_replays_the_state_that_caused_retention" />
    </UnitTest>
    <UnitTest name="LiteDB.Fuzz.Tests.FuzzReliability_Tests.Interesting_corpus_keeps_the_longest_exact_descriptor_for_a_seed" storage="__LOCAL_HOME__/.t3/worktrees/litedb/t3code-0cc13448/artifacts_temp/concurrency-audit/litedb.fuzz.tests/bin/release/net8.0/litedb.fuzz.tests.dll" id="d4dd781d-c9bf-5d46-b133-a99b71a808ed">
      <Execution id="7d271d79-7b97-4a82-8986-c50bc23abf7f" />
      <TestMethod codeBase="__WORKSPACE__/artifacts_temp/concurrency-audit/LiteDB.Fuzz.Tests/bin/Release/net8.0/LiteDB.Fuzz.Tests.dll" adapterTypeName="executor://xunit/VsTestRunner2/netcoreapp" className="LiteDB.Fuzz.Tests.FuzzReliability_Tests" name="Interesting_corpus_keeps_the_longest_exact_descriptor_for_a_seed" />
    </UnitTest>
    <UnitTest name="LiteDB.Fuzz.Tests.FuzzReliability_Tests.A_count_bound_run_does_not_start_over_the_budget" storage="__LOCAL_HOME__/.t3/worktrees/litedb/t3code-0cc13448/artifacts_temp/concurrency-audit/litedb.fuzz.tests/bin/release/net8.0/litedb.fuzz.tests.dll" id="9d58f0a1-45c1-ecf8-a6a1-804cf5cecec0">
      <Execution id="e9a10da4-1619-4baf-806e-a969bde7aad0" />
      <TestMethod codeBase="__WORKSPACE__/artifacts_temp/concurrency-audit/LiteDB.Fuzz.Tests/bin/Release/net8.0/LiteDB.Fuzz.Tests.dll" adapterTypeName="executor://xunit/VsTestRunner2/netcoreapp" className="LiteDB.Fuzz.Tests.FuzzReliability_Tests" name="A_count_bound_run_does_not_start_over_the_budget" />
    </UnitTest>
    <UnitTest name="LiteDB.Fuzz.Tests.SharedLifecycleOracle_Tests.Independent_model_rejects_controlled_bad_states(mutation: &quot;index&quot;)" storage="__LOCAL_HOME__/.t3/worktrees/litedb/t3code-0cc13448/artifacts_temp/concurrency-audit/litedb.fuzz.tests/bin/release/net8.0/litedb.fuzz.tests.dll" id="51de91a3-ddcc-b00a-a5ad-4aa88ca7056c">
      <Execution id="a1ebc40b-79d8-4ea4-918c-a100da6fe46c" />
      <TestMethod codeBase="__WORKSPACE__/artifacts_temp/concurrency-audit/LiteDB.Fuzz.Tests/bin/Release/net8.0/LiteDB.Fuzz.Tests.dll" adapterTypeName="executor://xunit/VsTestRunner2/netcoreapp" className="LiteDB.Fuzz.Tests.SharedLifecycleOracle_Tests" name="Independent_model_rejects_controlled_bad_states" />
    </UnitTest>
    <UnitTest name="LiteDB.Fuzz.Tests.SharedCheckpointCrashScope_Tests.Only_checkpoint_crash_workers_retain_the_native_mutex_after_commit(phase: &quot;checkpoint-after-clear&quot;, retained: True)" storage="__LOCAL_HOME__/.t3/worktrees/litedb/t3code-0cc13448/artifacts_temp/concurrency-audit/litedb.fuzz.tests/bin/release/net8.0/litedb.fuzz.tests.dll" id="96b8ccdf-77e2-1a27-536f-58468091cbe5">
      <Execution id="da296fbe-f4c4-4acb-a446-6878b7d6bba8" />
      <TestMethod codeBase="__WORKSPACE__/artifacts_temp/concurrency-audit/LiteDB.Fuzz.Tests/bin/Release/net8.0/LiteDB.Fuzz.Tests.dll" adapterTypeName="executor://xunit/VsTestRunner2/netcoreapp" className="LiteDB.Fuzz.Tests.SharedCheckpointCrashScope_Tests" name="Only_checkpoint_crash_workers_retain_the_native_mutex_after_commit" />
    </UnitTest>
    <UnitTest name="LiteDB.Fuzz.Tests.CheckpointedFileVerifier_Tests.Raw_validation_is_read_only_and_rejects_uncheckpointed_or_broken_files(state: &quot;truncated&quot;)" storage="__LOCAL_HOME__/.t3/worktrees/litedb/t3code-0cc13448/artifacts_temp/concurrency-audit/litedb.fuzz.tests/bin/release/net8.0/litedb.fuzz.tests.dll" id="046561ec-88ad-0c25-9f56-a91a4bac7612">
      <Execution id="d2f51f3b-0c58-4eea-b206-a4b72d940317" />
      <TestMethod codeBase="__WORKSPACE__/artifacts_temp/concurrency-audit/LiteDB.Fuzz.Tests/bin/Release/net8.0/LiteDB.Fuzz.Tests.dll" adapterTypeName="executor://xunit/VsTestRunner2/netcoreapp" className="LiteDB.Fuzz.Tests.CheckpointedFileVerifier_Tests" name="Raw_validation_is_read_only_and_rejects_uncheckpointed_or_broken_files" />
    </UnitTest>
  </TestDefinitions>
  <TestEntries>
    <TestEntry testId="3ba11576-a48b-9941-2493-3882cf4731fa" executionId="10cf37db-0140-4b97-bd1f-71c395f802d3" testListId="8c84fa94-04c1-424b-9868-57a2d4851a1d" />
    <TestEntry testId="7b8c2325-66d3-3e83-a4f0-91f0275d8e44" executionId="a129c6fc-3095-4cea-bec5-b9d8f8350366" testListId="8c84fa94-04c1-424b-9868-57a2d4851a1d" />
    <TestEntry testId="6846bac1-709c-4226-9840-56a82dff0ebf" executionId="6c5a6d57-8f6e-4801-9bd3-5f880f6ff064" testListId="8c84fa94-04c1-424b-9868-57a2d4851a1d" />
    <TestEntry testId="b33608a1-40de-fca9-b2f7-4ce306605838" executionId="d79a53c1-2b5e-4251-9226-aa7b6c082bb7" testListId="8c84fa94-04c1-424b-9868-57a2d4851a1d" />
    <TestEntry testId="d4dd781d-c9bf-5d46-b133-a99b71a808ed" executionId="7d271d79-7b97-4a82-8986-c50bc23abf7f" testListId="8c84fa94-04c1-424b-9868-57a2d4851a1d" />
    <TestEntry testId="8d33690f-448b-fda0-4f07-bfa77ec02f38" executionId="a6184d6f-50a8-45c0-8e41-81d0e92be330" testListId="8c84fa94-04c1-424b-9868-57a2d4851a1d" />
    <TestEntry testId="4797c1e5-9a0a-a553-cd46-e83d71b758dd" executionId="bf64ab6f-599c-4ec8-a520-c35362222b8a" testListId="8c84fa94-04c1-424b-9868-57a2d4851a1d" />
    <TestEntry testId="43867211-d15f-aaa4-4f74-e155557f2a57" executionId="93e35bb9-f14b-41e6-91b5-74289f187078" testListId="8c84fa94-04c1-424b-9868-57a2d4851a1d" />
    <TestEntry testId="be7daa39-509c-ecae-7146-e4cfcc5d6c16" executionId="5d954c21-1f39-4e10-b813-75de4f7f0236" testListId="8c84fa94-04c1-424b-9868-57a2d4851a1d" />
    <TestEntry testId="bb053f17-ecfe-9938-399e-264ce4121aae" executionId="ef2679f6-baa1-4d3e-9a1e-b0c31bbb5a9f" testListId="8c84fa94-04c1-424b-9868-57a2d4851a1d" />
    <TestEntry testId="147ff2f8-34aa-8c05-7ec6-e752628d3540" executionId="e3fc609c-c06c-48e6-beb3-5e12347aba9b" testListId="8c84fa94-04c1-424b-9868-57a2d4851a1d" />
    <TestEntry testId="9e4ca379-7cfd-1f85-126a-1d48aee3dc8f" executionId="671606ee-04cc-458c-a526-489d1161ff3b" testListId="8c84fa94-04c1-424b-9868-57a2d4851a1d" />
    <TestEntry testId="b8cbaffd-34bc-0ae9-361a-95ab4d4702dd" executionId="74678f94-86a0-4514-ad05-9fcc3c693564" testListId="8c84fa94-04c1-424b-9868-57a2d4851a1d" />
    <TestEntry testId="feb772a2-0030-099a-dd56-5006df05026b" executionId="8002facd-e013-46db-b75c-9ca24bb07a5f" testListId="8c84fa94-04c1-424b-9868-57a2d4851a1d" />
    <TestEntry testId="9d58f0a1-45c1-ecf8-a6a1-804cf5cecec0" executionId="e9a10da4-1619-4baf-806e-a969bde7aad0" testListId="8c84fa94-04c1-424b-9868-57a2d4851a1d" />
    <TestEntry testId="96b8ccdf-77e2-1a27-536f-58468091cbe5" executionId="da296fbe-f4c4-4acb-a446-6878b7d6bba8" testListId="8c84fa94-04c1-424b-9868-57a2d4851a1d" />
    <TestEntry testId="22e6ce5f-c4fe-c102-5606-290914920230" executionId="85ba6115-0f1f-4897-89ca-5b4f08220a6d" testListId="8c84fa94-04c1-424b-9868-57a2d4851a1d" />
    <TestEntry testId="5bc6b267-1391-3bb0-ebf7-d612cfa4e71c" executionId="03d2ca60-4a21-42df-84cc-408f84961ddc" testListId="8c84fa94-04c1-424b-9868-57a2d4851a1d" />
    <TestEntry testId="c4f27e5c-e1e9-4a2c-9377-3162aded4341" executionId="af28f804-f30e-4523-b7e2-14a1753afac8" testListId="8c84fa94-04c1-424b-9868-57a2d4851a1d" />
    <TestEntry testId="7ab24a70-f6be-639d-c317-a149e3b11bc3" executionId="7795fa97-3b4d-445f-bfa3-df4614cbc304" testListId="8c84fa94-04c1-424b-9868-57a2d4851a1d" />
    <TestEntry testId="bfe5f971-6493-8110-be47-3306849085f3" executionId="7fd09ee2-02d8-4b2a-9e26-72f09b247dde" testListId="8c84fa94-04c1-424b-9868-57a2d4851a1d" />
    <TestEntry testId="40e3da30-5601-5dac-e26d-8efce42b4c68" executionId="455fef7e-cdda-486d-840f-5856b7771f73" testListId="8c84fa94-04c1-424b-9868-57a2d4851a1d" />
    <TestEntry testId="3e3e11b9-57df-4ba6-4545-d4b63f746b72" executionId="478a8ac0-8044-489a-9ca5-5df541bb0bd3" testListId="8c84fa94-04c1-424b-9868-57a2d4851a1d" />
    <TestEntry testId="3d936208-3f8c-724b-daa7-0ab99254d5d2" executionId="3837f39d-a866-41a2-bfa6-262ede884888" testListId="8c84fa94-04c1-424b-9868-57a2d4851a1d" />
    <TestEntry testId="74eaf1cd-6029-1399-7f5b-7e47ec07e155" executionId="22fa3ff7-7d7c-4970-8a73-e64fcda76c36" testListId="8c84fa94-04c1-424b-9868-57a2d4851a1d" />
    <TestEntry testId="1945c8c9-5e4b-e321-8f5e-f849a924825d" executionId="2f66d1f2-eec0-4f73-9f59-fa1c0592d7a4" testListId="8c84fa94-04c1-424b-9868-57a2d4851a1d" />
    <TestEntry testId="51de91a3-ddcc-b00a-a5ad-4aa88ca7056c" executionId="a1ebc40b-79d8-4ea4-918c-a100da6fe46c" testListId="8c84fa94-04c1-424b-9868-57a2d4851a1d" />
    <TestEntry testId="979b278b-83e3-d89b-06bc-4c13a236167d" executionId="dffe1d82-d69e-45d0-92d2-c350af449fda" testListId="8c84fa94-04c1-424b-9868-57a2d4851a1d" />
    <TestEntry testId="e5bb1500-6297-f8a2-8324-3e26b812f67a" executionId="d5137727-2262-4a8b-b1bf-7f191ea749aa" testListId="8c84fa94-04c1-424b-9868-57a2d4851a1d" />
    <TestEntry testId="22a51378-9534-bf5d-f96b-cb3d3ad60ee6" executionId="ca298ecb-5f2f-4ad9-b371-401e361f2664" testListId="8c84fa94-04c1-424b-9868-57a2d4851a1d" />
    <TestEntry testId="ffd9a5c9-addc-13f9-e801-3860511d0df2" executionId="fa2f3327-16e1-4363-a638-899b7e7a23ad" testListId="8c84fa94-04c1-424b-9868-57a2d4851a1d" />
    <TestEntry testId="046561ec-88ad-0c25-9f56-a91a4bac7612" executionId="d2f51f3b-0c58-4eea-b206-a4b72d940317" testListId="8c84fa94-04c1-424b-9868-57a2d4851a1d" />
    <TestEntry testId="0db8bdff-a049-b3ec-4f4f-db01659db17d" executionId="9816973c-2b4f-4cf7-9d57-30894a079272" testListId="8c84fa94-04c1-424b-9868-57a2d4851a1d" />
    <TestEntry testId="6d43594a-1cd6-9730-971c-8abce13240f4" executionId="e0bdea2f-a5c7-4641-95b0-908e1d10b5f9" testListId="8c84fa94-04c1-424b-9868-57a2d4851a1d" />
    <TestEntry testId="960abe66-cd82-da1b-bda6-e1b9569055e2" executionId="5d84fe43-f826-4337-83ea-15c9eba6ad4b" testListId="8c84fa94-04c1-424b-9868-57a2d4851a1d" />
    <TestEntry testId="3cdc1ae5-8ad0-2ec7-a564-6f2dce6aa326" executionId="b6909dcc-0c41-42af-951a-5edc9b1c1067" testListId="8c84fa94-04c1-424b-9868-57a2d4851a1d" />
  </TestEntries>
  <TestLists>
    <TestList name="Results Not in a List" id="8c84fa94-04c1-424b-9868-57a2d4851a1d" />
    <TestList name="All Loaded Results" id="19431567-8539-422a-85d7-44ee4e166bda" />
  </TestLists>
  <ResultSummary outcome="Completed">
    <Counters total="36" executed="36" passed="36" failed="0" error="0" timeout="0" aborted="0" inconclusive="0" passedButRunAborted="0" notRunnable="0" notExecuted="0" disconnected="0" warning="0" completed="0" inProgress="0" pending="0" />
    <Output>
      <StdOut>[xUnit.net 00:00:00.00] xUnit.net VSTest Adapter v2.8.2+699d445a1a (64-bit .NET 8.0.30)
[xUnit.net 00:00:00.04]   Discovering: LiteDB.Fuzz.Tests
[xUnit.net 00:00:00.08]   Discovered:  LiteDB.Fuzz.Tests
[xUnit.net 00:00:00.08]   Starting:    LiteDB.Fuzz.Tests
ARTIFACT BUDGET 1 MB reached (2 MB in __WORKSPACE__/temporary/litedb-fuzz-tests-d2c896fe-7797-465d-a8fb-1fc46770b66b); no further epochs for budget-probe worker 0.
START value seed=2984 count=1 worker=0
FUZZ FAILURE value seed=2984 step=1
FAIL value seed=2984 artifacts=__WORKSPACE__/temporary/litedb-fuzz-tests-3bc66756-5782-4edc-92d7-7ee61cb939fd/artifacts/20260930-195827-value-s2984-w0-r4c9b86ad
LiteDB.Fuzz.FuzzFailureException: Corpus input changed: expected deliberately-wrong, actual 8F50246A32FEBD8E42D1AEBE304283D60E9F33FDD32259117967860D4B10CC67.
   at LiteDB.Fuzz.Program.RunAsync(IFuzzTarget target, FuzzOptions options, Int32 worker) in __WORKSPACE__/artifacts_temp/concurrency-audit/LiteDB.Fuzz/Program.cs:line 128
FUZZ SUMMARY: 0 passed, 0 known/expected, 1 blocking failures
FAIL value seed=2984 artifacts=__WORKSPACE__/temporary/litedb-fuzz-tests-3bc66756-5782-4edc-92d7-7ee61cb939fd/artifacts/20260930-195827-value-s2984-w0-r4c9b86ad
{"semanticIndexKeys":100,"semanticDocuments":50,"semanticIndexes":2,"integrityPages":5,"integrityPhysicalPages":5}
ARTIFACT BUDGET 1 MB reached (2 MB in __WORKSPACE__/temporary/litedb-fuzz-tests-49b6159e-c1f9-4b90-af1e-91a34d4fc6e6); no further epochs for budget-probe worker 0.
[xUnit.net 00:00:05.31]   Finished:    LiteDB.Fuzz.Tests
</StdOut>
    </Output>
  </ResultSummary>
</TestRun>