  Determining projects to restore...
__WORKSPACE__/artifacts_temp/audit-explorer/LiteDB/LiteDB.csproj : warning NU1510: PackageReference System.ComponentModel.TypeConverter will not be pruned. This package is automatically available and does not need to be referenced explicitly. Remove the PackageReference item. [__WORKSPACE__/artifacts_temp/audit-explorer/LiteDB.Tests/LiteDB.Tests.csproj]
  All projects are up-to-date for restore.
__WORKSPACE__/artifacts_temp/audit-explorer/LiteDB/LiteDB.csproj : warning NU1510: PackageReference System.ComponentModel.TypeConverter will not be pruned. This package is automatically available and does not need to be referenced explicitly. Remove the PackageReference item. [TargetFramework=net8.0]
  LiteDB -> __WORKSPACE__/artifacts_temp/audit-explorer/LiteDB/bin/Release/net8.0/LiteDB.dll
  SharedMutexHarness -> __WORKSPACE__/artifacts_temp/audit-explorer/LiteDB.Tests.SharedMutexHarness/bin/Release/net8.0/SharedMutexHarness.dll
__WORKSPACE__/artifacts_temp/audit-explorer/LiteDB.Tests/Issues/Issue2265_Tests.cs(38,20): warning CS8632: The annotation for nullable reference types should only be used in code within a '#nullable' annotations context. [__WORKSPACE__/artifacts_temp/audit-explorer/LiteDB.Tests/LiteDB.Tests.csproj::TargetFramework=net8.0]
__WORKSPACE__/artifacts_temp/audit-explorer/LiteDB.Tests/Issues/Issue1829Invocation_Tests.cs(91,58): warning CS1718: Comparison made to same variable; did you mean to compare something else? [__WORKSPACE__/artifacts_temp/audit-explorer/LiteDB.Tests/LiteDB.Tests.csproj::TargetFramework=net8.0]
__WORKSPACE__/artifacts_temp/audit-explorer/LiteDB.Tests/Issues/Issue1829Invocation_Tests.cs(105,57): warning CS1718: Comparison made to same variable; did you mean to compare something else? [__WORKSPACE__/artifacts_temp/audit-explorer/LiteDB.Tests/LiteDB.Tests.csproj::TargetFramework=net8.0]
__WORKSPACE__/artifacts_temp/audit-explorer/LiteDB.Tests/Internals/CacheAsync_Tests.cs(86,18): warning xUnit1031: Test methods should not use blocking task operations, as they can cause deadlocks. Use an async test method and await instead. (https://xunit.net/xunit.analyzers/rules/xUnit1031) [__WORKSPACE__/artifacts_temp/audit-explorer/LiteDB.Tests/LiteDB.Tests.csproj::TargetFramework=net8.0]
__WORKSPACE__/artifacts_temp/audit-explorer/LiteDB.Tests/Engine/CompactSchemaCacheConcurrency_Tests.cs(96,18): warning xUnit1031: Test methods should not use blocking task operations, as they can cause deadlocks. Use an async test method and await instead. (https://xunit.net/xunit.analyzers/rules/xUnit1031) [__WORKSPACE__/artifacts_temp/audit-explorer/LiteDB.Tests/LiteDB.Tests.csproj::TargetFramework=net8.0]
__WORKSPACE__/artifacts_temp/audit-explorer/LiteDB.Tests/Internals/TransactionHandleProcess_Tests.cs(22,13): warning xUnit2013: Do not use Assert.Equal() to check for collection size. Use Assert.Single instead. (https://xunit.net/xunit.analyzers/rules/xUnit2013) [__WORKSPACE__/artifacts_temp/audit-explorer/LiteDB.Tests/LiteDB.Tests.csproj::TargetFramework=net8.0]
__WORKSPACE__/artifacts_temp/audit-explorer/LiteDB.Tests/Engine/CoordinatorSnapshotReads_Tests.cs(161,28): warning xUnit1031: Test methods should not use blocking task operations, as they can cause deadlocks. Use an async test method and await instead. (https://xunit.net/xunit.analyzers/rules/xUnit1031) [__WORKSPACE__/artifacts_temp/audit-explorer/LiteDB.Tests/LiteDB.Tests.csproj::TargetFramework=net8.0]
__WORKSPACE__/artifacts_temp/audit-explorer/LiteDB.Tests/Engine/CoordinatorSnapshotReads_Tests.cs(172,24): warning xUnit1031: Test methods should not use blocking task operations, as they can cause deadlocks. Use an async test method and await instead. (https://xunit.net/xunit.analyzers/rules/xUnit1031) [__WORKSPACE__/artifacts_temp/audit-explorer/LiteDB.Tests/LiteDB.Tests.csproj::TargetFramework=net8.0]
__WORKSPACE__/artifacts_temp/audit-explorer/LiteDB.Tests/Engine/CoordinatorPlatform_Tests.cs(289,22): warning xUnit1031: Test methods should not use blocking task operations, as they can cause deadlocks. Use an async test method and await instead. (https://xunit.net/xunit.analyzers/rules/xUnit1031) [__WORKSPACE__/artifacts_temp/audit-explorer/LiteDB.Tests/LiteDB.Tests.csproj::TargetFramework=net8.0]
__WORKSPACE__/artifacts_temp/audit-explorer/LiteDB.Tests/Issues/Issue1192DirectDictionary_Tests.cs(186,13): warning xUnit2013: Do not use Assert.Equal() to check for collection size. Use Assert.Empty instead. (https://xunit.net/xunit.analyzers/rules/xUnit2013) [__WORKSPACE__/artifacts_temp/audit-explorer/LiteDB.Tests/LiteDB.Tests.csproj::TargetFramework=net8.0]
__WORKSPACE__/artifacts_temp/audit-explorer/LiteDB.Tests/Engine/Coordinator_Tests.cs(262,20): warning xUnit1031: Test methods should not use blocking task operations, as they can cause deadlocks. Use an async test method and await instead. (https://xunit.net/xunit.analyzers/rules/xUnit1031) [__WORKSPACE__/artifacts_temp/audit-explorer/LiteDB.Tests/LiteDB.Tests.csproj::TargetFramework=net8.0]
__WORKSPACE__/artifacts_temp/audit-explorer/LiteDB.Tests/Engine/TransactionHandleRawCloseDependency_Tests.cs(33,35): warning xUnit1031: Test methods should not use blocking task operations, as they can cause deadlocks. Use an async test method and await instead. (https://xunit.net/xunit.analyzers/rules/xUnit1031) [__WORKSPACE__/artifacts_temp/audit-explorer/LiteDB.Tests/LiteDB.Tests.csproj::TargetFramework=net8.0]
__WORKSPACE__/artifacts_temp/audit-explorer/LiteDB.Tests/Engine/TransactionHandleSharedAdmission_Tests.cs(91,34): warning xUnit1031: Test methods should not use blocking task operations, as they can cause deadlocks. Use an async test method and await instead. (https://xunit.net/xunit.analyzers/rules/xUnit1031) [__WORKSPACE__/artifacts_temp/audit-explorer/LiteDB.Tests/LiteDB.Tests.csproj::TargetFramework=net8.0]
__WORKSPACE__/artifacts_temp/audit-explorer/LiteDB.Tests/Engine/TransactionHandleSharedAdmission_Tests.cs(92,64): warning xUnit1031: Test methods should not use blocking task operations, as they can cause deadlocks. Use an async test method and await instead. (https://xunit.net/xunit.analyzers/rules/xUnit1031) [__WORKSPACE__/artifacts_temp/audit-explorer/LiteDB.Tests/LiteDB.Tests.csproj::TargetFramework=net8.0]
__WORKSPACE__/artifacts_temp/audit-explorer/LiteDB.Tests/Engine/TransactionHandle_Tests.cs(146,32): warning xUnit1031: Test methods should not use blocking task operations, as they can cause deadlocks. Use an async test method and await instead. (https://xunit.net/xunit.analyzers/rules/xUnit1031) [__WORKSPACE__/artifacts_temp/audit-explorer/LiteDB.Tests/LiteDB.Tests.csproj::TargetFramework=net8.0]
__WORKSPACE__/artifacts_temp/audit-explorer/LiteDB.Tests/Engine/TransactionHandleMaintenanceProgress_Tests.cs(81,32): warning xUnit1031: Test methods should not use blocking task operations, as they can cause deadlocks. Use an async test method and await instead. (https://xunit.net/xunit.analyzers/rules/xUnit1031) [__WORKSPACE__/artifacts_temp/audit-explorer/LiteDB.Tests/LiteDB.Tests.csproj::TargetFramework=net8.0]
__WORKSPACE__/artifacts_temp/audit-explorer/LiteDB.Tests/Engine/TransactionHandleSharedPinCancellation_Tests.cs(56,38): warning xUnit1031: Test methods should not use blocking task operations, as they can cause deadlocks. Use an async test method and await instead. (https://xunit.net/xunit.analyzers/rules/xUnit1031) [__WORKSPACE__/artifacts_temp/audit-explorer/LiteDB.Tests/LiteDB.Tests.csproj::TargetFramework=net8.0]
__WORKSPACE__/artifacts_temp/audit-explorer/LiteDB.Tests/Engine/TransactionHandleSharedPinCancellation_Tests.cs(57,68): warning xUnit1031: Test methods should not use blocking task operations, as they can cause deadlocks. Use an async test method and await instead. (https://xunit.net/xunit.analyzers/rules/xUnit1031) [__WORKSPACE__/artifacts_temp/audit-explorer/LiteDB.Tests/LiteDB.Tests.csproj::TargetFramework=net8.0]
__WORKSPACE__/artifacts_temp/audit-explorer/LiteDB.Tests/Engine/TransactionHandleSharedPinCancellation_Tests.cs(66,38): warning xUnit1031: Test methods should not use blocking task operations, as they can cause deadlocks. Use an async test method and await instead. (https://xunit.net/xunit.analyzers/rules/xUnit1031) [__WORKSPACE__/artifacts_temp/audit-explorer/LiteDB.Tests/LiteDB.Tests.csproj::TargetFramework=net8.0]
__WORKSPACE__/artifacts_temp/audit-explorer/LiteDB.Tests/Engine/TransactionHandleSharedAdmission_Tests.cs(48,34): warning xUnit1031: Test methods should not use blocking task operations, as they can cause deadlocks. Use an async test method and await instead. (https://xunit.net/xunit.analyzers/rules/xUnit1031) [__WORKSPACE__/artifacts_temp/audit-explorer/LiteDB.Tests/LiteDB.Tests.csproj::TargetFramework=net8.0]
__WORKSPACE__/artifacts_temp/audit-explorer/LiteDB.Tests/Engine/TransactionHandleSharedAdmission_Tests.cs(49,64): warning xUnit1031: Test methods should not use blocking task operations, as they can cause deadlocks. Use an async test method and await instead. (https://xunit.net/xunit.analyzers/rules/xUnit1031) [__WORKSPACE__/artifacts_temp/audit-explorer/LiteDB.Tests/LiteDB.Tests.csproj::TargetFramework=net8.0]
__WORKSPACE__/artifacts_temp/audit-explorer/LiteDB.Tests/Engine/TransactionHandleSharedAdmission_Tests.cs(54,22): warning xUnit1031: Test methods should not use blocking task operations, as they can cause deadlocks. Use an async test method and await instead. (https://xunit.net/xunit.analyzers/rules/xUnit1031) [__WORKSPACE__/artifacts_temp/audit-explorer/LiteDB.Tests/LiteDB.Tests.csproj::TargetFramework=net8.0]
__WORKSPACE__/artifacts_temp/audit-explorer/LiteDB.Tests/Engine/TransactionHandleMaintenanceProgress_Tests.cs(157,41): warning xUnit1031: Test methods should not use blocking task operations, as they can cause deadlocks. Use an async test method and await instead. (https://xunit.net/xunit.analyzers/rules/xUnit1031) [__WORKSPACE__/artifacts_temp/audit-explorer/LiteDB.Tests/LiteDB.Tests.csproj::TargetFramework=net8.0]
__WORKSPACE__/artifacts_temp/audit-explorer/LiteDB.Tests/Engine/TransactionHandleContext_Tests.cs(24,46): warning CA1416: This call site is reachable on all platforms. 'WindowsIdentity.GetCurrent(bool)' is only supported on: 'windows'. (https://learn.microsoft.com/dotnet/fundamentals/code-analysis/quality-rules/ca1416) [__WORKSPACE__/artifacts_temp/audit-explorer/LiteDB.Tests/LiteDB.Tests.csproj::TargetFramework=net8.0]
__WORKSPACE__/artifacts_temp/audit-explorer/LiteDB.Tests/Engine/TransactionHandleMaintenanceProgress_Tests.cs(190,31): warning xUnit1031: Test methods should not use blocking task operations, as they can cause deadlocks. Use an async test method and await instead. (https://xunit.net/xunit.analyzers/rules/xUnit1031) [__WORKSPACE__/artifacts_temp/audit-explorer/LiteDB.Tests/LiteDB.Tests.csproj::TargetFramework=net8.0]
__WORKSPACE__/artifacts_temp/audit-explorer/LiteDB.Tests/Engine/TransactionHandleMaintenanceProgress_Tests.cs(111,41): warning xUnit1031: Test methods should not use blocking task operations, as they can cause deadlocks. Use an async test method and await instead. (https://xunit.net/xunit.analyzers/rules/xUnit1031) [__WORKSPACE__/artifacts_temp/audit-explorer/LiteDB.Tests/LiteDB.Tests.csproj::TargetFramework=net8.0]
__WORKSPACE__/artifacts_temp/audit-explorer/LiteDB.Tests/Engine/TransactionHandleDisposeSafety_Tests.cs(250,55): warning xUnit1031: Test methods should not use blocking task operations, as they can cause deadlocks. Use an async test method and await instead. (https://xunit.net/xunit.analyzers/rules/xUnit1031) [__WORKSPACE__/artifacts_temp/audit-explorer/LiteDB.Tests/LiteDB.Tests.csproj::TargetFramework=net8.0]
__WORKSPACE__/artifacts_temp/audit-explorer/LiteDB.Tests/Engine/TransactionHandleAdmission_Tests.cs(83,37): warning xUnit1031: Test methods should not use blocking task operations, as they can cause deadlocks. Use an async test method and await instead. (https://xunit.net/xunit.analyzers/rules/xUnit1031) [__WORKSPACE__/artifacts_temp/audit-explorer/LiteDB.Tests/LiteDB.Tests.csproj::TargetFramework=net8.0]
__WORKSPACE__/artifacts_temp/audit-explorer/LiteDB.Tests/Engine/TransactionHandleAdmission_Tests.cs(84,112): warning xUnit1031: Test methods should not use blocking task operations, as they can cause deadlocks. Use an async test method and await instead. (https://xunit.net/xunit.analyzers/rules/xUnit1031) [__WORKSPACE__/artifacts_temp/audit-explorer/LiteDB.Tests/LiteDB.Tests.csproj::TargetFramework=net8.0]
__WORKSPACE__/artifacts_temp/audit-explorer/LiteDB.Tests/Engine/TransactionHandleAdmission_Tests.cs(85,62): warning xUnit1031: Test methods should not use blocking task operations, as they can cause deadlocks. Use an async test method and await instead. (https://xunit.net/xunit.analyzers/rules/xUnit1031) [__WORKSPACE__/artifacts_temp/audit-explorer/LiteDB.Tests/LiteDB.Tests.csproj::TargetFramework=net8.0]
__WORKSPACE__/artifacts_temp/audit-explorer/LiteDB.Tests/Engine/TransactionHandleAdmission_Tests.cs(130,37): warning xUnit1031: Test methods should not use blocking task operations, as they can cause deadlocks. Use an async test method and await instead. (https://xunit.net/xunit.analyzers/rules/xUnit1031) [__WORKSPACE__/artifacts_temp/audit-explorer/LiteDB.Tests/LiteDB.Tests.csproj::TargetFramework=net8.0]
__WORKSPACE__/artifacts_temp/audit-explorer/LiteDB.Tests/Engine/TransactionHandleAdmission_Tests.cs(131,57): warning xUnit1031: Test methods should not use blocking task operations, as they can cause deadlocks. Use an async test method and await instead. (https://xunit.net/xunit.analyzers/rules/xUnit1031) [__WORKSPACE__/artifacts_temp/audit-explorer/LiteDB.Tests/LiteDB.Tests.csproj::TargetFramework=net8.0]
__WORKSPACE__/artifacts_temp/audit-explorer/LiteDB.Tests/Engine/SharedDisposalFailure_Tests.cs(71,35): warning xUnit1031: Test methods should not use blocking task operations, as they can cause deadlocks. Use an async test method and await instead. (https://xunit.net/xunit.analyzers/rules/xUnit1031) [__WORKSPACE__/artifacts_temp/audit-explorer/LiteDB.Tests/LiteDB.Tests.csproj::TargetFramework=net8.0]
__WORKSPACE__/artifacts_temp/audit-explorer/LiteDB.Tests/Engine/SharedDisposalFailure_Tests.cs(72,54): warning xUnit1031: Test methods should not use blocking task operations, as they can cause deadlocks. Use an async test method and await instead. (https://xunit.net/xunit.analyzers/rules/xUnit1031) [__WORKSPACE__/artifacts_temp/audit-explorer/LiteDB.Tests/LiteDB.Tests.csproj::TargetFramework=net8.0]
__WORKSPACE__/artifacts_temp/audit-explorer/LiteDB.Tests/Engine/SharedDisposalFailure_Tests.cs(73,49): warning xUnit1031: Test methods should not use blocking task operations, as they can cause deadlocks. Use an async test method and await instead. (https://xunit.net/xunit.analyzers/rules/xUnit1031) [__WORKSPACE__/artifacts_temp/audit-explorer/LiteDB.Tests/LiteDB.Tests.csproj::TargetFramework=net8.0]
__WORKSPACE__/artifacts_temp/audit-explorer/LiteDB.Tests/Engine/SharedDisposalFailure_Tests.cs(93,37): warning xUnit1031: Test methods should not use blocking task operations, as they can cause deadlocks. Use an async test method and await instead. (https://xunit.net/xunit.analyzers/rules/xUnit1031) [__WORKSPACE__/artifacts_temp/audit-explorer/LiteDB.Tests/LiteDB.Tests.csproj::TargetFramework=net8.0]
__WORKSPACE__/artifacts_temp/audit-explorer/LiteDB.Tests/Engine/SharedDisposalFailure_Tests.cs(117,23): warning xUnit1031: Test methods should not use blocking task operations, as they can cause deadlocks. Use an async test method and await instead. (https://xunit.net/xunit.analyzers/rules/xUnit1031) [__WORKSPACE__/artifacts_temp/audit-explorer/LiteDB.Tests/LiteDB.Tests.csproj::TargetFramework=net8.0]
__WORKSPACE__/artifacts_temp/audit-explorer/LiteDB.Tests/Engine/NativeAdmissionIsolation_Tests.cs(56,25): warning xUnit1031: Test methods should not use blocking task operations, as they can cause deadlocks. Use an async test method and await instead. (https://xunit.net/xunit.analyzers/rules/xUnit1031) [__WORKSPACE__/artifacts_temp/audit-explorer/LiteDB.Tests/LiteDB.Tests.csproj::TargetFramework=net8.0]
__WORKSPACE__/artifacts_temp/audit-explorer/LiteDB.Tests/Engine/NativeAdmissionIsolation_Tests.cs(65,22): warning xUnit1031: Test methods should not use blocking task operations, as they can cause deadlocks. Use an async test method and await instead. (https://xunit.net/xunit.analyzers/rules/xUnit1031) [__WORKSPACE__/artifacts_temp/audit-explorer/LiteDB.Tests/LiteDB.Tests.csproj::TargetFramework=net8.0]
__WORKSPACE__/artifacts_temp/audit-explorer/LiteDB.Tests/Engine/NativeAdmissionDirectPoolFinalizer_Tests.cs(74,13): warning xUnit2013: Do not use Assert.Equal() to check for collection size. Use Assert.Single instead. (https://xunit.net/xunit.analyzers/rules/xUnit2013) [__WORKSPACE__/artifacts_temp/audit-explorer/LiteDB.Tests/LiteDB.Tests.csproj::TargetFramework=net8.0]
__WORKSPACE__/artifacts_temp/audit-explorer/LiteDB.Tests/Engine/NativeAdmissionDirectContext_Tests.cs(140,38): warning xUnit1031: Test methods should not use blocking task operations, as they can cause deadlocks. Use an async test method and await instead. (https://xunit.net/xunit.analyzers/rules/xUnit1031) [__WORKSPACE__/artifacts_temp/audit-explorer/LiteDB.Tests/LiteDB.Tests.csproj::TargetFramework=net8.0]
__WORKSPACE__/artifacts_temp/audit-explorer/LiteDB.Tests/Engine/NativeAdmissionDirectContextLifetime_Tests.cs(151,37): warning xUnit1031: Test methods should not use blocking task operations, as they can cause deadlocks. Use an async test method and await instead. (https://xunit.net/xunit.analyzers/rules/xUnit1031) [__WORKSPACE__/artifacts_temp/audit-explorer/LiteDB.Tests/LiteDB.Tests.csproj::TargetFramework=net8.0]
__WORKSPACE__/artifacts_temp/audit-explorer/LiteDB.Tests/Issues/Issue2814Admission_Tests.cs(56,78): warning xUnit1031: Test methods should not use blocking task operations, as they can cause deadlocks. Use an async test method and await instead. (https://xunit.net/xunit.analyzers/rules/xUnit1031) [__WORKSPACE__/artifacts_temp/audit-explorer/LiteDB.Tests/LiteDB.Tests.csproj::TargetFramework=net8.0]
__WORKSPACE__/artifacts_temp/audit-explorer/LiteDB.Tests/Issues/Issue2814_Tests.cs(57,26): warning xUnit1031: Test methods should not use blocking task operations, as they can cause deadlocks. Use an async test method and await instead. (https://xunit.net/xunit.analyzers/rules/xUnit1031) [__WORKSPACE__/artifacts_temp/audit-explorer/LiteDB.Tests/LiteDB.Tests.csproj::TargetFramework=net8.0]
__WORKSPACE__/artifacts_temp/audit-explorer/LiteDB.Tests/Issues/Issue2848_Tests.cs(87,89): warning xUnit1031: Test methods should not use blocking task operations, as they can cause deadlocks. Use an async test method and await instead. (https://xunit.net/xunit.analyzers/rules/xUnit1031) [__WORKSPACE__/artifacts_temp/audit-explorer/LiteDB.Tests/LiteDB.Tests.csproj::TargetFramework=net8.0]
__WORKSPACE__/artifacts_temp/audit-explorer/LiteDB.Tests/Issues/Issue2790ReaderLease_Tests.cs(43,37): warning xUnit1030: Test methods should not call ConfigureAwait(false), as it may bypass parallelization limits. Omit ConfigureAwait, or use ConfigureAwait(true) to avoid CA2007. (https://xunit.net/xunit.analyzers/rules/xUnit1030) [__WORKSPACE__/artifacts_temp/audit-explorer/LiteDB.Tests/LiteDB.Tests.csproj::TargetFramework=net8.0]
__WORKSPACE__/artifacts_temp/audit-explorer/LiteDB.Tests/Issues/Issue2792SnapshotPublication_Tests.cs(65,57): warning xUnit1031: Test methods should not use blocking task operations, as they can cause deadlocks. Use an async test method and await instead. (https://xunit.net/xunit.analyzers/rules/xUnit1031) [__WORKSPACE__/artifacts_temp/audit-explorer/LiteDB.Tests/LiteDB.Tests.csproj::TargetFramework=net8.0]
__WORKSPACE__/artifacts_temp/audit-explorer/LiteDB.Tests/Issues/Issue2792SnapshotPublication_Tests.cs(66,37): warning xUnit1031: Test methods should not use blocking task operations, as they can cause deadlocks. Use an async test method and await instead. (https://xunit.net/xunit.analyzers/rules/xUnit1031) [__WORKSPACE__/artifacts_temp/audit-explorer/LiteDB.Tests/LiteDB.Tests.csproj::TargetFramework=net8.0]
__WORKSPACE__/artifacts_temp/audit-explorer/LiteDB.Tests/Issues/Issue2792_Tests.cs(48,24): warning xUnit1031: Test methods should not use blocking task operations, as they can cause deadlocks. Use an async test method and await instead. (https://xunit.net/xunit.analyzers/rules/xUnit1031) [__WORKSPACE__/artifacts_temp/audit-explorer/LiteDB.Tests/LiteDB.Tests.csproj::TargetFramework=net8.0]
__WORKSPACE__/artifacts_temp/audit-explorer/LiteDB.Tests/Issues/Issue2792_Tests.cs(53,24): warning xUnit1031: Test methods should not use blocking task operations, as they can cause deadlocks. Use an async test method and await instead. (https://xunit.net/xunit.analyzers/rules/xUnit1031) [__WORKSPACE__/artifacts_temp/audit-explorer/LiteDB.Tests/LiteDB.Tests.csproj::TargetFramework=net8.0]
__WORKSPACE__/artifacts_temp/audit-explorer/LiteDB.Tests/Issues/Issue2792_Tests.cs(54,44): warning xUnit1031: Test methods should not use blocking task operations, as they can cause deadlocks. Use an async test method and await instead. (https://xunit.net/xunit.analyzers/rules/xUnit1031) [__WORKSPACE__/artifacts_temp/audit-explorer/LiteDB.Tests/LiteDB.Tests.csproj::TargetFramework=net8.0]
__WORKSPACE__/artifacts_temp/audit-explorer/LiteDB.Tests/Issues/Issue2792_Tests.cs(59,24): warning xUnit1031: Test methods should not use blocking task operations, as they can cause deadlocks. Use an async test method and await instead. (https://xunit.net/xunit.analyzers/rules/xUnit1031) [__WORKSPACE__/artifacts_temp/audit-explorer/LiteDB.Tests/LiteDB.Tests.csproj::TargetFramework=net8.0]
__WORKSPACE__/artifacts_temp/audit-explorer/LiteDB.Tests/Issues/Issue2792_Tests.cs(60,24): warning xUnit1031: Test methods should not use blocking task operations, as they can cause deadlocks. Use an async test method and await instead. (https://xunit.net/xunit.analyzers/rules/xUnit1031) [__WORKSPACE__/artifacts_temp/audit-explorer/LiteDB.Tests/LiteDB.Tests.csproj::TargetFramework=net8.0]
__WORKSPACE__/artifacts_temp/audit-explorer/LiteDB.Tests/Issues/Issue2324_Tests.cs(64,33): warning xUnit1031: Test methods should not use blocking task operations, as they can cause deadlocks. Use an async test method and await instead. (https://xunit.net/xunit.analyzers/rules/xUnit1031) [__WORKSPACE__/artifacts_temp/audit-explorer/LiteDB.Tests/LiteDB.Tests.csproj::TargetFramework=net8.0]
__WORKSPACE__/artifacts_temp/audit-explorer/LiteDB.Tests/Issues/Issue2243ReferenceSchema_Tests.cs(21,13): warning xUnit2013: Do not use Assert.Equal() to check for collection size. Use Assert.Empty instead. (https://xunit.net/xunit.analyzers/rules/xUnit2013) [__WORKSPACE__/artifacts_temp/audit-explorer/LiteDB.Tests/LiteDB.Tests.csproj::TargetFramework=net8.0]
__WORKSPACE__/artifacts_temp/audit-explorer/LiteDB.Tests/Issues/Issue2243ReferenceSchema_Tests.cs(22,13): warning xUnit2013: Do not use Assert.Equal() to check for collection size. Use Assert.Empty instead. (https://xunit.net/xunit.analyzers/rules/xUnit2013) [__WORKSPACE__/artifacts_temp/audit-explorer/LiteDB.Tests/LiteDB.Tests.csproj::TargetFramework=net8.0]
__WORKSPACE__/artifacts_temp/audit-explorer/LiteDB.Tests/Issues/Issue2112_Tests.cs(32,13): warning xUnit2013: Do not use Assert.Equal() to check for collection size. Use Assert.Single instead. (https://xunit.net/xunit.analyzers/rules/xUnit2013) [__WORKSPACE__/artifacts_temp/audit-explorer/LiteDB.Tests/LiteDB.Tests.csproj::TargetFramework=net8.0]
  LiteDB.Tests -> __WORKSPACE__/artifacts_temp/audit-explorer/LiteDB.Tests/bin/Release/net8.0/LiteDB.Tests.dll
Test run for __WORKSPACE__/artifacts_temp/audit-explorer/LiteDB.Tests/bin/Release/net8.0/LiteDB.Tests.dll (.NETCoreApp,Version=v8.0)
A total of 1 test files matched the specified pattern.
[xUnit.net 00:00:44.72]     LiteDB.Tests.Engine.TransactionHandleInterleaving_Tests.Forced_concurrent_histories_preserve_transaction_contracts(shared: True, encrypted: False, schedule: 29, seed: 0) [FAIL]
  Failed LiteDB.Tests.Engine.TransactionHandleInterleaving_Tests.Forced_concurrent_histories_preserve_transaction_contracts(shared: True, encrypted: False, schedule: 29, seed: 0) [2 s]
  Error Message:
   System.InvalidOperationException : Oracle: ordinary same-file callback entered native self-wait (candidate merge blocker)
  Stack Trace:
     at LiteDB.ConcurrencyTesting.ExplorerDatabase.Require(Boolean condition, String message) in __WORKSPACE__/artifacts_temp/audit-explorer/LiteDB.Tests/Engine/ConcurrencyExplorer/ExplorerDatabase.cs:line 40
   at LiteDB.ConcurrencyTesting.ExplorerOrdinaryCallbacks.Run(ExplorerSchedule schedule, ExplorerDatabase model, ExplorerDatabase other, List`1 resources, Actor actor, Actor cleanup, Int32 variant) in __WORKSPACE__/artifacts_temp/audit-explorer/LiteDB.Tests/Engine/ConcurrencyExplorer/ExplorerOrdinaryCallbacks.cs:line 76
   at LiteDB.ConcurrencyTesting.TransactionInterleavingExplorer.Run(String file, Boolean shared, Boolean encrypted, Int32 schedule, Int32 seed) in __WORKSPACE__/artifacts_temp/audit-explorer/LiteDB.Tests/Engine/ConcurrencyExplorer/TransactionInterleavingExplorer.cs:line 51
--- End of stack trace from previous location ---
   at LiteDB.ConcurrencyTesting.TransactionInterleavingExplorer.Run(String file, Boolean shared, Boolean encrypted, Int32 schedule, Int32 seed) in __WORKSPACE__/artifacts_temp/audit-explorer/LiteDB.Tests/Engine/ConcurrencyExplorer/TransactionInterleavingExplorer.cs:line 94
   at LiteDB.Tests.Engine.TransactionHandleInterleaving_Tests.Forced_concurrent_histories_preserve_transaction_contracts(Boolean shared, Boolean encrypted, Int32 schedule, Int32 seed) in __WORKSPACE__/artifacts_temp/audit-explorer/LiteDB.Tests/Engine/TransactionHandleInterleaving_Tests.cs:line 30
   at InvokeStub_TransactionHandleInterleaving_Tests.Forced_concurrent_histories_preserve_transaction_contracts(Object, Span`1)
   at System.Reflection.MethodBaseInvoker.InvokeWithFewArgs(Object obj, BindingFlags invokeAttr, Binder binder, Object[] parameters, CultureInfo culture)
[xUnit.net 00:00:51.47]     LiteDB.Tests.Engine.TransactionHandleInterleaving_Tests.Forced_concurrent_histories_preserve_transaction_contracts(shared: True, encrypted: True, schedule: 31, seed: 1) [FAIL]
  Failed LiteDB.Tests.Engine.TransactionHandleInterleaving_Tests.Forced_concurrent_histories_preserve_transaction_contracts(shared: True, encrypted: True, schedule: 31, seed: 1) [2 s]
  Error Message:
   System.InvalidOperationException : Oracle: ordinary same-file callback entered native self-wait (candidate merge blocker)
  Stack Trace:
     at LiteDB.ConcurrencyTesting.ExplorerDatabase.Require(Boolean condition, String message) in __WORKSPACE__/artifacts_temp/audit-explorer/LiteDB.Tests/Engine/ConcurrencyExplorer/ExplorerDatabase.cs:line 40
   at LiteDB.ConcurrencyTesting.ExplorerOrdinaryCallbacks.Run(ExplorerSchedule schedule, ExplorerDatabase model, ExplorerDatabase other, List`1 resources, Actor actor, Actor cleanup, Int32 variant) in __WORKSPACE__/artifacts_temp/audit-explorer/LiteDB.Tests/Engine/ConcurrencyExplorer/ExplorerOrdinaryCallbacks.cs:line 76
   at LiteDB.ConcurrencyTesting.TransactionInterleavingExplorer.Run(String file, Boolean shared, Boolean encrypted, Int32 schedule, Int32 seed) in __WORKSPACE__/artifacts_temp/audit-explorer/LiteDB.Tests/Engine/ConcurrencyExplorer/TransactionInterleavingExplorer.cs:line 51
--- End of stack trace from previous location ---
   at LiteDB.ConcurrencyTesting.TransactionInterleavingExplorer.Run(String file, Boolean shared, Boolean encrypted, Int32 schedule, Int32 seed) in __WORKSPACE__/artifacts_temp/audit-explorer/LiteDB.Tests/Engine/ConcurrencyExplorer/TransactionInterleavingExplorer.cs:line 94
   at LiteDB.Tests.Engine.TransactionHandleInterleaving_Tests.Forced_concurrent_histories_preserve_transaction_contracts(Boolean shared, Boolean encrypted, Int32 schedule, Int32 seed) in __WORKSPACE__/artifacts_temp/audit-explorer/LiteDB.Tests/Engine/TransactionHandleInterleaving_Tests.cs:line 30
   at InvokeStub_TransactionHandleInterleaving_Tests.Forced_concurrent_histories_preserve_transaction_contracts(Object, Span`1)
   at System.Reflection.MethodBaseInvoker.InvokeWithFewArgs(Object obj, BindingFlags invokeAttr, Binder binder, Object[] parameters, CultureInfo culture)
[xUnit.net 00:01:02.74]     LiteDB.Tests.Engine.TransactionHandleInterleaving_Tests.Forced_concurrent_histories_preserve_transaction_contracts(shared: True, encrypted: False, schedule: 29, seed: 1) [FAIL]
  Failed LiteDB.Tests.Engine.TransactionHandleInterleaving_Tests.Forced_concurrent_histories_preserve_transaction_contracts(shared: True, encrypted: False, schedule: 29, seed: 1) [2 s]
  Error Message:
   System.InvalidOperationException : Oracle: ordinary same-file callback entered native self-wait (candidate merge blocker)
  Stack Trace:
     at LiteDB.ConcurrencyTesting.ExplorerDatabase.Require(Boolean condition, String message) in __WORKSPACE__/artifacts_temp/audit-explorer/LiteDB.Tests/Engine/ConcurrencyExplorer/ExplorerDatabase.cs:line 40
   at LiteDB.ConcurrencyTesting.ExplorerOrdinaryCallbacks.Run(ExplorerSchedule schedule, ExplorerDatabase model, ExplorerDatabase other, List`1 resources, Actor actor, Actor cleanup, Int32 variant) in __WORKSPACE__/artifacts_temp/audit-explorer/LiteDB.Tests/Engine/ConcurrencyExplorer/ExplorerOrdinaryCallbacks.cs:line 76
   at LiteDB.ConcurrencyTesting.TransactionInterleavingExplorer.Run(String file, Boolean shared, Boolean encrypted, Int32 schedule, Int32 seed) in __WORKSPACE__/artifacts_temp/audit-explorer/LiteDB.Tests/Engine/ConcurrencyExplorer/TransactionInterleavingExplorer.cs:line 51
--- End of stack trace from previous location ---
   at LiteDB.ConcurrencyTesting.TransactionInterleavingExplorer.Run(String file, Boolean shared, Boolean encrypted, Int32 schedule, Int32 seed) in __WORKSPACE__/artifacts_temp/audit-explorer/LiteDB.Tests/Engine/ConcurrencyExplorer/TransactionInterleavingExplorer.cs:line 94
   at LiteDB.Tests.Engine.TransactionHandleInterleaving_Tests.Forced_concurrent_histories_preserve_transaction_contracts(Boolean shared, Boolean encrypted, Int32 schedule, Int32 seed) in __WORKSPACE__/artifacts_temp/audit-explorer/LiteDB.Tests/Engine/TransactionHandleInterleaving_Tests.cs:line 30
   at InvokeStub_TransactionHandleInterleaving_Tests.Forced_concurrent_histories_preserve_transaction_contracts(Object, Span`1)
   at System.Reflection.MethodBaseInvoker.InvokeWithFewArgs(Object obj, BindingFlags invokeAttr, Binder binder, Object[] parameters, CultureInfo culture)
[xUnit.net 00:01:14.80]     LiteDB.Tests.Engine.TransactionHandleInterleaving_Tests.Forced_concurrent_histories_preserve_transaction_contracts(shared: True, encrypted: True, schedule: 29, seed: 1) [FAIL]
  Failed LiteDB.Tests.Engine.TransactionHandleInterleaving_Tests.Forced_concurrent_histories_preserve_transaction_contracts(shared: True, encrypted: True, schedule: 29, seed: 1) [2 s]
  Error Message:
   System.InvalidOperationException : Oracle: ordinary same-file callback entered native self-wait (candidate merge blocker)
  Stack Trace:
     at LiteDB.ConcurrencyTesting.ExplorerDatabase.Require(Boolean condition, String message) in __WORKSPACE__/artifacts_temp/audit-explorer/LiteDB.Tests/Engine/ConcurrencyExplorer/ExplorerDatabase.cs:line 40
   at LiteDB.ConcurrencyTesting.ExplorerOrdinaryCallbacks.Run(ExplorerSchedule schedule, ExplorerDatabase model, ExplorerDatabase other, List`1 resources, Actor actor, Actor cleanup, Int32 variant) in __WORKSPACE__/artifacts_temp/audit-explorer/LiteDB.Tests/Engine/ConcurrencyExplorer/ExplorerOrdinaryCallbacks.cs:line 76
   at LiteDB.ConcurrencyTesting.TransactionInterleavingExplorer.Run(String file, Boolean shared, Boolean encrypted, Int32 schedule, Int32 seed) in __WORKSPACE__/artifacts_temp/audit-explorer/LiteDB.Tests/Engine/ConcurrencyExplorer/TransactionInterleavingExplorer.cs:line 51
--- End of stack trace from previous location ---
   at LiteDB.ConcurrencyTesting.TransactionInterleavingExplorer.Run(String file, Boolean shared, Boolean encrypted, Int32 schedule, Int32 seed) in __WORKSPACE__/artifacts_temp/audit-explorer/LiteDB.Tests/Engine/ConcurrencyExplorer/TransactionInterleavingExplorer.cs:line 94
   at LiteDB.Tests.Engine.TransactionHandleInterleaving_Tests.Forced_concurrent_histories_preserve_transaction_contracts(Boolean shared, Boolean encrypted, Int32 schedule, Int32 seed) in __WORKSPACE__/artifacts_temp/audit-explorer/LiteDB.Tests/Engine/TransactionHandleInterleaving_Tests.cs:line 30
   at InvokeStub_TransactionHandleInterleaving_Tests.Forced_concurrent_histories_preserve_transaction_contracts(Object, Span`1)
   at System.Reflection.MethodBaseInvoker.InvokeWithFewArgs(Object obj, BindingFlags invokeAttr, Binder binder, Object[] parameters, CultureInfo culture)
[xUnit.net 00:01:32.67]     LiteDB.Tests.Engine.TransactionHandleInterleaving_Tests.Forced_concurrent_histories_preserve_transaction_contracts(shared: True, encrypted: True, schedule: 31, seed: 0) [FAIL]
  Failed LiteDB.Tests.Engine.TransactionHandleInterleaving_Tests.Forced_concurrent_histories_preserve_transaction_contracts(shared: True, encrypted: True, schedule: 31, seed: 0) [2 s]
  Error Message:
   System.InvalidOperationException : Oracle: ordinary same-file callback entered native self-wait (candidate merge blocker)
  Stack Trace:
     at LiteDB.ConcurrencyTesting.ExplorerDatabase.Require(Boolean condition, String message) in __WORKSPACE__/artifacts_temp/audit-explorer/LiteDB.Tests/Engine/ConcurrencyExplorer/ExplorerDatabase.cs:line 40
   at LiteDB.ConcurrencyTesting.ExplorerOrdinaryCallbacks.Run(ExplorerSchedule schedule, ExplorerDatabase model, ExplorerDatabase other, List`1 resources, Actor actor, Actor cleanup, Int32 variant) in __WORKSPACE__/artifacts_temp/audit-explorer/LiteDB.Tests/Engine/ConcurrencyExplorer/ExplorerOrdinaryCallbacks.cs:line 76
   at LiteDB.ConcurrencyTesting.TransactionInterleavingExplorer.Run(String file, Boolean shared, Boolean encrypted, Int32 schedule, Int32 seed) in __WORKSPACE__/artifacts_temp/audit-explorer/LiteDB.Tests/Engine/ConcurrencyExplorer/TransactionInterleavingExplorer.cs:line 51
--- End of stack trace from previous location ---
   at LiteDB.ConcurrencyTesting.TransactionInterleavingExplorer.Run(String file, Boolean shared, Boolean encrypted, Int32 schedule, Int32 seed) in __WORKSPACE__/artifacts_temp/audit-explorer/LiteDB.Tests/Engine/ConcurrencyExplorer/TransactionInterleavingExplorer.cs:line 94
   at LiteDB.Tests.Engine.TransactionHandleInterleaving_Tests.Forced_concurrent_histories_preserve_transaction_contracts(Boolean shared, Boolean encrypted, Int32 schedule, Int32 seed) in __WORKSPACE__/artifacts_temp/audit-explorer/LiteDB.Tests/Engine/TransactionHandleInterleaving_Tests.cs:line 30
   at InvokeStub_TransactionHandleInterleaving_Tests.Forced_concurrent_histories_preserve_transaction_contracts(Object, Span`1)
   at System.Reflection.MethodBaseInvoker.InvokeWithFewArgs(Object obj, BindingFlags invokeAttr, Binder binder, Object[] parameters, CultureInfo culture)
[xUnit.net 00:01:51.77]     LiteDB.Tests.Engine.TransactionHandleInterleaving_Tests.Forced_concurrent_histories_preserve_transaction_contracts(shared: True, encrypted: False, schedule: 31, seed: 0) [FAIL]
  Failed LiteDB.Tests.Engine.TransactionHandleInterleaving_Tests.Forced_concurrent_histories_preserve_transaction_contracts(shared: True, encrypted: False, schedule: 31, seed: 0) [2 s]
  Error Message:
   System.InvalidOperationException : Oracle: ordinary same-file callback entered native self-wait (candidate merge blocker)
  Stack Trace:
     at LiteDB.ConcurrencyTesting.ExplorerDatabase.Require(Boolean condition, String message) in __WORKSPACE__/artifacts_temp/audit-explorer/LiteDB.Tests/Engine/ConcurrencyExplorer/ExplorerDatabase.cs:line 40
   at LiteDB.ConcurrencyTesting.ExplorerOrdinaryCallbacks.Run(ExplorerSchedule schedule, ExplorerDatabase model, ExplorerDatabase other, List`1 resources, Actor actor, Actor cleanup, Int32 variant) in __WORKSPACE__/artifacts_temp/audit-explorer/LiteDB.Tests/Engine/ConcurrencyExplorer/ExplorerOrdinaryCallbacks.cs:line 76
   at LiteDB.ConcurrencyTesting.TransactionInterleavingExplorer.Run(String file, Boolean shared, Boolean encrypted, Int32 schedule, Int32 seed) in __WORKSPACE__/artifacts_temp/audit-explorer/LiteDB.Tests/Engine/ConcurrencyExplorer/TransactionInterleavingExplorer.cs:line 51
--- End of stack trace from previous location ---
   at LiteDB.ConcurrencyTesting.TransactionInterleavingExplorer.Run(String file, Boolean shared, Boolean encrypted, Int32 schedule, Int32 seed) in __WORKSPACE__/artifacts_temp/audit-explorer/LiteDB.Tests/Engine/ConcurrencyExplorer/TransactionInterleavingExplorer.cs:line 94
   at LiteDB.Tests.Engine.TransactionHandleInterleaving_Tests.Forced_concurrent_histories_preserve_transaction_contracts(Boolean shared, Boolean encrypted, Int32 schedule, Int32 seed) in __WORKSPACE__/artifacts_temp/audit-explorer/LiteDB.Tests/Engine/TransactionHandleInterleaving_Tests.cs:line 30
   at InvokeStub_TransactionHandleInterleaving_Tests.Forced_concurrent_histories_preserve_transaction_contracts(Object, Span`1)
   at System.Reflection.MethodBaseInvoker.InvokeWithFewArgs(Object obj, BindingFlags invokeAttr, Binder binder, Object[] parameters, CultureInfo culture)
[xUnit.net 00:02:01.99]     LiteDB.Tests.Engine.TransactionHandleInterleaving_Tests.Forced_concurrent_histories_preserve_transaction_contracts(shared: True, encrypted: True, schedule: 29, seed: 0) [FAIL]
  Failed LiteDB.Tests.Engine.TransactionHandleInterleaving_Tests.Forced_concurrent_histories_preserve_transaction_contracts(shared: True, encrypted: True, schedule: 29, seed: 0) [2 s]
  Error Message:
   System.InvalidOperationException : Oracle: ordinary same-file callback entered native self-wait (candidate merge blocker)
  Stack Trace:
     at LiteDB.ConcurrencyTesting.ExplorerDatabase.Require(Boolean condition, String message) in __WORKSPACE__/artifacts_temp/audit-explorer/LiteDB.Tests/Engine/ConcurrencyExplorer/ExplorerDatabase.cs:line 40
   at LiteDB.ConcurrencyTesting.ExplorerOrdinaryCallbacks.Run(ExplorerSchedule schedule, ExplorerDatabase model, ExplorerDatabase other, List`1 resources, Actor actor, Actor cleanup, Int32 variant) in __WORKSPACE__/artifacts_temp/audit-explorer/LiteDB.Tests/Engine/ConcurrencyExplorer/ExplorerOrdinaryCallbacks.cs:line 76
   at LiteDB.ConcurrencyTesting.TransactionInterleavingExplorer.Run(String file, Boolean shared, Boolean encrypted, Int32 schedule, Int32 seed) in __WORKSPACE__/artifacts_temp/audit-explorer/LiteDB.Tests/Engine/ConcurrencyExplorer/TransactionInterleavingExplorer.cs:line 51
--- End of stack trace from previous location ---
   at LiteDB.ConcurrencyTesting.TransactionInterleavingExplorer.Run(String file, Boolean shared, Boolean encrypted, Int32 schedule, Int32 seed) in __WORKSPACE__/artifacts_temp/audit-explorer/LiteDB.Tests/Engine/ConcurrencyExplorer/TransactionInterleavingExplorer.cs:line 94
   at LiteDB.Tests.Engine.TransactionHandleInterleaving_Tests.Forced_concurrent_histories_preserve_transaction_contracts(Boolean shared, Boolean encrypted, Int32 schedule, Int32 seed) in __WORKSPACE__/artifacts_temp/audit-explorer/LiteDB.Tests/Engine/TransactionHandleInterleaving_Tests.cs:line 30
   at InvokeStub_TransactionHandleInterleaving_Tests.Forced_concurrent_histories_preserve_transaction_contracts(Object, Span`1)
   at System.Reflection.MethodBaseInvoker.InvokeWithFewArgs(Object obj, BindingFlags invokeAttr, Binder binder, Object[] parameters, CultureInfo culture)
[xUnit.net 00:02:05.86]     LiteDB.Tests.Engine.TransactionHandleInterleaving_Tests.Forced_concurrent_histories_preserve_transaction_contracts(shared: True, encrypted: False, schedule: 31, seed: 1) [FAIL]
  Failed LiteDB.Tests.Engine.TransactionHandleInterleaving_Tests.Forced_concurrent_histories_preserve_transaction_contracts(shared: True, encrypted: False, schedule: 31, seed: 1) [2 s]
  Error Message:
   System.InvalidOperationException : Oracle: ordinary same-file callback entered native self-wait (candidate merge blocker)
  Stack Trace:
     at LiteDB.ConcurrencyTesting.ExplorerDatabase.Require(Boolean condition, String message) in __WORKSPACE__/artifacts_temp/audit-explorer/LiteDB.Tests/Engine/ConcurrencyExplorer/ExplorerDatabase.cs:line 40
   at LiteDB.ConcurrencyTesting.ExplorerOrdinaryCallbacks.Run(ExplorerSchedule schedule, ExplorerDatabase model, ExplorerDatabase other, List`1 resources, Actor actor, Actor cleanup, Int32 variant) in __WORKSPACE__/artifacts_temp/audit-explorer/LiteDB.Tests/Engine/ConcurrencyExplorer/ExplorerOrdinaryCallbacks.cs:line 76
   at LiteDB.ConcurrencyTesting.TransactionInterleavingExplorer.Run(String file, Boolean shared, Boolean encrypted, Int32 schedule, Int32 seed) in __WORKSPACE__/artifacts_temp/audit-explorer/LiteDB.Tests/Engine/ConcurrencyExplorer/TransactionInterleavingExplorer.cs:line 51
--- End of stack trace from previous location ---
   at LiteDB.ConcurrencyTesting.TransactionInterleavingExplorer.Run(String file, Boolean shared, Boolean encrypted, Int32 schedule, Int32 seed) in __WORKSPACE__/artifacts_temp/audit-explorer/LiteDB.Tests/Engine/ConcurrencyExplorer/TransactionInterleavingExplorer.cs:line 94
   at LiteDB.Tests.Engine.TransactionHandleInterleaving_Tests.Forced_concurrent_histories_preserve_transaction_contracts(Boolean shared, Boolean encrypted, Int32 schedule, Int32 seed) in __WORKSPACE__/artifacts_temp/audit-explorer/LiteDB.Tests/Engine/TransactionHandleInterleaving_Tests.cs:line 30
   at InvokeStub_TransactionHandleInterleaving_Tests.Forced_concurrent_histories_preserve_transaction_contracts(Object, Span`1)
   at System.Reflection.MethodBaseInvoker.InvokeWithFewArgs(Object obj, BindingFlags invokeAttr, Binder binder, Object[] parameters, CultureInfo culture)
Results File: __WORKSPACE__/artifacts_temp/audit-explorer/LiteDB.Tests/TestResults/explorer-net8-effective-timeout.trx

Failed!  - Failed:     8, Passed:   264, Skipped:     0, Total:   272, Duration: 2 m 7 s - LiteDB.Tests.dll (net8.0)
