  Determining projects to restore...
__WORKSPACE__/artifacts_temp/audit-explorer/LiteDB/LiteDB.csproj : warning NU1510: PackageReference System.ComponentModel.TypeConverter will not be pruned. This package is automatically available and does not need to be referenced explicitly. Remove the PackageReference item. [__WORKSPACE__/artifacts_temp/audit-explorer/LiteDB.Tests/LiteDB.Tests.csproj]
  Restored __WORKSPACE__/artifacts_temp/audit-explorer/LiteDB.Tests.SharedMutexHarness/SharedMutexHarness.csproj (in 202 ms).
  Restored __WORKSPACE__/artifacts_temp/audit-explorer/LiteDB/LiteDB.csproj (in 210 ms).
  Restored __WORKSPACE__/artifacts_temp/audit-explorer/LiteDB.Tests/LiteDB.Tests.csproj (in 242 ms).
__WORKSPACE__/artifacts_temp/audit-explorer/LiteDB/LiteDB.csproj : warning NU1510: PackageReference System.ComponentModel.TypeConverter will not be pruned. This package is automatically available and does not need to be referenced explicitly. Remove the PackageReference item. [TargetFramework=net8.0]
__WORKSPACE__/artifacts_temp/audit-explorer/LiteDB/Client/Mapper/BsonMapper.Deserialize.cs(27,39): warning CS8632: The annotation for nullable reference types should only be used in code within a '#nullable' annotations context. [__WORKSPACE__/artifacts_temp/audit-explorer/LiteDB/LiteDB.csproj::TargetFramework=net8.0]
__WORKSPACE__/artifacts_temp/audit-explorer/LiteDB/Engine/FileReader/Legacy/AesEncryption.cs(21,23): warning SYSLIB0041: 'Rfc2898DeriveBytes.Rfc2898DeriveBytes(string, byte[])' is obsolete: 'The default hash algorithm and iteration counts in Rfc2898DeriveBytes constructors are outdated and insecure. Use a constructor that accepts the hash algorithm and the number of iterations.' (https://aka.ms/dotnet-warnings/SYSLIB0041) [__WORKSPACE__/artifacts_temp/audit-explorer/LiteDB/LiteDB.csproj::TargetFramework=net8.0]
__WORKSPACE__/artifacts_temp/audit-explorer/LiteDB/Engine/Disk/Streams/AesStream.cs(97,27): warning SYSLIB0041: 'Rfc2898DeriveBytes.Rfc2898DeriveBytes(string, byte[])' is obsolete: 'The default hash algorithm and iteration counts in Rfc2898DeriveBytes constructors are outdated and insecure. Use a constructor that accepts the hash algorithm and the number of iterations.' (https://aka.ms/dotnet-warnings/SYSLIB0041) [__WORKSPACE__/artifacts_temp/audit-explorer/LiteDB/LiteDB.csproj::TargetFramework=net8.0]
__WORKSPACE__/artifacts_temp/audit-explorer/LiteDB/Engine/FileReader/FileReaderV8.cs(23,29): warning CS0649: Field 'FileReaderV8.PageInfo.PageType' is never assigned to, and will always have its default value [__WORKSPACE__/artifacts_temp/audit-explorer/LiteDB/LiteDB.csproj::TargetFramework=net8.0]
__WORKSPACE__/artifacts_temp/audit-explorer/LiteDB/Engine/LiteEngine.cs(229,37): warning CS1734: XML comment on 'LiteEngine.InvalidDatafileState' has a paramref tag for 'checkpoint', but there is no parameter by that name [__WORKSPACE__/artifacts_temp/audit-explorer/LiteDB/LiteDB.csproj::TargetFramework=net8.0]
__WORKSPACE__/artifacts_temp/audit-explorer/LiteDB/Engine/LiteEngine.cs(232,42): warning CS1734: XML comment on 'LiteEngine.InvalidDatafileState' has a paramref tag for 'final', but there is no parameter by that name [__WORKSPACE__/artifacts_temp/audit-explorer/LiteDB/LiteDB.csproj::TargetFramework=net8.0]
__WORKSPACE__/artifacts_temp/audit-explorer/LiteDB/Client/Coordinated/CoordinatorClient.Snapshots.cs(376,42): warning CS1573: Parameter 'engine' has no matching param tag in the XML comment for 'CoordinatorClient.Snapshot.Snapshot(LiteEngine, IDisposable, int, CoordinatorStatus)' (but other parameters do) [__WORKSPACE__/artifacts_temp/audit-explorer/LiteDB/LiteDB.csproj::TargetFramework=net8.0]
__WORKSPACE__/artifacts_temp/audit-explorer/LiteDB/Client/Coordinated/CoordinatorClient.Snapshots.cs(376,62): warning CS1573: Parameter 'lease' has no matching param tag in the XML comment for 'CoordinatorClient.Snapshot.Snapshot(LiteEngine, IDisposable, int, CoordinatorStatus)' (but other parameters do) [__WORKSPACE__/artifacts_temp/audit-explorer/LiteDB/LiteDB.csproj::TargetFramework=net8.0]
__WORKSPACE__/artifacts_temp/audit-explorer/LiteDB/Client/Coordinated/CoordinatorClient.Snapshots.cs(376,73): warning CS1573: Parameter 'version' has no matching param tag in the XML comment for 'CoordinatorClient.Snapshot.Snapshot(LiteEngine, IDisposable, int, CoordinatorStatus)' (but other parameters do) [__WORKSPACE__/artifacts_temp/audit-explorer/LiteDB/LiteDB.csproj::TargetFramework=net8.0]
__WORKSPACE__/artifacts_temp/audit-explorer/LiteDB/Client/Coordinated/CoordinatorStatusPage.cs(115,57): warning CA1416: This call site is reachable on all platforms. 'File.GetUnixFileMode(string)' is unsupported on: 'windows'. (https://learn.microsoft.com/dotnet/fundamentals/code-analysis/quality-rules/ca1416) [__WORKSPACE__/artifacts_temp/audit-explorer/LiteDB/LiteDB.csproj::TargetFramework=net8.0]
__WORKSPACE__/artifacts_temp/audit-explorer/LiteDB/Client/Coordinated/CoordinatorStatusPage.cs(145,51): warning CA1416: This call site is reachable on all platforms. 'File.SetUnixFileMode(string, UnixFileMode)' is unsupported on: 'windows'. (https://learn.microsoft.com/dotnet/fundamentals/code-analysis/quality-rules/ca1416) [__WORKSPACE__/artifacts_temp/audit-explorer/LiteDB/LiteDB.csproj::TargetFramework=net8.0]
__WORKSPACE__/artifacts_temp/audit-explorer/LiteDB/Client/Coordinated/CoordinatorStatusPage.cs(138,24): warning CA1416: This call site is reachable on all platforms. 'File.GetUnixFileMode(string)' is unsupported on: 'windows'. (https://learn.microsoft.com/dotnet/fundamentals/code-analysis/quality-rules/ca1416) [__WORKSPACE__/artifacts_temp/audit-explorer/LiteDB/LiteDB.csproj::TargetFramework=net8.0]
__WORKSPACE__/artifacts_temp/audit-explorer/LiteDB/Client/Coordinated/CoordinatorStatusPage.cs(133,17): warning CA1416: This call site is reachable on all platforms. 'Directory.CreateDirectory(string, UnixFileMode)' is unsupported on: 'windows'. (https://learn.microsoft.com/dotnet/fundamentals/code-analysis/quality-rules/ca1416) [__WORKSPACE__/artifacts_temp/audit-explorer/LiteDB/LiteDB.csproj::TargetFramework=net8.0]
__WORKSPACE__/artifacts_temp/audit-explorer/LiteDB/Client/Coordinated/CoordinatorStatusPage.cs(170,27): warning CA1416: This call site is reachable on all platforms. 'FileStreamOptions.UnixCreateMode.set' is unsupported on: 'windows'. (https://learn.microsoft.com/dotnet/fundamentals/code-analysis/quality-rules/ca1416) [__WORKSPACE__/artifacts_temp/audit-explorer/LiteDB/LiteDB.csproj::TargetFramework=net8.0]
  LiteDB -> __WORKSPACE__/artifacts_temp/audit-explorer/LiteDB/bin/Release/net8.0/LiteDB.dll
__WORKSPACE__/artifacts_temp/audit-explorer/LiteDB.Tests.SharedMutexHarness/CoordinatorHarness.cs(35,9): warning CS0618: 'LiteDatabase.BeginTrans()' is obsolete: 'Use BeginTransaction() and Commit/Rollback on the returned handle. This legacy API is thread-bound and must not cross await.' [__WORKSPACE__/artifacts_temp/audit-explorer/LiteDB.Tests.SharedMutexHarness/SharedMutexHarness.csproj]
__WORKSPACE__/artifacts_temp/audit-explorer/LiteDB.Tests.SharedMutexHarness/CoordinatorHarness.cs(39,9): warning CS0618: 'LiteDatabase.Rollback()' is obsolete: 'Use BeginTransaction() and Commit/Rollback on the returned handle. This legacy API is thread-bound and must not cross await.' [__WORKSPACE__/artifacts_temp/audit-explorer/LiteDB.Tests.SharedMutexHarness/SharedMutexHarness.csproj]
__WORKSPACE__/artifacts_temp/audit-explorer/LiteDB.Tests.SharedMutexHarness/SharedStorageHarness.cs(34,17): warning CS0618: 'LiteDatabase.BeginTrans()' is obsolete: 'Use BeginTransaction() and Commit/Rollback on the returned handle. This legacy API is thread-bound and must not cross await.' [__WORKSPACE__/artifacts_temp/audit-explorer/LiteDB.Tests.SharedMutexHarness/SharedMutexHarness.csproj]
__WORKSPACE__/artifacts_temp/audit-explorer/LiteDB.Tests.SharedMutexHarness/SharedStorageHarness.cs(36,55): warning CS0618: 'LiteDatabase.Commit()' is obsolete: 'Use BeginTransaction() and Commit/Rollback on the returned handle. This legacy API is thread-bound and must not cross await.' [__WORKSPACE__/artifacts_temp/audit-explorer/LiteDB.Tests.SharedMutexHarness/SharedMutexHarness.csproj]
__WORKSPACE__/artifacts_temp/audit-explorer/LiteDB.Tests.SharedMutexHarness/SharedMappedHarness.cs(40,13): warning CS0618: 'LiteDatabase.BeginTrans()' is obsolete: 'Use BeginTransaction() and Commit/Rollback on the returned handle. This legacy API is thread-bound and must not cross await.' [__WORKSPACE__/artifacts_temp/audit-explorer/LiteDB.Tests.SharedMutexHarness/SharedMutexHarness.csproj]
__WORKSPACE__/artifacts_temp/audit-explorer/LiteDB.Tests.SharedMutexHarness/MvccHarness.cs(65,17): warning CS0618: 'LiteDatabase.BeginTrans()' is obsolete: 'Use BeginTransaction() and Commit/Rollback on the returned handle. This legacy API is thread-bound and must not cross await.' [__WORKSPACE__/artifacts_temp/audit-explorer/LiteDB.Tests.SharedMutexHarness/SharedMutexHarness.csproj]
__WORKSPACE__/artifacts_temp/audit-explorer/LiteDB.Tests.SharedMutexHarness/MvccHarness.cs(85,17): warning CS0618: 'LiteDatabase.BeginTrans()' is obsolete: 'Use BeginTransaction() and Commit/Rollback on the returned handle. This legacy API is thread-bound and must not cross await.' [__WORKSPACE__/artifacts_temp/audit-explorer/LiteDB.Tests.SharedMutexHarness/SharedMutexHarness.csproj]
  SharedMutexHarness -> __WORKSPACE__/artifacts_temp/audit-explorer/LiteDB.Tests.SharedMutexHarness/bin/Release/net8.0/SharedMutexHarness.dll
__WORKSPACE__/artifacts_temp/audit-explorer/LiteDB.Tests/Issues/Issue1829Invocation_Tests.cs(91,58): warning CS1718: Comparison made to same variable; did you mean to compare something else? [__WORKSPACE__/artifacts_temp/audit-explorer/LiteDB.Tests/LiteDB.Tests.csproj::TargetFramework=net8.0]
__WORKSPACE__/artifacts_temp/audit-explorer/LiteDB.Tests/Issues/Issue1829Invocation_Tests.cs(105,57): warning CS1718: Comparison made to same variable; did you mean to compare something else? [__WORKSPACE__/artifacts_temp/audit-explorer/LiteDB.Tests/LiteDB.Tests.csproj::TargetFramework=net8.0]
__WORKSPACE__/artifacts_temp/audit-explorer/LiteDB.Tests/Issues/Issue2265_Tests.cs(38,20): warning CS8632: The annotation for nullable reference types should only be used in code within a '#nullable' annotations context. [__WORKSPACE__/artifacts_temp/audit-explorer/LiteDB.Tests/LiteDB.Tests.csproj::TargetFramework=net8.0]
__WORKSPACE__/artifacts_temp/audit-explorer/LiteDB.Tests/Internals/CacheAsync_Tests.cs(86,18): warning xUnit1031: Test methods should not use blocking task operations, as they can cause deadlocks. Use an async test method and await instead. (https://xunit.net/xunit.analyzers/rules/xUnit1031) [__WORKSPACE__/artifacts_temp/audit-explorer/LiteDB.Tests/LiteDB.Tests.csproj::TargetFramework=net8.0]
__WORKSPACE__/artifacts_temp/audit-explorer/LiteDB.Tests/Internals/TransactionHandleProcess_Tests.cs(22,13): warning xUnit2013: Do not use Assert.Equal() to check for collection size. Use Assert.Single instead. (https://xunit.net/xunit.analyzers/rules/xUnit2013) [__WORKSPACE__/artifacts_temp/audit-explorer/LiteDB.Tests/LiteDB.Tests.csproj::TargetFramework=net8.0]
__WORKSPACE__/artifacts_temp/audit-explorer/LiteDB.Tests/Engine/TransactionHandle_Tests.cs(146,32): warning xUnit1031: Test methods should not use blocking task operations, as they can cause deadlocks. Use an async test method and await instead. (https://xunit.net/xunit.analyzers/rules/xUnit1031) [__WORKSPACE__/artifacts_temp/audit-explorer/LiteDB.Tests/LiteDB.Tests.csproj::TargetFramework=net8.0]
__WORKSPACE__/artifacts_temp/audit-explorer/LiteDB.Tests/Engine/TransactionHandleSharedPinCancellation_Tests.cs(56,38): warning xUnit1031: Test methods should not use blocking task operations, as they can cause deadlocks. Use an async test method and await instead. (https://xunit.net/xunit.analyzers/rules/xUnit1031) [__WORKSPACE__/artifacts_temp/audit-explorer/LiteDB.Tests/LiteDB.Tests.csproj::TargetFramework=net8.0]
__WORKSPACE__/artifacts_temp/audit-explorer/LiteDB.Tests/Engine/TransactionHandleSharedPinCancellation_Tests.cs(57,68): warning xUnit1031: Test methods should not use blocking task operations, as they can cause deadlocks. Use an async test method and await instead. (https://xunit.net/xunit.analyzers/rules/xUnit1031) [__WORKSPACE__/artifacts_temp/audit-explorer/LiteDB.Tests/LiteDB.Tests.csproj::TargetFramework=net8.0]
__WORKSPACE__/artifacts_temp/audit-explorer/LiteDB.Tests/Engine/TransactionHandleSharedPinCancellation_Tests.cs(66,38): warning xUnit1031: Test methods should not use blocking task operations, as they can cause deadlocks. Use an async test method and await instead. (https://xunit.net/xunit.analyzers/rules/xUnit1031) [__WORKSPACE__/artifacts_temp/audit-explorer/LiteDB.Tests/LiteDB.Tests.csproj::TargetFramework=net8.0]
__WORKSPACE__/artifacts_temp/audit-explorer/LiteDB.Tests/Engine/CompactSchemaCacheConcurrency_Tests.cs(96,18): warning xUnit1031: Test methods should not use blocking task operations, as they can cause deadlocks. Use an async test method and await instead. (https://xunit.net/xunit.analyzers/rules/xUnit1031) [__WORKSPACE__/artifacts_temp/audit-explorer/LiteDB.Tests/LiteDB.Tests.csproj::TargetFramework=net8.0]
__WORKSPACE__/artifacts_temp/audit-explorer/LiteDB.Tests/Issues/Issue1192DirectDictionary_Tests.cs(186,13): warning xUnit2013: Do not use Assert.Equal() to check for collection size. Use Assert.Empty instead. (https://xunit.net/xunit.analyzers/rules/xUnit2013) [__WORKSPACE__/artifacts_temp/audit-explorer/LiteDB.Tests/LiteDB.Tests.csproj::TargetFramework=net8.0]
__WORKSPACE__/artifacts_temp/audit-explorer/LiteDB.Tests/Engine/CoordinatorSnapshotReads_Tests.cs(161,28): warning xUnit1031: Test methods should not use blocking task operations, as they can cause deadlocks. Use an async test method and await instead. (https://xunit.net/xunit.analyzers/rules/xUnit1031) [__WORKSPACE__/artifacts_temp/audit-explorer/LiteDB.Tests/LiteDB.Tests.csproj::TargetFramework=net8.0]
__WORKSPACE__/artifacts_temp/audit-explorer/LiteDB.Tests/Engine/CoordinatorSnapshotReads_Tests.cs(172,24): warning xUnit1031: Test methods should not use blocking task operations, as they can cause deadlocks. Use an async test method and await instead. (https://xunit.net/xunit.analyzers/rules/xUnit1031) [__WORKSPACE__/artifacts_temp/audit-explorer/LiteDB.Tests/LiteDB.Tests.csproj::TargetFramework=net8.0]
__WORKSPACE__/artifacts_temp/audit-explorer/LiteDB.Tests/Engine/Coordinator_Tests.cs(262,20): warning xUnit1031: Test methods should not use blocking task operations, as they can cause deadlocks. Use an async test method and await instead. (https://xunit.net/xunit.analyzers/rules/xUnit1031) [__WORKSPACE__/artifacts_temp/audit-explorer/LiteDB.Tests/LiteDB.Tests.csproj::TargetFramework=net8.0]
__WORKSPACE__/artifacts_temp/audit-explorer/LiteDB.Tests/Engine/CoordinatorPlatform_Tests.cs(289,22): warning xUnit1031: Test methods should not use blocking task operations, as they can cause deadlocks. Use an async test method and await instead. (https://xunit.net/xunit.analyzers/rules/xUnit1031) [__WORKSPACE__/artifacts_temp/audit-explorer/LiteDB.Tests/LiteDB.Tests.csproj::TargetFramework=net8.0]
__WORKSPACE__/artifacts_temp/audit-explorer/LiteDB.Tests/Issues/Issue2112_Tests.cs(32,13): warning xUnit2013: Do not use Assert.Equal() to check for collection size. Use Assert.Single instead. (https://xunit.net/xunit.analyzers/rules/xUnit2013) [__WORKSPACE__/artifacts_temp/audit-explorer/LiteDB.Tests/LiteDB.Tests.csproj::TargetFramework=net8.0]
__WORKSPACE__/artifacts_temp/audit-explorer/LiteDB.Tests/Engine/TransactionHandleSharedAdmission_Tests.cs(48,34): warning xUnit1031: Test methods should not use blocking task operations, as they can cause deadlocks. Use an async test method and await instead. (https://xunit.net/xunit.analyzers/rules/xUnit1031) [__WORKSPACE__/artifacts_temp/audit-explorer/LiteDB.Tests/LiteDB.Tests.csproj::TargetFramework=net8.0]
__WORKSPACE__/artifacts_temp/audit-explorer/LiteDB.Tests/Engine/TransactionHandleSharedAdmission_Tests.cs(49,64): warning xUnit1031: Test methods should not use blocking task operations, as they can cause deadlocks. Use an async test method and await instead. (https://xunit.net/xunit.analyzers/rules/xUnit1031) [__WORKSPACE__/artifacts_temp/audit-explorer/LiteDB.Tests/LiteDB.Tests.csproj::TargetFramework=net8.0]
__WORKSPACE__/artifacts_temp/audit-explorer/LiteDB.Tests/Engine/TransactionHandleSharedAdmission_Tests.cs(54,22): warning xUnit1031: Test methods should not use blocking task operations, as they can cause deadlocks. Use an async test method and await instead. (https://xunit.net/xunit.analyzers/rules/xUnit1031) [__WORKSPACE__/artifacts_temp/audit-explorer/LiteDB.Tests/LiteDB.Tests.csproj::TargetFramework=net8.0]
__WORKSPACE__/artifacts_temp/audit-explorer/LiteDB.Tests/Engine/TransactionHandleSharedAdmission_Tests.cs(91,34): warning xUnit1031: Test methods should not use blocking task operations, as they can cause deadlocks. Use an async test method and await instead. (https://xunit.net/xunit.analyzers/rules/xUnit1031) [__WORKSPACE__/artifacts_temp/audit-explorer/LiteDB.Tests/LiteDB.Tests.csproj::TargetFramework=net8.0]
__WORKSPACE__/artifacts_temp/audit-explorer/LiteDB.Tests/Engine/TransactionHandleSharedAdmission_Tests.cs(92,64): warning xUnit1031: Test methods should not use blocking task operations, as they can cause deadlocks. Use an async test method and await instead. (https://xunit.net/xunit.analyzers/rules/xUnit1031) [__WORKSPACE__/artifacts_temp/audit-explorer/LiteDB.Tests/LiteDB.Tests.csproj::TargetFramework=net8.0]
__WORKSPACE__/artifacts_temp/audit-explorer/LiteDB.Tests/Engine/NativeAdmissionDirectContextLifetime_Tests.cs(151,37): warning xUnit1031: Test methods should not use blocking task operations, as they can cause deadlocks. Use an async test method and await instead. (https://xunit.net/xunit.analyzers/rules/xUnit1031) [__WORKSPACE__/artifacts_temp/audit-explorer/LiteDB.Tests/LiteDB.Tests.csproj::TargetFramework=net8.0]
__WORKSPACE__/artifacts_temp/audit-explorer/LiteDB.Tests/Engine/NativeAdmissionDirectContext_Tests.cs(140,38): warning xUnit1031: Test methods should not use blocking task operations, as they can cause deadlocks. Use an async test method and await instead. (https://xunit.net/xunit.analyzers/rules/xUnit1031) [__WORKSPACE__/artifacts_temp/audit-explorer/LiteDB.Tests/LiteDB.Tests.csproj::TargetFramework=net8.0]
__WORKSPACE__/artifacts_temp/audit-explorer/LiteDB.Tests/Engine/NativeAdmissionDirectPoolFinalizer_Tests.cs(74,13): warning xUnit2013: Do not use Assert.Equal() to check for collection size. Use Assert.Single instead. (https://xunit.net/xunit.analyzers/rules/xUnit2013) [__WORKSPACE__/artifacts_temp/audit-explorer/LiteDB.Tests/LiteDB.Tests.csproj::TargetFramework=net8.0]
__WORKSPACE__/artifacts_temp/audit-explorer/LiteDB.Tests/Engine/NativeAdmissionIsolation_Tests.cs(56,25): warning xUnit1031: Test methods should not use blocking task operations, as they can cause deadlocks. Use an async test method and await instead. (https://xunit.net/xunit.analyzers/rules/xUnit1031) [__WORKSPACE__/artifacts_temp/audit-explorer/LiteDB.Tests/LiteDB.Tests.csproj::TargetFramework=net8.0]
__WORKSPACE__/artifacts_temp/audit-explorer/LiteDB.Tests/Engine/NativeAdmissionIsolation_Tests.cs(65,22): warning xUnit1031: Test methods should not use blocking task operations, as they can cause deadlocks. Use an async test method and await instead. (https://xunit.net/xunit.analyzers/rules/xUnit1031) [__WORKSPACE__/artifacts_temp/audit-explorer/LiteDB.Tests/LiteDB.Tests.csproj::TargetFramework=net8.0]
__WORKSPACE__/artifacts_temp/audit-explorer/LiteDB.Tests/Engine/TransactionHandleRawCloseDependency_Tests.cs(33,35): warning xUnit1031: Test methods should not use blocking task operations, as they can cause deadlocks. Use an async test method and await instead. (https://xunit.net/xunit.analyzers/rules/xUnit1031) [__WORKSPACE__/artifacts_temp/audit-explorer/LiteDB.Tests/LiteDB.Tests.csproj::TargetFramework=net8.0]
__WORKSPACE__/artifacts_temp/audit-explorer/LiteDB.Tests/Issues/Issue2243ReferenceSchema_Tests.cs(21,13): warning xUnit2013: Do not use Assert.Equal() to check for collection size. Use Assert.Empty instead. (https://xunit.net/xunit.analyzers/rules/xUnit2013) [__WORKSPACE__/artifacts_temp/audit-explorer/LiteDB.Tests/LiteDB.Tests.csproj::TargetFramework=net8.0]
__WORKSPACE__/artifacts_temp/audit-explorer/LiteDB.Tests/Issues/Issue2243ReferenceSchema_Tests.cs(22,13): warning xUnit2013: Do not use Assert.Equal() to check for collection size. Use Assert.Empty instead. (https://xunit.net/xunit.analyzers/rules/xUnit2013) [__WORKSPACE__/artifacts_temp/audit-explorer/LiteDB.Tests/LiteDB.Tests.csproj::TargetFramework=net8.0]
__WORKSPACE__/artifacts_temp/audit-explorer/LiteDB.Tests/Issues/Issue2324_Tests.cs(64,33): warning xUnit1031: Test methods should not use blocking task operations, as they can cause deadlocks. Use an async test method and await instead. (https://xunit.net/xunit.analyzers/rules/xUnit1031) [__WORKSPACE__/artifacts_temp/audit-explorer/LiteDB.Tests/LiteDB.Tests.csproj::TargetFramework=net8.0]
__WORKSPACE__/artifacts_temp/audit-explorer/LiteDB.Tests/Engine/TransactionHandleMaintenanceProgress_Tests.cs(157,41): warning xUnit1031: Test methods should not use blocking task operations, as they can cause deadlocks. Use an async test method and await instead. (https://xunit.net/xunit.analyzers/rules/xUnit1031) [__WORKSPACE__/artifacts_temp/audit-explorer/LiteDB.Tests/LiteDB.Tests.csproj::TargetFramework=net8.0]
__WORKSPACE__/artifacts_temp/audit-explorer/LiteDB.Tests/Engine/TransactionHandleMaintenanceProgress_Tests.cs(190,31): warning xUnit1031: Test methods should not use blocking task operations, as they can cause deadlocks. Use an async test method and await instead. (https://xunit.net/xunit.analyzers/rules/xUnit1031) [__WORKSPACE__/artifacts_temp/audit-explorer/LiteDB.Tests/LiteDB.Tests.csproj::TargetFramework=net8.0]
__WORKSPACE__/artifacts_temp/audit-explorer/LiteDB.Tests/Engine/SharedDisposalFailure_Tests.cs(71,35): warning xUnit1031: Test methods should not use blocking task operations, as they can cause deadlocks. Use an async test method and await instead. (https://xunit.net/xunit.analyzers/rules/xUnit1031) [__WORKSPACE__/artifacts_temp/audit-explorer/LiteDB.Tests/LiteDB.Tests.csproj::TargetFramework=net8.0]
__WORKSPACE__/artifacts_temp/audit-explorer/LiteDB.Tests/Engine/SharedDisposalFailure_Tests.cs(72,54): warning xUnit1031: Test methods should not use blocking task operations, as they can cause deadlocks. Use an async test method and await instead. (https://xunit.net/xunit.analyzers/rules/xUnit1031) [__WORKSPACE__/artifacts_temp/audit-explorer/LiteDB.Tests/LiteDB.Tests.csproj::TargetFramework=net8.0]
__WORKSPACE__/artifacts_temp/audit-explorer/LiteDB.Tests/Engine/SharedDisposalFailure_Tests.cs(73,49): warning xUnit1031: Test methods should not use blocking task operations, as they can cause deadlocks. Use an async test method and await instead. (https://xunit.net/xunit.analyzers/rules/xUnit1031) [__WORKSPACE__/artifacts_temp/audit-explorer/LiteDB.Tests/LiteDB.Tests.csproj::TargetFramework=net8.0]
__WORKSPACE__/artifacts_temp/audit-explorer/LiteDB.Tests/Engine/SharedDisposalFailure_Tests.cs(93,37): warning xUnit1031: Test methods should not use blocking task operations, as they can cause deadlocks. Use an async test method and await instead. (https://xunit.net/xunit.analyzers/rules/xUnit1031) [__WORKSPACE__/artifacts_temp/audit-explorer/LiteDB.Tests/LiteDB.Tests.csproj::TargetFramework=net8.0]
__WORKSPACE__/artifacts_temp/audit-explorer/LiteDB.Tests/Engine/SharedDisposalFailure_Tests.cs(117,23): warning xUnit1031: Test methods should not use blocking task operations, as they can cause deadlocks. Use an async test method and await instead. (https://xunit.net/xunit.analyzers/rules/xUnit1031) [__WORKSPACE__/artifacts_temp/audit-explorer/LiteDB.Tests/LiteDB.Tests.csproj::TargetFramework=net8.0]
__WORKSPACE__/artifacts_temp/audit-explorer/LiteDB.Tests/Issues/Issue2848_Tests.cs(87,89): warning xUnit1031: Test methods should not use blocking task operations, as they can cause deadlocks. Use an async test method and await instead. (https://xunit.net/xunit.analyzers/rules/xUnit1031) [__WORKSPACE__/artifacts_temp/audit-explorer/LiteDB.Tests/LiteDB.Tests.csproj::TargetFramework=net8.0]
__WORKSPACE__/artifacts_temp/audit-explorer/LiteDB.Tests/Issues/Issue2814_Tests.cs(57,26): warning xUnit1031: Test methods should not use blocking task operations, as they can cause deadlocks. Use an async test method and await instead. (https://xunit.net/xunit.analyzers/rules/xUnit1031) [__WORKSPACE__/artifacts_temp/audit-explorer/LiteDB.Tests/LiteDB.Tests.csproj::TargetFramework=net8.0]
__WORKSPACE__/artifacts_temp/audit-explorer/LiteDB.Tests/Issues/Issue2814Admission_Tests.cs(56,78): warning xUnit1031: Test methods should not use blocking task operations, as they can cause deadlocks. Use an async test method and await instead. (https://xunit.net/xunit.analyzers/rules/xUnit1031) [__WORKSPACE__/artifacts_temp/audit-explorer/LiteDB.Tests/LiteDB.Tests.csproj::TargetFramework=net8.0]
__WORKSPACE__/artifacts_temp/audit-explorer/LiteDB.Tests/Issues/Issue2792SnapshotPublication_Tests.cs(65,57): warning xUnit1031: Test methods should not use blocking task operations, as they can cause deadlocks. Use an async test method and await instead. (https://xunit.net/xunit.analyzers/rules/xUnit1031) [__WORKSPACE__/artifacts_temp/audit-explorer/LiteDB.Tests/LiteDB.Tests.csproj::TargetFramework=net8.0]
__WORKSPACE__/artifacts_temp/audit-explorer/LiteDB.Tests/Issues/Issue2792SnapshotPublication_Tests.cs(66,37): warning xUnit1031: Test methods should not use blocking task operations, as they can cause deadlocks. Use an async test method and await instead. (https://xunit.net/xunit.analyzers/rules/xUnit1031) [__WORKSPACE__/artifacts_temp/audit-explorer/LiteDB.Tests/LiteDB.Tests.csproj::TargetFramework=net8.0]
__WORKSPACE__/artifacts_temp/audit-explorer/LiteDB.Tests/Issues/Issue2790ReaderLease_Tests.cs(43,37): warning xUnit1030: Test methods should not call ConfigureAwait(false), as it may bypass parallelization limits. Omit ConfigureAwait, or use ConfigureAwait(true) to avoid CA2007. (https://xunit.net/xunit.analyzers/rules/xUnit1030) [__WORKSPACE__/artifacts_temp/audit-explorer/LiteDB.Tests/LiteDB.Tests.csproj::TargetFramework=net8.0]
__WORKSPACE__/artifacts_temp/audit-explorer/LiteDB.Tests/Issues/Issue2792_Tests.cs(48,24): warning xUnit1031: Test methods should not use blocking task operations, as they can cause deadlocks. Use an async test method and await instead. (https://xunit.net/xunit.analyzers/rules/xUnit1031) [__WORKSPACE__/artifacts_temp/audit-explorer/LiteDB.Tests/LiteDB.Tests.csproj::TargetFramework=net8.0]
__WORKSPACE__/artifacts_temp/audit-explorer/LiteDB.Tests/Issues/Issue2792_Tests.cs(53,24): warning xUnit1031: Test methods should not use blocking task operations, as they can cause deadlocks. Use an async test method and await instead. (https://xunit.net/xunit.analyzers/rules/xUnit1031) [__WORKSPACE__/artifacts_temp/audit-explorer/LiteDB.Tests/LiteDB.Tests.csproj::TargetFramework=net8.0]
__WORKSPACE__/artifacts_temp/audit-explorer/LiteDB.Tests/Issues/Issue2792_Tests.cs(54,44): warning xUnit1031: Test methods should not use blocking task operations, as they can cause deadlocks. Use an async test method and await instead. (https://xunit.net/xunit.analyzers/rules/xUnit1031) [__WORKSPACE__/artifacts_temp/audit-explorer/LiteDB.Tests/LiteDB.Tests.csproj::TargetFramework=net8.0]
__WORKSPACE__/artifacts_temp/audit-explorer/LiteDB.Tests/Issues/Issue2792_Tests.cs(59,24): warning xUnit1031: Test methods should not use blocking task operations, as they can cause deadlocks. Use an async test method and await instead. (https://xunit.net/xunit.analyzers/rules/xUnit1031) [__WORKSPACE__/artifacts_temp/audit-explorer/LiteDB.Tests/LiteDB.Tests.csproj::TargetFramework=net8.0]
__WORKSPACE__/artifacts_temp/audit-explorer/LiteDB.Tests/Issues/Issue2792_Tests.cs(60,24): warning xUnit1031: Test methods should not use blocking task operations, as they can cause deadlocks. Use an async test method and await instead. (https://xunit.net/xunit.analyzers/rules/xUnit1031) [__WORKSPACE__/artifacts_temp/audit-explorer/LiteDB.Tests/LiteDB.Tests.csproj::TargetFramework=net8.0]
__WORKSPACE__/artifacts_temp/audit-explorer/LiteDB.Tests/Engine/TransactionHandleMaintenanceProgress_Tests.cs(81,32): warning xUnit1031: Test methods should not use blocking task operations, as they can cause deadlocks. Use an async test method and await instead. (https://xunit.net/xunit.analyzers/rules/xUnit1031) [__WORKSPACE__/artifacts_temp/audit-explorer/LiteDB.Tests/LiteDB.Tests.csproj::TargetFramework=net8.0]
__WORKSPACE__/artifacts_temp/audit-explorer/LiteDB.Tests/Engine/TransactionHandleMaintenanceProgress_Tests.cs(111,41): warning xUnit1031: Test methods should not use blocking task operations, as they can cause deadlocks. Use an async test method and await instead. (https://xunit.net/xunit.analyzers/rules/xUnit1031) [__WORKSPACE__/artifacts_temp/audit-explorer/LiteDB.Tests/LiteDB.Tests.csproj::TargetFramework=net8.0]
__WORKSPACE__/artifacts_temp/audit-explorer/LiteDB.Tests/Engine/TransactionHandleDisposeSafety_Tests.cs(250,55): warning xUnit1031: Test methods should not use blocking task operations, as they can cause deadlocks. Use an async test method and await instead. (https://xunit.net/xunit.analyzers/rules/xUnit1031) [__WORKSPACE__/artifacts_temp/audit-explorer/LiteDB.Tests/LiteDB.Tests.csproj::TargetFramework=net8.0]
__WORKSPACE__/artifacts_temp/audit-explorer/LiteDB.Tests/Engine/TransactionHandleAdmission_Tests.cs(83,37): warning xUnit1031: Test methods should not use blocking task operations, as they can cause deadlocks. Use an async test method and await instead. (https://xunit.net/xunit.analyzers/rules/xUnit1031) [__WORKSPACE__/artifacts_temp/audit-explorer/LiteDB.Tests/LiteDB.Tests.csproj::TargetFramework=net8.0]
__WORKSPACE__/artifacts_temp/audit-explorer/LiteDB.Tests/Engine/TransactionHandleAdmission_Tests.cs(84,112): warning xUnit1031: Test methods should not use blocking task operations, as they can cause deadlocks. Use an async test method and await instead. (https://xunit.net/xunit.analyzers/rules/xUnit1031) [__WORKSPACE__/artifacts_temp/audit-explorer/LiteDB.Tests/LiteDB.Tests.csproj::TargetFramework=net8.0]
__WORKSPACE__/artifacts_temp/audit-explorer/LiteDB.Tests/Engine/TransactionHandleAdmission_Tests.cs(85,62): warning xUnit1031: Test methods should not use blocking task operations, as they can cause deadlocks. Use an async test method and await instead. (https://xunit.net/xunit.analyzers/rules/xUnit1031) [__WORKSPACE__/artifacts_temp/audit-explorer/LiteDB.Tests/LiteDB.Tests.csproj::TargetFramework=net8.0]
__WORKSPACE__/artifacts_temp/audit-explorer/LiteDB.Tests/Engine/TransactionHandleContext_Tests.cs(24,46): warning CA1416: This call site is reachable on all platforms. 'WindowsIdentity.GetCurrent(bool)' is only supported on: 'windows'. (https://learn.microsoft.com/dotnet/fundamentals/code-analysis/quality-rules/ca1416) [__WORKSPACE__/artifacts_temp/audit-explorer/LiteDB.Tests/LiteDB.Tests.csproj::TargetFramework=net8.0]
__WORKSPACE__/artifacts_temp/audit-explorer/LiteDB.Tests/Engine/TransactionHandleAdmission_Tests.cs(130,37): warning xUnit1031: Test methods should not use blocking task operations, as they can cause deadlocks. Use an async test method and await instead. (https://xunit.net/xunit.analyzers/rules/xUnit1031) [__WORKSPACE__/artifacts_temp/audit-explorer/LiteDB.Tests/LiteDB.Tests.csproj::TargetFramework=net8.0]
__WORKSPACE__/artifacts_temp/audit-explorer/LiteDB.Tests/Engine/TransactionHandleAdmission_Tests.cs(131,57): warning xUnit1031: Test methods should not use blocking task operations, as they can cause deadlocks. Use an async test method and await instead. (https://xunit.net/xunit.analyzers/rules/xUnit1031) [__WORKSPACE__/artifacts_temp/audit-explorer/LiteDB.Tests/LiteDB.Tests.csproj::TargetFramework=net8.0]
  LiteDB.Tests -> __WORKSPACE__/artifacts_temp/audit-explorer/LiteDB.Tests/bin/Release/net8.0/LiteDB.Tests.dll
Test run for __WORKSPACE__/artifacts_temp/audit-explorer/LiteDB.Tests/bin/Release/net8.0/LiteDB.Tests.dll (.NETCoreApp,Version=v8.0)
A total of 1 test files matched the specified pattern.
[xUnit.net 00:00:16.66]     LiteDB.Tests.Engine.TransactionHandleInterleaving_Tests.Forced_concurrent_histories_preserve_transaction_contracts(shared: True, encrypted: False, schedule: 0, seed: 3034133) [FAIL]
  Failed LiteDB.Tests.Engine.TransactionHandleInterleaving_Tests.Forced_concurrent_histories_preserve_transaction_contracts(shared: True, encrypted: False, schedule: 0, seed: 3034133) [15 s]
  Error Message:
   System.TimeoutException : Worker stalled: A/insert-callback
  Stack Trace:
     at LiteDB.ConcurrencyTesting.ExplorerSchedule.CheckActors() in __WORKSPACE__/artifacts_temp/audit-explorer/LiteDB.Tests/Engine/ConcurrencyExplorer/ExplorerSchedule.cs:line 66
   at LiteDB.ConcurrencyTesting.ExplorerSchedule.Until(Func`1 condition, String reason) in __WORKSPACE__/artifacts_temp/audit-explorer/LiteDB.Tests/Engine/ConcurrencyExplorer/ExplorerSchedule.cs:line 51
   at LiteDB.ConcurrencyTesting.ExplorerSchedule.Actor.Complete(Work work) in __WORKSPACE__/artifacts_temp/audit-explorer/LiteDB.Tests/Engine/ConcurrencyExplorer/ExplorerSchedule.cs:line 133
   at LiteDB.ConcurrencyTesting.ExplorerSchedule.Actor.Run(String name, Action action) in __WORKSPACE__/artifacts_temp/audit-explorer/LiteDB.Tests/Engine/ConcurrencyExplorer/ExplorerSchedule.cs:line 134
   at LiteDB.ConcurrencyTesting.TransactionInterleavingExplorer.OverlapAndReaderTransfer(Int32 seed) in __WORKSPACE__/artifacts_temp/audit-explorer/LiteDB.Tests/Engine/ConcurrencyExplorer/TransactionInterleavingExplorer.cs:line 102
   at LiteDB.ConcurrencyTesting.TransactionInterleavingExplorer.Run(String file, Boolean shared, Boolean encrypted, Int32 schedule, Int32 seed) in __WORKSPACE__/artifacts_temp/audit-explorer/LiteDB.Tests/Engine/ConcurrencyExplorer/TransactionInterleavingExplorer.cs:line 39
--- End of stack trace from previous location ---
   at LiteDB.ConcurrencyTesting.TransactionInterleavingExplorer.Run(String file, Boolean shared, Boolean encrypted, Int32 schedule, Int32 seed) in __WORKSPACE__/artifacts_temp/audit-explorer/LiteDB.Tests/Engine/ConcurrencyExplorer/TransactionInterleavingExplorer.cs:line 72
   at LiteDB.Tests.Engine.TransactionHandleInterleaving_Tests.Forced_concurrent_histories_preserve_transaction_contracts(Boolean shared, Boolean encrypted, Int32 schedule, Int32 seed) in __WORKSPACE__/artifacts_temp/audit-explorer/LiteDB.Tests/Engine/TransactionHandleInterleaving_Tests.cs:line 28
   at InvokeStub_TransactionHandleInterleaving_Tests.Forced_concurrent_histories_preserve_transaction_contracts(Object, Span`1)
   at System.Reflection.MethodBaseInvoker.InvokeWithFewArgs(Object obj, BindingFlags invokeAttr, Binder binder, Object[] parameters, CultureInfo culture)
[xUnit.net 00:00:47.35]     LiteDB.Tests.Engine.TransactionHandleInterleaving_Tests.Forced_concurrent_histories_preserve_transaction_contracts(shared: True, encrypted: True, schedule: 19, seed: 3034152) [FAIL]
  Failed LiteDB.Tests.Engine.TransactionHandleInterleaving_Tests.Forced_concurrent_histories_preserve_transaction_contracts(shared: True, encrypted: True, schedule: 19, seed: 3034152) [30 s]
  Error Message:
   System.TimeoutException : Worker stalled: B/contended-begin
  Stack Trace:
     at LiteDB.ConcurrencyTesting.ExplorerSchedule.CheckActors() in __WORKSPACE__/artifacts_temp/audit-explorer/LiteDB.Tests/Engine/ConcurrencyExplorer/ExplorerSchedule.cs:line 66
   at LiteDB.ConcurrencyTesting.ExplorerSchedule.Until(Func`1 condition, String reason) in __WORKSPACE__/artifacts_temp/audit-explorer/LiteDB.Tests/Engine/ConcurrencyExplorer/ExplorerSchedule.cs:line 51
   at LiteDB.ConcurrencyTesting.ExplorerSchedule.Boundary.Wait() in __WORKSPACE__/artifacts_temp/audit-explorer/LiteDB.Tests/Engine/ConcurrencyExplorer/ExplorerSchedule.cs:line 153
   at LiteDB.ConcurrencyTesting.TransactionInterleavingExplorer.SharedAdmission(Int32 variant) in __WORKSPACE__/artifacts_temp/audit-explorer/LiteDB.Tests/Engine/ConcurrencyExplorer/TransactionInterleavingExplorer.cs:line 220
   at LiteDB.ConcurrencyTesting.TransactionInterleavingExplorer.Run(String file, Boolean shared, Boolean encrypted, Int32 schedule, Int32 seed) in __WORKSPACE__/artifacts_temp/audit-explorer/LiteDB.Tests/Engine/ConcurrencyExplorer/TransactionInterleavingExplorer.cs:line 40
--- End of stack trace from previous location ---
   at LiteDB.ConcurrencyTesting.TransactionInterleavingExplorer.Run(String file, Boolean shared, Boolean encrypted, Int32 schedule, Int32 seed) in __WORKSPACE__/artifacts_temp/audit-explorer/LiteDB.Tests/Engine/ConcurrencyExplorer/TransactionInterleavingExplorer.cs:line 72
   at LiteDB.Tests.Engine.TransactionHandleInterleaving_Tests.Forced_concurrent_histories_preserve_transaction_contracts(Boolean shared, Boolean encrypted, Int32 schedule, Int32 seed) in __WORKSPACE__/artifacts_temp/audit-explorer/LiteDB.Tests/Engine/TransactionHandleInterleaving_Tests.cs:line 28
   at InvokeStub_TransactionHandleInterleaving_Tests.Forced_concurrent_histories_preserve_transaction_contracts(Object, Span`1)
   at System.Reflection.MethodBaseInvoker.InvokeWithFewArgs(Object obj, BindingFlags invokeAttr, Binder binder, Object[] parameters, CultureInfo culture)
[xUnit.net 00:01:03.80]     LiteDB.Tests.Engine.TransactionHandleInterleaving_Tests.Forced_concurrent_histories_preserve_transaction_contracts(shared: True, encrypted: False, schedule: 8, seed: 3034141) [FAIL]
  Failed LiteDB.Tests.Engine.TransactionHandleInterleaving_Tests.Forced_concurrent_histories_preserve_transaction_contracts(shared: True, encrypted: False, schedule: 8, seed: 3034141) [15 s]
  Error Message:
   System.TimeoutException : Worker stalled: A/insert-callback
  Stack Trace:
     at LiteDB.ConcurrencyTesting.ExplorerSchedule.CheckActors() in __WORKSPACE__/artifacts_temp/audit-explorer/LiteDB.Tests/Engine/ConcurrencyExplorer/ExplorerSchedule.cs:line 66
   at LiteDB.ConcurrencyTesting.ExplorerSchedule.Until(Func`1 condition, String reason) in __WORKSPACE__/artifacts_temp/audit-explorer/LiteDB.Tests/Engine/ConcurrencyExplorer/ExplorerSchedule.cs:line 51
   at LiteDB.ConcurrencyTesting.ExplorerSchedule.Actor.Complete(Work work) in __WORKSPACE__/artifacts_temp/audit-explorer/LiteDB.Tests/Engine/ConcurrencyExplorer/ExplorerSchedule.cs:line 133
   at LiteDB.ConcurrencyTesting.ExplorerSchedule.Actor.Run(String name, Action action) in __WORKSPACE__/artifacts_temp/audit-explorer/LiteDB.Tests/Engine/ConcurrencyExplorer/ExplorerSchedule.cs:line 134
   at LiteDB.ConcurrencyTesting.TransactionInterleavingExplorer.OverlapAndReaderTransfer(Int32 seed) in __WORKSPACE__/artifacts_temp/audit-explorer/LiteDB.Tests/Engine/ConcurrencyExplorer/TransactionInterleavingExplorer.cs:line 102
   at LiteDB.ConcurrencyTesting.TransactionInterleavingExplorer.Run(String file, Boolean shared, Boolean encrypted, Int32 schedule, Int32 seed) in __WORKSPACE__/artifacts_temp/audit-explorer/LiteDB.Tests/Engine/ConcurrencyExplorer/TransactionInterleavingExplorer.cs:line 39
--- End of stack trace from previous location ---
   at LiteDB.ConcurrencyTesting.TransactionInterleavingExplorer.Run(String file, Boolean shared, Boolean encrypted, Int32 schedule, Int32 seed) in __WORKSPACE__/artifacts_temp/audit-explorer/LiteDB.Tests/Engine/ConcurrencyExplorer/TransactionInterleavingExplorer.cs:line 72
   at LiteDB.Tests.Engine.TransactionHandleInterleaving_Tests.Forced_concurrent_histories_preserve_transaction_contracts(Boolean shared, Boolean encrypted, Int32 schedule, Int32 seed) in __WORKSPACE__/artifacts_temp/audit-explorer/LiteDB.Tests/Engine/TransactionHandleInterleaving_Tests.cs:line 28
   at InvokeStub_TransactionHandleInterleaving_Tests.Forced_concurrent_histories_preserve_transaction_contracts(Object, Span`1)
   at System.Reflection.MethodBaseInvoker.InvokeWithFewArgs(Object obj, BindingFlags invokeAttr, Binder binder, Object[] parameters, CultureInfo culture)
[xUnit.net 00:01:19.07]     LiteDB.Tests.Engine.TransactionHandleInterleaving_Tests.Forced_concurrent_histories_preserve_transaction_contracts(shared: True, encrypted: False, schedule: 5, seed: 3034138) [FAIL]
  Failed LiteDB.Tests.Engine.TransactionHandleInterleaving_Tests.Forced_concurrent_histories_preserve_transaction_contracts(shared: True, encrypted: False, schedule: 5, seed: 3034138) [15 s]
  Error Message:
   System.TimeoutException : Worker stalled: A/insert-callback
  Stack Trace:
     at LiteDB.ConcurrencyTesting.ExplorerSchedule.CheckActors() in __WORKSPACE__/artifacts_temp/audit-explorer/LiteDB.Tests/Engine/ConcurrencyExplorer/ExplorerSchedule.cs:line 66
   at LiteDB.ConcurrencyTesting.ExplorerSchedule.Until(Func`1 condition, String reason) in __WORKSPACE__/artifacts_temp/audit-explorer/LiteDB.Tests/Engine/ConcurrencyExplorer/ExplorerSchedule.cs:line 51
   at LiteDB.ConcurrencyTesting.ExplorerSchedule.Actor.Run(String name, Action action) in __WORKSPACE__/artifacts_temp/audit-explorer/LiteDB.Tests/Engine/ConcurrencyExplorer/ExplorerSchedule.cs:line 134
   at LiteDB.ConcurrencyTesting.TransactionInterleavingExplorer.OverlapAndReaderTransfer(Int32 seed) in __WORKSPACE__/artifacts_temp/audit-explorer/LiteDB.Tests/Engine/ConcurrencyExplorer/TransactionInterleavingExplorer.cs:line 102
   at LiteDB.ConcurrencyTesting.TransactionInterleavingExplorer.Run(String file, Boolean shared, Boolean encrypted, Int32 schedule, Int32 seed) in __WORKSPACE__/artifacts_temp/audit-explorer/LiteDB.Tests/Engine/ConcurrencyExplorer/TransactionInterleavingExplorer.cs:line 39
--- End of stack trace from previous location ---
   at LiteDB.ConcurrencyTesting.TransactionInterleavingExplorer.Run(String file, Boolean shared, Boolean encrypted, Int32 schedule, Int32 seed) in __WORKSPACE__/artifacts_temp/audit-explorer/LiteDB.Tests/Engine/ConcurrencyExplorer/TransactionInterleavingExplorer.cs:line 72
   at LiteDB.Tests.Engine.TransactionHandleInterleaving_Tests.Forced_concurrent_histories_preserve_transaction_contracts(Boolean shared, Boolean encrypted, Int32 schedule, Int32 seed) in __WORKSPACE__/artifacts_temp/audit-explorer/LiteDB.Tests/Engine/TransactionHandleInterleaving_Tests.cs:line 28
   at InvokeStub_TransactionHandleInterleaving_Tests.Forced_concurrent_histories_preserve_transaction_contracts(Object, Span`1)
   at System.Reflection.MethodBaseInvoker.InvokeWithFewArgs(Object obj, BindingFlags invokeAttr, Binder binder, Object[] parameters, CultureInfo culture)
[xUnit.net 00:01:34.19]     LiteDB.Tests.Engine.TransactionHandleInterleaving_Tests.Forced_concurrent_histories_preserve_transaction_contracts(shared: True, encrypted: False, schedule: 1, seed: 3034134) [FAIL]
  Failed LiteDB.Tests.Engine.TransactionHandleInterleaving_Tests.Forced_concurrent_histories_preserve_transaction_contracts(shared: True, encrypted: False, schedule: 1, seed: 3034134) [15 s]
  Error Message:
   System.TimeoutException : Worker stalled: A/insert-callback
  Stack Trace:
     at LiteDB.ConcurrencyTesting.ExplorerSchedule.CheckActors() in __WORKSPACE__/artifacts_temp/audit-explorer/LiteDB.Tests/Engine/ConcurrencyExplorer/ExplorerSchedule.cs:line 66
   at LiteDB.ConcurrencyTesting.ExplorerSchedule.Until(Func`1 condition, String reason) in __WORKSPACE__/artifacts_temp/audit-explorer/LiteDB.Tests/Engine/ConcurrencyExplorer/ExplorerSchedule.cs:line 51
   at LiteDB.ConcurrencyTesting.TransactionInterleavingExplorer.OverlapAndReaderTransfer(Int32 seed) in __WORKSPACE__/artifacts_temp/audit-explorer/LiteDB.Tests/Engine/ConcurrencyExplorer/TransactionInterleavingExplorer.cs:line 102
   at LiteDB.ConcurrencyTesting.TransactionInterleavingExplorer.Run(String file, Boolean shared, Boolean encrypted, Int32 schedule, Int32 seed) in __WORKSPACE__/artifacts_temp/audit-explorer/LiteDB.Tests/Engine/ConcurrencyExplorer/TransactionInterleavingExplorer.cs:line 39
--- End of stack trace from previous location ---
   at LiteDB.ConcurrencyTesting.TransactionInterleavingExplorer.Run(String file, Boolean shared, Boolean encrypted, Int32 schedule, Int32 seed) in __WORKSPACE__/artifacts_temp/audit-explorer/LiteDB.Tests/Engine/ConcurrencyExplorer/TransactionInterleavingExplorer.cs:line 72
   at LiteDB.Tests.Engine.TransactionHandleInterleaving_Tests.Forced_concurrent_histories_preserve_transaction_contracts(Boolean shared, Boolean encrypted, Int32 schedule, Int32 seed) in __WORKSPACE__/artifacts_temp/audit-explorer/LiteDB.Tests/Engine/TransactionHandleInterleaving_Tests.cs:line 28
   at InvokeStub_TransactionHandleInterleaving_Tests.Forced_concurrent_histories_preserve_transaction_contracts(Object, Span`1)
   at System.Reflection.MethodBaseInvoker.InvokeWithFewArgs(Object obj, BindingFlags invokeAttr, Binder binder, Object[] parameters, CultureInfo culture)
[xUnit.net 00:01:51.76]     LiteDB.Tests.Engine.TransactionHandleInterleaving_Tests.Forced_concurrent_histories_preserve_transaction_contracts(shared: True, encrypted: False, schedule: 9, seed: 3034142) [FAIL]
  Failed LiteDB.Tests.Engine.TransactionHandleInterleaving_Tests.Forced_concurrent_histories_preserve_transaction_contracts(shared: True, encrypted: False, schedule: 9, seed: 3034142) [15 s]
  Error Message:
   System.InvalidOperationException : A: insert-callback
---- System.TimeoutException : Unreleased boundary A inside bound input callback
  Stack Trace:
     at LiteDB.ConcurrencyTesting.ExplorerSchedule.CheckActors() in __WORKSPACE__/artifacts_temp/audit-explorer/LiteDB.Tests/Engine/ConcurrencyExplorer/ExplorerSchedule.cs:line 64
   at LiteDB.ConcurrencyTesting.ExplorerSchedule.Until(Func`1 condition, String reason) in __WORKSPACE__/artifacts_temp/audit-explorer/LiteDB.Tests/Engine/ConcurrencyExplorer/ExplorerSchedule.cs:line 51
   at LiteDB.ConcurrencyTesting.TransactionInterleavingExplorer.OverlapAndReaderTransfer(Int32 seed) in __WORKSPACE__/artifacts_temp/audit-explorer/LiteDB.Tests/Engine/ConcurrencyExplorer/TransactionInterleavingExplorer.cs:line 102
   at LiteDB.ConcurrencyTesting.TransactionInterleavingExplorer.Run(String file, Boolean shared, Boolean encrypted, Int32 schedule, Int32 seed) in __WORKSPACE__/artifacts_temp/audit-explorer/LiteDB.Tests/Engine/ConcurrencyExplorer/TransactionInterleavingExplorer.cs:line 39
--- End of stack trace from previous location ---
   at LiteDB.ConcurrencyTesting.TransactionInterleavingExplorer.Run(String file, Boolean shared, Boolean encrypted, Int32 schedule, Int32 seed) in __WORKSPACE__/artifacts_temp/audit-explorer/LiteDB.Tests/Engine/ConcurrencyExplorer/TransactionInterleavingExplorer.cs:line 72
   at LiteDB.Tests.Engine.TransactionHandleInterleaving_Tests.Forced_concurrent_histories_preserve_transaction_contracts(Boolean shared, Boolean encrypted, Int32 schedule, Int32 seed) in __WORKSPACE__/artifacts_temp/audit-explorer/LiteDB.Tests/Engine/TransactionHandleInterleaving_Tests.cs:line 28
   at InvokeStub_TransactionHandleInterleaving_Tests.Forced_concurrent_histories_preserve_transaction_contracts(Object, Span`1)
   at System.Reflection.MethodBaseInvoker.InvokeWithFewArgs(Object obj, BindingFlags invokeAttr, Binder binder, Object[] parameters, CultureInfo culture)
----- Inner Stack Trace -----
   at LiteDB.ConcurrencyTesting.ExplorerSchedule.Boundary.Hit() in __WORKSPACE__/artifacts_temp/audit-explorer/LiteDB.Tests/Engine/ConcurrencyExplorer/ExplorerSchedule.cs:line 150
   at LiteDB.ConcurrencyTesting.TransactionInterleavingExplorer.Input(Boundary boundary, Int32 id, Int32 value)+MoveNext() in __WORKSPACE__/artifacts_temp/audit-explorer/LiteDB.Tests/Engine/ConcurrencyExplorer/TransactionInterleavingExplorer.cs:line 78
   at LiteDB.LiteCollection`1.GetBsonDocs(IEnumerable`1 documents)+MoveNext() in __WORKSPACE__/artifacts_temp/audit-explorer/LiteDB/Client/Database/Collections/Insert.cs:line 65
   at LiteDB.Engine.LiteEngine.<>c__DisplayClass34_0.<Insert>b__0(TransactionService transaction) in __WORKSPACE__/artifacts_temp/audit-explorer/LiteDB/Engine/Engine/Insert.cs:line 31
   at LiteDB.Engine.LiteEngine.ExecuteAutoTransaction[T](Func`2 fn, Boolean write) in __WORKSPACE__/artifacts_temp/audit-explorer/LiteDB/Engine/Engine/Transaction.cs:line 103
   at LiteDB.Engine.LiteEngine.Insert(String collection, IEnumerable`1 docs, BsonAutoId autoId) in __WORKSPACE__/artifacts_temp/audit-explorer/LiteDB/Engine/Engine/Insert.cs:line 21
   at LiteDB.EngineFacade.<>c__DisplayClass11_0.<Insert>b__0() in __WORKSPACE__/artifacts_temp/audit-explorer/LiteDB/Client/Transactions/EngineFacade.cs:line 21
   at LiteDB.LiteTransaction.Dispatch[T](Func`1 action, Boolean authorizeEngine) in __WORKSPACE__/artifacts_temp/audit-explorer/LiteDB/Client/Transactions/LiteTransaction.cs:line 111
   at LiteDB.TransactionEngine.Invoke[T](Func`1 action) in __WORKSPACE__/artifacts_temp/audit-explorer/LiteDB/Client/Transactions/TransactionEngine.cs:line 11
   at LiteDB.EngineFacade.Insert(String collection, IEnumerable`1 docs, BsonAutoId autoId) in __WORKSPACE__/artifacts_temp/audit-explorer/LiteDB/Client/Transactions/EngineFacade.cs:line 21
   at LiteDB.SessionEngine.Insert(String collection, IEnumerable`1 docs, BsonAutoId autoId) in __WORKSPACE__/artifacts_temp/audit-explorer/LiteDB/Client/Transactions/SessionEngine.cs:line 37
   at LiteDB.LiteCollection`1.Insert(IEnumerable`1 entities) in __WORKSPACE__/artifacts_temp/audit-explorer/LiteDB/Client/Database/Collections/Insert.cs:line 46
   at LiteDB.TransactionCollection`1.<>c__DisplayClass22_0.<Insert>b__0() in __WORKSPACE__/artifacts_temp/audit-explorer/LiteDB/Client/Transactions/TransactionCollection.cs:line 30
   at LiteDB.LiteTransaction.RunCore[T](Func`1 action) in __WORKSPACE__/artifacts_temp/audit-explorer/LiteDB/Client/Transactions/LiteTransaction.cs:line 89
   at LiteDB.LiteTransaction.Run[T](Func`1 action, Action validate) in __WORKSPACE__/artifacts_temp/audit-explorer/LiteDB/Client/Transactions/LiteTransaction.cs:line 74
   at LiteDB.TransactionCollection`1.Insert(IEnumerable`1 entities) in __WORKSPACE__/artifacts_temp/audit-explorer/LiteDB/Client/Transactions/TransactionCollection.cs:line 30
   at LiteDB.ConcurrencyTesting.TransactionInterleavingExplorer.<>c__DisplayClass15_0.<OverlapAndReaderTransfer>b__1() in __WORKSPACE__/artifacts_temp/audit-explorer/LiteDB.Tests/Engine/ConcurrencyExplorer/TransactionInterleavingExplorer.cs:line 89
   at LiteDB.ConcurrencyTesting.ExplorerSchedule.Actor.<>c__DisplayClass6_0.<Invoke>b__0() in __WORKSPACE__/artifacts_temp/audit-explorer/LiteDB.Tests/Engine/ConcurrencyExplorer/ExplorerSchedule.cs:line 122
Attempting to cancel the build...
