START transaction-interleavings seed=233 count=1 worker=0
FAIL transaction-interleavings seed=233 artifacts=__WORKSPACE__/artifacts_temp/audit-explorer/artifacts_temp/explorer-fuzz-known-cycle-replay/20260930-193222-transaction-interleavings-s233-w0-rbddf6dbf
FUZZ FAILURE transaction-interleavings seed=233 step=1
System.InvalidOperationException: Oracle: ordinary same-file callback entered native self-wait (candidate merge blocker)
   at LiteDB.ConcurrencyTesting.ExplorerDatabase.Require(Boolean condition, String message) in __WORKSPACE__/artifacts_temp/audit-explorer/LiteDB.Tests/Engine/ConcurrencyExplorer/ExplorerDatabase.cs:line 40
   at LiteDB.ConcurrencyTesting.ExplorerOrdinaryCallbacks.Run(ExplorerSchedule schedule, ExplorerDatabase model, ExplorerDatabase other, List`1 resources, Actor actor, Actor cleanup, Int32 variant) in __WORKSPACE__/artifacts_temp/audit-explorer/LiteDB.Tests/Engine/ConcurrencyExplorer/ExplorerOrdinaryCallbacks.cs:line 75
   at LiteDB.ConcurrencyTesting.TransactionInterleavingExplorer.Run(String file, Boolean shared, Boolean encrypted, Int32 schedule, Int32 seed) in __WORKSPACE__/artifacts_temp/audit-explorer/LiteDB.Tests/Engine/ConcurrencyExplorer/TransactionInterleavingExplorer.cs:line 51
--- End of stack trace from previous location ---
   at LiteDB.ConcurrencyTesting.TransactionInterleavingExplorer.Run(String file, Boolean shared, Boolean encrypted, Int32 schedule, Int32 seed) in __WORKSPACE__/artifacts_temp/audit-explorer/LiteDB.Tests/Engine/ConcurrencyExplorer/TransactionInterleavingExplorer.cs:line 95
   at LiteDB.Fuzz.Targets.TransactionInterleavingFuzzer.RunAsync(FuzzContext context) in __WORKSPACE__/artifacts_temp/audit-explorer/LiteDB.Fuzz/Targets/TransactionInterleavingFuzzer.cs:line 24
   at LiteDB.Fuzz.Program.<>c__DisplayClass2_0.<RunAsync>b__0() in __WORKSPACE__/artifacts_temp/audit-explorer/LiteDB.Fuzz/Program.cs:line 123
   at System.Threading.Tasks.Task`1.InnerInvoke()
   at System.Threading.ExecutionContext.RunFromThreadPoolDispatchLoop(Thread threadPoolThread, ExecutionContext executionContext, ContextCallback callback, Object state)
--- End of stack trace from previous location ---
   at System.Threading.ExecutionContext.RunFromThreadPoolDispatchLoop(Thread threadPoolThread, ExecutionContext executionContext, ContextCallback callback, Object state)
   at System.Threading.Tasks.Task.ExecuteWithThreadLocal(Task& currentTaskSlot, Thread threadPoolThread)
--- End of stack trace from previous location ---
   at LiteDB.Fuzz.Program.RunAsync(IFuzzTarget target, FuzzOptions options, Int32 worker) in __WORKSPACE__/artifacts_temp/audit-explorer/LiteDB.Fuzz/Program.cs:line 123
FUZZ SUMMARY: 0 passed, 0 known/expected, 1 blocking failures
FAIL transaction-interleavings seed=233 artifacts=__WORKSPACE__/artifacts_temp/audit-explorer/artifacts_temp/explorer-fuzz-known-cycle-replay/20260930-193222-transaction-interleavings-s233-w0-rbddf6dbf
