{"type":"configuration","timestamp":"2026-09-29T07:08:14.6089025+00:00","payload":{"useProjectReference":true,"liteDBPackageVersion":"6.0.0-prerelease.319"}}
{"type":"log","timestamp":"2026-09-29T07:08:14.6717208+00:00","level":"Information","text":"LiteDB 0.0.0-detached\u002B899b5acc56dcf16ee76d92ae71f606d6e51b8f59 loaded from $SCRATCH/ob3027/against/head/LiteDB.dll"}
{"type":"log","timestamp":"2026-09-29T07:08:14.9510683+00:00","level":"Information","text":"Setup: rows 1-10 are in the data file on the device (57344 bytes); the log now answers every sync with EINVAL"}
{"type":"log","timestamp":"2026-09-29T07:08:14.9728445+00:00","level":"Information","text":"Checkpoint with durable commits=false: 11 pages; the log refused 2 syncs; 12 writes to the data file"}
{"type":"log","timestamp":"2026-09-29T07:08:14.9737694+00:00","level":"Information","text":"At the data sync after the overwrite the log held 117 writes (journal and WAL) in the OS cache only; its device image is 122880 bytes"}
{"type":"log","timestamp":"2026-09-29T07:08:14.9752306+00:00","level":"Information","text":"Power loss after write 1 of 11 torn (8192 bytes at 0): intact, rows [1-10]"}
{"type":"log","timestamp":"2026-09-29T07:08:14.9761779+00:00","level":"Information","text":"Power loss after write 1 of 11 (8192 bytes at 0): intact, rows [1-10]"}
{"type":"log","timestamp":"2026-09-29T07:08:14.9782292+00:00","level":"Information","text":"Power loss after write 2 of 11 torn (8192 bytes at 16384): PageChecksumException: Checksum mismatch in Data file at position 16384."}
{"type":"log","timestamp":"2026-09-29T07:08:14.9797736+00:00","level":"Information","text":"Power loss after write 2 of 11 (8192 bytes at 16384): LiteException: get only index below highest index"}
{"type":"log","timestamp":"2026-09-29T07:08:14.9804515+00:00","level":"Information","text":"Power loss after write 3 of 11 torn (8192 bytes at 49152): PageChecksumException: Checksum mismatch in Data file at position 49152."}
{"type":"log","timestamp":"2026-09-29T07:08:14.9813278+00:00","level":"Information","text":"Power loss after write 3 of 11 (8192 bytes at 49152): EndOfStreamException: The stream ended before the requested data was read."}
{"type":"log","timestamp":"2026-09-29T07:08:14.9821629+00:00","level":"Information","text":"Power loss after write 4 of 11 torn (8192 bytes at 24576): EndOfStreamException: The stream ended before the requested data was read."}
{"type":"log","timestamp":"2026-09-29T07:08:14.9828817+00:00","level":"Information","text":"Power loss after write 4 of 11 (8192 bytes at 24576): EndOfStreamException: The stream ended before the requested data was read."}
{"type":"log","timestamp":"2026-09-29T07:08:14.9834775+00:00","level":"Information","text":"Power loss after write 5 of 11 torn (8192 bytes at 8192): EndOfStreamException: The stream ended before the requested data was read."}
{"type":"log","timestamp":"2026-09-29T07:08:14.9841722+00:00","level":"Information","text":"Power loss after write 5 of 11 (8192 bytes at 8192): EndOfStreamException: The stream ended before the requested data was read."}
{"type":"log","timestamp":"2026-09-29T07:08:14.9849471+00:00","level":"Information","text":"Power loss after write 6 of 11 torn (8192 bytes at 40960): EndOfStreamException: The stream ended before the requested data was read."}
{"type":"log","timestamp":"2026-09-29T07:08:14.9859078+00:00","level":"Information","text":"Power loss after write 6 of 11 (8192 bytes at 40960): EndOfStreamException: The stream ended before the requested data was read."}
{"type":"log","timestamp":"2026-09-29T07:08:14.9869051+00:00","level":"Information","text":"Power loss after write 7 of 11 torn (8192 bytes at 57344): PageChecksumException: Checksum mismatch in Data file at position 57344."}
{"type":"log","timestamp":"2026-09-29T07:08:14.9878264+00:00","level":"Information","text":"Power loss after write 7 of 11 (8192 bytes at 57344): EndOfStreamException: The stream ended before the requested data was read."}
{"type":"log","timestamp":"2026-09-29T07:08:14.9886748+00:00","level":"Information","text":"Power loss after write 8 of 11 torn (8192 bytes at 65536): PageChecksumException: Checksum mismatch in Data file at position 65536."}
{"type":"log","timestamp":"2026-09-29T07:08:14.9895978+00:00","level":"Information","text":"Power loss after write 8 of 11 (8192 bytes at 65536): EndOfStreamException: The stream ended before the requested data was read."}
{"type":"log","timestamp":"2026-09-29T07:08:14.9906463+00:00","level":"Information","text":"Power loss after write 9 of 11 torn (8192 bytes at 73728): PageChecksumException: Checksum mismatch in Data file at position 73728."}
{"type":"log","timestamp":"2026-09-29T07:08:14.9917008+00:00","level":"Information","text":"Power loss after write 9 of 11 (8192 bytes at 73728): EndOfStreamException: The stream ended before the requested data was read."}
{"type":"log","timestamp":"2026-09-29T07:08:14.9926921+00:00","level":"Information","text":"Power loss after write 10 of 11 torn (8192 bytes at 81920): PageChecksumException: Checksum mismatch in Data file at position 81920."}
{"type":"log","timestamp":"2026-09-29T07:08:14.9936683+00:00","level":"Information","text":"Power loss after write 10 of 11 (8192 bytes at 81920): EndOfStreamException: The stream ended before the requested data was read."}
{"type":"log","timestamp":"2026-09-29T07:08:14.9947201+00:00","level":"Information","text":"Power loss after write 11 of 11 torn (8192 bytes at 90112): PageChecksumException: Checksum mismatch in Data file at position 90112."}
{"type":"log","timestamp":"2026-09-29T07:08:14.9966116+00:00","level":"Information","text":"Power loss after write 11 of 11 (8192 bytes at 90112): intact, rows [1-30]"}
{"type":"result","timestamp":"2026-09-29T07:08:14.9970934+00:00","text":"REPRODUCED: with durable commits=false on a log that cannot sync (EINVAL), a checkpoint (11 pages) overwrote the data file in place behind a header journal and WAL only in the OS cache: 6 of its 11 writes overwrote bytes the device held, and 19 of the 22 images a power loss mid-overwrite leaves do not hold rows 1-10 intact (first: after write 2 of 11 torn (8192 bytes at 16384): PageChecksumException: Checksum mismatch in Data file at position 16384.)","success":true}
