  Determining projects to restore...
__WORKSPACE__/temporary/pr133-review-shared-final/LiteDB/LiteDB.csproj : warning NU1510: PackageReference System.ComponentModel.TypeConverter will not be pruned. This package is automatically available and does not need to be referenced explicitly. Remove the PackageReference item. [__WORKSPACE__/temporary/pr133-review-shared-final/LiteDB.Tests/LiteDB.Tests.csproj]
  All projects are up-to-date for restore.
__WORKSPACE__/temporary/pr133-review-shared-final/LiteDB/LiteDB.csproj : warning NU1510: PackageReference System.ComponentModel.TypeConverter will not be pruned. This package is automatically available and does not need to be referenced explicitly. Remove the PackageReference item. [TargetFramework=net8.0]
__WORKSPACE__/temporary/pr133-review-shared-final/LiteDB/Client/Mapper/BsonMapper.Deserialize.cs(27,39): warning CS8632: The annotation for nullable reference types should only be used in code within a '#nullable' annotations context. [__WORKSPACE__/temporary/pr133-review-shared-final/LiteDB/LiteDB.csproj::TargetFramework=net8.0]
__WORKSPACE__/temporary/pr133-review-shared-final/LiteDB/Engine/Disk/Streams/AesStream.cs(97,27): warning SYSLIB0041: 'Rfc2898DeriveBytes.Rfc2898DeriveBytes(string, byte[])' is obsolete: 'The default hash algorithm and iteration counts in Rfc2898DeriveBytes constructors are outdated and insecure. Use a constructor that accepts the hash algorithm and the number of iterations.' (https://aka.ms/dotnet-warnings/SYSLIB0041) [__WORKSPACE__/temporary/pr133-review-shared-final/LiteDB/LiteDB.csproj::TargetFramework=net8.0]
__WORKSPACE__/temporary/pr133-review-shared-final/LiteDB/Engine/FileReader/Legacy/AesEncryption.cs(21,23): warning SYSLIB0041: 'Rfc2898DeriveBytes.Rfc2898DeriveBytes(string, byte[])' is obsolete: 'The default hash algorithm and iteration counts in Rfc2898DeriveBytes constructors are outdated and insecure. Use a constructor that accepts the hash algorithm and the number of iterations.' (https://aka.ms/dotnet-warnings/SYSLIB0041) [__WORKSPACE__/temporary/pr133-review-shared-final/LiteDB/LiteDB.csproj::TargetFramework=net8.0]
__WORKSPACE__/temporary/pr133-review-shared-final/LiteDB/Engine/FileReader/FileReaderV8.cs(23,29): warning CS0649: Field 'FileReaderV8.PageInfo.PageType' is never assigned to, and will always have its default value [__WORKSPACE__/temporary/pr133-review-shared-final/LiteDB/LiteDB.csproj::TargetFramework=net8.0]
__WORKSPACE__/temporary/pr133-review-shared-final/LiteDB/Engine/LiteEngine.cs(228,37): warning CS1734: XML comment on 'LiteEngine.InvalidDatafileState' has a paramref tag for 'checkpoint', but there is no parameter by that name [__WORKSPACE__/temporary/pr133-review-shared-final/LiteDB/LiteDB.csproj::TargetFramework=net8.0]
__WORKSPACE__/temporary/pr133-review-shared-final/LiteDB/Engine/LiteEngine.cs(231,42): warning CS1734: XML comment on 'LiteEngine.InvalidDatafileState' has a paramref tag for 'final', but there is no parameter by that name [__WORKSPACE__/temporary/pr133-review-shared-final/LiteDB/LiteDB.csproj::TargetFramework=net8.0]
__WORKSPACE__/temporary/pr133-review-shared-final/LiteDB/Client/Coordinated/CoordinatorClient.Snapshots.cs(376,42): warning CS1573: Parameter 'engine' has no matching param tag in the XML comment for 'CoordinatorClient.Snapshot.Snapshot(LiteEngine, IDisposable, int, CoordinatorStatus)' (but other parameters do) [__WORKSPACE__/temporary/pr133-review-shared-final/LiteDB/LiteDB.csproj::TargetFramework=net8.0]
__WORKSPACE__/temporary/pr133-review-shared-final/LiteDB/Client/Coordinated/CoordinatorClient.Snapshots.cs(376,62): warning CS1573: Parameter 'lease' has no matching param tag in the XML comment for 'CoordinatorClient.Snapshot.Snapshot(LiteEngine, IDisposable, int, CoordinatorStatus)' (but other parameters do) [__WORKSPACE__/temporary/pr133-review-shared-final/LiteDB/LiteDB.csproj::TargetFramework=net8.0]
__WORKSPACE__/temporary/pr133-review-shared-final/LiteDB/Client/Coordinated/CoordinatorClient.Snapshots.cs(376,73): warning CS1573: Parameter 'version' has no matching param tag in the XML comment for 'CoordinatorClient.Snapshot.Snapshot(LiteEngine, IDisposable, int, CoordinatorStatus)' (but other parameters do) [__WORKSPACE__/temporary/pr133-review-shared-final/LiteDB/LiteDB.csproj::TargetFramework=net8.0]
__WORKSPACE__/temporary/pr133-review-shared-final/LiteDB/Client/Coordinated/CoordinatorStatusPage.cs(145,51): warning CA1416: This call site is reachable on all platforms. 'File.SetUnixFileMode(string, UnixFileMode)' is unsupported on: 'windows'. (https://learn.microsoft.com/dotnet/fundamentals/code-analysis/quality-rules/ca1416) [__WORKSPACE__/temporary/pr133-review-shared-final/LiteDB/LiteDB.csproj::TargetFramework=net8.0]
__WORKSPACE__/temporary/pr133-review-shared-final/LiteDB/Client/Coordinated/CoordinatorStatusPage.cs(138,24): warning CA1416: This call site is reachable on all platforms. 'File.GetUnixFileMode(string)' is unsupported on: 'windows'. (https://learn.microsoft.com/dotnet/fundamentals/code-analysis/quality-rules/ca1416) [__WORKSPACE__/temporary/pr133-review-shared-final/LiteDB/LiteDB.csproj::TargetFramework=net8.0]
__WORKSPACE__/temporary/pr133-review-shared-final/LiteDB/Client/Coordinated/CoordinatorStatusPage.cs(133,17): warning CA1416: This call site is reachable on all platforms. 'Directory.CreateDirectory(string, UnixFileMode)' is unsupported on: 'windows'. (https://learn.microsoft.com/dotnet/fundamentals/code-analysis/quality-rules/ca1416) [__WORKSPACE__/temporary/pr133-review-shared-final/LiteDB/LiteDB.csproj::TargetFramework=net8.0]
__WORKSPACE__/temporary/pr133-review-shared-final/LiteDB/Client/Coordinated/CoordinatorStatusPage.cs(115,57): warning CA1416: This call site is reachable on all platforms. 'File.GetUnixFileMode(string)' is unsupported on: 'windows'. (https://learn.microsoft.com/dotnet/fundamentals/code-analysis/quality-rules/ca1416) [__WORKSPACE__/temporary/pr133-review-shared-final/LiteDB/LiteDB.csproj::TargetFramework=net8.0]
__WORKSPACE__/temporary/pr133-review-shared-final/LiteDB/Client/Coordinated/CoordinatorStatusPage.cs(170,27): warning CA1416: This call site is reachable on all platforms. 'FileStreamOptions.UnixCreateMode.set' is unsupported on: 'windows'. (https://learn.microsoft.com/dotnet/fundamentals/code-analysis/quality-rules/ca1416) [__WORKSPACE__/temporary/pr133-review-shared-final/LiteDB/LiteDB.csproj::TargetFramework=net8.0]
  LiteDB -> __WORKSPACE__/temporary/pr133-review-shared-final/LiteDB/bin/Release/net8.0/LiteDB.dll
  SharedMutexHarness -> __WORKSPACE__/temporary/pr133-review-shared-final/LiteDB.Tests.SharedMutexHarness/bin/Release/net8.0/SharedMutexHarness.dll
  LiteDB.Tests -> __WORKSPACE__/temporary/pr133-review-shared-final/LiteDB.Tests/bin/Release/net8.0/LiteDB.Tests.dll
Test run for __WORKSPACE__/temporary/pr133-review-shared-final/LiteDB.Tests/bin/Release/net8.0/LiteDB.Tests.dll (.NETCoreApp,Version=v8.0)
A total of 1 test files matched the specified pattern.
[xUnit.net 00:00:11.94]     LiteDB.Tests.Engine.TransactionHandleSharedPinCancellation_Tests.Closing_cancels_pin_acquisition_without_releasing_another_facades_owner(encrypted: True) [FAIL]
  Failed LiteDB.Tests.Engine.TransactionHandleSharedPinCancellation_Tests.Closing_cancels_pin_acquisition_without_releasing_another_facades_owner(encrypted: True) [11 s]
  Error Message:
   System.TimeoutException : Session close is still draining active work. New work is refused; cleanup will finish when that work returns. Dispose may be retried to observe completion.
  Stack Trace:
     at LiteDB.SessionLifetime.Close(Action release, Nullable`1 wait) in __WORKSPACE__/temporary/pr133-review-shared-final/LiteDB/Client/Transactions/SessionLifetime.cs:line 120
   at LiteDB.LiteDatabase.Dispose(Boolean disposing) in __WORKSPACE__/temporary/pr133-review-shared-final/LiteDB/Client/Database/LiteDatabase.cs:line 425
   at LiteDB.LiteDatabase.Dispose() in __WORKSPACE__/temporary/pr133-review-shared-final/LiteDB/Client/Database/LiteDatabase.cs:line 414
   at LiteDB.Tests.Engine.TransactionHandleSharedPinCancellation_Tests.Closing_cancels_pin_acquisition_without_releasing_another_facades_owner(Boolean encrypted) in __WORKSPACE__/temporary/pr133-review-shared-final/LiteDB.Tests/Engine/TransactionHandleSharedPinCancellation_Tests.cs:line 55
   at System.RuntimeMethodHandle.InvokeMethod(Object target, Void** arguments, Signature sig, Boolean isConstructor)
   at System.Reflection.MethodBaseInvoker.InvokeDirectByRefWithFewArgs(Object obj, Span`1 copyOfArgs, BindingFlags invokeAttr)
[xUnit.net 00:00:22.65]     LiteDB.Tests.Engine.TransactionHandleSharedPinCancellation_Tests.Closing_cancels_pin_acquisition_without_releasing_another_facades_owner(encrypted: False) [FAIL]
  Failed LiteDB.Tests.Engine.TransactionHandleSharedPinCancellation_Tests.Closing_cancels_pin_acquisition_without_releasing_another_facades_owner(encrypted: False) [10 s]
  Error Message:
   System.TimeoutException : Session close is still draining active work. New work is refused; cleanup will finish when that work returns. Dispose may be retried to observe completion.
  Stack Trace:
     at LiteDB.SessionLifetime.Close(Action release, Nullable`1 wait) in __WORKSPACE__/temporary/pr133-review-shared-final/LiteDB/Client/Transactions/SessionLifetime.cs:line 120
   at LiteDB.LiteDatabase.Dispose(Boolean disposing) in __WORKSPACE__/temporary/pr133-review-shared-final/LiteDB/Client/Database/LiteDatabase.cs:line 425
   at LiteDB.LiteDatabase.Dispose() in __WORKSPACE__/temporary/pr133-review-shared-final/LiteDB/Client/Database/LiteDatabase.cs:line 414
   at LiteDB.Tests.Engine.TransactionHandleSharedPinCancellation_Tests.Closing_cancels_pin_acquisition_without_releasing_another_facades_owner(Boolean encrypted) in __WORKSPACE__/temporary/pr133-review-shared-final/LiteDB.Tests/Engine/TransactionHandleSharedPinCancellation_Tests.cs:line 55
   at InvokeStub_TransactionHandleSharedPinCancellation_Tests.Closing_cancels_pin_acquisition_without_releasing_another_facades_owner(Object, Span`1)
   at System.Reflection.MethodBaseInvoker.InvokeWithOneArg(Object obj, BindingFlags invokeAttr, Binder binder, Object[] parameters, CultureInfo culture)
Results File: __WORKSPACE__/temporary/pr133-review-shared-final/LiteDB.Tests/TestResults/review-pin-mutant-net8.trx

Failed!  - Failed:     2, Passed:     0, Skipped:     0, Total:     2, Duration: 21 s - LiteDB.Tests.dll (net8.0)
